192.168.1.15 - rquintanilla [12/Sep/2021:05:16:40 -0500] "CONNECT sb.scorecardresearch.com:443 HTTP/1.1" 200 0 "HTTPS" "outgoing via 192.168.50.30"
192.168.1.15 - rquintanilla [12/Sep/2021:05:16:40 -0500] "GET http://detectportal.firefox.com/canonical.html HTTP/1.1" 200 444 "HTTP" ""
192.168.1.15 - rquintanilla [12/Sep/2021:05:16:40 -0500] "GET http://detectportal.firefox.com/success.txt?ipv4 HTTP/1.1" 200 362 "HTTP" ""
192.168.1.15 - rquintanilla [12/Sep/2021:05:16:41 -0500] "CONNECT mail.google.com:443 HTTP/1.1" 200 0 "HTTPS" "outgoing via 192.168.50.30"
192.168.1.15 - rquintanilla [12/Sep/2021:05:16:42 -0500] "CONNECT mail.google.com:443 HTTP/1.1" 200 0 "HTTPS" "outgoing via 192.168.50.30"
192.168.10.20 - arodriguez [12/Sep/2021:05:16:43 -0500] "CONNECT relay-89970c8c.net.anydesk.com:80 HTTP/1.1" 200 0 "HTTPS" "outgoing via 192.168.50.30"
192.168.1.15 - rquintanilla [12/Sep/2021:05:16:44 -0500] "CONNECT mail.google.com:443 HTTP/1.1" 200 0 "HTTPS" "outgoing via 192.168.50.30"
192.168.1.15 - rquintanilla [12/Sep/2021:05:16:50 -0500] "CONNECT sb.scorecardresearch.com:443 HTTP/1.1" 200 0 "HTTPS" "outgoing via 192.168.50.30"
192.168.1.15 - rquintanilla [12/Sep/2021:05:16:51 -0500] "GET http://detectportal.firefox.com/canonical.html HTTP/1.1" 200 444 "HTTP" ""
192.168.1.15 - rquintanilla [12/Sep/2021:05:16:51 -0500] "CONNECT sb.scorecardresearch.com:443 HTTP/1.1" 200 0 "HTTPS" "outgoing via 192.168.50.30"
192.168.1.15 - rquintanilla [12/Sep/2021:05:16:51 -0500] "GET http://detectportal.firefox.com/success.txt?ipv4 HTTP/1.1" 200 362 "HTTP" ""
192.168.1.15 - rquintanilla [12/Sep/2021:05:17:00 -0500] "CONNECT 0.1.0.1:1001 HTTP/1.1" 200 0 "HTTPS" "outgoing via 192.168.50.30"
192.168.1.15 - rquintanilla [12/Sep/2021:05:17:02 -0500] "CONNECT www.facebook.com:443 HTTP/1.1" 200 0 "HTTPS" "outgoing via 192.168.50.30"
192.168.1.15 - rquintanilla [12/Sep/2021:05:17:02 -0500] "POST http://ocsp.digicert.com/ HTTP/1.1" 200 946 "HTTP" ""
192.168.1.15 - rquintanilla [12/Sep/2021:05:17:03 -0500] "CONNECT static.xx.fbcdn.net:443 HTTP/1.1" 200 0 "HTTPS" "outgoing via 192.168.50.30"
192.168.1.15 - rquintanilla [12/Sep/2021:05:17:03 -0500] "CONNECT static.xx.fbcdn.net:443 HTTP/1.1" 200 0 "HTTPS" "outgoing via 192.168.50.30"
192.168.1.15 - rquintanilla [12/Sep/2021:05:17:03 -0500] "CONNECT static.xx.fbcdn.net:443 HTTP/1.1" 200 0 "HTTPS" "outgoing via 192.168.50.30"
192.168.1.15 - rquintanilla [12/Sep/2021:05:17:03 -0500] "CONNECT static.xx.fbcdn.net:443 HTTP/1.1" 200 0 "HTTPS" "outgoing via 192.168.50.30"
192.168.1.15 - rquintanilla [12/Sep/2021:05:17:03 -0500] "CONNECT facebook.com:443 HTTP/1.1" 200 0 "HTTPS" "outgoing via 192.168.50.30"
192.168.1.15 - rquintanilla [12/Sep/2021:05:17:05 -0500] "CONNECT static.xx.fbcdn.net:443 HTTP/1.1" 200 0 "HTTPS" "outgoing via 192.168.50.30"
192.168.1.15 - rquintanilla [12/Sep/2021:05:17:05 -0500] "CONNECT safebrowsing.googleapis.com:443 HTTP/1.1" 200 0 "HTTPS" "outgoing via 192.168.50.30"
192.168.1.15 - rquintanilla [12/Sep/2021:05:17:06 -0500] "CONNECT sb.scorecardresearch.com:443 HTTP/1.1" 200 0 "HTTPS" "outgoing via 192.168.50.30"
192.168.1.15 - rquintanilla [12/Sep/2021:05:17:06 -0500] "GET http://detectportal.firefox.com/canonical.html HTTP/1.1" 200 444 "HTTP" ""
192.168.1.15 - rquintanilla [12/Sep/2021:05:17:06 -0500] "GET http://detectportal.firefox.com/success.txt?ipv4 HTTP/1.1" 200 362 "HTTP" ""
192.168.1.15 - rquintanilla [12/Sep/2021:05:17:06 -0500] "CONNECT www.facebook.com:443 HTTP/1.1" 200 0 "HTTPS" "outgoing via 192.168.50.30"
192.168.1.15 - rquintanilla [12/Sep/2021:05:17:06 -0500] "CONNECT cx.atdmt.com:443 HTTP/1.1" 200 0 "HTTPS" "outgoing via 192.168.50.30"
192.168.1.15 - rquintanilla [12/Sep/2021:05:17:06 -0500] "POST http://ocsp.digicert.com/ HTTP/1.1" 200 947 "HTTP" ""
192.168.10.20 - arodriguez [12/Sep/2021:05:17:12 -0500] "CONNECT relay-89970c8c.net.anydesk.com:80 HTTP/1.1" 200 0 "HTTPS" "outgoing via 192.168.50.30"
192.168.1.15 - rquintanilla [12/Sep/2021:05:17:19 -0500] "CONNECT scontent-mia3-2.xx.fbcdn.net:443 HTTP/1.1" 200 0 "HTTPS" "outgoing via 192.168.50.30"
192.168.1.15 - rquintanilla [12/Sep/2021:05:17:21 -0500] "CONNECT scontent-mia3-2.xx.fbcdn.net:443 HTTP/1.1" 200 0 "HTTPS" "outgoing via 192.168.50.30"
192.168.1.15 - rquintanilla [12/Sep/2021:05:17:21 -0500] "CONNECT scontent-mia3-1.xx.fbcdn.net:443 HTTP/1.1" 200 0 "HTTPS" "outgoing via 192.168.50.30"
192.168.1.15 - rquintanilla [12/Sep/2021:05:17:21 -0500] "CONNECT scontent-mia3-1.xx.fbcdn.net:443 HTTP/1.1" 200 0 "HTTPS" "outgoing via 192.168.50.30"
192.168.1.15 - rquintanilla [12/Sep/2021:05:17:21 -0500] "CONNECT scontent-mia3-1.xx.fbcdn.net:443 HTTP/1.1" 200 0 "HTTPS" "outgoing via 192.168.50.30"
192.168.1.15 - rquintanilla [12/Sep/2021:05:17:21 -0500] "CONNECT scontent-mia3-2.xx.fbcdn.net:443 HTTP/1.1" 200 0 "HTTPS" "outgoing via 192.168.50.30"
192.168.1.15 - rquintanilla [12/Sep/2021:05:17:21 -0500] "CONNECT scontent-mia3-2.xx.fbcdn.net:443 HTTP/1.1" 200 0 "HTTPS" "outgoing via 192.168.50.30"
192.168.1.15 - rquintanilla [12/Sep/2021:05:17:21 -0500] "CONNECT scontent-mia3-2.xx.fbcdn.net:443 HTTP/1.1" 200 0 "HTTPS" "outgoing via 192.168.50.30"
192.168.1.15 - rquintanilla [12/Sep/2021:05:17:21 -0500] "CONNECT scontent-mia3-2.xx.fbcdn.net:443 HTTP/1.1" 200 0 "HTTPS" "outgoing via 192.168.50.30"
192.168.1.15 - rquintanilla [12/Sep/2021:05:17:21 -0500] "CONNECT scontent-mia3-1.xx.fbcdn.net:443 HTTP/1.1" 200 0 "HTTPS" "outgoing via 192.168.50.30"
192.168.1.15 - rquintanilla [12/Sep/2021:05:17:21 -0500] "CONNECT scontent-mia3-1.xx.fbcdn.net:443 HTTP/1.1" 200 0 "HTTPS" "outgoing via 192.168.50.30"
192.168.1.15 - rquintanilla [12/Sep/2021:05:17:21 -0500] "CONNECT scontent-mia3-1.xx.fbcdn.net:443 HTTP/1.1" 200 0 "HTTPS" "outgoing via 192.168.50.30"
192.168.1.15 - rquintanilla [12/Sep/2021:05:17:22 -0500] "POST http://ocsp.digicert.com/ HTTP/1.1" 200 947 "HTTP" ""
192.168.1.15 - rquintanilla [12/Sep/2021:05:17:22 -0500] "POST http://ocsp.digicert.com/ HTTP/1.1" 200 946 "HTTP" ""
192.168.1.15 - rquintanilla [12/Sep/2021:05:17:22 -0500] "POST http://ocsp.digicert.com/ HTTP/1.1" 200 946 "HTTP" ""
192.168.1.15 - rquintanilla [12/Sep/2021:05:17:22 -0500] "POST http://ocsp.digicert.com/ HTTP/1.1" 200 946 "HTTP" ""
192.168.1.15 - rquintanilla [12/Sep/2021:05:17:22 -0500] "POST http://ocsp.digicert.com/ HTTP/1.1" 200 946 "HTTP" ""
192.168.1.15 - rquintanilla [12/Sep/2021:05:17:29 -0500] "CONNECT mail.google.com:443 HTTP/1.1" 200 0 "HTTPS" "outgoing via 192.168.50.30"
192.168.1.15 - rquintanilla [12/Sep/2021:05:17:30 -0500] "CONNECT edge-chat.facebook.com:443 HTTP/1.1" 200 0 "HTTPS" "outgoing via 192.168.50.30"
192.168.1.15 - rquintanilla [12/Sep/2021:05:17:30 -0500] "CONNECT scontent.xx.fbcdn.net:443 HTTP/1.1" 200 0 "HTTPS" "outgoing via 192.168.50.30"
192.168.1.15 - rquintanilla [12/Sep/2021:05:17:31 -0500] "CONNECT mail.google.com:443 HTTP/1.1" 200 0 "HTTPS" "outgoing via 192.168.50.30"
192.168.1.15 - rquintanilla [12/Sep/2021:05:17:33 -0500] "CONNECT gateway.facebook.com:443 HTTP/1.1" 200 0 "HTTPS" "outgoing via 192.168.50.30"
192.168.1.15 - rquintanilla [12/Sep/2021:05:17:33 -0500] "CONNECT 0.1.0.1:1001 HTTP/1.1" 200 0 "HTTPS" "outgoing via 192.168.50.30"
192.168.1.15 - rquintanilla [12/Sep/2021:05:17:33 -0500] "CONNECT safebrowsing.googleapis.com:443 HTTP/1.1" 200 0 "HTTPS" "outgoing via 192.168.50.30"
192.168.1.15 - rquintanilla [12/Sep/2021:05:17:36 -0500] "CONNECT mail.google.com:443 HTTP/1.1" 200 0 "HTTPS" "outgoing via 192.168.50.30"
192.168.1.15 - rquintanilla [12/Sep/2021:05:17:38 -0500] "CONNECT scontent.xx.fbcdn.net:443 HTTP/1.1" 200 0 "HTTPS" "outgoing via 192.168.50.30"
192.168.1.15 - rquintanilla [12/Sep/2021:05:17:38 -0500] "CONNECT scontent.xx.fbcdn.net:443 HTTP/1.1" 200 0 "HTTPS" "outgoing via 192.168.50.30"
192.168.1.15 - rquintanilla [12/Sep/2021:05:17:38 -0500] "CONNECT scontent.xx.fbcdn.net:443 HTTP/1.1" 200 0 "HTTPS" "outgoing via 192.168.50.30"
192.168.1.15 - rquintanilla [12/Sep/2021:05:17:38 -0500] "CONNECT scontent.xx.fbcdn.net:443 HTTP/1.1" 200 0 "HTTPS" "outgoing via 192.168.50.30"
192.168.1.15 - rquintanilla [12/Sep/2021:05:17:38 -0500] "CONNECT scontent.xx.fbcdn.net:443 HTTP/1.1" 200 0 "HTTPS" "outgoing via 192.168.50.30"
192.168.1.15 - rquintanilla [12/Sep/2021:05:17:40 -0500] "CONNECT mail.google.com:443 HTTP/1.1" 200 0 "HTTPS" "outgoing via 192.168.50.30"
192.168.10.20 - arodriguez [12/Sep/2021:05:17:40 -0500] "CONNECT relay-89970c8c.net.anydesk.com:80 HTTP/1.1" 200 0 "HTTPS" "outgoing via 192.168.50.30"
192.168.1.15 - rquintanilla [12/Sep/2021:05:17:42 -0500] "CONNECT googleads.g.doubleclick.net:443 HTTP/1.1" 200 0 "HTTPS" "outgoing via 192.168.50.30"
192.168.1.15 - rquintanilla [12/Sep/2021:05:17:44 -0500] "CONNECT aus5.mozilla.org:443 HTTP/1.1" 200 0 "HTTPS" "outgoing via 192.168.50.30"
192.168.1.15 - rquintanilla [12/Sep/2021:05:17:44 -0500] "CONNECT mail.google.com:443 HTTP/1.1" 200 0 "HTTPS" "outgoing via 192.168.50.30"
192.168.1.15 - rquintanilla [12/Sep/2021:05:17:45 -0500] "GET http://detectportal.firefox.com/canonical.html HTTP/1.1" 200 444 "HTTP" ""
192.168.1.15 - rquintanilla [12/Sep/2021:05:17:45 -0500] "POST http://ocsp.digicert.com/ HTTP/1.1" 200 947 "HTTP" ""
192.168.1.15 - rquintanilla [12/Sep/2021:05:17:48 -0500] "GET http://detectportal.firefox.com/success.txt?ipv4 HTTP/1.1" 200 362 "HTTP" ""
192.168.1.15 - rquintanilla [12/Sep/2021:05:17:49 -0500] "CONNECT mail.google.com:443 HTTP/1.1" 200 0 "HTTPS" "outgoing via 192.168.50.30"
192.168.1.15 - rquintanilla [12/Sep/2021:05:17:49 -0500] "CONNECT safebrowsing.googleapis.com:443 HTTP/1.1" 200 0 "HTTPS" "outgoing via 192.168.50.30"
192.168.1.15 - rquintanilla [12/Sep/2021:05:17:53 -0500] "CONNECT mail.google.com:443 HTTP/1.1" 200 0 "HTTPS" "outgoing via 192.168.50.30"
192.168.10.20 - arodriguez [12/Sep/2021:05:17:54 -0500] "CONNECT relay-49726057.net.anydesk.com:80 HTTP/1.1" 200 0 "HTTPS" "outgoing via 192.168.50.30"
192.168.1.15 - rquintanilla [12/Sep/2021:05:17:54 -0500] "CONNECT mail.google.com:443 HTTP/1.1" 200 0 "HTTPS" "outgoing via 192.168.50.30"
192.168.1.15 - rquintanilla [12/Sep/2021:05:18:12 -0500] "CONNECT 0.1.0.1:1001 HTTP/1.1" 200 0 "HTTPS" "outgoing via 192.168.50.30"
192.168.10.20 - arodriguez [12/Sep/2021:05:18:23 -0500] "CONNECT relay-49726057.net.anydesk.com:80 HTTP/1.1" 200 0 "HTTPS" "outgoing via 192.168.50.30"
192.168.1.15 - rquintanilla [12/Sep/2021:05:18:29 -0500] "CONNECT mail.google.com:443 HTTP/1.1" 200 0 "HTTPS" "outgoing via 192.168.50.30"
192.168.1.15 - rquintanilla [12/Sep/2021:05:18:30 -0500] "CONNECT mail.google.com:443 HTTP/1.1" 200 0 "HTTPS" "outgoing via 192.168.50.30"
192.168.1.15 - rquintanilla [12/Sep/2021:05:18:31 -0500] "CONNECT mail.google.com:443 HTTP/1.1" 200 0 "HTTPS" "outgoing via 192.168.50.30"
192.168.1.15 - rquintanilla [12/Sep/2021:05:18:32 -0500] "CONNECT mail.google.com:443 HTTP/1.1" 200 0 "HTTPS" "outgoing via 192.168.50.30"
192.168.1.15 - rquintanilla [12/Sep/2021:05:18:34 -0500] "CONNECT mail.google.com:443 HTTP/1.1" 200 0 "HTTPS" "outgoing via 192.168.50.30"
192.168.1.15 - rquintanilla [12/Sep/2021:05:18:35 -0500] "CONNECT mail.google.com:443 HTTP/1.1" 200 0 "HTTPS" "outgoing via 192.168.50.30"
192.168.50.220 - servidores [12/Sep/2021:05:18:39 -0500] "CONNECT mirrors.fedoraproject.org:443 HTTP/1.1" 200 0 "HTTPS" "outgoing via 192.168.50.30"
192.168.1.15 - rquintanilla [12/Sep/2021:05:18:41 -0500] "CONNECT incoming.telemetry.mozilla.org:443 HTTP/1.1" 200 0 "HTTPS" "outgoing via 192.168.50.30"
192.168.50.220 - servidores [12/Sep/2021:05:18:47 -0500] "CONNECT repo.ius.io:443 HTTP/1.1" 200 0 "HTTPS" "outgoing via 192.168.50.30"
192.168.50.220 - servidores [12/Sep/2021:05:18:49 -0500] "CONNECT download.postgresql.org:443 HTTP/1.1" 200 0 "HTTPS" "outgoing via 192.168.50.30"
192.168.10.20 - arodriguez [12/Sep/2021:05:18:52 -0500] "CONNECT relay-49726057.net.anydesk.com:80 HTTP/1.1" 200 0 "HTTPS" "outgoing via 192.168.50.30"
192.168.1.15 - rquintanilla [12/Sep/2021:05:18:55 -0500] "CONNECT 0.1.0.1:1001 HTTP/1.1" 200 0 "HTTPS" "outgoing via 192.168.50.30"
192.168.50.220 - servidores [12/Sep/2021:05:19:07 -0500] "CONNECT download.postgresql.org:443 HTTP/1.1" 200 0 "HTTPS" "outgoing via 192.168.50.30"
192.168.50.220 - servidores [12/Sep/2021:05:19:12 -0500] "CONNECT mirrors.chroot.ro:443 HTTP/1.1" 200 0 "HTTPS" "outgoing via 192.168.50.30"
192.168.50.220 - servidores [12/Sep/2021:05:19:14 -0500] "CONNECT download.rethinkdb.com:443 HTTP/1.1" 200 0 "HTTPS" "outgoing via 192.168.50.30"
192.168.50.220 - servidores [12/Sep/2021:05:19:15 -0500] "GET http://mirror.ueb.edu.ec/centos/7.9.2009/extras/x86_64/repodata/repomd.xml HTTP/1.1" 200 3477 "HTTP" ""
192.168.10.20 - arodriguez [12/Sep/2021:05:19:21 -0500] "CONNECT relay-49726057.net.anydesk.com:80 HTTP/1.1" 200 0 "HTTPS" "outgoing via 192.168.50.30"
192.168.1.15 - rquintanilla [12/Sep/2021:05:19:22 -0500] "POST http://ocsp.digicert.com/ HTTP/1.1" 200 947 "HTTP" ""
192.168.1.15 - rquintanilla [12/Sep/2021:05:19:22 -0500] "POST http://ocsp.digicert.com/ HTTP/1.1" 200 947 "HTTP" ""
192.168.1.15 - rquintanilla [12/Sep/2021:05:19:22 -0500] "POST http://ocsp.digicert.com/ HTTP/1.1" 200 947 "HTTP" ""
192.168.1.15 - rquintanilla [12/Sep/2021:05:19:22 -0500] "POST http://ocsp.digicert.com/ HTTP/1.1" 200 947 "HTTP" ""
192.168.1.15 - rquintanilla [12/Sep/2021:05:19:29 -0500] "CONNECT mail.google.com:443 HTTP/1.1" 200 0 "HTTPS" "outgoing via 192.168.50.30"
192.168.1.15 - rquintanilla [12/Sep/2021:05:19:30 -0500] "CONNECT mail.google.com:443 HTTP/1.1" 200 0 "HTTPS" "outgoing via 192.168.50.30"
192.168.1.15 - rquintanilla [12/Sep/2021:05:19:31 -0500] "CONNECT mail.google.com:443 HTTP/1.1" 200 0 "HTTPS" "outgoing via 192.168.50.30"
192.168.1.15 - rquintanilla [12/Sep/2021:05:19:32 -0500] "CONNECT mail.google.com:443 HTTP/1.1" 200 0 "HTTPS" "outgoing via 192.168.50.30"
192.168.1.15 - rquintanilla [12/Sep/2021:05:19:34 -0500] "CONNECT mail.google.com:443 HTTP/1.1" 200 0 "HTTPS" "outgoing via 192.168.50.30"
192.168.1.15 - rquintanilla [12/Sep/2021:05:19:35 -0500] "CONNECT mail.google.com:443 HTTP/1.1" 200 0 "HTTPS" "outgoing via 192.168.50.30"
192.168.1.15 - rquintanilla [12/Sep/2021:05:19:43 -0500] "CONNECT 0.1.0.1:1001 HTTP/1.1" 200 0 "HTTPS" "outgoing via 192.168.50.30"
192.168.10.20 - arodriguez [12/Sep/2021:05:19:50 -0500] "CONNECT relay-49726057.net.anydesk.com:80 HTTP/1.1" 200 0 "HTTPS" "outgoing via 192.168.50.30"
192.168.50.50 - servidores [12/Sep/2021:05:19:55 -0500] "CONNECT mirrors.fedoraproject.org:443 HTTP/1.1" 200 0 "HTTPS" "outgoing via 192.168.50.30"
192.168.10.20 - arodriguez [12/Sep/2021:05:20:03 -0500] "CONNECT relay-89970c8c.net.anydesk.com:80 HTTP/1.1" 200 0 "HTTPS" "outgoing via 192.168.50.30"
192.168.50.50 - servidores [12/Sep/2021:05:20:07 -0500] "GET http://rpms.remirepo.net/enterprise/7/remi/x86_64/repodata/repomd.xml HTTP/1.1" 200 3511 "HTTP" ""
192.168.50.50 - servidores [12/Sep/2021:05:20:08 -0500] "GET http://rpms.remirepo.net/enterprise/7/php56/x86_64/repodata/repomd.xml HTTP/1.1" 200 3498 "HTTP" ""
192.168.50.50 - servidores [12/Sep/2021:05:20:08 -0500] "GET http://rpms.remirepo.net/enterprise/7/php73/x86_64/repodata/repomd.xml HTTP/1.1" 200 3498 "HTTP" ""
192.168.50.50 - servidores [12/Sep/2021:05:20:08 -0500] "GET http://mirror.facom.ufms.br/centos/7.9.2009/os/x86_64/repodata/repomd.xml HTTP/1.1" 200 4236 "HTTP" ""
192.168.1.15 - rquintanilla [12/Sep/2021:05:20:23 -0500] "CONNECT contile.services.mozilla.com:443 HTTP/1.1" 200 0 "HTTPS" "outgoing via 192.168.50.30"
192.168.1.15 - rquintanilla [12/Sep/2021:05:20:29 -0500] "CONNECT mail.google.com:443 HTTP/1.1" 200 0 "HTTPS" "outgoing via 192.168.50.30"
192.168.1.15 - rquintanilla [12/Sep/2021:05:20:29 -0500] "CONNECT search.yahoo.com:443 HTTP/1.1" 200 0 "HTTPS" "outgoing via 192.168.50.30"
192.168.1.15 - rquintanilla [12/Sep/2021:05:20:30 -0500] "CONNECT mail.google.com:443 HTTP/1.1" 200 0 "HTTPS" "outgoing via 192.168.50.30"
192.168.1.15 - rquintanilla [12/Sep/2021:05:20:31 -0500] "CONNECT mail.google.com:443 HTTP/1.1" 200 0 "HTTPS" "outgoing via 192.168.50.30"
192.168.10.20 - arodriguez [12/Sep/2021:05:20:32 -0500] "CONNECT relay-89970c8c.net.anydesk.com:80 HTTP/1.1" 200 0 "HTTPS" "outgoing via 192.168.50.30"
192.168.1.15 - rquintanilla [12/Sep/2021:05:20:32 -0500] "CONNECT mail.google.com:443 HTTP/1.1" 200 0 "HTTPS" "outgoing via 192.168.50.30"
192.168.1.15 - rquintanilla [12/Sep/2021:05:20:34 -0500] "CONNECT mail.google.com:443 HTTP/1.1" 200 0 "HTTPS" "outgoing via 192.168.50.30"
192.168.1.15 - rquintanilla [12/Sep/2021:05:20:35 -0500] "CONNECT mail.google.com:443 HTTP/1.1" 200 0 "HTTPS" "outgoing via 192.168.50.30"
192.168.1.15 - rquintanilla [12/Sep/2021:05:20:36 -0500] "CONNECT 0.1.0.1:1001 HTTP/1.1" 200 0 "HTTPS" "outgoing via 192.168.50.30"
192.168.1.15 - rquintanilla [12/Sep/2021:05:20:38 -0500] "CONNECT external-mia3-2.xx.fbcdn.net:443 HTTP/1.1" 200 0 "HTTPS" "outgoing via 192.168.50.30"
192.168.10.20 - arodriguez [12/Sep/2021:05:21:01 -0500] "CONNECT relay-89970c8c.net.anydesk.com:80 HTTP/1.1" 200 0 "HTTPS" "outgoing via 192.168.50.30"
192.168.10.20 - arodriguez [12/Sep/2021:05:21:15 -0500] "CONNECT relay-8897650c.net.anydesk.com:80 HTTP/1.1" 200 0 "HTTPS" "outgoing via 192.168.50.30"
192.168.1.15 - rquintanilla [12/Sep/2021:05:21:29 -0500] "CONNECT mail.google.com:443 HTTP/1.1" 200 0 "HTTPS" "outgoing via 192.168.50.30"
192.168.1.15 - rquintanilla [12/Sep/2021:05:21:30 -0500] "CONNECT mail.google.com:443 HTTP/1.1" 200 0 "HTTPS" "outgoing via 192.168.50.30"
192.168.1.15 - rquintanilla [12/Sep/2021:05:21:31 -0500] "CONNECT mail.google.com:443 HTTP/1.1" 200 0 "HTTPS" "outgoing via 192.168.50.30"
192.168.1.15 - rquintanilla [12/Sep/2021:05:21:34 -0500] "CONNECT mail.google.com:443 HTTP/1.1" 200 0 "HTTPS" "outgoing via 192.168.50.30"
192.168.1.15 - rquintanilla [12/Sep/2021:05:21:35 -0500] "CONNECT 0.1.0.1:1001 HTTP/1.1" 200 0 "HTTPS" "outgoing via 192.168.50.30"
192.168.1.15 - rquintanilla [12/Sep/2021:05:21:37 -0500] "CONNECT mail.google.com:443 HTTP/1.1" 200 0 "HTTPS" "outgoing via 192.168.50.30"
192.168.1.15 - rquintanilla [12/Sep/2021:05:21:38 -0500] "CONNECT mail.google.com:443 HTTP/1.1" 200 0 "HTTPS" "outgoing via 192.168.50.30"
192.168.10.20 - arodriguez [12/Sep/2021:05:21:43 -0500] "CONNECT relay-8897650c.net.anydesk.com:80 HTTP/1.1" 200 0 "HTTPS" "outgoing via 192.168.50.30"
192.168.1.15 - rquintanilla [12/Sep/2021:05:21:44 -0500] "CONNECT normandy.cdn.mozilla.net:443 HTTP/1.1" 200 0 "HTTPS" "outgoing via 192.168.50.30"
192.168.1.15 - rquintanilla [12/Sep/2021:05:21:45 -0500] "CONNECT classify-client.services.mozilla.com:443 HTTP/1.1" 200 0 "HTTPS" "outgoing via 192.168.50.30"
192.168.1.15 - rquintanilla [12/Sep/2021:05:21:47 -0500] "CONNECT content-signature-2.cdn.mozilla.net:443 HTTP/1.1" 200 0 "HTTPS" "outgoing via 192.168.50.30"
192.168.3.21 - rodolfo [12/Sep/2021:05:21:52 -0500] "CONNECT safebrowsing.googleapis.com:443 HTTP/1.1" 200 0 "HTTPS" "outgoing via 192.168.50.30"
192.168.10.20 - arodriguez [12/Sep/2021:05:22:13 -0500] "CONNECT relay-8897650c.net.anydesk.com:80 HTTP/1.1" 200 0 "HTTPS" "outgoing via 192.168.50.30"
192.168.1.15 - rquintanilla [12/Sep/2021:05:22:27 -0500] "CONNECT incoming.telemetry.mozilla.org:443 HTTP/1.1" 200 0 "HTTPS" "outgoing via 192.168.50.30"
192.168.1.15 - rquintanilla [12/Sep/2021:05:22:29 -0500] "CONNECT mail.google.com:443 HTTP/1.1" 200 0 "HTTPS" "outgoing via 192.168.50.30"
192.168.1.15 - rquintanilla [12/Sep/2021:05:22:30 -0500] "CONNECT mail.google.com:443 HTTP/1.1" 200 0 "HTTPS" "outgoing via 192.168.50.30"
192.168.1.15 - rquintanilla [12/Sep/2021:05:22:32 -0500] "CONNECT mail.google.com:443 HTTP/1.1" 200 0 "HTTPS" "outgoing via 192.168.50.30"
192.168.1.15 - rquintanilla [12/Sep/2021:05:22:34 -0500] "CONNECT mail.google.com:443 HTTP/1.1" 200 0 "HTTPS" "outgoing via 192.168.50.30"
192.168.1.15 - rquintanilla [12/Sep/2021:05:22:35 -0500] "CONNECT mail.google.com:443 HTTP/1.1" 200 0 "HTTPS" "outgoing via 192.168.50.30"
192.168.1.15 - rquintanilla [12/Sep/2021:05:22:37 -0500] "CONNECT mail.google.com:443 HTTP/1.1" 200 0 "HTTPS" "outgoing via 192.168.50.30"
192.168.1.15 - rquintanilla [12/Sep/2021:05:22:39 -0500] "CONNECT 0.1.0.1:1001 HTTP/1.1" 200 0 "HTTPS" "outgoing via 192.168.50.30"
192.168.1.15 - rquintanilla [12/Sep/2021:05:22:39 -0500] "CONNECT video-mia3-1.xx.fbcdn.net:443 HTTP/1.1" 200 0 "HTTPS" "outgoing via 192.168.50.30"
192.168.1.15 - rquintanilla [12/Sep/2021:05:22:40 -0500] "POST http://ocsp.digicert.com/ HTTP/1.1" 200 946 "HTTP" ""
192.168.10.20 - arodriguez [12/Sep/2021:05:22:41 -0500] "CONNECT relay-8897650c.net.anydesk.com:80 HTTP/1.1" 200 0 "HTTPS" "outgoing via 192.168.50.30"
192.168.10.20 - arodriguez [12/Sep/2021:05:23:11 -0500] "CONNECT relay-8897650c.net.anydesk.com:80 HTTP/1.1" 200 0 "HTTPS" "outgoing via 192.168.50.30"
192.168.10.20 - arodriguez [12/Sep/2021:05:23:24 -0500] "CONNECT relay-bfb5e868.net.anydesk.com:80 HTTP/1.1" 200 0 "HTTPS" "outgoing via 192.168.50.30"
192.168.1.15 - rquintanilla [12/Sep/2021:05:23:29 -0500] "CONNECT mail.google.com:443 HTTP/1.1" 200 0 "HTTPS" "outgoing via 192.168.50.30"
192.168.1.15 - rquintanilla [12/Sep/2021:05:23:30 -0500] "CONNECT mail.google.com:443 HTTP/1.1" 200 0 "HTTPS" "outgoing via 192.168.50.30"
192.168.1.15 - rquintanilla [12/Sep/2021:05:23:32 -0500] "CONNECT mail.google.com:443 HTTP/1.1" 200 0 "HTTPS" "outgoing via 192.168.50.30"
192.168.1.15 - rquintanilla [12/Sep/2021:05:23:34 -0500] "CONNECT mail.google.com:443 HTTP/1.1" 200 0 "HTTPS" "outgoing via 192.168.50.30"
192.168.1.15 - rquintanilla [12/Sep/2021:05:23:36 -0500] "CONNECT mail.google.com:443 HTTP/1.1" 200 0 "HTTPS" "outgoing via 192.168.50.30"
192.168.1.15 - rquintanilla [12/Sep/2021:05:23:37 -0500] "CONNECT mail.google.com:443 HTTP/1.1" 200 0 "HTTPS" "outgoing via 192.168.50.30"
192.168.1.15 - rquintanilla [12/Sep/2021:05:23:48 -0500] "CONNECT 0.1.0.1:1001 HTTP/1.1" 200 0 "HTTPS" "outgoing via 192.168.50.30"
192.168.10.20 - arodriguez [12/Sep/2021:05:23:53 -0500] "CONNECT relay-bfb5e868.net.anydesk.com:80 HTTP/1.1" 200 0 "HTTPS" "outgoing via 192.168.50.30"
192.168.10.20 - arodriguez [12/Sep/2021:05:24:22 -0500] "CONNECT relay-bfb5e868.net.anydesk.com:80 HTTP/1.1" 200 0 "HTTPS" "outgoing via 192.168.50.30"
192.168.1.15 - rquintanilla [12/Sep/2021:05:24:29 -0500] "CONNECT mail.google.com:443 HTTP/1.1" 200 0 "HTTPS" "outgoing via 192.168.50.30"
192.168.1.15 - rquintanilla [12/Sep/2021:05:24:31 -0500] "CONNECT mail.google.com:443 HTTP/1.1" 200 0 "HTTPS" "outgoing via 192.168.50.30"
192.168.1.15 - rquintanilla [12/Sep/2021:05:24:32 -0500] "CONNECT mail.google.com:443 HTTP/1.1" 200 0 "HTTPS" "outgoing via 192.168.50.30"
192.168.1.15 - rquintanilla [12/Sep/2021:05:24:33 -0500] "CONNECT mail.google.com:443 HTTP/1.1" 200 0 "HTTPS" "outgoing via 192.168.50.30"
192.168.1.15 - rquintanilla [12/Sep/2021:05:24:34 -0500] "CONNECT mail.google.com:443 HTTP/1.1" 200 0 "HTTPS" "outgoing via 192.168.50.30"
192.168.1.15 - rquintanilla [12/Sep/2021:05:24:36 -0500] "CONNECT mail.google.com:443 HTTP/1.1" 200 0 "HTTPS" "outgoing via 192.168.50.30"
192.168.10.20 - arodriguez [12/Sep/2021:05:24:51 -0500] "CONNECT relay-bfb5e868.net.anydesk.com:80 HTTP/1.1" 200 0 "HTTPS" "outgoing via 192.168.50.30"
192.168.1.15 - rquintanilla [12/Sep/2021:05:25:11 -0500] "CONNECT incoming.telemetry.mozilla.org:443 HTTP/1.1" 200 0 "HTTPS" "outgoing via 192.168.50.30"
192.168.10.20 - arodriguez [12/Sep/2021:05:25:20 -0500] "CONNECT relay-bfb5e868.net.anydesk.com:80 HTTP/1.1" 200 0 "HTTPS" "outgoing via 192.168.50.30"
192.168.1.15 - rquintanilla [12/Sep/2021:05:25:29 -0500] "CONNECT mail.google.com:443 HTTP/1.1" 200 0 "HTTPS" "outgoing via 192.168.50.30"
192.168.1.15 - rquintanilla [12/Sep/2021:05:25:29 -0500] "CONNECT search.yahoo.com:443 HTTP/1.1" 200 0 "HTTPS" "outgoing via 192.168.50.30"
192.168.1.15 - rquintanilla [12/Sep/2021:05:25:31 -0500] "CONNECT mail.google.com:443 HTTP/1.1" 200 0 "HTTPS" "outgoing via 192.168.50.30"
192.168.1.15 - rquintanilla [12/Sep/2021:05:25:32 -0500] "CONNECT mail.google.com:443 HTTP/1.1" 200 0 "HTTPS" "outgoing via 192.168.50.30"
192.168.10.20 - arodriguez [12/Sep/2021:05:25:34 -0500] "CONNECT relay-2da43234.net.anydesk.com:80 HTTP/1.1" 200 0 "HTTPS" "outgoing via 192.168.50.30"
192.168.1.15 - rquintanilla [12/Sep/2021:05:25:35 -0500] "CONNECT mail.google.com:443 HTTP/1.1" 200 0 "HTTPS" "outgoing via 192.168.50.30"
192.168.1.15 - rquintanilla [12/Sep/2021:05:25:37 -0500] "CONNECT mail.google.com:443 HTTP/1.1" 200 0 "HTTPS" "outgoing via 192.168.50.30"
192.168.1.15 - rquintanilla [12/Sep/2021:05:25:38 -0500] "CONNECT mail.google.com:443 HTTP/1.1" 200 0 "HTTPS" "outgoing via 192.168.50.30"
192.168.10.20 - arodriguez [12/Sep/2021:05:26:03 -0500] "CONNECT relay-2da43234.net.anydesk.com:80 HTTP/1.1" 200 0 "HTTPS" "outgoing via 192.168.50.30"
192.168.1.15 - rquintanilla [12/Sep/2021:05:26:19 -0500] "CONNECT video-mia3-1.xx.fbcdn.net:443 HTTP/1.1" 200 0 "HTTPS" "outgoing via 192.168.50.30"
192.168.1.15 - rquintanilla [12/Sep/2021:05:26:19 -0500] "CONNECT video-mia3-1.xx.fbcdn.net:443 HTTP/1.1" 200 0 "HTTPS" "outgoing via 192.168.50.30"
192.168.1.15 - rquintanilla [12/Sep/2021:05:26:19 -0500] "CONNECT video-mia3-1.xx.fbcdn.net:443 HTTP/1.1" 200 0 "HTTPS" "outgoing via 192.168.50.30"
192.168.1.15 - rquintanilla [12/Sep/2021:05:26:19 -0500] "CONNECT video-mia3-2.xx.fbcdn.net:443 HTTP/1.1" 200 0 "HTTPS" "outgoing via 192.168.50.30"
192.168.1.15 - rquintanilla [12/Sep/2021:05:26:19 -0500] "CONNECT video-mia3-2.xx.fbcdn.net:443 HTTP/1.1" 200 0 "HTTPS" "outgoing via 192.168.50.30"
192.168.1.15 - rquintanilla [12/Sep/2021:05:26:19 -0500] "CONNECT video-mia3-2.xx.fbcdn.net:443 HTTP/1.1" 200 0 "HTTPS" "outgoing via 192.168.50.30"
192.168.1.15 - rquintanilla [12/Sep/2021:05:26:19 -0500] "CONNECT video-mia3-1.xx.fbcdn.net:443 HTTP/1.1" 200 0 "HTTPS" "outgoing via 192.168.50.30"
192.168.1.15 - rquintanilla [12/Sep/2021:05:26:19 -0500] "CONNECT video-mia3-2.xx.fbcdn.net:443 HTTP/1.1" 200 0 "HTTPS" "outgoing via 192.168.50.30"
192.168.1.15 - rquintanilla [12/Sep/2021:05:26:19 -0500] "CONNECT video-mia3-2.xx.fbcdn.net:443 HTTP/1.1" 200 0 "HTTPS" "outgoing via 192.168.50.30"
192.168.1.15 - rquintanilla [12/Sep/2021:05:26:29 -0500] "CONNECT mail.google.com:443 HTTP/1.1" 200 0 "HTTPS" "outgoing via 192.168.50.30"
192.168.10.20 - arodriguez [12/Sep/2021:05:26:31 -0500] "CONNECT relay-2da43234.net.anydesk.com:80 HTTP/1.1" 200 0 "HTTPS" "outgoing via 192.168.50.30"
192.168.1.15 - rquintanilla [12/Sep/2021:05:26:32 -0500] "CONNECT mail.google.com:443 HTTP/1.1" 200 0 "HTTPS" "outgoing via 192.168.50.30"
192.168.1.15 - rquintanilla [12/Sep/2021:05:26:35 -0500] "CONNECT mail.google.com:443 HTTP/1.1" 200 0 "HTTPS" "outgoing via 192.168.50.30"
192.168.1.15 - rquintanilla [12/Sep/2021:05:26:38 -0500] "CONNECT mail.google.com:443 HTTP/1.1" 200 0 "HTTPS" "outgoing via 192.168.50.30"
192.168.1.15 - rquintanilla [12/Sep/2021:05:26:41 -0500] "CONNECT mail.google.com:443 HTTP/1.1" 200 0 "HTTPS" "outgoing via 192.168.50.30"
192.168.1.15 - rquintanilla [12/Sep/2021:05:26:42 -0500] "CONNECT mail.google.com:443 HTTP/1.1" 200 0 "HTTPS" "outgoing via 192.168.50.30"
192.168.1.15 - rquintanilla [12/Sep/2021:05:26:43 -0500] "CONNECT mail.google.com:443 HTTP/1.1" 200 0 "HTTPS" "outgoing via 192.168.50.30"
192.168.1.15 - rquintanilla [12/Sep/2021:05:26:44 -0500] "CONNECT mail.google.com:443 HTTP/1.1" 200 0 "HTTPS" "outgoing via 192.168.50.30"
192.168.1.15 - rquintanilla [12/Sep/2021:05:26:46 -0500] "CONNECT l.facebook.com:443 HTTP/1.1" 200 0 "HTTPS" "outgoing via 192.168.50.30"
192.168.1.15 - rquintanilla [12/Sep/2021:05:26:48 -0500] "CONNECT es.rbth.com:443 HTTP/1.1" 200 0 "HTTPS" "outgoing via 192.168.50.30"
192.168.1.15 - rquintanilla [12/Sep/2021:05:26:49 -0500] "POST http://ocsp.digicert.com/ HTTP/1.1" 200 947 "HTTP" ""
192.168.1.15 - rquintanilla [12/Sep/2021:05:26:50 -0500] "CONNECT code.jquery.com:443 HTTP/1.1" 200 0 "HTTPS" "outgoing via 192.168.50.30"
192.168.1.15 - rquintanilla [12/Sep/2021:05:26:50 -0500] "CONNECT safebrowsing.googleapis.com:443 HTTP/1.1" 200 0 "HTTPS" "outgoing via 192.168.50.30"
192.168.1.15 - rquintanilla [12/Sep/2021:05:26:51 -0500] "CONNECT cdni.rbth.com:443 HTTP/1.1" 200 0 "HTTPS" "outgoing via 192.168.50.30"
192.168.1.15 - rquintanilla [12/Sep/2021:05:26:51 -0500] "CONNECT cdni.rbth.com:443 HTTP/1.1" 200 0 "HTTPS" "outgoing via 192.168.50.30"
192.168.1.15 - rquintanilla [12/Sep/2021:05:26:51 -0500] "CONNECT cdni.rbth.com:443 HTTP/1.1" 200 0 "HTTPS" "outgoing via 192.168.50.30"
192.168.1.15 - rquintanilla [12/Sep/2021:05:26:51 -0500] "CONNECT cdni.rbth.com:443 HTTP/1.1" 200 0 "HTTPS" "outgoing via 192.168.50.30"
192.168.1.15 - rquintanilla [12/Sep/2021:05:26:51 -0500] "CONNECT cdni.rbth.com:443 HTTP/1.1" 200 0 "HTTPS" "outgoing via 192.168.50.30"
192.168.1.15 - rquintanilla [12/Sep/2021:05:26:51 -0500] "CONNECT cdni.rbth.com:443 HTTP/1.1" 200 0 "HTTPS" "outgoing via 192.168.50.30"
192.168.1.15 - rquintanilla [12/Sep/2021:05:26:51 -0500] "CONNECT fonts.googleapis.com:443 HTTP/1.1" 200 0 "HTTPS" "outgoing via 192.168.50.30"
192.168.1.15 - rquintanilla [12/Sep/2021:05:26:51 -0500] "CONNECT fonts.googleapis.com:443 HTTP/1.1" 200 0 "HTTPS" "outgoing via 192.168.50.30"
192.168.1.15 - rquintanilla [12/Sep/2021:05:26:51 -0500] "POST http://ocsp.digicert.com/ HTTP/1.1" 200 947 "HTTP" ""
192.168.1.15 - rquintanilla [12/Sep/2021:05:26:51 -0500] "POST http://ocsp.digicert.com/ HTTP/1.1" 200 947 "HTTP" ""
192.168.10.20 - arodriguez [12/Sep/2021:05:27:00 -0500] "CONNECT relay-2da43234.net.anydesk.com:80 HTTP/1.1" 200 0 "HTTPS" "outgoing via 192.168.50.30"
192.168.1.15 - rquintanilla [12/Sep/2021:05:27:01 -0500] "CONNECT https-es-rbth-com.disqus.com:443 HTTP/1.1" 200 0 "HTTPS" "outgoing via 192.168.50.30"
192.168.1.15 - rquintanilla [12/Sep/2021:05:27:01 -0500] "CONNECT d7d3cf2e81d293050033-3dfc0615b0fd7b49143049256703bfce.ssl.cf1.rackcdn.com:443 HTTP/1.1" 200 0 "HTTPS" "outgoing via 192.168.50.30"
192.168.1.15 - rquintanilla [12/Sep/2021:05:27:01 -0500] "CONNECT socialstat.rt.com:443 HTTP/1.1" 200 0 "HTTPS" "outgoing via 192.168.50.30"
192.168.1.15 - rquintanilla [12/Sep/2021:05:27:02 -0500] "CONNECT fonts.gstatic.com:443 HTTP/1.1" 200 0 "HTTPS" "outgoing via 192.168.50.30"
192.168.1.15 - rquintanilla [12/Sep/2021:05:27:02 -0500] "CONNECT fonts.gstatic.com:443 HTTP/1.1" 200 0 "HTTPS" "outgoing via 192.168.50.30"
192.168.1.15 - rquintanilla [12/Sep/2021:05:27:02 -0500] "CONNECT embed.playbuzz.com:443 HTTP/1.1" 200 0 "HTTPS" "outgoing via 192.168.50.30"
192.168.1.15 - rquintanilla [12/Sep/2021:05:27:03 -0500] "POST http://ocsp.digicert.com/ HTTP/1.1" 200 947 "HTTP" ""
192.168.1.15 - rquintanilla [12/Sep/2021:05:27:03 -0500] "POST http://ocsp.digicert.com/ HTTP/1.1" 200 913 "HTTP" ""
192.168.1.15 - rquintanilla [12/Sep/2021:05:27:06 -0500] "CONNECT www.googletagservices.com:443 HTTP/1.1" 200 0 "HTTPS" "outgoing via 192.168.50.30"
192.168.1.15 - rquintanilla [12/Sep/2021:05:27:06 -0500] "CONNECT www.google-analytics.com:443 HTTP/1.1" 200 0 "HTTPS" "outgoing via 192.168.50.30"
192.168.1.15 - rquintanilla [12/Sep/2021:05:27:06 -0500] "CONNECT platform.twitter.com:443 HTTP/1.1" 200 0 "HTTPS" "outgoing via 192.168.50.30"
192.168.1.15 - rquintanilla [12/Sep/2021:05:27:06 -0500] "CONNECT platform.instagram.com:443 HTTP/1.1" 200 0 "HTTPS" "outgoing via 192.168.50.30"
192.168.1.15 - rquintanilla [12/Sep/2021:05:27:06 -0500] "CONNECT connect.facebook.net:443 HTTP/1.1" 200 0 "HTTPS" "outgoing via 192.168.50.30"
192.168.1.15 - rquintanilla [12/Sep/2021:05:27:11 -0500] "CONNECT static.ex.co:443 HTTP/1.1" 200 0 "HTTPS" "outgoing via 192.168.50.30"
192.168.1.15 - rquintanilla [12/Sep/2021:05:27:12 -0500] "CONNECT disqus.com:443 HTTP/1.1" 200 0 "HTTPS" "outgoing via 192.168.50.30"
192.168.1.15 - rquintanilla [12/Sep/2021:05:27:12 -0500] "CONNECT ingestion.contentinsights.com:443 HTTP/1.1" 200 0 "HTTPS" "outgoing via 192.168.50.30"
192.168.1.15 - rquintanilla [12/Sep/2021:05:27:13 -0500] "CONNECT cdni.rbth.com:443 HTTP/1.1" 200 0 "HTTPS" "outgoing via 192.168.50.30"
192.168.1.15 - rquintanilla [12/Sep/2021:05:27:14 -0500] "CONNECT connect.facebook.net:443 HTTP/1.1" 200 0 "HTTPS" "outgoing via 192.168.50.30"
192.168.1.15 - rquintanilla [12/Sep/2021:05:27:16 -0500] "CONNECT securepubads.g.doubleclick.net:443 HTTP/1.1" 200 0 "HTTPS" "outgoing via 192.168.50.30"
192.168.1.15 - rquintanilla [12/Sep/2021:05:27:17 -0500] "CONNECT c.disquscdn.com:443 HTTP/1.1" 200 0 "HTTPS" "outgoing via 192.168.50.30"
192.168.1.15 - rquintanilla [12/Sep/2021:05:27:18 -0500] "CONNECT securepubads.g.doubleclick.net:443 HTTP/1.1" 200 0 "HTTPS" "outgoing via 192.168.50.30"
192.168.1.15 - rquintanilla [12/Sep/2021:05:27:18 -0500] "CONNECT www.instagram.com:443 HTTP/1.1" 200 0 "HTTPS" "outgoing via 192.168.50.30"
192.168.1.15 - rquintanilla [12/Sep/2021:05:27:18 -0500] "CONNECT ingestion.contentinsights.com:443 HTTP/1.1" 200 0 "HTTPS" "outgoing via 192.168.50.30"
192.168.1.15 - rquintanilla [12/Sep/2021:05:27:20 -0500] "POST http://ocsp.pki.goog/gts1o1core HTTP/1.1" 200 849 "HTTP" ""
192.168.1.15 - rquintanilla [12/Sep/2021:05:27:20 -0500] "CONNECT syndication.twitter.com:443 HTTP/1.1" 200 0 "HTTPS" "outgoing via 192.168.50.30"
192.168.1.15 - rquintanilla [12/Sep/2021:05:27:21 -0500] "CONNECT stats.g.doubleclick.net:443 HTTP/1.1" 200 0 "HTTPS" "outgoing via 192.168.50.30"
192.168.1.15 - rquintanilla [12/Sep/2021:05:27:22 -0500] "POST http://ocsp.pki.goog/gts1o1core HTTP/1.1" 200 849 "HTTP" ""
192.168.1.15 - rquintanilla [12/Sep/2021:05:27:24 -0500] "CONNECT c.disquscdn.com:443 HTTP/1.1" 200 0 "HTTPS" "outgoing via 192.168.50.30"
192.168.1.15 - rquintanilla [12/Sep/2021:05:27:25 -0500] "CONNECT www.instagram.com:443 HTTP/1.1" 200 0 "HTTPS" "outgoing via 192.168.50.30"
192.168.1.15 - rquintanilla [12/Sep/2021:05:27:29 -0500] "CONNECT mail.google.com:443 HTTP/1.1" 200 0 "HTTPS" "outgoing via 192.168.50.30"
192.168.10.20 - arodriguez [12/Sep/2021:05:27:30 -0500] "CONNECT relay-2da43234.net.anydesk.com:80 HTTP/1.1" 200 0 "HTTPS" "outgoing via 192.168.50.30"
192.168.1.15 - rquintanilla [12/Sep/2021:05:27:34 -0500] "CONNECT mail.google.com:443 HTTP/1.1" 200 0 "HTTPS" "outgoing via 192.168.50.30"
192.168.1.15 - rquintanilla [12/Sep/2021:05:27:42 -0500] "CONNECT mail.google.com:443 HTTP/1.1" 200 0 "HTTPS" "outgoing via 192.168.50.30"
192.168.10.20 - arodriguez [12/Sep/2021:05:27:43 -0500] "CONNECT relay-1c040ae6.net.anydesk.com:80 HTTP/1.1" 200 0 "HTTPS" "outgoing via 192.168.50.30"
192.168.1.15 - rquintanilla [12/Sep/2021:05:27:44 -0500] "CONNECT mail.google.com:443 HTTP/1.1" 200 0 "HTTPS" "outgoing via 192.168.50.30"
192.168.1.15 - rquintanilla [12/Sep/2021:05:27:45 -0500] "CONNECT a.disquscdn.com:443 HTTP/1.1" 200 0 "HTTPS" "outgoing via 192.168.50.30"
192.168.1.15 - rquintanilla [12/Sep/2021:05:27:49 -0500] "CONNECT cdn.viglink.com:443 HTTP/1.1" 200 0 "HTTPS" "outgoing via 192.168.50.30"
192.168.1.15 - rquintanilla [12/Sep/2021:05:27:49 -0500] "CONNECT cdn.viglink.com:443 HTTP/1.1" 200 0 "HTTPS" "outgoing via 192.168.50.30"
192.168.1.15 - rquintanilla [12/Sep/2021:05:27:49 -0500] "CONNECT apis.google.com:443 HTTP/1.1" 200 0 "HTTPS" "outgoing via 192.168.50.30"
192.168.1.15 - rquintanilla [12/Sep/2021:05:27:49 -0500] "CONNECT mail.google.com:443 HTTP/1.1" 200 0 "HTTPS" "outgoing via 192.168.50.30"
192.168.1.15 - rquintanilla [12/Sep/2021:05:27:51 -0500] "POST http://r3.o.lencr.org/ HTTP/1.1" 200 1012 "HTTP" ""
192.168.1.15 - rquintanilla [12/Sep/2021:05:27:53 -0500] "CONNECT links.services.disqus.com:443 HTTP/1.1" 200 0 "HTTPS" "outgoing via 192.168.50.30"
192.168.1.15 - rquintanilla [12/Sep/2021:05:27:53 -0500] "POST http://ocsp.pki.goog/gts1c3 HTTP/1.1" 200 850 "HTTP" ""
192.168.1.15 - rquintanilla [12/Sep/2021:05:27:54 -0500] "CONNECT mail.google.com:443 HTTP/1.1" 200 0 "HTTPS" "outgoing via 192.168.50.30"
192.168.1.15 - rquintanilla [12/Sep/2021:05:27:56 -0500] "CONNECT accounts.google.com:443 HTTP/1.1" 200 0 "HTTPS" "outgoing via 192.168.50.30"
192.168.1.15 - rquintanilla [12/Sep/2021:05:27:56 -0500] "POST http://ocsp.globalsign.com/ca/gsatlasr3dvtlsca2020 HTTP/1.1" 200 2052 "HTTP" ""
192.168.1.15 - rquintanilla [12/Sep/2021:05:27:56 -0500] "CONNECT ce.lijit.com:443 HTTP/1.1" 200 0 "HTTPS" "outgoing via 192.168.50.30"
192.168.1.15 - rquintanilla [12/Sep/2021:05:27:57 -0500] "POST http://ocsp.pki.goog/gts1c3 HTTP/1.1" 200 849 "HTTP" ""
192.168.1.15 - rquintanilla [12/Sep/2021:05:27:58 -0500] "CONNECT ce.lijit.com:443 HTTP/1.1" 200 0 "HTTPS" "outgoing via 192.168.50.30"
192.168.1.15 - rquintanilla [12/Sep/2021:05:28:04 -0500] "CONNECT safebrowsing.googleapis.com:443 HTTP/1.1" 200 0 "HTTPS" "outgoing via 192.168.50.30"
192.168.1.15 - rquintanilla [12/Sep/2021:05:28:04 -0500] "CONNECT scontent.xx.fbcdn.net:443 HTTP/1.1" 200 0 "HTTPS" "outgoing via 192.168.50.30"
192.168.1.15 - rquintanilla [12/Sep/2021:05:28:05 -0500] "CONNECT safebrowsing.googleapis.com:443 HTTP/1.1" 200 0 "HTTPS" "outgoing via 192.168.50.30"
192.168.10.20 - arodriguez [12/Sep/2021:05:28:12 -0500] "CONNECT relay-1c040ae6.net.anydesk.com:80 HTTP/1.1" 200 0 "HTTPS" "outgoing via 192.168.50.30"
192.168.1.15 - rquintanilla [12/Sep/2021:05:28:29 -0500] "CONNECT mail.google.com:443 HTTP/1.1" 200 0 "HTTPS" "outgoing via 192.168.50.30"
192.168.1.15 - rquintanilla [12/Sep/2021:05:28:33 -0500] "CONNECT mail.google.com:443 HTTP/1.1" 200 0 "HTTPS" "outgoing via 192.168.50.30"
192.168.1.15 - rquintanilla [12/Sep/2021:05:28:38 -0500] "CONNECT mail.google.com:443 HTTP/1.1" 200 0 "HTTPS" "outgoing via 192.168.50.30"
192.168.1.15 - rquintanilla [12/Sep/2021:05:28:41 -0500] "CONNECT mail.google.com:443 HTTP/1.1" 200 0 "HTTPS" "outgoing via 192.168.50.30"
192.168.10.20 - arodriguez [12/Sep/2021:05:28:41 -0500] "CONNECT relay-1c040ae6.net.anydesk.com:80 HTTP/1.1" 200 0 "HTTPS" "outgoing via 192.168.50.30"
192.168.1.15 - rquintanilla [12/Sep/2021:05:28:44 -0500] "CONNECT mail.google.com:443 HTTP/1.1" 200 0 "HTTPS" "outgoing via 192.168.50.30"
192.168.1.15 - rquintanilla [12/Sep/2021:05:28:48 -0500] "CONNECT mail.google.com:443 HTTP/1.1" 200 0 "HTTPS" "outgoing via 192.168.50.30"
192.168.1.15 - rquintanilla [12/Sep/2021:05:28:49 -0500] "CONNECT mail.google.com:443 HTTP/1.1" 200 0 "HTTPS" "outgoing via 192.168.50.30"
192.168.1.15 - rquintanilla [12/Sep/2021:05:28:54 -0500] "CONNECT mail.google.com:443 HTTP/1.1" 200 0 "HTTPS" "outgoing via 192.168.50.30"
192.168.10.20 - arodriguez [12/Sep/2021:05:28:55 -0500] "CONNECT relay-b51eac1f.net.anydesk.com:80 HTTP/1.1" 200 0 "HTTPS" "outgoing via 192.168.50.30"
192.168.1.15 - rquintanilla [12/Sep/2021:05:29:01 -0500] "CONNECT 0.1.0.1:1001 HTTP/1.1" 200 0 "HTTPS" "outgoing via 192.168.50.30"
192.168.1.15 - rquintanilla [12/Sep/2021:05:29:03 -0500] "POST http://status.geotrust.com/ HTTP/1.1" 200 947 "HTTP" ""
192.168.1.15 - rquintanilla [12/Sep/2021:05:29:03 -0500] "POST http://ocsp.pki.goog/gts1c3 HTTP/1.1" 200 849 "HTTP" ""
192.168.1.15 - rquintanilla [12/Sep/2021:05:29:10 -0500] "POST http://ocsp.pki.goog/gts1c3 HTTP/1.1" 200 849 "HTTP" ""
192.168.1.15 - rquintanilla [12/Sep/2021:05:29:10 -0500] "POST http://ocsp.digicert.com/ HTTP/1.1" 200 947 "HTTP" ""
192.168.1.15 - rquintanilla [12/Sep/2021:05:29:19 -0500] "POST http://ocsp.digicert.com/ HTTP/1.1" 200 947 "HTTP" ""
192.168.1.15 - rquintanilla [12/Sep/2021:05:29:22 -0500] "POST http://ocsp.digicert.com/ HTTP/1.1" 200 947 "HTTP" ""
192.168.10.20 - arodriguez [12/Sep/2021:05:29:24 -0500] "CONNECT relay-b51eac1f.net.anydesk.com:80 HTTP/1.1" 200 0 "HTTPS" "outgoing via 192.168.50.30"
192.168.1.15 - rquintanilla [12/Sep/2021:05:29:29 -0500] "CONNECT mail.google.com:443 HTTP/1.1" 200 0 "HTTPS" "outgoing via 192.168.50.30"
192.168.1.15 - rquintanilla [12/Sep/2021:05:29:31 -0500] "CONNECT mail.google.com:443 HTTP/1.1" 200 0 "HTTPS" "outgoing via 192.168.50.30"
192.168.1.15 - rquintanilla [12/Sep/2021:05:29:34 -0500] "CONNECT mail.google.com:443 HTTP/1.1" 200 0 "HTTPS" "outgoing via 192.168.50.30"
192.168.1.15 - rquintanilla [12/Sep/2021:05:29:36 -0500] "CONNECT mail.google.com:443 HTTP/1.1" 200 0 "HTTPS" "outgoing via 192.168.50.30"
192.168.1.15 - rquintanilla [12/Sep/2021:05:29:38 -0500] "CONNECT mail.google.com:443 HTTP/1.1" 200 0 "HTTPS" "outgoing via 192.168.50.30"
192.168.1.15 - rquintanilla [12/Sep/2021:05:29:41 -0500] "CONNECT mail.google.com:443 HTTP/1.1" 200 0 "HTTPS" "outgoing via 192.168.50.30"
192.168.1.15 - rquintanilla [12/Sep/2021:05:29:45 -0500] "CONNECT mail.google.com:443 HTTP/1.1" 200 0 "HTTPS" "outgoing via 192.168.50.30"
192.168.1.15 - rquintanilla [12/Sep/2021:05:29:48 -0500] "CONNECT mail.google.com:443 HTTP/1.1" 200 0 "HTTPS" "outgoing via 192.168.50.30"
192.168.1.15 - rquintanilla [12/Sep/2021:05:29:50 -0500] "CONNECT mail.google.com:443 HTTP/1.1" 200 0 "HTTPS" "outgoing via 192.168.50.30"
192.168.1.15 - rquintanilla [12/Sep/2021:05:29:53 -0500] "CONNECT mail.google.com:443 HTTP/1.1" 200 0 "HTTPS" "outgoing via 192.168.50.30"
192.168.10.20 - arodriguez [12/Sep/2021:05:29:53 -0500] "CONNECT relay-b51eac1f.net.anydesk.com:80 HTTP/1.1" 200 0 "HTTPS" "outgoing via 192.168.50.30"
192.168.10.20 - arodriguez [12/Sep/2021:05:30:07 -0500] "CONNECT relay-bd01ff02.net.anydesk.com:80 HTTP/1.1" 200 0 "HTTPS" "outgoing via 192.168.50.30"
192.168.1.15 - rquintanilla [12/Sep/2021:05:30:29 -0500] "CONNECT mail.google.com:443 HTTP/1.1" 200 0 "HTTPS" "outgoing via 192.168.50.30"
192.168.1.15 - rquintanilla [12/Sep/2021:05:30:29 -0500] "CONNECT search.yahoo.com:443 HTTP/1.1" 200 0 "HTTPS" "outgoing via 192.168.50.30"
192.168.1.15 - rquintanilla [12/Sep/2021:05:30:33 -0500] "CONNECT mail.google.com:443 HTTP/1.1" 200 0 "HTTPS" "outgoing via 192.168.50.30"
192.168.1.15 - rquintanilla [12/Sep/2021:05:30:34 -0500] "CONNECT mail.google.com:443 HTTP/1.1" 200 0 "HTTPS" "outgoing via 192.168.50.30"
192.168.50.8 - arodriguez [12/Sep/2021:05:30:36 -0500] "HEAD http://update.eset.com/eset_eval/update.ver HTTP/1.1" 200 384 "HTTP" ""
192.168.10.20 - arodriguez [12/Sep/2021:05:30:36 -0500] "CONNECT relay-bd01ff02.net.anydesk.com:80 HTTP/1.1" 200 0 "HTTPS" "outgoing via 192.168.50.30"
192.168.1.15 - rquintanilla [12/Sep/2021:05:30:40 -0500] "CONNECT mail.google.com:443 HTTP/1.1" 200 0 "HTTPS" "outgoing via 192.168.50.30"
192.168.50.8 - arodriguez [12/Sep/2021:05:30:42 -0500] "GET http://update.eset.com/eset_eval/update.ver HTTP/1.1" 200 118925 "HTTP" ""
192.168.50.8 - arodriguez [12/Sep/2021:05:30:42 -0500] "HEAD http://update.eset.com/v3-eval-sta/mod_002_engine_50798/em002_32_l2.nup HTTP/1.1" 200 377 "HTTP" ""
192.168.1.15 - rquintanilla [12/Sep/2021:05:30:43 -0500] "CONNECT ingestion.contentinsights.com:443 HTTP/1.1" 200 0 "HTTPS" "outgoing via 192.168.50.30"
192.168.1.15 - rquintanilla [12/Sep/2021:05:30:43 -0500] "CONNECT mail.google.com:443 HTTP/1.1" 200 0 "HTTPS" "outgoing via 192.168.50.30"
192.168.1.15 - rquintanilla [12/Sep/2021:05:30:46 -0500] "CONNECT mail.google.com:443 HTTP/1.1" 200 0 "HTTPS" "outgoing via 192.168.50.30"
192.168.1.15 - rquintanilla [12/Sep/2021:05:30:49 -0500] "CONNECT es.rbth.com:443 HTTP/1.1" 200 0 "HTTPS" "outgoing via 192.168.50.30"
192.168.1.15 - rquintanilla [12/Sep/2021:05:30:49 -0500] "CONNECT mail.google.com:443 HTTP/1.1" 200 0 "HTTPS" "outgoing via 192.168.50.30"
192.168.1.15 - rquintanilla [12/Sep/2021:05:30:51 -0500] "CONNECT mail.google.com:443 HTTP/1.1" 200 0 "HTTPS" "outgoing via 192.168.50.30"
192.168.1.15 - rquintanilla [12/Sep/2021:05:30:51 -0500] "CONNECT code.jquery.com:443 HTTP/1.1" 200 0 "HTTPS" "outgoing via 192.168.50.30"
192.168.1.15 - rquintanilla [12/Sep/2021:05:30:51 -0500] "CONNECT cdni.rbth.com:443 HTTP/1.1" 200 0 "HTTPS" "outgoing via 192.168.50.30"
192.168.1.15 - rquintanilla [12/Sep/2021:05:30:51 -0500] "CONNECT cdni.rbth.com:443 HTTP/1.1" 200 0 "HTTPS" "outgoing via 192.168.50.30"
192.168.1.15 - rquintanilla [12/Sep/2021:05:30:51 -0500] "CONNECT cdni.rbth.com:443 HTTP/1.1" 200 0 "HTTPS" "outgoing via 192.168.50.30"
192.168.1.15 - rquintanilla [12/Sep/2021:05:30:51 -0500] "CONNECT cdni.rbth.com:443 HTTP/1.1" 200 0 "HTTPS" "outgoing via 192.168.50.30"
192.168.1.15 - rquintanilla [12/Sep/2021:05:30:51 -0500] "CONNECT cdni.rbth.com:443 HTTP/1.1" 200 0 "HTTPS" "outgoing via 192.168.50.30"
192.168.1.15 - rquintanilla [12/Sep/2021:05:30:51 -0500] "CONNECT cdni.rbth.com:443 HTTP/1.1" 200 0 "HTTPS" "outgoing via 192.168.50.30"
192.168.1.15 - rquintanilla [12/Sep/2021:05:30:52 -0500] "CONNECT fonts.googleapis.com:443 HTTP/1.1" 200 0 "HTTPS" "outgoing via 192.168.50.30"
192.168.1.15 - rquintanilla [12/Sep/2021:05:30:52 -0500] "CONNECT fonts.googleapis.com:443 HTTP/1.1" 200 0 "HTTPS" "outgoing via 192.168.50.30"
192.168.1.15 - rquintanilla [12/Sep/2021:05:30:54 -0500] "CONNECT es.rbth.com:443 HTTP/1.1" 200 0 "HTTPS" "outgoing via 192.168.50.30"
192.168.1.15 - rquintanilla [12/Sep/2021:05:31:00 -0500] "CONNECT https-es-rbth-com.disqus.com:443 HTTP/1.1" 200 0 "HTTPS" "outgoing via 192.168.50.30"
192.168.1.15 - rquintanilla [12/Sep/2021:05:31:00 -0500] "CONNECT socialstat.rt.com:443 HTTP/1.1" 200 0 "HTTPS" "outgoing via 192.168.50.30"
192.168.1.15 - rquintanilla [12/Sep/2021:05:31:01 -0500] "CONNECT fonts.gstatic.com:443 HTTP/1.1" 200 0 "HTTPS" "outgoing via 192.168.50.30"
192.168.1.15 - rquintanilla [12/Sep/2021:05:31:01 -0500] "CONNECT fonts.gstatic.com:443 HTTP/1.1" 200 0 "HTTPS" "outgoing via 192.168.50.30"
192.168.10.20 - arodriguez [12/Sep/2021:05:31:05 -0500] "CONNECT relay-bd01ff02.net.anydesk.com:80 HTTP/1.1" 200 0 "HTTPS" "outgoing via 192.168.50.30"
192.168.1.15 - rquintanilla [12/Sep/2021:05:31:08 -0500] "CONNECT d7d3cf2e81d293050033-3dfc0615b0fd7b49143049256703bfce.ssl.cf1.rackcdn.com:443 HTTP/1.1" 200 0 "HTTPS" "outgoing via 192.168.50.30"
192.168.1.15 - rquintanilla [12/Sep/2021:05:31:08 -0500] "CONNECT embed.playbuzz.com:443 HTTP/1.1" 200 0 "HTTPS" "outgoing via 192.168.50.30"
192.168.1.15 - rquintanilla [12/Sep/2021:05:31:11 -0500] "CONNECT www.googletagservices.com:443 HTTP/1.1" 200 0 "HTTPS" "outgoing via 192.168.50.30"
192.168.1.15 - rquintanilla [12/Sep/2021:05:31:11 -0500] "CONNECT www.google-analytics.com:443 HTTP/1.1" 200 0 "HTTPS" "outgoing via 192.168.50.30"
192.168.1.15 - rquintanilla [12/Sep/2021:05:31:11 -0500] "CONNECT platform.instagram.com:443 HTTP/1.1" 200 0 "HTTPS" "outgoing via 192.168.50.30"
192.168.1.15 - rquintanilla [12/Sep/2021:05:31:11 -0500] "CONNECT connect.facebook.net:443 HTTP/1.1" 200 0 "HTTPS" "outgoing via 192.168.50.30"
192.168.1.15 - rquintanilla [12/Sep/2021:05:31:15 -0500] "CONNECT incoming.telemetry.mozilla.org:443 HTTP/1.1" 200 0 "HTTPS" "outgoing via 192.168.50.30"
192.168.1.15 - rquintanilla [12/Sep/2021:05:31:16 -0500] "CONNECT disqus.com:443 HTTP/1.1" 200 0 "HTTPS" "outgoing via 192.168.50.30"
192.168.1.15 - rquintanilla [12/Sep/2021:05:31:23 -0500] "CONNECT safebrowsing.googleapis.com:443 HTTP/1.1" 200 0 "HTTPS" "outgoing via 192.168.50.30"
192.168.1.15 - rquintanilla [12/Sep/2021:05:31:29 -0500] "CONNECT mail.google.com:443 HTTP/1.1" 200 0 "HTTPS" "outgoing via 192.168.50.30"
192.168.1.15 - rquintanilla [12/Sep/2021:05:31:30 -0500] "CONNECT mail.google.com:443 HTTP/1.1" 200 0 "HTTPS" "outgoing via 192.168.50.30"
192.168.1.15 - rquintanilla [12/Sep/2021:05:31:31 -0500] "CONNECT mail.google.com:443 HTTP/1.1" 200 0 "HTTPS" "outgoing via 192.168.50.30"
192.168.1.15 - rquintanilla [12/Sep/2021:05:31:33 -0500] "CONNECT mail.google.com:443 HTTP/1.1" 200 0 "HTTPS" "outgoing via 192.168.50.30"
192.168.10.20 - arodriguez [12/Sep/2021:05:31:34 -0500] "CONNECT relay-bd01ff02.net.anydesk.com:80 HTTP/1.1" 200 0 "HTTPS" "outgoing via 192.168.50.30"
192.168.1.15 - rquintanilla [12/Sep/2021:05:31:34 -0500] "CONNECT mail.google.com:443 HTTP/1.1" 200 0 "HTTPS" "outgoing via 192.168.50.30"
192.168.1.15 - rquintanilla [12/Sep/2021:05:31:35 -0500] "CONNECT mail.google.com:443 HTTP/1.1" 200 0 "HTTPS" "outgoing via 192.168.50.30"
192.168.1.15 - rquintanilla [12/Sep/2021:05:32:01 -0500] "CONNECT embed.playbuzz.com:443 HTTP/1.1" 200 0 "HTTPS" "outgoing via 192.168.50.30"
192.168.1.15 - rquintanilla [12/Sep/2021:05:32:01 -0500] "CONNECT code.jquery.com:443 HTTP/1.1" 200 0 "HTTPS" "outgoing via 192.168.50.30"
192.168.1.15 - rquintanilla [12/Sep/2021:05:32:01 -0500] "CONNECT a.disquscdn.com:443 HTTP/1.1" 200 0 "HTTPS" "outgoing via 192.168.50.30"
192.168.1.15 - rquintanilla [12/Sep/2021:05:32:01 -0500] "CONNECT securepubads.g.doubleclick.net:443 HTTP/1.1" 200 0 "HTTPS" "outgoing via 192.168.50.30"
192.168.1.15 - rquintanilla [12/Sep/2021:05:32:02 -0500] "CONNECT ssl.gstatic.com:443 HTTP/1.1" 200 0 "HTTPS" "outgoing via 192.168.50.30"
192.168.1.15 - rquintanilla [12/Sep/2021:05:32:02 -0500] "CONNECT c.disquscdn.com:443 HTTP/1.1" 200 0 "HTTPS" "outgoing via 192.168.50.30"
192.168.1.15 - rquintanilla [12/Sep/2021:05:32:02 -0500] "CONNECT cdni.rbth.com:443 HTTP/1.1" 200 0 "HTTPS" "outgoing via 192.168.50.30"
192.168.1.15 - rquintanilla [12/Sep/2021:05:32:02 -0500] "CONNECT www.google-analytics.com:443 HTTP/1.1" 200 0 "HTTPS" "outgoing via 192.168.50.30"
192.168.1.15 - rquintanilla [12/Sep/2021:05:32:02 -0500] "CONNECT connect.facebook.net:443 HTTP/1.1" 200 0 "HTTPS" "outgoing via 192.168.50.30"
192.168.1.15 - rquintanilla [12/Sep/2021:05:32:02 -0500] "CONNECT apis.google.com:443 HTTP/1.1" 200 0 "HTTPS" "outgoing via 192.168.50.30"
192.168.1.15 - rquintanilla [12/Sep/2021:05:32:02 -0500] "CONNECT www.googletagservices.com:443 HTTP/1.1" 200 0 "HTTPS" "outgoing via 192.168.50.30"
192.168.1.15 - rquintanilla [12/Sep/2021:05:32:02 -0500] "CONNECT platform.twitter.com:443 HTTP/1.1" 200 0 "HTTPS" "outgoing via 192.168.50.30"
192.168.1.15 - rquintanilla [12/Sep/2021:05:32:02 -0500] "CONNECT platform.instagram.com:443 HTTP/1.1" 200 0 "HTTPS" "outgoing via 192.168.50.30"
192.168.1.15 - rquintanilla [12/Sep/2021:05:32:02 -0500] "CONNECT disqus.com:443 HTTP/1.1" 200 0 "HTTPS" "outgoing via 192.168.50.30"
192.168.1.15 - rquintanilla [12/Sep/2021:05:32:02 -0500] "CONNECT d7d3cf2e81d293050033-3dfc0615b0fd7b49143049256703bfce.ssl.cf1.rackcdn.com:443 HTTP/1.1" 200 0 "HTTPS" "outgoing via 192.168.50.30"
