192.168.6.34 - amorgado [13/Aug/2021:08:09:45 -0500] "GET http://toolbarqueries.google.com/tbr?client=navclient-auto&features=Rank&ch=6383786534&q=info:https://twitter.com/i/timeline HTTP/1.1" 200 1867 "HTTP" "Error 404 (Not Found)!!1"
192.168.6.34 - amorgado [13/Aug/2021:08:09:46 -0500] "CONNECT abs.twimg.com:443 HTTP/1.1" 200 0 "HTTPS" "outgoing via 192.168.50.30"
192.168.6.34 - amorgado [13/Aug/2021:08:09:46 -0500] "CONNECT abs.twimg.com:443 HTTP/1.1" 200 0 "HTTPS" "outgoing via 192.168.50.30"
192.168.6.34 - amorgado [13/Aug/2021:08:09:46 -0500] "CONNECT abs.twimg.com:443 HTTP/1.1" 200 0 "HTTPS" "outgoing via 192.168.50.30"
192.168.6.34 - amorgado [13/Aug/2021:08:09:46 -0500] "CONNECT abs.twimg.com:443 HTTP/1.1" 200 0 "HTTPS" "outgoing via 192.168.50.30"
192.168.6.34 - amorgado [13/Aug/2021:08:09:46 -0500] "CONNECT abs.twimg.com:443 HTTP/1.1" 200 0 "HTTPS" "outgoing via 192.168.50.30"
192.168.6.34 - amorgado [13/Aug/2021:08:09:46 -0500] "CONNECT abs.twimg.com:443 HTTP/1.1" 200 0 "HTTPS" "outgoing via 192.168.50.30"
192.168.6.34 - amorgado [13/Aug/2021:08:09:48 -0500] "CONNECT armmf.adobe.com:443 HTTP/1.0" 200 0 "HTTPS" "outgoing via 192.168.50.30"
192.168.6.34 - amorgado [13/Aug/2021:08:09:49 -0500] "CONNECT orion.managewp.com:443 HTTP/1.1" 200 0 "HTTPS" "outgoing via 192.168.50.30"
192.168.6.34 - amorgado [13/Aug/2021:08:09:49 -0500] "CONNECT orion.managewp.com:443 HTTP/1.1" 200 0 "HTTPS" "outgoing via 192.168.50.30"
192.168.6.34 - amorgado [13/Aug/2021:08:09:49 -0500] "CONNECT orion.managewp.com:443 HTTP/1.1" 200 0 "HTTPS" "outgoing via 192.168.50.30"
192.168.6.34 - amorgado [13/Aug/2021:08:09:50 -0500] "CONNECT clients4.google.com:443 HTTP/1.1" 200 0 "HTTPS" "outgoing via 192.168.50.30"
192.168.6.34 - amorgado [13/Aug/2021:08:09:50 -0500] "CONNECT www.bing.com:443 HTTP/1.0" 200 0 "HTTPS" "outgoing via 192.168.50.30"
192.168.6.34 - amorgado [13/Aug/2021:08:09:52 -0500] "CONNECT armmf.adobe.com:443 HTTP/1.1" 200 0 "HTTPS" "outgoing via 192.168.50.30"
192.168.6.34 - amorgado [13/Aug/2021:08:09:54 -0500] "CONNECT checkappexec.microsoft.com:443 HTTP/1.0" 200 0 "HTTPS" "outgoing via 192.168.50.30"
192.168.6.34 - amorgado [13/Aug/2021:08:09:56 -0500] "CONNECT settings-win.data.microsoft.com:443 HTTP/1.1" 200 0 "HTTPS" "outgoing via 192.168.50.30"
192.168.6.34 - amorgado [13/Aug/2021:08:09:57 -0500] "CONNECT www.googleapis.com:443 HTTP/1.1" 200 0 "HTTPS" "outgoing via 192.168.50.30"
192.168.6.34 - amorgado [13/Aug/2021:08:09:57 -0500] "CONNECT cafelafm.com:443 HTTP/1.1" 200 0 "HTTPS" "outgoing via 192.168.50.30"
192.168.6.34 - amorgado [13/Aug/2021:08:09:57 -0500] "CONNECT login.live.com:443 HTTP/1.1" 200 0 "HTTPS" "outgoing via 192.168.50.30"
192.168.6.34 - amorgado [13/Aug/2021:08:09:57 -0500] "CONNECT login.live.com:443 HTTP/1.1" 200 0 "HTTPS" "outgoing via 192.168.50.30"
192.168.6.34 - amorgado [13/Aug/2021:08:09:57 -0500] "CONNECT login.live.com:443 HTTP/1.1" 200 0 "HTTPS" "outgoing via 192.168.50.30"
192.168.6.34 - amorgado [13/Aug/2021:08:09:58 -0500] "CONNECT safebrowsing.google.com:443 HTTP/1.1" 200 0 "HTTPS" "outgoing via 192.168.50.30"
192.168.6.34 - amorgado [13/Aug/2021:08:09:59 -0500] "CONNECT storage.live.com:443 HTTP/1.0" 200 0 "HTTPS" "outgoing via 192.168.50.30"
192.168.6.34 - amorgado [13/Aug/2021:08:09:59 -0500] "CONNECT storage.live.com:443 HTTP/1.0" 200 0 "HTTPS" "outgoing via 192.168.50.30"
192.168.6.34 - amorgado [13/Aug/2021:08:09:59 -0500] "CONNECT fonts.googleapis.com:443 HTTP/1.1" 200 0 "HTTPS" "outgoing via 192.168.50.30"
192.168.6.34 - amorgado [13/Aug/2021:08:09:59 -0500] "CONNECT cdnjs.cloudflare.com:443 HTTP/1.1" 200 0 "HTTPS" "outgoing via 192.168.50.30"
192.168.6.34 - amorgado [13/Aug/2021:08:10:00 -0500] "CONNECT login.live.com:443 HTTP/1.0" 200 0 "HTTPS" "outgoing via 192.168.50.30"
192.168.6.34 - amorgado [13/Aug/2021:08:10:00 -0500] "CONNECT login.live.com:443 HTTP/1.0" 200 0 "HTTPS" "outgoing via 192.168.50.30"
192.168.6.34 - amorgado [13/Aug/2021:08:10:01 -0500] "CONNECT fonts.gstatic.com:443 HTTP/1.1" 200 0 "HTTPS" "outgoing via 192.168.50.30"
192.168.6.34 - amorgado [13/Aug/2021:08:10:01 -0500] "CONNECT fonts.gstatic.com:443 HTTP/1.1" 200 0 "HTTPS" "outgoing via 192.168.50.30"
192.168.6.34 - amorgado [13/Aug/2021:08:10:01 -0500] "CONNECT fonts.gstatic.com:443 HTTP/1.1" 200 0 "HTTPS" "outgoing via 192.168.50.30"
192.168.6.34 - amorgado [13/Aug/2021:08:10:02 -0500] "CONNECT substrate.office.com:443 HTTP/1.0" 200 0 "HTTPS" "outgoing via 192.168.50.30"
192.168.6.34 - amorgado [13/Aug/2021:08:10:02 -0500] "CONNECT outlook.office365.com:443 HTTP/1.0" 200 0 "HTTPS" "outgoing via 192.168.50.30"
192.168.6.34 - amorgado [13/Aug/2021:08:10:05 -0500] "CONNECT api.wappalyzer.com:443 HTTP/1.1" 200 0 "HTTPS" "outgoing via 192.168.50.30"
192.168.10.20 - arodriguez [13/Aug/2021:08:10:07 -0500] "CONNECT relay-0767eec0.net.anydesk.com:80 HTTP/1.1" 200 0 "HTTPS" "outgoing via 192.168.50.30"
192.168.6.34 - amorgado [13/Aug/2021:08:10:13 -0500] "GET http://toolbarqueries.google.com/tbr?client=navclient-auto&features=Rank&ch=6848178081&q=info:twitter.com HTTP/1.1" 200 1867 "HTTP" "Error 404 (Not Found)!!1"
192.168.6.34 - amorgado [13/Aug/2021:08:10:13 -0500] "GET http://toolbarqueries.google.com/tbr?client=navclient-auto&features=Rank&ch=63019227707&q=info:https://cafelafm.com/404/ HTTP/1.1" 200 1867 "HTTP" "Error 404 (Not Found)!!1"
192.168.6.34 - amorgado [13/Aug/2021:08:10:14 -0500] "CONNECT beacons.gvt2.com:443 HTTP/1.1" 200 0 "HTTPS" "outgoing via 192.168.50.30"
192.168.6.34 - amorgado [13/Aug/2021:08:10:18 -0500] "GET http://toolbarqueries.google.com/tbr?client=navclient-auto&features=Rank&ch=61529054447&q=info:cafelafm.com HTTP/1.1" 200 1867 "HTTP" "Error 404 (Not Found)!!1"
192.168.6.34 - amorgado [13/Aug/2021:08:10:19 -0500] "GET http://toolbarqueries.google.com/tbr?client=navclient-auto&features=Rank&ch=63243666298&q=info:https://cafelafm.com/doithere/ HTTP/1.1" 200 1867 "HTTP" "Error 404 (Not Found)!!1"
192.168.6.34 - amorgado [13/Aug/2021:08:10:20 -0500] "CONNECT www.google.com:443 HTTP/1.1" 200 0 "HTTPS" "outgoing via 192.168.50.30"
192.168.10.20 - arodriguez [13/Aug/2021:08:10:22 -0500] "CONNECT relay-1c040ae6.net.anydesk.com:80 HTTP/1.1" 200 0 "HTTPS" "outgoing via 192.168.50.30"
192.168.10.20 - arodriguez [13/Aug/2021:08:10:23 -0500] "CONNECT relay-1c040ae6.net.anydesk.com:443 HTTP/1.1" 200 0 "HTTPS" "outgoing via 192.168.50.30"
192.168.6.34 - amorgado [13/Aug/2021:08:10:25 -0500] "GET http://toolbarqueries.google.com/tbr?client=navclient-auto&features=Rank&ch=61529054447&q=info:cafelafm.com HTTP/1.1" 200 1867 "HTTP" "Error 404 (Not Found)!!1"
192.168.6.34 - amorgado [13/Aug/2021:08:10:25 -0500] "GET http://toolbarqueries.google.com/tbr?client=navclient-auto&features=Rank&ch=62303170189&q=info:https://cafelafm.com/wp-admin/ HTTP/1.1" 200 1867 "HTTP" "Error 404 (Not Found)!!1"
192.168.6.34 - amorgado [13/Aug/2021:08:10:27 -0500] "CONNECT ad.wappalyzer.com:443 HTTP/1.1" 200 0 "HTTPS" "outgoing via 192.168.50.30"
192.168.6.34 - amorgado [13/Aug/2021:08:10:28 -0500] "CONNECT secure.gravatar.com:443 HTTP/1.1" 200 0 "HTTPS" "outgoing via 192.168.50.30"
192.168.6.34 - amorgado [13/Aug/2021:08:10:28 -0500] "CONNECT passwordsleakcheck-pa.googleapis.com:443 HTTP/1.1" 200 0 "HTTPS" "outgoing via 192.168.50.30"
192.168.6.34 - amorgado [13/Aug/2021:08:10:33 -0500] "GET http://toolbarqueries.google.com/tbr?client=navclient-auto&features=Rank&ch=61529054447&q=info:cafelafm.com HTTP/1.1" 200 1867 "HTTP" "Error 404 (Not Found)!!1"
192.168.6.34 - amorgado [13/Aug/2021:08:10:33 -0500] "GET http://toolbarqueries.google.com/tbr?client=navclient-auto&features=Rank&ch=64084239102&q=info:https://cafelafm.com/wp-admin/options-reading.php HTTP/1.1" 200 1867 "HTTP" "Error 404 (Not Found)!!1"
192.168.6.34 - amorgado [13/Aug/2021:08:10:34 -0500] "CONNECT g.live.com:443 HTTP/1.0" 200 0 "HTTPS" "outgoing via 192.168.50.30"
192.168.6.34 - amorgado [13/Aug/2021:08:10:35 -0500] "CONNECT oneclient.sfx.ms:443 HTTP/1.0" 200 0 "HTTPS" "outgoing via 192.168.50.30"
192.168.6.34 - amorgado [13/Aug/2021:08:10:37 -0500] "CONNECT beacons.gcp.gvt2.com:443 HTTP/1.1" 200 0 "HTTPS" "outgoing via 192.168.50.30"
192.168.6.34 - amorgado [13/Aug/2021:08:10:38 -0500] "GET http://toolbarqueries.google.com/tbr?client=navclient-auto&features=Rank&ch=61529054447&q=info:cafelafm.com HTTP/1.1" 200 1867 "HTTP" "Error 404 (Not Found)!!1"
192.168.6.34 - amorgado [13/Aug/2021:08:10:38 -0500] "GET http://toolbarqueries.google.com/tbr?client=navclient-auto&features=Rank&ch=61465132982&q=info:https://cafelafm.com/wp-admin/options-reading.php?settings-updated=true HTTP/1.1" 200 1867 "HTTP" "Error 404 (Not Found)!!1"
192.168.6.34 - amorgado [13/Aug/2021:08:10:38 -0500] "GET http://toolbarqueries.google.com/tbr?client=navclient-auto&features=Rank&ch=61529054447&q=info:cafelafm.com HTTP/1.1" 200 1867 "HTTP" "Error 404 (Not Found)!!1"
192.168.6.34 - amorgado [13/Aug/2021:08:10:38 -0500] "GET http://toolbarqueries.google.com/tbr?client=navclient-auto&features=Rank&ch=64084239102&q=info:https://cafelafm.com/wp-admin/options-reading.php HTTP/1.1" 200 1867 "HTTP" "Error 404 (Not Found)!!1"
192.168.6.34 - amorgado [13/Aug/2021:08:10:43 -0500] "CONNECT config.edge.skype.com:443 HTTP/1.1" 200 0 "HTTPS" "outgoing via 192.168.50.30"
192.168.6.34 - amorgado [13/Aug/2021:08:10:45 -0500] "CONNECT arc.msn.com:443 HTTP/1.0" 200 0 "HTTPS" "outgoing via 192.168.50.30"
192.168.6.34 - amorgado [13/Aug/2021:08:10:45 -0500] "GET http://toolbarqueries.google.com/tbr?client=navclient-auto&features=Rank&ch=61529054447&q=info:cafelafm.com HTTP/1.1" 200 1867 "HTTP" "Error 404 (Not Found)!!1"
192.168.6.34 - amorgado [13/Aug/2021:08:10:46 -0500] "GET http://toolbarqueries.google.com/tbr?client=navclient-auto&features=Rank&ch=655718293&q=info:https://cafelafm.com/ HTTP/1.1" 200 1867 "HTTP" "Error 404 (Not Found)!!1"
192.168.6.34 - amorgado [13/Aug/2021:08:10:47 -0500] "CONNECT www.googletagmanager.com:443 HTTP/1.1" 200 0 "HTTPS" "outgoing via 192.168.50.30"
192.168.10.20 - arodriguez [13/Aug/2021:08:10:51 -0500] "CONNECT relay-1c040ae6.net.anydesk.com:80 HTTP/1.1" 200 0 "HTTPS" "outgoing via 192.168.50.30"
192.168.6.34 - amorgado [13/Aug/2021:08:10:53 -0500] "CONNECT api.languagetoolplus.com:443 HTTP/1.1" 200 0 "HTTPS" "outgoing via 192.168.50.30"
192.168.6.34 - amorgado [13/Aug/2021:08:11:09 -0500] "CONNECT arc.msn.com:443 HTTP/1.0" 200 0 "HTTPS" "outgoing via 192.168.50.30"
192.168.6.34 - amorgado [13/Aug/2021:08:11:09 -0500] "CONNECT arc.msn.com:443 HTTP/1.0" 200 0 "HTTPS" "outgoing via 192.168.50.30"
192.168.6.34 - amorgado [13/Aug/2021:08:11:10 -0500] "CONNECT arc.msn.com:443 HTTP/1.0" 200 0 "HTTPS" "outgoing via 192.168.50.30"
192.168.6.34 - amorgado [13/Aug/2021:08:11:10 -0500] "CONNECT settings-ssl.xboxlive.com:443 HTTP/1.0" 200 0 "HTTPS" "outgoing via 192.168.50.30"
192.168.6.34 - amorgado [13/Aug/2021:08:11:12 -0500] "CONNECT beacons.gcp.gvt2.com:443 HTTP/1.1" 200 0 "HTTPS" "outgoing via 192.168.50.30"
192.168.6.34 - amorgado [13/Aug/2021:08:11:18 -0500] "CONNECT g.live.com:443 HTTP/1.0" 200 0 "HTTPS" "outgoing via 192.168.50.30"
192.168.10.20 - arodriguez [13/Aug/2021:08:11:20 -0500] "CONNECT relay-1c040ae6.net.anydesk.com:80 HTTP/1.1" 200 0 "HTTPS" "outgoing via 192.168.50.30"
192.168.6.34 - amorgado [13/Aug/2021:08:11:28 -0500] "CONNECT android.clients.google.com:443 HTTP/1.1" 200 0 "HTTPS" "outgoing via 192.168.50.30"
192.168.6.34 - amorgado [13/Aug/2021:08:11:29 -0500] "GET http://toolbarqueries.google.com/tbr?client=navclient-auto&features=Rank&ch=61529054447&q=info:cafelafm.com HTTP/1.1" 200 1867 "HTTP" "Error 404 (Not Found)!!1"
192.168.6.34 - amorgado [13/Aug/2021:08:11:29 -0500] "GET http://toolbarqueries.google.com/tbr?client=navclient-auto&features=Rank&ch=61952617361&q=info:https://cafelafm.com/acerca-de/ HTTP/1.1" 200 1867 "HTTP" "Error 404 (Not Found)!!1"
192.168.6.34 - amorgado [13/Aug/2021:08:11:29 -0500] "CONNECT api.unsplash.com:443 HTTP/1.1" 200 0 "HTTPS" "outgoing via 192.168.50.30"
192.168.6.34 - amorgado [13/Aug/2021:08:11:30 -0500] "GET http://toolbarqueries.google.com/tbr?client=navclient-auto&features=Rank&ch=61529054447&q=info:cafelafm.com HTTP/1.1" 200 1867 "HTTP" "Error 404 (Not Found)!!1"
192.168.6.34 - amorgado [13/Aug/2021:08:11:30 -0500] "GET http://toolbarqueries.google.com/tbr?client=navclient-auto&features=Rank&ch=61011920981&q=info:https://cafelafm.com/servicios/ HTTP/1.1" 200 1867 "HTTP" "Error 404 (Not Found)!!1"
192.168.6.34 - amorgado [13/Aug/2021:08:11:30 -0500] "CONNECT api.unsplash.com:443 HTTP/1.1" 200 0 "HTTPS" "outgoing via 192.168.50.30"
192.168.6.34 - amorgado [13/Aug/2021:08:11:30 -0500] "GET http://toolbarqueries.google.com/tbr?client=navclient-auto&features=Rank&ch=61529054447&q=info:cafelafm.com HTTP/1.1" 200 1867 "HTTP" "Error 404 (Not Found)!!1"
192.168.6.34 - amorgado [13/Aug/2021:08:11:31 -0500] "GET http://toolbarqueries.google.com/tbr?client=navclient-auto&features=Rank&ch=6348074227&q=info:https://cafelafm.com/noticias/ HTTP/1.1" 200 1867 "HTTP" "Error 404 (Not Found)!!1"
192.168.6.34 - amorgado [13/Aug/2021:08:11:31 -0500] "CONNECT images.unsplash.com:443 HTTP/1.1" 200 0 "HTTPS" "outgoing via 192.168.50.30"
192.168.6.34 - amorgado [13/Aug/2021:08:11:31 -0500] "CONNECT secure.gravatar.com:443 HTTP/1.1" 200 0 "HTTPS" "outgoing via 192.168.50.30"
192.168.6.34 - amorgado [13/Aug/2021:08:11:31 -0500] "CONNECT images.unsplash.com:443 HTTP/1.1" 200 0 "HTTPS" "outgoing via 192.168.50.30"
192.168.6.34 - amorgado [13/Aug/2021:08:11:31 -0500] "CONNECT images.unsplash.com:443 HTTP/1.1" 200 0 "HTTPS" "outgoing via 192.168.50.30"
192.168.6.34 - amorgado [13/Aug/2021:08:11:32 -0500] "GET http://toolbarqueries.google.com/tbr?client=navclient-auto&features=Rank&ch=61529054447&q=info:cafelafm.com HTTP/1.1" 200 1867 "HTTP" "Error 404 (Not Found)!!1"
192.168.6.34 - amorgado [13/Aug/2021:08:11:33 -0500] "GET http://toolbarqueries.google.com/tbr?client=navclient-auto&features=Rank&ch=63009421493&q=info:https://cafelafm.com/tienda/ HTTP/1.1" 200 1867 "HTTP" "Error 404 (Not Found)!!1"
192.168.6.34 - amorgado [13/Aug/2021:08:11:35 -0500] "GET http://toolbarqueries.google.com/tbr?client=navclient-auto&features=Rank&ch=61529054447&q=info:cafelafm.com HTTP/1.1" 200 1867 "HTTP" "Error 404 (Not Found)!!1"
192.168.6.34 - amorgado [13/Aug/2021:08:11:35 -0500] "CONNECT maps.google.com:443 HTTP/1.1" 200 0 "HTTPS" "outgoing via 192.168.50.30"
192.168.6.34 - amorgado [13/Aug/2021:08:11:36 -0500] "GET http://toolbarqueries.google.com/tbr?client=navclient-auto&features=Rank&ch=651302580&q=info:https://cafelafm.com/contacto/ HTTP/1.1" 200 1867 "HTTP" "Error 404 (Not Found)!!1"
192.168.6.34 - amorgado [13/Aug/2021:08:11:37 -0500] "GET http://toolbarqueries.google.com/tbr?client=navclient-auto&features=Rank&ch=61529054447&q=info:cafelafm.com HTTP/1.1" 200 1867 "HTTP" "Error 404 (Not Found)!!1"
192.168.6.34 - amorgado [13/Aug/2021:08:11:38 -0500] "CONNECT maps.googleapis.com:443 HTTP/1.1" 200 0 "HTTPS" "outgoing via 192.168.50.30"
192.168.6.34 - amorgado [13/Aug/2021:08:11:39 -0500] "GET http://toolbarqueries.google.com/tbr?client=navclient-auto&features=Rank&ch=64029253337&q=info:https://cafelafm.com/wp-admin/post.php?post=395&action=elementor HTTP/1.1" 200 1867 "HTTP" "Error 404 (Not Found)!!1"
192.168.6.34 - amorgado [13/Aug/2021:08:11:39 -0500] "GET http://toolbarqueries.google.com/tbr?client=navclient-auto&features=Rank&ch=61529054447&q=info:cafelafm.com HTTP/1.1" 200 1867 "HTTP" "Error 404 (Not Found)!!1"
192.168.6.34 - amorgado [13/Aug/2021:08:11:39 -0500] "GET http://toolbarqueries.google.com/tbr?client=navclient-auto&features=Rank&ch=63322498416&q=info:https://cafelafm.com/wp-admin/post.php?post=144&action=elementor HTTP/1.1" 200 1867 "HTTP" "Error 404 (Not Found)!!1"
192.168.6.34 - amorgado [13/Aug/2021:08:11:40 -0500] "GET http://toolbarqueries.google.com/tbr?client=navclient-auto&features=Rank&ch=61529054447&q=info:cafelafm.com HTTP/1.1" 200 1867 "HTTP" "Error 404 (Not Found)!!1"
192.168.6.34 - amorgado [13/Aug/2021:08:11:40 -0500] "CONNECT maps.gstatic.com:443 HTTP/1.1" 200 0 "HTTPS" "outgoing via 192.168.50.30"
192.168.6.34 - amorgado [13/Aug/2021:08:11:41 -0500] "GET http://toolbarqueries.google.com/tbr?client=navclient-auto&features=Rank&ch=63916201951&q=info:https://cafelafm.com/wp-admin/post.php?post=146&action=elementor HTTP/1.1" 200 1867 "HTTP" "Error 404 (Not Found)!!1"
192.168.6.34 - amorgado [13/Aug/2021:08:11:42 -0500] "GET http://toolbarqueries.google.com/tbr?client=navclient-auto&features=Rank&ch=61529054447&q=info:cafelafm.com HTTP/1.1" 200 1867 "HTTP" "Error 404 (Not Found)!!1"
192.168.6.34 - amorgado [13/Aug/2021:08:11:44 -0500] "CONNECT nexusrules.officeapps.live.com:443 HTTP/1.1" 200 0 "HTTPS" "outgoing via 192.168.50.30"
192.168.6.34 - amorgado [13/Aug/2021:08:11:44 -0500] "GET http://toolbarqueries.google.com/tbr?client=navclient-auto&features=Rank&ch=64145057786&q=info:https://cafelafm.com/wp-admin/customize.php?url=https%3A%2F%2Fcafelafm.com%2Fnoticias%2F HTTP/1.1" 200 1867 "HTTP" "Error 404 (Not Found)!!1"
192.168.6.34 - amorgado [13/Aug/2021:08:11:44 -0500] "CONNECT khms1.googleapis.com:443 HTTP/1.1" 200 0 "HTTPS" "outgoing via 192.168.50.30"
192.168.6.34 - amorgado [13/Aug/2021:08:11:45 -0500] "GET http://toolbarqueries.google.com/tbr?client=navclient-auto&features=Rank&ch=61529054447&q=info:cafelafm.com HTTP/1.1" 200 1867 "HTTP" "Error 404 (Not Found)!!1"
192.168.6.34 - amorgado [13/Aug/2021:08:11:45 -0500] "GET http://toolbarqueries.google.com/tbr?client=navclient-auto&features=Rank&ch=6537076376&q=info:https://cafelafm.com/wp-admin/customize.php?url=https%3A%2F%2Fcafelafm.com%2Ftienda%2F HTTP/1.1" 200 1867 "HTTP" "Error 404 (Not Found)!!1"
192.168.6.34 - amorgado [13/Aug/2021:08:11:46 -0500] "CONNECT maps.googleapis.com:443 HTTP/1.1" 200 0 "HTTPS" "outgoing via 192.168.50.30"
192.168.6.34 - amorgado [13/Aug/2021:08:11:47 -0500] "GET http://redirector.gvt1.com/edgedl/release2/chrome_component/exv24ii57hvaz5curtdokr6vuu_2021.8.13.1/kiabhabjdbkjdpjbpigfodbdjmbglcoo_2021.08.13.01_all_ad5wx3ndivccchw7ypjxji2kw4iq.crx3 HTTP/1.1" 200 1349 "HTTP" "302 Moved"
192.168.6.34 - amorgado [13/Aug/2021:08:11:47 -0500] "GET http://r2---sn-xuxjn5-i58e.gvt1.com/edgedl/release2/chrome_component/exv24ii57hvaz5curtdokr6vuu_2021.8.13.1/kiabhabjdbkjdpjbpigfodbdjmbglcoo_2021.08.13.01_all_ad5wx3ndivccchw7ypjxji2kw4iq.crx3?cms_redirect=yes&mh=wV&mip=200.55.144.170&mm=28&mn=sn-xuxjn5-i58e&ms=nvh&mt=1628856226&mv=u&mvi=2&pl=21&shardbypass=yes HTTP/1.1" 200 10653 "HTTP" ""
192.168.6.34 - amorgado [13/Aug/2021:08:11:48 -0500] "GET http://toolbarqueries.google.com/tbr?client=navclient-auto&features=Rank&ch=61529054447&q=info:cafelafm.com HTTP/1.1" 200 1867 "HTTP" "Error 404 (Not Found)!!1"
192.168.6.34 - amorgado [13/Aug/2021:08:11:48 -0500] "CONNECT api.unsplash.com:443 HTTP/1.1" 200 0 "HTTPS" "outgoing via 192.168.50.30"
192.168.6.34 - amorgado [13/Aug/2021:08:11:48 -0500] "GET http://toolbarqueries.google.com/tbr?client=navclient-auto&features=Rank&ch=62303170189&q=info:https://cafelafm.com/wp-admin/ HTTP/1.1" 200 1867 "HTTP" "Error 404 (Not Found)!!1"
192.168.6.34 - amorgado [13/Aug/2021:08:11:49 -0500] "CONNECT cdnjs.cloudflare.com:443 HTTP/1.1" 200 0 "HTTPS" "outgoing via 192.168.50.30"
192.168.6.34 - amorgado [13/Aug/2021:08:11:49 -0500] "CONNECT cdnjs.cloudflare.com:443 HTTP/1.1" 200 0 "HTTPS" "outgoing via 192.168.50.30"
192.168.10.20 - arodriguez [13/Aug/2021:08:11:49 -0500] "CONNECT relay-1c040ae6.net.anydesk.com:80 HTTP/1.1" 200 0 "HTTPS" "outgoing via 192.168.50.30"
192.168.6.34 - amorgado [13/Aug/2021:08:11:50 -0500] "CONNECT images.unsplash.com:443 HTTP/1.1" 200 0 "HTTPS" "outgoing via 192.168.50.30"
192.168.6.34 - amorgado [13/Aug/2021:08:11:51 -0500] "GET http://toolbarqueries.google.com/tbr?client=navclient-auto&features=Rank&ch=61529054447&q=info:cafelafm.com HTTP/1.1" 200 1867 "HTTP" "Error 404 (Not Found)!!1"
192.168.6.34 - amorgado [13/Aug/2021:08:11:51 -0500] "CONNECT mtalk.google.com:5228 HTTP/1.1" 200 0 "HTTPS" "outgoing via 192.168.50.30"
192.168.6.34 - amorgado [13/Aug/2021:08:11:52 -0500] "GET http://toolbarqueries.google.com/tbr?client=navclient-auto&features=Rank&ch=63989501150&q=info:https://cafelafm.com/wp-admin/post.php?post=150&action=elementor HTTP/1.1" 200 1867 "HTTP" "Error 404 (Not Found)!!1"
192.168.6.34 - amorgado [13/Aug/2021:08:11:53 -0500] "CONNECT clients4.google.com:443 HTTP/1.1" 200 0 "HTTPS" "outgoing via 192.168.50.30"
192.168.6.34 - amorgado [13/Aug/2021:08:12:01 -0500] "CONNECT beacons.gvt2.com:443 HTTP/1.1" 200 0 "HTTPS" "outgoing via 192.168.50.30"
192.168.6.34 - amorgado [13/Aug/2021:08:12:01 -0500] "CONNECT beacons.gvt2.com:443 HTTP/1.1" 200 0 "HTTPS" "outgoing via 192.168.50.30"
192.168.6.34 - amorgado [13/Aug/2021:08:12:03 -0500] "CONNECT ssl.gstatic.com:443 HTTP/1.1" 200 0 "HTTPS" "outgoing via 192.168.50.30"
192.168.6.34 - amorgado [13/Aug/2021:08:12:07 -0500] "CONNECT fonts.googleapis.com:443 HTTP/1.1" 200 0 "HTTPS" "outgoing via 192.168.50.30"
192.168.6.34 - amorgado [13/Aug/2021:08:12:07 -0500] "CONNECT fonts.googleapis.com:443 HTTP/1.1" 200 0 "HTTPS" "outgoing via 192.168.50.30"
192.168.6.34 - amorgado [13/Aug/2021:08:12:08 -0500] "CONNECT ajax.googleapis.com:443 HTTP/1.1" 200 0 "HTTPS" "outgoing via 192.168.50.30"
192.168.6.34 - amorgado [13/Aug/2021:08:12:10 -0500] "CONNECT maps.google.com:443 HTTP/1.1" 200 0 "HTTPS" "outgoing via 192.168.50.30"
192.168.6.34 - amorgado [13/Aug/2021:08:12:10 -0500] "CONNECT geo.prod.do.dsp.mp.microsoft.com:443 HTTP/1.1" 200 0 "HTTPS" "outgoing via 192.168.50.30"
192.168.6.34 - amorgado [13/Aug/2021:08:12:11 -0500] "GET http://toolbarqueries.google.com/tbr?client=navclient-auto&features=Rank&ch=61529054447&q=info:cafelafm.com HTTP/1.1" 200 1867 "HTTP" "Error 404 (Not Found)!!1"
192.168.6.34 - amorgado [13/Aug/2021:08:12:11 -0500] "GET http://toolbarqueries.google.com/tbr?client=navclient-auto&features=Rank&ch=62261964022&q=info:https://cafelafm.com/wp-admin/admin.php?page=googlesitekit-splash HTTP/1.1" 200 1867 "HTTP" "Error 404 (Not Found)!!1"
192.168.6.34 - amorgado [13/Aug/2021:08:12:12 -0500] "CONNECT kv601.prod.do.dsp.mp.microsoft.com:443 HTTP/1.1" 200 0 "HTTPS" "outgoing via 192.168.50.30"
192.168.6.34 - amorgado [13/Aug/2021:08:12:12 -0500] "CONNECT www.gstatic.com:443 HTTP/1.1" 200 0 "HTTPS" "outgoing via 192.168.50.30"
192.168.6.34 - amorgado [13/Aug/2021:08:12:13 -0500] "CONNECT ad.wappalyzer.com:443 HTTP/1.1" 200 0 "HTTPS" "outgoing via 192.168.50.30"
192.168.6.34 - amorgado [13/Aug/2021:08:12:13 -0500] "CONNECT ad.wappalyzer.com:443 HTTP/1.1" 200 0 "HTTPS" "outgoing via 192.168.50.30"
192.168.6.34 - amorgado [13/Aug/2021:08:12:13 -0500] "CONNECT ad.wappalyzer.com:443 HTTP/1.1" 200 0 "HTTPS" "outgoing via 192.168.50.30"
192.168.6.34 - amorgado [13/Aug/2021:08:12:13 -0500] "CONNECT ad.wappalyzer.com:443 HTTP/1.1" 200 0 "HTTPS" "outgoing via 192.168.50.30"
192.168.6.34 - amorgado [13/Aug/2021:08:12:13 -0500] "CONNECT ad.wappalyzer.com:443 HTTP/1.1" 200 0 "HTTPS" "outgoing via 192.168.50.30"
192.168.6.34 - amorgado [13/Aug/2021:08:12:13 -0500] "CONNECT ad.wappalyzer.com:443 HTTP/1.1" 200 0 "HTTPS" "outgoing via 192.168.50.30"
192.168.6.34 - amorgado [13/Aug/2021:08:12:13 -0500] "CONNECT cp601.prod.do.dsp.mp.microsoft.com:443 HTTP/1.1" 200 0 "HTTPS" "outgoing via 192.168.50.30"
192.168.6.34 - amorgado [13/Aug/2021:08:12:14 -0500] "GET http://officecdn.microsoft.com/pr/492350f6-3a01-4f97-b9c0-c7c6ddf67d60/Office/Data/v64.cab HTTP/1.1" 200 10732 "HTTP" ""
192.168.6.34 - amorgado [13/Aug/2021:08:12:15 -0500] "CONNECT cafelafm.com:443 HTTP/1.1" 200 0 "HTTPS" "outgoing via 192.168.50.30"
192.168.10.20 - arodriguez [13/Aug/2021:08:12:18 -0500] "CONNECT relay-1c040ae6.net.anydesk.com:80 HTTP/1.1" 200 0 "HTTPS" "outgoing via 192.168.50.30"
192.168.6.34 - amorgado [13/Aug/2021:08:12:28 -0500] "CONNECT beacons.gcp.gvt2.com:443 HTTP/1.1" 200 0 "HTTPS" "outgoing via 192.168.50.30"
192.168.6.34 - amorgado [13/Aug/2021:08:12:28 -0500] "CONNECT beacons.gcp.gvt2.com:443 HTTP/1.1" 200 0 "HTTPS" "outgoing via 192.168.50.30"
192.168.6.34 - amorgado [13/Aug/2021:08:12:30 -0500] "CONNECT signaler-pa.googleapis.com:443 HTTP/1.1" 200 0 "HTTPS" "outgoing via 192.168.50.30"
192.168.6.34 - amorgado [13/Aug/2021:08:12:38 -0500] "GET http://toolbarqueries.google.com/tbr?client=navclient-auto&features=Rank&ch=61529054447&q=info:cafelafm.com HTTP/1.1" 200 1867 "HTTP" "Error 404 (Not Found)!!1"
192.168.6.34 - amorgado [13/Aug/2021:08:12:38 -0500] "GET http://toolbarqueries.google.com/tbr?client=navclient-auto&features=Rank&ch=62261964022&q=info:https://cafelafm.com/wp-admin/admin.php?page=googlesitekit-splash HTTP/1.1" 200 1867 "HTTP" "Error 404 (Not Found)!!1"
192.168.6.34 - amorgado [13/Aug/2021:08:12:43 -0500] "CONNECT images.unsplash.com:443 HTTP/1.1" 200 0 "HTTPS" "outgoing via 192.168.50.30"
192.168.6.34 - amorgado [13/Aug/2021:08:12:43 -0500] "CONNECT images.unsplash.com:443 HTTP/1.1" 200 0 "HTTPS" "outgoing via 192.168.50.30"
192.168.6.34 - amorgado [13/Aug/2021:08:12:43 -0500] "CONNECT images.unsplash.com:443 HTTP/1.1" 200 0 "HTTPS" "outgoing via 192.168.50.30"
192.168.6.34 - amorgado [13/Aug/2021:08:12:43 -0500] "CONNECT ssl.google-analytics.com:443 HTTP/1.1" 200 0 "HTTPS" "outgoing via 192.168.50.30"
192.168.6.34 - amorgado [13/Aug/2021:08:12:44 -0500] "CONNECT qvapay.com:443 HTTP/1.1" 200 0 "HTTPS" "outgoing via 192.168.50.30"
192.168.6.34 - amorgado [13/Aug/2021:08:12:45 -0500] "CONNECT beacons.gcp.gvt2.com:443 HTTP/1.1" 200 0 "HTTPS" "outgoing via 192.168.50.30"
192.168.6.34 - amorgado [13/Aug/2021:08:12:45 -0500] "CONNECT www.google-analytics.com:443 HTTP/1.1" 200 0 "HTTPS" "outgoing via 192.168.50.30"
192.168.6.34 - amorgado [13/Aug/2021:08:12:47 -0500] "CONNECT stats.g.doubleclick.net:443 HTTP/1.1" 200 0 "HTTPS" "outgoing via 192.168.50.30"
192.168.10.20 - arodriguez [13/Aug/2021:08:12:47 -0500] "CONNECT relay-1c040ae6.net.anydesk.com:80 HTTP/1.1" 200 0 "HTTPS" "outgoing via 192.168.50.30"
192.168.6.34 - amorgado [13/Aug/2021:08:12:48 -0500] "CONNECT stats.g.doubleclick.net:443 HTTP/1.1" 200 0 "HTTPS" "outgoing via 192.168.50.30"
192.168.6.34 - amorgado [13/Aug/2021:08:12:49 -0500] "GET http://toolbarqueries.google.com/tbr?client=navclient-auto&features=Rank&ch=61529054447&q=info:cafelafm.com HTTP/1.1" 200 1867 "HTTP" "Error 404 (Not Found)!!1"
192.168.6.34 - amorgado [13/Aug/2021:08:12:50 -0500] "GET http://toolbarqueries.google.com/tbr?client=navclient-auto&features=Rank&ch=6814733115&q=info:https://qvapay.com/ HTTP/1.1" 200 1867 "HTTP" "Error 404 (Not Found)!!1"
192.168.6.34 - amorgado [13/Aug/2021:08:12:51 -0500] "CONNECT www.googletagmanager.com:443 HTTP/1.1" 200 0 "HTTPS" "outgoing via 192.168.50.30"
192.168.6.34 - amorgado [13/Aug/2021:08:12:51 -0500] "CONNECT medium-widget.pixelpoint.io:443 HTTP/1.1" 200 0 "HTTPS" "outgoing via 192.168.50.30"
192.168.6.34 - amorgado [13/Aug/2021:08:12:51 -0500] "CONNECT static.cloudflareinsights.com:443 HTTP/1.1" 200 0 "HTTPS" "outgoing via 192.168.50.30"
192.168.6.34 - amorgado [13/Aug/2021:08:12:51 -0500] "CONNECT fonts.gstatic.com:443 HTTP/1.1" 200 0 "HTTPS" "outgoing via 192.168.50.30"
192.168.6.34 - amorgado [13/Aug/2021:08:12:52 -0500] "CONNECT medium-widget-api.pixelpoint.io:443 HTTP/1.1" 200 0 "HTTPS" "outgoing via 192.168.50.30"
192.168.6.34 - amorgado [13/Aug/2021:08:12:53 -0500] "CONNECT qvapay.com:443 HTTP/1.1" 200 0 "HTTPS" "outgoing via 192.168.50.30"
192.168.6.34 - amorgado [13/Aug/2021:08:12:53 -0500] "CONNECT miro.medium.com:443 HTTP/1.1" 200 0 "HTTPS" "outgoing via 192.168.50.30"
192.168.6.34 - amorgado [13/Aug/2021:08:12:53 -0500] "CONNECT cdn-images-1.medium.com:443 HTTP/1.1" 200 0 "HTTPS" "outgoing via 192.168.50.30"
192.168.6.34 - amorgado [13/Aug/2021:08:12:53 -0500] "CONNECT cdn-images-1.medium.com:443 HTTP/1.1" 200 0 "HTTPS" "outgoing via 192.168.50.30"
192.168.6.34 - amorgado [13/Aug/2021:08:12:53 -0500] "CONNECT cdn-images-1.medium.com:443 HTTP/1.1" 200 0 "HTTPS" "outgoing via 192.168.50.30"
192.168.6.34 - amorgado [13/Aug/2021:08:12:54 -0500] "GET http://toolbarqueries.google.com/tbr?client=navclient-auto&features=Rank&ch=6734671181&q=info:https://qvapay.com/login HTTP/1.1" 200 1867 "HTTP" "Error 404 (Not Found)!!1"
192.168.6.34 - amorgado [13/Aug/2021:08:12:55 -0500] "CONNECT www.gstatic.com:443 HTTP/1.1" 200 0 "HTTPS" "outgoing via 192.168.50.30"
192.168.6.34 - amorgado [13/Aug/2021:08:12:55 -0500] "CONNECT www.gstatic.com:443 HTTP/1.1" 200 0 "HTTPS" "outgoing via 192.168.50.30"
192.168.6.34 - amorgado [13/Aug/2021:08:12:56 -0500] "CONNECT qvapay.com:443 HTTP/1.1" 200 0 "HTTPS" "outgoing via 192.168.50.30"
192.168.6.34 - amorgado [13/Aug/2021:08:12:56 -0500] "GET http://toolbarqueries.google.com/tbr?client=navclient-auto&features=Rank&ch=62917832307&q=info:qvapay.com HTTP/1.1" 200 1867 "HTTP" "Error 404 (Not Found)!!1"
192.168.6.34 - amorgado [13/Aug/2021:08:12:56 -0500] "GET http://toolbarqueries.google.com/tbr?client=navclient-auto&features=Rank&ch=63924665310&q=info:https://qvapay.com/dashboard HTTP/1.1" 200 1867 "HTTP" "Error 404 (Not Found)!!1"
192.168.6.34 - amorgado [13/Aug/2021:08:12:58 -0500] "CONNECT passwordsleakcheck-pa.googleapis.com:443 HTTP/1.1" 200 0 "HTTPS" "outgoing via 192.168.50.30"
192.168.6.34 - amorgado [13/Aug/2021:08:12:58 -0500] "CONNECT qvapay.com:443 HTTP/1.1" 200 0 "HTTPS" "outgoing via 192.168.50.30"
192.168.6.34 - amorgado [13/Aug/2021:08:13:04 -0500] "CONNECT miro.medium.com:443 HTTP/1.1" 200 0 "HTTPS" "outgoing via 192.168.50.30"
192.168.6.34 - amorgado [13/Aug/2021:08:13:04 -0500] "CONNECT cdn-images-1.medium.com:443 HTTP/1.1" 200 0 "HTTPS" "outgoing via 192.168.50.30"
192.168.6.34 - amorgado [13/Aug/2021:08:13:04 -0500] "CONNECT cdn-images-1.medium.com:443 HTTP/1.1" 200 0 "HTTPS" "outgoing via 192.168.50.30"
192.168.6.34 - amorgado [13/Aug/2021:08:13:04 -0500] "CONNECT cdn-images-1.medium.com:443 HTTP/1.1" 200 0 "HTTPS" "outgoing via 192.168.50.30"
192.168.6.34 - amorgado [13/Aug/2021:08:13:05 -0500] "CONNECT clients4.google.com:443 HTTP/1.1" 200 0 "HTTPS" "outgoing via 192.168.50.30"
192.168.6.34 - amorgado [13/Aug/2021:08:13:09 -0500] "CONNECT www.google-analytics.com:443 HTTP/1.1" 200 0 "HTTPS" "outgoing via 192.168.50.30"
192.168.10.20 - arodriguez [13/Aug/2021:08:13:16 -0500] "CONNECT relay-1c040ae6.net.anydesk.com:80 HTTP/1.1" 200 0 "HTTPS" "outgoing via 192.168.50.30"
192.168.10.20 - arodriguez [13/Aug/2021:08:13:30 -0500] "CONNECT relay-bd01ff02.net.anydesk.com:80 HTTP/1.1" 200 0 "HTTPS" "outgoing via 192.168.50.30"
192.168.6.34 - amorgado [13/Aug/2021:08:13:30 -0500] "GET http://toolbarqueries.google.com/tbr?client=navclient-auto&features=Rank&ch=62132230266&q=info:https://qvapay.com/transactions HTTP/1.1" 200 1867 "HTTP" "Error 404 (Not Found)!!1"
192.168.6.34 - amorgado [13/Aug/2021:08:13:37 -0500] "CONNECT analytics.google.com:443 HTTP/1.1" 200 0 "HTTPS" "outgoing via 192.168.50.30"
192.168.6.34 - amorgado [13/Aug/2021:08:13:38 -0500] "CONNECT csi.gstatic.com:443 HTTP/1.1" 200 0 "HTTPS" "outgoing via 192.168.50.30"
192.168.6.34 - amorgado [13/Aug/2021:08:13:41 -0500] "CONNECT cafelafm.com:443 HTTP/1.1" 200 0 "HTTPS" "outgoing via 192.168.50.30"
192.168.6.34 - amorgado [13/Aug/2021:08:13:42 -0500] "GET http://toolbarqueries.google.com/tbr?client=navclient-auto&features=Rank&ch=62917832307&q=info:qvapay.com HTTP/1.1" 200 1867 "HTTP" "Error 404 (Not Found)!!1"
192.168.6.34 - amorgado [13/Aug/2021:08:13:42 -0500] "GET http://toolbarqueries.google.com/tbr?client=navclient-auto&features=Rank&ch=6371999450&q=info:https://qvapay.com/transactions/d05c7eec-2499-4851-a117-e36787ab978a HTTP/1.1" 200 1867 "HTTP" "Error 404 (Not Found)!!1"
192.168.6.34 - amorgado [13/Aug/2021:08:13:49 -0500] "GET http://toolbarqueries.google.com/tbr?client=navclient-auto&features=Rank&ch=62917832307&q=info:qvapay.com HTTP/1.1" 200 1867 "HTTP" "Error 404 (Not Found)!!1"
192.168.6.34 - amorgado [13/Aug/2021:08:13:49 -0500] "GET http://toolbarqueries.google.com/tbr?client=navclient-auto&features=Rank&ch=62324741079&q=info:https://qvapay.com/payme/lieslermorales HTTP/1.1" 200 1867 "HTTP" "Error 404 (Not Found)!!1"
192.168.6.34 - amorgado [13/Aug/2021:08:13:50 -0500] "CONNECT platform-api.sharethis.com:443 HTTP/1.1" 200 0 "HTTPS" "outgoing via 192.168.50.30"
192.168.6.34 - amorgado [13/Aug/2021:08:13:50 -0500] "GET http://toolbarqueries.google.com/tbr?client=navclient-auto&features=Rank&ch=62917832307&q=info:qvapay.com HTTP/1.1" 200 1867 "HTTP" "Error 404 (Not Found)!!1"
192.168.6.34 - amorgado [13/Aug/2021:08:13:51 -0500] "GET http://toolbarqueries.google.com/tbr?client=navclient-auto&features=Rank&ch=61614230877&q=info:https://qvapay.com/payme/lieslermorales HTTP/1.1" 200 1867 "HTTP" "Error 404 (Not Found)!!1"
192.168.6.34 - amorgado [13/Aug/2021:08:13:52 -0500] "CONNECT buttons-config.sharethis.com:443 HTTP/1.1" 200 0 "HTTPS" "outgoing via 192.168.50.30"
192.168.6.34 - amorgado [13/Aug/2021:08:13:52 -0500] "CONNECT c.sharethis.mgr.consensu.org:443 HTTP/1.1" 200 0 "HTTPS" "outgoing via 192.168.50.30"
192.168.6.34 - amorgado [13/Aug/2021:08:13:53 -0500] "CONNECT platform-cdn.sharethis.com:443 HTTP/1.1" 200 0 "HTTPS" "outgoing via 192.168.50.30"
192.168.6.34 - amorgado [13/Aug/2021:08:13:53 -0500] "CONNECT platform-cdn.sharethis.com:443 HTTP/1.1" 200 0 "HTTPS" "outgoing via 192.168.50.30"
192.168.6.34 - amorgado [13/Aug/2021:08:13:53 -0500] "CONNECT platform-cdn.sharethis.com:443 HTTP/1.1" 200 0 "HTTPS" "outgoing via 192.168.50.30"
192.168.6.34 - amorgado [13/Aug/2021:08:13:53 -0500] "CONNECT platform-cdn.sharethis.com:443 HTTP/1.1" 200 0 "HTTPS" "outgoing via 192.168.50.30"
192.168.6.34 - amorgado [13/Aug/2021:08:13:53 -0500] "CONNECT platform-cdn.sharethis.com:443 HTTP/1.1" 200 0 "HTTPS" "outgoing via 192.168.50.30"
192.168.6.34 - amorgado [13/Aug/2021:08:13:53 -0500] "CONNECT platform-cdn.sharethis.com:443 HTTP/1.1" 200 0 "HTTPS" "outgoing via 192.168.50.30"
192.168.6.34 - amorgado [13/Aug/2021:08:13:53 -0500] "CONNECT count-server.sharethis.com:443 HTTP/1.1" 200 0 "HTTPS" "outgoing via 192.168.50.30"
192.168.6.34 - amorgado [13/Aug/2021:08:13:54 -0500] "CONNECT l.sharethis.com:443 HTTP/1.1" 200 0 "HTTPS" "outgoing via 192.168.50.30"
192.168.10.20 - arodriguez [13/Aug/2021:08:13:59 -0500] "CONNECT relay-bd01ff02.net.anydesk.com:80 HTTP/1.1" 200 0 "HTTPS" "outgoing via 192.168.50.30"
192.168.6.34 - amorgado [13/Aug/2021:08:14:01 -0500] "GET http://toolbarqueries.google.com/tbr?client=navclient-auto&features=Rank&ch=62917832307&q=info:qvapay.com HTTP/1.1" 200 1867 "HTTP" "Error 404 (Not Found)!!1"
192.168.6.34 - amorgado [13/Aug/2021:08:14:01 -0500] "GET http://toolbarqueries.google.com/tbr?client=navclient-auto&features=Rank&ch=62324741079&q=info:https://qvapay.com/payme/lieslermorales HTTP/1.1" 200 1867 "HTTP" "Error 404 (Not Found)!!1"
192.168.6.34 - amorgado [13/Aug/2021:08:14:09 -0500] "CONNECT maps.googleapis.com:443 HTTP/1.1" 200 0 "HTTPS" "outgoing via 192.168.50.30"
192.168.6.34 - amorgado [13/Aug/2021:08:14:09 -0500] "CONNECT www.google.com:443 HTTP/1.1" 200 0 "HTTPS" "outgoing via 192.168.50.30"
192.168.6.34 - amorgado [13/Aug/2021:08:14:09 -0500] "CONNECT maps.googleapis.com:443 HTTP/1.1" 200 0 "HTTPS" "outgoing via 192.168.50.30"
192.168.6.34 - amorgado [13/Aug/2021:08:14:09 -0500] "CONNECT maps.googleapis.com:443 HTTP/1.1" 200 0 "HTTPS" "outgoing via 192.168.50.30"
192.168.6.34 - amorgado [13/Aug/2021:08:14:10 -0500] "CONNECT www.facebook.com:443 HTTP/1.1" 200 0 "HTTPS" "outgoing via 192.168.50.30"
192.168.6.34 - amorgado [13/Aug/2021:08:14:10 -0500] "CONNECT www.facebook.com:443 HTTP/1.1" 200 0 "HTTPS" "outgoing via 192.168.50.30"
192.168.6.34 - amorgado [13/Aug/2021:08:14:10 -0500] "CONNECT edge-chat.facebook.com:443 HTTP/1.1" 200 0 "HTTPS" "outgoing via 192.168.50.30"
192.168.6.34 - amorgado [13/Aug/2021:08:14:10 -0500] "CONNECT fonts.googleapis.com:443 HTTP/1.1" 200 0 "HTTPS" "outgoing via 192.168.50.30"
192.168.6.34 - amorgado [13/Aug/2021:08:14:10 -0500] "CONNECT fonts.googleapis.com:443 HTTP/1.1" 200 0 "HTTPS" "outgoing via 192.168.50.30"
192.168.6.34 - amorgado [13/Aug/2021:08:14:10 -0500] "CONNECT maps.gstatic.com:443 HTTP/1.1" 200 0 "HTTPS" "outgoing via 192.168.50.30"
192.168.6.34 - amorgado [13/Aug/2021:08:14:12 -0500] "CONNECT fonts.gstatic.com:443 HTTP/1.1" 200 0 "HTTPS" "outgoing via 192.168.50.30"
192.168.6.34 - amorgado [13/Aug/2021:08:14:12 -0500] "CONNECT fonts.gstatic.com:443 HTTP/1.1" 200 0 "HTTPS" "outgoing via 192.168.50.30"
192.168.6.34 - amorgado [13/Aug/2021:08:14:23 -0500] "CONNECT beacons.gvt2.com:443 HTTP/1.1" 200 0 "HTTPS" "outgoing via 192.168.50.30"
192.168.6.34 - amorgado [13/Aug/2021:08:14:23 -0500] "CONNECT beacons.gvt2.com:443 HTTP/1.1" 200 0 "HTTPS" "outgoing via 192.168.50.30"
192.168.6.34 - amorgado [13/Aug/2021:08:14:25 -0500] "CONNECT e2clock.gcp.gvt2.com:443 HTTP/1.1" 200 0 "HTTPS" "outgoing via 192.168.50.30"
192.168.10.20 - arodriguez [13/Aug/2021:08:14:28 -0500] "CONNECT relay-bd01ff02.net.anydesk.com:80 HTTP/1.1" 200 0 "HTTPS" "outgoing via 192.168.50.30"
192.168.6.34 - amorgado [13/Aug/2021:08:14:28 -0500] "CONNECT beacons2.gvt2.com:443 HTTP/1.1" 200 0 "HTTPS" "outgoing via 192.168.50.30"
192.168.6.34 - amorgado [13/Aug/2021:08:14:30 -0500] "CONNECT beacons3.gvt2.com:443 HTTP/1.1" 200 0 "HTTPS" "outgoing via 192.168.50.30"
192.168.6.34 - amorgado [13/Aug/2021:08:14:48 -0500] "CONNECT beacons.gcp.gvt2.com:443 HTTP/1.1" 200 0 "HTTPS" "outgoing via 192.168.50.30"
192.168.6.34 - amorgado [13/Aug/2021:08:14:50 -0500] "CONNECT beacons.gcp.gvt2.com:443 HTTP/1.1" 200 0 "HTTPS" "outgoing via 192.168.50.30"
192.168.10.20 - arodriguez [13/Aug/2021:08:14:57 -0500] "CONNECT relay-bd01ff02.net.anydesk.com:80 HTTP/1.1" 200 0 "HTTPS" "outgoing via 192.168.50.30"
192.168.6.34 - amorgado [13/Aug/2021:08:15:00 -0500] "CONNECT beacons.gcp.gvt2.com:443 HTTP/1.1" 200 0 "HTTPS" "outgoing via 192.168.50.30"
192.168.5.30 - naisy [13/Aug/2021:08:15:05 -0500] "CONNECT push.services.mozilla.com:443 HTTP/1.1" 200 0 "HTTPS" "outgoing via 192.168.50.30"
192.168.5.30 - naisy [13/Aug/2021:08:15:05 -0500] "GET http://detectportal.firefox.com/success.txt HTTP/1.1" 200 362 "HTTP" ""
192.168.5.30 - naisy [13/Aug/2021:08:15:05 -0500] "CONNECT tiles.services.mozilla.com:443 HTTP/1.1" 200 0 "HTTPS" "outgoing via 192.168.50.30"
192.168.5.30 - naisy [13/Aug/2021:08:15:05 -0500] "POST http://ocsp.digicert.com/ HTTP/1.1" 200 947 "HTTP" ""
192.168.5.30 - naisy [13/Aug/2021:08:15:05 -0500] "CONNECT aus5.mozilla.org:443 HTTP/1.1" 200 0 "HTTPS" "outgoing via 192.168.50.30"
192.168.5.30 - naisy [13/Aug/2021:08:15:05 -0500] "CONNECT snippets.cdn.mozilla.net:443 HTTP/1.1" 200 0 "HTTPS" "outgoing via 192.168.50.30"
192.168.5.30 - naisy [13/Aug/2021:08:15:06 -0500] "GET http://detectportal.firefox.com/success.txt HTTP/1.1" 200 362 "HTTP" ""
192.168.5.30 - naisy [13/Aug/2021:08:15:06 -0500] "CONNECT safebrowsing.googleapis.com:443 HTTP/1.1" 200 0 "HTTPS" "outgoing via 192.168.50.30"
192.168.5.30 - naisy [13/Aug/2021:08:15:07 -0500] "CONNECT snippets.cdn.mozilla.net:443 HTTP/1.1" 200 0 "HTTPS" "outgoing via 192.168.50.30"
192.168.5.30 - naisy [13/Aug/2021:08:15:07 -0500] "CONNECT firefox.settings.services.mozilla.com:443 HTTP/1.1" 200 0 "HTTPS" "outgoing via 192.168.50.30"
192.168.5.30 - naisy [13/Aug/2021:08:15:09 -0500] "CONNECT tiles.services.mozilla.com:443 HTTP/1.1" 200 0 "HTTPS" "outgoing via 192.168.50.30"
192.168.5.30 - naisy [13/Aug/2021:08:15:09 -0500] "CONNECT tiles.services.mozilla.com:443 HTTP/1.1" 200 0 "HTTPS" "outgoing via 192.168.50.30"
192.168.5.30 - naisy [13/Aug/2021:08:15:09 -0500] "GET http://detectportal.firefox.com/success.txt HTTP/1.1" 200 362 "HTTP" ""
192.168.10.20 - arodriguez [13/Aug/2021:08:15:10 -0500] "CONNECT relay-b51eac1f.net.anydesk.com:80 HTTP/1.1" 200 0 "HTTPS" "outgoing via 192.168.50.30"
192.168.5.30 - naisy [13/Aug/2021:08:15:11 -0500] "CONNECT shavar.services.mozilla.com:443 HTTP/1.1" 200 0 "HTTPS" "outgoing via 192.168.50.30"
192.168.6.34 - amorgado [13/Aug/2021:08:15:19 -0500] "CONNECT stats.g.doubleclick.net:443 HTTP/1.1" 200 0 "HTTPS" "outgoing via 192.168.50.30"
192.168.6.34 - amorgado [13/Aug/2021:08:15:20 -0500] "CONNECT stats.g.doubleclick.net:443 HTTP/1.1" 200 0 "HTTPS" "outgoing via 192.168.50.30"
192.168.6.34 - amorgado [13/Aug/2021:08:15:26 -0500] "CONNECT beacons.gcp.gvt2.com:443 HTTP/1.1" 200 0 "HTTPS" "outgoing via 192.168.50.30"
192.168.10.20 - arodriguez [13/Aug/2021:08:15:39 -0500] "CONNECT relay-b51eac1f.net.anydesk.com:80 HTTP/1.1" 200 0 "HTTPS" "outgoing via 192.168.50.30"
192.168.6.34 - amorgado [13/Aug/2021:08:15:52 -0500] "CONNECT signaler-pa.googleapis.com:443 HTTP/1.1" 200 0 "HTTPS" "outgoing via 192.168.50.30"
192.168.6.34 - amorgado [13/Aug/2021:08:16:00 -0500] "GET http://toolbarqueries.google.com/tbr?client=navclient-auto&features=Rank&ch=62917832307&q=info:qvapay.com HTTP/1.1" 200 1867 "HTTP" "Error 404 (Not Found)!!1"
192.168.5.30 - naisy [13/Aug/2021:08:16:04 -0500] "CONNECT incoming.telemetry.mozilla.org:443 HTTP/1.1" 200 0 "HTTPS" "outgoing via 192.168.50.30"
192.168.5.30 - naisy [13/Aug/2021:08:16:04 -0500] "GET http://detectportal.firefox.com/success.txt HTTP/1.1" 200 362 "HTTP" ""
192.168.6.34 - amorgado [13/Aug/2021:08:16:05 -0500] "GET http://redirector.gvt1.com/edgedl/release2/chrome_component/dsdtzi5fm3mb4uxjh4whxqzpjq_2676/jflookgnkcckhobaglndicnbbgbonegd_2676_all_advoqgfy2sbbkdzw5scchdajzetq.crx3 HTTP/1.1" 200 1317 "HTTP" "302 Moved"
192.168.6.34 - amorgado [13/Aug/2021:08:16:05 -0500] "GET http://r4---sn-xuxjn5-i58e.gvt1.com/edgedl/release2/chrome_component/dsdtzi5fm3mb4uxjh4whxqzpjq_2676/jflookgnkcckhobaglndicnbbgbonegd_2676_all_advoqgfy2sbbkdzw5scchdajzetq.crx3?cms_redirect=yes&mh=jN&mip=200.55.144.170&mm=28&mn=sn-xuxjn5-i58e&ms=nvh&mt=1628856226&mv=u&mvi=4&pl=21&shardbypass=yes HTTP/1.1" 200 21280 "HTTP" ""
192.168.10.20 - arodriguez [13/Aug/2021:08:16:08 -0500] "CONNECT relay-b51eac1f.net.anydesk.com:80 HTTP/1.1" 200 0 "HTTPS" "outgoing via 192.168.50.30"
192.168.5.30 - naisy [13/Aug/2021:08:16:24 -0500] "CONNECT aus5.mozilla.org:443 HTTP/1.1" 200 0 "HTTPS" "outgoing via 192.168.50.30"
192.168.5.30 - naisy [13/Aug/2021:08:16:25 -0500] "CONNECT redirector.gvt1.com:443 HTTP/1.1" 200 0 "HTTPS" "outgoing via 192.168.50.30"
192.168.5.30 - naisy [13/Aug/2021:08:16:25 -0500] "POST http://ocsp.digicert.com/ HTTP/1.1" 200 946 "HTTP" ""
192.168.5.30 - naisy [13/Aug/2021:08:16:26 -0500] "CONNECT r2---sn-xuxjn5-i58e.gvt1.com:443 HTTP/1.1" 200 0 "HTTPS" "outgoing via 192.168.50.30"
192.168.5.30 - naisy [13/Aug/2021:08:16:26 -0500] "POST http://ocsp.pki.goog/gts1c3 HTTP/1.1" 200 849 "HTTP" ""
192.168.5.30 - naisy [13/Aug/2021:08:16:28 -0500] "CONNECT dl.google.com:443 HTTP/1.1" 200 0 "HTTPS" "outgoing via 192.168.50.30"
192.168.6.34 - amorgado [13/Aug/2021:08:16:28 -0500] "CONNECT www.facebook.com:443 HTTP/1.1" 200 0 "HTTPS" "outgoing via 192.168.50.30"
192.168.10.20 - arodriguez [13/Aug/2021:08:16:37 -0500] "CONNECT relay-b51eac1f.net.anydesk.com:80 HTTP/1.1" 200 0 "HTTPS" "outgoing via 192.168.50.30"
192.168.6.34 - amorgado [13/Aug/2021:08:16:52 -0500] "CONNECT orion.managewp.com:443 HTTP/1.1" 200 0 "HTTPS" "outgoing via 192.168.50.30"
192.168.6.34 - amorgado [13/Aug/2021:08:16:52 -0500] "CONNECT orion.managewp.com:443 HTTP/1.1" 200 0 "HTTPS" "outgoing via 192.168.50.30"
192.168.6.34 - amorgado [13/Aug/2021:08:16:54 -0500] "CONNECT mtalk.google.com:5228 HTTP/1.1" 200 0 "HTTPS" "outgoing via 192.168.50.30"
192.168.6.34 - amorgado [13/Aug/2021:08:16:57 -0500] "CONNECT visuales.uclv.cu:443 HTTP/1.1" 200 0 "HTTPS" "outgoing via 192.168.50.30"
192.168.6.34 - amorgado [13/Aug/2021:08:16:59 -0500] "CONNECT visuales.uclv.cu:443 HTTP/1.1" 200 0 "HTTPS" "outgoing via 192.168.50.30"
192.168.6.34 - amorgado [13/Aug/2021:08:17:00 -0500] "CONNECT visuales.uclv.cu:443 HTTP/1.1" 200 0 "HTTPS" "outgoing via 192.168.50.30"
192.168.6.34 - amorgado [13/Aug/2021:08:17:02 -0500] "CONNECT visuales.uclv.cu:443 HTTP/1.1" 200 0 "HTTPS" "outgoing via 192.168.50.30"
192.168.6.34 - amorgado [13/Aug/2021:08:17:04 -0500] "CONNECT visuales.uclv.cu:443 HTTP/1.1" 200 0 "HTTPS" "outgoing via 192.168.50.30"
192.168.10.20 - arodriguez [13/Aug/2021:08:17:06 -0500] "CONNECT relay-b51eac1f.net.anydesk.com:80 HTTP/1.1" 200 0 "HTTPS" "outgoing via 192.168.50.30"
192.168.6.34 - amorgado [13/Aug/2021:08:17:07 -0500] "CONNECT visuales.uclv.cu:443 HTTP/1.1" 200 0 "HTTPS" "outgoing via 192.168.50.30"
192.168.6.34 - amorgado [13/Aug/2021:08:17:08 -0500] "CONNECT v10.events.data.microsoft.com:443 HTTP/1.1" 200 0 "HTTPS" "outgoing via 192.168.50.30"
192.168.6.34 - amorgado [13/Aug/2021:08:17:19 -0500] "CONNECT orion.managewp.com:443 HTTP/1.1" 200 0 "HTTPS" "outgoing via 192.168.50.30"
192.168.6.34 - amorgado [13/Aug/2021:08:17:19 -0500] "CONNECT orion.managewp.com:443 HTTP/1.1" 200 0 "HTTPS" "outgoing via 192.168.50.30"
192.168.10.20 - arodriguez [13/Aug/2021:08:17:36 -0500] "CONNECT relay-b51eac1f.net.anydesk.com:80 HTTP/1.1" 200 0 "HTTPS" "outgoing via 192.168.50.30"
192.168.6.34 - amorgado [13/Aug/2021:08:17:39 -0500] "CONNECT az725175.vo.msecnd.net:443 HTTP/1.1" 200 0 "HTTPS" "outgoing via 192.168.50.30"
192.168.6.34 - amorgado [13/Aug/2021:08:17:55 -0500] "CONNECT visuales.uclv.cu:443 HTTP/1.1" 200 0 "HTTPS" "outgoing via 192.168.50.30"
192.168.6.34 - amorgado [13/Aug/2021:08:18:04 -0500] "CONNECT ssl.gstatic.com:443 HTTP/1.1" 200 0 "HTTPS" "outgoing via 192.168.50.30"
192.168.10.20 - arodriguez [13/Aug/2021:08:18:04 -0500] "CONNECT relay-b51eac1f.net.anydesk.com:80 HTTP/1.1" 200 0 "HTTPS" "outgoing via 192.168.50.30"
192.168.10.20 - arodriguez [13/Aug/2021:08:18:18 -0500] "CONNECT relay-bfb5e868.net.anydesk.com:80 HTTP/1.1" 200 0 "HTTPS" "outgoing via 192.168.50.30"
192.168.10.20 - arodriguez [13/Aug/2021:08:18:47 -0500] "CONNECT relay-bfb5e868.net.anydesk.com:80 HTTP/1.1" 200 0 "HTTPS" "outgoing via 192.168.50.30"
192.168.6.34 - amorgado [13/Aug/2021:08:18:48 -0500] "CONNECT www.facebook.com:443 HTTP/1.1" 200 0 "HTTPS" "outgoing via 192.168.50.30"
192.168.6.34 - amorgado [13/Aug/2021:08:18:50 -0500] "CONNECT www.facebook.com:443 HTTP/1.1" 200 0 "HTTPS" "outgoing via 192.168.50.30"
192.168.10.20 - arodriguez [13/Aug/2021:08:19:16 -0500] "CONNECT relay-bfb5e868.net.anydesk.com:80 HTTP/1.1" 200 0 "HTTPS" "outgoing via 192.168.50.30"
192.168.6.34 - amorgado [13/Aug/2021:08:19:19 -0500] "CONNECT orion.managewp.com:443 HTTP/1.1" 200 0 "HTTPS" "outgoing via 192.168.50.30"
192.168.6.34 - amorgado [13/Aug/2021:08:19:21 -0500] "CONNECT stats.g.doubleclick.net:443 HTTP/1.1" 200 0 "HTTPS" "outgoing via 192.168.50.30"
192.168.6.34 - amorgado [13/Aug/2021:08:19:23 -0500] "CONNECT stats.g.doubleclick.net:443 HTTP/1.1" 200 0 "HTTPS" "outgoing via 192.168.50.30"
192.168.10.20 - arodriguez [13/Aug/2021:08:19:45 -0500] "CONNECT relay-bfb5e868.net.anydesk.com:80 HTTP/1.1" 200 0 "HTTPS" "outgoing via 192.168.50.30"
192.168.10.20 - arodriguez [13/Aug/2021:08:19:58 -0500] "CONNECT relay-0767eec0.net.anydesk.com:80 HTTP/1.1" 200 0 "HTTPS" "outgoing via 192.168.50.30"
192.168.6.34 - amorgado [13/Aug/2021:08:19:59 -0500] "CONNECT www.facebook.com:443 HTTP/1.1" 200 0 "HTTPS" "outgoing via 192.168.50.30"
192.168.6.34 - amorgado [13/Aug/2021:08:20:00 -0500] "CONNECT www.facebook.com:443 HTTP/1.1" 200 0 "HTTPS" "outgoing via 192.168.50.30"
192.168.6.34 - amorgado [13/Aug/2021:08:20:04 -0500] "CONNECT v10.events.data.microsoft.com:443 HTTP/1.1" 200 0 "HTTPS" "outgoing via 192.168.50.30"
192.168.6.34 - amorgado [13/Aug/2021:08:20:17 -0500] "CONNECT signaler-pa.googleapis.com:443 HTTP/1.1" 200 0 "HTTPS" "outgoing via 192.168.50.30"
192.168.10.20 - arodriguez [13/Aug/2021:08:20:27 -0500] "CONNECT relay-0767eec0.net.anydesk.com:80 HTTP/1.1" 200 0 "HTTPS" "outgoing via 192.168.50.30"
192.168.50.50 - servidores [13/Aug/2021:08:20:30 -0500] "CONNECT mirrors.fedoraproject.org:443 HTTP/1.1" 200 0 "HTTPS" "outgoing via 192.168.50.30"
192.168.50.50 - servidores [13/Aug/2021:08:20:35 -0500] "CONNECT mirror.netweaver.uk:443 HTTP/1.1" 200 0 "HTTPS" "outgoing via 192.168.50.30"
192.168.50.50 - servidores [13/Aug/2021:08:20:36 -0500] "GET http://centos.itsbrasil.net/7.9.2009/extras/x86_64/repodata/repomd.xml HTTP/1.1" 200 3381 "HTTP" ""
192.168.6.34 - amorgado [13/Aug/2021:08:20:43 -0500] "CONNECT v10.events.data.microsoft.com:443 HTTP/1.1" 200 0 "HTTPS" "outgoing via 192.168.50.30"
192.168.10.20 - arodriguez [13/Aug/2021:08:20:56 -0500] "CONNECT relay-0767eec0.net.anydesk.com:80 HTTP/1.1" 200 0 "HTTPS" "outgoing via 192.168.50.30"
192.168.10.20 - arodriguez [13/Aug/2021:08:21:10 -0500] "CONNECT relay-2057a8b4.net.anydesk.com:80 HTTP/1.1" 200 0 "HTTPS" "outgoing via 192.168.50.30"
192.168.6.34 - amorgado [13/Aug/2021:08:21:32 -0500] "CONNECT clients4.google.com:443 HTTP/1.1" 200 0 "HTTPS" "outgoing via 192.168.50.30"
192.168.5.30 - naisy [13/Aug/2021:08:21:34 -0500] "CONNECT normandy.cdn.mozilla.net:443 HTTP/1.1" 200 0 "HTTPS" "outgoing via 192.168.50.30"
192.168.5.30 - naisy [13/Aug/2021:08:21:35 -0500] "CONNECT classify-client.services.mozilla.com:443 HTTP/1.1" 200 0 "HTTPS" "outgoing via 192.168.50.30"
192.168.5.30 - naisy [13/Aug/2021:08:21:37 -0500] "CONNECT content-signature-2.cdn.mozilla.net:443 HTTP/1.1" 200 0 "HTTPS" "outgoing via 192.168.50.30"
192.168.10.20 - arodriguez [13/Aug/2021:08:21:39 -0500] "CONNECT relay-2057a8b4.net.anydesk.com:80 HTTP/1.1" 200 0 "HTTPS" "outgoing via 192.168.50.30"
192.168.6.34 - amorgado [13/Aug/2021:08:21:55 -0500] "CONNECT officeclient.microsoft.com:443 HTTP/1.1" 200 0 "HTTPS" "outgoing via 192.168.50.30"
192.168.6.34 - amorgado [13/Aug/2021:08:21:55 -0500] "CONNECT safebrowsing.google.com:443 HTTP/1.1" 200 0 "HTTPS" "outgoing via 192.168.50.30"
192.168.6.34 - amorgado [13/Aug/2021:08:21:55 -0500] "CONNECT officeclient.microsoft.com:443 HTTP/1.1" 200 0 "HTTPS" "outgoing via 192.168.50.30"
192.168.6.34 - amorgado [13/Aug/2021:08:21:56 -0500] "CONNECT mtalk.google.com:5228 HTTP/1.1" 200 0 "HTTPS" "outgoing via 192.168.50.30"
