192.168.10.20 - arodriguez [26/Sep/2021:14:10:25 -0500] "CONNECT relay-1954f6f5.net.anydesk.com:80 HTTP/1.1" 200 0 "HTTPS" "outgoing via 192.168.50.30"
192.168.10.20 - arodriguez [26/Sep/2021:14:10:54 -0500] "CONNECT relay-1954f6f5.net.anydesk.com:80 HTTP/1.1" 200 0 "HTTPS" "outgoing via 192.168.50.30"
192.168.10.20 - arodriguez [26/Sep/2021:14:11:23 -0500] "CONNECT relay-1954f6f5.net.anydesk.com:80 HTTP/1.1" 200 0 "HTTPS" "outgoing via 192.168.50.30"
192.168.1.15 - jacome [26/Sep/2021:14:11:34 -0500] "CONNECT contile.services.mozilla.com:443 HTTP/1.1" 200 0 "HTTPS" "outgoing via 192.168.50.30"
192.168.10.20 - arodriguez [26/Sep/2021:14:11:52 -0500] "CONNECT relay-1954f6f5.net.anydesk.com:80 HTTP/1.1" 200 0 "HTTPS" "outgoing via 192.168.50.30"
192.168.10.20 - arodriguez [26/Sep/2021:14:12:06 -0500] "CONNECT relay-bfb5e868.net.anydesk.com:80 HTTP/1.1" 200 0 "HTTPS" "outgoing via 192.168.50.30"
192.168.10.20 - arodriguez [26/Sep/2021:14:12:34 -0500] "CONNECT relay-bfb5e868.net.anydesk.com:80 HTTP/1.1" 200 0 "HTTPS" "outgoing via 192.168.50.30"
192.168.10.20 - arodriguez [26/Sep/2021:14:13:03 -0500] "CONNECT relay-bfb5e868.net.anydesk.com:80 HTTP/1.1" 200 0 "HTTPS" "outgoing via 192.168.50.30"
192.168.10.20 - arodriguez [26/Sep/2021:14:13:17 -0500] "CONNECT relay-0767eec0.net.anydesk.com:80 HTTP/1.1" 200 0 "HTTPS" "outgoing via 192.168.50.30"
192.168.10.20 - arodriguez [26/Sep/2021:14:13:46 -0500] "CONNECT relay-0767eec0.net.anydesk.com:80 HTTP/1.1" 200 0 "HTTPS" "outgoing via 192.168.50.30"
192.168.10.20 - arodriguez [26/Sep/2021:14:14:15 -0500] "CONNECT relay-0767eec0.net.anydesk.com:80 HTTP/1.1" 200 0 "HTTPS" "outgoing via 192.168.50.30"
192.168.10.20 - arodriguez [26/Sep/2021:14:14:44 -0500] "CONNECT relay-0767eec0.net.anydesk.com:80 HTTP/1.1" 200 0 "HTTPS" "outgoing via 192.168.50.30"
192.168.10.20 - arodriguez [26/Sep/2021:14:15:13 -0500] "CONNECT relay-0767eec0.net.anydesk.com:80 HTTP/1.1" 200 0 "HTTPS" "outgoing via 192.168.50.30"
192.168.10.20 - arodriguez [26/Sep/2021:14:15:42 -0500] "CONNECT relay-0767eec0.net.anydesk.com:80 HTTP/1.1" 200 0 "HTTPS" "outgoing via 192.168.50.30"
192.168.10.20 - arodriguez [26/Sep/2021:14:16:11 -0500] "CONNECT relay-0767eec0.net.anydesk.com:80 HTTP/1.1" 200 0 "HTTPS" "outgoing via 192.168.50.30"
192.168.10.20 - arodriguez [26/Sep/2021:14:16:40 -0500] "CONNECT relay-0767eec0.net.anydesk.com:80 HTTP/1.1" 200 0 "HTTPS" "outgoing via 192.168.50.30"
192.168.10.20 - arodriguez [26/Sep/2021:14:17:09 -0500] "CONNECT relay-0767eec0.net.anydesk.com:80 HTTP/1.1" 200 0 "HTTPS" "outgoing via 192.168.50.30"
192.168.10.20 - arodriguez [26/Sep/2021:14:17:22 -0500] "CONNECT relay-922f66f3.net.anydesk.com:80 HTTP/1.1" 200 0 "HTTPS" "outgoing via 192.168.50.30"
192.168.10.20 - arodriguez [26/Sep/2021:14:17:51 -0500] "CONNECT relay-922f66f3.net.anydesk.com:80 HTTP/1.1" 200 0 "HTTPS" "outgoing via 192.168.50.30"
192.168.10.20 - arodriguez [26/Sep/2021:14:18:20 -0500] "CONNECT relay-922f66f3.net.anydesk.com:80 HTTP/1.1" 200 0 "HTTPS" "outgoing via 192.168.50.30"
192.168.10.20 - arodriguez [26/Sep/2021:14:18:34 -0500] "CONNECT relay-283e3f4a.net.anydesk.com:80 HTTP/1.1" 200 0 "HTTPS" "outgoing via 192.168.50.30"
192.168.10.20 - arodriguez [26/Sep/2021:14:19:03 -0500] "CONNECT relay-283e3f4a.net.anydesk.com:80 HTTP/1.1" 200 0 "HTTPS" "outgoing via 192.168.50.30"
192.168.10.20 - arodriguez [26/Sep/2021:14:19:32 -0500] "CONNECT relay-283e3f4a.net.anydesk.com:80 HTTP/1.1" 200 0 "HTTPS" "outgoing via 192.168.50.30"
192.168.10.20 - arodriguez [26/Sep/2021:14:20:01 -0500] "CONNECT relay-283e3f4a.net.anydesk.com:80 HTTP/1.1" 200 0 "HTTPS" "outgoing via 192.168.50.30"
192.168.10.20 - arodriguez [26/Sep/2021:14:20:14 -0500] "CONNECT relay-12d968bc.net.anydesk.com:80 HTTP/1.1" 200 0 "HTTPS" "outgoing via 192.168.50.30"
192.168.10.20 - arodriguez [26/Sep/2021:14:20:43 -0500] "CONNECT relay-12d968bc.net.anydesk.com:80 HTTP/1.1" 200 0 "HTTPS" "outgoing via 192.168.50.30"
192.168.10.20 - arodriguez [26/Sep/2021:14:21:12 -0500] "CONNECT relay-12d968bc.net.anydesk.com:80 HTTP/1.1" 200 0 "HTTPS" "outgoing via 192.168.50.30"
192.168.10.20 - arodriguez [26/Sep/2021:14:21:41 -0500] "CONNECT relay-12d968bc.net.anydesk.com:80 HTTP/1.1" 200 0 "HTTPS" "outgoing via 192.168.50.30"
192.168.10.20 - arodriguez [26/Sep/2021:14:22:10 -0500] "CONNECT relay-12d968bc.net.anydesk.com:80 HTTP/1.1" 200 0 "HTTPS" "outgoing via 192.168.50.30"
192.168.10.20 - arodriguez [26/Sep/2021:14:22:39 -0500] "CONNECT relay-12d968bc.net.anydesk.com:80 HTTP/1.1" 200 0 "HTTPS" "outgoing via 192.168.50.30"
192.168.10.20 - arodriguez [26/Sep/2021:14:23:08 -0500] "CONNECT relay-12d968bc.net.anydesk.com:80 HTTP/1.1" 200 0 "HTTPS" "outgoing via 192.168.50.30"
192.168.10.20 - arodriguez [26/Sep/2021:14:23:36 -0500] "CONNECT relay-12d968bc.net.anydesk.com:80 HTTP/1.1" 200 0 "HTTPS" "outgoing via 192.168.50.30"
192.168.10.20 - arodriguez [26/Sep/2021:14:23:38 -0500] "CONNECT relay-12d968bc.net.anydesk.com:443 HTTP/1.1" 200 0 "HTTPS" "outgoing via 192.168.50.30"
192.168.10.20 - arodriguez [26/Sep/2021:14:23:51 -0500] "CONNECT relay-bd01ff02.net.anydesk.com:80 HTTP/1.1" 200 0 "HTTPS" "outgoing via 192.168.50.30"
192.168.10.20 - arodriguez [26/Sep/2021:14:24:20 -0500] "CONNECT relay-bd01ff02.net.anydesk.com:80 HTTP/1.1" 200 0 "HTTPS" "outgoing via 192.168.50.30"
192.168.10.20 - arodriguez [26/Sep/2021:14:24:49 -0500] "CONNECT relay-bd01ff02.net.anydesk.com:80 HTTP/1.1" 200 0 "HTTPS" "outgoing via 192.168.50.30"
192.168.10.20 - arodriguez [26/Sep/2021:14:25:02 -0500] "CONNECT relay-f4ae83b1.net.anydesk.com:80 HTTP/1.1" 200 0 "HTTPS" "outgoing via 192.168.50.30"
192.168.10.20 - arodriguez [26/Sep/2021:14:25:31 -0500] "CONNECT relay-f4ae83b1.net.anydesk.com:80 HTTP/1.1" 200 0 "HTTPS" "outgoing via 192.168.50.30"
192.168.10.20 - arodriguez [26/Sep/2021:14:26:00 -0500] "CONNECT relay-f4ae83b1.net.anydesk.com:80 HTTP/1.1" 200 0 "HTTPS" "outgoing via 192.168.50.30"
192.168.10.20 - arodriguez [26/Sep/2021:14:26:14 -0500] "CONNECT relay-bfb5e868.net.anydesk.com:80 HTTP/1.1" 200 0 "HTTPS" "outgoing via 192.168.50.30"
192.168.1.15 - jacome [26/Sep/2021:14:26:35 -0500] "CONNECT contile.services.mozilla.com:443 HTTP/1.1" 200 0 "HTTPS" "outgoing via 192.168.50.30"
192.168.10.20 - arodriguez [26/Sep/2021:14:26:43 -0500] "CONNECT relay-bfb5e868.net.anydesk.com:80 HTTP/1.1" 200 0 "HTTPS" "outgoing via 192.168.50.30"
192.168.10.20 - arodriguez [26/Sep/2021:14:27:12 -0500] "CONNECT relay-bfb5e868.net.anydesk.com:80 HTTP/1.1" 200 0 "HTTPS" "outgoing via 192.168.50.30"
192.168.10.20 - arodriguez [26/Sep/2021:14:27:25 -0500] "CONNECT relay-5bec465c.net.anydesk.com:80 HTTP/1.1" 200 0 "HTTPS" "outgoing via 192.168.50.30"
192.168.10.20 - arodriguez [26/Sep/2021:14:27:54 -0500] "CONNECT relay-5bec465c.net.anydesk.com:80 HTTP/1.1" 200 0 "HTTPS" "outgoing via 192.168.50.30"
192.168.10.20 - arodriguez [26/Sep/2021:14:28:23 -0500] "CONNECT relay-5bec465c.net.anydesk.com:80 HTTP/1.1" 200 0 "HTTPS" "outgoing via 192.168.50.30"
192.168.10.20 - arodriguez [26/Sep/2021:14:28:51 -0500] "CONNECT relay-5bec465c.net.anydesk.com:80 HTTP/1.1" 200 0 "HTTPS" "outgoing via 192.168.50.30"
192.168.10.20 - arodriguez [26/Sep/2021:14:29:20 -0500] "CONNECT relay-5bec465c.net.anydesk.com:80 HTTP/1.1" 200 0 "HTTPS" "outgoing via 192.168.50.30"
192.168.10.20 - arodriguez [26/Sep/2021:14:29:49 -0500] "CONNECT relay-5bec465c.net.anydesk.com:80 HTTP/1.1" 200 0 "HTTPS" "outgoing via 192.168.50.30"
192.168.10.20 - arodriguez [26/Sep/2021:14:30:18 -0500] "CONNECT relay-5bec465c.net.anydesk.com:80 HTTP/1.1" 200 0 "HTTPS" "outgoing via 192.168.50.30"
192.168.10.20 - arodriguez [26/Sep/2021:14:30:32 -0500] "CONNECT relay-bd01ff02.net.anydesk.com:80 HTTP/1.1" 200 0 "HTTPS" "outgoing via 192.168.50.30"
192.168.10.20 - arodriguez [26/Sep/2021:14:31:01 -0500] "CONNECT relay-bd01ff02.net.anydesk.com:80 HTTP/1.1" 200 0 "HTTPS" "outgoing via 192.168.50.30"
192.168.1.15 - jacome [26/Sep/2021:14:31:12 -0500] "CONNECT safebrowsing.googleapis.com:443 HTTP/1.1" 200 0 "HTTPS" "outgoing via 192.168.50.30"
192.168.10.20 - arodriguez [26/Sep/2021:14:31:30 -0500] "CONNECT relay-bd01ff02.net.anydesk.com:80 HTTP/1.1" 200 0 "HTTPS" "outgoing via 192.168.50.30"
192.168.10.20 - arodriguez [26/Sep/2021:14:31:43 -0500] "CONNECT relay-0767eec0.net.anydesk.com:80 HTTP/1.1" 200 0 "HTTPS" "outgoing via 192.168.50.30"
192.168.10.20 - arodriguez [26/Sep/2021:14:32:12 -0500] "CONNECT relay-0767eec0.net.anydesk.com:80 HTTP/1.1" 200 0 "HTTPS" "outgoing via 192.168.50.30"
192.168.10.20 - arodriguez [26/Sep/2021:14:32:41 -0500] "CONNECT relay-0767eec0.net.anydesk.com:80 HTTP/1.1" 200 0 "HTTPS" "outgoing via 192.168.50.30"
192.168.10.20 - arodriguez [26/Sep/2021:14:32:55 -0500] "CONNECT relay-bfb5e868.net.anydesk.com:80 HTTP/1.1" 200 0 "HTTPS" "outgoing via 192.168.50.30"
192.168.10.20 - arodriguez [26/Sep/2021:14:33:24 -0500] "CONNECT relay-bfb5e868.net.anydesk.com:80 HTTP/1.1" 200 0 "HTTPS" "outgoing via 192.168.50.30"
192.168.10.20 - arodriguez [26/Sep/2021:14:33:53 -0500] "CONNECT relay-bfb5e868.net.anydesk.com:80 HTTP/1.1" 200 0 "HTTPS" "outgoing via 192.168.50.30"
192.168.10.20 - arodriguez [26/Sep/2021:14:34:06 -0500] "CONNECT relay-283e3f4a.net.anydesk.com:80 HTTP/1.1" 200 0 "HTTPS" "outgoing via 192.168.50.30"
192.168.10.20 - arodriguez [26/Sep/2021:14:34:35 -0500] "CONNECT relay-283e3f4a.net.anydesk.com:80 HTTP/1.1" 200 0 "HTTPS" "outgoing via 192.168.50.30"
192.168.10.20 - arodriguez [26/Sep/2021:14:35:04 -0500] "CONNECT relay-283e3f4a.net.anydesk.com:80 HTTP/1.1" 200 0 "HTTPS" "outgoing via 192.168.50.30"
192.168.10.20 - arodriguez [26/Sep/2021:14:35:33 -0500] "CONNECT relay-283e3f4a.net.anydesk.com:80 HTTP/1.1" 200 0 "HTTPS" "outgoing via 192.168.50.30"
192.168.10.20 - arodriguez [26/Sep/2021:14:36:02 -0500] "CONNECT relay-283e3f4a.net.anydesk.com:80 HTTP/1.1" 200 0 "HTTPS" "outgoing via 192.168.50.30"
192.168.10.20 - arodriguez [26/Sep/2021:14:36:31 -0500] "CONNECT relay-283e3f4a.net.anydesk.com:80 HTTP/1.1" 200 0 "HTTPS" "outgoing via 192.168.50.30"
192.168.10.20 - arodriguez [26/Sep/2021:14:36:45 -0500] "CONNECT relay-b51eac1f.net.anydesk.com:80 HTTP/1.1" 200 0 "HTTPS" "outgoing via 192.168.50.30"
192.168.1.15 - jacome [26/Sep/2021:14:37:03 -0500] "CONNECT safebrowsing.googleapis.com:443 HTTP/1.1" 200 0 "HTTPS" "outgoing via 192.168.50.30"
192.168.10.20 - arodriguez [26/Sep/2021:14:37:13 -0500] "CONNECT relay-b51eac1f.net.anydesk.com:80 HTTP/1.1" 200 0 "HTTPS" "outgoing via 192.168.50.30"
192.168.1.15 - jacome [26/Sep/2021:14:37:36 -0500] "CONNECT incoming.telemetry.mozilla.org:443 HTTP/1.1" 200 0 "HTTPS" "outgoing via 192.168.50.30"
192.168.1.15 - jacome [26/Sep/2021:14:37:42 -0500] "CONNECT push.services.mozilla.com:443 HTTP/1.1" 200 0 "HTTPS" "outgoing via 192.168.50.30"
192.168.10.20 - arodriguez [26/Sep/2021:14:37:42 -0500] "CONNECT relay-b51eac1f.net.anydesk.com:80 HTTP/1.1" 200 0 "HTTPS" "outgoing via 192.168.50.30"
192.168.1.15 - jacome [26/Sep/2021:14:37:44 -0500] "CONNECT firefox.settings.services.mozilla.com:443 HTTP/1.1" 200 0 "HTTPS" "outgoing via 192.168.50.30"
192.168.1.15 - jacome [26/Sep/2021:14:37:48 -0500] "CONNECT scontent-mia3-2.xx.fbcdn.net:443 HTTP/1.1" 200 0 "HTTPS" "outgoing via 192.168.50.30"
192.168.1.15 - jacome [26/Sep/2021:14:37:48 -0500] "CONNECT video-mia3-1.xx.fbcdn.net:443 HTTP/1.1" 200 0 "HTTPS" "outgoing via 192.168.50.30"
192.168.1.15 - jacome [26/Sep/2021:14:37:48 -0500] "CONNECT video-mia3-2.xx.fbcdn.net:443 HTTP/1.1" 200 0 "HTTPS" "outgoing via 192.168.50.30"
192.168.10.20 - arodriguez [26/Sep/2021:14:37:56 -0500] "CONNECT relay-1cb4b08e.net.anydesk.com:80 HTTP/1.1" 200 0 "HTTPS" "outgoing via 192.168.50.30"
192.168.1.15 - jacome [26/Sep/2021:14:37:57 -0500] "CONNECT scontent-mia3-1.xx.fbcdn.net:443 HTTP/1.1" 200 0 "HTTPS" "outgoing via 192.168.50.30"
192.168.1.15 - jacome [26/Sep/2021:14:37:58 -0500] "CONNECT scontent-mia3-1.xx.fbcdn.net:443 HTTP/1.1" 200 0 "HTTPS" "outgoing via 192.168.50.30"
192.168.10.20 - arodriguez [26/Sep/2021:14:38:25 -0500] "CONNECT relay-1cb4b08e.net.anydesk.com:80 HTTP/1.1" 200 0 "HTTPS" "outgoing via 192.168.50.30"
192.168.1.15 - jacome [26/Sep/2021:14:38:31 -0500] "CONNECT static.xx.fbcdn.net:443 HTTP/1.1" 200 0 "HTTPS" "outgoing via 192.168.50.30"
192.168.1.15 - jacome [26/Sep/2021:14:38:32 -0500] "CONNECT safebrowsing.googleapis.com:443 HTTP/1.1" 200 0 "HTTPS" "outgoing via 192.168.50.30"
192.168.10.20 - arodriguez [26/Sep/2021:14:38:54 -0500] "CONNECT relay-1cb4b08e.net.anydesk.com:80 HTTP/1.1" 200 0 "HTTPS" "outgoing via 192.168.50.30"
192.168.10.20 - arodriguez [26/Sep/2021:14:39:07 -0500] "CONNECT relay-2057a8b4.net.anydesk.com:80 HTTP/1.1" 200 0 "HTTPS" "outgoing via 192.168.50.30"
192.168.1.15 - jacome [26/Sep/2021:14:39:14 -0500] "CONNECT safebrowsing.googleapis.com:443 HTTP/1.1" 200 0 "HTTPS" "outgoing via 192.168.50.30"
192.168.10.20 - arodriguez [26/Sep/2021:14:39:36 -0500] "CONNECT relay-2057a8b4.net.anydesk.com:80 HTTP/1.1" 200 0 "HTTPS" "outgoing via 192.168.50.30"
192.168.1.15 - jacome [26/Sep/2021:14:39:59 -0500] "CONNECT safebrowsing.googleapis.com:443 HTTP/1.1" 200 0 "HTTPS" "outgoing via 192.168.50.30"
192.168.10.20 - arodriguez [26/Sep/2021:14:40:05 -0500] "CONNECT relay-2057a8b4.net.anydesk.com:80 HTTP/1.1" 200 0 "HTTPS" "outgoing via 192.168.50.30"
192.168.10.20 - arodriguez [26/Sep/2021:14:40:18 -0500] "CONNECT relay-1c040ae6.net.anydesk.com:80 HTTP/1.1" 200 0 "HTTPS" "outgoing via 192.168.50.30"
192.168.10.20 - arodriguez [26/Sep/2021:14:40:47 -0500] "CONNECT relay-1c040ae6.net.anydesk.com:80 HTTP/1.1" 200 0 "HTTPS" "outgoing via 192.168.50.30"
192.168.10.20 - arodriguez [26/Sep/2021:14:41:17 -0500] "CONNECT relay-1c040ae6.net.anydesk.com:80 HTTP/1.1" 200 0 "HTTPS" "outgoing via 192.168.50.30"
192.168.1.15 - jacome [26/Sep/2021:14:41:35 -0500] "CONNECT contile.services.mozilla.com:443 HTTP/1.1" 200 0 "HTTPS" "outgoing via 192.168.50.30"
192.168.10.20 - arodriguez [26/Sep/2021:14:41:45 -0500] "CONNECT relay-1c040ae6.net.anydesk.com:80 HTTP/1.1" 200 0 "HTTPS" "outgoing via 192.168.50.30"
192.168.10.20 - arodriguez [26/Sep/2021:14:42:14 -0500] "CONNECT relay-1c040ae6.net.anydesk.com:80 HTTP/1.1" 200 0 "HTTPS" "outgoing via 192.168.50.30"
192.168.10.20 - arodriguez [26/Sep/2021:14:42:27 -0500] "CONNECT relay-5d364c18.net.anydesk.com:80 HTTP/1.1" 200 0 "HTTPS" "outgoing via 192.168.50.30"
192.168.1.15 - jacome [26/Sep/2021:14:42:28 -0500] "GET http://detectportal.firefox.com/canonical.html HTTP/1.1" 200 1896 "HTTP" "Error 403 (Forbidden)!!1"
192.168.1.15 - jacome [26/Sep/2021:14:42:28 -0500] "GET http://detectportal.firefox.com/canonical.html HTTP/1.1" 200 1896 "HTTP" "Error 403 (Forbidden)!!1"
192.168.1.15 - jacome [26/Sep/2021:14:42:28 -0500] "GET http://detectportal.firefox.com/canonical.html HTTP/1.1" 200 1896 "HTTP" "Error 403 (Forbidden)!!1"
192.168.1.15 - jacome [26/Sep/2021:14:42:28 -0500] "GET http://detectportal.firefox.com/canonical.html HTTP/1.1" 200 1896 "HTTP" "Error 403 (Forbidden)!!1"
192.168.1.15 - jacome [26/Sep/2021:14:42:28 -0500] "GET http://detectportal.firefox.com/canonical.html HTTP/1.1" 200 1896 "HTTP" "Error 403 (Forbidden)!!1"
192.168.1.15 - jacome [26/Sep/2021:14:42:29 -0500] "CONNECT contile.services.mozilla.com:443 HTTP/1.1" 200 0 "HTTPS" "outgoing via 192.168.50.30"
192.168.1.15 - jacome [26/Sep/2021:14:42:29 -0500] "CONNECT content-signature-2.cdn.mozilla.net:443 HTTP/1.1" 200 0 "HTTPS" "outgoing via 192.168.50.30"
192.168.1.15 - jacome [26/Sep/2021:14:42:30 -0500] "CONNECT push.services.mozilla.com:443 HTTP/1.1" 200 0 "HTTPS" "outgoing via 192.168.50.30"
192.168.1.15 - jacome [26/Sep/2021:14:42:30 -0500] "CONNECT firefox.settings.services.mozilla.com:443 HTTP/1.1" 200 0 "HTTPS" "outgoing via 192.168.50.30"
192.168.1.15 - jacome [26/Sep/2021:14:42:30 -0500] "CONNECT incoming.telemetry.mozilla.org:443 HTTP/1.1" 200 0 "HTTPS" "outgoing via 192.168.50.30"
192.168.1.15 - jacome [26/Sep/2021:14:42:30 -0500] "CONNECT firefox.settings.services.mozilla.com:443 HTTP/1.1" 200 0 "HTTPS" "outgoing via 192.168.50.30"
192.168.1.15 - jacome [26/Sep/2021:14:42:30 -0500] "CONNECT firefox.settings.services.mozilla.com:443 HTTP/1.1" 200 0 "HTTPS" "outgoing via 192.168.50.30"
192.168.1.15 - jacome [26/Sep/2021:14:42:30 -0500] "POST http://r3.o.lencr.org/ HTTP/1.1" 200 1012 "HTTP" ""
192.168.1.15 - jacome [26/Sep/2021:14:42:30 -0500] "CONNECT firefox.settings.services.mozilla.com:443 HTTP/1.1" 200 0 "HTTPS" "outgoing via 192.168.50.30"
192.168.1.15 - jacome [26/Sep/2021:14:42:31 -0500] "CONNECT google.com:443 HTTP/1.1" 200 0 "HTTPS" "outgoing via 192.168.50.30"
192.168.1.15 - jacome [26/Sep/2021:14:42:31 -0500] "POST http://ocsp.digicert.com/ HTTP/1.1" 200 887 "HTTP" ""
192.168.1.15 - jacome [26/Sep/2021:14:42:31 -0500] "CONNECT www.addonsrv.net:443 HTTP/1.1" 200 0 "HTTPS" "outgoing via 192.168.50.30"
192.168.1.15 - jacome [26/Sep/2021:14:42:31 -0500] "CONNECT www.youtube.com:443 HTTP/1.1" 200 0 "HTTPS" "outgoing via 192.168.50.30"
192.168.1.15 - jacome [26/Sep/2021:14:42:31 -0500] "POST http://ocsp.pki.goog/gts1c3 HTTP/1.1" 200 849 "HTTP" ""
192.168.1.15 - jacome [26/Sep/2021:14:42:31 -0500] "CONNECT incoming.telemetry.mozilla.org:443 HTTP/1.1" 200 0 "HTTPS" "outgoing via 192.168.50.30"
192.168.1.15 - jacome [26/Sep/2021:14:42:31 -0500] "CONNECT incoming.telemetry.mozilla.org:443 HTTP/1.1" 200 0 "HTTPS" "outgoing via 192.168.50.30"
192.168.1.15 - jacome [26/Sep/2021:14:42:31 -0500] "CONNECT incoming.telemetry.mozilla.org:443 HTTP/1.1" 200 0 "HTTPS" "outgoing via 192.168.50.30"
192.168.1.15 - jacome [26/Sep/2021:14:42:32 -0500] "CONNECT www.google.com:443 HTTP/1.1" 200 0 "HTTPS" "outgoing via 192.168.50.30"
192.168.1.15 - jacome [26/Sep/2021:14:42:32 -0500] "POST http://r3.o.lencr.org/ HTTP/1.1" 200 1013 "HTTP" ""
192.168.1.15 - jacome [26/Sep/2021:14:42:33 -0500] "CONNECT www.addonsrv.net:443 HTTP/1.1" 200 0 "HTTPS" "outgoing via 192.168.50.30"
192.168.1.15 - jacome [26/Sep/2021:14:42:34 -0500] "CONNECT www.gstatic.com:443 HTTP/1.1" 200 0 "HTTPS" "outgoing via 192.168.50.30"
192.168.1.15 - jacome [26/Sep/2021:14:42:34 -0500] "CONNECT www.gstatic.com:443 HTTP/1.1" 200 0 "HTTPS" "outgoing via 192.168.50.30"
192.168.1.15 - jacome [26/Sep/2021:14:42:35 -0500] "POST http://ocsp.pki.goog/gts1c3 HTTP/1.1" 200 850 "HTTP" ""
192.168.1.15 - jacome [26/Sep/2021:14:42:35 -0500] "POST http://ocsp.digicert.com/ HTTP/1.1" 200 887 "HTTP" ""
192.168.1.15 - jacome [26/Sep/2021:14:42:38 -0500] "CONNECT apis.google.com:443 HTTP/1.1" 200 0 "HTTPS" "outgoing via 192.168.50.30"
192.168.1.15 - jacome [26/Sep/2021:14:42:38 -0500] "POST http://ocsp.pki.goog/gts1c3 HTTP/1.1" 200 849 "HTTP" ""
192.168.1.15 - jacome [26/Sep/2021:14:42:39 -0500] "CONNECT adservice.google.com:443 HTTP/1.1" 200 0 "HTTPS" "outgoing via 192.168.50.30"
192.168.1.15 - jacome [26/Sep/2021:14:42:41 -0500] "CONNECT adservice.google.com.cu:443 HTTP/1.1" 200 0 "HTTPS" "outgoing via 192.168.50.30"
192.168.1.15 - jacome [26/Sep/2021:14:42:41 -0500] "POST http://ocsp.pki.goog/gts1c3 HTTP/1.1" 200 850 "HTTP" ""
192.168.1.15 - jacome [26/Sep/2021:14:42:42 -0500] "CONNECT googleads.g.doubleclick.net:443 HTTP/1.1" 200 0 "HTTPS" "outgoing via 192.168.50.30"
192.168.1.15 - jacome [26/Sep/2021:14:42:42 -0500] "GET http://detectportal.firefox.com/canonical.html HTTP/1.1" 200 1896 "HTTP" "Error 403 (Forbidden)!!1"
192.168.1.15 - jacome [26/Sep/2021:14:42:42 -0500] "GET http://detectportal.firefox.com/canonical.html HTTP/1.1" 200 1896 "HTTP" "Error 403 (Forbidden)!!1"
192.168.1.15 - jacome [26/Sep/2021:14:42:42 -0500] "GET http://detectportal.firefox.com/canonical.html HTTP/1.1" 200 1896 "HTTP" "Error 403 (Forbidden)!!1"
192.168.1.15 - jacome [26/Sep/2021:14:42:43 -0500] "GET http://detectportal.firefox.com/canonical.html HTTP/1.1" 200 1896 "HTTP" "Error 403 (Forbidden)!!1"
192.168.1.15 - jacome [26/Sep/2021:14:42:43 -0500] "GET http://detectportal.firefox.com/canonical.html HTTP/1.1" 200 1896 "HTTP" "Error 403 (Forbidden)!!1"
192.168.1.15 - jacome [26/Sep/2021:14:42:43 -0500] "GET http://detectportal.firefox.com/canonical.html HTTP/1.1" 200 1896 "HTTP" "Error 403 (Forbidden)!!1"
192.168.1.15 - jacome [26/Sep/2021:14:42:47 -0500] "CONNECT www.facebook.com:443 HTTP/1.1" 200 0 "HTTPS" "outgoing via 192.168.50.30"
192.168.1.15 - jacome [26/Sep/2021:14:42:47 -0500] "POST http://ocsp.pki.goog/gts1c3 HTTP/1.1" 200 849 "HTTP" ""
192.168.1.15 - jacome [26/Sep/2021:14:42:49 -0500] "CONNECT static.xx.fbcdn.net:443 HTTP/1.1" 200 0 "HTTPS" "outgoing via 192.168.50.30"
192.168.1.15 - jacome [26/Sep/2021:14:42:49 -0500] "CONNECT static.xx.fbcdn.net:443 HTTP/1.1" 200 0 "HTTPS" "outgoing via 192.168.50.30"
192.168.1.15 - jacome [26/Sep/2021:14:42:49 -0500] "CONNECT static.xx.fbcdn.net:443 HTTP/1.1" 200 0 "HTTPS" "outgoing via 192.168.50.30"
192.168.1.15 - jacome [26/Sep/2021:14:42:49 -0500] "CONNECT static.xx.fbcdn.net:443 HTTP/1.1" 200 0 "HTTPS" "outgoing via 192.168.50.30"
192.168.1.15 - jacome [26/Sep/2021:14:42:49 -0500] "CONNECT static.xx.fbcdn.net:443 HTTP/1.1" 200 0 "HTTPS" "outgoing via 192.168.50.30"
192.168.1.15 - jacome [26/Sep/2021:14:42:49 -0500] "CONNECT static.xx.fbcdn.net:443 HTTP/1.1" 200 0 "HTTPS" "outgoing via 192.168.50.30"
192.168.1.15 - jacome [26/Sep/2021:14:42:49 -0500] "CONNECT static.xx.fbcdn.net:443 HTTP/1.1" 200 0 "HTTPS" "outgoing via 192.168.50.30"
192.168.1.15 - jacome [26/Sep/2021:14:42:49 -0500] "CONNECT static.xx.fbcdn.net:443 HTTP/1.1" 200 0 "HTTPS" "outgoing via 192.168.50.30"
192.168.1.15 - jacome [26/Sep/2021:14:42:49 -0500] "CONNECT static.xx.fbcdn.net:443 HTTP/1.1" 200 0 "HTTPS" "outgoing via 192.168.50.30"
192.168.1.15 - jacome [26/Sep/2021:14:42:49 -0500] "CONNECT static.xx.fbcdn.net:443 HTTP/1.1" 200 0 "HTTPS" "outgoing via 192.168.50.30"
192.168.1.15 - jacome [26/Sep/2021:14:42:49 -0500] "CONNECT static.xx.fbcdn.net:443 HTTP/1.1" 200 0 "HTTPS" "outgoing via 192.168.50.30"
192.168.1.15 - jacome [26/Sep/2021:14:42:49 -0500] "CONNECT static.xx.fbcdn.net:443 HTTP/1.1" 200 0 "HTTPS" "outgoing via 192.168.50.30"
192.168.1.15 - jacome [26/Sep/2021:14:42:49 -0500] "CONNECT safebrowsing.googleapis.com:443 HTTP/1.1" 200 0 "HTTPS" "outgoing via 192.168.50.30"
192.168.1.15 - jacome [26/Sep/2021:14:42:49 -0500] "POST http://ocsp.digicert.com/ HTTP/1.1" 200 946 "HTTP" ""
192.168.1.15 - jacome [26/Sep/2021:14:42:49 -0500] "POST http://ocsp.pki.goog/gts1c3 HTTP/1.1" 200 849 "HTTP" ""
192.168.1.15 - jacome [26/Sep/2021:14:42:50 -0500] "CONNECT scontent-mia3-1.xx.fbcdn.net:443 HTTP/1.1" 200 0 "HTTPS" "outgoing via 192.168.50.30"
192.168.1.15 - jacome [26/Sep/2021:14:42:50 -0500] "CONNECT scontent-mia3-1.xx.fbcdn.net:443 HTTP/1.1" 200 0 "HTTPS" "outgoing via 192.168.50.30"
192.168.1.15 - jacome [26/Sep/2021:14:42:50 -0500] "CONNECT scontent-mia3-1.xx.fbcdn.net:443 HTTP/1.1" 200 0 "HTTPS" "outgoing via 192.168.50.30"
192.168.1.15 - jacome [26/Sep/2021:14:42:50 -0500] "CONNECT scontent-mia3-1.xx.fbcdn.net:443 HTTP/1.1" 200 0 "HTTPS" "outgoing via 192.168.50.30"
192.168.1.15 - jacome [26/Sep/2021:14:42:50 -0500] "CONNECT scontent-mia3-2.xx.fbcdn.net:443 HTTP/1.1" 200 0 "HTTPS" "outgoing via 192.168.50.30"
192.168.1.15 - jacome [26/Sep/2021:14:42:50 -0500] "CONNECT scontent-mia3-2.xx.fbcdn.net:443 HTTP/1.1" 200 0 "HTTPS" "outgoing via 192.168.50.30"
192.168.1.15 - jacome [26/Sep/2021:14:42:50 -0500] "CONNECT scontent-mia3-2.xx.fbcdn.net:443 HTTP/1.1" 200 0 "HTTPS" "outgoing via 192.168.50.30"
192.168.1.15 - jacome [26/Sep/2021:14:42:50 -0500] "CONNECT scontent-mia3-2.xx.fbcdn.net:443 HTTP/1.1" 200 0 "HTTPS" "outgoing via 192.168.50.30"
192.168.1.15 - jacome [26/Sep/2021:14:42:50 -0500] "CONNECT scontent-mia3-1.xx.fbcdn.net:443 HTTP/1.1" 200 0 "HTTPS" "outgoing via 192.168.50.30"
192.168.1.15 - jacome [26/Sep/2021:14:42:50 -0500] "CONNECT scontent-mia3-2.xx.fbcdn.net:443 HTTP/1.1" 200 0 "HTTPS" "outgoing via 192.168.50.30"
192.168.1.15 - jacome [26/Sep/2021:14:42:50 -0500] "CONNECT scontent-mia3-2.xx.fbcdn.net:443 HTTP/1.1" 200 0 "HTTPS" "outgoing via 192.168.50.30"
192.168.1.15 - jacome [26/Sep/2021:14:42:50 -0500] "CONNECT scontent-mia3-1.xx.fbcdn.net:443 HTTP/1.1" 200 0 "HTTPS" "outgoing via 192.168.50.30"
192.168.1.15 - jacome [26/Sep/2021:14:42:51 -0500] "CONNECT safebrowsing.googleapis.com:443 HTTP/1.1" 200 0 "HTTPS" "outgoing via 192.168.50.30"
192.168.10.20 - arodriguez [26/Sep/2021:14:42:56 -0500] "CONNECT relay-5d364c18.net.anydesk.com:80 HTTP/1.1" 200 0 "HTTPS" "outgoing via 192.168.50.30"
192.168.1.15 - jacome [26/Sep/2021:14:43:04 -0500] "CONNECT edge-chat.facebook.com:443 HTTP/1.1" 200 0 "HTTPS" "outgoing via 192.168.50.30"
192.168.1.15 - jacome [26/Sep/2021:14:43:05 -0500] "CONNECT scontent.xx.fbcdn.net:443 HTTP/1.1" 200 0 "HTTPS" "outgoing via 192.168.50.30"
192.168.1.15 - jacome [26/Sep/2021:14:43:14 -0500] "CONNECT scontent.xx.fbcdn.net:443 HTTP/1.1" 200 0 "HTTPS" "outgoing via 192.168.50.30"
192.168.1.15 - jacome [26/Sep/2021:14:43:14 -0500] "CONNECT scontent.xx.fbcdn.net:443 HTTP/1.1" 200 0 "HTTPS" "outgoing via 192.168.50.30"
192.168.1.15 - jacome [26/Sep/2021:14:43:14 -0500] "CONNECT scontent.xx.fbcdn.net:443 HTTP/1.1" 200 0 "HTTPS" "outgoing via 192.168.50.30"
192.168.1.15 - jacome [26/Sep/2021:14:43:15 -0500] "CONNECT scontent.xx.fbcdn.net:443 HTTP/1.1" 200 0 "HTTPS" "outgoing via 192.168.50.30"
192.168.1.15 - jacome [26/Sep/2021:14:43:15 -0500] "CONNECT scontent.xx.fbcdn.net:443 HTTP/1.1" 200 0 "HTTPS" "outgoing via 192.168.50.30"
192.168.1.15 - jacome [26/Sep/2021:14:43:15 -0500] "CONNECT scontent.xx.fbcdn.net:443 HTTP/1.1" 200 0 "HTTPS" "outgoing via 192.168.50.30"
192.168.1.15 - jacome [26/Sep/2021:14:43:15 -0500] "CONNECT gateway.facebook.com:443 HTTP/1.1" 200 0 "HTTPS" "outgoing via 192.168.50.30"
192.168.1.15 - jacome [26/Sep/2021:14:43:19 -0500] "CONNECT external-mia3-2.xx.fbcdn.net:443 HTTP/1.1" 200 0 "HTTPS" "outgoing via 192.168.50.30"
192.168.1.15 - jacome [26/Sep/2021:14:43:20 -0500] "CONNECT googleads.g.doubleclick.net:443 HTTP/1.1" 200 0 "HTTPS" "outgoing via 192.168.50.30"
192.168.1.15 - jacome [26/Sep/2021:14:43:22 -0500] "CONNECT video-mia3-2.xx.fbcdn.net:443 HTTP/1.1" 200 0 "HTTPS" "outgoing via 192.168.50.30"
192.168.1.15 - jacome [26/Sep/2021:14:43:22 -0500] "CONNECT video-mia3-2.xx.fbcdn.net:443 HTTP/1.1" 200 0 "HTTPS" "outgoing via 192.168.50.30"
192.168.1.15 - jacome [26/Sep/2021:14:43:22 -0500] "CONNECT video-mia3-2.xx.fbcdn.net:443 HTTP/1.1" 200 0 "HTTPS" "outgoing via 192.168.50.30"
192.168.1.15 - jacome [26/Sep/2021:14:43:22 -0500] "CONNECT video-mia3-2.xx.fbcdn.net:443 HTTP/1.1" 200 0 "HTTPS" "outgoing via 192.168.50.30"
192.168.1.15 - jacome [26/Sep/2021:14:43:22 -0500] "CONNECT video-mia3-2.xx.fbcdn.net:443 HTTP/1.1" 200 0 "HTTPS" "outgoing via 192.168.50.30"
192.168.1.15 - jacome [26/Sep/2021:14:43:22 -0500] "CONNECT video-mia3-2.xx.fbcdn.net:443 HTTP/1.1" 200 0 "HTTPS" "outgoing via 192.168.50.30"
192.168.1.15 - jacome [26/Sep/2021:14:43:24 -0500] "GET http://detectportal.firefox.com/canonical.html HTTP/1.1" 200 1896 "HTTP" "Error 403 (Forbidden)!!1"
192.168.10.20 - arodriguez [26/Sep/2021:14:43:25 -0500] "CONNECT relay-5d364c18.net.anydesk.com:80 HTTP/1.1" 200 0 "HTTPS" "outgoing via 192.168.50.30"
192.168.10.20 - arodriguez [26/Sep/2021:14:43:39 -0500] "CONNECT relay-bf5451a5.net.anydesk.com:80 HTTP/1.1" 200 0 "HTTPS" "outgoing via 192.168.50.30"
192.168.1.15 - jacome [26/Sep/2021:14:43:42 -0500] "GET http://detectportal.firefox.com/canonical.html HTTP/1.1" 200 1896 "HTTP" "Error 403 (Forbidden)!!1"
192.168.1.15 - jacome [26/Sep/2021:14:43:42 -0500] "GET http://detectportal.firefox.com/canonical.html HTTP/1.1" 200 1896 "HTTP" "Error 403 (Forbidden)!!1"
192.168.1.15 - jacome [26/Sep/2021:14:43:56 -0500] "CONNECT cdn.fbsbx.com:443 HTTP/1.1" 200 0 "HTTPS" "outgoing via 192.168.50.30"
192.168.10.20 - arodriguez [26/Sep/2021:14:44:08 -0500] "CONNECT relay-bf5451a5.net.anydesk.com:80 HTTP/1.1" 200 0 "HTTPS" "outgoing via 192.168.50.30"
192.168.1.15 - jacome [26/Sep/2021:14:44:24 -0500] "GET http://detectportal.firefox.com/canonical.html HTTP/1.1" 200 1896 "HTTP" "Error 403 (Forbidden)!!1"
192.168.1.15 - jacome [26/Sep/2021:14:44:25 -0500] "GET http://detectportal.firefox.com/canonical.html HTTP/1.1" 200 1896 "HTTP" "Error 403 (Forbidden)!!1"
192.168.1.15 - jacome [26/Sep/2021:14:44:25 -0500] "GET http://detectportal.firefox.com/canonical.html HTTP/1.1" 200 1896 "HTTP" "Error 403 (Forbidden)!!1"
192.168.1.15 - jacome [26/Sep/2021:14:44:25 -0500] "GET http://detectportal.firefox.com/canonical.html HTTP/1.1" 200 1896 "HTTP" "Error 403 (Forbidden)!!1"
192.168.1.15 - jacome [26/Sep/2021:14:44:25 -0500] "GET http://detectportal.firefox.com/canonical.html HTTP/1.1" 200 1896 "HTTP" "Error 403 (Forbidden)!!1"
192.168.1.15 - jacome [26/Sep/2021:14:44:25 -0500] "GET http://detectportal.firefox.com/canonical.html HTTP/1.1" 200 1896 "HTTP" "Error 403 (Forbidden)!!1"
192.168.10.20 - arodriguez [26/Sep/2021:14:44:38 -0500] "CONNECT relay-bf5451a5.net.anydesk.com:80 HTTP/1.1" 200 0 "HTTPS" "outgoing via 192.168.50.30"
192.168.10.20 - arodriguez [26/Sep/2021:14:44:38 -0500] "CONNECT relay-bf5451a5.net.anydesk.com:443 HTTP/1.1" 200 0 "HTTPS" "outgoing via 192.168.50.30"
192.168.1.15 - jacome [26/Sep/2021:14:44:49 -0500] "POST http://ocsp.digicert.com/ HTTP/1.1" 200 887 "HTTP" ""
192.168.1.15 - jacome [26/Sep/2021:14:44:49 -0500] "POST http://ocsp.digicert.com/ HTTP/1.1" 200 946 "HTTP" ""
192.168.1.15 - jacome [26/Sep/2021:14:44:49 -0500] "POST http://ocsp.digicert.com/ HTTP/1.1" 200 946 "HTTP" ""
192.168.1.15 - jacome [26/Sep/2021:14:44:49 -0500] "POST http://ocsp.digicert.com/ HTTP/1.1" 200 887 "HTTP" ""
192.168.1.15 - jacome [26/Sep/2021:14:44:49 -0500] "POST http://ocsp.digicert.com/ HTTP/1.1" 200 946 "HTTP" ""
192.168.1.15 - jacome [26/Sep/2021:14:44:51 -0500] "POST http://ocsp.pki.goog/gts1c3 HTTP/1.1" 200 850 "HTTP" ""
192.168.1.15 - jacome [26/Sep/2021:14:44:51 -0500] "POST http://ocsp.pki.goog/gts1c3 HTTP/1.1" 200 850 "HTTP" ""
192.168.1.15 - jacome [26/Sep/2021:14:44:54 -0500] "CONNECT video-mia3-1.xx.fbcdn.net:443 HTTP/1.1" 200 0 "HTTPS" "outgoing via 192.168.50.30"
192.168.10.20 - arodriguez [26/Sep/2021:14:45:07 -0500] "CONNECT relay-bf5451a5.net.anydesk.com:80 HTTP/1.1" 200 0 "HTTPS" "outgoing via 192.168.50.30"
192.168.1.15 - jacome [26/Sep/2021:14:45:24 -0500] "GET http://detectportal.firefox.com/canonical.html HTTP/1.1" 200 1896 "HTTP" "Error 403 (Forbidden)!!1"
192.168.1.15 - jacome [26/Sep/2021:14:45:32 -0500] "GET http://detectportal.firefox.com/canonical.html HTTP/1.1" 200 1896 "HTTP" "Error 403 (Forbidden)!!1"
192.168.1.15 - jacome [26/Sep/2021:14:45:33 -0500] "GET http://detectportal.firefox.com/canonical.html HTTP/1.1" 200 1896 "HTTP" "Error 403 (Forbidden)!!1"
192.168.1.15 - jacome [26/Sep/2021:14:45:33 -0500] "GET http://detectportal.firefox.com/canonical.html HTTP/1.1" 200 1896 "HTTP" "Error 403 (Forbidden)!!1"
192.168.1.15 - jacome [26/Sep/2021:14:45:33 -0500] "GET http://detectportal.firefox.com/canonical.html HTTP/1.1" 200 1896 "HTTP" "Error 403 (Forbidden)!!1"
192.168.10.20 - arodriguez [26/Sep/2021:14:45:36 -0500] "CONNECT relay-bf5451a5.net.anydesk.com:80 HTTP/1.1" 200 0 "HTTPS" "outgoing via 192.168.50.30"
192.168.10.20 - arodriguez [26/Sep/2021:14:46:05 -0500] "CONNECT relay-bf5451a5.net.anydesk.com:80 HTTP/1.1" 200 0 "HTTPS" "outgoing via 192.168.50.30"
192.168.1.15 - jacome [26/Sep/2021:14:46:05 -0500] "CONNECT incoming.telemetry.mozilla.org:443 HTTP/1.1" 200 0 "HTTPS" "outgoing via 192.168.50.30"
192.168.10.20 - arodriguez [26/Sep/2021:14:46:19 -0500] "CONNECT relay-283e3f4a.net.anydesk.com:80 HTTP/1.1" 200 0 "HTTPS" "outgoing via 192.168.50.30"
192.168.1.15 - jacome [26/Sep/2021:14:46:24 -0500] "GET http://detectportal.firefox.com/canonical.html HTTP/1.1" 200 1896 "HTTP" "Error 403 (Forbidden)!!1"
192.168.1.15 - jacome [26/Sep/2021:14:46:24 -0500] "GET http://detectportal.firefox.com/canonical.html HTTP/1.1" 200 1896 "HTTP" "Error 403 (Forbidden)!!1"
192.168.1.15 - jacome [26/Sep/2021:14:46:24 -0500] "GET http://detectportal.firefox.com/canonical.html HTTP/1.1" 200 1896 "HTTP" "Error 403 (Forbidden)!!1"
192.168.1.15 - jacome [26/Sep/2021:14:46:24 -0500] "GET http://detectportal.firefox.com/canonical.html HTTP/1.1" 200 1896 "HTTP" "Error 403 (Forbidden)!!1"
192.168.1.15 - jacome [26/Sep/2021:14:46:24 -0500] "GET http://detectportal.firefox.com/canonical.html HTTP/1.1" 200 1896 "HTTP" "Error 403 (Forbidden)!!1"
192.168.1.15 - jacome [26/Sep/2021:14:46:24 -0500] "GET http://detectportal.firefox.com/canonical.html HTTP/1.1" 200 1896 "HTTP" "Error 403 (Forbidden)!!1"
192.168.10.20 - arodriguez [26/Sep/2021:14:46:48 -0500] "CONNECT relay-283e3f4a.net.anydesk.com:80 HTTP/1.1" 200 0 "HTTPS" "outgoing via 192.168.50.30"
192.168.10.20 - arodriguez [26/Sep/2021:14:47:16 -0500] "CONNECT relay-283e3f4a.net.anydesk.com:80 HTTP/1.1" 200 0 "HTTPS" "outgoing via 192.168.50.30"
192.168.1.15 - jacome [26/Sep/2021:14:47:24 -0500] "GET http://detectportal.firefox.com/canonical.html HTTP/1.1" 200 1896 "HTTP" "Error 403 (Forbidden)!!1"
192.168.1.15 - jacome [26/Sep/2021:14:47:24 -0500] "GET http://detectportal.firefox.com/canonical.html HTTP/1.1" 200 1896 "HTTP" "Error 403 (Forbidden)!!1"
192.168.1.15 - jacome [26/Sep/2021:14:47:24 -0500] "GET http://detectportal.firefox.com/canonical.html HTTP/1.1" 200 1896 "HTTP" "Error 403 (Forbidden)!!1"
192.168.1.15 - jacome [26/Sep/2021:14:47:24 -0500] "GET http://detectportal.firefox.com/canonical.html HTTP/1.1" 200 1896 "HTTP" "Error 403 (Forbidden)!!1"
192.168.1.15 - jacome [26/Sep/2021:14:47:24 -0500] "GET http://detectportal.firefox.com/canonical.html HTTP/1.1" 200 1896 "HTTP" "Error 403 (Forbidden)!!1"
192.168.1.15 - jacome [26/Sep/2021:14:47:24 -0500] "GET http://detectportal.firefox.com/canonical.html HTTP/1.1" 200 1896 "HTTP" "Error 403 (Forbidden)!!1"
192.168.1.15 - jacome [26/Sep/2021:14:47:29 -0500] "CONNECT contile.services.mozilla.com:443 HTTP/1.1" 200 0 "HTTPS" "outgoing via 192.168.50.30"
192.168.10.20 - arodriguez [26/Sep/2021:14:47:46 -0500] "CONNECT relay-283e3f4a.net.anydesk.com:80 HTTP/1.1" 200 0 "HTTPS" "outgoing via 192.168.50.30"
192.168.10.20 - arodriguez [26/Sep/2021:14:47:59 -0500] "CONNECT relay-0767eec0.net.anydesk.com:80 HTTP/1.1" 200 0 "HTTPS" "outgoing via 192.168.50.30"
192.168.1.15 - jacome [26/Sep/2021:14:48:24 -0500] "GET http://detectportal.firefox.com/canonical.html HTTP/1.1" 200 1896 "HTTP" "Error 403 (Forbidden)!!1"
192.168.10.20 - arodriguez [26/Sep/2021:14:48:28 -0500] "CONNECT relay-0767eec0.net.anydesk.com:80 HTTP/1.1" 200 0 "HTTPS" "outgoing via 192.168.50.30"
192.168.1.15 - jacome [26/Sep/2021:14:48:42 -0500] "GET http://detectportal.firefox.com/canonical.html HTTP/1.1" 200 1896 "HTTP" "Error 403 (Forbidden)!!1"
192.168.1.15 - jacome [26/Sep/2021:14:48:42 -0500] "GET http://detectportal.firefox.com/canonical.html HTTP/1.1" 200 1896 "HTTP" "Error 403 (Forbidden)!!1"
192.168.10.20 - arodriguez [26/Sep/2021:14:48:57 -0500] "CONNECT relay-0767eec0.net.anydesk.com:80 HTTP/1.1" 200 0 "HTTPS" "outgoing via 192.168.50.30"
192.168.10.20 - arodriguez [26/Sep/2021:14:49:11 -0500] "CONNECT relay-2057a8b4.net.anydesk.com:80 HTTP/1.1" 200 0 "HTTPS" "outgoing via 192.168.50.30"
192.168.1.15 - jacome [26/Sep/2021:14:49:24 -0500] "GET http://detectportal.firefox.com/canonical.html HTTP/1.1" 200 1896 "HTTP" "Error 403 (Forbidden)!!1"
192.168.1.15 - jacome [26/Sep/2021:14:49:24 -0500] "GET http://detectportal.firefox.com/canonical.html HTTP/1.1" 200 1896 "HTTP" "Error 403 (Forbidden)!!1"
192.168.1.15 - jacome [26/Sep/2021:14:49:24 -0500] "GET http://detectportal.firefox.com/canonical.html HTTP/1.1" 200 1896 "HTTP" "Error 403 (Forbidden)!!1"
192.168.1.15 - jacome [26/Sep/2021:14:49:24 -0500] "GET http://detectportal.firefox.com/canonical.html HTTP/1.1" 200 1896 "HTTP" "Error 403 (Forbidden)!!1"
192.168.1.15 - jacome [26/Sep/2021:14:49:24 -0500] "GET http://detectportal.firefox.com/canonical.html HTTP/1.1" 200 1896 "HTTP" "Error 403 (Forbidden)!!1"
192.168.1.15 - jacome [26/Sep/2021:14:49:24 -0500] "GET http://detectportal.firefox.com/canonical.html HTTP/1.1" 200 1896 "HTTP" "Error 403 (Forbidden)!!1"
192.168.10.20 - arodriguez [26/Sep/2021:14:49:40 -0500] "CONNECT relay-2057a8b4.net.anydesk.com:80 HTTP/1.1" 200 0 "HTTPS" "outgoing via 192.168.50.30"
192.168.10.20 - arodriguez [26/Sep/2021:14:50:09 -0500] "CONNECT relay-2057a8b4.net.anydesk.com:80 HTTP/1.1" 200 0 "HTTPS" "outgoing via 192.168.50.30"
192.168.1.15 - jacome [26/Sep/2021:14:50:24 -0500] "GET http://detectportal.firefox.com/canonical.html HTTP/1.1" 200 1896 "HTTP" "Error 403 (Forbidden)!!1"
192.168.1.15 - jacome [26/Sep/2021:14:50:24 -0500] "GET http://detectportal.firefox.com/canonical.html HTTP/1.1" 200 1896 "HTTP" "Error 403 (Forbidden)!!1"
192.168.1.15 - jacome [26/Sep/2021:14:50:24 -0500] "GET http://detectportal.firefox.com/canonical.html HTTP/1.1" 200 1896 "HTTP" "Error 403 (Forbidden)!!1"
192.168.1.15 - jacome [26/Sep/2021:14:50:24 -0500] "GET http://detectportal.firefox.com/canonical.html HTTP/1.1" 200 1896 "HTTP" "Error 403 (Forbidden)!!1"
192.168.1.15 - jacome [26/Sep/2021:14:50:24 -0500] "GET http://detectportal.firefox.com/canonical.html HTTP/1.1" 200 1896 "HTTP" "Error 403 (Forbidden)!!1"
192.168.1.15 - jacome [26/Sep/2021:14:50:24 -0500] "GET http://detectportal.firefox.com/canonical.html HTTP/1.1" 200 1896 "HTTP" "Error 403 (Forbidden)!!1"
192.168.10.20 - arodriguez [26/Sep/2021:14:50:38 -0500] "CONNECT relay-2057a8b4.net.anydesk.com:80 HTTP/1.1" 200 0 "HTTPS" "outgoing via 192.168.50.30"
192.168.10.20 - arodriguez [26/Sep/2021:14:50:51 -0500] "CONNECT relay-11a3886a.net.anydesk.com:80 HTTP/1.1" 200 0 "HTTPS" "outgoing via 192.168.50.30"
192.168.50.8 - arodriguez [26/Sep/2021:14:50:56 -0500] "HEAD http://update.eset.com/eset_eval/update.ver HTTP/1.1" 200 384 "HTTP" ""
192.168.50.8 - arodriguez [26/Sep/2021:14:51:08 -0500] "GET http://update.eset.com/eset_eval/update.ver HTTP/1.1" 200 119231 "HTTP" ""
192.168.50.8 - arodriguez [26/Sep/2021:14:51:08 -0500] "HEAD http://update.eset.com/v3-eval-sta/mod_002_engine_50958/em002_32_l2.nup HTTP/1.1" 200 377 "HTTP" ""
192.168.10.20 - arodriguez [26/Sep/2021:14:51:20 -0500] "CONNECT relay-11a3886a.net.anydesk.com:80 HTTP/1.1" 200 0 "HTTPS" "outgoing via 192.168.50.30"
192.168.1.15 - jacome [26/Sep/2021:14:51:24 -0500] "GET http://detectportal.firefox.com/canonical.html HTTP/1.1" 200 1896 "HTTP" "Error 403 (Forbidden)!!1"
192.168.1.15 - jacome [26/Sep/2021:14:51:24 -0500] "GET http://detectportal.firefox.com/canonical.html HTTP/1.1" 200 1896 "HTTP" "Error 403 (Forbidden)!!1"
192.168.1.15 - jacome [26/Sep/2021:14:51:24 -0500] "GET http://detectportal.firefox.com/canonical.html HTTP/1.1" 200 1896 "HTTP" "Error 403 (Forbidden)!!1"
192.168.1.15 - jacome [26/Sep/2021:14:51:24 -0500] "GET http://detectportal.firefox.com/canonical.html HTTP/1.1" 200 1896 "HTTP" "Error 403 (Forbidden)!!1"
192.168.1.15 - jacome [26/Sep/2021:14:51:24 -0500] "GET http://detectportal.firefox.com/canonical.html HTTP/1.1" 200 1896 "HTTP" "Error 403 (Forbidden)!!1"
192.168.1.15 - jacome [26/Sep/2021:14:51:24 -0500] "GET http://detectportal.firefox.com/canonical.html HTTP/1.1" 200 1896 "HTTP" "Error 403 (Forbidden)!!1"
192.168.10.20 - arodriguez [26/Sep/2021:14:51:49 -0500] "CONNECT relay-11a3886a.net.anydesk.com:80 HTTP/1.1" 200 0 "HTTPS" "outgoing via 192.168.50.30"
192.168.50.8 - arodriguez [26/Sep/2021:14:52:01 -0500] "GET http://update.eset.com/v3-eval-sta/mod_002_engine_50958/em002_32_l2.nup HTTP/1.1" 200 536237 "HTTP" ""
192.168.10.20 - arodriguez [26/Sep/2021:14:52:18 -0500] "CONNECT relay-11a3886a.net.anydesk.com:80 HTTP/1.1" 200 0 "HTTPS" "outgoing via 192.168.50.30"
192.168.1.15 - jacome [26/Sep/2021:14:52:24 -0500] "GET http://detectportal.firefox.com/canonical.html HTTP/1.1" 200 1896 "HTTP" "Error 403 (Forbidden)!!1"
192.168.1.15 - jacome [26/Sep/2021:14:52:24 -0500] "GET http://detectportal.firefox.com/canonical.html HTTP/1.1" 200 1896 "HTTP" "Error 403 (Forbidden)!!1"
192.168.1.15 - jacome [26/Sep/2021:14:52:24 -0500] "GET http://detectportal.firefox.com/canonical.html HTTP/1.1" 200 1896 "HTTP" "Error 403 (Forbidden)!!1"
192.168.1.15 - jacome [26/Sep/2021:14:52:24 -0500] "GET http://detectportal.firefox.com/canonical.html HTTP/1.1" 200 1896 "HTTP" "Error 403 (Forbidden)!!1"
192.168.1.15 - jacome [26/Sep/2021:14:52:25 -0500] "GET http://detectportal.firefox.com/canonical.html HTTP/1.1" 200 1896 "HTTP" "Error 403 (Forbidden)!!1"
192.168.1.15 - jacome [26/Sep/2021:14:52:25 -0500] "GET http://detectportal.firefox.com/canonical.html HTTP/1.1" 200 1896 "HTTP" "Error 403 (Forbidden)!!1"
192.168.10.20 - arodriguez [26/Sep/2021:14:52:31 -0500] "CONNECT relay-b51eac1f.net.anydesk.com:80 HTTP/1.1" 200 0 "HTTPS" "outgoing via 192.168.50.30"
192.168.10.20 - arodriguez [26/Sep/2021:14:53:00 -0500] "CONNECT relay-b51eac1f.net.anydesk.com:80 HTTP/1.1" 200 0 "HTTPS" "outgoing via 192.168.50.30"
192.168.1.15 - jacome [26/Sep/2021:14:53:24 -0500] "GET http://detectportal.firefox.com/canonical.html HTTP/1.1" 200 1896 "HTTP" "Error 403 (Forbidden)!!1"
192.168.1.15 - jacome [26/Sep/2021:14:53:24 -0500] "GET http://detectportal.firefox.com/canonical.html HTTP/1.1" 200 1896 "HTTP" "Error 403 (Forbidden)!!1"
192.168.1.15 - jacome [26/Sep/2021:14:53:24 -0500] "GET http://detectportal.firefox.com/canonical.html HTTP/1.1" 200 1896 "HTTP" "Error 403 (Forbidden)!!1"
192.168.1.15 - jacome [26/Sep/2021:14:53:24 -0500] "GET http://detectportal.firefox.com/canonical.html HTTP/1.1" 200 1896 "HTTP" "Error 403 (Forbidden)!!1"
192.168.1.15 - jacome [26/Sep/2021:14:53:24 -0500] "GET http://detectportal.firefox.com/canonical.html HTTP/1.1" 200 1896 "HTTP" "Error 403 (Forbidden)!!1"
192.168.1.15 - jacome [26/Sep/2021:14:53:24 -0500] "GET http://detectportal.firefox.com/canonical.html HTTP/1.1" 200 1896 "HTTP" "Error 403 (Forbidden)!!1"
192.168.10.20 - arodriguez [26/Sep/2021:14:53:29 -0500] "CONNECT relay-b51eac1f.net.anydesk.com:80 HTTP/1.1" 200 0 "HTTPS" "outgoing via 192.168.50.30"
192.168.1.15 - jacome [26/Sep/2021:14:53:41 -0500] "CONNECT scontent-mia3-1.xx.fbcdn.net:443 HTTP/1.1" 200 0 "HTTPS" "outgoing via 192.168.50.30"
192.168.10.20 - arodriguez [26/Sep/2021:14:53:43 -0500] "CONNECT relay-096fe6d0.net.anydesk.com:80 HTTP/1.1" 200 0 "HTTPS" "outgoing via 192.168.50.30"
192.168.10.20 - arodriguez [26/Sep/2021:14:54:12 -0500] "CONNECT relay-096fe6d0.net.anydesk.com:80 HTTP/1.1" 200 0 "HTTPS" "outgoing via 192.168.50.30"
192.168.1.15 - jacome [26/Sep/2021:14:54:26 -0500] "CONNECT external-mia3-2.xx.fbcdn.net:443 HTTP/1.1" 200 0 "HTTPS" "outgoing via 192.168.50.30"
192.168.10.20 - arodriguez [26/Sep/2021:14:54:40 -0500] "CONNECT relay-096fe6d0.net.anydesk.com:80 HTTP/1.1" 200 0 "HTTPS" "outgoing via 192.168.50.30"
192.168.10.20 - arodriguez [26/Sep/2021:14:54:54 -0500] "CONNECT relay-94ea071e.net.anydesk.com:80 HTTP/1.1" 200 0 "HTTPS" "outgoing via 192.168.50.30"
192.168.1.15 - jacome [26/Sep/2021:14:55:03 -0500] "CONNECT static.xx.fbcdn.net:443 HTTP/1.1" 200 0 "HTTPS" "outgoing via 192.168.50.30"
192.168.10.20 - arodriguez [26/Sep/2021:14:55:23 -0500] "CONNECT relay-94ea071e.net.anydesk.com:80 HTTP/1.1" 200 0 "HTTPS" "outgoing via 192.168.50.30"
192.168.10.20 - arodriguez [26/Sep/2021:14:55:51 -0500] "CONNECT relay-94ea071e.net.anydesk.com:80 HTTP/1.1" 200 0 "HTTPS" "outgoing via 192.168.50.30"
192.168.10.20 - arodriguez [26/Sep/2021:14:56:05 -0500] "CONNECT relay-717265af.net.anydesk.com:80 HTTP/1.1" 200 0 "HTTPS" "outgoing via 192.168.50.30"
192.168.10.20 - arodriguez [26/Sep/2021:14:56:34 -0500] "CONNECT relay-717265af.net.anydesk.com:80 HTTP/1.1" 200 0 "HTTPS" "outgoing via 192.168.50.30"
192.168.10.20 - arodriguez [26/Sep/2021:14:57:03 -0500] "CONNECT relay-717265af.net.anydesk.com:80 HTTP/1.1" 200 0 "HTTPS" "outgoing via 192.168.50.30"
192.168.10.20 - arodriguez [26/Sep/2021:14:57:32 -0500] "CONNECT relay-717265af.net.anydesk.com:80 HTTP/1.1" 200 0 "HTTPS" "outgoing via 192.168.50.30"
192.168.1.15 - jacome [26/Sep/2021:14:57:59 -0500] "CONNECT scontent-mia3-2.xx.fbcdn.net:443 HTTP/1.1" 200 0 "HTTPS" "outgoing via 192.168.50.30"
192.168.10.20 - arodriguez [26/Sep/2021:14:58:01 -0500] "CONNECT relay-717265af.net.anydesk.com:80 HTTP/1.1" 200 0 "HTTPS" "outgoing via 192.168.50.30"
192.168.1.15 - jacome [26/Sep/2021:14:58:15 -0500] "CONNECT scontent-mia3-1.xx.fbcdn.net:443 HTTP/1.1" 200 0 "HTTPS" "outgoing via 192.168.50.30"
192.168.1.15 - jacome [26/Sep/2021:14:58:24 -0500] "GET http://detectportal.firefox.com/canonical.html HTTP/1.1" 200 1896 "HTTP" "Error 403 (Forbidden)!!1"
192.168.1.15 - jacome [26/Sep/2021:14:58:24 -0500] "GET http://detectportal.firefox.com/canonical.html HTTP/1.1" 200 1896 "HTTP" "Error 403 (Forbidden)!!1"
192.168.1.15 - jacome [26/Sep/2021:14:58:24 -0500] "GET http://detectportal.firefox.com/canonical.html HTTP/1.1" 200 1896 "HTTP" "Error 403 (Forbidden)!!1"
192.168.1.15 - jacome [26/Sep/2021:14:58:24 -0500] "GET http://detectportal.firefox.com/canonical.html HTTP/1.1" 200 1896 "HTTP" "Error 403 (Forbidden)!!1"
192.168.1.15 - jacome [26/Sep/2021:14:58:24 -0500] "GET http://detectportal.firefox.com/canonical.html HTTP/1.1" 200 1896 "HTTP" "Error 403 (Forbidden)!!1"
192.168.10.20 - arodriguez [26/Sep/2021:14:58:30 -0500] "CONNECT relay-717265af.net.anydesk.com:80 HTTP/1.1" 200 0 "HTTPS" "outgoing via 192.168.50.30"
192.168.1.15 - jacome [26/Sep/2021:14:58:31 -0500] "CONNECT static.xx.fbcdn.net:443 HTTP/1.1" 200 0 "HTTPS" "outgoing via 192.168.50.30"
192.168.10.20 - arodriguez [26/Sep/2021:14:58:44 -0500] "CONNECT relay-9ec84ff7.net.anydesk.com:80 HTTP/1.1" 200 0 "HTTPS" "outgoing via 192.168.50.30"
192.168.10.20 - arodriguez [26/Sep/2021:14:59:13 -0500] "CONNECT relay-9ec84ff7.net.anydesk.com:80 HTTP/1.1" 200 0 "HTTPS" "outgoing via 192.168.50.30"
192.168.10.20 - arodriguez [26/Sep/2021:14:59:42 -0500] "CONNECT relay-9ec84ff7.net.anydesk.com:80 HTTP/1.1" 200 0 "HTTPS" "outgoing via 192.168.50.30"
192.168.10.20 - arodriguez [26/Sep/2021:14:59:56 -0500] "CONNECT relay-5bec465c.net.anydesk.com:80 HTTP/1.1" 200 0 "HTTPS" "outgoing via 192.168.50.30"
192.168.1.15 - jacome [26/Sep/2021:14:59:57 -0500] "CONNECT static.xx.fbcdn.net:443 HTTP/1.1" 200 0 "HTTPS" "outgoing via 192.168.50.30"
192.168.10.20 - arodriguez [26/Sep/2021:15:00:25 -0500] "CONNECT relay-5bec465c.net.anydesk.com:80 HTTP/1.1" 200 0 "HTTPS" "outgoing via 192.168.50.30"
192.168.10.20 - arodriguez [26/Sep/2021:15:00:54 -0500] "CONNECT relay-5bec465c.net.anydesk.com:80 HTTP/1.1" 200 0 "HTTPS" "outgoing via 192.168.50.30"
192.168.10.20 - arodriguez [26/Sep/2021:15:01:23 -0500] "CONNECT relay-5bec465c.net.anydesk.com:80 HTTP/1.1" 200 0 "HTTPS" "outgoing via 192.168.50.30"
192.168.10.20 - arodriguez [26/Sep/2021:15:01:52 -0500] "CONNECT relay-5bec465c.net.anydesk.com:80 HTTP/1.1" 200 0 "HTTPS" "outgoing via 192.168.50.30"
192.168.10.20 - arodriguez [26/Sep/2021:15:02:21 -0500] "CONNECT relay-5bec465c.net.anydesk.com:80 HTTP/1.1" 200 0 "HTTPS" "outgoing via 192.168.50.30"
192.168.1.15 - jacome [26/Sep/2021:15:02:29 -0500] "CONNECT contile.services.mozilla.com:443 HTTP/1.1" 200 0 "HTTPS" "outgoing via 192.168.50.30"
192.168.10.20 - arodriguez [26/Sep/2021:15:02:50 -0500] "CONNECT relay-5bec465c.net.anydesk.com:80 HTTP/1.1" 200 0 "HTTPS" "outgoing via 192.168.50.30"
192.168.10.20 - arodriguez [26/Sep/2021:15:03:03 -0500] "CONNECT relay-283e3f4a.net.anydesk.com:80 HTTP/1.1" 200 0 "HTTPS" "outgoing via 192.168.50.30"
192.168.10.20 - arodriguez [26/Sep/2021:15:03:32 -0500] "CONNECT relay-283e3f4a.net.anydesk.com:80 HTTP/1.1" 200 0 "HTTPS" "outgoing via 192.168.50.30"
192.168.1.15 - jacome [26/Sep/2021:15:03:45 -0500] "CONNECT static.xx.fbcdn.net:443 HTTP/1.1" 200 0 "HTTPS" "outgoing via 192.168.50.30"
192.168.10.20 - arodriguez [26/Sep/2021:15:04:01 -0500] "CONNECT relay-283e3f4a.net.anydesk.com:80 HTTP/1.1" 200 0 "HTTPS" "outgoing via 192.168.50.30"
192.168.10.20 - arodriguez [26/Sep/2021:15:04:30 -0500] "CONNECT relay-283e3f4a.net.anydesk.com:80 HTTP/1.1" 200 0 "HTTPS" "outgoing via 192.168.50.30"
192.168.10.20 - arodriguez [26/Sep/2021:15:04:43 -0500] "CONNECT relay-11a3886a.net.anydesk.com:80 HTTP/1.1" 200 0 "HTTPS" "outgoing via 192.168.50.30"
192.168.10.20 - arodriguez [26/Sep/2021:15:05:12 -0500] "CONNECT relay-11a3886a.net.anydesk.com:80 HTTP/1.1" 200 0 "HTTPS" "outgoing via 192.168.50.30"
192.168.10.20 - arodriguez [26/Sep/2021:15:05:41 -0500] "CONNECT relay-11a3886a.net.anydesk.com:80 HTTP/1.1" 200 0 "HTTPS" "outgoing via 192.168.50.30"
192.168.10.20 - arodriguez [26/Sep/2021:15:06:10 -0500] "CONNECT relay-11a3886a.net.anydesk.com:80 HTTP/1.1" 200 0 "HTTPS" "outgoing via 192.168.50.30"
192.168.1.15 - jacome [26/Sep/2021:15:06:36 -0500] "CONNECT safebrowsing.googleapis.com:443 HTTP/1.1" 200 0 "HTTPS" "outgoing via 192.168.50.30"
192.168.10.20 - arodriguez [26/Sep/2021:15:06:39 -0500] "CONNECT relay-11a3886a.net.anydesk.com:80 HTTP/1.1" 200 0 "HTTPS" "outgoing via 192.168.50.30"
192.168.10.20 - arodriguez [26/Sep/2021:15:07:08 -0500] "CONNECT relay-11a3886a.net.anydesk.com:80 HTTP/1.1" 200 0 "HTTPS" "outgoing via 192.168.50.30"
192.168.10.20 - arodriguez [26/Sep/2021:15:07:21 -0500] "CONNECT relay-2da43234.net.anydesk.com:80 HTTP/1.1" 200 0 "HTTPS" "outgoing via 192.168.50.30"
192.168.10.20 - arodriguez [26/Sep/2021:15:07:50 -0500] "CONNECT relay-2da43234.net.anydesk.com:80 HTTP/1.1" 200 0 "HTTPS" "outgoing via 192.168.50.30"
192.168.10.20 - arodriguez [26/Sep/2021:15:08:19 -0500] "CONNECT relay-2da43234.net.anydesk.com:80 HTTP/1.1" 200 0 "HTTPS" "outgoing via 192.168.50.30"
192.168.1.15 - jacome [26/Sep/2021:15:08:25 -0500] "GET http://detectportal.firefox.com/canonical.html HTTP/1.1" 200 1896 "HTTP" "Error 403 (Forbidden)!!1"
192.168.1.15 - jacome [26/Sep/2021:15:08:25 -0500] "GET http://detectportal.firefox.com/canonical.html HTTP/1.1" 200 1896 "HTTP" "Error 403 (Forbidden)!!1"
192.168.1.15 - jacome [26/Sep/2021:15:08:25 -0500] "GET http://detectportal.firefox.com/canonical.html HTTP/1.1" 200 1896 "HTTP" "Error 403 (Forbidden)!!1"
