192.168.1.15 - adrianamg [14/Aug/2021:08:45:34 -0500] "CONNECT mail.google.com:443 HTTP/1.1" 200 0 "HTTPS" "outgoing via 192.168.50.30"
192.168.1.15 - adrianamg [14/Aug/2021:08:45:37 -0500] "CONNECT mail.google.com:443 HTTP/1.1" 200 0 "HTTPS" "outgoing via 192.168.50.30"
192.168.10.20 - arodriguez [14/Aug/2021:08:45:43 -0500] "CONNECT relay-5d364c18.net.anydesk.com:80 HTTP/1.1" 200 0 "HTTPS" "outgoing via 192.168.50.30"
192.168.1.15 - rquintanilla [14/Aug/2021:08:45:49 -0500] "GET http://mirrorsearch.speedbit.com/cgi-bin/MirrorSearch.dll?ver12?Scheme=3&Site=3.17.194.245&Path=/%3f6117b8931be0c165263766=a6ee3df79fed545984fc4252b5649ea252ff1cf5%26vrfy=235ad1ed07f36b84425aece21534ee1868b42312%26kitco6117b8931be1e=5236735&Filename=5236735&Size=4294967295&SizeHigh=4294967295&Pos=0&PosHigh=0&Country=&Region=&R=0&Advanced=1&Checksum=&BPS=56000&V=10.0.6.0&DMD=&D4=e2d/eg==&REF=&TS_HAS=0.000000&TS_LAS=0.000000&TS_AAS=0.000000&Aff=NONE&DLStyle=1&MID=ezBGMjU5MjAwLTU4NjctNDI4MS1CQTlELUFERDNGMzlCODNFOX17OTU3N0JDMkItQTc0Qy00NWRhLUJFRjMtQjc2MDlFMzM2NTBBfQ==&SS=bLQXYZL/CUB2REEBBAAJAACA1gAAAwAAvLYXYZD/CUB3REcBBAAJAACA1gAAAwAA&SE=A2y0F2EAABUAXiYAABUAXgAAA7y2F2EAAAEAXiYAAAEAXgAAAAUAXiYAAAUAXgAAAAUAXiYAAAUAXgAAAAkALjQnAQ4AVMgEAQ4AVMgEARYAVMgEARQAVAIAABQAXiYAABQAXgAAASMAVM0IAREAVD8FARMAVMgEATcAVMgEAQcAVMgEAR0AVAEAADQALjQnATkAVBxQAQIAVGMBARcAVAIAABcAXiYAABcAXgAAASIAVAIAAAYAXiYAAAYAXgAAAAYAXiYAAAYAXgAAAQ4AVAQAAREAVAEAARsAVPWABSMAZioABSMAZioABSMAZioABSMAZioAACMAXiYAACMAXgAAASoAVAEABSoAZioABSoAZioABSoAZioABSsAZioABSsAZioAACsAXiYAACsAXgAAASwAVAEABSwAZioABSwAZioABSwAZioABSwAZioABSwAZioAACwAXiYAACwAXgAAAS0AVAIAAS4AVAEAAAwAXiYAAAwAXgAAAAwAXiYAAAwAXgAAAQ8AVAQAARMAVCIFARQAVAEAARYAVGsHBRYAZioABRYAZioABRcAZioABRcAZioABRcAZioAABcAXiYAABcAXgAAARoAVHoFARwAVHoFAR0AVAEABR0AZioABR0AZioABR0AZioABR0AZioABR0AZioAAB0AXiYAAB0AXgAAAR4AVAEABR4AZioABR4AZioABR4AZioABR4AZioABR4AZioAAB4AXiYAAB4AXgAAAR8AVAIAAAcAXiYAAAcAXgAAAAcAXiYAAAcAXgAAAQoAVAEABQ4AZioABQ4AZioABQ4AZioABQ4AZioAAA4AXiYAAA4AXgAAARcAVAIAAB4AXiYAAB4AXgAAAB4AXiYAAB4AXgAAAR8AVAIAACMAXiYAACMAXgAAACMAXiYAACMAXgAAASUAVAIAACsAXiYAACsAXgAAACsAXiYAACsAXgAAASwAVAIAAA4ALisnBQ4AZioABQ4AZioABQ4AZioABQ4AZioABQ4AZioAAA4AXiYAAA4AXgAAAQ8AVAIAABIALjQnARoAVAEAAB4ALjQnAQUAVAEA&SN=1&SV=4&TS_DInfo= HTTP/1.1" 200 373 "HTTP" ""
192.168.1.15 - adrianamg [14/Aug/2021:08:45:56 -0500] "CONNECT 0.1.0.1:1001 HTTP/1.1" 200 0 "HTTPS" "outgoing via 192.168.50.30"
192.168.10.20 - arodriguez [14/Aug/2021:08:46:12 -0500] "CONNECT relay-5d364c18.net.anydesk.com:80 HTTP/1.1" 200 0 "HTTPS" "outgoing via 192.168.50.30"
192.168.1.15 - adrianamg [14/Aug/2021:08:46:18 -0500] "CONNECT mail.google.com:443 HTTP/1.1" 200 0 "HTTPS" "outgoing via 192.168.50.30"
192.168.1.15 - adrianamg [14/Aug/2021:08:46:21 -0500] "CONNECT mail.google.com:443 HTTP/1.1" 200 0 "HTTPS" "outgoing via 192.168.50.30"
192.168.1.15 - adrianamg [14/Aug/2021:08:46:23 -0500] "CONNECT mail.google.com:443 HTTP/1.1" 200 0 "HTTPS" "outgoing via 192.168.50.30"
192.168.1.15 - adrianamg [14/Aug/2021:08:46:25 -0500] "CONNECT mail.google.com:443 HTTP/1.1" 200 0 "HTTPS" "outgoing via 192.168.50.30"
192.168.1.15 - adrianamg [14/Aug/2021:08:46:28 -0500] "CONNECT mail.google.com:443 HTTP/1.1" 200 0 "HTTPS" "outgoing via 192.168.50.30"
192.168.1.15 - adrianamg [14/Aug/2021:08:46:30 -0500] "CONNECT mail.google.com:443 HTTP/1.1" 200 0 "HTTPS" "outgoing via 192.168.50.30"
192.168.1.15 - adrianamg [14/Aug/2021:08:46:33 -0500] "CONNECT mail.google.com:443 HTTP/1.1" 200 0 "HTTPS" "outgoing via 192.168.50.30"
192.168.1.15 - adrianamg [14/Aug/2021:08:46:35 -0500] "CONNECT mail.google.com:443 HTTP/1.1" 200 0 "HTTPS" "outgoing via 192.168.50.30"
192.168.10.20 - arodriguez [14/Aug/2021:08:46:41 -0500] "CONNECT relay-5d364c18.net.anydesk.com:80 HTTP/1.1" 200 0 "HTTPS" "outgoing via 192.168.50.30"
192.168.10.20 - arodriguez [14/Aug/2021:08:47:10 -0500] "CONNECT relay-5d364c18.net.anydesk.com:80 HTTP/1.1" 200 0 "HTTPS" "outgoing via 192.168.50.30"
192.168.1.15 - adrianamg [14/Aug/2021:08:47:18 -0500] "CONNECT mail.google.com:443 HTTP/1.1" 200 0 "HTTPS" "outgoing via 192.168.50.30"
192.168.1.15 - adrianamg [14/Aug/2021:08:47:21 -0500] "CONNECT mail.google.com:443 HTTP/1.1" 200 0 "HTTPS" "outgoing via 192.168.50.30"
192.168.1.15 - adrianamg [14/Aug/2021:08:47:24 -0500] "CONNECT mail.google.com:443 HTTP/1.1" 200 0 "HTTPS" "outgoing via 192.168.50.30"
192.168.1.15 - adrianamg [14/Aug/2021:08:47:26 -0500] "CONNECT mail.google.com:443 HTTP/1.1" 200 0 "HTTPS" "outgoing via 192.168.50.30"
192.168.1.15 - adrianamg [14/Aug/2021:08:47:29 -0500] "CONNECT mail.google.com:443 HTTP/1.1" 200 0 "HTTPS" "outgoing via 192.168.50.30"
192.168.1.15 - adrianamg [14/Aug/2021:08:47:31 -0500] "CONNECT mail.google.com:443 HTTP/1.1" 200 0 "HTTPS" "outgoing via 192.168.50.30"
192.168.1.15 - adrianamg [14/Aug/2021:08:47:33 -0500] "CONNECT mail.google.com:443 HTTP/1.1" 200 0 "HTTPS" "outgoing via 192.168.50.30"
192.168.1.15 - adrianamg [14/Aug/2021:08:47:36 -0500] "CONNECT mail.google.com:443 HTTP/1.1" 200 0 "HTTPS" "outgoing via 192.168.50.30"
192.168.10.20 - arodriguez [14/Aug/2021:08:47:39 -0500] "CONNECT relay-5d364c18.net.anydesk.com:80 HTTP/1.1" 200 0 "HTTPS" "outgoing via 192.168.50.30"
192.168.1.15 - adrianamg [14/Aug/2021:08:47:45 -0500] "CONNECT 0.1.0.1:1001 HTTP/1.1" 200 0 "HTTPS" "outgoing via 192.168.50.30"
192.168.10.20 - arodriguez [14/Aug/2021:08:47:52 -0500] "CONNECT relay-49726057.net.anydesk.com:80 HTTP/1.1" 200 0 "HTTPS" "outgoing via 192.168.50.30"
192.168.1.15 - rquintanilla [14/Aug/2021:08:48:16 -0500] "GET http://3.17.194.245/?6117b8931be0c165263766=a6ee3df79fed545984fc4252b5649ea252ff1cf5&vrfy=235ad1ed07f36b84425aece21534ee1868b42312&kitco6117b8931be1e=5236735 HTTP/1.1" 200 11934979 "HTTP" ""
192.168.1.15 - rquintanilla [14/Aug/2021:08:48:16 -0500] "GET http://update.speedbit.com/xml/trigger.aspx?dapver=10.0.6.0&xmlver=9&UserID= HTTP/1.1" 200 2659 "HTTP" ""
192.168.1.15 - adrianamg [14/Aug/2021:08:48:18 -0500] "CONNECT mail.google.com:443 HTTP/1.1" 200 0 "HTTPS" "outgoing via 192.168.50.30"
192.168.1.15 - adrianamg [14/Aug/2021:08:48:20 -0500] "CONNECT mail.google.com:443 HTTP/1.1" 200 0 "HTTPS" "outgoing via 192.168.50.30"
192.168.1.15 - adrianamg [14/Aug/2021:08:48:21 -0500] "CONNECT mail.google.com:443 HTTP/1.1" 200 0 "HTTPS" "outgoing via 192.168.50.30"
192.168.10.20 - arodriguez [14/Aug/2021:08:48:22 -0500] "CONNECT relay-49726057.net.anydesk.com:80 HTTP/1.1" 200 0 "HTTPS" "outgoing via 192.168.50.30"
192.168.1.15 - adrianamg [14/Aug/2021:08:48:23 -0500] "CONNECT mail.google.com:443 HTTP/1.1" 200 0 "HTTPS" "outgoing via 192.168.50.30"
192.168.1.15 - adrianamg [14/Aug/2021:08:48:26 -0500] "CONNECT mail.google.com:443 HTTP/1.1" 200 0 "HTTPS" "outgoing via 192.168.50.30"
192.168.1.15 - adrianamg [14/Aug/2021:08:48:28 -0500] "CONNECT mail.google.com:443 HTTP/1.1" 200 0 "HTTPS" "outgoing via 192.168.50.30"
192.168.1.15 - adrianamg [14/Aug/2021:08:48:31 -0500] "CONNECT mail.google.com:443 HTTP/1.1" 200 0 "HTTPS" "outgoing via 192.168.50.30"
192.168.1.15 - adrianamg [14/Aug/2021:08:48:34 -0500] "CONNECT mail.google.com:443 HTTP/1.1" 200 0 "HTTPS" "outgoing via 192.168.50.30"
192.168.1.15 - adrianamg [14/Aug/2021:08:48:36 -0500] "CONNECT mail.google.com:443 HTTP/1.1" 200 0 "HTTPS" "outgoing via 192.168.50.30"
192.168.1.15 - adrianamg [14/Aug/2021:08:48:38 -0500] "CONNECT mail.google.com:443 HTTP/1.1" 200 0 "HTTPS" "outgoing via 192.168.50.30"
192.168.1.15 - adrianamg [14/Aug/2021:08:48:38 -0500] "CONNECT star-mode-extension.xyz:443 HTTP/1.1" 200 0 "HTTPS" "outgoing via 192.168.50.30"
192.168.1.15 - adrianamg [14/Aug/2021:08:48:41 -0500] "CONNECT star-mode-extension.xyz:443 HTTP/1.1" 200 0 "HTTPS" "outgoing via 192.168.50.30"
192.168.10.20 - arodriguez [14/Aug/2021:08:48:50 -0500] "CONNECT relay-49726057.net.anydesk.com:80 HTTP/1.1" 200 0 "HTTPS" "outgoing via 192.168.50.30"
192.168.50.8 - arodriguez [14/Aug/2021:08:49:00 -0500] "HEAD http://update.eset.com/eset_eval/update.ver HTTP/1.1" 200 383 "HTTP" ""
192.168.10.20 - arodriguez [14/Aug/2021:08:49:04 -0500] "CONNECT relay-717265af.net.anydesk.com:80 HTTP/1.1" 200 0 "HTTPS" "outgoing via 192.168.50.30"
192.168.50.8 - arodriguez [14/Aug/2021:08:49:09 -0500] "GET http://update.eset.com/eset_eval/update.ver HTTP/1.1" 200 119437 "HTTP" ""
192.168.50.8 - arodriguez [14/Aug/2021:08:49:09 -0500] "HEAD http://update.eset.com/v3-eval-sta/mod_002_engine_50484/em002_32_l2.nup HTTP/1.1" 200 377 "HTTP" ""
192.168.1.15 - adrianamg [14/Aug/2021:08:49:18 -0500] "CONNECT mail.google.com:443 HTTP/1.1" 200 0 "HTTPS" "outgoing via 192.168.50.30"
192.168.1.15 - adrianamg [14/Aug/2021:08:49:20 -0500] "CONNECT mail.google.com:443 HTTP/1.1" 200 0 "HTTPS" "outgoing via 192.168.50.30"
192.168.1.15 - adrianamg [14/Aug/2021:08:49:23 -0500] "CONNECT mail.google.com:443 HTTP/1.1" 200 0 "HTTPS" "outgoing via 192.168.50.30"
192.168.1.15 - adrianamg [14/Aug/2021:08:49:26 -0500] "CONNECT mail.google.com:443 HTTP/1.1" 200 0 "HTTPS" "outgoing via 192.168.50.30"
192.168.1.15 - adrianamg [14/Aug/2021:08:49:28 -0500] "CONNECT mail.google.com:443 HTTP/1.1" 200 0 "HTTPS" "outgoing via 192.168.50.30"
192.168.1.15 - adrianamg [14/Aug/2021:08:49:31 -0500] "CONNECT mail.google.com:443 HTTP/1.1" 200 0 "HTTPS" "outgoing via 192.168.50.30"
192.168.10.20 - arodriguez [14/Aug/2021:08:49:33 -0500] "CONNECT relay-717265af.net.anydesk.com:80 HTTP/1.1" 200 0 "HTTPS" "outgoing via 192.168.50.30"
192.168.1.15 - adrianamg [14/Aug/2021:08:49:33 -0500] "CONNECT mail.google.com:443 HTTP/1.1" 200 0 "HTTPS" "outgoing via 192.168.50.30"
192.168.1.15 - adrianamg [14/Aug/2021:08:49:36 -0500] "CONNECT mail.google.com:443 HTTP/1.1" 200 0 "HTTPS" "outgoing via 192.168.50.30"
192.168.1.15 - adrianamg [14/Aug/2021:08:49:38 -0500] "CONNECT 0.1.0.1:1001 HTTP/1.1" 200 0 "HTTPS" "outgoing via 192.168.50.30"
192.168.10.20 - arodriguez [14/Aug/2021:08:50:01 -0500] "CONNECT relay-717265af.net.anydesk.com:80 HTTP/1.1" 200 0 "HTTPS" "outgoing via 192.168.50.30"
192.168.10.20 - arodriguez [14/Aug/2021:08:50:03 -0500] "CONNECT relay-717265af.net.anydesk.com:443 HTTP/1.1" 200 0 "HTTPS" "outgoing via 192.168.50.30"
192.168.10.20 - arodriguez [14/Aug/2021:08:50:16 -0500] "CONNECT relay-5f045e20.net.anydesk.com:80 HTTP/1.1" 200 0 "HTTPS" "outgoing via 192.168.50.30"
192.168.1.15 - adrianamg [14/Aug/2021:08:50:18 -0500] "CONNECT mail.google.com:443 HTTP/1.1" 200 0 "HTTPS" "outgoing via 192.168.50.30"
192.168.1.15 - adrianamg [14/Aug/2021:08:50:21 -0500] "CONNECT mail.google.com:443 HTTP/1.1" 200 0 "HTTPS" "outgoing via 192.168.50.30"
192.168.1.15 - adrianamg [14/Aug/2021:08:50:23 -0500] "CONNECT mail.google.com:443 HTTP/1.1" 200 0 "HTTPS" "outgoing via 192.168.50.30"
192.168.1.15 - adrianamg [14/Aug/2021:08:50:26 -0500] "CONNECT mail.google.com:443 HTTP/1.1" 200 0 "HTTPS" "outgoing via 192.168.50.30"
192.168.1.15 - adrianamg [14/Aug/2021:08:50:28 -0500] "CONNECT mail.google.com:443 HTTP/1.1" 200 0 "HTTPS" "outgoing via 192.168.50.30"
192.168.1.15 - adrianamg [14/Aug/2021:08:50:31 -0500] "CONNECT mail.google.com:443 HTTP/1.1" 200 0 "HTTPS" "outgoing via 192.168.50.30"
192.168.1.15 - adrianamg [14/Aug/2021:08:50:33 -0500] "CONNECT mail.google.com:443 HTTP/1.1" 200 0 "HTTPS" "outgoing via 192.168.50.30"
192.168.1.15 - adrianamg [14/Aug/2021:08:50:35 -0500] "CONNECT mail.google.com:443 HTTP/1.1" 200 0 "HTTPS" "outgoing via 192.168.50.30"
192.168.1.15 - adrianamg [14/Aug/2021:08:50:40 -0500] "CONNECT www.google.com:443 HTTP/1.1" 200 0 "HTTPS" "outgoing via 192.168.50.30"
192.168.1.15 - adrianamg [14/Aug/2021:08:50:43 -0500] "CONNECT encrypted-tbn0.gstatic.com:443 HTTP/1.1" 200 0 "HTTPS" "outgoing via 192.168.50.30"
192.168.10.20 - arodriguez [14/Aug/2021:08:50:45 -0500] "CONNECT relay-5f045e20.net.anydesk.com:80 HTTP/1.1" 200 0 "HTTPS" "outgoing via 192.168.50.30"
192.168.1.15 - adrianamg [14/Aug/2021:08:51:08 -0500] "CONNECT fonts.gstatic.com:443 HTTP/1.1" 200 0 "HTTPS" "outgoing via 192.168.50.30"
192.168.1.15 - adrianamg [14/Aug/2021:08:51:10 -0500] "CONNECT moon-mode-extension.xyz:443 HTTP/1.1" 200 0 "HTTPS" "outgoing via 192.168.50.30"
192.168.10.20 - arodriguez [14/Aug/2021:08:51:14 -0500] "CONNECT relay-5f045e20.net.anydesk.com:80 HTTP/1.1" 200 0 "HTTPS" "outgoing via 192.168.50.30"
192.168.1.15 - adrianamg [14/Aug/2021:08:51:15 -0500] "CONNECT lato7.mysearch.space:443 HTTP/1.1" 200 0 "HTTPS" "outgoing via 192.168.50.30"
192.168.1.15 - adrianamg [14/Aug/2021:08:51:17 -0500] "POST http://ocsp.pki.goog/gts1c3 HTTP/1.1" 200 849 "HTTP" ""
192.168.1.15 - adrianamg [14/Aug/2021:08:51:18 -0500] "CONNECT mail.google.com:443 HTTP/1.1" 200 0 "HTTPS" "outgoing via 192.168.50.30"
192.168.1.15 - adrianamg [14/Aug/2021:08:51:21 -0500] "CONNECT d.abcweathercast.xyz:443 HTTP/1.1" 200 0 "HTTPS" "outgoing via 192.168.50.30"
192.168.1.15 - adrianamg [14/Aug/2021:08:51:21 -0500] "CONNECT mail.google.com:443 HTTP/1.1" 200 0 "HTTPS" "outgoing via 192.168.50.30"
192.168.1.15 - adrianamg [14/Aug/2021:08:51:22 -0500] "POST http://r3.o.lencr.org/ HTTP/1.1" 200 1013 "HTTP" ""
192.168.1.15 - adrianamg [14/Aug/2021:08:51:24 -0500] "CONNECT mail.google.com:443 HTTP/1.1" 200 0 "HTTPS" "outgoing via 192.168.50.30"
192.168.1.15 - adrianamg [14/Aug/2021:08:51:26 -0500] "CONNECT mail.google.com:443 HTTP/1.1" 200 0 "HTTPS" "outgoing via 192.168.50.30"
192.168.1.15 - adrianamg [14/Aug/2021:08:51:26 -0500] "CONNECT www.greatsearch.xyz:443 HTTP/1.1" 200 0 "HTTPS" "outgoing via 192.168.50.30"
192.168.1.15 - adrianamg [14/Aug/2021:08:51:27 -0500] "POST http://ocsp.sca1b.amazontrust.com/ HTTP/1.1" 200 1125 "HTTP" ""
192.168.1.15 - adrianamg [14/Aug/2021:08:51:28 -0500] "CONNECT mail.google.com:443 HTTP/1.1" 200 0 "HTTPS" "outgoing via 192.168.50.30"
192.168.1.15 - adrianamg [14/Aug/2021:08:51:30 -0500] "CONNECT mail.google.com:443 HTTP/1.1" 200 0 "HTTPS" "outgoing via 192.168.50.30"
192.168.1.15 - adrianamg [14/Aug/2021:08:51:31 -0500] "CONNECT m.nearbyme.io:443 HTTP/1.1" 200 0 "HTTPS" "outgoing via 192.168.50.30"
192.168.1.15 - adrianamg [14/Aug/2021:08:51:32 -0500] "CONNECT mail.google.com:443 HTTP/1.1" 200 0 "HTTPS" "outgoing via 192.168.50.30"
192.168.1.15 - adrianamg [14/Aug/2021:08:51:33 -0500] "POST http://ocsp.sca1b.amazontrust.com/ HTTP/1.1" 200 1125 "HTTP" ""
192.168.1.15 - adrianamg [14/Aug/2021:08:51:35 -0500] "CONNECT mail.google.com:443 HTTP/1.1" 200 0 "HTTPS" "outgoing via 192.168.50.30"
192.168.1.15 - adrianamg [14/Aug/2021:08:51:36 -0500] "CONNECT 0.1.0.1:1001 HTTP/1.1" 200 0 "HTTPS" "outgoing via 192.168.50.30"
192.168.1.15 - adrianamg [14/Aug/2021:08:51:36 -0500] "CONNECT cse.google.com:443 HTTP/1.1" 200 0 "HTTPS" "outgoing via 192.168.50.30"
192.168.1.15 - adrianamg [14/Aug/2021:08:51:37 -0500] "CONNECT cdn.airfind.com:443 HTTP/1.1" 200 0 "HTTPS" "outgoing via 192.168.50.30"
192.168.1.15 - adrianamg [14/Aug/2021:08:51:37 -0500] "POST http://r3.o.lencr.org/ HTTP/1.1" 200 1013 "HTTP" ""
192.168.1.15 - adrianamg [14/Aug/2021:08:51:38 -0500] "CONNECT mail.google.com:443 HTTP/1.1" 200 0 "HTTPS" "outgoing via 192.168.50.30"
192.168.1.15 - adrianamg [14/Aug/2021:08:51:40 -0500] "CONNECT mail.google.com:443 HTTP/1.1" 200 0 "HTTPS" "outgoing via 192.168.50.30"
192.168.1.15 - adrianamg [14/Aug/2021:08:51:42 -0500] "CONNECT geo.airfind.com:443 HTTP/1.1" 200 0 "HTTPS" "outgoing via 192.168.50.30"
192.168.1.15 - adrianamg [14/Aug/2021:08:51:43 -0500] "CONNECT www.googleapis.com:443 HTTP/1.1" 200 0 "HTTPS" "outgoing via 192.168.50.30"
192.168.1.15 - adrianamg [14/Aug/2021:08:51:43 -0500] "CONNECT clients1.google.com:443 HTTP/1.1" 200 0 "HTTPS" "outgoing via 192.168.50.30"
192.168.10.20 - arodriguez [14/Aug/2021:08:51:43 -0500] "CONNECT relay-5f045e20.net.anydesk.com:80 HTTP/1.1" 200 0 "HTTPS" "outgoing via 192.168.50.30"
192.168.1.15 - adrianamg [14/Aug/2021:08:51:44 -0500] "CONNECT static.hotjar.com:443 HTTP/1.1" 200 0 "HTTPS" "outgoing via 192.168.50.30"
192.168.1.15 - adrianamg [14/Aug/2021:08:51:44 -0500] "POST http://r3.o.lencr.org/ HTTP/1.1" 200 1013 "HTTP" ""
192.168.1.15 - adrianamg [14/Aug/2021:08:51:44 -0500] "POST http://ocsp.pki.goog/gts1c3 HTTP/1.1" 200 849 "HTTP" ""
192.168.1.15 - adrianamg [14/Aug/2021:08:51:45 -0500] "CONNECT encrypted-tbn1.gstatic.com:443 HTTP/1.1" 200 0 "HTTPS" "outgoing via 192.168.50.30"
192.168.1.15 - adrianamg [14/Aug/2021:08:51:45 -0500] "CONNECT encrypted-tbn2.gstatic.com:443 HTTP/1.1" 200 0 "HTTPS" "outgoing via 192.168.50.30"
192.168.1.15 - adrianamg [14/Aug/2021:08:51:45 -0500] "CONNECT encrypted-tbn3.gstatic.com:443 HTTP/1.1" 200 0 "HTTPS" "outgoing via 192.168.50.30"
192.168.1.15 - adrianamg [14/Aug/2021:08:51:47 -0500] "CONNECT vars.hotjar.com:443 HTTP/1.1" 200 0 "HTTPS" "outgoing via 192.168.50.30"
192.168.1.15 - adrianamg [14/Aug/2021:08:51:51 -0500] "CONNECT api.airfind.com:443 HTTP/1.1" 200 0 "HTTPS" "outgoing via 192.168.50.30"
192.168.1.15 - adrianamg [14/Aug/2021:08:51:51 -0500] "POST http://r3.o.lencr.org/ HTTP/1.1" 200 1013 "HTTP" ""
192.168.1.15 - adrianamg [14/Aug/2021:08:51:56 -0500] "CONNECT gateway.arc.io:443 HTTP/1.1" 200 0 "HTTPS" "outgoing via 192.168.50.30"
192.168.1.15 - adrianamg [14/Aug/2021:08:51:56 -0500] "CONNECT www.megawarez.org:443 HTTP/1.1" 200 0 "HTTPS" "outgoing via 192.168.50.30"
192.168.1.15 - adrianamg [14/Aug/2021:08:51:57 -0500] "CONNECT www.megawarez.org:443 HTTP/1.1" 200 0 "HTTPS" "outgoing via 192.168.50.30"
192.168.1.15 - adrianamg [14/Aug/2021:08:51:57 -0500] "CONNECT arc.io:443 HTTP/1.1" 200 0 "HTTPS" "outgoing via 192.168.50.30"
192.168.1.15 - adrianamg [14/Aug/2021:08:52:00 -0500] "CONNECT fonts.googleapis.com:443 HTTP/1.1" 200 0 "HTTPS" "outgoing via 192.168.50.30"
192.168.1.15 - adrianamg [14/Aug/2021:08:52:02 -0500] "POST http://ocsp.pki.goog/gts1c3 HTTP/1.1" 200 849 "HTTP" ""
192.168.1.15 - adrianamg [14/Aug/2021:08:52:06 -0500] "CONNECT core.arc.io:443 HTTP/1.1" 200 0 "HTTPS" "outgoing via 192.168.50.30"
192.168.1.15 - adrianamg [14/Aug/2021:08:52:06 -0500] "CONNECT static.arc.io:443 HTTP/1.1" 200 0 "HTTPS" "outgoing via 192.168.50.30"
192.168.1.15 - adrianamg [14/Aug/2021:08:52:06 -0500] "CONNECT tkr.arc.io:443 HTTP/1.1" 200 0 "HTTPS" "outgoing via 192.168.50.30"
192.168.1.15 - adrianamg [14/Aug/2021:08:52:07 -0500] "POST http://ocsp.pki.goog/gts1c3 HTTP/1.1" 200 849 "HTTP" ""
192.168.1.15 - adrianamg [14/Aug/2021:08:52:08 -0500] "CONNECT www.gstatic.com:443 HTTP/1.1" 200 0 "HTTPS" "outgoing via 192.168.50.30"
192.168.1.15 - adrianamg [14/Aug/2021:08:52:09 -0500] "CONNECT cdn.onesignal.com:443 HTTP/1.1" 200 0 "HTTPS" "outgoing via 192.168.50.30"
192.168.1.15 - adrianamg [14/Aug/2021:08:52:10 -0500] "POST http://r3.o.lencr.org/ HTTP/1.1" 200 1011 "HTTP" ""
192.168.1.15 - adrianamg [14/Aug/2021:08:52:11 -0500] "CONNECT www.google-analytics.com:443 HTTP/1.1" 200 0 "HTTPS" "outgoing via 192.168.50.30"
192.168.1.15 - adrianamg [14/Aug/2021:08:52:12 -0500] "POST http://ocsp.pki.goog/gts1c3 HTTP/1.1" 200 849 "HTTP" ""
192.168.10.20 - arodriguez [14/Aug/2021:08:52:12 -0500] "CONNECT relay-5f045e20.net.anydesk.com:80 HTTP/1.1" 200 0 "HTTPS" "outgoing via 192.168.50.30"
192.168.1.15 - adrianamg [14/Aug/2021:08:52:16 -0500] "CONNECT cdnjs.cloudflare.com:443 HTTP/1.1" 200 0 "HTTPS" "outgoing via 192.168.50.30"
192.168.1.15 - adrianamg [14/Aug/2021:08:52:16 -0500] "CONNECT tracker.arc.io:443 HTTP/1.1" 200 0 "HTTPS" "outgoing via 192.168.50.30"
192.168.1.15 - adrianamg [14/Aug/2021:08:52:16 -0500] "CONNECT warden.arc.io:443 HTTP/1.1" 200 0 "HTTPS" "outgoing via 192.168.50.30"
192.168.1.15 - adrianamg [14/Aug/2021:08:52:16 -0500] "CONNECT socket.arc.io:443 HTTP/1.1" 200 0 "HTTPS" "outgoing via 192.168.50.30"
192.168.1.15 - adrianamg [14/Aug/2021:08:52:17 -0500] "CONNECT www.gstatic.com:443 HTTP/1.1" 200 0 "HTTPS" "outgoing via 192.168.50.30"
192.168.1.15 - adrianamg [14/Aug/2021:08:52:17 -0500] "POST http://ocsp.pki.goog/gts1c3 HTTP/1.1" 200 849 "HTTP" ""
192.168.1.15 - adrianamg [14/Aug/2021:08:52:19 -0500] "CONNECT mail.google.com:443 HTTP/1.1" 200 0 "HTTPS" "outgoing via 192.168.50.30"
192.168.1.15 - adrianamg [14/Aug/2021:08:52:22 -0500] "CONNECT mail.google.com:443 HTTP/1.1" 200 0 "HTTPS" "outgoing via 192.168.50.30"
192.168.1.15 - adrianamg [14/Aug/2021:08:52:23 -0500] "CONNECT mail.google.com:443 HTTP/1.1" 200 0 "HTTPS" "outgoing via 192.168.50.30"
192.168.1.15 - adrianamg [14/Aug/2021:08:52:25 -0500] "CONNECT mail.google.com:443 HTTP/1.1" 200 0 "HTTPS" "outgoing via 192.168.50.30"
192.168.1.15 - adrianamg [14/Aug/2021:08:52:26 -0500] "CONNECT mail.google.com:443 HTTP/1.1" 200 0 "HTTPS" "outgoing via 192.168.50.30"
192.168.1.15 - adrianamg [14/Aug/2021:08:52:27 -0500] "CONNECT mail.google.com:443 HTTP/1.1" 200 0 "HTTPS" "outgoing via 192.168.50.30"
192.168.1.15 - adrianamg [14/Aug/2021:08:52:29 -0500] "CONNECT mail.google.com:443 HTTP/1.1" 200 0 "HTTPS" "outgoing via 192.168.50.30"
192.168.1.15 - adrianamg [14/Aug/2021:08:52:30 -0500] "CONNECT mail.google.com:443 HTTP/1.1" 200 0 "HTTPS" "outgoing via 192.168.50.30"
192.168.1.15 - adrianamg [14/Aug/2021:08:52:31 -0500] "CONNECT mail.google.com:443 HTTP/1.1" 200 0 "HTTPS" "outgoing via 192.168.50.30"
192.168.1.15 - adrianamg [14/Aug/2021:08:52:32 -0500] "CONNECT mail.google.com:443 HTTP/1.1" 200 0 "HTTPS" "outgoing via 192.168.50.30"
192.168.10.20 - arodriguez [14/Aug/2021:08:52:41 -0500] "CONNECT relay-5f045e20.net.anydesk.com:80 HTTP/1.1" 200 0 "HTTPS" "outgoing via 192.168.50.30"
192.168.10.20 - arodriguez [14/Aug/2021:08:52:54 -0500] "CONNECT relay-0767eec0.net.anydesk.com:80 HTTP/1.1" 200 0 "HTTPS" "outgoing via 192.168.50.30"
192.168.1.15 - adrianamg [14/Aug/2021:08:53:02 -0500] "CONNECT es.freedownloadmanager.org:443 HTTP/1.1" 200 0 "HTTPS" "outgoing via 192.168.50.30"
192.168.1.15 - adrianamg [14/Aug/2021:08:53:03 -0500] "CONNECT translate.google.com:443 HTTP/1.1" 200 0 "HTTPS" "outgoing via 192.168.50.30"
192.168.1.15 - adrianamg [14/Aug/2021:08:53:03 -0500] "CONNECT en.freedownloadmanager.org:443 HTTP/1.1" 200 0 "HTTPS" "outgoing via 192.168.50.30"
192.168.1.15 - adrianamg [14/Aug/2021:08:53:04 -0500] "CONNECT www.freedownloadmanager.org:443 HTTP/1.1" 200 0 "HTTPS" "outgoing via 192.168.50.30"
192.168.1.15 - adrianamg [14/Aug/2021:08:53:06 -0500] "CONNECT translate.googleapis.com:443 HTTP/1.1" 200 0 "HTTPS" "outgoing via 192.168.50.30"
192.168.1.15 - adrianamg [14/Aug/2021:08:53:07 -0500] "CONNECT securepubads.g.doubleclick.net:443 HTTP/1.1" 200 0 "HTTPS" "outgoing via 192.168.50.30"
192.168.1.15 - adrianamg [14/Aug/2021:08:53:07 -0500] "CONNECT securepubads.g.doubleclick.net:443 HTTP/1.1" 200 0 "HTTPS" "outgoing via 192.168.50.30"
192.168.1.15 - adrianamg [14/Aug/2021:08:53:07 -0500] "GET http://detectportal.firefox.com/canonical.html HTTP/1.1" 200 444 "HTTP" ""
192.168.1.15 - adrianamg [14/Aug/2021:08:53:08 -0500] "CONNECT safebrowsing.googleapis.com:443 HTTP/1.1" 200 0 "HTTPS" "outgoing via 192.168.50.30"
192.168.1.15 - adrianamg [14/Aug/2021:08:53:08 -0500] "CONNECT static.freedownloadmanager.org:443 HTTP/1.1" 200 0 "HTTPS" "outgoing via 192.168.50.30"
192.168.1.15 - adrianamg [14/Aug/2021:08:53:08 -0500] "CONNECT www.malavida.com:443 HTTP/1.1" 200 0 "HTTPS" "outgoing via 192.168.50.30"
192.168.1.15 - adrianamg [14/Aug/2021:08:53:09 -0500] "CONNECT idmpatched.com:443 HTTP/1.1" 200 0 "HTTPS" "outgoing via 192.168.50.30"
192.168.1.15 - adrianamg [14/Aug/2021:08:53:10 -0500] "CONNECT www.googletagmanager.com:443 HTTP/1.1" 200 0 "HTTPS" "outgoing via 192.168.50.30"
192.168.1.15 - adrianamg [14/Aug/2021:08:53:10 -0500] "CONNECT static.malavida.com:443 HTTP/1.1" 200 0 "HTTPS" "outgoing via 192.168.50.30"
192.168.1.15 - adrianamg [14/Aug/2021:08:53:10 -0500] "CONNECT static.malavida.com:443 HTTP/1.1" 200 0 "HTTPS" "outgoing via 192.168.50.30"
192.168.1.15 - adrianamg [14/Aug/2021:08:53:10 -0500] "CONNECT imag.malavida.com:443 HTTP/1.1" 200 0 "HTTPS" "outgoing via 192.168.50.30"
192.168.1.15 - adrianamg [14/Aug/2021:08:53:10 -0500] "CONNECT imag.malavida.com:443 HTTP/1.1" 200 0 "HTTPS" "outgoing via 192.168.50.30"
192.168.1.15 - adrianamg [14/Aug/2021:08:53:10 -0500] "CONNECT restaurants.infcdn.net:443 HTTP/1.1" 200 0 "HTTPS" "outgoing via 192.168.50.30"
192.168.1.15 - adrianamg [14/Aug/2021:08:53:11 -0500] "CONNECT c0.wp.com:443 HTTP/1.1" 200 0 "HTTPS" "outgoing via 192.168.50.30"
192.168.1.15 - adrianamg [14/Aug/2021:08:53:11 -0500] "CONNECT stats.wp.com:443 HTTP/1.1" 200 0 "HTTPS" "outgoing via 192.168.50.30"
192.168.1.15 - adrianamg [14/Aug/2021:08:53:11 -0500] "CONNECT ueyctgve.xyz:443 HTTP/1.1" 200 0 "HTTPS" "outgoing via 192.168.50.30"
192.168.1.15 - adrianamg [14/Aug/2021:08:53:11 -0500] "CONNECT securepubads.g.doubleclick.net:443 HTTP/1.1" 200 0 "HTTPS" "outgoing via 192.168.50.30"
192.168.1.15 - adrianamg [14/Aug/2021:08:53:11 -0500] "POST http://ocsp.sca1b.amazontrust.com/ HTTP/1.1" 200 1125 "HTTP" ""
192.168.1.15 - adrianamg [14/Aug/2021:08:53:11 -0500] "POST http://ocsp.pki.goog/gts1c3 HTTP/1.1" 200 850 "HTTP" ""
192.168.1.15 - adrianamg [14/Aug/2021:08:53:11 -0500] "GET http://detectportal.firefox.com/canonical.html HTTP/1.1" 200 444 "HTTP" ""
192.168.1.15 - adrianamg [14/Aug/2021:08:53:11 -0500] "CONNECT static.malavida.com:443 HTTP/1.1" 200 0 "HTTPS" "outgoing via 192.168.50.30"
192.168.1.15 - adrianamg [14/Aug/2021:08:53:11 -0500] "CONNECT static.malavida.com:443 HTTP/1.1" 200 0 "HTTPS" "outgoing via 192.168.50.30"
192.168.1.15 - adrianamg [14/Aug/2021:08:53:11 -0500] "CONNECT static.malavida.com:443 HTTP/1.1" 200 0 "HTTPS" "outgoing via 192.168.50.30"
192.168.1.15 - adrianamg [14/Aug/2021:08:53:11 -0500] "CONNECT static.malavida.com:443 HTTP/1.1" 200 0 "HTTPS" "outgoing via 192.168.50.30"
192.168.1.15 - adrianamg [14/Aug/2021:08:53:12 -0500] "CONNECT static.malavida.com:443 HTTP/1.1" 200 0 "HTTPS" "outgoing via 192.168.50.30"
192.168.1.15 - adrianamg [14/Aug/2021:08:53:12 -0500] "CONNECT static.malavida.com:443 HTTP/1.1" 200 0 "HTTPS" "outgoing via 192.168.50.30"
192.168.1.15 - adrianamg [14/Aug/2021:08:53:12 -0500] "CONNECT static.malavida.com:443 HTTP/1.1" 200 0 "HTTPS" "outgoing via 192.168.50.30"
192.168.1.15 - adrianamg [14/Aug/2021:08:53:12 -0500] "CONNECT static.malavida.com:443 HTTP/1.1" 200 0 "HTTPS" "outgoing via 192.168.50.30"
192.168.1.15 - adrianamg [14/Aug/2021:08:53:12 -0500] "CONNECT static.malavida.com:443 HTTP/1.1" 200 0 "HTTPS" "outgoing via 192.168.50.30"
192.168.1.15 - adrianamg [14/Aug/2021:08:53:12 -0500] "CONNECT static.malavida.com:443 HTTP/1.1" 200 0 "HTTPS" "outgoing via 192.168.50.30"
192.168.1.15 - adrianamg [14/Aug/2021:08:53:15 -0500] "CONNECT i2.wp.com:443 HTTP/1.1" 200 0 "HTTPS" "outgoing via 192.168.50.30"
192.168.1.15 - adrianamg [14/Aug/2021:08:53:15 -0500] "CONNECT secure.gravatar.com:443 HTTP/1.1" 200 0 "HTTPS" "outgoing via 192.168.50.30"
192.168.1.15 - adrianamg [14/Aug/2021:08:53:16 -0500] "CONNECT pixel.wp.com:443 HTTP/1.1" 200 0 "HTTPS" "outgoing via 192.168.50.30"
192.168.1.15 - adrianamg [14/Aug/2021:08:53:17 -0500] "CONNECT stats.g.doubleclick.net:443 HTTP/1.1" 200 0 "HTTPS" "outgoing via 192.168.50.30"
192.168.1.15 - adrianamg [14/Aug/2021:08:53:17 -0500] "CONNECT stats.g.doubleclick.net:443 HTTP/1.1" 200 0 "HTTPS" "outgoing via 192.168.50.30"
192.168.1.15 - adrianamg [14/Aug/2021:08:53:18 -0500] "CONNECT mail.google.com:443 HTTP/1.1" 200 0 "HTTPS" "outgoing via 192.168.50.30"
192.168.1.15 - adrianamg [14/Aug/2021:08:53:21 -0500] "GET http://detectportal.firefox.com/success.txt?ipv4 HTTP/1.1" 200 362 "HTTP" ""
192.168.1.15 - adrianamg [14/Aug/2021:08:53:21 -0500] "CONNECT mail.google.com:443 HTTP/1.1" 200 0 "HTTPS" "outgoing via 192.168.50.30"
192.168.1.15 - adrianamg [14/Aug/2021:08:53:23 -0500] "CONNECT mail.google.com:443 HTTP/1.1" 200 0 "HTTPS" "outgoing via 192.168.50.30"
192.168.10.20 - arodriguez [14/Aug/2021:08:53:24 -0500] "CONNECT relay-0767eec0.net.anydesk.com:80 HTTP/1.1" 200 0 "HTTPS" "outgoing via 192.168.50.30"
192.168.1.15 - adrianamg [14/Aug/2021:08:53:25 -0500] "CONNECT mail.google.com:443 HTTP/1.1" 200 0 "HTTPS" "outgoing via 192.168.50.30"
192.168.1.15 - adrianamg [14/Aug/2021:08:53:27 -0500] "CONNECT mail.google.com:443 HTTP/1.1" 200 0 "HTTPS" "outgoing via 192.168.50.30"
192.168.1.15 - adrianamg [14/Aug/2021:08:53:29 -0500] "CONNECT mail.google.com:443 HTTP/1.1" 200 0 "HTTPS" "outgoing via 192.168.50.30"
192.168.1.15 - adrianamg [14/Aug/2021:08:53:31 -0500] "CONNECT mail.google.com:443 HTTP/1.1" 200 0 "HTTPS" "outgoing via 192.168.50.30"
192.168.1.15 - adrianamg [14/Aug/2021:08:53:34 -0500] "CONNECT mail.google.com:443 HTTP/1.1" 200 0 "HTTPS" "outgoing via 192.168.50.30"
192.168.1.15 - adrianamg [14/Aug/2021:08:53:35 -0500] "CONNECT www.malavida.com:443 HTTP/1.1" 200 0 "HTTPS" "outgoing via 192.168.50.30"
192.168.1.15 - adrianamg [14/Aug/2021:08:53:37 -0500] "CONNECT mail.google.com:443 HTTP/1.1" 200 0 "HTTPS" "outgoing via 192.168.50.30"
192.168.1.15 - adrianamg [14/Aug/2021:08:53:38 -0500] "CONNECT imag.malavida.com:443 HTTP/1.1" 200 0 "HTTPS" "outgoing via 192.168.50.30"
192.168.1.15 - adrianamg [14/Aug/2021:08:53:39 -0500] "CONNECT securepubads.g.doubleclick.net:443 HTTP/1.1" 200 0 "HTTPS" "outgoing via 192.168.50.30"
192.168.1.15 - adrianamg [14/Aug/2021:08:53:39 -0500] "GET http://detectportal.firefox.com/canonical.html HTTP/1.1" 200 444 "HTTP" ""
192.168.1.15 - adrianamg [14/Aug/2021:08:53:40 -0500] "CONNECT 0.1.0.1:1001 HTTP/1.1" 200 0 "HTTPS" "outgoing via 192.168.50.30"
192.168.1.15 - adrianamg [14/Aug/2021:08:53:40 -0500] "CONNECT mail.google.com:443 HTTP/1.1" 200 0 "HTTPS" "outgoing via 192.168.50.30"
192.168.1.15 - adrianamg [14/Aug/2021:08:53:41 -0500] "CONNECT actions.malavida.com:443 HTTP/1.1" 200 0 "HTTPS" "outgoing via 192.168.50.30"
192.168.1.15 - adrianamg [14/Aug/2021:08:53:43 -0500] "POST http://r3.o.lencr.org/ HTTP/1.1" 200 1012 "HTTP" ""
192.168.1.15 - adrianamg [14/Aug/2021:08:53:46 -0500] "GET http://detectportal.firefox.com/success.txt?ipv4 HTTP/1.1" 200 362 "HTTP" ""
192.168.10.20 - arodriguez [14/Aug/2021:08:53:52 -0500] "CONNECT relay-0767eec0.net.anydesk.com:80 HTTP/1.1" 200 0 "HTTPS" "outgoing via 192.168.50.30"
192.168.1.15 - adrianamg [14/Aug/2021:08:54:03 -0500] "CONNECT static.addtoany.com:443 HTTP/1.1" 200 0 "HTTPS" "outgoing via 192.168.50.30"
192.168.1.15 - adrianamg [14/Aug/2021:08:54:07 -0500] "CONNECT tkr.arc.io:443 HTTP/1.1" 200 0 "HTTPS" "outgoing via 192.168.50.30"
192.168.1.15 - adrianamg [14/Aug/2021:08:54:16 -0500] "CONNECT tracker.arc.io:443 HTTP/1.1" 200 0 "HTTPS" "outgoing via 192.168.50.30"
192.168.1.15 - adrianamg [14/Aug/2021:08:54:18 -0500] "CONNECT mail.google.com:443 HTTP/1.1" 200 0 "HTTPS" "outgoing via 192.168.50.30"
192.168.1.15 - adrianamg [14/Aug/2021:08:54:19 -0500] "CONNECT gotexna.xyz:443 HTTP/1.1" 200 0 "HTTPS" "outgoing via 192.168.50.30"
192.168.1.15 - adrianamg [14/Aug/2021:08:54:20 -0500] "CONNECT socket.arc.io:443 HTTP/1.1" 200 0 "HTTPS" "outgoing via 192.168.50.30"
192.168.10.20 - arodriguez [14/Aug/2021:08:54:21 -0500] "CONNECT relay-0767eec0.net.anydesk.com:80 HTTP/1.1" 200 0 "HTTPS" "outgoing via 192.168.50.30"
192.168.1.15 - adrianamg [14/Aug/2021:08:54:21 -0500] "CONNECT mail.google.com:443 HTTP/1.1" 200 0 "HTTPS" "outgoing via 192.168.50.30"
192.168.1.15 - adrianamg [14/Aug/2021:08:54:23 -0500] "CONNECT mail.google.com:443 HTTP/1.1" 200 0 "HTTPS" "outgoing via 192.168.50.30"
192.168.1.15 - adrianamg [14/Aug/2021:08:54:24 -0500] "GET http://34.217.175.71/?6117bcfb6867c=3df39b7fde3c966e779e7d9f0c7c6d5d3b581351Array&m=163&q=Download%20Accelerator%20Plus%20(DAP)%2010%20Crack%20with%20Serial%20Key%20Download%202021&dedica=17& HTTP/1.1" 200 19958 "HTTP" ""
192.168.1.15 - adrianamg [14/Aug/2021:08:54:26 -0500] "CONNECT mail.google.com:443 HTTP/1.1" 200 0 "HTTPS" "outgoing via 192.168.50.30"
192.168.1.15 - adrianamg [14/Aug/2021:08:54:30 -0500] "CONNECT mail.google.com:443 HTTP/1.1" 200 0 "HTTPS" "outgoing via 192.168.50.30"
192.168.1.15 - adrianamg [14/Aug/2021:08:54:32 -0500] "CONNECT mail.google.com:443 HTTP/1.1" 200 0 "HTTPS" "outgoing via 192.168.50.30"
192.168.10.20 - arodriguez [14/Aug/2021:08:54:35 -0500] "CONNECT relay-12d968bc.net.anydesk.com:80 HTTP/1.1" 200 0 "HTTPS" "outgoing via 192.168.50.30"
192.168.1.15 - adrianamg [14/Aug/2021:08:54:35 -0500] "CONNECT mail.google.com:443 HTTP/1.1" 200 0 "HTTPS" "outgoing via 192.168.50.30"
192.168.1.15 - adrianamg [14/Aug/2021:08:54:37 -0500] "CONNECT mail.google.com:443 HTTP/1.1" 200 0 "HTTPS" "outgoing via 192.168.50.30"
192.168.1.15 - adrianamg [14/Aug/2021:08:54:53 -0500] "CONNECT dw.malavida.com:443 HTTP/1.1" 200 0 "HTTPS" "outgoing via 192.168.50.30"
192.168.1.15 - adrianamg [14/Aug/2021:08:54:56 -0500] "GET http://34.217.175.71/favicon.ico HTTP/1.1" 200 418 "HTTP" "404 Not Found"
192.168.1.15 - adrianamg [14/Aug/2021:08:54:57 -0500] "CONNECT dw13.malavida.com:443 HTTP/1.1" 200 0 "HTTPS" "outgoing via 192.168.50.30"
192.168.1.15 - adrianamg [14/Aug/2021:08:55:01 -0500] "POST http://34.217.175.71/?go=2278232a1452f80db07a&dedica=17 HTTP/1.1" 200 1598 "HTTP" ""
192.168.1.15 - adrianamg [14/Aug/2021:08:55:01 -0500] "CONNECT dw44.malavida.com:443 HTTP/1.1" 200 0 "HTTPS" "outgoing via 192.168.50.30"
192.168.10.20 - arodriguez [14/Aug/2021:08:55:03 -0500] "CONNECT relay-12d968bc.net.anydesk.com:80 HTTP/1.1" 200 0 "HTTPS" "outgoing via 192.168.50.30"
192.168.1.15 - adrianamg [14/Aug/2021:08:55:11 -0500] "POST http://ocsp.pki.goog/gts1c3 HTTP/1.1" 200 850 "HTTP" ""
192.168.1.15 - adrianamg [14/Aug/2021:08:55:11 -0500] "POST http://ocsp.sectigo.com/ HTTP/1.1" 200 1041 "HTTP" ""
192.168.1.15 - adrianamg [14/Aug/2021:08:55:18 -0500] "CONNECT mail.google.com:443 HTTP/1.1" 200 0 "HTTPS" "outgoing via 192.168.50.30"
192.168.1.15 - adrianamg [14/Aug/2021:08:55:25 -0500] "CONNECT mail.google.com:443 HTTP/1.1" 200 0 "HTTPS" "outgoing via 192.168.50.30"
192.168.1.15 - adrianamg [14/Aug/2021:08:55:30 -0500] "CONNECT mail.google.com:443 HTTP/1.1" 200 0 "HTTPS" "outgoing via 192.168.50.30"
192.168.1.15 - adrianamg [14/Aug/2021:08:55:34 -0500] "CONNECT mail.google.com:443 HTTP/1.1" 200 0 "HTTPS" "outgoing via 192.168.50.30"
192.168.10.20 - arodriguez [14/Aug/2021:08:55:34 -0500] "CONNECT relay-12d968bc.net.anydesk.com:443 HTTP/1.1" 200 0 "HTTPS" "outgoing via 192.168.50.30"
192.168.10.20 - arodriguez [14/Aug/2021:08:55:35 -0500] "CONNECT relay-12d968bc.net.anydesk.com:80 HTTP/1.1" 200 0 "HTTPS" "outgoing via 192.168.50.30"
192.168.1.15 - adrianamg [14/Aug/2021:08:55:39 -0500] "CONNECT mail.google.com:443 HTTP/1.1" 200 0 "HTTPS" "outgoing via 192.168.50.30"
192.168.1.15 - adrianamg [14/Aug/2021:08:55:40 -0500] "CONNECT incoming.telemetry.mozilla.org:443 HTTP/1.1" 200 0 "HTTPS" "outgoing via 192.168.50.30"
192.168.1.15 - adrianamg [14/Aug/2021:08:55:42 -0500] "POST http://ocsp.sectigo.com/ HTTP/1.1" 200 1042 "HTTP" ""
192.168.1.15 - adrianamg [14/Aug/2021:08:55:43 -0500] "CONNECT mail.google.com:443 HTTP/1.1" 200 0 "HTTPS" "outgoing via 192.168.50.30"
192.168.1.15 - adrianamg [14/Aug/2021:08:55:48 -0500] "CONNECT 0.1.0.1:1001 HTTP/1.1" 200 0 "HTTPS" "outgoing via 192.168.50.30"
192.168.1.15 - adrianamg [14/Aug/2021:08:56:19 -0500] "CONNECT mail.google.com:443 HTTP/1.1" 200 0 "HTTPS" "outgoing via 192.168.50.30"
192.168.1.15 - adrianamg [14/Aug/2021:08:56:20 -0500] "CONNECT www.malavida.com:443 HTTP/1.1" 200 0 "HTTPS" "outgoing via 192.168.50.30"
192.168.1.15 - adrianamg [14/Aug/2021:08:56:23 -0500] "CONNECT mail.google.com:443 HTTP/1.1" 200 0 "HTTPS" "outgoing via 192.168.50.30"
192.168.1.15 - adrianamg [14/Aug/2021:08:56:27 -0500] "CONNECT mail.google.com:443 HTTP/1.1" 200 0 "HTTPS" "outgoing via 192.168.50.30"
192.168.1.15 - adrianamg [14/Aug/2021:08:56:30 -0500] "CONNECT mail.google.com:443 HTTP/1.1" 200 0 "HTTPS" "outgoing via 192.168.50.30"
192.168.1.15 - adrianamg [14/Aug/2021:08:56:31 -0500] "CONNECT securepubads.g.doubleclick.net:443 HTTP/1.1" 200 0 "HTTPS" "outgoing via 192.168.50.30"
192.168.1.15 - adrianamg [14/Aug/2021:08:56:32 -0500] "CONNECT stats.g.doubleclick.net:443 HTTP/1.1" 200 0 "HTTPS" "outgoing via 192.168.50.30"
192.168.1.15 - adrianamg [14/Aug/2021:08:56:32 -0500] "CONNECT stats.g.doubleclick.net:443 HTTP/1.1" 200 0 "HTTPS" "outgoing via 192.168.50.30"
192.168.1.15 - adrianamg [14/Aug/2021:08:56:33 -0500] "CONNECT mail.google.com:443 HTTP/1.1" 200 0 "HTTPS" "outgoing via 192.168.50.30"
192.168.1.15 - adrianamg [14/Aug/2021:08:56:36 -0500] "CONNECT mail.google.com:443 HTTP/1.1" 200 0 "HTTPS" "outgoing via 192.168.50.30"
192.168.1.15 - adrianamg [14/Aug/2021:08:56:38 -0500] "CONNECT mail.google.com:443 HTTP/1.1" 200 0 "HTTPS" "outgoing via 192.168.50.30"
192.168.1.15 - adrianamg [14/Aug/2021:08:56:39 -0500] "GET http://34.217.175.71/?6117bd83740ff=c4452b2905985f3f9958dc6807091db49b28076fArray&m=163&q=Download%20Accelerator%20Plus%20(DAP)%2010%20Crack%20with%20Serial%20Key%20Download%202021&dedica=17& HTTP/1.1" 200 19952 "HTTP" ""
192.168.1.15 - adrianamg [14/Aug/2021:08:56:40 -0500] "CONNECT mail.google.com:443 HTTP/1.1" 200 0 "HTTPS" "outgoing via 192.168.50.30"
192.168.1.15 - adrianamg [14/Aug/2021:08:56:41 -0500] "POST http://34.217.175.71/?go=b9b8c145e53dfae0bfc61&dedica=17 HTTP/1.1" 200 1596 "HTTP" ""
192.168.1.15 - rquintanilla [14/Aug/2021:08:57:03 -0500] "GET http://mirrorsearch.speedbit.com/cgi-bin/MirrorSearch.dll?ver12?Scheme=3&Site=34.217.175.71&Path=/%3fcloudx=77ba225a748d333f%26dedica=17%26verify-id=163%26verify-hash=fd93751649ac3ea8f8772ba49c8c1fe068002835%26verify-msch=RG93bmxvYWQgQWNjZWxlcmF0b3IgUGx1cyAoREFQKSAxMCBDcmFjayB3aXRoIFNlcmlhbCBLZXkgRG93bmxvYWQgMjAyMQ==%26download=1%26xtrans=MTM4&Filename=MTM4&Size=4294967295&SizeHigh=4294967295&Pos=0&PosHigh=0&Country=&Region=&R=0&Advanced=1&Checksum=&BPS=56000&V=10.0.6.0&DMD=&D4=AwEBeA==&REF=&TS_HAS=0.000000&TS_LAS=0.000000&TS_AAS=0.000000&Aff=NONE&DLStyle=1&MID=ezBGMjU5MjAwLTU4NjctNDI4MS1CQTlELUFERDNGMzlCODNFOX17OTU3N0JDMkItQTc0Qy00NWRhLUJFRjMtQjc2MDlFMzM2NTBBfQ==&SS=bLQXYZL/CUB2REEBBAAJAACA1gAAAwAAvLYXYZD/CUB3REcBBAAJAACA1gAAAwAA&SE=A2y0F2EAABUAXiYAABUAXgAAA7y2F2EAAAEAXiYAAAEAXgAAAAUAXiYAAAUAXgAAAAUAXiYAAAUAXgAAAAkALjQnAQ4AVMgEAQ4AVMgEARYAVMgEARQAVAIAABQAXiYAABQAXgAAASMAVM0IAREAVD8FARMAVMgEATcAVMgEAQcAVMgEAR0AVAEAADQALjQnATkAVBxQAQIAVGMBARcAVAIAABcAXiYAABcAXgAAASIAVAIAAAYAXiYAAAYAXgAAAAYAXiYAAAYAXgAAAQ4AVAQAAREAVAEAARsAVPWABSMAZioABSMAZioABSMAZioABSMAZioAACMAXiYAACMAXgAAASoAVAEABSoAZioABSoAZioABSoAZioABSsAZioABSsAZioAACsAXiYAACsAXgAAASwAVAEABSwAZioABSwAZioABSwAZioABSwAZioABSwAZioAACwAXiYAACwAXgAAAS0AVAIAAS4AVAEAAAwAXiYAAAwAXgAAAAwAXiYAAAwAXgAAAQ8AVAQAARMAVCIFARQAVAEAARYAVGsHBRYAZioABRYAZioABRcAZioABRcAZioABRcAZioAABcAXiYAABcAXgAAARoAVHoFARwAVHoFAR0AVAEABR0AZioABR0AZioABR0AZioABR0AZioABR0AZioAAB0AXiYAAB0AXgAAAR4AVAEABR4AZioABR4AZioABR4AZioABR4AZioABR4AZioAAB4AXiYAAB4AXgAAAR8AVAIAAAcAXiYAAAcAXgAAAAcAXiYAAAcAXgAAAQoAVAEABQ4AZioABQ4AZioABQ4AZioABQ4AZioAAA4AXiYAAA4AXgAAARcAVAIAAB4AXiYAAB4AXgAAAB4AXiYAAB4AXgAAAR8AVAIAACMAXiYAACMAXgAAACMAXiYAACMAXgAAASUAVAIAACsAXiYAACsAXgAAACsAXiYAACsAXgAAASwAVAIAAA4ALisnBQ4AZioABQ4AZioABQ4AZioABQ4AZioABQ4AZioAAA4AXiYAAA4AXgAAAQ8AVAIAABIALjQnARoAVAEAAB4ALjQnAQUAVAEAAQoAVGsHARMAVGsHABMAXiYAABMAXgAAABUAXiYAABUAXgAAABgALnQnADMALnEnASUAVAEAADoALnQnABIAXiEAABIAXiEAARQAVAEAAAMAXiEAAAMAXiEAAQkAVAIAABIALnQn&SN=1&SV=4&TS_DInfo=AAAtAAAAAAAAGkpCAQAAAEO7F2EtG7YAAAAAAAAAAAAAAAAAkLsXYQ== HTTP/1.1" 200 373 "HTTP" ""
192.168.1.15 - adrianamg [14/Aug/2021:08:57:19 -0500] "CONNECT mail.google.com:443 HTTP/1.1" 200 0 "HTTPS" "outgoing via 192.168.50.30"
192.168.1.15 - adrianamg [14/Aug/2021:08:57:20 -0500] "CONNECT cse.google.com:443 HTTP/1.1" 200 0 "HTTPS" "outgoing via 192.168.50.30"
192.168.1.15 - adrianamg [14/Aug/2021:08:57:21 -0500] "CONNECT mail.google.com:443 HTTP/1.1" 200 0 "HTTPS" "outgoing via 192.168.50.30"
192.168.1.15 - adrianamg [14/Aug/2021:08:57:22 -0500] "CONNECT star-mode-extension.xyz:443 HTTP/1.1" 200 0 "HTTPS" "outgoing via 192.168.50.30"
192.168.1.15 - adrianamg [14/Aug/2021:08:57:22 -0500] "CONNECT mail.google.com:443 HTTP/1.1" 200 0 "HTTPS" "outgoing via 192.168.50.30"
192.168.1.15 - adrianamg [14/Aug/2021:08:57:24 -0500] "CONNECT mail.google.com:443 HTTP/1.1" 200 0 "HTTPS" "outgoing via 192.168.50.30"
192.168.1.15 - adrianamg [14/Aug/2021:08:57:24 -0500] "CONNECT encrypted-tbn0.gstatic.com:443 HTTP/1.1" 200 0 "HTTPS" "outgoing via 192.168.50.30"
192.168.1.15 - adrianamg [14/Aug/2021:08:57:24 -0500] "CONNECT encrypted-tbn1.gstatic.com:443 HTTP/1.1" 200 0 "HTTPS" "outgoing via 192.168.50.30"
192.168.1.15 - adrianamg [14/Aug/2021:08:57:24 -0500] "CONNECT encrypted-tbn3.gstatic.com:443 HTTP/1.1" 200 0 "HTTPS" "outgoing via 192.168.50.30"
192.168.1.15 - adrianamg [14/Aug/2021:08:57:26 -0500] "CONNECT mail.google.com:443 HTTP/1.1" 200 0 "HTTPS" "outgoing via 192.168.50.30"
192.168.1.15 - rquintanilla [14/Aug/2021:08:57:27 -0500] "GET http://34.217.175.71/?cloudx=77ba225a748d333f&dedica=17&verify-id=163&verify-hash=fd93751649ac3ea8f8772ba49c8c1fe068002835&verify-msch=RG93bmxvYWQgQWNjZWxlcmF0b3IgUGx1cyAoREFQKSAxMCBDcmFjayB3aXRoIFNlcmlhbCBLZXkgRG93bmxvYWQgMjAyMQ==&download=1&xtrans=MTM4 HTTP/1.1" 200 2162379 "HTTP" ""
192.168.1.15 - adrianamg [14/Aug/2021:08:57:27 -0500] "CONNECT mail.google.com:443 HTTP/1.1" 200 0 "HTTPS" "outgoing via 192.168.50.30"
192.168.1.15 - adrianamg [14/Aug/2021:08:57:29 -0500] "CONNECT mail.google.com:443 HTTP/1.1" 200 0 "HTTPS" "outgoing via 192.168.50.30"
192.168.1.15 - adrianamg [14/Aug/2021:08:57:32 -0500] "CONNECT mail.google.com:443 HTTP/1.1" 200 0 "HTTPS" "outgoing via 192.168.50.30"
192.168.1.15 - adrianamg [14/Aug/2021:08:57:33 -0500] "CONNECT mail.google.com:443 HTTP/1.1" 200 0 "HTTPS" "outgoing via 192.168.50.30"
192.168.1.15 - adrianamg [14/Aug/2021:08:57:35 -0500] "CONNECT mail.google.com:443 HTTP/1.1" 200 0 "HTTPS" "outgoing via 192.168.50.30"
192.168.1.15 - adrianamg [14/Aug/2021:08:57:35 -0500] "CONNECT www.google.com:443 HTTP/1.1" 200 0 "HTTPS" "outgoing via 192.168.50.30"
192.168.1.15 - adrianamg [14/Aug/2021:08:57:38 -0500] "CONNECT keygensumo.com:443 HTTP/1.1" 200 0 "HTTPS" "outgoing via 192.168.50.30"
192.168.1.15 - adrianamg [14/Aug/2021:08:57:39 -0500] "CONNECT www.google.com:443 HTTP/1.1" 200 0 "HTTPS" "outgoing via 192.168.50.30"
192.168.1.15 - adrianamg [14/Aug/2021:08:57:40 -0500] "CONNECT softmany.com:443 HTTP/1.1" 200 0 "HTTPS" "outgoing via 192.168.50.30"
192.168.1.15 - adrianamg [14/Aug/2021:08:57:41 -0500] "CONNECT www.googletagmanager.com:443 HTTP/1.1" 200 0 "HTTPS" "outgoing via 192.168.50.30"
192.168.1.15 - adrianamg [14/Aug/2021:08:57:41 -0500] "CONNECT cdnjs.cloudflare.com:443 HTTP/1.1" 200 0 "HTTPS" "outgoing via 192.168.50.30"
192.168.1.15 - adrianamg [14/Aug/2021:08:57:47 -0500] "CONNECT cdn.jsdelivr.net:443 HTTP/1.1" 200 0 "HTTPS" "outgoing via 192.168.50.30"
192.168.1.15 - adrianamg [14/Aug/2021:08:57:47 -0500] "CONNECT s7.addthis.com:443 HTTP/1.1" 200 0 "HTTPS" "outgoing via 192.168.50.30"
192.168.1.15 - adrianamg [14/Aug/2021:08:57:47 -0500] "CONNECT fonts.googleapis.com:443 HTTP/1.1" 200 0 "HTTPS" "outgoing via 192.168.50.30"
192.168.1.15 - adrianamg [14/Aug/2021:08:57:47 -0500] "CONNECT pagead2.googlesyndication.com:443 HTTP/1.1" 200 0 "HTTPS" "outgoing via 192.168.50.30"
192.168.1.15 - rquintanilla [14/Aug/2021:08:57:49 -0500] "GET http://mirrorsearch.speedbit.com/cgi-bin/MirrorSearch.dll?ver12?Scheme=3&Site=34.217.175.71&Path=/%3fcloudx=77ba225a748d333f%26dedica=17%26verify-id=163%26verify-hash=fd93751649ac3ea8f8772ba49c8c1fe068002835%26verify-msch=RG93bmxvYWQgQWNjZWxlcmF0b3IgUGx1cyAoREFQKSAxMCBDcmFjayB3aXRoIFNlcmlhbCBLZXkgRG93bmxvYWQgMjAyMQ==%26download=1%26xtrans=MTM4&Filename=MTM4&Size=4294967295&SizeHigh=4294967295&Pos=0&PosHigh=0&Country=&Region=&R=0&Advanced=1&Checksum=&BPS=56000&V=10.0.6.0&DMD=&D4=AwEBeA==&REF=&TS_HAS=0.783014&TS_LAS=0.783014&TS_AAS=0.783014&Aff=NONE&DLStyle=1&MID=ezBGMjU5MjAwLTU4NjctNDI4MS1CQTlELUFERDNGMzlCODNFOX17OTU3N0JDMkItQTc0Qy00NWRhLUJFRjMtQjc2MDlFMzM2NTBBfQ==&SS=bLQXYZL/CUB2REEBBAAJAACA1gAAAwAAvLYXYZD/CUB3REcBBAAJAACA1gAAAwAA&SE=A2y0F2EAABUAXiYAABUAXgAAA7y2F2EAAAEAXiYAAAEAXgAAAAUAXiYAAAUAXgAAAAUAXiYAAAUAXgAAAAkALjQnAQ4AVMgEAQ4AVMgEARYAVMgEARQAVAIAABQAXiYAABQAXgAAASMAVM0IAREAVD8FARMAVMgEATcAVMgEAQcAVMgEAR0AVAEAADQALjQnATkAVBxQAQIAVGMBARcAVAIAABcAXiYAABcAXgAAASIAVAIAAAYAXiYAAAYAXgAAAAYAXiYAAAYAXgAAAQ4AVAQAAREAVAEAARsAVPWABSMAZioABSMAZioABSMAZioABSMAZioAACMAXiYAACMAXgAAASoAVAEABSoAZioABSoAZioABSoAZioABSsAZioABSsAZioAACsAXiYAACsAXgAAASwAVAEABSwAZioABSwAZioABSwAZioABSwAZioABSwAZioAACwAXiYAACwAXgAAAS0AVAIAAS4AVAEAAAwAXiYAAAwAXgAAAAwAXiYAAAwAXgAAAQ8AVAQAARMAVCIFARQAVAEAARYAVGsHBRYAZioABRYAZioABRcAZioABRcAZioABRcAZioAABcAXiYAABcAXgAAARoAVHoFARwAVHoFAR0AVAEABR0AZioABR0AZioABR0AZioABR0AZioABR0AZioAAB0AXiYAAB0AXgAAAR4AVAEABR4AZioABR4AZioABR4AZioABR4AZioABR4AZioAAB4AXiYAAB4AXgAAAR8AVAIAAAcAXiYAAAcAXgAAAAcAXiYAAAcAXgAAAQoAVAEABQ4AZioABQ4AZioABQ4AZioABQ4AZioAAA4AXiYAAA4AXgAAARcAVAIAAB4AXiYAAB4AXgAAAB4AXiYAAB4AXgAAAR8AVAIAACMAXiYAACMAXgAAACMAXiYAACMAXgAAASUAVAIAACsAXiYAACsAXgAAACsAXiYAACsAXgAAASwAVAIAAA4ALisnBQ4AZioABQ4AZioABQ4AZioABQ4AZioABQ4AZioAAA4AXiYAAA4AXgAAAQ8AVAIAABIALjQnARoAVAEAAB4ALjQnAQUAVAEAAQoAVGsHARMAVGsHABMAXiYAABMAXgAAABUAXiYAABUAXgAAABgALnQnADMALnEnASUAVAEAADoALnQnABIAXiEAABIAXiEAARQAVAEAAAMAXiEAAAMAXiEAAQkAVAIAABIALnQnARcAVAEA&SN=1&SV=4&TS_DInfo=AAAtAAAAAAAAGkpCAQAAAEO7F2EtG7YAAAAAAAAAAAAAAAAAkLsXYWRyHADAURFDAJPjQgAAAAC2vRdh HTTP/1.1" 200 373 "HTTP" ""
192.168.1.15 - adrianamg [14/Aug/2021:08:57:49 -0500] "CONNECT fonts.gstatic.com:443 HTTP/1.1" 200 0 "HTTPS" "outgoing via 192.168.50.30"
192.168.1.15 - adrianamg [14/Aug/2021:08:57:52 -0500] "CONNECT googleads.g.doubleclick.net:443 HTTP/1.1" 200 0 "HTTPS" "outgoing via 192.168.50.30"
192.168.1.15 - adrianamg [14/Aug/2021:08:57:52 -0500] "GET http://detectportal.firefox.com/canonical.html HTTP/1.1" 200 444 "HTTP" ""
192.168.1.15 - adrianamg [14/Aug/2021:08:57:53 -0500] "GET http://detectportal.firefox.com/success.txt?ipv4 HTTP/1.1" 200 362 "HTTP" ""
192.168.1.15 - adrianamg [14/Aug/2021:08:57:54 -0500] "CONNECT mc.yandex.ru:443 HTTP/1.1" 200 0 "HTTPS" "outgoing via 192.168.50.30"
192.168.1.15 - adrianamg [14/Aug/2021:08:57:54 -0500] "CONNECT stats.g.doubleclick.net:443 HTTP/1.1" 200 0 "HTTPS" "outgoing via 192.168.50.30"
192.168.1.15 - adrianamg [14/Aug/2021:08:57:54 -0500] "GET http://detectportal.firefox.com/canonical.html HTTP/1.1" 200 444 "HTTP" ""
192.168.1.15 - adrianamg [14/Aug/2021:08:57:54 -0500] "GET http://detectportal.firefox.com/success.txt?ipv4 HTTP/1.1" 200 362 "HTTP" ""
192.168.1.15 - adrianamg [14/Aug/2021:08:57:54 -0500] "POST http://ocsp.pki.goog/gts1c3 HTTP/1.1" 200 850 "HTTP" ""
192.168.1.15 - adrianamg [14/Aug/2021:08:57:54 -0500] "CONNECT mc.yandex.ru:443 HTTP/1.1" 200 0 "HTTPS" "outgoing via 192.168.50.30"
192.168.1.15 - adrianamg [14/Aug/2021:08:57:56 -0500] "CONNECT partner.googleadservices.com:443 HTTP/1.1" 200 0 "HTTPS" "outgoing via 192.168.50.30"
192.168.1.15 - adrianamg [14/Aug/2021:08:57:56 -0500] "CONNECT adservice.google.com:443 HTTP/1.1" 200 0 "HTTPS" "outgoing via 192.168.50.30"
192.168.1.15 - adrianamg [14/Aug/2021:08:57:56 -0500] "CONNECT adservice.google.com.cu:443 HTTP/1.1" 200 0 "HTTPS" "outgoing via 192.168.50.30"
192.168.1.15 - adrianamg [14/Aug/2021:08:57:56 -0500] "CONNECT mc.yandex.ru:443 HTTP/1.1" 200 0 "HTTPS" "outgoing via 192.168.50.30"
192.168.1.15 - adrianamg [14/Aug/2021:08:57:56 -0500] "POST http://yandex.ocsp-responder.com/ HTTP/1.1" 200 1848 "HTTP" ""
192.168.1.15 - adrianamg [14/Aug/2021:08:57:58 -0500] "CONNECT googleads.g.doubleclick.net:443 HTTP/1.1" 200 0 "HTTPS" "outgoing via 192.168.50.30"
192.168.1.15 - adrianamg [14/Aug/2021:08:57:58 -0500] "GET http://detectportal.firefox.com/canonical.html HTTP/1.1" 200 444 "HTTP" ""
192.168.1.15 - adrianamg [14/Aug/2021:08:57:58 -0500] "GET http://detectportal.firefox.com/success.txt?ipv4 HTTP/1.1" 200 362 "HTTP" ""
192.168.1.15 - adrianamg [14/Aug/2021:08:57:58 -0500] "CONNECT www.googletagservices.com:443 HTTP/1.1" 200 0 "HTTPS" "outgoing via 192.168.50.30"
192.168.1.15 - adrianamg [14/Aug/2021:08:57:58 -0500] "CONNECT tpc.googlesyndication.com:443 HTTP/1.1" 200 0 "HTTPS" "outgoing via 192.168.50.30"
192.168.1.15 - adrianamg [14/Aug/2021:08:57:58 -0500] "POST http://yandex.ocsp-responder.com/ HTTP/1.1" 200 1848 "HTTP" ""
192.168.1.15 - adrianamg [14/Aug/2021:08:57:58 -0500] "POST http://ocsp.pki.goog/gts1c3 HTTP/1.1" 200 849 "HTTP" ""
192.168.1.15 - adrianamg [14/Aug/2021:08:58:00 -0500] "CONNECT www.google.com:443 HTTP/1.1" 200 0 "HTTPS" "outgoing via 192.168.50.30"
192.168.1.15 - adrianamg [14/Aug/2021:08:58:02 -0500] "CONNECT 0.1.0.1:1001 HTTP/1.1" 200 0 "HTTPS" "outgoing via 192.168.50.30"
192.168.1.15 - adrianamg [14/Aug/2021:08:58:06 -0500] "CONNECT mc.yandex.md:443 HTTP/1.1" 200 0 "HTTPS" "outgoing via 192.168.50.30"
192.168.1.15 - adrianamg [14/Aug/2021:08:58:07 -0500] "POST http://ocsp.pki.goog/gts1c3 HTTP/1.1" 200 850 "HTTP" ""
192.168.1.15 - adrianamg [14/Aug/2021:08:58:19 -0500] "CONNECT mail.google.com:443 HTTP/1.1" 200 0 "HTTPS" "outgoing via 192.168.50.30"
192.168.1.15 - adrianamg [14/Aug/2021:08:58:21 -0500] "CONNECT mail.google.com:443 HTTP/1.1" 200 0 "HTTPS" "outgoing via 192.168.50.30"
192.168.1.15 - adrianamg [14/Aug/2021:08:58:24 -0500] "CONNECT mail.google.com:443 HTTP/1.1" 200 0 "HTTPS" "outgoing via 192.168.50.30"
192.168.1.15 - adrianamg [14/Aug/2021:08:58:26 -0500] "CONNECT mail.google.com:443 HTTP/1.1" 200 0 "HTTPS" "outgoing via 192.168.50.30"
192.168.1.15 - adrianamg [14/Aug/2021:08:58:28 -0500] "CONNECT mail.google.com:443 HTTP/1.1" 200 0 "HTTPS" "outgoing via 192.168.50.30"
192.168.1.15 - adrianamg [14/Aug/2021:08:58:31 -0500] "CONNECT mail.google.com:443 HTTP/1.1" 200 0 "HTTPS" "outgoing via 192.168.50.30"
192.168.1.15 - adrianamg [14/Aug/2021:08:58:34 -0500] "CONNECT mail.google.com:443 HTTP/1.1" 200 0 "HTTPS" "outgoing via 192.168.50.30"
192.168.1.15 - adrianamg [14/Aug/2021:08:58:37 -0500] "CONNECT mail.google.com:443 HTTP/1.1" 200 0 "HTTPS" "outgoing via 192.168.50.30"
192.168.1.15 - adrianamg [14/Aug/2021:08:58:48 -0500] "CONNECT googleads.g.doubleclick.net:443 HTTP/1.1" 200 0 "HTTPS" "outgoing via 192.168.50.30"
192.168.1.15 - adrianamg [14/Aug/2021:08:58:49 -0500] "GET http://detectportal.firefox.com/canonical.html HTTP/1.1" 200 444 "HTTP" ""
