192.168.6.34 - amorgado [13/Aug/2021:08:34:55 -0500] "CONNECT 45.142.38.130:9286 HTTP/1.1" 200 0 "HTTPS" "outgoing via 192.168.50.30"
192.168.1.21 - rene [13/Aug/2021:08:34:56 -0500] "CONNECT normandy.cdn.mozilla.net:443 HTTP/1.1" 200 0 "HTTPS" "outgoing via 192.168.50.30"
192.168.1.21 - rene [13/Aug/2021:08:34:57 -0500] "CONNECT classify-client.services.mozilla.com:443 HTTP/1.1" 200 0 "HTTPS" "outgoing via 192.168.50.30"
192.168.6.34 - amorgado [13/Aug/2021:08:34:57 -0500] "CONNECT 149.154.175.50:443 HTTP/1.1" 200 0 "HTTPS" "outgoing via 192.168.50.30"
192.168.6.34 - amorgado [13/Aug/2021:08:34:57 -0500] "CONNECT 45.142.38.130:9286 HTTP/1.1" 200 0 "HTTPS" "outgoing via 192.168.50.30"
192.168.1.31 - eileen [13/Aug/2021:08:34:58 -0500] "CONNECT csp.yahoo.com:443 HTTP/1.1" 200 0 "HTTPS" "outgoing via 192.168.50.30"
192.168.1.31 - eileen [13/Aug/2021:08:34:58 -0500] "CONNECT csp.yahoo.com:443 HTTP/1.1" 200 0 "HTTPS" "outgoing via 192.168.50.30"
192.168.1.31 - eileen [13/Aug/2021:08:34:58 -0500] "CONNECT csp.yahoo.com:443 HTTP/1.1" 200 0 "HTTPS" "outgoing via 192.168.50.30"
192.168.1.31 - eileen [13/Aug/2021:08:34:58 -0500] "CONNECT csp.yahoo.com:443 HTTP/1.1" 200 0 "HTTPS" "outgoing via 192.168.50.30"
192.168.1.21 - rene [13/Aug/2021:08:34:58 -0500] "CONNECT content-signature-2.cdn.mozilla.net:443 HTTP/1.1" 200 0 "HTTPS" "outgoing via 192.168.50.30"
192.168.1.31 - eileen [13/Aug/2021:08:35:01 -0500] "CONNECT csp.yahoo.com:443 HTTP/1.1" 200 0 "HTTPS" "outgoing via 192.168.50.30"
192.168.1.31 - eileen [13/Aug/2021:08:35:01 -0500] "CONNECT csp.yahoo.com:443 HTTP/1.1" 200 0 "HTTPS" "outgoing via 192.168.50.30"
192.168.6.34 - amorgado [13/Aug/2021:08:35:01 -0500] "CONNECT www.facebook.com:443 HTTP/1.1" 200 0 "HTTPS" "outgoing via 192.168.50.30"
192.168.6.34 - amorgado [13/Aug/2021:08:35:03 -0500] "CONNECT www.facebook.com:443 HTTP/1.1" 200 0 "HTTPS" "outgoing via 192.168.50.30"
192.168.6.34 - amorgado [13/Aug/2021:08:35:03 -0500] "GET http://toolbarqueries.google.com/tbr?client=navclient-auto&features=Rank&ch=62767638719&q=info:https://cafelafm.com/wp-admin/admin.php?page=wc-admin&path=%2Fanalytics%2Fstock HTTP/1.1" 200 1867 "HTTP" "Error 404 (Not Found)!!1"
192.168.1.31 - eileen [13/Aug/2021:08:35:16 -0500] "CONNECT sb.scorecardresearch.com:443 HTTP/1.1" 200 0 "HTTPS" "outgoing via 192.168.50.30"
192.168.1.31 - eileen [13/Aug/2021:08:35:16 -0500] "POST http://ocsp.digicert.com/ HTTP/1.1" 200 947 "HTTP" ""
192.168.10.20 - arodriguez [13/Aug/2021:08:35:17 -0500] "CONNECT relay-afcf85da.net.anydesk.com:80 HTTP/1.1" 200 0 "HTTPS" "outgoing via 192.168.50.30"
192.168.1.31 - eileen [13/Aug/2021:08:35:18 -0500] "CONNECT sb.scorecardresearch.com:443 HTTP/1.1" 200 0 "HTTPS" "outgoing via 192.168.50.30"
192.168.1.31 - eileen [13/Aug/2021:08:35:18 -0500] "GET http://detectportal.firefox.com/success.txt HTTP/1.1" 200 362 "HTTP" ""
192.168.1.31 - eileen [13/Aug/2021:08:35:24 -0500] "CONNECT apis.mail.yahoo.com:443 HTTP/1.1" 200 0 "HTTPS" "outgoing via 192.168.50.30"
192.168.1.31 - eileen [13/Aug/2021:08:35:26 -0500] "CONNECT dl-mail.ymail.com:443 HTTP/1.1" 200 0 "HTTPS" "outgoing via 192.168.50.30"
192.168.10.20 - arodriguez [13/Aug/2021:08:35:30 -0500] "CONNECT relay-d3705b18.net.anydesk.com:80 HTTP/1.1" 200 0 "HTTPS" "outgoing via 192.168.50.30"
192.168.6.34 - amorgado [13/Aug/2021:08:35:34 -0500] "CONNECT login.live.com:443 HTTP/1.1" 200 0 "HTTPS" "outgoing via 192.168.50.30"
192.168.6.34 - amorgado [13/Aug/2021:08:35:36 -0500] "CONNECT beacons.gcp.gvt2.com:443 HTTP/1.1" 200 0 "HTTPS" "outgoing via 192.168.50.30"
192.168.6.34 - amorgado [13/Aug/2021:08:35:36 -0500] "CONNECT beacons.gcp.gvt2.com:443 HTTP/1.1" 200 0 "HTTPS" "outgoing via 192.168.50.30"
192.168.1.3 - madai [13/Aug/2021:08:35:46 -0500] "CONNECT aus5.mozilla.org:443 HTTP/1.1" 200 0 "HTTPS" "outgoing via 192.168.50.30"
192.168.1.31 - eileen [13/Aug/2021:08:35:59 -0500] "CONNECT services.addons.mozilla.org:443 HTTP/1.1" 200 0 "HTTPS" "outgoing via 192.168.50.30"
192.168.1.31 - eileen [13/Aug/2021:08:35:59 -0500] "CONNECT services.addons.mozilla.org:443 HTTP/1.1" 200 0 "HTTPS" "outgoing via 192.168.50.30"
192.168.10.20 - arodriguez [13/Aug/2021:08:35:59 -0500] "CONNECT relay-d3705b18.net.anydesk.com:80 HTTP/1.1" 200 0 "HTTPS" "outgoing via 192.168.50.30"
192.168.1.31 - eileen [13/Aug/2021:08:35:59 -0500] "GET http://detectportal.firefox.com/success.txt HTTP/1.1" 200 362 "HTTP" ""
192.168.1.31 - eileen [13/Aug/2021:08:36:01 -0500] "CONNECT aus5.mozilla.org:443 HTTP/1.1" 200 0 "HTTPS" "outgoing via 192.168.50.30"
192.168.1.3 - madai [13/Aug/2021:08:36:02 -0500] "CONNECT external-mia3-2.xx.fbcdn.net:443 HTTP/1.1" 200 0 "HTTPS" "outgoing via 192.168.50.30"
192.168.6.34 - amorgado [13/Aug/2021:08:36:03 -0500] "CONNECT 45.142.38.130:9286 HTTP/1.1" 200 0 "HTTPS" "outgoing via 192.168.50.30"
192.168.6.34 - amorgado [13/Aug/2021:08:36:03 -0500] "CONNECT 149.154.175.50:443 HTTP/1.1" 200 0 "HTTPS" "outgoing via 192.168.50.30"
192.168.6.34 - amorgado [13/Aug/2021:08:36:04 -0500] "CONNECT 149.154.175.50:443 HTTP/1.1" 200 0 "HTTPS" "outgoing via 192.168.50.30"
192.168.1.31 - eileen [13/Aug/2021:08:36:05 -0500] "CONNECT www.google.com:443 HTTP/1.1" 200 0 "HTTPS" "outgoing via 192.168.50.30"
192.168.6.34 - amorgado [13/Aug/2021:08:36:05 -0500] "CONNECT 45.142.38.130:9286 HTTP/1.1" 200 0 "HTTPS" "outgoing via 192.168.50.30"
192.168.1.31 - eileen [13/Aug/2021:08:36:05 -0500] "CONNECT www.google.com:443 HTTP/1.1" 200 0 "HTTPS" "outgoing via 192.168.50.30"
192.168.1.31 - eileen [13/Aug/2021:08:36:06 -0500] "CONNECT www.google.com:443 HTTP/1.1" 200 0 "HTTPS" "outgoing via 192.168.50.30"
192.168.6.34 - amorgado [13/Aug/2021:08:36:06 -0500] "CONNECT 149.154.175.50:443 HTTP/1.1" 200 0 "HTTPS" "outgoing via 192.168.50.30"
192.168.6.34 - amorgado [13/Aug/2021:08:36:07 -0500] "CONNECT 45.142.38.130:9286 HTTP/1.1" 200 0 "HTTPS" "outgoing via 192.168.50.30"
192.168.6.34 - amorgado [13/Aug/2021:08:36:07 -0500] "CONNECT signaler-pa.googleapis.com:443 HTTP/1.1" 200 0 "HTTPS" "outgoing via 192.168.50.30"
192.168.1.31 - eileen [13/Aug/2021:08:36:08 -0500] "CONNECT tiles.services.mozilla.com:443 HTTP/1.1" 200 0 "HTTPS" "outgoing via 192.168.50.30"
192.168.1.31 - eileen [13/Aug/2021:08:36:08 -0500] "CONNECT tiles.services.mozilla.com:443 HTTP/1.1" 200 0 "HTTPS" "outgoing via 192.168.50.30"
192.168.1.31 - eileen [13/Aug/2021:08:36:08 -0500] "POST http://ocsp.digicert.com/ HTTP/1.1" 200 947 "HTTP" ""
192.168.1.31 - eileen [13/Aug/2021:08:36:08 -0500] "CONNECT www.google.com:443 HTTP/1.1" 200 0 "HTTPS" "outgoing via 192.168.50.30"
192.168.1.14 - herminio [13/Aug/2021:08:36:10 -0500] "CONNECT content-signature-2.cdn.mozilla.net:443 HTTP/1.1" 200 0 "HTTPS" "outgoing via 192.168.50.30"
192.168.1.14 - herminio [13/Aug/2021:08:36:10 -0500] "CONNECT firefox.settings.services.mozilla.com:443 HTTP/1.1" 200 0 "HTTPS" "outgoing via 192.168.50.30"
192.168.1.14 - herminio [13/Aug/2021:08:36:10 -0500] "CONNECT incoming.telemetry.mozilla.org:443 HTTP/1.1" 200 0 "HTTPS" "outgoing via 192.168.50.30"
192.168.1.14 - herminio [13/Aug/2021:08:36:10 -0500] "CONNECT firefox.settings.services.mozilla.com:443 HTTP/1.1" 200 0 "HTTPS" "outgoing via 192.168.50.30"
192.168.1.14 - herminio [13/Aug/2021:08:36:11 -0500] "CONNECT api.accounts.firefox.com:443 HTTP/1.1" 200 0 "HTTPS" "outgoing via 192.168.50.30"
192.168.1.14 - herminio [13/Aug/2021:08:36:11 -0500] "CONNECT api.accounts.firefox.com:443 HTTP/1.1" 200 0 "HTTPS" "outgoing via 192.168.50.30"
192.168.1.14 - herminio [13/Aug/2021:08:36:11 -0500] "POST http://ocsp.digicert.com/ HTTP/1.1" 200 947 "HTTP" ""
192.168.1.14 - herminio [13/Aug/2021:08:36:11 -0500] "CONNECT safebrowsing.googleapis.com:443 HTTP/1.1" 200 0 "HTTPS" "outgoing via 192.168.50.30"
192.168.1.14 - herminio [13/Aug/2021:08:36:12 -0500] "POST http://ocsp.digicert.com/ HTTP/1.1" 200 947 "HTTP" ""
192.168.1.14 - herminio [13/Aug/2021:08:36:12 -0500] "CONNECT incoming.telemetry.mozilla.org:443 HTTP/1.1" 200 0 "HTTPS" "outgoing via 192.168.50.30"
192.168.1.14 - herminio [13/Aug/2021:08:36:13 -0500] "CONNECT incoming.telemetry.mozilla.org:443 HTTP/1.1" 200 0 "HTTPS" "outgoing via 192.168.50.30"
192.168.1.14 - herminio [13/Aug/2021:08:36:13 -0500] "CONNECT incoming.telemetry.mozilla.org:443 HTTP/1.1" 200 0 "HTTPS" "outgoing via 192.168.50.30"
192.168.1.14 - herminio [13/Aug/2021:08:36:13 -0500] "CONNECT incoming.telemetry.mozilla.org:443 HTTP/1.1" 200 0 "HTTPS" "outgoing via 192.168.50.30"
192.168.1.31 - eileen [13/Aug/2021:08:36:14 -0500] "CONNECT www.gstatic.com:443 HTTP/1.1" 200 0 "HTTPS" "outgoing via 192.168.50.30"
192.168.1.31 - eileen [13/Aug/2021:08:36:16 -0500] "CONNECT encrypted-tbn0.gstatic.com:443 HTTP/1.1" 200 0 "HTTPS" "outgoing via 192.168.50.30"
192.168.1.31 - eileen [13/Aug/2021:08:36:16 -0500] "CONNECT encrypted-tbn0.gstatic.com:443 HTTP/1.1" 200 0 "HTTPS" "outgoing via 192.168.50.30"
192.168.1.31 - eileen [13/Aug/2021:08:36:16 -0500] "CONNECT encrypted-tbn0.gstatic.com:443 HTTP/1.1" 200 0 "HTTPS" "outgoing via 192.168.50.30"
192.168.1.31 - eileen [13/Aug/2021:08:36:16 -0500] "CONNECT encrypted-tbn0.gstatic.com:443 HTTP/1.1" 200 0 "HTTPS" "outgoing via 192.168.50.30"
192.168.1.31 - eileen [13/Aug/2021:08:36:16 -0500] "CONNECT encrypted-tbn0.gstatic.com:443 HTTP/1.1" 200 0 "HTTPS" "outgoing via 192.168.50.30"
192.168.1.31 - eileen [13/Aug/2021:08:36:16 -0500] "CONNECT encrypted-tbn0.gstatic.com:443 HTTP/1.1" 200 0 "HTTPS" "outgoing via 192.168.50.30"
192.168.1.31 - eileen [13/Aug/2021:08:36:16 -0500] "CONNECT adservice.google.com:443 HTTP/1.1" 200 0 "HTTPS" "outgoing via 192.168.50.30"
192.168.1.14 - herminio [13/Aug/2021:08:36:17 -0500] "CONNECT www.google.com:443 HTTP/1.1" 200 0 "HTTPS" "outgoing via 192.168.50.30"
192.168.1.14 - herminio [13/Aug/2021:08:36:17 -0500] "CONNECT shavar.services.mozilla.com:443 HTTP/1.1" 200 0 "HTTPS" "outgoing via 192.168.50.30"
192.168.1.14 - herminio [13/Aug/2021:08:36:17 -0500] "POST http://ocsp.pki.goog/gts1c3 HTTP/1.1" 200 849 "HTTP" ""
192.168.1.31 - eileen [13/Aug/2021:08:36:18 -0500] "CONNECT adservice.google.com.cu:443 HTTP/1.1" 200 0 "HTTPS" "outgoing via 192.168.50.30"
192.168.1.31 - eileen [13/Aug/2021:08:36:18 -0500] "GET http://detectportal.firefox.com/success.txt HTTP/1.1" 200 362 "HTTP" ""
192.168.1.14 - herminio [13/Aug/2021:08:36:18 -0500] "CONNECT www.google.com:443 HTTP/1.1" 200 0 "HTTPS" "outgoing via 192.168.50.30"
192.168.1.14 - herminio [13/Aug/2021:08:36:18 -0500] "POST http://ocsp.digicert.com/ HTTP/1.1" 200 947 "HTTP" ""
192.168.1.31 - eileen [13/Aug/2021:08:36:19 -0500] "CONNECT googleads.g.doubleclick.net:443 HTTP/1.1" 200 0 "HTTPS" "outgoing via 192.168.50.30"
192.168.1.31 - eileen [13/Aug/2021:08:36:19 -0500] "POST http://ocsp.pki.goog/gts1c3 HTTP/1.1" 200 850 "HTTP" ""
192.168.1.14 - herminio [13/Aug/2021:08:36:20 -0500] "CONNECT fonts.gstatic.com:443 HTTP/1.1" 200 0 "HTTPS" "outgoing via 192.168.50.30"
192.168.1.14 - herminio [13/Aug/2021:08:36:20 -0500] "CONNECT id.google.com:443 HTTP/1.1" 200 0 "HTTPS" "outgoing via 192.168.50.30"
192.168.1.14 - herminio [13/Aug/2021:08:36:21 -0500] "POST http://ocsp.pki.goog/gts1c3 HTTP/1.1" 200 850 "HTTP" ""
192.168.1.14 - herminio [13/Aug/2021:08:36:22 -0500] "CONNECT www.telemundo51.com:443 HTTP/1.1" 200 0 "HTTPS" "outgoing via 192.168.50.30"
192.168.1.14 - herminio [13/Aug/2021:08:36:23 -0500] "CONNECT www.telemundo51.com:443 HTTP/1.1" 200 0 "HTTPS" "outgoing via 192.168.50.30"
192.168.1.14 - herminio [13/Aug/2021:08:36:25 -0500] "CONNECT media.telemundo51.com:443 HTTP/1.1" 200 0 "HTTPS" "outgoing via 192.168.50.30"
192.168.1.14 - herminio [13/Aug/2021:08:36:25 -0500] "CONNECT native.sharethrough.com:443 HTTP/1.1" 200 0 "HTTPS" "outgoing via 192.168.50.30"
192.168.1.14 - herminio [13/Aug/2021:08:36:25 -0500] "CONNECT js-sec.indexww.com:443 HTTP/1.1" 200 0 "HTTPS" "outgoing via 192.168.50.30"
192.168.1.14 - herminio [13/Aug/2021:08:36:25 -0500] "CONNECT z.moatads.com:443 HTTP/1.1" 200 0 "HTTPS" "outgoing via 192.168.50.30"
192.168.1.14 - herminio [13/Aug/2021:08:36:26 -0500] "CONNECT safebrowsing.googleapis.com:443 HTTP/1.1" 200 0 "HTTPS" "outgoing via 192.168.50.30"
192.168.6.34 - amorgado [13/Aug/2021:08:36:28 -0500] "CONNECT safebrowsing.google.com:443 HTTP/1.1" 200 0 "HTTPS" "outgoing via 192.168.50.30"
192.168.10.20 - arodriguez [13/Aug/2021:08:36:28 -0500] "CONNECT relay-d3705b18.net.anydesk.com:80 HTTP/1.1" 200 0 "HTTPS" "outgoing via 192.168.50.30"
192.168.6.34 - amorgado [13/Aug/2021:08:36:29 -0500] "GET http://toolbarqueries.google.com/tbr?client=navclient-auto&features=Rank&ch=61529054447&q=info:cafelafm.com HTTP/1.1" 200 1867 "HTTP" "Error 404 (Not Found)!!1"
192.168.1.3 - madai [13/Aug/2021:08:36:32 -0500] "CONNECT scontent.xx.fbcdn.net:443 HTTP/1.1" 200 0 "HTTPS" "outgoing via 192.168.50.30"
192.168.1.14 - herminio [13/Aug/2021:08:36:33 -0500] "CONNECT dpm.demdex.net:443 HTTP/1.1" 200 0 "HTTPS" "outgoing via 192.168.50.30"
192.168.1.14 - herminio [13/Aug/2021:08:36:33 -0500] "CONNECT dpm.demdex.net:443 HTTP/1.1" 200 0 "HTTPS" "outgoing via 192.168.50.30"
192.168.1.14 - herminio [13/Aug/2021:08:36:34 -0500] "POST http://ocsp.pki.goog/gts1c3 HTTP/1.1" 200 849 "HTTP" ""
192.168.1.14 - herminio [13/Aug/2021:08:36:34 -0500] "POST http://ocsp.pki.goog/gts1c3 HTTP/1.1" 200 849 "HTTP" ""
192.168.6.34 - amorgado [13/Aug/2021:08:36:35 -0500] "CONNECT ad.wappalyzer.com:443 HTTP/1.1" 200 0 "HTTPS" "outgoing via 192.168.50.30"
192.168.1.14 - herminio [13/Aug/2021:08:36:38 -0500] "CONNECT nbcu.demdex.net:443 HTTP/1.1" 200 0 "HTTPS" "outgoing via 192.168.50.30"
192.168.6.34 - amorgado [13/Aug/2021:08:36:38 -0500] "CONNECT clientservices.googleapis.com:443 HTTP/1.1" 200 0 "HTTPS" "outgoing via 192.168.50.30"
192.168.1.14 - herminio [13/Aug/2021:08:36:39 -0500] "CONNECT api.rlcdn.com:443 HTTP/1.1" 200 0 "HTTPS" "outgoing via 192.168.50.30"
192.168.1.14 - herminio [13/Aug/2021:08:36:39 -0500] "CONNECT id.sv.rkdms.com:443 HTTP/1.1" 200 0 "HTTPS" "outgoing via 192.168.50.30"
192.168.1.14 - herminio [13/Aug/2021:08:36:39 -0500] "POST http://ocsp.digicert.com/ HTTP/1.1" 200 947 "HTTP" ""
192.168.1.14 - herminio [13/Aug/2021:08:36:39 -0500] "POST http://ocsp.digicert.com/ HTTP/1.1" 200 947 "HTTP" ""
192.168.1.14 - herminio [13/Aug/2021:08:36:39 -0500] "CONNECT px.moatads.com:443 HTTP/1.1" 200 0 "HTTPS" "outgoing via 192.168.50.30"
192.168.1.14 - herminio [13/Aug/2021:08:36:39 -0500] "CONNECT sb.scorecardresearch.com:443 HTTP/1.1" 200 0 "HTTPS" "outgoing via 192.168.50.30"
192.168.1.14 - herminio [13/Aug/2021:08:36:39 -0500] "GET http://detectportal.firefox.com/canonical.html HTTP/1.1" 200 444 "HTTP" ""
192.168.1.14 - herminio [13/Aug/2021:08:36:39 -0500] "CONNECT static.criteo.net:443 HTTP/1.1" 200 0 "HTTPS" "outgoing via 192.168.50.30"
192.168.1.14 - herminio [13/Aug/2021:08:36:39 -0500] "CONNECT www.googletagservices.com:443 HTTP/1.1" 200 0 "HTTPS" "outgoing via 192.168.50.30"
192.168.1.14 - herminio [13/Aug/2021:08:36:39 -0500] "CONNECT nbcume.sc.omtrdc.net:443 HTTP/1.1" 200 0 "HTTPS" "outgoing via 192.168.50.30"
192.168.1.14 - herminio [13/Aug/2021:08:36:39 -0500] "GET http://detectportal.firefox.com/success.txt?ipv4 HTTP/1.1" 200 362 "HTTP" ""
192.168.1.14 - herminio [13/Aug/2021:08:36:39 -0500] "CONNECT mb.moatads.com:443 HTTP/1.1" 200 0 "HTTPS" "outgoing via 192.168.50.30"
192.168.1.14 - herminio [13/Aug/2021:08:36:39 -0500] "CONNECT static.chartbeat.com:443 HTTP/1.1" 200 0 "HTTPS" "outgoing via 192.168.50.30"
192.168.1.14 - herminio [13/Aug/2021:08:36:39 -0500] "CONNECT cdn.taboola.com:443 HTTP/1.1" 200 0 "HTTPS" "outgoing via 192.168.50.30"
192.168.1.14 - herminio [13/Aug/2021:08:36:39 -0500] "CONNECT c2.taboola.com:443 HTTP/1.1" 200 0 "HTTPS" "outgoing via 192.168.50.30"
192.168.1.14 - herminio [13/Aug/2021:08:36:40 -0500] "POST http://ocsp.sectigo.com/ HTTP/1.1" 200 1040 "HTTP" ""
192.168.1.14 - herminio [13/Aug/2021:08:36:40 -0500] "POST http://ocsp.sca1b.amazontrust.com/ HTTP/1.1" 200 1123 "HTTP" ""
192.168.6.34 - amorgado [13/Aug/2021:08:36:41 -0500] "CONNECT clients4.google.com:443 HTTP/1.1" 200 0 "HTTPS" "outgoing via 192.168.50.30"
192.168.6.34 - amorgado [13/Aug/2021:08:36:41 -0500] "CONNECT secure.gravatar.com:443 HTTP/1.1" 200 0 "HTTPS" "outgoing via 192.168.50.30"
192.168.1.14 - herminio [13/Aug/2021:08:36:41 -0500] "CONNECT ping.chartbeat.net:443 HTTP/1.1" 200 0 "HTTPS" "outgoing via 192.168.50.30"
192.168.10.20 - arodriguez [13/Aug/2021:08:36:42 -0500] "CONNECT relay-bd01ff02.net.anydesk.com:80 HTTP/1.1" 200 0 "HTTPS" "outgoing via 192.168.50.30"
192.168.1.14 - herminio [13/Aug/2021:08:36:42 -0500] "CONNECT pagead2.googlesyndication.com:443 HTTP/1.1" 200 0 "HTTPS" "outgoing via 192.168.50.30"
192.168.1.14 - herminio [13/Aug/2021:08:36:42 -0500] "CONNECT pagead2.googlesyndication.com:443 HTTP/1.1" 200 0 "HTTPS" "outgoing via 192.168.50.30"
192.168.1.14 - herminio [13/Aug/2021:08:36:42 -0500] "CONNECT securepubads.g.doubleclick.net:443 HTTP/1.1" 200 0 "HTTPS" "outgoing via 192.168.50.30"
192.168.1.14 - herminio [13/Aug/2021:08:36:42 -0500] "CONNECT securepubads.g.doubleclick.net:443 HTTP/1.1" 200 0 "HTTPS" "outgoing via 192.168.50.30"
192.168.6.34 - amorgado [13/Aug/2021:08:36:42 -0500] "GET http://toolbarqueries.google.com/tbr?client=navclient-auto&features=Rank&ch=61473421079&q=info:https://cafelafm.com/wp-admin/post-new.php?post_type=product HTTP/1.1" 200 1867 "HTTP" "Error 404 (Not Found)!!1"
192.168.1.14 - herminio [13/Aug/2021:08:36:42 -0500] "POST http://ocsp.pki.goog/gts1c3 HTTP/1.1" 200 850 "HTTP" ""
192.168.1.14 - herminio [13/Aug/2021:08:36:42 -0500] "GET http://detectportal.firefox.com/canonical.html HTTP/1.1" 200 444 "HTTP" ""
192.168.1.14 - herminio [13/Aug/2021:08:36:42 -0500] "GET http://detectportal.firefox.com/success.txt?ipv4 HTTP/1.1" 200 362 "HTTP" ""
192.168.10.20 - arodriguez [13/Aug/2021:08:36:43 -0500] "CONNECT relay-bd01ff02.net.anydesk.com:443 HTTP/1.1" 200 0 "HTTPS" "outgoing via 192.168.50.30"
192.168.1.14 - herminio [13/Aug/2021:08:36:44 -0500] "CONNECT trc-events.taboola.com:443 HTTP/1.1" 200 0 "HTTPS" "outgoing via 192.168.50.30"
192.168.1.14 - herminio [13/Aug/2021:08:36:44 -0500] "CONNECT gum.criteo.com:443 HTTP/1.1" 200 0 "HTTPS" "outgoing via 192.168.50.30"
192.168.1.14 - herminio [13/Aug/2021:08:36:44 -0500] "POST http://status.thawte.com/ HTTP/1.1" 200 947 "HTTP" ""
192.168.1.14 - herminio [13/Aug/2021:08:36:45 -0500] "CONNECT csm.va.us.criteo.net:443 HTTP/1.1" 200 0 "HTTPS" "outgoing via 192.168.50.30"
192.168.6.34 - amorgado [13/Aug/2021:08:36:55 -0500] "CONNECT checkappexec.microsoft.com:443 HTTP/1.0" 200 0 "HTTPS" "outgoing via 192.168.50.30"
192.168.6.34 - amorgado [13/Aug/2021:08:37:03 -0500] "CONNECT ssl.gstatic.com:443 HTTP/1.1" 200 0 "HTTPS" "outgoing via 192.168.50.30"
192.168.6.34 - amorgado [13/Aug/2021:08:37:10 -0500] "CONNECT mtalk.google.com:5228 HTTP/1.1" 200 0 "HTTPS" "outgoing via 192.168.50.30"
192.168.6.34 - amorgado [13/Aug/2021:08:37:12 -0500] "CONNECT api.languagetool.org:443 HTTP/1.1" 200 0 "HTTPS" "outgoing via 192.168.50.30"
192.168.6.34 - amorgado [13/Aug/2021:08:37:12 -0500] "CONNECT api.languagetool.org:443 HTTP/1.1" 200 0 "HTTPS" "outgoing via 192.168.50.30"
192.168.10.20 - arodriguez [13/Aug/2021:08:37:13 -0500] "CONNECT relay-bd01ff02.net.anydesk.com:80 HTTP/1.1" 200 0 "HTTPS" "outgoing via 192.168.50.30"
192.168.6.34 - amorgado [13/Aug/2021:08:37:14 -0500] "CONNECT api.languagetool.org:443 HTTP/1.1" 200 0 "HTTPS" "outgoing via 192.168.50.30"
192.168.6.34 - amorgado [13/Aug/2021:08:37:14 -0500] "CONNECT api.languagetool.org:443 HTTP/1.1" 200 0 "HTTPS" "outgoing via 192.168.50.30"
192.168.6.34 - amorgado [13/Aug/2021:08:37:21 -0500] "CONNECT www.facebook.com:443 HTTP/1.1" 200 0 "HTTPS" "outgoing via 192.168.50.30"
192.168.6.34 - amorgado [13/Aug/2021:08:37:23 -0500] "CONNECT www.facebook.com:443 HTTP/1.1" 200 0 "HTTPS" "outgoing via 192.168.50.30"
192.168.6.34 - amorgado [13/Aug/2021:08:37:36 -0500] "GET http://toolbarqueries.google.com/tbr?client=navclient-auto&features=Rank&ch=61529054447&q=info:cafelafm.com HTTP/1.1" 200 1867 "HTTP" "Error 404 (Not Found)!!1"
192.168.10.20 - arodriguez [13/Aug/2021:08:37:42 -0500] "CONNECT relay-bd01ff02.net.anydesk.com:80 HTTP/1.1" 200 0 "HTTPS" "outgoing via 192.168.50.30"
192.168.6.34 - amorgado [13/Aug/2021:08:37:48 -0500] "GET http://toolbarqueries.google.com/tbr?client=navclient-auto&features=Rank&ch=6687566994&q=info:https://cafelafm.com/wp-admin/post-new.php?post_type=product&wp-post-new-reload=true HTTP/1.1" 200 1867 "HTTP" "Error 404 (Not Found)!!1"
192.168.10.20 - arodriguez [13/Aug/2021:08:37:55 -0500] "CONNECT relay-a54c6d92.net.anydesk.com:80 HTTP/1.1" 200 0 "HTTPS" "outgoing via 192.168.50.30"
192.168.10.20 - arodriguez [13/Aug/2021:08:37:56 -0500] "CONNECT relay-a54c6d92.net.anydesk.com:443 HTTP/1.1" 200 0 "HTTPS" "outgoing via 192.168.50.30"
192.168.6.34 - amorgado [13/Aug/2021:08:37:58 -0500] "GET http://toolbarqueries.google.com/tbr?client=navclient-auto&features=Rank&ch=61529054447&q=info:cafelafm.com HTTP/1.1" 200 1867 "HTTP" "Error 404 (Not Found)!!1"
192.168.1.31 - eileen [13/Aug/2021:08:37:59 -0500] "CONNECT blocklists.settings.services.mozilla.com:443 HTTP/1.1" 200 0 "HTTPS" "outgoing via 192.168.50.30"
192.168.1.31 - eileen [13/Aug/2021:08:38:00 -0500] "CONNECT blocklists.settings.services.mozilla.com:443 HTTP/1.1" 200 0 "HTTPS" "outgoing via 192.168.50.30"
192.168.6.34 - amorgado [13/Aug/2021:08:38:04 -0500] "CONNECT 45.142.38.130:9286 HTTP/1.1" 200 0 "HTTPS" "outgoing via 192.168.50.30"
192.168.6.34 - amorgado [13/Aug/2021:08:38:04 -0500] "CONNECT 149.154.175.50:443 HTTP/1.1" 200 0 "HTTPS" "outgoing via 192.168.50.30"
192.168.6.34 - amorgado [13/Aug/2021:08:38:05 -0500] "CONNECT 149.154.175.50:443 HTTP/1.1" 200 0 "HTTPS" "outgoing via 192.168.50.30"
192.168.6.34 - amorgado [13/Aug/2021:08:38:05 -0500] "CONNECT 45.142.38.130:9286 HTTP/1.1" 200 0 "HTTPS" "outgoing via 192.168.50.30"
192.168.6.34 - amorgado [13/Aug/2021:08:38:07 -0500] "CONNECT 149.154.175.50:443 HTTP/1.1" 200 0 "HTTPS" "outgoing via 192.168.50.30"
192.168.6.34 - amorgado [13/Aug/2021:08:38:07 -0500] "CONNECT 45.142.38.130:9286 HTTP/1.1" 200 0 "HTTPS" "outgoing via 192.168.50.30"
192.168.6.34 - amorgado [13/Aug/2021:08:38:10 -0500] "GET http://toolbarqueries.google.com/tbr?client=navclient-auto&features=Rank&ch=61825966725&q=info:https://cafelafm.com/wp-admin/post.php?post=709&action=edit&message=6 HTTP/1.1" 200 1867 "HTTP" "Error 404 (Not Found)!!1"
192.168.6.34 - amorgado [13/Aug/2021:08:38:20 -0500] "GET http://toolbarqueries.google.com/tbr?client=navclient-auto&features=Rank&ch=61529054447&q=info:cafelafm.com HTTP/1.1" 200 1867 "HTTP" "Error 404 (Not Found)!!1"
192.168.6.34 - amorgado [13/Aug/2021:08:38:21 -0500] "CONNECT stats.g.doubleclick.net:443 HTTP/1.1" 200 0 "HTTPS" "outgoing via 192.168.50.30"
192.168.6.34 - amorgado [13/Aug/2021:08:38:23 -0500] "CONNECT stats.g.doubleclick.net:443 HTTP/1.1" 200 0 "HTTPS" "outgoing via 192.168.50.30"
192.168.10.20 - arodriguez [13/Aug/2021:08:38:25 -0500] "CONNECT relay-a54c6d92.net.anydesk.com:80 HTTP/1.1" 200 0 "HTTPS" "outgoing via 192.168.50.30"
192.168.6.34 - amorgado [13/Aug/2021:08:38:31 -0500] "GET http://toolbarqueries.google.com/tbr?client=navclient-auto&features=Rank&ch=6630580993&q=info:https://cafelafm.com/wp-admin/post.php?post=709&action=edit HTTP/1.1" 200 1867 "HTTP" "Error 404 (Not Found)!!1"
192.168.1.3 - madai [13/Aug/2021:08:38:32 -0500] "CONNECT video-mia3-2.xx.fbcdn.net:443 HTTP/1.1" 200 0 "HTTPS" "outgoing via 192.168.50.30"
192.168.1.3 - madai [13/Aug/2021:08:38:32 -0500] "CONNECT video-mia3-2.xx.fbcdn.net:443 HTTP/1.1" 200 0 "HTTPS" "outgoing via 192.168.50.30"
192.168.1.3 - madai [13/Aug/2021:08:38:32 -0500] "CONNECT video-mia3-2.xx.fbcdn.net:443 HTTP/1.1" 200 0 "HTTPS" "outgoing via 192.168.50.30"
192.168.1.3 - madai [13/Aug/2021:08:38:32 -0500] "CONNECT video-mia3-2.xx.fbcdn.net:443 HTTP/1.1" 200 0 "HTTPS" "outgoing via 192.168.50.30"
192.168.1.3 - madai [13/Aug/2021:08:38:32 -0500] "CONNECT video-mia3-2.xx.fbcdn.net:443 HTTP/1.1" 200 0 "HTTPS" "outgoing via 192.168.50.30"
192.168.1.3 - madai [13/Aug/2021:08:38:32 -0500] "CONNECT video-mia3-1.xx.fbcdn.net:443 HTTP/1.1" 200 0 "HTTPS" "outgoing via 192.168.50.30"
192.168.1.3 - madai [13/Aug/2021:08:38:32 -0500] "CONNECT video-mia3-1.xx.fbcdn.net:443 HTTP/1.1" 200 0 "HTTPS" "outgoing via 192.168.50.30"
192.168.1.3 - madai [13/Aug/2021:08:38:32 -0500] "CONNECT video-mia3-1.xx.fbcdn.net:443 HTTP/1.1" 200 0 "HTTPS" "outgoing via 192.168.50.30"
192.168.1.3 - madai [13/Aug/2021:08:38:32 -0500] "CONNECT video-mia3-1.xx.fbcdn.net:443 HTTP/1.1" 200 0 "HTTPS" "outgoing via 192.168.50.30"
192.168.1.3 - madai [13/Aug/2021:08:38:32 -0500] "CONNECT video-mia3-2.xx.fbcdn.net:443 HTTP/1.1" 200 0 "HTTPS" "outgoing via 192.168.50.30"
192.168.1.3 - madai [13/Aug/2021:08:38:32 -0500] "CONNECT video-mia3-1.xx.fbcdn.net:443 HTTP/1.1" 200 0 "HTTPS" "outgoing via 192.168.50.30"
192.168.1.3 - madai [13/Aug/2021:08:38:32 -0500] "CONNECT video-mia3-1.xx.fbcdn.net:443 HTTP/1.1" 200 0 "HTTPS" "outgoing via 192.168.50.30"
192.168.1.3 - madai [13/Aug/2021:08:38:34 -0500] "CONNECT safebrowsing.googleapis.com:443 HTTP/1.1" 200 0 "HTTPS" "outgoing via 192.168.50.30"
192.168.1.14 - herminio [13/Aug/2021:08:38:42 -0500] "CONNECT incoming.telemetry.mozilla.org:443 HTTP/1.1" 200 0 "HTTPS" "outgoing via 192.168.50.30"
192.168.1.14 - herminio [13/Aug/2021:08:38:42 -0500] "CONNECT incoming.telemetry.mozilla.org:443 HTTP/1.1" 200 0 "HTTPS" "outgoing via 192.168.50.30"
192.168.1.14 - herminio [13/Aug/2021:08:38:42 -0500] "CONNECT api.accounts.firefox.com:443 HTTP/1.1" 200 0 "HTTPS" "outgoing via 192.168.50.30"
192.168.1.14 - herminio [13/Aug/2021:08:38:42 -0500] "CONNECT api.accounts.firefox.com:443 HTTP/1.1" 200 0 "HTTPS" "outgoing via 192.168.50.30"
192.168.1.14 - herminio [13/Aug/2021:08:38:42 -0500] "POST http://ocsp.digicert.com/ HTTP/1.1" 200 947 "HTTP" ""
192.168.1.14 - herminio [13/Aug/2021:08:38:43 -0500] "CONNECT incoming.telemetry.mozilla.org:443 HTTP/1.1" 200 0 "HTTPS" "outgoing via 192.168.50.30"
192.168.6.34 - amorgado [13/Aug/2021:08:38:43 -0500] "GET http://toolbarqueries.google.com/tbr?client=navclient-auto&features=Rank&ch=61529054447&q=info:cafelafm.com HTTP/1.1" 200 1867 "HTTP" "Error 404 (Not Found)!!1"
192.168.1.14 - herminio [13/Aug/2021:08:38:45 -0500] "CONNECT www.google.com:443 HTTP/1.1" 200 0 "HTTPS" "outgoing via 192.168.50.30"
192.168.1.14 - herminio [13/Aug/2021:08:38:46 -0500] "CONNECT www.google.com:443 HTTP/1.1" 200 0 "HTTPS" "outgoing via 192.168.50.30"
192.168.1.14 - herminio [13/Aug/2021:08:38:46 -0500] "POST http://ocsp.digicert.com/ HTTP/1.1" 200 947 "HTTP" ""
192.168.1.14 - herminio [13/Aug/2021:08:38:48 -0500] "CONNECT id.google.com:443 HTTP/1.1" 200 0 "HTTPS" "outgoing via 192.168.50.30"
192.168.1.14 - herminio [13/Aug/2021:08:38:50 -0500] "CONNECT actualidad.rt.com:443 HTTP/1.1" 200 0 "HTTPS" "outgoing via 192.168.50.30"
192.168.1.14 - herminio [13/Aug/2021:08:38:50 -0500] "POST http://ocsp.pki.goog/gts1c3 HTTP/1.1" 200 850 "HTTP" ""
192.168.1.14 - herminio [13/Aug/2021:08:38:51 -0500] "CONNECT actualidad.rt.com:443 HTTP/1.1" 200 0 "HTTPS" "outgoing via 192.168.50.30"
192.168.1.14 - herminio [13/Aug/2021:08:38:52 -0500] "CONNECT cdnes.rt.com:443 HTTP/1.1" 200 0 "HTTPS" "outgoing via 192.168.50.30"
192.168.1.14 - herminio [13/Aug/2021:08:38:52 -0500] "CONNECT cdnes.rt.com:443 HTTP/1.1" 200 0 "HTTPS" "outgoing via 192.168.50.30"
192.168.1.14 - herminio [13/Aug/2021:08:38:54 -0500] "CONNECT cdnes.rt.com:443 HTTP/1.1" 200 0 "HTTPS" "outgoing via 192.168.50.30"
192.168.1.14 - herminio [13/Aug/2021:08:38:54 -0500] "CONNECT www.googletagmanager.com:443 HTTP/1.1" 200 0 "HTTPS" "outgoing via 192.168.50.30"
192.168.1.14 - herminio [13/Aug/2021:08:38:54 -0500] "CONNECT cdnes.rt.com:443 HTTP/1.1" 200 0 "HTTPS" "outgoing via 192.168.50.30"
192.168.1.14 - herminio [13/Aug/2021:08:38:54 -0500] "CONNECT cdnes.rt.com:443 HTTP/1.1" 200 0 "HTTPS" "outgoing via 192.168.50.30"
192.168.1.14 - herminio [13/Aug/2021:08:38:54 -0500] "CONNECT cdnes.rt.com:443 HTTP/1.1" 200 0 "HTTPS" "outgoing via 192.168.50.30"
192.168.1.14 - herminio [13/Aug/2021:08:38:54 -0500] "CONNECT cdnes.rt.com:443 HTTP/1.1" 200 0 "HTTPS" "outgoing via 192.168.50.30"
192.168.10.20 - arodriguez [13/Aug/2021:08:38:54 -0500] "CONNECT relay-a54c6d92.net.anydesk.com:80 HTTP/1.1" 200 0 "HTTPS" "outgoing via 192.168.50.30"
192.168.1.14 - herminio [13/Aug/2021:08:38:54 -0500] "CONNECT cdnv.rt.com:443 HTTP/1.1" 200 0 "HTTPS" "outgoing via 192.168.50.30"
192.168.1.14 - herminio [13/Aug/2021:08:38:54 -0500] "CONNECT cdni.rt.com:443 HTTP/1.1" 200 0 "HTTPS" "outgoing via 192.168.50.30"
192.168.1.14 - herminio [13/Aug/2021:08:38:54 -0500] "CONNECT mc.yandex.ru:443 HTTP/1.1" 200 0 "HTTPS" "outgoing via 192.168.50.30"
192.168.1.14 - herminio [13/Aug/2021:08:38:54 -0500] "POST http://status.geotrust.com/ HTTP/1.1" 200 947 "HTTP" ""
192.168.6.34 - amorgado [13/Aug/2021:08:38:55 -0500] "GET http://toolbarqueries.google.com/tbr?client=navclient-auto&features=Rank&ch=61871902877&q=info:https://cafelafm.com/wp-admin/post.php?post=709&action=edit&message=1 HTTP/1.1" 200 1867 "HTTP" "Error 404 (Not Found)!!1"
192.168.1.14 - herminio [13/Aug/2021:08:38:55 -0500] "POST http://ocsp.digicert.com/ HTTP/1.1" 200 947 "HTTP" ""
192.168.1.14 - herminio [13/Aug/2021:08:38:55 -0500] "CONNECT c2.taboola.com:443 HTTP/1.1" 200 0 "HTTPS" "outgoing via 192.168.50.30"
192.168.1.14 - herminio [13/Aug/2021:08:38:55 -0500] "CONNECT counter.yadro.ru:443 HTTP/1.1" 200 0 "HTTPS" "outgoing via 192.168.50.30"
192.168.1.14 - herminio [13/Aug/2021:08:38:58 -0500] "CONNECT securepubads.g.doubleclick.net:443 HTTP/1.1" 200 0 "HTTPS" "outgoing via 192.168.50.30"
192.168.1.14 - herminio [13/Aug/2021:08:38:59 -0500] "GET http://detectportal.firefox.com/canonical.html HTTP/1.1" 200 444 "HTTP" ""
192.168.1.14 - herminio [13/Aug/2021:08:39:01 -0500] "CONNECT www.google-analytics.com:443 HTTP/1.1" 200 0 "HTTPS" "outgoing via 192.168.50.30"
192.168.1.14 - herminio [13/Aug/2021:08:39:01 -0500] "CONNECT mc.yandex.ru:443 HTTP/1.1" 200 0 "HTTPS" "outgoing via 192.168.50.30"
192.168.6.34 - amorgado [13/Aug/2021:08:39:01 -0500] "CONNECT api.languagetool.org:443 HTTP/1.1" 200 0 "HTTPS" "outgoing via 192.168.50.30"
192.168.6.34 - amorgado [13/Aug/2021:08:39:01 -0500] "CONNECT api.languagetool.org:443 HTTP/1.1" 200 0 "HTTPS" "outgoing via 192.168.50.30"
192.168.1.14 - herminio [13/Aug/2021:08:39:03 -0500] "CONNECT nr-events.taboola.com:443 HTTP/1.1" 200 0 "HTTPS" "outgoing via 192.168.50.30"
192.168.1.14 - herminio [13/Aug/2021:08:39:03 -0500] "CONNECT nr-events.taboola.com:443 HTTP/1.1" 200 0 "HTTPS" "outgoing via 192.168.50.30"
192.168.1.14 - herminio [13/Aug/2021:08:39:03 -0500] "CONNECT counter.yadro.ru:443 HTTP/1.1" 200 0 "HTTPS" "outgoing via 192.168.50.30"
192.168.1.14 - herminio [13/Aug/2021:08:39:03 -0500] "GET http://detectportal.firefox.com/success.txt?ipv4 HTTP/1.1" 200 362 "HTTP" ""
192.168.1.14 - herminio [13/Aug/2021:08:39:03 -0500] "CONNECT www.google-analytics.com:443 HTTP/1.1" 200 0 "HTTPS" "outgoing via 192.168.50.30"
192.168.1.14 - herminio [13/Aug/2021:08:39:04 -0500] "CONNECT stats.g.doubleclick.net:443 HTTP/1.1" 200 0 "HTTPS" "outgoing via 192.168.50.30"
192.168.1.14 - herminio [13/Aug/2021:08:39:05 -0500] "GET http://detectportal.firefox.com/canonical.html HTTP/1.1" 200 444 "HTTP" ""
192.168.1.14 - herminio [13/Aug/2021:08:39:05 -0500] "CONNECT static.doubleclick.net:443 HTTP/1.1" 200 0 "HTTPS" "outgoing via 192.168.50.30"
192.168.6.34 - amorgado [13/Aug/2021:08:39:05 -0500] "GET http://toolbarqueries.google.com/tbr?client=navclient-auto&features=Rank&ch=61529054447&q=info:cafelafm.com HTTP/1.1" 200 1867 "HTTP" "Error 404 (Not Found)!!1"
192.168.10.20 - arodriguez [13/Aug/2021:08:39:07 -0500] "CONNECT relay-afcf85da.net.anydesk.com:80 HTTP/1.1" 200 0 "HTTPS" "outgoing via 192.168.50.30"
192.168.1.14 - herminio [13/Aug/2021:08:39:08 -0500] "GET http://detectportal.firefox.com/success.txt?ipv4 HTTP/1.1" 200 362 "HTTP" ""
192.168.6.34 - amorgado [13/Aug/2021:08:39:09 -0500] "CONNECT settings-win.data.microsoft.com:443 HTTP/1.1" 200 0 "HTTPS" "outgoing via 192.168.50.30"
192.168.1.14 - herminio [13/Aug/2021:08:39:11 -0500] "CONNECT normandy.cdn.mozilla.net:443 HTTP/1.1" 200 0 "HTTPS" "outgoing via 192.168.50.30"
192.168.1.14 - herminio [13/Aug/2021:08:39:12 -0500] "CONNECT classify-client.services.mozilla.com:443 HTTP/1.1" 200 0 "HTTPS" "outgoing via 192.168.50.30"
192.168.1.14 - herminio [13/Aug/2021:08:39:12 -0500] "POST http://yandex.ocsp-responder.com/ HTTP/1.1" 200 1846 "HTTP" ""
192.168.1.14 - herminio [13/Aug/2021:08:39:13 -0500] "CONNECT content-signature-2.cdn.mozilla.net:443 HTTP/1.1" 200 0 "HTTPS" "outgoing via 192.168.50.30"
192.168.6.34 - amorgado [13/Aug/2021:08:39:16 -0500] "GET http://toolbarqueries.google.com/tbr?client=navclient-auto&features=Rank&ch=6630580993&q=info:https://cafelafm.com/wp-admin/post.php?post=709&action=edit HTTP/1.1" 200 1867 "HTTP" "Error 404 (Not Found)!!1"
192.168.6.34 - amorgado [13/Aug/2021:08:39:19 -0500] "CONNECT orion.managewp.com:443 HTTP/1.1" 200 0 "HTTPS" "outgoing via 192.168.50.30"
192.168.1.3 - madai [13/Aug/2021:08:39:21 -0500] "CONNECT static.xx.fbcdn.net:443 HTTP/1.1" 200 0 "HTTPS" "outgoing via 192.168.50.30"
192.168.1.3 - madai [13/Aug/2021:08:39:25 -0500] "CONNECT firefox.settings.services.mozilla.com:443 HTTP/1.1" 200 0 "HTTPS" "outgoing via 192.168.50.30"
192.168.6.34 - amorgado [13/Aug/2021:08:39:27 -0500] "GET http://toolbarqueries.google.com/tbr?client=navclient-auto&features=Rank&ch=61529054447&q=info:cafelafm.com HTTP/1.1" 200 1867 "HTTP" "Error 404 (Not Found)!!1"
192.168.1.3 - madai [13/Aug/2021:08:39:27 -0500] "CONNECT scontent-mia3-1.xx.fbcdn.net:443 HTTP/1.1" 200 0 "HTTPS" "outgoing via 192.168.50.30"
192.168.6.34 - amorgado [13/Aug/2021:08:39:32 -0500] "CONNECT api.unsplash.com:443 HTTP/1.1" 200 0 "HTTPS" "outgoing via 192.168.50.30"
192.168.6.34 - amorgado [13/Aug/2021:08:39:34 -0500] "CONNECT api.unsplash.com:443 HTTP/1.1" 200 0 "HTTPS" "outgoing via 192.168.50.30"
192.168.6.34 - amorgado [13/Aug/2021:08:39:36 -0500] "CONNECT secure.gravatar.com:443 HTTP/1.1" 200 0 "HTTPS" "outgoing via 192.168.50.30"
192.168.10.20 - arodriguez [13/Aug/2021:08:39:37 -0500] "CONNECT relay-afcf85da.net.anydesk.com:80 HTTP/1.1" 200 0 "HTTPS" "outgoing via 192.168.50.30"
192.168.6.34 - amorgado [13/Aug/2021:08:39:37 -0500] "CONNECT images.unsplash.com:443 HTTP/1.1" 200 0 "HTTPS" "outgoing via 192.168.50.30"
192.168.6.34 - amorgado [13/Aug/2021:08:39:39 -0500] "CONNECT images.unsplash.com:443 HTTP/1.1" 200 0 "HTTPS" "outgoing via 192.168.50.30"
192.168.6.34 - amorgado [13/Aug/2021:08:39:39 -0500] "GET http://toolbarqueries.google.com/tbr?client=navclient-auto&features=Rank&ch=63474622810&q=info:https://cafelafm.com/wp-admin/edit.php?post_type=product HTTP/1.1" 200 1867 "HTTP" "Error 404 (Not Found)!!1"
192.168.1.14 - herminio [13/Aug/2021:08:39:41 -0500] "CONNECT incoming.telemetry.mozilla.org:443 HTTP/1.1" 200 0 "HTTPS" "outgoing via 192.168.50.30"
192.168.1.14 - herminio [13/Aug/2021:08:39:41 -0500] "CONNECT incoming.telemetry.mozilla.org:443 HTTP/1.1" 200 0 "HTTPS" "outgoing via 192.168.50.30"
192.168.1.14 - herminio [13/Aug/2021:08:39:41 -0500] "CONNECT incoming.telemetry.mozilla.org:443 HTTP/1.1" 200 0 "HTTPS" "outgoing via 192.168.50.30"
192.168.1.14 - herminio [13/Aug/2021:08:39:41 -0500] "CONNECT incoming.telemetry.mozilla.org:443 HTTP/1.1" 200 0 "HTTPS" "outgoing via 192.168.50.30"
192.168.6.34 - amorgado [13/Aug/2021:08:39:53 -0500] "GET http://toolbarqueries.google.com/tbr?client=navclient-auto&features=Rank&ch=61529054447&q=info:cafelafm.com HTTP/1.1" 200 1867 "HTTP" "Error 404 (Not Found)!!1"
192.168.1.14 - herminio [13/Aug/2021:08:39:57 -0500] "CONNECT cdni.rt.com:443 HTTP/1.1" 200 0 "HTTPS" "outgoing via 192.168.50.30"
192.168.1.3 - madai [13/Aug/2021:08:40:05 -0500] "CONNECT video.xx.fbcdn.net:443 HTTP/1.1" 200 0 "HTTPS" "outgoing via 192.168.50.30"
192.168.10.20 - arodriguez [13/Aug/2021:08:40:05 -0500] "CONNECT relay-afcf85da.net.anydesk.com:80 HTTP/1.1" 200 0 "HTTPS" "outgoing via 192.168.50.30"
192.168.6.34 - amorgado [13/Aug/2021:08:40:08 -0500] "GET http://toolbarqueries.google.com/tbr?client=navclient-auto&features=Rank&ch=6630580993&q=info:https://cafelafm.com/wp-admin/post.php?post=709&action=edit HTTP/1.1" 200 1867 "HTTP" "Error 404 (Not Found)!!1"
192.168.1.31 - eileen [13/Aug/2021:08:40:14 -0500] "CONNECT geo.yahoo.com:443 HTTP/1.1" 200 0 "HTTPS" "outgoing via 192.168.50.30"
192.168.6.34 - amorgado [13/Aug/2021:08:40:19 -0500] "GET http://toolbarqueries.google.com/tbr?client=navclient-auto&features=Rank&ch=61529054447&q=info:cafelafm.com HTTP/1.1" 200 1867 "HTTP" "Error 404 (Not Found)!!1"
192.168.1.31 - eileen [13/Aug/2021:08:40:23 -0500] "CONNECT apis.mail.yahoo.com:443 HTTP/1.1" 200 0 "HTTPS" "outgoing via 192.168.50.30"
192.168.1.31 - eileen [13/Aug/2021:08:40:25 -0500] "CONNECT dl-mail.ymail.com:443 HTTP/1.1" 200 0 "HTTPS" "outgoing via 192.168.50.30"
192.168.1.31 - eileen [13/Aug/2021:08:40:30 -0500] "CONNECT apis.mail.yahoo.com:443 HTTP/1.1" 200 0 "HTTPS" "outgoing via 192.168.50.30"
192.168.6.34 - amorgado [13/Aug/2021:08:40:30 -0500] "GET http://toolbarqueries.google.com/tbr?client=navclient-auto&features=Rank&ch=61099075459&q=info:https://cafelafm.com/wp-admin/post.php?post=448&action=edit HTTP/1.1" 200 1867 "HTTP" "Error 404 (Not Found)!!1"
192.168.1.3 - madai [13/Aug/2021:08:40:34 -0500] "POST http://ocsp.digicert.com/ HTTP/1.1" 200 947 "HTTP" ""
192.168.1.3 - madai [13/Aug/2021:08:40:34 -0500] "POST http://ocsp.digicert.com/ HTTP/1.1" 200 947 "HTTP" ""
192.168.1.3 - madai [13/Aug/2021:08:40:34 -0500] "POST http://ocsp.digicert.com/ HTTP/1.1" 200 947 "HTTP" ""
192.168.1.3 - madai [13/Aug/2021:08:40:34 -0500] "POST http://ocsp.digicert.com/ HTTP/1.1" 200 947 "HTTP" ""
192.168.1.3 - madai [13/Aug/2021:08:40:35 -0500] "POST http://ocsp.digicert.com/ HTTP/1.1" 200 947 "HTTP" ""
192.168.10.20 - arodriguez [13/Aug/2021:08:40:35 -0500] "CONNECT relay-afcf85da.net.anydesk.com:80 HTTP/1.1" 200 0 "HTTPS" "outgoing via 192.168.50.30"
192.168.1.31 - eileen [13/Aug/2021:08:40:35 -0500] "CONNECT safebrowsing.googleapis.com:443 HTTP/1.1" 200 0 "HTTPS" "outgoing via 192.168.50.30"
192.168.1.3 - madai [13/Aug/2021:08:40:36 -0500] "POST http://ocsp.digicert.com/ HTTP/1.1" 200 947 "HTTP" ""
192.168.6.34 - amorgado [13/Aug/2021:08:40:41 -0500] "GET http://toolbarqueries.google.com/tbr?client=navclient-auto&features=Rank&ch=61529054447&q=info:cafelafm.com HTTP/1.1" 200 1867 "HTTP" "Error 404 (Not Found)!!1"
192.168.6.34 - amorgado [13/Aug/2021:08:40:44 -0500] "CONNECT www.facebook.com:443 HTTP/1.1" 200 0 "HTTPS" "outgoing via 192.168.50.30"
192.168.6.34 - amorgado [13/Aug/2021:08:40:46 -0500] "CONNECT www.facebook.com:443 HTTP/1.1" 200 0 "HTTPS" "outgoing via 192.168.50.30"
192.168.6.34 - amorgado [13/Aug/2021:08:40:48 -0500] "CONNECT 149.154.167.92:443 HTTP/1.1" 200 0 "HTTPS" "outgoing via 192.168.50.30"
192.168.6.34 - amorgado [13/Aug/2021:08:40:48 -0500] "CONNECT 45.142.38.130:9286 HTTP/1.1" 200 0 "HTTPS" "outgoing via 192.168.50.30"
192.168.6.34 - amorgado [13/Aug/2021:08:40:49 -0500] "CONNECT 149.154.167.92:443 HTTP/1.1" 200 0 "HTTPS" "outgoing via 192.168.50.30"
192.168.6.34 - amorgado [13/Aug/2021:08:40:49 -0500] "CONNECT 45.142.38.130:9286 HTTP/1.1" 200 0 "HTTPS" "outgoing via 192.168.50.30"
192.168.6.34 - amorgado [13/Aug/2021:08:40:51 -0500] "CONNECT 149.154.167.92:443 HTTP/1.1" 200 0 "HTTPS" "outgoing via 192.168.50.30"
192.168.6.34 - amorgado [13/Aug/2021:08:40:51 -0500] "CONNECT 45.142.38.130:9286 HTTP/1.1" 200 0 "HTTPS" "outgoing via 192.168.50.30"
192.168.6.34 - amorgado [13/Aug/2021:08:40:52 -0500] "GET http://toolbarqueries.google.com/tbr?client=navclient-auto&features=Rank&ch=6729101842&q=info:https://cafelafm.com/wp-admin/post.php?post=452&action=edit HTTP/1.1" 200 1867 "HTTP" "Error 404 (Not Found)!!1"
192.168.1.14 - herminio [13/Aug/2021:08:40:54 -0500] "POST http://ocsp.pki.goog/gts1c3 HTTP/1.1" 200 850 "HTTP" ""
192.168.1.31 - eileen [13/Aug/2021:08:40:55 -0500] "CONNECT apis.mail.yahoo.com:443 HTTP/1.1" 200 0 "HTTPS" "outgoing via 192.168.50.30"
192.168.1.14 - herminio [13/Aug/2021:08:40:57 -0500] "CONNECT cdni.rt.com:443 HTTP/1.1" 200 0 "HTTPS" "outgoing via 192.168.50.30"
192.168.1.31 - eileen [13/Aug/2021:08:41:00 -0500] "CONNECT sb.scorecardresearch.com:443 HTTP/1.1" 200 0 "HTTPS" "outgoing via 192.168.50.30"
192.168.1.31 - eileen [13/Aug/2021:08:41:00 -0500] "CONNECT udc.yahoo.com:443 HTTP/1.1" 200 0 "HTTPS" "outgoing via 192.168.50.30"
192.168.6.34 - amorgado [13/Aug/2021:08:41:03 -0500] "GET http://toolbarqueries.google.com/tbr?client=navclient-auto&features=Rank&ch=61529054447&q=info:cafelafm.com HTTP/1.1" 200 1867 "HTTP" "Error 404 (Not Found)!!1"
192.168.10.20 - arodriguez [13/Aug/2021:08:41:04 -0500] "CONNECT relay-afcf85da.net.anydesk.com:80 HTTP/1.1" 200 0 "HTTPS" "outgoing via 192.168.50.30"
192.168.1.3 - madai [13/Aug/2021:08:41:11 -0500] "CONNECT push.services.mozilla.com:443 HTTP/1.1" 200 0 "HTTPS" "outgoing via 192.168.50.30"
192.168.6.34 - amorgado [13/Aug/2021:08:41:13 -0500] "GET http://toolbarqueries.google.com/tbr?client=navclient-auto&features=Rank&ch=63717615871&q=info:https://cafelafm.com/wp-admin/post.php?post=451&action=edit HTTP/1.1" 200 1867 "HTTP" "Error 404 (Not Found)!!1"
192.168.6.34 - amorgado [13/Aug/2021:08:41:25 -0500] "GET http://toolbarqueries.google.com/tbr?client=navclient-auto&features=Rank&ch=61529054447&q=info:cafelafm.com HTTP/1.1" 200 1867 "HTTP" "Error 404 (Not Found)!!1"
192.168.1.3 - madai [13/Aug/2021:08:41:25 -0500] "CONNECT services.addons.mozilla.org:443 HTTP/1.1" 200 0 "HTTPS" "outgoing via 192.168.50.30"
192.168.1.3 - madai [13/Aug/2021:08:41:25 -0500] "CONNECT services.addons.mozilla.org:443 HTTP/1.1" 200 0 "HTTPS" "outgoing via 192.168.50.30"
192.168.5.75 - rosa [13/Aug/2021:08:41:26 -0500] "CONNECT safebrowsing.googleapis.com:443 HTTP/1.1" 200 0 "HTTPS" "outgoing via 192.168.50.30"
192.168.5.75 - rosa [13/Aug/2021:08:41:26 -0500] "CONNECT firefox.settings.services.mozilla.com:443 HTTP/1.1" 200 0 "HTTPS" "outgoing via 192.168.50.30"
192.168.5.75 - rosa [13/Aug/2021:08:41:26 -0500] "CONNECT incoming.telemetry.mozilla.org:443 HTTP/1.1" 200 0 "HTTPS" "outgoing via 192.168.50.30"
192.168.5.75 - rosa [13/Aug/2021:08:41:27 -0500] "CONNECT firefox.settings.services.mozilla.com:443 HTTP/1.1" 200 0 "HTTPS" "outgoing via 192.168.50.30"
192.168.5.75 - rosa [13/Aug/2021:08:41:27 -0500] "CONNECT firefox.settings.services.mozilla.com:443 HTTP/1.1" 200 0 "HTTPS" "outgoing via 192.168.50.30"
192.168.1.3 - madai [13/Aug/2021:08:41:27 -0500] "CONNECT aus5.mozilla.org:443 HTTP/1.1" 200 0 "HTTPS" "outgoing via 192.168.50.30"
192.168.5.75 - rosa [13/Aug/2021:08:41:28 -0500] "CONNECT incoming.telemetry.mozilla.org:443 HTTP/1.1" 200 0 "HTTPS" "outgoing via 192.168.50.30"
192.168.5.75 - rosa [13/Aug/2021:08:41:28 -0500] "CONNECT incoming.telemetry.mozilla.org:443 HTTP/1.1" 200 0 "HTTPS" "outgoing via 192.168.50.30"
192.168.5.75 - rosa [13/Aug/2021:08:41:28 -0500] "CONNECT incoming.telemetry.mozilla.org:443 HTTP/1.1" 200 0 "HTTPS" "outgoing via 192.168.50.30"
192.168.5.75 - rosa [13/Aug/2021:08:41:28 -0500] "CONNECT incoming.telemetry.mozilla.org:443 HTTP/1.1" 200 0 "HTTPS" "outgoing via 192.168.50.30"
192.168.5.75 - rosa [13/Aug/2021:08:41:29 -0500] "CONNECT www.facebook.com:443 HTTP/1.1" 200 0 "HTTPS" "outgoing via 192.168.50.30"
192.168.5.75 - rosa [13/Aug/2021:08:41:29 -0500] "POST http://ocsp.digicert.com/ HTTP/1.1" 200 947 "HTTP" ""
192.168.5.75 - rosa [13/Aug/2021:08:41:30 -0500] "CONNECT www.facebook.com:443 HTTP/1.1" 200 0 "HTTPS" "outgoing via 192.168.50.30"
192.168.5.75 - rosa [13/Aug/2021:08:41:30 -0500] "CONNECT www.facebook.com:443 HTTP/1.1" 200 0 "HTTPS" "outgoing via 192.168.50.30"
192.168.5.75 - rosa [13/Aug/2021:08:41:30 -0500] "CONNECT www.facebook.com:443 HTTP/1.1" 200 0 "HTTPS" "outgoing via 192.168.50.30"
192.168.5.75 - rosa [13/Aug/2021:08:41:30 -0500] "CONNECT www.facebook.com:443 HTTP/1.1" 200 0 "HTTPS" "outgoing via 192.168.50.30"
192.168.5.75 - rosa [13/Aug/2021:08:41:30 -0500] "CONNECT www.facebook.com:443 HTTP/1.1" 200 0 "HTTPS" "outgoing via 192.168.50.30"
192.168.5.75 - rosa [13/Aug/2021:08:41:30 -0500] "CONNECT shavar.services.mozilla.com:443 HTTP/1.1" 200 0 "HTTPS" "outgoing via 192.168.50.30"
192.168.5.75 - rosa [13/Aug/2021:08:41:32 -0500] "POST http://ocsp.pki.goog/gts1c3 HTTP/1.1" 200 849 "HTTP" ""
192.168.10.20 - arodriguez [13/Aug/2021:08:41:33 -0500] "CONNECT relay-afcf85da.net.anydesk.com:80 HTTP/1.1" 200 0 "HTTPS" "outgoing via 192.168.50.30"
192.168.1.14 - herminio [13/Aug/2021:08:41:36 -0500] "CONNECT cdni.rt.com:443 HTTP/1.1" 200 0 "HTTPS" "outgoing via 192.168.50.30"
192.168.6.34 - amorgado [13/Aug/2021:08:41:36 -0500] "GET http://toolbarqueries.google.com/tbr?client=navclient-auto&features=Rank&ch=63934804691&q=info:https://cafelafm.com/wp-admin/post.php?post=452&action=edit&message=1 HTTP/1.1" 200 1867 "HTTP" "Error 404 (Not Found)!!1"
192.168.5.75 - rosa [13/Aug/2021:08:41:39 -0500] "CONNECT scontent-mia3-1.xx.fbcdn.net:443 HTTP/1.1" 200 0 "HTTPS" "outgoing via 192.168.50.30"
192.168.5.75 - rosa [13/Aug/2021:08:41:39 -0500] "CONNECT scontent-mia3-1.xx.fbcdn.net:443 HTTP/1.1" 200 0 "HTTPS" "outgoing via 192.168.50.30"
192.168.5.75 - rosa [13/Aug/2021:08:41:39 -0500] "CONNECT scontent-mia3-2.xx.fbcdn.net:443 HTTP/1.1" 200 0 "HTTPS" "outgoing via 192.168.50.30"
192.168.5.75 - rosa [13/Aug/2021:08:41:39 -0500] "CONNECT scontent-mia3-1.xx.fbcdn.net:443 HTTP/1.1" 200 0 "HTTPS" "outgoing via 192.168.50.30"
192.168.5.75 - rosa [13/Aug/2021:08:41:39 -0500] "CONNECT scontent-mia3-2.xx.fbcdn.net:443 HTTP/1.1" 200 0 "HTTPS" "outgoing via 192.168.50.30"
192.168.5.75 - rosa [13/Aug/2021:08:41:39 -0500] "CONNECT scontent-mia3-2.xx.fbcdn.net:443 HTTP/1.1" 200 0 "HTTPS" "outgoing via 192.168.50.30"
192.168.5.75 - rosa [13/Aug/2021:08:41:39 -0500] "CONNECT scontent-mia3-1.xx.fbcdn.net:443 HTTP/1.1" 200 0 "HTTPS" "outgoing via 192.168.50.30"
192.168.5.75 - rosa [13/Aug/2021:08:41:39 -0500] "CONNECT scontent-mia3-1.xx.fbcdn.net:443 HTTP/1.1" 200 0 "HTTPS" "outgoing via 192.168.50.30"
192.168.5.75 - rosa [13/Aug/2021:08:41:39 -0500] "CONNECT scontent-mia3-2.xx.fbcdn.net:443 HTTP/1.1" 200 0 "HTTPS" "outgoing via 192.168.50.30"
192.168.5.75 - rosa [13/Aug/2021:08:41:39 -0500] "CONNECT scontent-mia3-1.xx.fbcdn.net:443 HTTP/1.1" 200 0 "HTTPS" "outgoing via 192.168.50.30"
192.168.5.75 - rosa [13/Aug/2021:08:41:39 -0500] "CONNECT scontent-mia3-2.xx.fbcdn.net:443 HTTP/1.1" 200 0 "HTTPS" "outgoing via 192.168.50.30"
192.168.5.75 - rosa [13/Aug/2021:08:41:39 -0500] "CONNECT scontent-mia3-2.xx.fbcdn.net:443 HTTP/1.1" 200 0 "HTTPS" "outgoing via 192.168.50.30"
192.168.5.75 - rosa [13/Aug/2021:08:41:39 -0500] "POST http://ocsp.digicert.com/ HTTP/1.1" 200 947 "HTTP" ""
192.168.5.75 - rosa [13/Aug/2021:08:41:39 -0500] "CONNECT safebrowsing.googleapis.com:443 HTTP/1.1" 200 0 "HTTPS" "outgoing via 192.168.50.30"
192.168.5.75 - rosa [13/Aug/2021:08:41:39 -0500] "CONNECT safebrowsing.googleapis.com:443 HTTP/1.1" 200 0 "HTTPS" "outgoing via 192.168.50.30"
192.168.10.20 - arodriguez [13/Aug/2021:08:41:47 -0500] "CONNECT relay-bfcb38ab.net.anydesk.com:80 HTTP/1.1" 200 0 "HTTPS" "outgoing via 192.168.50.30"
192.168.6.34 - amorgado [13/Aug/2021:08:41:47 -0500] "GET http://toolbarqueries.google.com/tbr?client=navclient-auto&features=Rank&ch=61529054447&q=info:cafelafm.com HTTP/1.1" 200 1867 "HTTP" "Error 404 (Not Found)!!1"
192.168.1.14 - herminio [13/Aug/2021:08:41:53 -0500] "CONNECT www.google.com:443 HTTP/1.1" 200 0 "HTTPS" "outgoing via 192.168.50.30"
192.168.1.14 - herminio [13/Aug/2021:08:41:53 -0500] "CONNECT id.google.com:443 HTTP/1.1" 200 0 "HTTPS" "outgoing via 192.168.50.30"
192.168.5.75 - rosa [13/Aug/2021:08:41:55 -0500] "CONNECT video-mia3-2.xx.fbcdn.net:443 HTTP/1.1" 200 0 "HTTPS" "outgoing via 192.168.50.30"
192.168.5.75 - rosa [13/Aug/2021:08:41:55 -0500] "CONNECT video-mia3-2.xx.fbcdn.net:443 HTTP/1.1" 200 0 "HTTPS" "outgoing via 192.168.50.30"
192.168.5.75 - rosa [13/Aug/2021:08:41:55 -0500] "CONNECT video-mia3-2.xx.fbcdn.net:443 HTTP/1.1" 200 0 "HTTPS" "outgoing via 192.168.50.30"
192.168.5.75 - rosa [13/Aug/2021:08:41:55 -0500] "CONNECT video-mia3-2.xx.fbcdn.net:443 HTTP/1.1" 200 0 "HTTPS" "outgoing via 192.168.50.30"
192.168.5.75 - rosa [13/Aug/2021:08:41:55 -0500] "CONNECT video-mia3-2.xx.fbcdn.net:443 HTTP/1.1" 200 0 "HTTPS" "outgoing via 192.168.50.30"
192.168.5.75 - rosa [13/Aug/2021:08:41:55 -0500] "CONNECT video-mia3-2.xx.fbcdn.net:443 HTTP/1.1" 200 0 "HTTPS" "outgoing via 192.168.50.30"
192.168.5.75 - rosa [13/Aug/2021:08:41:55 -0500] "CONNECT scontent.xx.fbcdn.net:443 HTTP/1.1" 200 0 "HTTPS" "outgoing via 192.168.50.30"
192.168.1.14 - herminio [13/Aug/2021:08:41:57 -0500] "CONNECT www.gstatic.com:443 HTTP/1.1" 200 0 "HTTPS" "outgoing via 192.168.50.30"
192.168.1.14 - herminio [13/Aug/2021:08:41:57 -0500] "POST http://ocsp.pki.goog/gts1c3 HTTP/1.1" 200 849 "HTTP" ""
192.168.1.14 - herminio [13/Aug/2021:08:41:58 -0500] "CONNECT encrypted-tbn0.gstatic.com:443 HTTP/1.1" 200 0 "HTTPS" "outgoing via 192.168.50.30"
192.168.1.14 - herminio [13/Aug/2021:08:41:58 -0500] "CONNECT encrypted-tbn0.gstatic.com:443 HTTP/1.1" 200 0 "HTTPS" "outgoing via 192.168.50.30"
192.168.6.34 - amorgado [13/Aug/2021:08:41:59 -0500] "GET http://toolbarqueries.google.com/tbr?client=navclient-auto&features=Rank&ch=6729101842&q=info:https://cafelafm.com/wp-admin/post.php?post=452&action=edit HTTP/1.1" 200 1867 "HTTP" "Error 404 (Not Found)!!1"
192.168.1.14 - herminio [13/Aug/2021:08:41:59 -0500] "CONNECT adservice.google.com.cu:443 HTTP/1.1" 200 0 "HTTPS" "outgoing via 192.168.50.30"
192.168.5.75 - rosa [13/Aug/2021:08:41:59 -0500] "GET http://detectportal.firefox.com/canonical.html HTTP/1.1" 200 444 "HTTP" ""
192.168.1.14 - herminio [13/Aug/2021:08:41:59 -0500] "POST http://ocsp.pki.goog/gts1c3 HTTP/1.1" 200 849 "HTTP" ""
