192.168.1.29 - jacome [24/Jul/2021:11:10:32 -0500] "POST http://ocsp.pki.goog/gts1c3 HTTP/1.1" 200 850 "HTTP" ""
192.168.1.29 - jacome [24/Jul/2021:11:10:32 -0500] "POST http://ocsp.pki.goog/gts1c3 HTTP/1.1" 200 850 "HTTP" ""
192.168.1.29 - jacome [24/Jul/2021:11:10:36 -0500] "CONNECT incoming.telemetry.mozilla.org:443 HTTP/1.1" 200 0 "HTTPS" "outgoing via 192.168.50.30"
192.168.1.29 - jacome [24/Jul/2021:11:10:37 -0500] "CONNECT r4---sn-xuxjn5-i58e.googlevideo.com:443 HTTP/1.1" 200 0 "HTTPS" "outgoing via 192.168.50.30"
192.168.1.29 - jacome [24/Jul/2021:11:10:37 -0500] "CONNECT r4---sn-xuxjn5-i58e.googlevideo.com:443 HTTP/1.1" 200 0 "HTTPS" "outgoing via 192.168.50.30"
192.168.1.29 - jacome [24/Jul/2021:11:10:38 -0500] "CONNECT r4---sn-xuxjn5-i58e.googlevideo.com:443 HTTP/1.1" 200 0 "HTTPS" "outgoing via 192.168.50.30"
192.168.1.29 - jacome [24/Jul/2021:11:10:38 -0500] "POST http://ocsp.pki.goog/gts1c3 HTTP/1.1" 200 849 "HTTP" ""
192.168.1.29 - jacome [24/Jul/2021:11:10:38 -0500] "POST http://ocsp.pki.goog/gts1c3 HTTP/1.1" 200 849 "HTTP" ""
192.168.1.29 - jacome [24/Jul/2021:11:10:41 -0500] "CONNECT r5---sn-hp57kn6s.googlevideo.com:443 HTTP/1.1" 200 0 "HTTPS" "outgoing via 192.168.50.30"
192.168.1.29 - jacome [24/Jul/2021:11:10:43 -0500] "CONNECT r5---sn-hp57yne7.googlevideo.com:443 HTTP/1.1" 200 0 "HTTPS" "outgoing via 192.168.50.30"
192.168.1.29 - jacome [24/Jul/2021:11:10:46 -0500] "CONNECT r5---sn-q4flrnee.googlevideo.com:443 HTTP/1.1" 200 0 "HTTPS" "outgoing via 192.168.50.30"
192.168.10.20 - arodriguez [24/Jul/2021:11:10:56 -0500] "CONNECT relay-1954f6f5.net.anydesk.com:80 HTTP/1.1" 200 0 "HTTPS" "outgoing via 192.168.50.30"
192.168.10.20 - arodriguez [24/Jul/2021:11:11:25 -0500] "CONNECT relay-1954f6f5.net.anydesk.com:80 HTTP/1.1" 200 0 "HTTPS" "outgoing via 192.168.50.30"
192.168.5.39 - erich [24/Jul/2021:11:11:26 -0500] "CONNECT graph.facebook.com:443 HTTP/1.1" 200 0 "HTTPS" "outgoing via 192.168.50.30"
192.168.10.20 - arodriguez [24/Jul/2021:11:11:39 -0500] "CONNECT relay-f4ae83b1.net.anydesk.com:80 HTTP/1.1" 200 0 "HTTPS" "outgoing via 192.168.50.30"
192.168.50.100 - servidores [24/Jul/2021:11:12:00 -0500] "GET http://centos.ufes.br/7.9.2009/os/x86_64/repodata/repomd.xml HTTP/1.1" 200 4122 "HTTP" ""
192.168.10.20 - arodriguez [24/Jul/2021:11:12:08 -0500] "CONNECT relay-f4ae83b1.net.anydesk.com:80 HTTP/1.1" 200 0 "HTTPS" "outgoing via 192.168.50.30"
192.168.1.29 - jacome [24/Jul/2021:11:12:14 -0500] "GET http://detectportal.firefox.com/canonical.html HTTP/1.1" 200 444 "HTTP" ""
192.168.1.29 - jacome [24/Jul/2021:11:12:16 -0500] "CONNECT googleads.g.doubleclick.net:443 HTTP/1.1" 200 0 "HTTPS" "outgoing via 192.168.50.30"
192.168.1.29 - jacome [24/Jul/2021:11:12:19 -0500] "GET http://detectportal.firefox.com/success.txt?ipv4 HTTP/1.1" 200 362 "HTTP" ""
192.168.10.20 - arodriguez [24/Jul/2021:11:12:37 -0500] "CONNECT relay-f4ae83b1.net.anydesk.com:80 HTTP/1.1" 200 0 "HTTPS" "outgoing via 192.168.50.30"
192.168.1.29 - jacome [24/Jul/2021:11:12:53 -0500] "CONNECT safebrowsing.googleapis.com:443 HTTP/1.1" 200 0 "HTTPS" "outgoing via 192.168.50.30"
192.168.10.20 - arodriguez [24/Jul/2021:11:13:06 -0500] "CONNECT relay-f4ae83b1.net.anydesk.com:80 HTTP/1.1" 200 0 "HTTPS" "outgoing via 192.168.50.30"
192.168.10.20 - arodriguez [24/Jul/2021:11:13:19 -0500] "CONNECT relay-b51eac1f.net.anydesk.com:80 HTTP/1.1" 200 0 "HTTPS" "outgoing via 192.168.50.30"
192.168.50.50 - servidores [24/Jul/2021:11:13:39 -0500] "CONNECT mirrors.fedoraproject.org:443 HTTP/1.1" 200 0 "HTTPS" "outgoing via 192.168.50.30"
192.168.50.50 - servidores [24/Jul/2021:11:13:41 -0500] "CONNECT mirror.sjc02.svwh.net:443 HTTP/1.1" 200 0 "HTTPS" "outgoing via 192.168.50.30"
192.168.50.50 - servidores [24/Jul/2021:11:13:42 -0500] "GET http://mirror.facom.ufms.br/centos/7.9.2009/os/x86_64/repodata/repomd.xml HTTP/1.1" 200 4137 "HTTP" ""
192.168.10.20 - arodriguez [24/Jul/2021:11:13:48 -0500] "CONNECT relay-b51eac1f.net.anydesk.com:80 HTTP/1.1" 200 0 "HTTPS" "outgoing via 192.168.50.30"
192.168.10.20 - arodriguez [24/Jul/2021:11:14:17 -0500] "CONNECT relay-b51eac1f.net.anydesk.com:80 HTTP/1.1" 200 0 "HTTPS" "outgoing via 192.168.50.30"
192.168.10.20 - arodriguez [24/Jul/2021:11:14:31 -0500] "CONNECT relay-89970c8c.net.anydesk.com:80 HTTP/1.1" 200 0 "HTTPS" "outgoing via 192.168.50.30"
192.168.10.20 - arodriguez [24/Jul/2021:11:15:00 -0500] "CONNECT relay-89970c8c.net.anydesk.com:80 HTTP/1.1" 200 0 "HTTPS" "outgoing via 192.168.50.30"
192.168.10.20 - arodriguez [24/Jul/2021:11:15:29 -0500] "CONNECT relay-89970c8c.net.anydesk.com:80 HTTP/1.1" 200 0 "HTTPS" "outgoing via 192.168.50.30"
192.168.5.58 - dunia.glez [24/Jul/2021:11:15:35 -0500] "CONNECT scontent-mia3-1.xx.fbcdn.net:443 HTTP/1.1" 200 0 "HTTPS" "outgoing via 192.168.50.30"
192.168.10.20 - arodriguez [24/Jul/2021:11:15:42 -0500] "CONNECT relay-2057a8b4.net.anydesk.com:80 HTTP/1.1" 200 0 "HTTPS" "outgoing via 192.168.50.30"
192.168.10.20 - arodriguez [24/Jul/2021:11:16:11 -0500] "CONNECT relay-2057a8b4.net.anydesk.com:80 HTTP/1.1" 200 0 "HTTPS" "outgoing via 192.168.50.30"
192.168.5.39 - erich [24/Jul/2021:11:16:27 -0500] "CONNECT graph.facebook.com:443 HTTP/1.1" 200 0 "HTTPS" "outgoing via 192.168.50.30"
192.168.10.20 - arodriguez [24/Jul/2021:11:16:40 -0500] "CONNECT relay-2057a8b4.net.anydesk.com:80 HTTP/1.1" 200 0 "HTTPS" "outgoing via 192.168.50.30"
192.168.10.20 - arodriguez [24/Jul/2021:11:17:09 -0500] "CONNECT relay-2057a8b4.net.anydesk.com:80 HTTP/1.1" 200 0 "HTTPS" "outgoing via 192.168.50.30"
192.168.10.20 - arodriguez [24/Jul/2021:11:17:38 -0500] "CONNECT relay-2057a8b4.net.anydesk.com:80 HTTP/1.1" 200 0 "HTTPS" "outgoing via 192.168.50.30"
192.168.10.20 - arodriguez [24/Jul/2021:11:18:07 -0500] "CONNECT relay-2057a8b4.net.anydesk.com:80 HTTP/1.1" 200 0 "HTTPS" "outgoing via 192.168.50.30"
192.168.10.20 - arodriguez [24/Jul/2021:11:18:21 -0500] "CONNECT relay-1954f6f5.net.anydesk.com:80 HTTP/1.1" 200 0 "HTTPS" "outgoing via 192.168.50.30"
192.168.10.20 - arodriguez [24/Jul/2021:11:18:50 -0500] "CONNECT relay-1954f6f5.net.anydesk.com:80 HTTP/1.1" 200 0 "HTTPS" "outgoing via 192.168.50.30"
192.168.1.29 - jacome [24/Jul/2021:11:18:52 -0500] "CONNECT www.youtube.com:443 HTTP/1.1" 200 0 "HTTPS" "outgoing via 192.168.50.30"
192.168.10.20 - arodriguez [24/Jul/2021:11:19:18 -0500] "CONNECT relay-1954f6f5.net.anydesk.com:80 HTTP/1.1" 200 0 "HTTPS" "outgoing via 192.168.50.30"
192.168.50.220 - servidores [24/Jul/2021:11:19:28 -0500] "CONNECT mirrors.fedoraproject.org:443 HTTP/1.1" 200 0 "HTTPS" "outgoing via 192.168.50.30"
192.168.50.220 - servidores [24/Jul/2021:11:19:34 -0500] "CONNECT repo.ius.io:443 HTTP/1.1" 200 0 "HTTPS" "outgoing via 192.168.50.30"
192.168.50.220 - servidores [24/Jul/2021:11:19:35 -0500] "CONNECT download.postgresql.org:443 HTTP/1.1" 200 0 "HTTPS" "outgoing via 192.168.50.30"
192.168.50.220 - servidores [24/Jul/2021:11:19:45 -0500] "CONNECT download.postgresql.org:443 HTTP/1.1" 200 0 "HTTPS" "outgoing via 192.168.50.30"
192.168.10.20 - arodriguez [24/Jul/2021:11:19:47 -0500] "CONNECT relay-1954f6f5.net.anydesk.com:80 HTTP/1.1" 200 0 "HTTPS" "outgoing via 192.168.50.30"
192.168.50.220 - servidores [24/Jul/2021:11:19:48 -0500] "CONNECT mirror.sjc02.svwh.net:443 HTTP/1.1" 200 0 "HTTPS" "outgoing via 192.168.50.30"
192.168.50.220 - servidores [24/Jul/2021:11:19:50 -0500] "CONNECT download.rethinkdb.com:443 HTTP/1.1" 200 0 "HTTPS" "outgoing via 192.168.50.30"
192.168.5.39 - erich [24/Jul/2021:11:20:03 -0500] "CONNECT aus5.mozilla.org:443 HTTP/1.1" 200 0 "HTTPS" "outgoing via 192.168.50.30"
192.168.5.39 - erich [24/Jul/2021:11:20:06 -0500] "CONNECT push.services.mozilla.com:443 HTTP/1.1" 200 0 "HTTPS" "outgoing via 192.168.50.30"
192.168.5.39 - erich [24/Jul/2021:11:20:06 -0500] "POST http://ocsp.digicert.com/ HTTP/1.1" 200 946 "HTTP" ""
192.168.5.39 - erich [24/Jul/2021:11:20:08 -0500] "CONNECT firefox.settings.services.mozilla.com:443 HTTP/1.1" 200 0 "HTTPS" "outgoing via 192.168.50.30"
192.168.10.20 - arodriguez [24/Jul/2021:11:20:17 -0500] "CONNECT relay-1954f6f5.net.anydesk.com:80 HTTP/1.1" 200 0 "HTTPS" "outgoing via 192.168.50.30"
192.168.10.20 - arodriguez [24/Jul/2021:11:20:45 -0500] "CONNECT relay-1954f6f5.net.anydesk.com:80 HTTP/1.1" 200 0 "HTTPS" "outgoing via 192.168.50.30"
192.168.5.24 - erich [24/Jul/2021:11:20:52 -0500] "CONNECT optimizationguide-pa.googleapis.com:443 HTTP/1.1" 200 0 "HTTPS" "outgoing via 192.168.50.30"
192.168.5.24 - erich [24/Jul/2021:11:20:53 -0500] "GET http://www.cubadebate.cu/ HTTP/1.1" 200 144944 "HTTP" "Cubadebate, Contra el Terrorismo Meditico"
192.168.5.24 - erich [24/Jul/2021:11:20:53 -0500] "GET http://www.cubadebate.cu/wp-content/plugins/my-videotag/css/mvt-styles.css?ver=1.6.9 HTTP/1.1" 200 3294 "HTTP" ""
192.168.5.24 - erich [24/Jul/2021:11:20:53 -0500] "GET http://www.cubadebate.cu/wp-content/plugins/twitter-embed/twett-embed-styles.css?ver=5.1.1 HTTP/1.1" 200 1804 "HTTP" ""
192.168.5.24 - erich [24/Jul/2021:11:20:53 -0500] "GET http://www.cubadebate.cu/wp-includes/css/dist/block-library/style.min.css?ver=5.1.1 HTTP/1.1" 200 7037 "HTTP" ""
192.168.5.24 - erich [24/Jul/2021:11:20:53 -0500] "GET http://www.cubadebate.cu/wp-content/plugins/serie-nacional-beisbol/css/widget-snb.css?ver=1.0.0 HTTP/1.1" 200 1570 "HTTP" ""
192.168.5.24 - erich [24/Jul/2021:11:20:53 -0500] "GET http://www.cubadebate.cu/wp-content/plugins/fancybox-for-wordpress/assets/css/fancybox.css?ver=1.3.4 HTTP/1.1" 200 5543 "HTTP" ""
192.168.5.24 - erich [24/Jul/2021:11:20:53 -0500] "GET http://www.cubadebate.cu/wp-content/plugins/wp-anexos/css/styles.css?ver=1.9.1 HTTP/1.1" 200 1269 "HTTP" ""
192.168.5.24 - erich [24/Jul/2021:11:20:53 -0500] "GET http://www.cubadebate.cu/wp-content/themes/cd2.1/scripts/select2/select2.css?ver=5.1.1 HTTP/1.1" 200 4576 "HTTP" ""
192.168.5.24 - erich [24/Jul/2021:11:20:53 -0500] "GET http://www.cubadebate.cu/wp-content/plugins/nextgen-gallery/css/nggallery.css?ver=1.0.0 HTTP/1.1" 200 2502 "HTTP" ""
192.168.5.24 - erich [24/Jul/2021:11:20:53 -0500] "GET http://www.cubadebate.cu/wp-content/plugins/wp-fidelcastro-cu/css/styles.css?ver=1.0.0 HTTP/1.1" 200 1429 "HTTP" ""
192.168.5.24 - erich [24/Jul/2021:11:20:53 -0500] "GET http://www.cubadebate.cu/wp-content/plugins/wp-minuto-minuto/css/styles.css?ver=1.9.1 HTTP/1.1" 200 1509 "HTTP" ""
192.168.5.24 - erich [24/Jul/2021:11:20:53 -0500] "GET http://www.cubadebate.cu/wp-content/plugins/wp-polls/polls-css.css?ver=2.75.2 HTTP/1.1" 200 1397 "HTTP" ""
192.168.5.24 - erich [24/Jul/2021:11:20:55 -0500] "GET http://www.cubadebate.cu/wp-content/plugins/nextgen-gallery/js/jquery.cycle.all.min.js?ver=2.9995 HTTP/1.1" 200 27353 "HTTP" ""
192.168.5.24 - erich [24/Jul/2021:11:20:55 -0500] "GET http://www.cubadebate.cu/wp-includes/js/jquery/jquery.js?ver=1.12.4 HTTP/1.1" 200 97876 "HTTP" ""
192.168.5.24 - erich [24/Jul/2021:11:20:55 -0500] "GET http://www.cubadebate.cu/wp-content/plugins/nextgen-gallery/js/ngg.slideshow.min.js?ver=1.06 HTTP/1.1" 200 2553 "HTTP" ""
192.168.5.24 - erich [24/Jul/2021:11:20:55 -0500] "GET http://www.cubadebate.cu/wp-includes/js/jquery/jquery-migrate.min.js?ver=1.4.1 HTTP/1.1" 200 10721 "HTTP" ""
192.168.5.24 - erich [24/Jul/2021:11:20:55 -0500] "GET http://www.cubadebate.cu/wp-content/themes/cd2.1/style.css?ver=5.1.1 HTTP/1.1" 200 23058 "HTTP" ""
192.168.5.24 - erich [24/Jul/2021:11:20:55 -0500] "GET http://www.cubadebate.cu/wp-content/plugins/wp_covid19/css/styles.css?ver=1.0 HTTP/1.1" 200 2041 "HTTP" ""
192.168.5.24 - erich [24/Jul/2021:11:20:56 -0500] "GET http://www.cubadebate.cu/wp-content/plugins/fancybox-for-wordpress/assets/js/jquery.fancybox.js?ver=1.3.4 HTTP/1.1" 200 91827 "HTTP" ""
192.168.5.24 - erich [24/Jul/2021:11:20:57 -0500] "CONNECT www.youtube.com:443 HTTP/1.1" 200 0 "HTTPS" "outgoing via 192.168.50.30"
192.168.5.24 - erich [24/Jul/2021:11:20:57 -0500] "CONNECT www.google-analytics.com:443 HTTP/1.1" 200 0 "HTTPS" "outgoing via 192.168.50.30"
192.168.5.24 - erich [24/Jul/2021:11:20:57 -0500] "CONNECT connect.facebook.net:443 HTTP/1.1" 200 0 "HTTPS" "outgoing via 192.168.50.30"
192.168.5.24 - erich [24/Jul/2021:11:20:58 -0500] "GET http://www.cubadebate.cu/wp-content/plugins/wp-anexos/js/scripts.js?ver=1.1.0 HTTP/1.1" 200 816 "HTTP" ""
192.168.5.24 - erich [24/Jul/2021:11:20:58 -0500] "GET http://www.cubadebate.cu/wp-content/plugins/serie-nacional-beisbol/js/widget-snb.js?ver=1.0.0 HTTP/1.1" 200 1091 "HTTP" ""
192.168.5.24 - erich [24/Jul/2021:11:20:58 -0500] "GET http://www.cubadebate.cu/wp-includes/js/jquery/ui/tabs.min.js?ver=1.11.4 HTTP/1.1" 200 12661 "HTTP" ""
192.168.5.24 - erich [24/Jul/2021:11:20:58 -0500] "GET http://www.cubadebate.cu/wp-includes/js/jquery/ui/widget.min.js?ver=1.11.4 HTTP/1.1" 200 7447 "HTTP" ""
192.168.5.24 - erich [24/Jul/2021:11:20:58 -0500] "GET http://www.cubadebate.cu/wp-content/plugins/wp-minuto-minuto/js/scripts.js?ver=1.1.0 HTTP/1.1" 200 3745 "HTTP" ""
192.168.5.24 - erich [24/Jul/2021:11:20:58 -0500] "GET http://media.cubadebate.cu/wp-content/uploads/2021/07/coronavirus-banner-1-580x150-580x150-580x150.png HTTP/1.1" 200 73184 "HTTP" ""
192.168.5.39 - erich [24/Jul/2021:11:20:59 -0500] "GET http://detectportal.firefox.com/success.txt HTTP/1.1" 200 362 "HTTP" ""
192.168.5.39 - erich [24/Jul/2021:11:20:59 -0500] "GET http://detectportal.firefox.com/success.txt?ipv4 HTTP/1.1" 200 362 "HTTP" ""
192.168.5.24 - erich [24/Jul/2021:11:20:59 -0500] "GET http://media.cubadebate.cu/wp-content/uploads/2021/07/Putin-y-Biden-300.jpg HTTP/1.1" 200 38447 "HTTP" ""
192.168.5.24 - erich [24/Jul/2021:11:20:59 -0500] "GET http://media.cubadebate.cu/wp-content/uploads/2021/07/diaz-canel-300.jpg HTTP/1.1" 200 25112 "HTTP" ""
192.168.5.24 - erich [24/Jul/2021:11:20:59 -0500] "GET http://media.cubadebate.cu/wp-content/uploads/2021/07/Salvador-Valdes-300.jpg HTTP/1.1" 200 58262 "HTTP" ""
192.168.5.24 - erich [24/Jul/2021:11:20:59 -0500] "GET http://media.cubadebate.cu/wp-content/uploads/2021/07/an-124-300x250.jpg HTTP/1.1" 200 13341 "HTTP" ""
192.168.5.24 - erich [24/Jul/2021:11:20:59 -0500] "CONNECT stats.g.doubleclick.net:443 HTTP/1.1" 200 0 "HTTPS" "outgoing via 192.168.50.30"
192.168.5.24 - erich [24/Jul/2021:11:20:59 -0500] "GET http://media.cubadebate.cu/wp-content/uploads/2021/07/yuri_fidel-1-300x250.jpg HTTP/1.1" 200 20079 "HTTP" ""
192.168.5.24 - erich [24/Jul/2021:11:21:00 -0500] "GET http://media.cubadebate.cu/wp-content/uploads/2021/07/Richard-Carapaz-campe%C3%B3n-ol%C3%ADmpica-768x432.jpg HTTP/1.1" 200 37597 "HTTP" ""
192.168.5.24 - erich [24/Jul/2021:11:21:00 -0500] "GET http://media.cubadebate.cu/wp-content/uploads/2021/07/yuri_fidel-2-300x250.jpg HTTP/1.1" 200 15082 "HTTP" ""
192.168.5.24 - erich [24/Jul/2021:11:21:00 -0500] "GET http://media.cubadebate.cu/wp-content/uploads/2021/07/libros-academia-300x250.jpg HTTP/1.1" 200 18934 "HTTP" ""
192.168.5.24 - erich [24/Jul/2021:11:21:00 -0500] "GET http://media.cubadebate.cu/wp-content/uploads/2021/07/yuri_fidel-3-300x250.jpg HTTP/1.1" 200 18795 "HTTP" ""
192.168.5.24 - erich [24/Jul/2021:11:21:01 -0500] "CONNECT content-autofill.googleapis.com:443 HTTP/1.1" 200 0 "HTTPS" "outgoing via 192.168.50.30"
192.168.5.24 - erich [24/Jul/2021:11:21:01 -0500] "GET http://media.cubadebate.cu/wp-content/uploads/2021/06/bloqueo-salud-2-e1624320143764.jpg HTTP/1.1" 200 39059 "HTTP" ""
192.168.5.24 - erich [24/Jul/2021:11:21:01 -0500] "GET http://www.cubadebate.cu/wp-includes/js/wp-embed.min.js?ver=5.1.1 HTTP/1.1" 200 2165 "HTTP" ""
192.168.5.24 - erich [24/Jul/2021:11:21:01 -0500] "CONNECT stats.g.doubleclick.net:443 HTTP/1.1" 200 0 "HTTPS" "outgoing via 192.168.50.30"
192.168.5.24 - erich [24/Jul/2021:11:21:01 -0500] "GET http://www.cubadebate.cu/wp-content/plugins/wp-polls/polls-js.js?ver=2.75.2 HTTP/1.1" 200 3751 "HTTP" ""
192.168.5.24 - erich [24/Jul/2021:11:21:02 -0500] "CONNECT connect.facebook.net:443 HTTP/1.1" 200 0 "HTTPS" "outgoing via 192.168.50.30"
192.168.5.24 - erich [24/Jul/2021:11:21:03 -0500] "GET http://www.cubadebate.cu/wp-content/themes/cd2.1/print.css?ver=5.1.1 HTTP/1.1" 200 1142 "HTTP" ""
192.168.5.24 - erich [24/Jul/2021:11:21:03 -0500] "CONNECT googleads.g.doubleclick.net:443 HTTP/1.1" 200 0 "HTTPS" "outgoing via 192.168.50.30"
192.168.5.24 - erich [24/Jul/2021:11:21:03 -0500] "CONNECT static.doubleclick.net:443 HTTP/1.1" 200 0 "HTTPS" "outgoing via 192.168.50.30"
192.168.5.24 - erich [24/Jul/2021:11:21:03 -0500] "CONNECT googleads.g.doubleclick.net:443 HTTP/1.1" 200 0 "HTTPS" "outgoing via 192.168.50.30"
192.168.5.24 - erich [24/Jul/2021:11:21:03 -0500] "CONNECT static.doubleclick.net:443 HTTP/1.1" 200 0 "HTTPS" "outgoing via 192.168.50.30"
192.168.5.24 - erich [24/Jul/2021:11:21:03 -0500] "CONNECT yt3.ggpht.com:443 HTTP/1.1" 200 0 "HTTPS" "outgoing via 192.168.50.30"
192.168.5.24 - erich [24/Jul/2021:11:21:03 -0500] "CONNECT i.ytimg.com:443 HTTP/1.1" 200 0 "HTTPS" "outgoing via 192.168.50.30"
192.168.5.24 - erich [24/Jul/2021:11:21:03 -0500] "CONNECT www.facebook.com:443 HTTP/1.1" 200 0 "HTTPS" "outgoing via 192.168.50.30"
192.168.5.24 - erich [24/Jul/2021:11:21:04 -0500] "GET http://www.cubadebate.cu/wp-content/plugins/wp_covid19/images/covid-icon.png HTTP/1.1" 200 328 "HTTP" ""
192.168.5.24 - erich [24/Jul/2021:11:21:04 -0500] "GET http://www.cubadebate.cu/wp-content/themes/cd2.1/scripts/select2/select2.min.js?ver=5.1.1 HTTP/1.1" 200 60548 "HTTP" ""
192.168.5.24 - erich [24/Jul/2021:11:21:04 -0500] "GET http://www.cubadebate.cu/wp-content/plugins/wp_covid19/js/covid19.js?ver=1.0 HTTP/1.1" 200 3721 "HTTP" ""
192.168.5.24 - erich [24/Jul/2021:11:21:04 -0500] "GET http://www.cubadebate.cu/wp-includes/js/jquery/ui/core.min.js?ver=1.11.4 HTTP/1.1" 200 4538 "HTTP" ""
192.168.5.24 - erich [24/Jul/2021:11:21:04 -0500] "GET http://www.cubadebate.cu/wp-content/themes/cd2.1/scripts/main.js?ver=5.1.1 HTTP/1.1" 200 12072 "HTTP" ""
192.168.5.24 - erich [24/Jul/2021:11:21:05 -0500] "GET http://www.cubadebate.cu/wp-content/plugins/nextgen-gallery/js/ngg.slideshow.min.js?ver=1.06 HTTP/1.1" 200 307 "HTTP" ""
192.168.5.24 - erich [24/Jul/2021:11:21:05 -0500] "GET http://www.cubadebate.cu/wp-includes/css/dist/block-library/style.min.css?ver=5.1.1 HTTP/1.1" 200 432 "HTTP" ""
192.168.5.24 - erich [24/Jul/2021:11:21:05 -0500] "GET http://www.cubadebate.cu/ HTTP/1.1" 200 144855 "HTTP" "Cubadebate, Contra el Terrorismo Meditico"
192.168.5.24 - erich [24/Jul/2021:11:21:05 -0500] "GET http://media.cubadebate.cu/wp-content/gallery/autores/agustin-lage-davila.jpg HTTP/1.1" 200 3443 "HTTP" ""
192.168.5.24 - erich [24/Jul/2021:11:21:05 -0500] "GET http://www.cubadebate.cu/wp-content/plugins/wp-anexos/js/scripts.js?ver=1.1.0 HTTP/1.1" 200 307 "HTTP" ""
192.168.5.24 - erich [24/Jul/2021:11:21:05 -0500] "GET http://www.cubadebate.cu/wp-content/plugins/serie-nacional-beisbol/js/widget-snb.js?ver=1.0.0 HTTP/1.1" 200 307 "HTTP" ""
192.168.5.24 - erich [24/Jul/2021:11:21:05 -0500] "GET http://www.cubadebate.cu/wp-content/themes/cd2.1/scripts/main.js?ver=5.1.1 HTTP/1.1" 200 307 "HTTP" ""
192.168.5.24 - erich [24/Jul/2021:11:21:06 -0500] "GET http://www.cubadebate.cu/wp-includes/js/wp-embed.min.js?ver=5.1.1 HTTP/1.1" 200 307 "HTTP" ""
192.168.5.24 - erich [24/Jul/2021:11:21:07 -0500] "CONNECT static.doubleclick.net:443 HTTP/1.1" 200 0 "HTTPS" "outgoing via 192.168.50.30"
192.168.5.24 - erich [24/Jul/2021:11:21:07 -0500] "CONNECT googleads.g.doubleclick.net:443 HTTP/1.1" 200 0 "HTTPS" "outgoing via 192.168.50.30"
192.168.5.24 - erich [24/Jul/2021:11:21:07 -0500] "CONNECT www.google.com:443 HTTP/1.1" 200 0 "HTTPS" "outgoing via 192.168.50.30"
192.168.5.24 - erich [24/Jul/2021:11:21:07 -0500] "CONNECT www.facebook.com:443 HTTP/1.1" 200 0 "HTTPS" "outgoing via 192.168.50.30"
192.168.5.24 - erich [24/Jul/2021:11:21:07 -0500] "GET http://www.cubadebate.cu/wp-content/themes/cd2.1/print.css?ver=5.1.1 HTTP/1.1" 200 307 "HTTP" ""
192.168.5.24 - erich [24/Jul/2021:11:21:08 -0500] "GET http://www.cubadebate.cu/temas/deporte-temas/2021/07/23/cuba-en-tokio-primera-jornada-de-los-juegos-olimpicos/ HTTP/1.1" 200 171919 "HTTP" "Cuba en Tokio: Primera jornada de los Juegos Olmpicos | Cubadebate"
192.168.5.24 - erich [24/Jul/2021:11:21:08 -0500] "GET http://www.cubadebate.cu/wp-content/plugins/nextgen-gallery/js/jquery.cycle.all.min.js?ver=2.9995 HTTP/1.1" 200 1627 "HTTP" ""
192.168.5.24 - erich [24/Jul/2021:11:21:08 -0500] "GET http://www.cubadebate.cu/wp-includes/css/dist/block-library/style.min.css?ver=5.1.1 HTTP/1.1" 200 432 "HTTP" ""
192.168.5.24 - erich [24/Jul/2021:11:21:08 -0500] "GET http://www.cubadebate.cu/wp-includes/js/jquery/jquery-migrate.min.js?ver=1.4.1 HTTP/1.1" 200 4547 "HTTP" ""
192.168.5.24 - erich [24/Jul/2021:11:21:08 -0500] "GET http://www.cubadebate.cu/wp-content/plugins/serie-nacional-beisbol/css/styles.css?ver=1.9.3 HTTP/1.1" 200 2152 "HTTP" ""
192.168.5.24 - erich [24/Jul/2021:11:21:08 -0500] "GET http://www.cubadebate.cu/wp-content/plugins/nextgen-gallery/js/ngg.slideshow.min.js?ver=1.06 HTTP/1.1" 200 307 "HTTP" ""
192.168.5.24 - erich [24/Jul/2021:11:21:09 -0500] "GET http://media.cubadebate.cu/wp-content/gallery/autores/carlos-fernandez-de-cossio.jpg HTTP/1.1" 200 602 "HTTP" "302 Found"
192.168.5.24 - erich [24/Jul/2021:11:21:09 -0500] "GET http://www.cubadebate.cu/wp-content/plugins/serie-nacional-beisbol/js/widget-snb.js?ver=1.0.0 HTTP/1.1" 200 307 "HTTP" ""
192.168.5.24 - erich [24/Jul/2021:11:21:13 -0500] "GET http://www.cubadebate.cu/wp-includes/js/jquery/ui/core.min.js?ver=1.11.4 HTTP/1.1" 200 748 "HTTP" ""
192.168.5.24 - erich [24/Jul/2021:11:21:13 -0500] "GET http://www.cubadebate.cu/wp-includes/js/jquery/ui/tabs.min.js?ver=1.11.4 HTTP/1.1" 200 12661 "HTTP" ""
192.168.5.24 - erich [24/Jul/2021:11:21:14 -0500] "GET http://www.cubadebate.cu/wp-content/plugins/wp_covid19/js/covid19.js?ver=1.0 HTTP/1.1" 200 3721 "HTTP" ""
192.168.5.24 - erich [24/Jul/2021:11:21:14 -0500] "GET http://www.cubadebate.cu/especiales/2021/07/22/estampas-del-sol-naciente-35-minutos/embed/ HTTP/1.1" 200 8913 "HTTP" "Estampas del Sol naciente: 35 minutos | Cubadebate"
192.168.5.24 - erich [24/Jul/2021:11:21:14 -0500] "GET http://www.cubadebate.cu/wp-content/plugins/wp-polls/polls-js.js?ver=2.75.2 HTTP/1.1" 200 3751 "HTTP" ""
192.168.5.24 - erich [24/Jul/2021:11:21:14 -0500] "GET http://www.cubadebate.cu/wp-content/plugins/wp-anexos/js/scripts.js?ver=1.1.0 HTTP/1.1" 200 307 "HTTP" ""
192.168.5.24 - erich [24/Jul/2021:11:21:14 -0500] "GET http://www.cubadebate.cu/wp-content/plugins/wp-minuto-minuto/js/scripts.js?ver=1.1.0 HTTP/1.1" 200 1507 "HTTP" ""
192.168.10.20 - arodriguez [24/Jul/2021:11:21:15 -0500] "CONNECT relay-1954f6f5.net.anydesk.com:80 HTTP/1.1" 200 0 "HTTPS" "outgoing via 192.168.50.30"
192.168.5.24 - erich [24/Jul/2021:11:21:15 -0500] "GET http://www.cubadebate.cu/wp-includes/js/wp-embed.min.js?ver=5.1.1 HTTP/1.1" 200 307 "HTTP" ""
192.168.5.24 - erich [24/Jul/2021:11:21:15 -0500] "GET http://www.cubadebate.cu/wp-includes/js/wp-emoji-release.min.js?ver=5.1.1 HTTP/1.1" 200 6710 "HTTP" ""
192.168.5.24 - erich [24/Jul/2021:11:21:15 -0500] "GET http://media.cubadebate.cu/wp-content/uploads/2021/07/tokio-2020-banner-logo-olimpico-580x330-580x330.png HTTP/1.1" 200 427677 "HTTP" ""
192.168.5.24 - erich [24/Jul/2021:11:21:19 -0500] "CONNECT accounts.google.com:443 HTTP/1.1" 200 0 "HTTPS" "outgoing via 192.168.50.30"
192.168.5.24 - erich [24/Jul/2021:11:21:26 -0500] "GET http://media.cubadebate.cu/wp-content/uploads/2021/07/medallero-priemra-jornada.jpg HTTP/1.1" 200 36775 "HTTP" ""
192.168.5.24 - erich [24/Jul/2021:11:21:26 -0500] "GET http://media.cubadebate.cu/wp-content/uploads/2021/07/tokio-1-2.jpg HTTP/1.1" 200 31470 "HTTP" ""
192.168.5.24 - erich [24/Jul/2021:11:21:27 -0500] "CONNECT platform.twitter.com:443 HTTP/1.1" 200 0 "HTTPS" "outgoing via 192.168.50.30"
192.168.5.24 - erich [24/Jul/2021:11:21:27 -0500] "CONNECT www.instagram.com:443 HTTP/1.1" 200 0 "HTTPS" "outgoing via 192.168.50.30"
192.168.5.24 - erich [24/Jul/2021:11:21:27 -0500] "GET http://media.cubadebate.cu/wp-content/uploads/2021/07/tokio-2-2.jpg HTTP/1.1" 200 32569 "HTTP" ""
192.168.5.24 - erich [24/Jul/2021:11:21:27 -0500] "GET http://media.cubadebate.cu/wp-content/uploads/2021/07/tokio-5-1.jpg HTTP/1.1" 200 30718 "HTTP" ""
192.168.10.20 - arodriguez [24/Jul/2021:11:21:28 -0500] "CONNECT relay-d3705b18.net.anydesk.com:80 HTTP/1.1" 200 0 "HTTPS" "outgoing via 192.168.50.30"
192.168.5.24 - erich [24/Jul/2021:11:21:28 -0500] "GET http://www.cubadebate.cu/wp-content/plugins/akismet/_inc/form.js?ver=4.1.1 HTTP/1.1" 200 1340 "HTTP" ""
192.168.5.24 - erich [24/Jul/2021:11:21:29 -0500] "GET http://www.cubadebate.cu/wp-content/themes/cd2.1/images/loading_comment.gif HTTP/1.1" 200 327 "HTTP" ""
192.168.5.39 - erich [24/Jul/2021:11:21:29 -0500] "CONNECT graph.facebook.com:443 HTTP/1.1" 200 0 "HTTPS" "outgoing via 192.168.50.30"
192.168.10.20 - arodriguez [24/Jul/2021:11:21:57 -0500] "CONNECT relay-d3705b18.net.anydesk.com:80 HTTP/1.1" 200 0 "HTTPS" "outgoing via 192.168.50.30"
192.168.5.24 - erich [24/Jul/2021:11:22:04 -0500] "CONNECT www.google.com:443 HTTP/1.1" 200 0 "HTTPS" "outgoing via 192.168.50.30"
192.168.5.24 - erich [24/Jul/2021:11:22:06 -0500] "CONNECT beacons.gcp.gvt2.com:443 HTTP/1.1" 200 0 "HTTPS" "outgoing via 192.168.50.30"
192.168.5.24 - erich [24/Jul/2021:11:22:06 -0500] "CONNECT beacons.gcp.gvt2.com:443 HTTP/1.1" 200 0 "HTTPS" "outgoing via 192.168.50.30"
192.168.5.24 - erich [24/Jul/2021:11:22:06 -0500] "CONNECT beacons.gcp.gvt2.com:443 HTTP/1.1" 200 0 "HTTPS" "outgoing via 192.168.50.30"
192.168.5.24 - erich [24/Jul/2021:11:22:06 -0500] "CONNECT beacons.gcp.gvt2.com:443 HTTP/1.1" 200 0 "HTTPS" "outgoing via 192.168.50.30"
192.168.5.24 - erich [24/Jul/2021:11:22:06 -0500] "CONNECT beacons.gcp.gvt2.com:443 HTTP/1.1" 200 0 "HTTPS" "outgoing via 192.168.50.30"
192.168.5.24 - erich [24/Jul/2021:11:22:06 -0500] "GET http://www.granma.cu/ HTTP/1.1" 200 24433 "HTTP" "Granma - rgano oficial del PCC"
192.168.5.24 - erich [24/Jul/2021:11:22:06 -0500] "GET http://www.granma.cu/static/css/infografia.css HTTP/1.1" 200 393 "HTTP" ""
192.168.5.24 - erich [24/Jul/2021:11:22:06 -0500] "GET http://www.granma.cu/static/css/styles.css HTTP/1.1" 200 393 "HTTP" ""
192.168.5.24 - erich [24/Jul/2021:11:22:06 -0500] "GET http://www.granma.cu/static/css/linea/stylelinea.css HTTP/1.1" 200 393 "HTTP" ""
192.168.5.24 - erich [24/Jul/2021:11:22:06 -0500] "GET http://www.granma.cu/static/css/bar-porcent.css HTTP/1.1" 200 393 "HTTP" ""
192.168.5.24 - erich [24/Jul/2021:11:22:06 -0500] "GET http://www.granma.cu/static/css/bootstrap.min.css HTTP/1.1" 200 393 "HTTP" ""
192.168.5.24 - erich [24/Jul/2021:11:22:06 -0500] "GET http://www.granma.cu/static/js/underscore-1.8.3.min.js HTTP/1.1" 200 407 "HTTP" ""
192.168.5.24 - erich [24/Jul/2021:11:22:06 -0500] "GET http://www.granma.cu/static/js/linea/index.js HTTP/1.1" 200 407 "HTTP" ""
192.168.5.24 - erich [24/Jul/2021:11:22:06 -0500] "GET http://www.granma.cu/static/js/encuestas.votar.js HTTP/1.1" 200 407 "HTTP" ""
192.168.5.24 - erich [24/Jul/2021:11:22:06 -0500] "GET http://www.granma.cu/static/js/bootstrap.min.js HTTP/1.1" 200 407 "HTTP" ""
192.168.5.24 - erich [24/Jul/2021:11:22:06 -0500] "GET http://www.granma.cu/static/js/infografia.js HTTP/1.1" 200 407 "HTTP" ""
192.168.5.24 - erich [24/Jul/2021:11:22:06 -0500] "GET http://www.granma.cu/static/js/quizzer.js HTTP/1.1" 200 407 "HTTP" ""
192.168.5.24 - erich [24/Jul/2021:11:22:06 -0500] "GET http://www.granma.cu/static/js/linea/jquery2.min.js HTTP/1.1" 200 407 "HTTP" ""
192.168.5.24 - erich [24/Jul/2021:11:22:07 -0500] "CONNECT optimizationguide-pa.googleapis.com:443 HTTP/1.1" 200 0 "HTTPS" "outgoing via 192.168.50.30"
192.168.5.24 - erich [24/Jul/2021:11:22:07 -0500] "GET http://www.granma.cu/file/img/2021/07/thumb/f0204139.jpg HTTP/1.1" 200 47097 "HTTP" ""
192.168.5.24 - erich [24/Jul/2021:11:22:07 -0500] "GET http://www.granma.cu/file/img/2021/07/medium/f0204143.jpg HTTP/1.1" 200 19502 "HTTP" ""
192.168.5.24 - erich [24/Jul/2021:11:22:07 -0500] "GET http://www.granma.cu/file/img/2021/07/thumb/f0204171.jpg HTTP/1.1" 200 26814 "HTTP" ""
192.168.5.24 - erich [24/Jul/2021:11:22:08 -0500] "GET http://www.granma.cu/file/img/2021/07/thumb/f0204173.jpg HTTP/1.1" 200 47898 "HTTP" ""
192.168.5.24 - erich [24/Jul/2021:11:22:08 -0500] "CONNECT connect.facebook.net:443 HTTP/1.1" 200 0 "HTTPS" "outgoing via 192.168.50.30"
192.168.5.24 - erich [24/Jul/2021:11:22:08 -0500] "CONNECT www.google-analytics.com:443 HTTP/1.1" 200 0 "HTTPS" "outgoing via 192.168.50.30"
192.168.5.24 - erich [24/Jul/2021:11:22:08 -0500] "CONNECT content-autofill.googleapis.com:443 HTTP/1.1" 200 0 "HTTPS" "outgoing via 192.168.50.30"
192.168.5.24 - erich [24/Jul/2021:11:22:08 -0500] "GET http://www.granma.cu/file/img/2021/07/thumb/f0204177.jpg HTTP/1.1" 200 47414 "HTTP" ""
192.168.5.24 - erich [24/Jul/2021:11:22:09 -0500] "CONNECT syndication.twitter.com:443 HTTP/1.1" 200 0 "HTTPS" "outgoing via 192.168.50.30"
192.168.5.24 - erich [24/Jul/2021:11:22:09 -0500] "GET http://www.granma.cu/file/img/2021/07/thumb/f0204161.jpg HTTP/1.1" 200 61684 "HTTP" ""
192.168.5.24 - erich [24/Jul/2021:11:22:10 -0500] "GET http://www.granma.cu/file/img/2021/07/thumb/f0204163.jpg HTTP/1.1" 200 50559 "HTTP" ""
192.168.5.24 - erich [24/Jul/2021:11:22:10 -0500] "CONNECT connect.facebook.net:443 HTTP/1.1" 200 0 "HTTPS" "outgoing via 192.168.50.30"
192.168.5.24 - erich [24/Jul/2021:11:22:10 -0500] "GET http://www.granma.cu/file/img/2020/08/thumb/f0175595.jpg HTTP/1.1" 200 36717 "HTTP" ""
192.168.5.24 - erich [24/Jul/2021:11:22:10 -0500] "GET http://www.granma.cu/file/img/2021/07/thumb/f0204125.jpg HTTP/1.1" 200 47859 "HTTP" ""
192.168.5.24 - erich [24/Jul/2021:11:22:11 -0500] "CONNECT piwikstats.cip.cu:443 HTTP/1.1" 200 0 "HTTPS" "outgoing via 192.168.50.30"
192.168.5.24 - erich [24/Jul/2021:11:22:12 -0500] "GET http://www.granma.cu/file/img/2021/07/thumb/f0203899.jpg HTTP/1.1" 200 50688 "HTTP" ""
192.168.5.24 - erich [24/Jul/2021:11:22:12 -0500] "GET http://www.granma.cu/file/img/2021/07/thumb/f0204017.jpg HTTP/1.1" 200 236 "HTTP" ""
192.168.5.24 - erich [24/Jul/2021:11:22:12 -0500] "GET http://www.granma.cu/file/img/2021/07/thumb/f0203521.jpg HTTP/1.1" 200 56306 "HTTP" ""
192.168.5.24 - erich [24/Jul/2021:11:22:13 -0500] "GET http://www.granma.cu/file/img/2021/07/thumb/f0204127.jpg HTTP/1.1" 200 59200 "HTTP" ""
192.168.5.24 - erich [24/Jul/2021:11:22:14 -0500] "CONNECT cdn.syndication.twimg.com:443 HTTP/1.1" 200 0 "HTTPS" "outgoing via 192.168.50.30"
192.168.5.24 - erich [24/Jul/2021:11:22:14 -0500] "CONNECT cdn.syndication.twimg.com:443 HTTP/1.1" 200 0 "HTTPS" "outgoing via 192.168.50.30"
192.168.5.24 - erich [24/Jul/2021:11:22:16 -0500] "CONNECT pbs.twimg.com:443 HTTP/1.1" 200 0 "HTTPS" "outgoing via 192.168.50.30"
192.168.5.24 - erich [24/Jul/2021:11:22:16 -0500] "CONNECT pbs.twimg.com:443 HTTP/1.1" 200 0 "HTTPS" "outgoing via 192.168.50.30"
192.168.5.24 - erich [24/Jul/2021:11:22:16 -0500] "CONNECT pbs.twimg.com:443 HTTP/1.1" 200 0 "HTTPS" "outgoing via 192.168.50.30"
192.168.5.24 - erich [24/Jul/2021:11:22:16 -0500] "CONNECT pbs.twimg.com:443 HTTP/1.1" 200 0 "HTTPS" "outgoing via 192.168.50.30"
192.168.5.24 - erich [24/Jul/2021:11:22:16 -0500] "CONNECT pbs.twimg.com:443 HTTP/1.1" 200 0 "HTTPS" "outgoing via 192.168.50.30"
192.168.5.24 - erich [24/Jul/2021:11:22:16 -0500] "CONNECT pbs.twimg.com:443 HTTP/1.1" 200 0 "HTTPS" "outgoing via 192.168.50.30"
192.168.5.24 - erich [24/Jul/2021:11:22:18 -0500] "CONNECT web.facebook.com:443 HTTP/1.1" 200 0 "HTTPS" "outgoing via 192.168.50.30"
192.168.5.24 - erich [24/Jul/2021:11:22:20 -0500] "CONNECT www.facebook.com:443 HTTP/1.1" 200 0 "HTTPS" "outgoing via 192.168.50.30"
192.168.5.24 - erich [24/Jul/2021:11:22:21 -0500] "GET http://www.granma.cu/file/img/2021/07/thumb/f0204165.jpg HTTP/1.1" 200 53191 "HTTP" ""
192.168.5.24 - erich [24/Jul/2021:11:22:23 -0500] "GET http://www.granma.cu/file/img/2021/07/thumb/f0204121.jpg HTTP/1.1" 200 230 "HTTP" ""
192.168.5.24 - erich [24/Jul/2021:11:22:24 -0500] "CONNECT scontent-mia3-2.xx.fbcdn.net:443 HTTP/1.1" 200 0 "HTTPS" "outgoing via 192.168.50.30"
192.168.5.24 - erich [24/Jul/2021:11:22:24 -0500] "CONNECT scontent-mia3-2.xx.fbcdn.net:443 HTTP/1.1" 200 0 "HTTPS" "outgoing via 192.168.50.30"
192.168.10.20 - arodriguez [24/Jul/2021:11:22:26 -0500] "CONNECT relay-d3705b18.net.anydesk.com:80 HTTP/1.1" 200 0 "HTTPS" "outgoing via 192.168.50.30"
192.168.5.24 - erich [24/Jul/2021:11:22:27 -0500] "GET http://www.granma.cu/file/img/2021/07/thumb/f0203825.jpg HTTP/1.1" 200 236 "HTTP" ""
192.168.5.24 - erich [24/Jul/2021:11:22:31 -0500] "GET http://www.granma.cu/file/img/2021/07/thumb/f0203717.jpg HTTP/1.1" 200 236 "HTTP" ""
192.168.5.24 - erich [24/Jul/2021:11:22:33 -0500] "GET http://www.granma.cu/file/img/2018/07/thumb/f0116347.jpg HTTP/1.1" 200 34936 "HTTP" ""
192.168.5.24 - erich [24/Jul/2021:11:22:34 -0500] "GET http://www.granma.cu/file/img/2021/07/thumb/f0203519.jpg HTTP/1.1" 200 44038 "HTTP" ""
192.168.5.24 - erich [24/Jul/2021:11:22:35 -0500] "GET http://www.granma.cu/file/img/2021/07/thumb/f0204145.jpg HTTP/1.1" 200 45721 "HTTP" ""
192.168.5.24 - erich [24/Jul/2021:11:22:38 -0500] "CONNECT www.facebook.com:443 HTTP/1.1" 200 0 "HTTPS" "outgoing via 192.168.50.30"
192.168.10.20 - arodriguez [24/Jul/2021:11:22:39 -0500] "CONNECT relay-f4ae83b1.net.anydesk.com:80 HTTP/1.1" 200 0 "HTTPS" "outgoing via 192.168.50.30"
192.168.5.24 - erich [24/Jul/2021:11:22:47 -0500] "CONNECT cdn.syndication.twimg.com:443 HTTP/1.1" 200 0 "HTTPS" "outgoing via 192.168.50.30"
192.168.10.20 - arodriguez [24/Jul/2021:11:23:08 -0500] "CONNECT relay-f4ae83b1.net.anydesk.com:80 HTTP/1.1" 200 0 "HTTPS" "outgoing via 192.168.50.30"
192.168.10.20 - arodriguez [24/Jul/2021:11:23:37 -0500] "CONNECT relay-f4ae83b1.net.anydesk.com:80 HTTP/1.1" 200 0 "HTTPS" "outgoing via 192.168.50.30"
192.168.10.20 - arodriguez [24/Jul/2021:11:24:06 -0500] "CONNECT relay-f4ae83b1.net.anydesk.com:80 HTTP/1.1" 200 0 "HTTPS" "outgoing via 192.168.50.30"
192.168.10.20 - arodriguez [24/Jul/2021:11:24:19 -0500] "CONNECT relay-afcf85da.net.anydesk.com:80 HTTP/1.1" 200 0 "HTTPS" "outgoing via 192.168.50.30"
192.168.5.39 - erich [24/Jul/2021:11:24:30 -0500] "CONNECT services.addons.mozilla.org:443 HTTP/1.1" 200 0 "HTTPS" "outgoing via 192.168.50.30"
192.168.5.39 - erich [24/Jul/2021:11:24:32 -0500] "CONNECT versioncheck-bg.addons.mozilla.org:443 HTTP/1.1" 200 0 "HTTPS" "outgoing via 192.168.50.30"
192.168.5.39 - erich [24/Jul/2021:11:24:32 -0500] "CONNECT versioncheck-bg.addons.mozilla.org:443 HTTP/1.1" 200 0 "HTTPS" "outgoing via 192.168.50.30"
192.168.5.39 - erich [24/Jul/2021:11:24:33 -0500] "CONNECT aus5.mozilla.org:443 HTTP/1.1" 200 0 "HTTPS" "outgoing via 192.168.50.30"
192.168.10.20 - arodriguez [24/Jul/2021:11:24:49 -0500] "CONNECT relay-afcf85da.net.anydesk.com:80 HTTP/1.1" 200 0 "HTTPS" "outgoing via 192.168.50.30"
192.168.50.8 - arodriguez [24/Jul/2021:11:25:00 -0500] "HEAD http://update.eset.com/eset_eval/update.ver HTTP/1.1" 200 383 "HTTP" ""
192.168.10.20 - arodriguez [24/Jul/2021:11:25:18 -0500] "CONNECT relay-afcf85da.net.anydesk.com:80 HTTP/1.1" 200 0 "HTTPS" "outgoing via 192.168.50.30"
192.168.10.20 - arodriguez [24/Jul/2021:11:25:47 -0500] "CONNECT relay-afcf85da.net.anydesk.com:80 HTTP/1.1" 200 0 "HTTPS" "outgoing via 192.168.50.30"
192.168.10.20 - arodriguez [24/Jul/2021:11:26:00 -0500] "CONNECT relay-89970c8c.net.anydesk.com:80 HTTP/1.1" 200 0 "HTTPS" "outgoing via 192.168.50.30"
192.168.10.20 - arodriguez [24/Jul/2021:11:26:29 -0500] "CONNECT relay-89970c8c.net.anydesk.com:80 HTTP/1.1" 200 0 "HTTPS" "outgoing via 192.168.50.30"
192.168.5.39 - erich [24/Jul/2021:11:26:30 -0500] "CONNECT graph.facebook.com:443 HTTP/1.1" 200 0 "HTTPS" "outgoing via 192.168.50.30"
192.168.10.20 - arodriguez [24/Jul/2021:11:26:58 -0500] "CONNECT relay-89970c8c.net.anydesk.com:80 HTTP/1.1" 200 0 "HTTPS" "outgoing via 192.168.50.30"
192.168.10.20 - arodriguez [24/Jul/2021:11:27:11 -0500] "CONNECT relay-afcf85da.net.anydesk.com:80 HTTP/1.1" 200 0 "HTTPS" "outgoing via 192.168.50.30"
192.168.10.20 - arodriguez [24/Jul/2021:11:27:40 -0500] "CONNECT relay-afcf85da.net.anydesk.com:80 HTTP/1.1" 200 0 "HTTPS" "outgoing via 192.168.50.30"
192.168.10.20 - arodriguez [24/Jul/2021:11:28:09 -0500] "CONNECT relay-afcf85da.net.anydesk.com:80 HTTP/1.1" 200 0 "HTTPS" "outgoing via 192.168.50.30"
192.168.10.20 - arodriguez [24/Jul/2021:11:28:38 -0500] "CONNECT relay-afcf85da.net.anydesk.com:80 HTTP/1.1" 200 0 "HTTPS" "outgoing via 192.168.50.30"
192.168.1.29 - jacome [24/Jul/2021:11:28:55 -0500] "CONNECT www.youtube.com:443 HTTP/1.1" 200 0 "HTTPS" "outgoing via 192.168.50.30"
192.168.10.20 - arodriguez [24/Jul/2021:11:29:07 -0500] "CONNECT relay-afcf85da.net.anydesk.com:80 HTTP/1.1" 200 0 "HTTPS" "outgoing via 192.168.50.30"
192.168.10.20 - arodriguez [24/Jul/2021:11:29:20 -0500] "CONNECT relay-bd01ff02.net.anydesk.com:80 HTTP/1.1" 200 0 "HTTPS" "outgoing via 192.168.50.30"
192.168.10.20 - arodriguez [24/Jul/2021:11:29:49 -0500] "CONNECT relay-bd01ff02.net.anydesk.com:80 HTTP/1.1" 200 0 "HTTPS" "outgoing via 192.168.50.30"
192.168.10.20 - arodriguez [24/Jul/2021:11:30:18 -0500] "CONNECT relay-bd01ff02.net.anydesk.com:80 HTTP/1.1" 200 0 "HTTPS" "outgoing via 192.168.50.30"
192.168.10.20 - arodriguez [24/Jul/2021:11:30:32 -0500] "CONNECT relay-bf8a115f.net.anydesk.com:80 HTTP/1.1" 200 0 "HTTPS" "outgoing via 192.168.50.30"
192.168.10.20 - arodriguez [24/Jul/2021:11:31:01 -0500] "CONNECT relay-bf8a115f.net.anydesk.com:80 HTTP/1.1" 200 0 "HTTPS" "outgoing via 192.168.50.30"
192.168.10.20 - arodriguez [24/Jul/2021:11:31:30 -0500] "CONNECT relay-bf8a115f.net.anydesk.com:80 HTTP/1.1" 200 0 "HTTPS" "outgoing via 192.168.50.30"
192.168.5.39 - erich [24/Jul/2021:11:31:32 -0500] "CONNECT graph.facebook.com:443 HTTP/1.1" 200 0 "HTTPS" "outgoing via 192.168.50.30"
192.168.10.20 - arodriguez [24/Jul/2021:11:31:43 -0500] "CONNECT relay-5f045e20.net.anydesk.com:80 HTTP/1.1" 200 0 "HTTPS" "outgoing via 192.168.50.30"
192.168.10.20 - arodriguez [24/Jul/2021:11:32:12 -0500] "CONNECT relay-5f045e20.net.anydesk.com:80 HTTP/1.1" 200 0 "HTTPS" "outgoing via 192.168.50.30"
192.168.10.20 - arodriguez [24/Jul/2021:11:32:41 -0500] "CONNECT relay-5f045e20.net.anydesk.com:80 HTTP/1.1" 200 0 "HTTPS" "outgoing via 192.168.50.30"
192.168.10.20 - arodriguez [24/Jul/2021:11:32:55 -0500] "CONNECT relay-2da43234.net.anydesk.com:80 HTTP/1.1" 200 0 "HTTPS" "outgoing via 192.168.50.30"
192.168.10.20 - arodriguez [24/Jul/2021:11:33:24 -0500] "CONNECT relay-2da43234.net.anydesk.com:80 HTTP/1.1" 200 0 "HTTPS" "outgoing via 192.168.50.30"
192.168.10.20 - arodriguez [24/Jul/2021:11:33:52 -0500] "CONNECT relay-2da43234.net.anydesk.com:80 HTTP/1.1" 200 0 "HTTPS" "outgoing via 192.168.50.30"
192.168.10.20 - arodriguez [24/Jul/2021:11:34:21 -0500] "CONNECT relay-2da43234.net.anydesk.com:80 HTTP/1.1" 200 0 "HTTPS" "outgoing via 192.168.50.30"
192.168.10.20 - arodriguez [24/Jul/2021:11:34:50 -0500] "CONNECT relay-2da43234.net.anydesk.com:80 HTTP/1.1" 200 0 "HTTPS" "outgoing via 192.168.50.30"
192.168.5.58 - dunia.glez [24/Jul/2021:11:35:19 -0500] "CONNECT safebrowsing.googleapis.com:443 HTTP/1.1" 200 0 "HTTPS" "outgoing via 192.168.50.30"
192.168.10.20 - arodriguez [24/Jul/2021:11:35:19 -0500] "CONNECT relay-2da43234.net.anydesk.com:80 HTTP/1.1" 200 0 "HTTPS" "outgoing via 192.168.50.30"
192.168.10.20 - arodriguez [24/Jul/2021:11:35:32 -0500] "CONNECT relay-096fe6d0.net.anydesk.com:80 HTTP/1.1" 200 0 "HTTPS" "outgoing via 192.168.50.30"
192.168.10.20 - arodriguez [24/Jul/2021:11:36:03 -0500] "CONNECT relay-096fe6d0.net.anydesk.com:443 HTTP/1.1" 200 0 "HTTPS" "outgoing via 192.168.50.30"
192.168.5.39 - erich [24/Jul/2021:11:36:33 -0500] "CONNECT graph.facebook.com:443 HTTP/1.1" 200 0 "HTTPS" "outgoing via 192.168.50.30"
192.168.1.29 - jacome [24/Jul/2021:11:36:50 -0500] "CONNECT safebrowsing.googleapis.com:443 HTTP/1.1" 200 0 "HTTPS" "outgoing via 192.168.50.30"
192.168.5.58 - dunia.glez [24/Jul/2021:11:37:31 -0500] "CONNECT scontent-mia3-1.xx.fbcdn.net:443 HTTP/1.1" 200 0 "HTTPS" "outgoing via 192.168.50.30"
192.168.5.58 - dunia.glez [24/Jul/2021:11:40:29 -0500] "CONNECT scontent-mia3-1.xx.fbcdn.net:443 HTTP/1.1" 200 0 "HTTPS" "outgoing via 192.168.50.30"
192.168.5.58 - dunia.glez [24/Jul/2021:11:40:55 -0500] "CONNECT edge-chat.facebook.com:443 HTTP/1.1" 200 0 "HTTPS" "outgoing via 192.168.50.30"
192.168.10.20 - arodriguez [24/Jul/2021:11:41:17 -0500] "CONNECT relay-096fe6d0.net.anydesk.com:80 HTTP/1.1" 200 0 "HTTPS" "outgoing via 192.168.50.30"
192.168.10.20 - arodriguez [24/Jul/2021:11:41:30 -0500] "CONNECT relay-0767eec0.net.anydesk.com:80 HTTP/1.1" 200 0 "HTTPS" "outgoing via 192.168.50.30"
192.168.5.39 - erich [24/Jul/2021:11:41:34 -0500] "CONNECT graph.facebook.com:443 HTTP/1.1" 200 0 "HTTPS" "outgoing via 192.168.50.30"
192.168.5.58 - dunia.glez [24/Jul/2021:11:41:47 -0500] "CONNECT video.xx.fbcdn.net:443 HTTP/1.1" 200 0 "HTTPS" "outgoing via 192.168.50.30"
192.168.5.58 - dunia.glez [24/Jul/2021:11:41:47 -0500] "CONNECT scontent-mia3-2.xx.fbcdn.net:443 HTTP/1.1" 200 0 "HTTPS" "outgoing via 192.168.50.30"
192.168.5.58 - dunia.glez [24/Jul/2021:11:41:48 -0500] "CONNECT scontent.xx.fbcdn.net:443 HTTP/1.1" 200 0 "HTTPS" "outgoing via 192.168.50.30"
192.168.10.20 - arodriguez [24/Jul/2021:11:41:59 -0500] "CONNECT relay-0767eec0.net.anydesk.com:80 HTTP/1.1" 200 0 "HTTPS" "outgoing via 192.168.50.30"
192.168.10.20 - arodriguez [24/Jul/2021:11:42:28 -0500] "CONNECT relay-0767eec0.net.anydesk.com:80 HTTP/1.1" 200 0 "HTTPS" "outgoing via 192.168.50.30"
192.168.10.20 - arodriguez [24/Jul/2021:11:42:57 -0500] "CONNECT relay-0767eec0.net.anydesk.com:80 HTTP/1.1" 200 0 "HTTPS" "outgoing via 192.168.50.30"
192.168.10.20 - arodriguez [24/Jul/2021:11:43:26 -0500] "CONNECT relay-0767eec0.net.anydesk.com:80 HTTP/1.1" 200 0 "HTTPS" "outgoing via 192.168.50.30"
192.168.10.20 - arodriguez [24/Jul/2021:11:43:56 -0500] "CONNECT relay-0767eec0.net.anydesk.com:80 HTTP/1.1" 200 0 "HTTPS" "outgoing via 192.168.50.30"
192.168.10.20 - arodriguez [24/Jul/2021:11:44:24 -0500] "CONNECT relay-0767eec0.net.anydesk.com:80 HTTP/1.1" 200 0 "HTTPS" "outgoing via 192.168.50.30"
192.168.10.20 - arodriguez [24/Jul/2021:11:44:54 -0500] "CONNECT relay-0767eec0.net.anydesk.com:80 HTTP/1.1" 200 0 "HTTPS" "outgoing via 192.168.50.30"
192.168.10.20 - arodriguez [24/Jul/2021:11:45:23 -0500] "CONNECT relay-0767eec0.net.anydesk.com:80 HTTP/1.1" 200 0 "HTTPS" "outgoing via 192.168.50.30"
192.168.10.20 - arodriguez [24/Jul/2021:11:45:52 -0500] "CONNECT relay-0767eec0.net.anydesk.com:80 HTTP/1.1" 200 0 "HTTPS" "outgoing via 192.168.50.30"
192.168.10.20 - arodriguez [24/Jul/2021:11:46:20 -0500] "CONNECT relay-0767eec0.net.anydesk.com:80 HTTP/1.1" 200 0 "HTTPS" "outgoing via 192.168.50.30"
192.168.10.20 - arodriguez [24/Jul/2021:11:46:34 -0500] "CONNECT relay-89970c8c.net.anydesk.com:80 HTTP/1.1" 200 0 "HTTPS" "outgoing via 192.168.50.30"
192.168.5.39 - erich [24/Jul/2021:11:46:36 -0500] "CONNECT graph.facebook.com:443 HTTP/1.1" 200 0 "HTTPS" "outgoing via 192.168.50.30"
192.168.10.20 - arodriguez [24/Jul/2021:11:47:03 -0500] "CONNECT relay-89970c8c.net.anydesk.com:80 HTTP/1.1" 200 0 "HTTPS" "outgoing via 192.168.50.30"
192.168.10.20 - arodriguez [24/Jul/2021:11:47:32 -0500] "CONNECT relay-89970c8c.net.anydesk.com:80 HTTP/1.1" 200 0 "HTTPS" "outgoing via 192.168.50.30"
192.168.10.20 - arodriguez [24/Jul/2021:11:48:02 -0500] "CONNECT relay-89970c8c.net.anydesk.com:443 HTTP/1.1" 200 0 "HTTPS" "outgoing via 192.168.50.30"
192.168.10.20 - arodriguez [24/Jul/2021:11:48:16 -0500] "CONNECT relay-bfb5e868.net.anydesk.com:80 HTTP/1.1" 200 0 "HTTPS" "outgoing via 192.168.50.30"
192.168.10.20 - arodriguez [24/Jul/2021:11:48:18 -0500] "CONNECT relay-bfb5e868.net.anydesk.com:443 HTTP/1.1" 200 0 "HTTPS" "outgoing via 192.168.50.30"
192.168.10.20 - arodriguez [24/Jul/2021:11:48:47 -0500] "CONNECT relay-bfb5e868.net.anydesk.com:80 HTTP/1.1" 200 0 "HTTPS" "outgoing via 192.168.50.30"
192.168.10.20 - arodriguez [24/Jul/2021:11:49:17 -0500] "CONNECT relay-bfb5e868.net.anydesk.com:80 HTTP/1.1" 200 0 "HTTPS" "outgoing via 192.168.50.30"
192.168.10.20 - arodriguez [24/Jul/2021:11:49:46 -0500] "CONNECT relay-bfb5e868.net.anydesk.com:80 HTTP/1.1" 200 0 "HTTPS" "outgoing via 192.168.50.30"
192.168.10.20 - arodriguez [24/Jul/2021:11:50:15 -0500] "CONNECT relay-bfb5e868.net.anydesk.com:80 HTTP/1.1" 200 0 "HTTPS" "outgoing via 192.168.50.30"
192.168.10.20 - arodriguez [24/Jul/2021:11:50:29 -0500] "CONNECT relay-82fc4166.net.anydesk.com:80 HTTP/1.1" 200 0 "HTTPS" "outgoing via 192.168.50.30"
192.168.10.20 - arodriguez [24/Jul/2021:11:50:58 -0500] "CONNECT relay-82fc4166.net.anydesk.com:80 HTTP/1.1" 200 0 "HTTPS" "outgoing via 192.168.50.30"
192.168.10.20 - arodriguez [24/Jul/2021:11:51:27 -0500] "CONNECT relay-82fc4166.net.anydesk.com:80 HTTP/1.1" 200 0 "HTTPS" "outgoing via 192.168.50.30"
192.168.5.39 - erich [24/Jul/2021:11:51:37 -0500] "CONNECT graph.facebook.com:443 HTTP/1.1" 200 0 "HTTPS" "outgoing via 192.168.50.30"
192.168.10.20 - arodriguez [24/Jul/2021:11:51:56 -0500] "CONNECT relay-82fc4166.net.anydesk.com:80 HTTP/1.1" 200 0 "HTTPS" "outgoing via 192.168.50.30"
192.168.10.20 - arodriguez [24/Jul/2021:11:52:24 -0500] "CONNECT relay-82fc4166.net.anydesk.com:80 HTTP/1.1" 200 0 "HTTPS" "outgoing via 192.168.50.30"
192.168.10.20 - arodriguez [24/Jul/2021:11:52:53 -0500] "CONNECT relay-82fc4166.net.anydesk.com:80 HTTP/1.1" 200 0 "HTTPS" "outgoing via 192.168.50.30"
192.168.10.20 - arodriguez [24/Jul/2021:11:53:22 -0500] "CONNECT relay-82fc4166.net.anydesk.com:80 HTTP/1.1" 200 0 "HTTPS" "outgoing via 192.168.50.30"
192.168.10.20 - arodriguez [24/Jul/2021:11:53:51 -0500] "CONNECT relay-82fc4166.net.anydesk.com:80 HTTP/1.1" 200 0 "HTTPS" "outgoing via 192.168.50.30"
192.168.10.20 - arodriguez [24/Jul/2021:11:54:20 -0500] "CONNECT relay-82fc4166.net.anydesk.com:80 HTTP/1.1" 200 0 "HTTPS" "outgoing via 192.168.50.30"
192.168.10.20 - arodriguez [24/Jul/2021:11:54:33 -0500] "CONNECT relay-afcf85da.net.anydesk.com:80 HTTP/1.1" 200 0 "HTTPS" "outgoing via 192.168.50.30"
192.168.10.20 - arodriguez [24/Jul/2021:11:55:02 -0500] "CONNECT relay-afcf85da.net.anydesk.com:80 HTTP/1.1" 200 0 "HTTPS" "outgoing via 192.168.50.30"
192.168.10.20 - arodriguez [24/Jul/2021:11:55:31 -0500] "CONNECT relay-afcf85da.net.anydesk.com:80 HTTP/1.1" 200 0 "HTTPS" "outgoing via 192.168.50.30"
192.168.10.20 - arodriguez [24/Jul/2021:11:56:00 -0500] "CONNECT relay-afcf85da.net.anydesk.com:80 HTTP/1.1" 200 0 "HTTPS" "outgoing via 192.168.50.30"
192.168.10.20 - arodriguez [24/Jul/2021:11:56:13 -0500] "CONNECT relay-bf8a115f.net.anydesk.com:80 HTTP/1.1" 200 0 "HTTPS" "outgoing via 192.168.50.30"
192.168.5.39 - erich [24/Jul/2021:11:56:29 -0500] "CONNECT aus5.mozilla.org:443 HTTP/1.1" 200 0 "HTTPS" "outgoing via 192.168.50.30"
192.168.5.39 - erich [24/Jul/2021:11:56:30 -0500] "CONNECT push.services.mozilla.com:443 HTTP/1.1" 200 0 "HTTPS" "outgoing via 192.168.50.30"
192.168.5.39 - erich [24/Jul/2021:11:56:39 -0500] "CONNECT graph.facebook.com:443 HTTP/1.1" 200 0 "HTTPS" "outgoing via 192.168.50.30"
192.168.10.20 - arodriguez [24/Jul/2021:11:56:42 -0500] "CONNECT relay-bf8a115f.net.anydesk.com:80 HTTP/1.1" 200 0 "HTTPS" "outgoing via 192.168.50.30"
192.168.10.20 - arodriguez [24/Jul/2021:11:57:11 -0500] "CONNECT relay-bf8a115f.net.anydesk.com:80 HTTP/1.1" 200 0 "HTTPS" "outgoing via 192.168.50.30"
192.168.10.20 - arodriguez [24/Jul/2021:11:57:24 -0500] "CONNECT relay-5bec465c.net.anydesk.com:80 HTTP/1.1" 200 0 "HTTPS" "outgoing via 192.168.50.30"
192.168.1.29 - jacome [24/Jul/2021:11:57:25 -0500] "CONNECT push.services.mozilla.com:443 HTTP/1.1" 200 0 "HTTPS" "outgoing via 192.168.50.30"
192.168.5.58 - dunia.glez [24/Jul/2021:11:57:42 -0500] "CONNECT safebrowsing.googleapis.com:443 HTTP/1.1" 200 0 "HTTPS" "outgoing via 192.168.50.30"
192.168.10.20 - arodriguez [24/Jul/2021:11:57:53 -0500] "CONNECT relay-5bec465c.net.anydesk.com:80 HTTP/1.1" 200 0 "HTTPS" "outgoing via 192.168.50.30"
192.168.5.58 - dunia.glez [24/Jul/2021:11:58:06 -0500] "CONNECT scontent-mia3-1.xx.fbcdn.net:443 HTTP/1.1" 200 0 "HTTPS" "outgoing via 192.168.50.30"
192.168.10.20 - arodriguez [24/Jul/2021:11:58:23 -0500] "CONNECT relay-5bec465c.net.anydesk.com:80 HTTP/1.1" 200 0 "HTTPS" "outgoing via 192.168.50.30"
192.168.10.20 - arodriguez [24/Jul/2021:11:58:52 -0500] "CONNECT relay-5bec465c.net.anydesk.com:80 HTTP/1.1" 200 0 "HTTPS" "outgoing via 192.168.50.30"
192.168.10.20 - arodriguez [24/Jul/2021:11:59:21 -0500] "CONNECT relay-5bec465c.net.anydesk.com:80 HTTP/1.1" 200 0 "HTTPS" "outgoing via 192.168.50.30"
192.168.10.20 - arodriguez [24/Jul/2021:11:59:50 -0500] "CONNECT relay-5bec465c.net.anydesk.com:80 HTTP/1.1" 200 0 "HTTPS" "outgoing via 192.168.50.30"
192.168.10.20 - arodriguez [24/Jul/2021:12:00:19 -0500] "CONNECT relay-5bec465c.net.anydesk.com:80 HTTP/1.1" 200 0 "HTTPS" "outgoing via 192.168.50.30"
192.168.10.20 - arodriguez [24/Jul/2021:12:00:21 -0500] "CONNECT relay-5bec465c.net.anydesk.com:443 HTTP/1.1" 200 0 "HTTPS" "outgoing via 192.168.50.30"
192.168.10.20 - arodriguez [24/Jul/2021:12:00:23 -0500] "CONNECT relay-5bec465c.net.anydesk.com:6568 HTTP/1.1" 200 0 "HTTPS" "outgoing via 192.168.50.30"
192.168.10.20 - arodriguez [24/Jul/2021:12:00:25 -0500] "CONNECT 92.223.66.40:80 HTTP/1.1" 200 0 "HTTPS" "outgoing via 192.168.50.30"
192.168.10.20 - arodriguez [24/Jul/2021:12:00:27 -0500] "CONNECT 92.223.66.40:443 HTTP/1.1" 200 0 "HTTPS" "outgoing via 192.168.50.30"
192.168.10.20 - arodriguez [24/Jul/2021:12:00:29 -0500] "CONNECT 92.223.66.40:6568 HTTP/1.1" 200 0 "HTTPS" "outgoing via 192.168.50.30"
192.168.10.20 - arodriguez [24/Jul/2021:12:00:48 -0500] "CONNECT relay-32e92e70.net.anydesk.com:80 HTTP/1.1" 200 0 "HTTPS" "outgoing via 192.168.50.30"
192.168.10.20 - arodriguez [24/Jul/2021:12:01:17 -0500] "CONNECT relay-32e92e70.net.anydesk.com:80 HTTP/1.1" 200 0 "HTTPS" "outgoing via 192.168.50.30"
