192.168.10.20 - arodriguez [08/Aug/2021:03:36:41 -0500] "CONNECT relay-a54c6d92.net.anydesk.com:80 HTTP/1.1" 200 0 "HTTPS" "outgoing via 192.168.50.30"
192.168.6.34 - amorgado [08/Aug/2021:03:37:05 -0500] "POST http://149.154.175.50:80/api HTTP/1.1" 200 403 "HTTP" ""
192.168.10.20 - arodriguez [08/Aug/2021:03:37:10 -0500] "CONNECT relay-a54c6d92.net.anydesk.com:80 HTTP/1.1" 200 0 "HTTPS" "outgoing via 192.168.50.30"
192.168.10.20 - arodriguez [08/Aug/2021:03:37:24 -0500] "CONNECT relay-1954f6f5.net.anydesk.com:80 HTTP/1.1" 200 0 "HTTPS" "outgoing via 192.168.50.30"
192.168.6.34 - amorgado [08/Aug/2021:03:37:30 -0500] "POST http://149.154.175.50:80/api HTTP/1.1" 200 408 "HTTP" ""
192.168.10.20 - arodriguez [08/Aug/2021:03:37:53 -0500] "CONNECT relay-1954f6f5.net.anydesk.com:80 HTTP/1.1" 200 0 "HTTPS" "outgoing via 192.168.50.30"
192.168.6.34 - amorgado [08/Aug/2021:03:37:55 -0500] "POST http://149.154.175.50:80/api HTTP/1.1" 200 403 "HTTP" ""
192.168.6.34 - amorgado [08/Aug/2021:03:38:20 -0500] "POST http://149.154.175.50:80/api HTTP/1.1" 200 399 "HTTP" ""
192.168.10.20 - arodriguez [08/Aug/2021:03:38:22 -0500] "CONNECT relay-1954f6f5.net.anydesk.com:80 HTTP/1.1" 200 0 "HTTPS" "outgoing via 192.168.50.30"
192.168.10.20 - arodriguez [08/Aug/2021:03:38:35 -0500] "CONNECT relay-bfb5e868.net.anydesk.com:80 HTTP/1.1" 200 0 "HTTPS" "outgoing via 192.168.50.30"
192.168.6.34 - amorgado [08/Aug/2021:03:38:45 -0500] "POST http://149.154.175.50:80/api HTTP/1.1" 200 395 "HTTP" ""
192.168.10.20 - arodriguez [08/Aug/2021:03:39:04 -0500] "CONNECT relay-bfb5e868.net.anydesk.com:80 HTTP/1.1" 200 0 "HTTPS" "outgoing via 192.168.50.30"
192.168.6.34 - amorgado [08/Aug/2021:03:39:11 -0500] "POST http://149.154.175.50:80/api HTTP/1.1" 200 403 "HTTP" ""
192.168.6.34 - amorgado [08/Aug/2021:03:39:12 -0500] "CONNECT 149.154.175.50:443 HTTP/1.1" 200 0 "HTTPS" "outgoing via 192.168.50.30"
192.168.6.34 - amorgado [08/Aug/2021:03:39:12 -0500] "CONNECT 45.142.38.130:9286 HTTP/1.1" 200 0 "HTTPS" "outgoing via 192.168.50.30"
192.168.10.20 - arodriguez [08/Aug/2021:03:39:33 -0500] "CONNECT relay-bfb5e868.net.anydesk.com:80 HTTP/1.1" 200 0 "HTTPS" "outgoing via 192.168.50.30"
192.168.6.34 - amorgado [08/Aug/2021:03:39:36 -0500] "POST http://149.154.175.50:80/api HTTP/1.1" 200 403 "HTTP" ""
192.168.10.20 - arodriguez [08/Aug/2021:03:39:46 -0500] "CONNECT relay-9ec84ff7.net.anydesk.com:80 HTTP/1.1" 200 0 "HTTPS" "outgoing via 192.168.50.30"
192.168.6.34 - amorgado [08/Aug/2021:03:40:01 -0500] "POST http://149.154.175.50:80/api HTTP/1.1" 200 408 "HTTP" ""
192.168.10.20 - arodriguez [08/Aug/2021:03:40:15 -0500] "CONNECT relay-9ec84ff7.net.anydesk.com:80 HTTP/1.1" 200 0 "HTTPS" "outgoing via 192.168.50.30"
192.168.6.34 - amorgado [08/Aug/2021:03:40:26 -0500] "POST http://149.154.175.50:80/api HTTP/1.1" 200 399 "HTTP" ""
192.168.10.20 - arodriguez [08/Aug/2021:03:40:44 -0500] "CONNECT relay-9ec84ff7.net.anydesk.com:80 HTTP/1.1" 200 0 "HTTPS" "outgoing via 192.168.50.30"
192.168.6.34 - amorgado [08/Aug/2021:03:40:51 -0500] "POST http://149.154.175.50:80/api HTTP/1.1" 200 403 "HTTP" ""
192.168.10.20 - arodriguez [08/Aug/2021:03:41:13 -0500] "CONNECT relay-9ec84ff7.net.anydesk.com:80 HTTP/1.1" 200 0 "HTTPS" "outgoing via 192.168.50.30"
192.168.6.34 - amorgado [08/Aug/2021:03:41:17 -0500] "POST http://149.154.175.50:80/api HTTP/1.1" 200 395 "HTTP" ""
192.168.50.8 - arodriguez [08/Aug/2021:03:41:17 -0500] "HEAD http://update.eset.com/eset_eval/update.ver HTTP/1.1" 200 383 "HTTP" ""
192.168.6.34 - amorgado [08/Aug/2021:03:41:42 -0500] "POST http://149.154.175.50:80/api HTTP/1.1" 200 399 "HTTP" ""
192.168.10.20 - arodriguez [08/Aug/2021:03:41:42 -0500] "CONNECT relay-9ec84ff7.net.anydesk.com:80 HTTP/1.1" 200 0 "HTTPS" "outgoing via 192.168.50.30"
192.168.10.20 - arodriguez [08/Aug/2021:03:41:56 -0500] "CONNECT relay-a54c6d92.net.anydesk.com:80 HTTP/1.1" 200 0 "HTTPS" "outgoing via 192.168.50.30"
192.168.6.34 - amorgado [08/Aug/2021:03:42:07 -0500] "POST http://149.154.175.50:80/api HTTP/1.1" 200 399 "HTTP" ""
192.168.10.20 - arodriguez [08/Aug/2021:03:42:25 -0500] "CONNECT relay-a54c6d92.net.anydesk.com:80 HTTP/1.1" 200 0 "HTTPS" "outgoing via 192.168.50.30"
192.168.6.34 - amorgado [08/Aug/2021:03:42:32 -0500] "POST http://149.154.175.50:80/api HTTP/1.1" 200 395 "HTTP" ""
192.168.10.20 - arodriguez [08/Aug/2021:03:42:53 -0500] "CONNECT relay-a54c6d92.net.anydesk.com:80 HTTP/1.1" 200 0 "HTTPS" "outgoing via 192.168.50.30"
192.168.6.34 - amorgado [08/Aug/2021:03:42:57 -0500] "POST http://149.154.175.50:80/api HTTP/1.1" 200 395 "HTTP" ""
192.168.6.34 - amorgado [08/Aug/2021:03:43:22 -0500] "POST http://149.154.175.50:80/api HTTP/1.1" 200 408 "HTTP" ""
192.168.10.20 - arodriguez [08/Aug/2021:03:43:23 -0500] "CONNECT relay-a54c6d92.net.anydesk.com:80 HTTP/1.1" 200 0 "HTTPS" "outgoing via 192.168.50.30"
192.168.5.107 - jpuñales [08/Aug/2021:03:43:30 -0500] "CONNECT push.services.mozilla.com:443 HTTP/1.1" 200 0 "HTTPS" "outgoing via 192.168.50.30"
192.168.6.34 - amorgado [08/Aug/2021:03:43:48 -0500] "POST http://149.154.175.50:80/api HTTP/1.1" 200 408 "HTTP" ""
192.168.10.20 - arodriguez [08/Aug/2021:03:43:52 -0500] "CONNECT relay-a54c6d92.net.anydesk.com:80 HTTP/1.1" 200 0 "HTTPS" "outgoing via 192.168.50.30"
192.168.6.34 - amorgado [08/Aug/2021:03:44:13 -0500] "POST http://149.154.175.50:80/api HTTP/1.1" 200 399 "HTTP" ""
192.168.6.34 - amorgado [08/Aug/2021:03:44:14 -0500] "CONNECT 149.154.175.50:443 HTTP/1.1" 200 0 "HTTPS" "outgoing via 192.168.50.30"
192.168.6.34 - amorgado [08/Aug/2021:03:44:14 -0500] "CONNECT 45.142.38.130:9286 HTTP/1.1" 200 0 "HTTPS" "outgoing via 192.168.50.30"
192.168.10.20 - arodriguez [08/Aug/2021:03:44:21 -0500] "CONNECT relay-a54c6d92.net.anydesk.com:80 HTTP/1.1" 200 0 "HTTPS" "outgoing via 192.168.50.30"
192.168.6.34 - amorgado [08/Aug/2021:03:44:38 -0500] "POST http://149.154.175.50:80/api HTTP/1.1" 200 403 "HTTP" ""
192.168.10.20 - arodriguez [08/Aug/2021:03:44:49 -0500] "CONNECT relay-a54c6d92.net.anydesk.com:80 HTTP/1.1" 200 0 "HTTPS" "outgoing via 192.168.50.30"
192.168.6.34 - amorgado [08/Aug/2021:03:45:03 -0500] "POST http://149.154.175.50:80/api HTTP/1.1" 200 395 "HTTP" ""
192.168.10.20 - arodriguez [08/Aug/2021:03:45:18 -0500] "CONNECT relay-a54c6d92.net.anydesk.com:80 HTTP/1.1" 200 0 "HTTPS" "outgoing via 192.168.50.30"
192.168.6.34 - amorgado [08/Aug/2021:03:45:28 -0500] "POST http://149.154.175.50:80/api HTTP/1.1" 200 403 "HTTP" ""
192.168.10.20 - arodriguez [08/Aug/2021:03:45:47 -0500] "CONNECT relay-a54c6d92.net.anydesk.com:80 HTTP/1.1" 200 0 "HTTPS" "outgoing via 192.168.50.30"
192.168.6.34 - amorgado [08/Aug/2021:03:45:53 -0500] "POST http://149.154.175.50:80/api HTTP/1.1" 200 395 "HTTP" ""
192.168.10.20 - arodriguez [08/Aug/2021:03:46:16 -0500] "CONNECT relay-a54c6d92.net.anydesk.com:80 HTTP/1.1" 200 0 "HTTPS" "outgoing via 192.168.50.30"
192.168.6.34 - amorgado [08/Aug/2021:03:46:19 -0500] "POST http://149.154.175.50:80/api HTTP/1.1" 200 403 "HTTP" ""
192.168.5.107 - jpuñales [08/Aug/2021:03:46:27 -0500] "CONNECT safebrowsing.googleapis.com:443 HTTP/1.1" 200 0 "HTTPS" "outgoing via 192.168.50.30"
192.168.6.34 - amorgado [08/Aug/2021:03:46:44 -0500] "POST http://149.154.175.50:80/api HTTP/1.1" 200 403 "HTTP" ""
192.168.10.20 - arodriguez [08/Aug/2021:03:46:45 -0500] "CONNECT relay-a54c6d92.net.anydesk.com:80 HTTP/1.1" 200 0 "HTTPS" "outgoing via 192.168.50.30"
192.168.6.34 - amorgado [08/Aug/2021:03:47:09 -0500] "POST http://149.154.175.50:80/api HTTP/1.1" 200 399 "HTTP" ""
192.168.10.20 - arodriguez [08/Aug/2021:03:47:14 -0500] "CONNECT relay-a54c6d92.net.anydesk.com:80 HTTP/1.1" 200 0 "HTTPS" "outgoing via 192.168.50.30"
192.168.6.34 - amorgado [08/Aug/2021:03:47:34 -0500] "POST http://149.154.175.50:80/api HTTP/1.1" 200 399 "HTTP" ""
192.168.10.20 - arodriguez [08/Aug/2021:03:47:44 -0500] "CONNECT relay-a54c6d92.net.anydesk.com:80 HTTP/1.1" 200 0 "HTTPS" "outgoing via 192.168.50.30"
192.168.6.34 - amorgado [08/Aug/2021:03:47:53 -0500] "CONNECT settings-win.data.microsoft.com:443 HTTP/1.1" 200 0 "HTTPS" "outgoing via 192.168.50.30"
192.168.6.34 - amorgado [08/Aug/2021:03:47:59 -0500] "POST http://149.154.175.50:80/api HTTP/1.1" 200 395 "HTTP" ""
192.168.10.20 - arodriguez [08/Aug/2021:03:48:12 -0500] "CONNECT relay-a54c6d92.net.anydesk.com:80 HTTP/1.1" 200 0 "HTTPS" "outgoing via 192.168.50.30"
192.168.6.34 - amorgado [08/Aug/2021:03:48:25 -0500] "POST http://149.154.175.50:80/api HTTP/1.1" 200 399 "HTTP" ""
192.168.10.20 - arodriguez [08/Aug/2021:03:48:41 -0500] "CONNECT relay-a54c6d92.net.anydesk.com:80 HTTP/1.1" 200 0 "HTTPS" "outgoing via 192.168.50.30"
192.168.6.34 - amorgado [08/Aug/2021:03:48:50 -0500] "POST http://149.154.175.50:80/api HTTP/1.1" 200 408 "HTTP" ""
192.168.10.20 - arodriguez [08/Aug/2021:03:49:10 -0500] "CONNECT relay-a54c6d92.net.anydesk.com:80 HTTP/1.1" 200 0 "HTTPS" "outgoing via 192.168.50.30"
192.168.6.34 - amorgado [08/Aug/2021:03:49:15 -0500] "POST http://149.154.175.50:80/api HTTP/1.1" 200 399 "HTTP" ""
192.168.6.34 - amorgado [08/Aug/2021:03:49:16 -0500] "CONNECT 149.154.175.50:443 HTTP/1.1" 200 0 "HTTPS" "outgoing via 192.168.50.30"
192.168.6.34 - amorgado [08/Aug/2021:03:49:16 -0500] "CONNECT 45.142.38.130:9286 HTTP/1.1" 200 0 "HTTPS" "outgoing via 192.168.50.30"
192.168.10.20 - arodriguez [08/Aug/2021:03:49:24 -0500] "CONNECT relay-717265af.net.anydesk.com:80 HTTP/1.1" 200 0 "HTTPS" "outgoing via 192.168.50.30"
192.168.6.34 - amorgado [08/Aug/2021:03:49:40 -0500] "POST http://149.154.175.50:80/api HTTP/1.1" 200 403 "HTTP" ""
192.168.10.20 - arodriguez [08/Aug/2021:03:49:53 -0500] "CONNECT relay-717265af.net.anydesk.com:80 HTTP/1.1" 200 0 "HTTPS" "outgoing via 192.168.50.30"
192.168.6.34 - amorgado [08/Aug/2021:03:50:05 -0500] "POST http://149.154.175.50:80/api HTTP/1.1" 200 408 "HTTP" ""
192.168.10.20 - arodriguez [08/Aug/2021:03:50:22 -0500] "CONNECT relay-717265af.net.anydesk.com:80 HTTP/1.1" 200 0 "HTTPS" "outgoing via 192.168.50.30"
192.168.6.34 - amorgado [08/Aug/2021:03:50:30 -0500] "POST http://149.154.175.50:80/api HTTP/1.1" 200 399 "HTTP" ""
192.168.10.20 - arodriguez [08/Aug/2021:03:50:51 -0500] "CONNECT relay-717265af.net.anydesk.com:80 HTTP/1.1" 200 0 "HTTPS" "outgoing via 192.168.50.30"
192.168.6.34 - amorgado [08/Aug/2021:03:50:56 -0500] "POST http://149.154.175.50:80/api HTTP/1.1" 200 403 "HTTP" ""
192.168.10.20 - arodriguez [08/Aug/2021:03:51:20 -0500] "CONNECT relay-717265af.net.anydesk.com:80 HTTP/1.1" 200 0 "HTTPS" "outgoing via 192.168.50.30"
192.168.6.34 - amorgado [08/Aug/2021:03:51:21 -0500] "POST http://149.154.175.50:80/api HTTP/1.1" 200 408 "HTTP" ""
192.168.6.34 - amorgado [08/Aug/2021:03:51:46 -0500] "POST http://149.154.175.50:80/api HTTP/1.1" 200 395 "HTTP" ""
192.168.10.20 - arodriguez [08/Aug/2021:03:51:49 -0500] "CONNECT relay-717265af.net.anydesk.com:80 HTTP/1.1" 200 0 "HTTPS" "outgoing via 192.168.50.30"
192.168.10.20 - arodriguez [08/Aug/2021:03:52:02 -0500] "CONNECT relay-69c95757.net.anydesk.com:80 HTTP/1.1" 200 0 "HTTPS" "outgoing via 192.168.50.30"
192.168.6.34 - amorgado [08/Aug/2021:03:52:11 -0500] "POST http://149.154.175.50:80/api HTTP/1.1" 200 403 "HTTP" ""
192.168.10.20 - arodriguez [08/Aug/2021:03:52:31 -0500] "CONNECT relay-69c95757.net.anydesk.com:80 HTTP/1.1" 200 0 "HTTPS" "outgoing via 192.168.50.30"
192.168.6.34 - amorgado [08/Aug/2021:03:52:36 -0500] "POST http://149.154.175.50:80/api HTTP/1.1" 200 408 "HTTP" ""
192.168.10.20 - arodriguez [08/Aug/2021:03:53:00 -0500] "CONNECT relay-69c95757.net.anydesk.com:80 HTTP/1.1" 200 0 "HTTPS" "outgoing via 192.168.50.30"
192.168.6.34 - amorgado [08/Aug/2021:03:53:01 -0500] "POST http://149.154.175.50:80/api HTTP/1.1" 200 399 "HTTP" ""
192.168.10.20 - arodriguez [08/Aug/2021:03:53:14 -0500] "CONNECT relay-dbede8d2.net.anydesk.com:80 HTTP/1.1" 200 0 "HTTPS" "outgoing via 192.168.50.30"
192.168.6.34 - amorgado [08/Aug/2021:03:53:27 -0500] "POST http://149.154.175.50:80/api HTTP/1.1" 200 403 "HTTP" ""
192.168.5.107 - jpuñales [08/Aug/2021:03:53:37 -0500] "CONNECT push.services.mozilla.com:443 HTTP/1.1" 200 0 "HTTPS" "outgoing via 192.168.50.30"
192.168.10.20 - arodriguez [08/Aug/2021:03:53:43 -0500] "CONNECT relay-dbede8d2.net.anydesk.com:80 HTTP/1.1" 200 0 "HTTPS" "outgoing via 192.168.50.30"
192.168.6.34 - amorgado [08/Aug/2021:03:53:52 -0500] "POST http://149.154.175.50:80/api HTTP/1.1" 200 395 "HTTP" ""
192.168.10.20 - arodriguez [08/Aug/2021:03:54:12 -0500] "CONNECT relay-dbede8d2.net.anydesk.com:80 HTTP/1.1" 200 0 "HTTPS" "outgoing via 192.168.50.30"
192.168.6.34 - amorgado [08/Aug/2021:03:54:17 -0500] "POST http://149.154.175.50:80/api HTTP/1.1" 200 395 "HTTP" ""
192.168.6.34 - amorgado [08/Aug/2021:03:54:19 -0500] "CONNECT 149.154.175.50:443 HTTP/1.1" 200 0 "HTTPS" "outgoing via 192.168.50.30"
192.168.6.34 - amorgado [08/Aug/2021:03:54:19 -0500] "CONNECT 45.142.38.130:9286 HTTP/1.1" 200 0 "HTTPS" "outgoing via 192.168.50.30"
192.168.10.20 - arodriguez [08/Aug/2021:03:54:41 -0500] "CONNECT relay-dbede8d2.net.anydesk.com:80 HTTP/1.1" 200 0 "HTTPS" "outgoing via 192.168.50.30"
192.168.6.34 - amorgado [08/Aug/2021:03:54:42 -0500] "POST http://149.154.175.50:80/api HTTP/1.1" 200 399 "HTTP" ""
192.168.6.34 - amorgado [08/Aug/2021:03:55:07 -0500] "POST http://149.154.175.50:80/api HTTP/1.1" 200 408 "HTTP" ""
192.168.10.20 - arodriguez [08/Aug/2021:03:55:10 -0500] "CONNECT relay-dbede8d2.net.anydesk.com:80 HTTP/1.1" 200 0 "HTTPS" "outgoing via 192.168.50.30"
192.168.6.34 - amorgado [08/Aug/2021:03:55:33 -0500] "POST http://149.154.175.50:80/api HTTP/1.1" 200 408 "HTTP" ""
192.168.10.20 - arodriguez [08/Aug/2021:03:55:39 -0500] "CONNECT relay-dbede8d2.net.anydesk.com:80 HTTP/1.1" 200 0 "HTTPS" "outgoing via 192.168.50.30"
192.168.6.34 - amorgado [08/Aug/2021:03:55:58 -0500] "POST http://149.154.175.50:80/api HTTP/1.1" 200 408 "HTTP" ""
192.168.10.20 - arodriguez [08/Aug/2021:03:56:08 -0500] "CONNECT relay-dbede8d2.net.anydesk.com:80 HTTP/1.1" 200 0 "HTTPS" "outgoing via 192.168.50.30"
192.168.10.20 - arodriguez [08/Aug/2021:03:56:21 -0500] "CONNECT relay-bf8a115f.net.anydesk.com:80 HTTP/1.1" 200 0 "HTTPS" "outgoing via 192.168.50.30"
192.168.6.34 - amorgado [08/Aug/2021:03:56:23 -0500] "POST http://149.154.175.50:80/api HTTP/1.1" 200 408 "HTTP" ""
192.168.6.34 - amorgado [08/Aug/2021:03:56:48 -0500] "POST http://149.154.175.50:80/api HTTP/1.1" 200 399 "HTTP" ""
192.168.10.20 - arodriguez [08/Aug/2021:03:56:50 -0500] "CONNECT relay-bf8a115f.net.anydesk.com:80 HTTP/1.1" 200 0 "HTTPS" "outgoing via 192.168.50.30"
192.168.6.34 - amorgado [08/Aug/2021:03:57:13 -0500] "POST http://149.154.175.50:80/api HTTP/1.1" 200 395 "HTTP" ""
192.168.10.20 - arodriguez [08/Aug/2021:03:57:20 -0500] "CONNECT relay-bf8a115f.net.anydesk.com:80 HTTP/1.1" 200 0 "HTTPS" "outgoing via 192.168.50.30"
192.168.10.20 - arodriguez [08/Aug/2021:03:57:33 -0500] "CONNECT relay-89970c8c.net.anydesk.com:80 HTTP/1.1" 200 0 "HTTPS" "outgoing via 192.168.50.30"
192.168.6.34 - amorgado [08/Aug/2021:03:57:38 -0500] "POST http://149.154.175.50:80/api HTTP/1.1" 200 395 "HTTP" ""
192.168.10.20 - arodriguez [08/Aug/2021:03:58:02 -0500] "CONNECT relay-89970c8c.net.anydesk.com:80 HTTP/1.1" 200 0 "HTTPS" "outgoing via 192.168.50.30"
192.168.6.34 - amorgado [08/Aug/2021:03:58:04 -0500] "POST http://149.154.175.50:80/api HTTP/1.1" 200 399 "HTTP" ""
192.168.6.34 - amorgado [08/Aug/2021:03:58:29 -0500] "POST http://149.154.175.50:80/api HTTP/1.1" 200 408 "HTTP" ""
192.168.10.20 - arodriguez [08/Aug/2021:03:58:31 -0500] "CONNECT relay-89970c8c.net.anydesk.com:80 HTTP/1.1" 200 0 "HTTPS" "outgoing via 192.168.50.30"
192.168.10.20 - arodriguez [08/Aug/2021:03:58:45 -0500] "CONNECT relay-dbede8d2.net.anydesk.com:80 HTTP/1.1" 200 0 "HTTPS" "outgoing via 192.168.50.30"
192.168.6.34 - amorgado [08/Aug/2021:03:58:54 -0500] "POST http://149.154.175.50:80/api HTTP/1.1" 200 395 "HTTP" ""
192.168.10.20 - arodriguez [08/Aug/2021:03:59:14 -0500] "CONNECT relay-dbede8d2.net.anydesk.com:80 HTTP/1.1" 200 0 "HTTPS" "outgoing via 192.168.50.30"
192.168.6.34 - amorgado [08/Aug/2021:03:59:19 -0500] "POST http://149.154.175.50:80/api HTTP/1.1" 200 399 "HTTP" ""
192.168.6.34 - amorgado [08/Aug/2021:03:59:21 -0500] "CONNECT 149.154.175.50:443 HTTP/1.1" 200 0 "HTTPS" "outgoing via 192.168.50.30"
192.168.6.34 - amorgado [08/Aug/2021:03:59:21 -0500] "CONNECT 45.142.38.130:9286 HTTP/1.1" 200 0 "HTTPS" "outgoing via 192.168.50.30"
192.168.10.20 - arodriguez [08/Aug/2021:03:59:43 -0500] "CONNECT relay-dbede8d2.net.anydesk.com:80 HTTP/1.1" 200 0 "HTTPS" "outgoing via 192.168.50.30"
192.168.6.34 - amorgado [08/Aug/2021:03:59:44 -0500] "POST http://149.154.175.50:80/api HTTP/1.1" 200 408 "HTTP" ""
192.168.10.20 - arodriguez [08/Aug/2021:03:59:56 -0500] "CONNECT relay-1c040ae6.net.anydesk.com:80 HTTP/1.1" 200 0 "HTTPS" "outgoing via 192.168.50.30"
192.168.6.34 - amorgado [08/Aug/2021:04:00:09 -0500] "POST http://149.154.175.50:80/api HTTP/1.1" 200 403 "HTTP" ""
192.168.10.20 - arodriguez [08/Aug/2021:04:00:25 -0500] "CONNECT relay-1c040ae6.net.anydesk.com:80 HTTP/1.1" 200 0 "HTTPS" "outgoing via 192.168.50.30"
192.168.6.34 - amorgado [08/Aug/2021:04:00:35 -0500] "POST http://149.154.175.50:80/api HTTP/1.1" 200 399 "HTTP" ""
192.168.10.20 - arodriguez [08/Aug/2021:04:00:54 -0500] "CONNECT relay-1c040ae6.net.anydesk.com:80 HTTP/1.1" 200 0 "HTTPS" "outgoing via 192.168.50.30"
192.168.6.34 - amorgado [08/Aug/2021:04:01:00 -0500] "POST http://149.154.175.50:80/api HTTP/1.1" 200 403 "HTTP" ""
192.168.10.20 - arodriguez [08/Aug/2021:04:01:23 -0500] "CONNECT relay-1c040ae6.net.anydesk.com:80 HTTP/1.1" 200 0 "HTTPS" "outgoing via 192.168.50.30"
192.168.6.34 - amorgado [08/Aug/2021:04:01:25 -0500] "POST http://149.154.175.50:80/api HTTP/1.1" 200 403 "HTTP" ""
192.168.10.20 - arodriguez [08/Aug/2021:04:01:36 -0500] "CONNECT relay-dbede8d2.net.anydesk.com:80 HTTP/1.1" 200 0 "HTTPS" "outgoing via 192.168.50.30"
192.168.6.34 - amorgado [08/Aug/2021:04:01:50 -0500] "POST http://149.154.175.50:80/api HTTP/1.1" 200 408 "HTTP" ""
192.168.10.20 - arodriguez [08/Aug/2021:04:02:05 -0500] "CONNECT relay-dbede8d2.net.anydesk.com:80 HTTP/1.1" 200 0 "HTTPS" "outgoing via 192.168.50.30"
192.168.6.34 - amorgado [08/Aug/2021:04:02:15 -0500] "POST http://149.154.175.50:80/api HTTP/1.1" 200 395 "HTTP" ""
192.168.10.20 - arodriguez [08/Aug/2021:04:02:34 -0500] "CONNECT relay-dbede8d2.net.anydesk.com:80 HTTP/1.1" 200 0 "HTTPS" "outgoing via 192.168.50.30"
192.168.6.34 - amorgado [08/Aug/2021:04:02:41 -0500] "POST http://149.154.175.50:80/api HTTP/1.1" 200 399 "HTTP" ""
192.168.10.20 - arodriguez [08/Aug/2021:04:03:03 -0500] "CONNECT relay-dbede8d2.net.anydesk.com:80 HTTP/1.1" 200 0 "HTTPS" "outgoing via 192.168.50.30"
192.168.6.34 - amorgado [08/Aug/2021:04:03:06 -0500] "POST http://149.154.175.50:80/api HTTP/1.1" 200 395 "HTTP" ""
192.168.6.34 - amorgado [08/Aug/2021:04:03:30 -0500] "CONNECT settings-win.data.microsoft.com:443 HTTP/1.1" 200 0 "HTTPS" "outgoing via 192.168.50.30"
192.168.6.34 - amorgado [08/Aug/2021:04:03:31 -0500] "POST http://149.154.175.50:80/api HTTP/1.1" 200 395 "HTTP" ""
192.168.10.20 - arodriguez [08/Aug/2021:04:03:33 -0500] "CONNECT relay-dbede8d2.net.anydesk.com:80 HTTP/1.1" 200 0 "HTTPS" "outgoing via 192.168.50.30"
192.168.5.107 - jpuñales [08/Aug/2021:04:03:44 -0500] "CONNECT push.services.mozilla.com:443 HTTP/1.1" 200 0 "HTTPS" "outgoing via 192.168.50.30"
192.168.6.34 - amorgado [08/Aug/2021:04:03:56 -0500] "POST http://149.154.175.50:80/api HTTP/1.1" 200 399 "HTTP" ""
192.168.10.20 - arodriguez [08/Aug/2021:04:04:02 -0500] "CONNECT relay-dbede8d2.net.anydesk.com:80 HTTP/1.1" 200 0 "HTTPS" "outgoing via 192.168.50.30"
192.168.6.34 - amorgado [08/Aug/2021:04:04:08 -0500] "CONNECT v10.events.data.microsoft.com:443 HTTP/1.1" 200 0 "HTTPS" "outgoing via 192.168.50.30"
192.168.6.34 - amorgado [08/Aug/2021:04:04:21 -0500] "POST http://149.154.175.50:80/api HTTP/1.1" 200 408 "HTTP" ""
192.168.6.34 - amorgado [08/Aug/2021:04:04:23 -0500] "CONNECT 149.154.175.50:443 HTTP/1.1" 200 0 "HTTPS" "outgoing via 192.168.50.30"
192.168.6.34 - amorgado [08/Aug/2021:04:04:23 -0500] "CONNECT 45.142.38.130:9286 HTTP/1.1" 200 0 "HTTPS" "outgoing via 192.168.50.30"
192.168.10.20 - arodriguez [08/Aug/2021:04:04:30 -0500] "CONNECT relay-dbede8d2.net.anydesk.com:80 HTTP/1.1" 200 0 "HTTPS" "outgoing via 192.168.50.30"
192.168.10.20 - arodriguez [08/Aug/2021:04:04:44 -0500] "CONNECT relay-82fc4166.net.anydesk.com:80 HTTP/1.1" 200 0 "HTTPS" "outgoing via 192.168.50.30"
192.168.6.34 - amorgado [08/Aug/2021:04:04:46 -0500] "POST http://149.154.175.50:80/api HTTP/1.1" 200 399 "HTTP" ""
192.168.6.34 - amorgado [08/Aug/2021:04:05:12 -0500] "POST http://149.154.175.50:80/api HTTP/1.1" 200 403 "HTTP" ""
192.168.10.20 - arodriguez [08/Aug/2021:04:05:13 -0500] "CONNECT relay-82fc4166.net.anydesk.com:80 HTTP/1.1" 200 0 "HTTPS" "outgoing via 192.168.50.30"
192.168.6.34 - amorgado [08/Aug/2021:04:05:37 -0500] "POST http://149.154.175.50:80/api HTTP/1.1" 200 399 "HTTP" ""
192.168.10.20 - arodriguez [08/Aug/2021:04:05:42 -0500] "CONNECT relay-82fc4166.net.anydesk.com:80 HTTP/1.1" 200 0 "HTTPS" "outgoing via 192.168.50.30"
192.168.6.34 - amorgado [08/Aug/2021:04:06:02 -0500] "POST http://149.154.175.50:80/api HTTP/1.1" 200 403 "HTTP" ""
192.168.10.20 - arodriguez [08/Aug/2021:04:06:11 -0500] "CONNECT relay-82fc4166.net.anydesk.com:80 HTTP/1.1" 200 0 "HTTPS" "outgoing via 192.168.50.30"
192.168.6.34 - amorgado [08/Aug/2021:04:06:27 -0500] "POST http://149.154.175.50:80/api HTTP/1.1" 200 403 "HTTP" ""
192.168.10.20 - arodriguez [08/Aug/2021:04:06:40 -0500] "CONNECT relay-82fc4166.net.anydesk.com:80 HTTP/1.1" 200 0 "HTTPS" "outgoing via 192.168.50.30"
192.168.6.34 - amorgado [08/Aug/2021:04:06:52 -0500] "POST http://149.154.175.50:80/api HTTP/1.1" 200 408 "HTTP" ""
192.168.10.20 - arodriguez [08/Aug/2021:04:07:09 -0500] "CONNECT relay-82fc4166.net.anydesk.com:80 HTTP/1.1" 200 0 "HTTPS" "outgoing via 192.168.50.30"
192.168.6.34 - amorgado [08/Aug/2021:04:07:17 -0500] "POST http://149.154.175.50:80/api HTTP/1.1" 200 408 "HTTP" ""
192.168.10.20 - arodriguez [08/Aug/2021:04:07:23 -0500] "CONNECT relay-a54c6d92.net.anydesk.com:80 HTTP/1.1" 200 0 "HTTPS" "outgoing via 192.168.50.30"
192.168.6.34 - amorgado [08/Aug/2021:04:07:43 -0500] "POST http://149.154.175.50:80/api HTTP/1.1" 200 403 "HTTP" ""
192.168.10.20 - arodriguez [08/Aug/2021:04:07:51 -0500] "CONNECT relay-a54c6d92.net.anydesk.com:80 HTTP/1.1" 200 0 "HTTPS" "outgoing via 192.168.50.30"
192.168.6.34 - amorgado [08/Aug/2021:04:08:08 -0500] "POST http://149.154.175.50:80/api HTTP/1.1" 200 395 "HTTP" ""
192.168.10.20 - arodriguez [08/Aug/2021:04:08:20 -0500] "CONNECT relay-a54c6d92.net.anydesk.com:80 HTTP/1.1" 200 0 "HTTPS" "outgoing via 192.168.50.30"
192.168.6.34 - amorgado [08/Aug/2021:04:08:33 -0500] "POST http://149.154.175.50:80/api HTTP/1.1" 200 395 "HTTP" ""
192.168.10.20 - arodriguez [08/Aug/2021:04:08:49 -0500] "CONNECT relay-a54c6d92.net.anydesk.com:80 HTTP/1.1" 200 0 "HTTPS" "outgoing via 192.168.50.30"
192.168.6.34 - amorgado [08/Aug/2021:04:08:58 -0500] "POST http://149.154.175.50:80/api HTTP/1.1" 200 399 "HTTP" ""
192.168.10.20 - arodriguez [08/Aug/2021:04:09:02 -0500] "CONNECT relay-32e92e70.net.anydesk.com:80 HTTP/1.1" 200 0 "HTTPS" "outgoing via 192.168.50.30"
192.168.6.34 - amorgado [08/Aug/2021:04:09:23 -0500] "POST http://149.154.175.50:80/api HTTP/1.1" 200 395 "HTTP" ""
192.168.6.34 - amorgado [08/Aug/2021:04:09:25 -0500] "CONNECT 149.154.175.50:443 HTTP/1.1" 200 0 "HTTPS" "outgoing via 192.168.50.30"
192.168.6.34 - amorgado [08/Aug/2021:04:09:26 -0500] "CONNECT 45.142.38.130:9286 HTTP/1.1" 200 0 "HTTPS" "outgoing via 192.168.50.30"
192.168.10.20 - arodriguez [08/Aug/2021:04:09:31 -0500] "CONNECT relay-32e92e70.net.anydesk.com:80 HTTP/1.1" 200 0 "HTTPS" "outgoing via 192.168.50.30"
192.168.6.34 - amorgado [08/Aug/2021:04:09:49 -0500] "POST http://149.154.175.50:80/api HTTP/1.1" 200 403 "HTTP" ""
192.168.10.20 - arodriguez [08/Aug/2021:04:10:00 -0500] "CONNECT relay-32e92e70.net.anydesk.com:80 HTTP/1.1" 200 0 "HTTPS" "outgoing via 192.168.50.30"
192.168.6.34 - amorgado [08/Aug/2021:04:10:14 -0500] "POST http://149.154.175.50:80/api HTTP/1.1" 200 403 "HTTP" ""
192.168.6.34 - amorgado [08/Aug/2021:04:10:20 -0500] "CONNECT settings-win.data.microsoft.com:443 HTTP/1.1" 200 0 "HTTPS" "outgoing via 192.168.50.30"
192.168.10.20 - arodriguez [08/Aug/2021:04:10:29 -0500] "CONNECT relay-32e92e70.net.anydesk.com:80 HTTP/1.1" 200 0 "HTTPS" "outgoing via 192.168.50.30"
192.168.6.34 - amorgado [08/Aug/2021:04:10:39 -0500] "POST http://149.154.175.50:80/api HTTP/1.1" 200 403 "HTTP" ""
192.168.10.20 - arodriguez [08/Aug/2021:04:10:43 -0500] "CONNECT relay-a54c6d92.net.anydesk.com:80 HTTP/1.1" 200 0 "HTTPS" "outgoing via 192.168.50.30"
192.168.6.34 - amorgado [08/Aug/2021:04:10:53 -0500] "CONNECT v10.events.data.microsoft.com:443 HTTP/1.1" 200 0 "HTTPS" "outgoing via 192.168.50.30"
192.168.6.34 - amorgado [08/Aug/2021:04:11:04 -0500] "POST http://149.154.175.50:80/api HTTP/1.1" 200 395 "HTTP" ""
192.168.10.20 - arodriguez [08/Aug/2021:04:11:12 -0500] "CONNECT relay-a54c6d92.net.anydesk.com:80 HTTP/1.1" 200 0 "HTTPS" "outgoing via 192.168.50.30"
192.168.6.34 - amorgado [08/Aug/2021:04:11:29 -0500] "POST http://149.154.175.50:80/api HTTP/1.1" 200 403 "HTTP" ""
192.168.10.20 - arodriguez [08/Aug/2021:04:11:40 -0500] "CONNECT relay-a54c6d92.net.anydesk.com:80 HTTP/1.1" 200 0 "HTTPS" "outgoing via 192.168.50.30"
192.168.6.34 - amorgado [08/Aug/2021:04:11:54 -0500] "POST http://149.154.175.50:80/api HTTP/1.1" 200 395 "HTTP" ""
192.168.10.20 - arodriguez [08/Aug/2021:04:12:09 -0500] "CONNECT relay-a54c6d92.net.anydesk.com:80 HTTP/1.1" 200 0 "HTTPS" "outgoing via 192.168.50.30"
192.168.6.34 - amorgado [08/Aug/2021:04:12:20 -0500] "POST http://149.154.175.50:80/api HTTP/1.1" 200 408 "HTTP" ""
192.168.50.50 - servidores [08/Aug/2021:04:12:26 -0500] "CONNECT mirrors.fedoraproject.org:443 HTTP/1.1" 200 0 "HTTPS" "outgoing via 192.168.50.30"
192.168.50.50 - servidores [08/Aug/2021:04:12:31 -0500] "CONNECT mirrors.ukfast.co.uk:443 HTTP/1.1" 200 0 "HTTPS" "outgoing via 192.168.50.30"
192.168.50.50 - servidores [08/Aug/2021:04:12:32 -0500] "GET http://mirror.uepg.br/centos/7.9.2009/os/x86_64/repodata/repomd.xml HTTP/1.1" 200 4249 "HTTP" ""
192.168.50.50 - servidores [08/Aug/2021:04:12:34 -0500] "CONNECT mirrors.ukfast.co.uk:443 HTTP/1.1" 200 0 "HTTPS" "outgoing via 192.168.50.30"
192.168.50.50 - servidores [08/Aug/2021:04:12:34 -0500] "CONNECT mirrors.ukfast.co.uk:443 HTTP/1.1" 200 0 "HTTPS" "outgoing via 192.168.50.30"
192.168.50.50 - servidores [08/Aug/2021:04:12:34 -0500] "CONNECT mirrors.ukfast.co.uk:443 HTTP/1.1" 200 0 "HTTPS" "outgoing via 192.168.50.30"
192.168.50.50 - servidores [08/Aug/2021:04:12:35 -0500] "CONNECT mirror.dogado.de:443 HTTP/1.1" 200 0 "HTTPS" "outgoing via 192.168.50.30"
192.168.50.50 - servidores [08/Aug/2021:04:12:35 -0500] "CONNECT mirror.dogado.de:443 HTTP/1.1" 200 0 "HTTPS" "outgoing via 192.168.50.30"
192.168.50.50 - servidores [08/Aug/2021:04:12:38 -0500] "CONNECT mirror.dogado.de:443 HTTP/1.1" 200 0 "HTTPS" "outgoing via 192.168.50.30"
192.168.10.20 - arodriguez [08/Aug/2021:04:12:38 -0500] "CONNECT relay-a54c6d92.net.anydesk.com:80 HTTP/1.1" 200 0 "HTTPS" "outgoing via 192.168.50.30"
192.168.6.34 - amorgado [08/Aug/2021:04:12:45 -0500] "POST http://149.154.175.50:80/api HTTP/1.1" 200 399 "HTTP" ""
192.168.10.20 - arodriguez [08/Aug/2021:04:13:07 -0500] "CONNECT relay-a54c6d92.net.anydesk.com:80 HTTP/1.1" 200 0 "HTTPS" "outgoing via 192.168.50.30"
192.168.6.34 - amorgado [08/Aug/2021:04:13:10 -0500] "POST http://149.154.175.50:80/api HTTP/1.1" 200 399 "HTTP" ""
192.168.6.34 - amorgado [08/Aug/2021:04:13:35 -0500] "POST http://149.154.175.50:80/api HTTP/1.1" 200 403 "HTTP" ""
192.168.10.20 - arodriguez [08/Aug/2021:04:13:37 -0500] "CONNECT relay-a54c6d92.net.anydesk.com:80 HTTP/1.1" 200 0 "HTTPS" "outgoing via 192.168.50.30"
192.168.5.107 - jpuñales [08/Aug/2021:04:13:50 -0500] "CONNECT push.services.mozilla.com:443 HTTP/1.1" 200 0 "HTTPS" "outgoing via 192.168.50.30"
192.168.50.220 - servidores [08/Aug/2021:04:13:54 -0500] "CONNECT mirrors.fedoraproject.org:443 HTTP/1.1" 200 0 "HTTPS" "outgoing via 192.168.50.30"
192.168.50.220 - servidores [08/Aug/2021:04:13:59 -0500] "CONNECT repo.ius.io:443 HTTP/1.1" 200 0 "HTTPS" "outgoing via 192.168.50.30"
192.168.6.34 - amorgado [08/Aug/2021:04:14:00 -0500] "POST http://149.154.175.50:80/api HTTP/1.1" 200 399 "HTTP" ""
192.168.50.220 - servidores [08/Aug/2021:04:14:00 -0500] "CONNECT download.postgresql.org:443 HTTP/1.1" 200 0 "HTTPS" "outgoing via 192.168.50.30"
192.168.10.20 - arodriguez [08/Aug/2021:04:14:05 -0500] "CONNECT relay-a54c6d92.net.anydesk.com:80 HTTP/1.1" 200 0 "HTTPS" "outgoing via 192.168.50.30"
192.168.50.220 - servidores [08/Aug/2021:04:14:19 -0500] "CONNECT download.postgresql.org:443 HTTP/1.1" 200 0 "HTTPS" "outgoing via 192.168.50.30"
192.168.50.220 - servidores [08/Aug/2021:04:14:23 -0500] "GET http://mirror.bebout.net/remi/enterprise/7/remi/x86_64/repodata/repomd.xml HTTP/1.1" 200 3519 "HTTP" ""
192.168.50.220 - servidores [08/Aug/2021:04:14:23 -0500] "GET http://mirror.bebout.net/remi/enterprise/7/php72/x86_64/repodata/repomd.xml HTTP/1.1" 200 3517 "HTTP" ""
192.168.50.220 - servidores [08/Aug/2021:04:14:24 -0500] "CONNECT download.rethinkdb.com:443 HTTP/1.1" 200 0 "HTTPS" "outgoing via 192.168.50.30"
192.168.50.220 - servidores [08/Aug/2021:04:14:25 -0500] "GET http://mirror.uepg.br/centos/7.9.2009/extras/x86_64/repodata/repomd.xml HTTP/1.1" 200 3467 "HTTP" ""
192.168.6.34 - amorgado [08/Aug/2021:04:14:25 -0500] "POST http://149.154.175.50:80/api HTTP/1.1" 200 403 "HTTP" ""
192.168.6.34 - amorgado [08/Aug/2021:04:14:28 -0500] "CONNECT 149.154.175.50:443 HTTP/1.1" 200 0 "HTTPS" "outgoing via 192.168.50.30"
192.168.6.34 - amorgado [08/Aug/2021:04:14:28 -0500] "CONNECT 45.142.38.130:9286 HTTP/1.1" 200 0 "HTTPS" "outgoing via 192.168.50.30"
192.168.10.20 - arodriguez [08/Aug/2021:04:14:34 -0500] "CONNECT relay-a54c6d92.net.anydesk.com:80 HTTP/1.1" 200 0 "HTTPS" "outgoing via 192.168.50.30"
192.168.6.34 - amorgado [08/Aug/2021:04:14:51 -0500] "POST http://149.154.175.50:80/api HTTP/1.1" 200 399 "HTTP" ""
192.168.10.20 - arodriguez [08/Aug/2021:04:15:03 -0500] "CONNECT relay-a54c6d92.net.anydesk.com:80 HTTP/1.1" 200 0 "HTTPS" "outgoing via 192.168.50.30"
192.168.6.34 - amorgado [08/Aug/2021:04:15:16 -0500] "POST http://149.154.175.50:80/api HTTP/1.1" 200 395 "HTTP" ""
192.168.10.20 - arodriguez [08/Aug/2021:04:15:17 -0500] "CONNECT relay-283e3f4a.net.anydesk.com:80 HTTP/1.1" 200 0 "HTTPS" "outgoing via 192.168.50.30"
192.168.6.34 - amorgado [08/Aug/2021:04:15:41 -0500] "POST http://149.154.175.50:80/api HTTP/1.1" 200 399 "HTTP" ""
192.168.10.20 - arodriguez [08/Aug/2021:04:15:46 -0500] "CONNECT relay-283e3f4a.net.anydesk.com:80 HTTP/1.1" 200 0 "HTTPS" "outgoing via 192.168.50.30"
192.168.6.34 - amorgado [08/Aug/2021:04:16:06 -0500] "POST http://149.154.175.50:80/api HTTP/1.1" 200 395 "HTTP" ""
192.168.10.20 - arodriguez [08/Aug/2021:04:16:15 -0500] "CONNECT relay-283e3f4a.net.anydesk.com:80 HTTP/1.1" 200 0 "HTTPS" "outgoing via 192.168.50.30"
192.168.6.34 - amorgado [08/Aug/2021:04:16:31 -0500] "POST http://149.154.175.50:80/api HTTP/1.1" 200 403 "HTTP" ""
192.168.5.107 - jpuñales [08/Aug/2021:04:16:39 -0500] "CONNECT safebrowsing.googleapis.com:443 HTTP/1.1" 200 0 "HTTPS" "outgoing via 192.168.50.30"
192.168.10.20 - arodriguez [08/Aug/2021:04:16:44 -0500] "CONNECT relay-283e3f4a.net.anydesk.com:80 HTTP/1.1" 200 0 "HTTPS" "outgoing via 192.168.50.30"
192.168.6.34 - amorgado [08/Aug/2021:04:16:57 -0500] "POST http://149.154.175.50:80/api HTTP/1.1" 200 408 "HTTP" ""
192.168.10.20 - arodriguez [08/Aug/2021:04:17:13 -0500] "CONNECT relay-283e3f4a.net.anydesk.com:80 HTTP/1.1" 200 0 "HTTPS" "outgoing via 192.168.50.30"
192.168.6.34 - amorgado [08/Aug/2021:04:17:22 -0500] "POST http://149.154.175.50:80/api HTTP/1.1" 200 395 "HTTP" ""
192.168.10.20 - arodriguez [08/Aug/2021:04:17:42 -0500] "CONNECT relay-283e3f4a.net.anydesk.com:80 HTTP/1.1" 200 0 "HTTPS" "outgoing via 192.168.50.30"
192.168.6.34 - amorgado [08/Aug/2021:04:17:47 -0500] "POST http://149.154.175.50:80/api HTTP/1.1" 200 395 "HTTP" ""
192.168.10.20 - arodriguez [08/Aug/2021:04:17:55 -0500] "CONNECT relay-f6106504.net.anydesk.com:80 HTTP/1.1" 200 0 "HTTPS" "outgoing via 192.168.50.30"
192.168.6.34 - amorgado [08/Aug/2021:04:18:12 -0500] "POST http://149.154.175.50:80/api HTTP/1.1" 200 399 "HTTP" ""
192.168.10.20 - arodriguez [08/Aug/2021:04:18:25 -0500] "CONNECT relay-f6106504.net.anydesk.com:80 HTTP/1.1" 200 0 "HTTPS" "outgoing via 192.168.50.30"
192.168.6.34 - amorgado [08/Aug/2021:04:18:37 -0500] "POST http://149.154.175.50:80/api HTTP/1.1" 200 403 "HTTP" ""
192.168.10.20 - arodriguez [08/Aug/2021:04:18:54 -0500] "CONNECT relay-f6106504.net.anydesk.com:80 HTTP/1.1" 200 0 "HTTPS" "outgoing via 192.168.50.30"
192.168.6.34 - amorgado [08/Aug/2021:04:19:02 -0500] "POST http://149.154.175.50:80/api HTTP/1.1" 200 408 "HTTP" ""
192.168.10.20 - arodriguez [08/Aug/2021:04:19:22 -0500] "CONNECT relay-f6106504.net.anydesk.com:80 HTTP/1.1" 200 0 "HTTPS" "outgoing via 192.168.50.30"
192.168.6.34 - amorgado [08/Aug/2021:04:19:28 -0500] "POST http://149.154.175.50:80/api HTTP/1.1" 200 395 "HTTP" ""
192.168.6.34 - amorgado [08/Aug/2021:04:19:30 -0500] "CONNECT 149.154.175.50:443 HTTP/1.1" 200 0 "HTTPS" "outgoing via 192.168.50.30"
192.168.6.34 - amorgado [08/Aug/2021:04:19:30 -0500] "CONNECT 45.142.38.130:9286 HTTP/1.1" 200 0 "HTTPS" "outgoing via 192.168.50.30"
192.168.10.20 - arodriguez [08/Aug/2021:04:19:51 -0500] "CONNECT relay-f6106504.net.anydesk.com:80 HTTP/1.1" 200 0 "HTTPS" "outgoing via 192.168.50.30"
192.168.6.34 - amorgado [08/Aug/2021:04:19:53 -0500] "POST http://149.154.175.50:80/api HTTP/1.1" 200 395 "HTTP" ""
192.168.10.20 - arodriguez [08/Aug/2021:04:20:05 -0500] "CONNECT relay-bfb5e868.net.anydesk.com:80 HTTP/1.1" 200 0 "HTTPS" "outgoing via 192.168.50.30"
192.168.6.34 - amorgado [08/Aug/2021:04:20:18 -0500] "POST http://149.154.175.50:80/api HTTP/1.1" 200 395 "HTTP" ""
192.168.10.20 - arodriguez [08/Aug/2021:04:20:34 -0500] "CONNECT relay-bfb5e868.net.anydesk.com:80 HTTP/1.1" 200 0 "HTTPS" "outgoing via 192.168.50.30"
192.168.6.34 - amorgado [08/Aug/2021:04:20:34 -0500] "CONNECT v10.events.data.microsoft.com:443 HTTP/1.1" 200 0 "HTTPS" "outgoing via 192.168.50.30"
192.168.6.34 - amorgado [08/Aug/2021:04:20:43 -0500] "POST http://149.154.175.50:80/api HTTP/1.1" 200 399 "HTTP" ""
192.168.10.20 - arodriguez [08/Aug/2021:04:21:02 -0500] "CONNECT relay-bfb5e868.net.anydesk.com:80 HTTP/1.1" 200 0 "HTTPS" "outgoing via 192.168.50.30"
192.168.6.34 - amorgado [08/Aug/2021:04:21:08 -0500] "POST http://149.154.175.50:80/api HTTP/1.1" 200 395 "HTTP" ""
192.168.10.20 - arodriguez [08/Aug/2021:04:21:16 -0500] "CONNECT relay-bd01ff02.net.anydesk.com:80 HTTP/1.1" 200 0 "HTTPS" "outgoing via 192.168.50.30"
192.168.6.34 - amorgado [08/Aug/2021:04:21:33 -0500] "POST http://149.154.175.50:80/api HTTP/1.1" 200 403 "HTTP" ""
192.168.10.20 - arodriguez [08/Aug/2021:04:21:45 -0500] "CONNECT relay-bd01ff02.net.anydesk.com:80 HTTP/1.1" 200 0 "HTTPS" "outgoing via 192.168.50.30"
192.168.50.100 - servidores [08/Aug/2021:04:21:51 -0500] "GET http://mirror.facom.ufms.br/centos/7.9.2009/os/x86_64/repodata/repomd.xml HTTP/1.1" 200 4137 "HTTP" ""
192.168.6.34 - amorgado [08/Aug/2021:04:21:59 -0500] "POST http://149.154.175.50:80/api HTTP/1.1" 200 403 "HTTP" ""
192.168.10.20 - arodriguez [08/Aug/2021:04:22:14 -0500] "CONNECT relay-bd01ff02.net.anydesk.com:80 HTTP/1.1" 200 0 "HTTPS" "outgoing via 192.168.50.30"
192.168.6.34 - amorgado [08/Aug/2021:04:22:24 -0500] "POST http://149.154.175.50:80/api HTTP/1.1" 200 408 "HTTP" ""
192.168.10.20 - arodriguez [08/Aug/2021:04:22:43 -0500] "CONNECT relay-bd01ff02.net.anydesk.com:80 HTTP/1.1" 200 0 "HTTPS" "outgoing via 192.168.50.30"
192.168.6.34 - amorgado [08/Aug/2021:04:22:49 -0500] "POST http://149.154.175.50:80/api HTTP/1.1" 200 408 "HTTP" ""
192.168.10.20 - arodriguez [08/Aug/2021:04:23:12 -0500] "CONNECT relay-bd01ff02.net.anydesk.com:80 HTTP/1.1" 200 0 "HTTPS" "outgoing via 192.168.50.30"
192.168.6.34 - amorgado [08/Aug/2021:04:23:14 -0500] "POST http://149.154.175.50:80/api HTTP/1.1" 200 395 "HTTP" ""
192.168.10.20 - arodriguez [08/Aug/2021:04:23:26 -0500] "CONNECT relay-a54c6d92.net.anydesk.com:80 HTTP/1.1" 200 0 "HTTPS" "outgoing via 192.168.50.30"
192.168.6.34 - amorgado [08/Aug/2021:04:23:39 -0500] "POST http://149.154.175.50:80/api HTTP/1.1" 200 408 "HTTP" ""
192.168.10.20 - arodriguez [08/Aug/2021:04:23:55 -0500] "CONNECT relay-a54c6d92.net.anydesk.com:80 HTTP/1.1" 200 0 "HTTPS" "outgoing via 192.168.50.30"
192.168.6.34 - amorgado [08/Aug/2021:04:24:05 -0500] "POST http://149.154.175.50:80/api HTTP/1.1" 200 399 "HTTP" ""
192.168.10.20 - arodriguez [08/Aug/2021:04:24:24 -0500] "CONNECT relay-a54c6d92.net.anydesk.com:80 HTTP/1.1" 200 0 "HTTPS" "outgoing via 192.168.50.30"
192.168.6.34 - amorgado [08/Aug/2021:04:24:30 -0500] "POST http://149.154.175.50:80/api HTTP/1.1" 200 395 "HTTP" ""
192.168.6.34 - amorgado [08/Aug/2021:04:24:32 -0500] "CONNECT 149.154.175.50:443 HTTP/1.1" 200 0 "HTTPS" "outgoing via 192.168.50.30"
192.168.6.34 - amorgado [08/Aug/2021:04:24:32 -0500] "CONNECT 45.142.38.130:9286 HTTP/1.1" 200 0 "HTTPS" "outgoing via 192.168.50.30"
192.168.10.20 - arodriguez [08/Aug/2021:04:24:37 -0500] "CONNECT relay-bf5451a5.net.anydesk.com:80 HTTP/1.1" 200 0 "HTTPS" "outgoing via 192.168.50.30"
192.168.6.34 - amorgado [08/Aug/2021:04:24:55 -0500] "POST http://149.154.175.50:80/api HTTP/1.1" 200 408 "HTTP" ""
192.168.10.20 - arodriguez [08/Aug/2021:04:25:06 -0500] "CONNECT relay-bf5451a5.net.anydesk.com:80 HTTP/1.1" 200 0 "HTTPS" "outgoing via 192.168.50.30"
192.168.6.34 - amorgado [08/Aug/2021:04:25:20 -0500] "POST http://149.154.175.50:80/api HTTP/1.1" 200 399 "HTTP" ""
192.168.10.20 - arodriguez [08/Aug/2021:04:25:35 -0500] "CONNECT relay-bf5451a5.net.anydesk.com:80 HTTP/1.1" 200 0 "HTTPS" "outgoing via 192.168.50.30"
192.168.6.34 - amorgado [08/Aug/2021:04:25:45 -0500] "POST http://149.154.175.50:80/api HTTP/1.1" 200 399 "HTTP" ""
192.168.10.20 - arodriguez [08/Aug/2021:04:26:04 -0500] "CONNECT relay-bf5451a5.net.anydesk.com:80 HTTP/1.1" 200 0 "HTTPS" "outgoing via 192.168.50.30"
192.168.6.34 - amorgado [08/Aug/2021:04:26:10 -0500] "POST http://149.154.175.50:80/api HTTP/1.1" 200 395 "HTTP" ""
192.168.10.20 - arodriguez [08/Aug/2021:04:26:18 -0500] "CONNECT relay-bfb5e868.net.anydesk.com:80 HTTP/1.1" 200 0 "HTTPS" "outgoing via 192.168.50.30"
192.168.6.34 - amorgado [08/Aug/2021:04:26:36 -0500] "POST http://149.154.175.50:80/api HTTP/1.1" 200 399 "HTTP" ""
192.168.10.20 - arodriguez [08/Aug/2021:04:26:47 -0500] "CONNECT relay-bfb5e868.net.anydesk.com:80 HTTP/1.1" 200 0 "HTTPS" "outgoing via 192.168.50.30"
192.168.6.34 - amorgado [08/Aug/2021:04:27:01 -0500] "POST http://149.154.175.50:80/api HTTP/1.1" 200 399 "HTTP" ""
192.168.10.20 - arodriguez [08/Aug/2021:04:27:16 -0500] "CONNECT relay-bfb5e868.net.anydesk.com:80 HTTP/1.1" 200 0 "HTTPS" "outgoing via 192.168.50.30"
192.168.6.34 - amorgado [08/Aug/2021:04:27:26 -0500] "POST http://149.154.175.50:80/api HTTP/1.1" 200 403 "HTTP" ""
192.168.10.20 - arodriguez [08/Aug/2021:04:27:45 -0500] "CONNECT relay-bfb5e868.net.anydesk.com:80 HTTP/1.1" 200 0 "HTTPS" "outgoing via 192.168.50.30"
192.168.6.34 - amorgado [08/Aug/2021:04:27:51 -0500] "POST http://149.154.175.50:80/api HTTP/1.1" 200 408 "HTTP" ""
192.168.10.20 - arodriguez [08/Aug/2021:04:27:58 -0500] "CONNECT relay-89970c8c.net.anydesk.com:80 HTTP/1.1" 200 0 "HTTPS" "outgoing via 192.168.50.30"
192.168.6.34 - amorgado [08/Aug/2021:04:28:16 -0500] "POST http://149.154.175.50:80/api HTTP/1.1" 200 403 "HTTP" ""
192.168.10.20 - arodriguez [08/Aug/2021:04:28:27 -0500] "CONNECT relay-89970c8c.net.anydesk.com:80 HTTP/1.1" 200 0 "HTTPS" "outgoing via 192.168.50.30"
192.168.6.34 - amorgado [08/Aug/2021:04:28:41 -0500] "POST http://149.154.175.50:80/api HTTP/1.1" 200 399 "HTTP" ""
192.168.10.20 - arodriguez [08/Aug/2021:04:28:56 -0500] "CONNECT relay-89970c8c.net.anydesk.com:80 HTTP/1.1" 200 0 "HTTPS" "outgoing via 192.168.50.30"
192.168.6.34 - amorgado [08/Aug/2021:04:29:07 -0500] "POST http://149.154.175.50:80/api HTTP/1.1" 200 395 "HTTP" ""
192.168.10.20 - arodriguez [08/Aug/2021:04:29:10 -0500] "CONNECT relay-f6106504.net.anydesk.com:80 HTTP/1.1" 200 0 "HTTPS" "outgoing via 192.168.50.30"
192.168.6.34 - amorgado [08/Aug/2021:04:29:32 -0500] "POST http://149.154.175.50:80/api HTTP/1.1" 200 395 "HTTP" ""
192.168.6.34 - amorgado [08/Aug/2021:04:29:34 -0500] "CONNECT 149.154.175.50:443 HTTP/1.1" 200 0 "HTTPS" "outgoing via 192.168.50.30"
192.168.6.34 - amorgado [08/Aug/2021:04:29:34 -0500] "CONNECT 45.142.38.130:9286 HTTP/1.1" 200 0 "HTTPS" "outgoing via 192.168.50.30"
192.168.10.20 - arodriguez [08/Aug/2021:04:29:39 -0500] "CONNECT relay-f6106504.net.anydesk.com:80 HTTP/1.1" 200 0 "HTTPS" "outgoing via 192.168.50.30"
192.168.6.34 - amorgado [08/Aug/2021:04:29:57 -0500] "POST http://149.154.175.50:80/api HTTP/1.1" 200 403 "HTTP" ""
192.168.10.20 - arodriguez [08/Aug/2021:04:30:08 -0500] "CONNECT relay-f6106504.net.anydesk.com:80 HTTP/1.1" 200 0 "HTTPS" "outgoing via 192.168.50.30"
192.168.10.20 - arodriguez [08/Aug/2021:04:30:21 -0500] "CONNECT relay-12d968bc.net.anydesk.com:80 HTTP/1.1" 200 0 "HTTPS" "outgoing via 192.168.50.30"
192.168.6.34 - amorgado [08/Aug/2021:04:30:22 -0500] "POST http://149.154.175.50:80/api HTTP/1.1" 200 395 "HTTP" ""
192.168.6.34 - amorgado [08/Aug/2021:04:30:28 -0500] "CONNECT settings-win.data.microsoft.com:443 HTTP/1.1" 200 0 "HTTPS" "outgoing via 192.168.50.30"
192.168.6.34 - amorgado [08/Aug/2021:04:30:47 -0500] "POST http://149.154.175.50:80/api HTTP/1.1" 200 399 "HTTP" ""
192.168.10.20 - arodriguez [08/Aug/2021:04:30:50 -0500] "CONNECT relay-12d968bc.net.anydesk.com:80 HTTP/1.1" 200 0 "HTTPS" "outgoing via 192.168.50.30"
192.168.6.34 - amorgado [08/Aug/2021:04:31:13 -0500] "POST http://149.154.175.50:80/api HTTP/1.1" 200 395 "HTTP" ""
192.168.10.20 - arodriguez [08/Aug/2021:04:31:19 -0500] "CONNECT relay-12d968bc.net.anydesk.com:80 HTTP/1.1" 200 0 "HTTPS" "outgoing via 192.168.50.30"
192.168.6.34 - amorgado [08/Aug/2021:04:31:38 -0500] "POST http://149.154.175.50:80/api HTTP/1.1" 200 408 "HTTP" ""
192.168.10.20 - arodriguez [08/Aug/2021:04:31:47 -0500] "CONNECT relay-12d968bc.net.anydesk.com:80 HTTP/1.1" 200 0 "HTTPS" "outgoing via 192.168.50.30"
192.168.6.34 - amorgado [08/Aug/2021:04:32:03 -0500] "POST http://149.154.175.50:80/api HTTP/1.1" 200 395 "HTTP" ""
192.168.10.20 - arodriguez [08/Aug/2021:04:32:16 -0500] "CONNECT relay-12d968bc.net.anydesk.com:80 HTTP/1.1" 200 0 "HTTPS" "outgoing via 192.168.50.30"
192.168.6.34 - amorgado [08/Aug/2021:04:32:28 -0500] "POST http://149.154.175.50:80/api HTTP/1.1" 200 399 "HTTP" ""
192.168.10.20 - arodriguez [08/Aug/2021:04:32:45 -0500] "CONNECT relay-12d968bc.net.anydesk.com:80 HTTP/1.1" 200 0 "HTTPS" "outgoing via 192.168.50.30"
192.168.6.34 - amorgado [08/Aug/2021:04:32:53 -0500] "POST http://149.154.175.50:80/api HTTP/1.1" 200 399 "HTTP" ""
192.168.10.20 - arodriguez [08/Aug/2021:04:33:14 -0500] "CONNECT relay-12d968bc.net.anydesk.com:80 HTTP/1.1" 200 0 "HTTPS" "outgoing via 192.168.50.30"
192.168.6.34 - amorgado [08/Aug/2021:04:33:18 -0500] "POST http://149.154.175.50:80/api HTTP/1.1" 200 408 "HTTP" ""
192.168.10.20 - arodriguez [08/Aug/2021:04:33:43 -0500] "CONNECT relay-12d968bc.net.anydesk.com:80 HTTP/1.1" 200 0 "HTTPS" "outgoing via 192.168.50.30"
192.168.6.34 - amorgado [08/Aug/2021:04:33:44 -0500] "POST http://149.154.175.50:80/api HTTP/1.1" 200 403 "HTTP" ""
192.168.10.20 - arodriguez [08/Aug/2021:04:33:56 -0500] "CONNECT relay-a54c6d92.net.anydesk.com:80 HTTP/1.1" 200 0 "HTTPS" "outgoing via 192.168.50.30"
192.168.6.34 - amorgado [08/Aug/2021:04:34:09 -0500] "POST http://149.154.175.50:80/api HTTP/1.1" 200 395 "HTTP" ""
192.168.10.20 - arodriguez [08/Aug/2021:04:34:25 -0500] "CONNECT relay-a54c6d92.net.anydesk.com:80 HTTP/1.1" 200 0 "HTTPS" "outgoing via 192.168.50.30"
192.168.6.34 - amorgado [08/Aug/2021:04:34:34 -0500] "POST http://149.154.175.50:80/api HTTP/1.1" 200 403 "HTTP" ""
192.168.6.34 - amorgado [08/Aug/2021:04:34:37 -0500] "CONNECT 149.154.175.50:443 HTTP/1.1" 200 0 "HTTPS" "outgoing via 192.168.50.30"
192.168.6.34 - amorgado [08/Aug/2021:04:34:37 -0500] "CONNECT 45.142.38.130:9286 HTTP/1.1" 200 0 "HTTPS" "outgoing via 192.168.50.30"
192.168.10.20 - arodriguez [08/Aug/2021:04:34:54 -0500] "CONNECT relay-a54c6d92.net.anydesk.com:80 HTTP/1.1" 200 0 "HTTPS" "outgoing via 192.168.50.30"
192.168.6.34 - amorgado [08/Aug/2021:04:34:59 -0500] "POST http://149.154.175.50:80/api HTTP/1.1" 200 395 "HTTP" ""
192.168.10.20 - arodriguez [08/Aug/2021:04:35:23 -0500] "CONNECT relay-a54c6d92.net.anydesk.com:80 HTTP/1.1" 200 0 "HTTPS" "outgoing via 192.168.50.30"
192.168.6.34 - amorgado [08/Aug/2021:04:35:24 -0500] "POST http://149.154.175.50:80/api HTTP/1.1" 200 395 "HTTP" ""
192.168.6.34 - amorgado [08/Aug/2021:04:35:49 -0500] "POST http://149.154.175.50:80/api HTTP/1.1" 200 408 "HTTP" ""
192.168.10.20 - arodriguez [08/Aug/2021:04:35:52 -0500] "CONNECT relay-a54c6d92.net.anydesk.com:80 HTTP/1.1" 200 0 "HTTPS" "outgoing via 192.168.50.30"
192.168.10.20 - arodriguez [08/Aug/2021:04:36:06 -0500] "CONNECT relay-922f66f3.net.anydesk.com:80 HTTP/1.1" 200 0 "HTTPS" "outgoing via 192.168.50.30"
192.168.6.34 - amorgado [08/Aug/2021:04:36:15 -0500] "POST http://149.154.175.50:80/api HTTP/1.1" 200 408 "HTTP" ""
192.168.10.20 - arodriguez [08/Aug/2021:04:36:35 -0500] "CONNECT relay-922f66f3.net.anydesk.com:80 HTTP/1.1" 200 0 "HTTPS" "outgoing via 192.168.50.30"
192.168.6.34 - amorgado [08/Aug/2021:04:36:40 -0500] "POST http://149.154.175.50:80/api HTTP/1.1" 200 408 "HTTP" ""
192.168.10.20 - arodriguez [08/Aug/2021:04:37:04 -0500] "CONNECT relay-922f66f3.net.anydesk.com:80 HTTP/1.1" 200 0 "HTTPS" "outgoing via 192.168.50.30"
192.168.6.34 - amorgado [08/Aug/2021:04:37:05 -0500] "POST http://149.154.175.50:80/api HTTP/1.1" 200 395 "HTTP" ""
192.168.10.20 - arodriguez [08/Aug/2021:04:37:18 -0500] "CONNECT relay-096fe6d0.net.anydesk.com:80 HTTP/1.1" 200 0 "HTTPS" "outgoing via 192.168.50.30"
192.168.6.34 - amorgado [08/Aug/2021:04:37:30 -0500] "POST http://149.154.175.50:80/api HTTP/1.1" 200 403 "HTTP" ""
192.168.10.20 - arodriguez [08/Aug/2021:04:37:47 -0500] "CONNECT relay-096fe6d0.net.anydesk.com:80 HTTP/1.1" 200 0 "HTTPS" "outgoing via 192.168.50.30"
192.168.6.34 - amorgado [08/Aug/2021:04:37:55 -0500] "POST http://149.154.175.50:80/api HTTP/1.1" 200 403 "HTTP" ""
192.168.10.20 - arodriguez [08/Aug/2021:04:38:16 -0500] "CONNECT relay-096fe6d0.net.anydesk.com:80 HTTP/1.1" 200 0 "HTTPS" "outgoing via 192.168.50.30"
192.168.6.34 - amorgado [08/Aug/2021:04:38:21 -0500] "POST http://149.154.175.50:80/api HTTP/1.1" 200 403 "HTTP" ""
192.168.10.20 - arodriguez [08/Aug/2021:04:38:45 -0500] "CONNECT relay-096fe6d0.net.anydesk.com:80 HTTP/1.1" 200 0 "HTTPS" "outgoing via 192.168.50.30"
192.168.6.34 - amorgado [08/Aug/2021:04:38:46 -0500] "POST http://149.154.175.50:80/api HTTP/1.1" 200 399 "HTTP" ""
192.168.6.34 - amorgado [08/Aug/2021:04:39:11 -0500] "POST http://149.154.175.50:80/api HTTP/1.1" 200 403 "HTTP" ""
192.168.10.20 - arodriguez [08/Aug/2021:04:39:14 -0500] "CONNECT relay-096fe6d0.net.anydesk.com:80 HTTP/1.1" 200 0 "HTTPS" "outgoing via 192.168.50.30"
192.168.10.20 - arodriguez [08/Aug/2021:04:39:27 -0500] "CONNECT relay-98c2705c.net.anydesk.com:80 HTTP/1.1" 200 0 "HTTPS" "outgoing via 192.168.50.30"
192.168.6.34 - amorgado [08/Aug/2021:04:39:36 -0500] "POST http://149.154.175.50:80/api HTTP/1.1" 200 408 "HTTP" ""
192.168.6.34 - amorgado [08/Aug/2021:04:39:39 -0500] "CONNECT 149.154.175.50:443 HTTP/1.1" 200 0 "HTTPS" "outgoing via 192.168.50.30"
192.168.6.34 - amorgado [08/Aug/2021:04:39:39 -0500] "CONNECT 45.142.38.130:9286 HTTP/1.1" 200 0 "HTTPS" "outgoing via 192.168.50.30"
192.168.10.20 - arodriguez [08/Aug/2021:04:39:56 -0500] "CONNECT relay-98c2705c.net.anydesk.com:80 HTTP/1.1" 200 0 "HTTPS" "outgoing via 192.168.50.30"
192.168.6.34 - amorgado [08/Aug/2021:04:40:01 -0500] "POST http://149.154.175.50:80/api HTTP/1.1" 200 395 "HTTP" ""
192.168.10.20 - arodriguez [08/Aug/2021:04:40:25 -0500] "CONNECT relay-98c2705c.net.anydesk.com:80 HTTP/1.1" 200 0 "HTTPS" "outgoing via 192.168.50.30"
192.168.6.34 - amorgado [08/Aug/2021:04:40:26 -0500] "POST http://149.154.175.50:80/api HTTP/1.1" 200 403 "HTTP" ""
192.168.10.20 - arodriguez [08/Aug/2021:04:40:39 -0500] "CONNECT relay-096fe6d0.net.anydesk.com:80 HTTP/1.1" 200 0 "HTTPS" "outgoing via 192.168.50.30"
192.168.6.34 - amorgado [08/Aug/2021:04:40:52 -0500] "POST http://149.154.175.50:80/api HTTP/1.1" 200 408 "HTTP" ""
192.168.10.20 - arodriguez [08/Aug/2021:04:41:07 -0500] "CONNECT relay-096fe6d0.net.anydesk.com:80 HTTP/1.1" 200 0 "HTTPS" "outgoing via 192.168.50.30"
192.168.6.34 - amorgado [08/Aug/2021:04:41:17 -0500] "POST http://149.154.175.50:80/api HTTP/1.1" 200 408 "HTTP" ""
192.168.50.8 - arodriguez [08/Aug/2021:04:41:17 -0500] "HEAD http://update.eset.com/eset_eval/update.ver HTTP/1.1" 200 384 "HTTP" ""
192.168.50.8 - arodriguez [08/Aug/2021:04:41:28 -0500] "GET http://update.eset.com/eset_eval/update.ver HTTP/1.1" 200 119163 "HTTP" ""
192.168.50.8 - arodriguez [08/Aug/2021:04:41:28 -0500] "HEAD http://update.eset.com/v3-eval-sta/mod_002_engine_50413/em002_32_n1.nup HTTP/1.1" 200 372 "HTTP" ""
192.168.50.8 - arodriguez [08/Aug/2021:04:41:28 -0500] "GET http://update.eset.com/v3-eval-sta/mod_002_engine_50413/em002_32_n1.nup HTTP/1.1" 200 10403 "HTTP" ""
192.168.50.8 - arodriguez [08/Aug/2021:04:41:28 -0500] "HEAD http://update.eset.com/v3-eval-sta/mod_023_pegasus_25470/em023_32_n1.nup HTTP/1.1" 200 375 "HTTP" ""
192.168.50.8 - arodriguez [08/Aug/2021:04:41:28 -0500] "GET http://update.eset.com/v3-eval-sta/mod_023_pegasus_25470/em023_32_n1.nup HTTP/1.1" 200 130532 "HTTP" ""
