192.168.50.8 - arodriguez [08/Aug/2021:04:41:29 -0500] "HEAD http://update.eset.com/v3-eval-sta/mod_002_engine_50413/em002_32_l2.nup HTTP/1.1" 200 377 "HTTP" ""
192.168.10.20 - arodriguez [08/Aug/2021:04:41:37 -0500] "CONNECT relay-096fe6d0.net.anydesk.com:80 HTTP/1.1" 200 0 "HTTPS" "outgoing via 192.168.50.30"
192.168.6.34 - amorgado [08/Aug/2021:04:41:42 -0500] "POST http://149.154.175.50:80/api HTTP/1.1" 200 403 "HTTP" ""
192.168.10.20 - arodriguez [08/Aug/2021:04:41:50 -0500] "CONNECT relay-1954f6f5.net.anydesk.com:80 HTTP/1.1" 200 0 "HTTPS" "outgoing via 192.168.50.30"
192.168.6.34 - amorgado [08/Aug/2021:04:42:07 -0500] "POST http://149.154.175.50:80/api HTTP/1.1" 200 395 "HTTP" ""
192.168.10.20 - arodriguez [08/Aug/2021:04:42:19 -0500] "CONNECT relay-1954f6f5.net.anydesk.com:80 HTTP/1.1" 200 0 "HTTPS" "outgoing via 192.168.50.30"
192.168.6.34 - amorgado [08/Aug/2021:04:42:32 -0500] "POST http://149.154.175.50:80/api HTTP/1.1" 200 395 "HTTP" ""
192.168.10.20 - arodriguez [08/Aug/2021:04:42:48 -0500] "CONNECT relay-1954f6f5.net.anydesk.com:80 HTTP/1.1" 200 0 "HTTPS" "outgoing via 192.168.50.30"
192.168.6.34 - amorgado [08/Aug/2021:04:42:57 -0500] "POST http://149.154.175.50:80/api HTTP/1.1" 200 399 "HTTP" ""
192.168.10.20 - arodriguez [08/Aug/2021:04:43:17 -0500] "CONNECT relay-1954f6f5.net.anydesk.com:80 HTTP/1.1" 200 0 "HTTPS" "outgoing via 192.168.50.30"
192.168.6.34 - amorgado [08/Aug/2021:04:43:23 -0500] "POST http://149.154.175.50:80/api HTTP/1.1" 200 403 "HTTP" ""
192.168.10.20 - arodriguez [08/Aug/2021:04:43:46 -0500] "CONNECT relay-1954f6f5.net.anydesk.com:80 HTTP/1.1" 200 0 "HTTPS" "outgoing via 192.168.50.30"
192.168.6.34 - amorgado [08/Aug/2021:04:43:48 -0500] "POST http://149.154.175.50:80/api HTTP/1.1" 200 403 "HTTP" ""
192.168.10.20 - arodriguez [08/Aug/2021:04:43:59 -0500] "CONNECT relay-12d968bc.net.anydesk.com:80 HTTP/1.1" 200 0 "HTTPS" "outgoing via 192.168.50.30"
192.168.6.34 - amorgado [08/Aug/2021:04:44:13 -0500] "POST http://149.154.175.50:80/api HTTP/1.1" 200 408 "HTTP" ""
192.168.10.20 - arodriguez [08/Aug/2021:04:44:29 -0500] "CONNECT relay-12d968bc.net.anydesk.com:80 HTTP/1.1" 200 0 "HTTPS" "outgoing via 192.168.50.30"
192.168.6.34 - amorgado [08/Aug/2021:04:44:38 -0500] "POST http://149.154.175.50:80/api HTTP/1.1" 200 408 "HTTP" ""
192.168.6.34 - amorgado [08/Aug/2021:04:44:41 -0500] "CONNECT 149.154.175.50:443 HTTP/1.1" 200 0 "HTTPS" "outgoing via 192.168.50.30"
192.168.6.34 - amorgado [08/Aug/2021:04:44:41 -0500] "CONNECT 45.142.38.130:9286 HTTP/1.1" 200 0 "HTTPS" "outgoing via 192.168.50.30"
192.168.10.20 - arodriguez [08/Aug/2021:04:44:58 -0500] "CONNECT relay-12d968bc.net.anydesk.com:80 HTTP/1.1" 200 0 "HTTPS" "outgoing via 192.168.50.30"
192.168.6.34 - amorgado [08/Aug/2021:04:45:03 -0500] "POST http://149.154.175.50:80/api HTTP/1.1" 200 399 "HTTP" ""
192.168.10.20 - arodriguez [08/Aug/2021:04:45:27 -0500] "CONNECT relay-12d968bc.net.anydesk.com:80 HTTP/1.1" 200 0 "HTTPS" "outgoing via 192.168.50.30"
192.168.6.34 - amorgado [08/Aug/2021:04:45:28 -0500] "POST http://149.154.175.50:80/api HTTP/1.1" 200 408 "HTTP" ""
192.168.6.34 - amorgado [08/Aug/2021:04:45:30 -0500] "CONNECT settings-win.data.microsoft.com:443 HTTP/1.1" 200 0 "HTTPS" "outgoing via 192.168.50.30"
192.168.10.20 - arodriguez [08/Aug/2021:04:45:40 -0500] "CONNECT relay-a54c6d92.net.anydesk.com:80 HTTP/1.1" 200 0 "HTTPS" "outgoing via 192.168.50.30"
192.168.6.34 - amorgado [08/Aug/2021:04:45:54 -0500] "POST http://149.154.175.50:80/api HTTP/1.1" 200 403 "HTTP" ""
192.168.10.20 - arodriguez [08/Aug/2021:04:46:09 -0500] "CONNECT relay-a54c6d92.net.anydesk.com:80 HTTP/1.1" 200 0 "HTTPS" "outgoing via 192.168.50.30"
192.168.6.34 - amorgado [08/Aug/2021:04:46:19 -0500] "POST http://149.154.175.50:80/api HTTP/1.1" 200 403 "HTTP" ""
192.168.10.20 - arodriguez [08/Aug/2021:04:46:38 -0500] "CONNECT relay-a54c6d92.net.anydesk.com:80 HTTP/1.1" 200 0 "HTTPS" "outgoing via 192.168.50.30"
192.168.6.34 - amorgado [08/Aug/2021:04:46:44 -0500] "POST http://149.154.175.50:80/api HTTP/1.1" 200 408 "HTTP" ""
192.168.10.20 - arodriguez [08/Aug/2021:04:47:07 -0500] "CONNECT relay-a54c6d92.net.anydesk.com:80 HTTP/1.1" 200 0 "HTTPS" "outgoing via 192.168.50.30"
192.168.5.107 - jpuñales [08/Aug/2021:04:47:07 -0500] "CONNECT safebrowsing.googleapis.com:443 HTTP/1.1" 200 0 "HTTPS" "outgoing via 192.168.50.30"
192.168.6.34 - amorgado [08/Aug/2021:04:47:09 -0500] "POST http://149.154.175.50:80/api HTTP/1.1" 200 408 "HTTP" ""
192.168.6.34 - amorgado [08/Aug/2021:04:47:34 -0500] "POST http://149.154.175.50:80/api HTTP/1.1" 200 408 "HTTP" ""
192.168.10.20 - arodriguez [08/Aug/2021:04:47:36 -0500] "CONNECT relay-a54c6d92.net.anydesk.com:80 HTTP/1.1" 200 0 "HTTPS" "outgoing via 192.168.50.30"
192.168.6.34 - amorgado [08/Aug/2021:04:47:44 -0500] "CONNECT arc.msn.com:443 HTTP/1.0" 200 0 "HTTPS" "outgoing via 192.168.50.30"
192.168.6.34 - amorgado [08/Aug/2021:04:47:44 -0500] "CONNECT arc.msn.com:443 HTTP/1.0" 200 0 "HTTPS" "outgoing via 192.168.50.30"
192.168.6.34 - amorgado [08/Aug/2021:04:47:44 -0500] "CONNECT arc.msn.com:443 HTTP/1.0" 200 0 "HTTPS" "outgoing via 192.168.50.30"
192.168.6.34 - amorgado [08/Aug/2021:04:47:44 -0500] "CONNECT arc.msn.com:443 HTTP/1.0" 200 0 "HTTPS" "outgoing via 192.168.50.30"
192.168.6.34 - amorgado [08/Aug/2021:04:48:00 -0500] "POST http://149.154.175.50:80/api HTTP/1.1" 200 395 "HTTP" ""
192.168.10.20 - arodriguez [08/Aug/2021:04:48:05 -0500] "CONNECT relay-a54c6d92.net.anydesk.com:80 HTTP/1.1" 200 0 "HTTPS" "outgoing via 192.168.50.30"
192.168.6.34 - amorgado [08/Aug/2021:04:48:25 -0500] "POST http://149.154.175.50:80/api HTTP/1.1" 200 399 "HTTP" ""
192.168.10.20 - arodriguez [08/Aug/2021:04:48:33 -0500] "CONNECT relay-a54c6d92.net.anydesk.com:80 HTTP/1.1" 200 0 "HTTPS" "outgoing via 192.168.50.30"
192.168.6.34 - amorgado [08/Aug/2021:04:48:50 -0500] "POST http://149.154.175.50:80/api HTTP/1.1" 200 399 "HTTP" ""
192.168.5.107 - jpuñales [08/Aug/2021:04:48:58 -0500] "CONNECT push.services.mozilla.com:443 HTTP/1.1" 200 0 "HTTPS" "outgoing via 192.168.50.30"
192.168.10.20 - arodriguez [08/Aug/2021:04:49:03 -0500] "CONNECT relay-a54c6d92.net.anydesk.com:80 HTTP/1.1" 200 0 "HTTPS" "outgoing via 192.168.50.30"
192.168.6.34 - amorgado [08/Aug/2021:04:49:15 -0500] "POST http://149.154.175.50:80/api HTTP/1.1" 200 408 "HTTP" ""
192.168.10.20 - arodriguez [08/Aug/2021:04:49:16 -0500] "CONNECT relay-5d364c18.net.anydesk.com:80 HTTP/1.1" 200 0 "HTTPS" "outgoing via 192.168.50.30"
192.168.6.34 - amorgado [08/Aug/2021:04:49:40 -0500] "POST http://149.154.175.50:80/api HTTP/1.1" 200 395 "HTTP" ""
192.168.6.34 - amorgado [08/Aug/2021:04:49:43 -0500] "CONNECT 149.154.175.50:443 HTTP/1.1" 200 0 "HTTPS" "outgoing via 192.168.50.30"
192.168.6.34 - amorgado [08/Aug/2021:04:49:43 -0500] "CONNECT 45.142.38.130:9286 HTTP/1.1" 200 0 "HTTPS" "outgoing via 192.168.50.30"
192.168.10.20 - arodriguez [08/Aug/2021:04:49:45 -0500] "CONNECT relay-5d364c18.net.anydesk.com:80 HTTP/1.1" 200 0 "HTTPS" "outgoing via 192.168.50.30"
192.168.6.34 - amorgado [08/Aug/2021:04:50:05 -0500] "POST http://149.154.175.50:80/api HTTP/1.1" 200 403 "HTTP" ""
192.168.10.20 - arodriguez [08/Aug/2021:04:50:14 -0500] "CONNECT relay-5d364c18.net.anydesk.com:80 HTTP/1.1" 200 0 "HTTPS" "outgoing via 192.168.50.30"
192.168.10.20 - arodriguez [08/Aug/2021:04:50:27 -0500] "CONNECT relay-a54c6d92.net.anydesk.com:80 HTTP/1.1" 200 0 "HTTPS" "outgoing via 192.168.50.30"
192.168.6.34 - amorgado [08/Aug/2021:04:50:31 -0500] "POST http://149.154.175.50:80/api HTTP/1.1" 200 399 "HTTP" ""
192.168.6.34 - amorgado [08/Aug/2021:04:50:53 -0500] "CONNECT arc.msn.com:443 HTTP/1.0" 200 0 "HTTPS" "outgoing via 192.168.50.30"
192.168.6.34 - amorgado [08/Aug/2021:04:50:53 -0500] "CONNECT arc.msn.com:443 HTTP/1.0" 200 0 "HTTPS" "outgoing via 192.168.50.30"
192.168.6.34 - amorgado [08/Aug/2021:04:50:56 -0500] "POST http://149.154.175.50:80/api HTTP/1.1" 200 395 "HTTP" ""
192.168.10.20 - arodriguez [08/Aug/2021:04:50:56 -0500] "CONNECT relay-a54c6d92.net.anydesk.com:80 HTTP/1.1" 200 0 "HTTPS" "outgoing via 192.168.50.30"
192.168.6.34 - amorgado [08/Aug/2021:04:51:21 -0500] "POST http://149.154.175.50:80/api HTTP/1.1" 200 403 "HTTP" ""
192.168.10.20 - arodriguez [08/Aug/2021:04:51:25 -0500] "CONNECT relay-a54c6d92.net.anydesk.com:80 HTTP/1.1" 200 0 "HTTPS" "outgoing via 192.168.50.30"
192.168.10.20 - arodriguez [08/Aug/2021:04:51:39 -0500] "CONNECT relay-98c2705c.net.anydesk.com:80 HTTP/1.1" 200 0 "HTTPS" "outgoing via 192.168.50.30"
192.168.6.34 - amorgado [08/Aug/2021:04:51:46 -0500] "POST http://149.154.175.50:80/api HTTP/1.1" 200 395 "HTTP" ""
192.168.10.20 - arodriguez [08/Aug/2021:04:52:08 -0500] "CONNECT relay-98c2705c.net.anydesk.com:80 HTTP/1.1" 200 0 "HTTPS" "outgoing via 192.168.50.30"
192.168.6.34 - amorgado [08/Aug/2021:04:52:11 -0500] "POST http://149.154.175.50:80/api HTTP/1.1" 200 408 "HTTP" ""
192.168.6.34 - amorgado [08/Aug/2021:04:52:36 -0500] "POST http://149.154.175.50:80/api HTTP/1.1" 200 408 "HTTP" ""
192.168.10.20 - arodriguez [08/Aug/2021:04:52:37 -0500] "CONNECT relay-98c2705c.net.anydesk.com:80 HTTP/1.1" 200 0 "HTTPS" "outgoing via 192.168.50.30"
192.168.6.34 - amorgado [08/Aug/2021:04:52:57 -0500] "CONNECT arc.msn.com:443 HTTP/1.0" 200 0 "HTTPS" "outgoing via 192.168.50.30"
192.168.6.34 - amorgado [08/Aug/2021:04:53:02 -0500] "POST http://149.154.175.50:80/api HTTP/1.1" 200 408 "HTTP" ""
192.168.10.20 - arodriguez [08/Aug/2021:04:53:06 -0500] "CONNECT relay-98c2705c.net.anydesk.com:80 HTTP/1.1" 200 0 "HTTPS" "outgoing via 192.168.50.30"
192.168.6.34 - amorgado [08/Aug/2021:04:53:27 -0500] "POST http://149.154.175.50:80/api HTTP/1.1" 200 408 "HTTP" ""
192.168.10.20 - arodriguez [08/Aug/2021:04:53:35 -0500] "CONNECT relay-98c2705c.net.anydesk.com:80 HTTP/1.1" 200 0 "HTTPS" "outgoing via 192.168.50.30"
192.168.10.20 - arodriguez [08/Aug/2021:04:53:48 -0500] "CONNECT relay-1954f6f5.net.anydesk.com:80 HTTP/1.1" 200 0 "HTTPS" "outgoing via 192.168.50.30"
192.168.6.34 - amorgado [08/Aug/2021:04:53:52 -0500] "POST http://149.154.175.50:80/api HTTP/1.1" 200 399 "HTTP" ""
192.168.6.34 - amorgado [08/Aug/2021:04:54:17 -0500] "POST http://149.154.175.50:80/api HTTP/1.1" 200 399 "HTTP" ""
192.168.10.20 - arodriguez [08/Aug/2021:04:54:18 -0500] "CONNECT relay-1954f6f5.net.anydesk.com:80 HTTP/1.1" 200 0 "HTTPS" "outgoing via 192.168.50.30"
192.168.6.34 - amorgado [08/Aug/2021:04:54:42 -0500] "POST http://149.154.175.50:80/api HTTP/1.1" 200 408 "HTTP" ""
192.168.6.34 - amorgado [08/Aug/2021:04:54:46 -0500] "CONNECT 149.154.175.50:443 HTTP/1.1" 200 0 "HTTPS" "outgoing via 192.168.50.30"
192.168.6.34 - amorgado [08/Aug/2021:04:54:46 -0500] "CONNECT 45.142.38.130:9286 HTTP/1.1" 200 0 "HTTPS" "outgoing via 192.168.50.30"
192.168.10.20 - arodriguez [08/Aug/2021:04:54:47 -0500] "CONNECT relay-1954f6f5.net.anydesk.com:80 HTTP/1.1" 200 0 "HTTPS" "outgoing via 192.168.50.30"
192.168.6.34 - amorgado [08/Aug/2021:04:55:08 -0500] "POST http://149.154.175.50:80/api HTTP/1.1" 200 408 "HTTP" ""
192.168.10.20 - arodriguez [08/Aug/2021:04:55:16 -0500] "CONNECT relay-1954f6f5.net.anydesk.com:80 HTTP/1.1" 200 0 "HTTPS" "outgoing via 192.168.50.30"
192.168.6.34 - amorgado [08/Aug/2021:04:55:33 -0500] "POST http://149.154.175.50:80/api HTTP/1.1" 200 403 "HTTP" ""
192.168.10.20 - arodriguez [08/Aug/2021:04:55:45 -0500] "CONNECT relay-1954f6f5.net.anydesk.com:80 HTTP/1.1" 200 0 "HTTPS" "outgoing via 192.168.50.30"
192.168.6.34 - amorgado [08/Aug/2021:04:55:58 -0500] "POST http://149.154.175.50:80/api HTTP/1.1" 200 408 "HTTP" ""
192.168.10.20 - arodriguez [08/Aug/2021:04:55:58 -0500] "CONNECT relay-629d065f.net.anydesk.com:80 HTTP/1.1" 200 0 "HTTPS" "outgoing via 192.168.50.30"
192.168.6.34 - amorgado [08/Aug/2021:04:56:23 -0500] "POST http://149.154.175.50:80/api HTTP/1.1" 200 395 "HTTP" ""
192.168.10.20 - arodriguez [08/Aug/2021:04:56:27 -0500] "CONNECT relay-629d065f.net.anydesk.com:80 HTTP/1.1" 200 0 "HTTPS" "outgoing via 192.168.50.30"
192.168.6.34 - amorgado [08/Aug/2021:04:56:48 -0500] "POST http://149.154.175.50:80/api HTTP/1.1" 200 403 "HTTP" ""
192.168.10.20 - arodriguez [08/Aug/2021:04:56:56 -0500] "CONNECT relay-629d065f.net.anydesk.com:80 HTTP/1.1" 200 0 "HTTPS" "outgoing via 192.168.50.30"
192.168.6.34 - amorgado [08/Aug/2021:04:57:13 -0500] "POST http://149.154.175.50:80/api HTTP/1.1" 200 395 "HTTP" ""
192.168.10.20 - arodriguez [08/Aug/2021:04:57:25 -0500] "CONNECT relay-629d065f.net.anydesk.com:80 HTTP/1.1" 200 0 "HTTPS" "outgoing via 192.168.50.30"
192.168.6.34 - amorgado [08/Aug/2021:04:57:39 -0500] "POST http://149.154.175.50:80/api HTTP/1.1" 200 399 "HTTP" ""
192.168.10.20 - arodriguez [08/Aug/2021:04:57:54 -0500] "CONNECT relay-629d065f.net.anydesk.com:80 HTTP/1.1" 200 0 "HTTPS" "outgoing via 192.168.50.30"
192.168.6.34 - amorgado [08/Aug/2021:04:58:04 -0500] "POST http://149.154.175.50:80/api HTTP/1.1" 200 403 "HTTP" ""
192.168.10.20 - arodriguez [08/Aug/2021:04:58:08 -0500] "CONNECT relay-bfb5e868.net.anydesk.com:80 HTTP/1.1" 200 0 "HTTPS" "outgoing via 192.168.50.30"
192.168.6.34 - amorgado [08/Aug/2021:04:58:29 -0500] "POST http://149.154.175.50:80/api HTTP/1.1" 200 408 "HTTP" ""
192.168.10.20 - arodriguez [08/Aug/2021:04:58:37 -0500] "CONNECT relay-bfb5e868.net.anydesk.com:80 HTTP/1.1" 200 0 "HTTPS" "outgoing via 192.168.50.30"
192.168.6.34 - amorgado [08/Aug/2021:04:58:54 -0500] "POST http://149.154.175.50:80/api HTTP/1.1" 200 395 "HTTP" ""
192.168.10.20 - arodriguez [08/Aug/2021:04:59:06 -0500] "CONNECT relay-bfb5e868.net.anydesk.com:80 HTTP/1.1" 200 0 "HTTPS" "outgoing via 192.168.50.30"
192.168.6.34 - amorgado [08/Aug/2021:04:59:19 -0500] "POST http://149.154.175.50:80/api HTTP/1.1" 200 403 "HTTP" ""
192.168.10.20 - arodriguez [08/Aug/2021:04:59:35 -0500] "CONNECT relay-bfb5e868.net.anydesk.com:80 HTTP/1.1" 200 0 "HTTPS" "outgoing via 192.168.50.30"
192.168.6.34 - amorgado [08/Aug/2021:04:59:44 -0500] "POST http://149.154.175.50:80/api HTTP/1.1" 200 408 "HTTP" ""
192.168.6.34 - amorgado [08/Aug/2021:04:59:48 -0500] "CONNECT 149.154.175.50:443 HTTP/1.1" 200 0 "HTTPS" "outgoing via 192.168.50.30"
192.168.6.34 - amorgado [08/Aug/2021:04:59:48 -0500] "CONNECT 45.142.38.130:9286 HTTP/1.1" 200 0 "HTTPS" "outgoing via 192.168.50.30"
192.168.10.20 - arodriguez [08/Aug/2021:05:00:04 -0500] "CONNECT relay-bfb5e868.net.anydesk.com:80 HTTP/1.1" 200 0 "HTTPS" "outgoing via 192.168.50.30"
192.168.6.34 - amorgado [08/Aug/2021:05:00:10 -0500] "POST http://149.154.175.50:80/api HTTP/1.1" 200 403 "HTTP" ""
192.168.10.20 - arodriguez [08/Aug/2021:05:00:33 -0500] "CONNECT relay-bfb5e868.net.anydesk.com:80 HTTP/1.1" 200 0 "HTTPS" "outgoing via 192.168.50.30"
192.168.6.34 - amorgado [08/Aug/2021:05:00:35 -0500] "POST http://149.154.175.50:80/api HTTP/1.1" 200 403 "HTTP" ""
192.168.6.34 - amorgado [08/Aug/2021:05:01:00 -0500] "POST http://149.154.175.50:80/api HTTP/1.1" 200 408 "HTTP" ""
192.168.10.20 - arodriguez [08/Aug/2021:05:01:02 -0500] "CONNECT relay-bfb5e868.net.anydesk.com:80 HTTP/1.1" 200 0 "HTTPS" "outgoing via 192.168.50.30"
192.168.6.34 - amorgado [08/Aug/2021:05:01:06 -0500] "CONNECT settings-win.data.microsoft.com:443 HTTP/1.1" 200 0 "HTTPS" "outgoing via 192.168.50.30"
192.168.10.20 - arodriguez [08/Aug/2021:05:01:15 -0500] "CONNECT relay-f6106504.net.anydesk.com:80 HTTP/1.1" 200 0 "HTTPS" "outgoing via 192.168.50.30"
192.168.6.34 - amorgado [08/Aug/2021:05:01:25 -0500] "POST http://149.154.175.50:80/api HTTP/1.1" 200 408 "HTTP" ""
192.168.10.20 - arodriguez [08/Aug/2021:05:01:44 -0500] "CONNECT relay-f6106504.net.anydesk.com:80 HTTP/1.1" 200 0 "HTTPS" "outgoing via 192.168.50.30"
192.168.6.34 - amorgado [08/Aug/2021:05:01:50 -0500] "POST http://149.154.175.50:80/api HTTP/1.1" 200 399 "HTTP" ""
192.168.10.20 - arodriguez [08/Aug/2021:05:02:13 -0500] "CONNECT relay-f6106504.net.anydesk.com:80 HTTP/1.1" 200 0 "HTTPS" "outgoing via 192.168.50.30"
192.168.6.34 - amorgado [08/Aug/2021:05:02:16 -0500] "POST http://149.154.175.50:80/api HTTP/1.1" 200 399 "HTTP" ""
192.168.10.20 - arodriguez [08/Aug/2021:05:02:27 -0500] "CONNECT relay-5f045e20.net.anydesk.com:80 HTTP/1.1" 200 0 "HTTPS" "outgoing via 192.168.50.30"
192.168.6.34 - amorgado [08/Aug/2021:05:02:41 -0500] "POST http://149.154.175.50:80/api HTTP/1.1" 200 395 "HTTP" ""
192.168.10.20 - arodriguez [08/Aug/2021:05:02:56 -0500] "CONNECT relay-5f045e20.net.anydesk.com:80 HTTP/1.1" 200 0 "HTTPS" "outgoing via 192.168.50.30"
192.168.6.34 - amorgado [08/Aug/2021:05:03:06 -0500] "POST http://149.154.175.50:80/api HTTP/1.1" 200 403 "HTTP" ""
192.168.10.20 - arodriguez [08/Aug/2021:05:03:25 -0500] "CONNECT relay-5f045e20.net.anydesk.com:80 HTTP/1.1" 200 0 "HTTPS" "outgoing via 192.168.50.30"
192.168.6.34 - amorgado [08/Aug/2021:05:03:31 -0500] "POST http://149.154.175.50:80/api HTTP/1.1" 200 408 "HTTP" ""
192.168.10.20 - arodriguez [08/Aug/2021:05:03:54 -0500] "CONNECT relay-5f045e20.net.anydesk.com:80 HTTP/1.1" 200 0 "HTTPS" "outgoing via 192.168.50.30"
192.168.6.34 - amorgado [08/Aug/2021:05:03:56 -0500] "POST http://149.154.175.50:80/api HTTP/1.1" 200 399 "HTTP" ""
192.168.5.107 - jpuñales [08/Aug/2021:05:04:05 -0500] "CONNECT push.services.mozilla.com:443 HTTP/1.1" 200 0 "HTTPS" "outgoing via 192.168.50.30"
192.168.10.20 - arodriguez [08/Aug/2021:05:04:07 -0500] "CONNECT relay-1cb4b08e.net.anydesk.com:80 HTTP/1.1" 200 0 "HTTPS" "outgoing via 192.168.50.30"
192.168.6.34 - amorgado [08/Aug/2021:05:04:08 -0500] "CONNECT v10.events.data.microsoft.com:443 HTTP/1.1" 200 0 "HTTPS" "outgoing via 192.168.50.30"
192.168.6.34 - amorgado [08/Aug/2021:05:04:21 -0500] "POST http://149.154.175.50:80/api HTTP/1.1" 200 408 "HTTP" ""
192.168.10.20 - arodriguez [08/Aug/2021:05:04:36 -0500] "CONNECT relay-1cb4b08e.net.anydesk.com:80 HTTP/1.1" 200 0 "HTTPS" "outgoing via 192.168.50.30"
192.168.6.34 - amorgado [08/Aug/2021:05:04:47 -0500] "POST http://149.154.175.50:80/api HTTP/1.1" 200 395 "HTTP" ""
192.168.6.34 - amorgado [08/Aug/2021:05:04:50 -0500] "CONNECT 149.154.175.50:443 HTTP/1.1" 200 0 "HTTPS" "outgoing via 192.168.50.30"
192.168.6.34 - amorgado [08/Aug/2021:05:04:50 -0500] "CONNECT 45.142.38.130:9286 HTTP/1.1" 200 0 "HTTPS" "outgoing via 192.168.50.30"
192.168.10.20 - arodriguez [08/Aug/2021:05:05:05 -0500] "CONNECT relay-1cb4b08e.net.anydesk.com:80 HTTP/1.1" 200 0 "HTTPS" "outgoing via 192.168.50.30"
192.168.6.34 - amorgado [08/Aug/2021:05:05:12 -0500] "POST http://149.154.175.50:80/api HTTP/1.1" 200 408 "HTTP" ""
192.168.10.20 - arodriguez [08/Aug/2021:05:05:34 -0500] "CONNECT relay-1cb4b08e.net.anydesk.com:80 HTTP/1.1" 200 0 "HTTPS" "outgoing via 192.168.50.30"
192.168.6.34 - amorgado [08/Aug/2021:05:05:37 -0500] "POST http://149.154.175.50:80/api HTTP/1.1" 200 395 "HTTP" ""
192.168.6.34 - amorgado [08/Aug/2021:05:06:02 -0500] "POST http://149.154.175.50:80/api HTTP/1.1" 200 395 "HTTP" ""
192.168.10.20 - arodriguez [08/Aug/2021:05:06:03 -0500] "CONNECT relay-1cb4b08e.net.anydesk.com:80 HTTP/1.1" 200 0 "HTTPS" "outgoing via 192.168.50.30"
192.168.6.34 - amorgado [08/Aug/2021:05:06:27 -0500] "POST http://149.154.175.50:80/api HTTP/1.1" 200 399 "HTTP" ""
192.168.10.20 - arodriguez [08/Aug/2021:05:06:32 -0500] "CONNECT relay-1cb4b08e.net.anydesk.com:80 HTTP/1.1" 200 0 "HTTPS" "outgoing via 192.168.50.30"
192.168.6.34 - amorgado [08/Aug/2021:05:06:52 -0500] "POST http://149.154.175.50:80/api HTTP/1.1" 200 408 "HTTP" ""
192.168.10.20 - arodriguez [08/Aug/2021:05:07:01 -0500] "CONNECT relay-1cb4b08e.net.anydesk.com:80 HTTP/1.1" 200 0 "HTTPS" "outgoing via 192.168.50.30"
192.168.6.34 - amorgado [08/Aug/2021:05:07:18 -0500] "POST http://149.154.175.50:80/api HTTP/1.1" 200 408 "HTTP" ""
192.168.10.20 - arodriguez [08/Aug/2021:05:07:30 -0500] "CONNECT relay-1cb4b08e.net.anydesk.com:80 HTTP/1.1" 200 0 "HTTPS" "outgoing via 192.168.50.30"
192.168.6.34 - amorgado [08/Aug/2021:05:07:43 -0500] "POST http://149.154.175.50:80/api HTTP/1.1" 200 403 "HTTP" ""
192.168.10.20 - arodriguez [08/Aug/2021:05:07:59 -0500] "CONNECT relay-1cb4b08e.net.anydesk.com:80 HTTP/1.1" 200 0 "HTTPS" "outgoing via 192.168.50.30"
192.168.6.34 - amorgado [08/Aug/2021:05:08:08 -0500] "POST http://149.154.175.50:80/api HTTP/1.1" 200 399 "HTTP" ""
192.168.10.20 - arodriguez [08/Aug/2021:05:08:13 -0500] "CONNECT relay-bf8a115f.net.anydesk.com:80 HTTP/1.1" 200 0 "HTTPS" "outgoing via 192.168.50.30"
192.168.6.34 - amorgado [08/Aug/2021:05:08:33 -0500] "POST http://149.154.175.50:80/api HTTP/1.1" 200 403 "HTTP" ""
192.168.10.20 - arodriguez [08/Aug/2021:05:08:41 -0500] "CONNECT relay-bf8a115f.net.anydesk.com:80 HTTP/1.1" 200 0 "HTTPS" "outgoing via 192.168.50.30"
192.168.6.34 - amorgado [08/Aug/2021:05:08:58 -0500] "POST http://149.154.175.50:80/api HTTP/1.1" 200 395 "HTTP" ""
192.168.10.20 - arodriguez [08/Aug/2021:05:09:10 -0500] "CONNECT relay-bf8a115f.net.anydesk.com:80 HTTP/1.1" 200 0 "HTTPS" "outgoing via 192.168.50.30"
192.168.6.34 - amorgado [08/Aug/2021:05:09:23 -0500] "POST http://149.154.175.50:80/api HTTP/1.1" 200 395 "HTTP" ""
192.168.10.20 - arodriguez [08/Aug/2021:05:09:24 -0500] "CONNECT relay-f4ae83b1.net.anydesk.com:80 HTTP/1.1" 200 0 "HTTPS" "outgoing via 192.168.50.30"
192.168.6.34 - amorgado [08/Aug/2021:05:09:49 -0500] "POST http://149.154.175.50:80/api HTTP/1.1" 200 395 "HTTP" ""
192.168.6.34 - amorgado [08/Aug/2021:05:09:52 -0500] "CONNECT 149.154.175.50:443 HTTP/1.1" 200 0 "HTTPS" "outgoing via 192.168.50.30"
192.168.6.34 - amorgado [08/Aug/2021:05:09:52 -0500] "CONNECT 45.142.38.130:9286 HTTP/1.1" 200 0 "HTTPS" "outgoing via 192.168.50.30"
192.168.10.20 - arodriguez [08/Aug/2021:05:09:53 -0500] "CONNECT relay-f4ae83b1.net.anydesk.com:80 HTTP/1.1" 200 0 "HTTPS" "outgoing via 192.168.50.30"
192.168.6.34 - amorgado [08/Aug/2021:05:10:14 -0500] "POST http://149.154.175.50:80/api HTTP/1.1" 200 399 "HTTP" ""
192.168.10.20 - arodriguez [08/Aug/2021:05:10:22 -0500] "CONNECT relay-f4ae83b1.net.anydesk.com:80 HTTP/1.1" 200 0 "HTTPS" "outgoing via 192.168.50.30"
192.168.6.34 - amorgado [08/Aug/2021:05:10:39 -0500] "POST http://149.154.175.50:80/api HTTP/1.1" 200 395 "HTTP" ""
192.168.10.20 - arodriguez [08/Aug/2021:05:10:52 -0500] "CONNECT relay-f4ae83b1.net.anydesk.com:80 HTTP/1.1" 200 0 "HTTPS" "outgoing via 192.168.50.30"
192.168.10.20 - arodriguez [08/Aug/2021:05:10:52 -0500] "CONNECT relay-f4ae83b1.net.anydesk.com:443 HTTP/1.1" 200 0 "HTTPS" "outgoing via 192.168.50.30"
192.168.6.34 - amorgado [08/Aug/2021:05:11:04 -0500] "POST http://149.154.175.50:80/api HTTP/1.1" 200 403 "HTTP" ""
192.168.10.20 - arodriguez [08/Aug/2021:05:11:21 -0500] "CONNECT relay-f4ae83b1.net.anydesk.com:80 HTTP/1.1" 200 0 "HTTPS" "outgoing via 192.168.50.30"
192.168.10.20 - arodriguez [08/Aug/2021:05:11:22 -0500] "CONNECT relay-f4ae83b1.net.anydesk.com:443 HTTP/1.1" 200 0 "HTTPS" "outgoing via 192.168.50.30"
192.168.6.34 - amorgado [08/Aug/2021:05:11:29 -0500] "POST http://149.154.175.50:80/api HTTP/1.1" 200 395 "HTTP" ""
192.168.10.20 - arodriguez [08/Aug/2021:05:11:51 -0500] "CONNECT relay-f4ae83b1.net.anydesk.com:80 HTTP/1.1" 200 0 "HTTPS" "outgoing via 192.168.50.30"
192.168.6.34 - amorgado [08/Aug/2021:05:11:55 -0500] "POST http://149.154.175.50:80/api HTTP/1.1" 200 408 "HTTP" ""
192.168.6.34 - amorgado [08/Aug/2021:05:12:20 -0500] "POST http://149.154.175.50:80/api HTTP/1.1" 200 403 "HTTP" ""
192.168.10.20 - arodriguez [08/Aug/2021:05:12:20 -0500] "CONNECT relay-f4ae83b1.net.anydesk.com:80 HTTP/1.1" 200 0 "HTTPS" "outgoing via 192.168.50.30"
192.168.10.20 - arodriguez [08/Aug/2021:05:12:33 -0500] "CONNECT relay-1cb4b08e.net.anydesk.com:80 HTTP/1.1" 200 0 "HTTPS" "outgoing via 192.168.50.30"
192.168.6.34 - amorgado [08/Aug/2021:05:12:45 -0500] "POST http://149.154.175.50:80/api HTTP/1.1" 200 408 "HTTP" ""
192.168.10.20 - arodriguez [08/Aug/2021:05:13:02 -0500] "CONNECT relay-1cb4b08e.net.anydesk.com:80 HTTP/1.1" 200 0 "HTTPS" "outgoing via 192.168.50.30"
192.168.6.34 - amorgado [08/Aug/2021:05:13:10 -0500] "POST http://149.154.175.50:80/api HTTP/1.1" 200 399 "HTTP" ""
192.168.10.20 - arodriguez [08/Aug/2021:05:13:31 -0500] "CONNECT relay-1cb4b08e.net.anydesk.com:80 HTTP/1.1" 200 0 "HTTPS" "outgoing via 192.168.50.30"
192.168.6.34 - amorgado [08/Aug/2021:05:13:35 -0500] "POST http://149.154.175.50:80/api HTTP/1.1" 200 399 "HTTP" ""
192.168.10.20 - arodriguez [08/Aug/2021:05:14:00 -0500] "CONNECT relay-1cb4b08e.net.anydesk.com:80 HTTP/1.1" 200 0 "HTTPS" "outgoing via 192.168.50.30"
192.168.6.34 - amorgado [08/Aug/2021:05:14:00 -0500] "POST http://149.154.175.50:80/api HTTP/1.1" 200 395 "HTTP" ""
192.168.5.107 - jpuñales [08/Aug/2021:05:14:12 -0500] "CONNECT push.services.mozilla.com:443 HTTP/1.1" 200 0 "HTTPS" "outgoing via 192.168.50.30"
192.168.10.20 - arodriguez [08/Aug/2021:05:14:14 -0500] "CONNECT relay-bf8a115f.net.anydesk.com:80 HTTP/1.1" 200 0 "HTTPS" "outgoing via 192.168.50.30"
192.168.6.34 - amorgado [08/Aug/2021:05:14:26 -0500] "POST http://149.154.175.50:80/api HTTP/1.1" 200 408 "HTTP" ""
192.168.10.20 - arodriguez [08/Aug/2021:05:14:43 -0500] "CONNECT relay-bf8a115f.net.anydesk.com:80 HTTP/1.1" 200 0 "HTTPS" "outgoing via 192.168.50.30"
192.168.6.34 - amorgado [08/Aug/2021:05:14:51 -0500] "POST http://149.154.175.50:80/api HTTP/1.1" 200 403 "HTTP" ""
192.168.6.34 - amorgado [08/Aug/2021:05:14:55 -0500] "CONNECT 149.154.175.50:443 HTTP/1.1" 200 0 "HTTPS" "outgoing via 192.168.50.30"
192.168.6.34 - amorgado [08/Aug/2021:05:14:55 -0500] "CONNECT 45.142.38.130:9286 HTTP/1.1" 200 0 "HTTPS" "outgoing via 192.168.50.30"
192.168.10.20 - arodriguez [08/Aug/2021:05:15:12 -0500] "CONNECT relay-bf8a115f.net.anydesk.com:80 HTTP/1.1" 200 0 "HTTPS" "outgoing via 192.168.50.30"
192.168.6.34 - amorgado [08/Aug/2021:05:15:16 -0500] "POST http://149.154.175.50:80/api HTTP/1.1" 200 403 "HTTP" ""
192.168.10.20 - arodriguez [08/Aug/2021:05:15:41 -0500] "CONNECT relay-bf8a115f.net.anydesk.com:80 HTTP/1.1" 200 0 "HTTPS" "outgoing via 192.168.50.30"
192.168.6.34 - amorgado [08/Aug/2021:05:15:41 -0500] "POST http://149.154.175.50:80/api HTTP/1.1" 200 399 "HTTP" ""
192.168.10.20 - arodriguez [08/Aug/2021:05:15:54 -0500] "CONNECT relay-a54c6d92.net.anydesk.com:80 HTTP/1.1" 200 0 "HTTPS" "outgoing via 192.168.50.30"
192.168.6.34 - amorgado [08/Aug/2021:05:16:06 -0500] "POST http://149.154.175.50:80/api HTTP/1.1" 200 403 "HTTP" ""
192.168.10.20 - arodriguez [08/Aug/2021:05:16:23 -0500] "CONNECT relay-a54c6d92.net.anydesk.com:80 HTTP/1.1" 200 0 "HTTPS" "outgoing via 192.168.50.30"
192.168.6.34 - amorgado [08/Aug/2021:05:16:31 -0500] "POST http://149.154.175.50:80/api HTTP/1.1" 200 403 "HTTP" ""
192.168.6.34 - amorgado [08/Aug/2021:05:16:43 -0500] "CONNECT settings-win.data.microsoft.com:443 HTTP/1.1" 200 0 "HTTPS" "outgoing via 192.168.50.30"
192.168.5.107 - jpuñales [08/Aug/2021:05:16:48 -0500] "CONNECT safebrowsing.googleapis.com:443 HTTP/1.1" 200 0 "HTTPS" "outgoing via 192.168.50.30"
192.168.10.20 - arodriguez [08/Aug/2021:05:16:52 -0500] "CONNECT relay-a54c6d92.net.anydesk.com:80 HTTP/1.1" 200 0 "HTTPS" "outgoing via 192.168.50.30"
192.168.6.34 - amorgado [08/Aug/2021:05:16:57 -0500] "POST http://149.154.175.50:80/api HTTP/1.1" 200 408 "HTTP" ""
192.168.10.20 - arodriguez [08/Aug/2021:05:17:21 -0500] "CONNECT relay-a54c6d92.net.anydesk.com:80 HTTP/1.1" 200 0 "HTTPS" "outgoing via 192.168.50.30"
192.168.6.34 - amorgado [08/Aug/2021:05:17:22 -0500] "POST http://149.154.175.50:80/api HTTP/1.1" 200 399 "HTTP" ""
192.168.6.34 - amorgado [08/Aug/2021:05:17:47 -0500] "POST http://149.154.175.50:80/api HTTP/1.1" 200 408 "HTTP" ""
192.168.10.20 - arodriguez [08/Aug/2021:05:17:50 -0500] "CONNECT relay-a54c6d92.net.anydesk.com:80 HTTP/1.1" 200 0 "HTTPS" "outgoing via 192.168.50.30"
192.168.6.34 - amorgado [08/Aug/2021:05:18:12 -0500] "POST http://149.154.175.50:80/api HTTP/1.1" 200 403 "HTTP" ""
192.168.10.20 - arodriguez [08/Aug/2021:05:18:19 -0500] "CONNECT relay-a54c6d92.net.anydesk.com:80 HTTP/1.1" 200 0 "HTTPS" "outgoing via 192.168.50.30"
192.168.10.20 - arodriguez [08/Aug/2021:05:18:33 -0500] "CONNECT relay-54e66660.net.anydesk.com:80 HTTP/1.1" 200 0 "HTTPS" "outgoing via 192.168.50.30"
192.168.6.34 - amorgado [08/Aug/2021:05:18:37 -0500] "POST http://149.154.175.50:80/api HTTP/1.1" 200 408 "HTTP" ""
192.168.10.20 - arodriguez [08/Aug/2021:05:19:02 -0500] "CONNECT relay-54e66660.net.anydesk.com:80 HTTP/1.1" 200 0 "HTTPS" "outgoing via 192.168.50.30"
192.168.6.34 - amorgado [08/Aug/2021:05:19:02 -0500] "POST http://149.154.175.50:80/api HTTP/1.1" 200 399 "HTTP" ""
192.168.6.34 - amorgado [08/Aug/2021:05:19:28 -0500] "POST http://149.154.175.50:80/api HTTP/1.1" 200 395 "HTTP" ""
192.168.10.20 - arodriguez [08/Aug/2021:05:19:31 -0500] "CONNECT relay-54e66660.net.anydesk.com:80 HTTP/1.1" 200 0 "HTTPS" "outgoing via 192.168.50.30"
192.168.10.20 - arodriguez [08/Aug/2021:05:19:44 -0500] "CONNECT relay-283e3f4a.net.anydesk.com:80 HTTP/1.1" 200 0 "HTTPS" "outgoing via 192.168.50.30"
192.168.6.34 - amorgado [08/Aug/2021:05:19:53 -0500] "POST http://149.154.175.50:80/api HTTP/1.1" 200 403 "HTTP" ""
192.168.6.34 - amorgado [08/Aug/2021:05:19:57 -0500] "CONNECT 149.154.175.50:443 HTTP/1.1" 200 0 "HTTPS" "outgoing via 192.168.50.30"
192.168.6.34 - amorgado [08/Aug/2021:05:19:57 -0500] "CONNECT 45.142.38.130:9286 HTTP/1.1" 200 0 "HTTPS" "outgoing via 192.168.50.30"
192.168.10.20 - arodriguez [08/Aug/2021:05:20:13 -0500] "CONNECT relay-283e3f4a.net.anydesk.com:80 HTTP/1.1" 200 0 "HTTPS" "outgoing via 192.168.50.30"
192.168.6.34 - amorgado [08/Aug/2021:05:20:18 -0500] "POST http://149.154.175.50:80/api HTTP/1.1" 200 395 "HTTP" ""
192.168.10.20 - arodriguez [08/Aug/2021:05:20:42 -0500] "CONNECT relay-283e3f4a.net.anydesk.com:80 HTTP/1.1" 200 0 "HTTPS" "outgoing via 192.168.50.30"
192.168.6.34 - amorgado [08/Aug/2021:05:20:43 -0500] "POST http://149.154.175.50:80/api HTTP/1.1" 200 408 "HTTP" ""
192.168.10.20 - arodriguez [08/Aug/2021:05:20:55 -0500] "CONNECT relay-afcf85da.net.anydesk.com:80 HTTP/1.1" 200 0 "HTTPS" "outgoing via 192.168.50.30"
192.168.50.220 - servidores [08/Aug/2021:05:20:59 -0500] "CONNECT mirrors.fedoraproject.org:443 HTTP/1.1" 200 0 "HTTPS" "outgoing via 192.168.50.30"
192.168.50.220 - servidores [08/Aug/2021:05:20:59 -0500] "GET http://mirrorlist.centos.org/?release=7&arch=x86_64&repo=os&infra=stock HTTP/1.1" 200 970 "HTTP" ""
192.168.50.220 - servidores [08/Aug/2021:05:21:00 -0500] "GET http://cdn.remirepo.net/enterprise/7/php72/mirror HTTP/1.1" 200 4167 "HTTP" ""
192.168.50.220 - servidores [08/Aug/2021:05:21:00 -0500] "GET http://mirrorlist.centos.org/?release=7&arch=x86_64&repo=extras&infra=stock HTTP/1.1" 200 997 "HTTP" ""
192.168.50.220 - servidores [08/Aug/2021:05:21:05 -0500] "CONNECT epel.mirror.shastacoe.net:443 HTTP/1.1" 200 0 "HTTPS" "outgoing via 192.168.50.30"
192.168.50.220 - servidores [08/Aug/2021:05:21:07 -0500] "CONNECT repo.ius.io:443 HTTP/1.1" 200 0 "HTTPS" "outgoing via 192.168.50.30"
192.168.50.220 - servidores [08/Aug/2021:05:21:08 -0500] "CONNECT download.postgresql.org:443 HTTP/1.1" 200 0 "HTTPS" "outgoing via 192.168.50.30"
192.168.6.34 - amorgado [08/Aug/2021:05:21:08 -0500] "POST http://149.154.175.50:80/api HTTP/1.1" 200 395 "HTTP" ""
192.168.10.20 - arodriguez [08/Aug/2021:05:21:24 -0500] "CONNECT relay-afcf85da.net.anydesk.com:80 HTTP/1.1" 200 0 "HTTPS" "outgoing via 192.168.50.30"
192.168.50.220 - servidores [08/Aug/2021:05:21:26 -0500] "CONNECT download.postgresql.org:443 HTTP/1.1" 200 0 "HTTPS" "outgoing via 192.168.50.30"
192.168.50.220 - servidores [08/Aug/2021:05:21:31 -0500] "GET http://mirror.awanti.com/remi/enterprise/7/remi/x86_64/repodata/repomd.xml HTTP/1.1" 200 3566 "HTTP" ""
192.168.50.220 - servidores [08/Aug/2021:05:21:31 -0500] "GET http://mirror.awanti.com/remi/enterprise/7/php72/x86_64/repodata/repomd.xml HTTP/1.1" 200 3553 "HTTP" ""
192.168.50.220 - servidores [08/Aug/2021:05:21:32 -0500] "CONNECT download.rethinkdb.com:443 HTTP/1.1" 200 0 "HTTPS" "outgoing via 192.168.50.30"
192.168.50.220 - servidores [08/Aug/2021:05:21:33 -0500] "GET http://mirror.uepg.br/centos/7.9.2009/os/x86_64/repodata/repomd.xml HTTP/1.1" 200 4249 "HTTP" ""
192.168.6.34 - amorgado [08/Aug/2021:05:21:34 -0500] "POST http://149.154.175.50:80/api HTTP/1.1" 200 395 "HTTP" ""
192.168.50.220 - servidores [08/Aug/2021:05:21:34 -0500] "CONNECT epel.mirror.constant.com:443 HTTP/1.1" 200 0 "HTTPS" "outgoing via 192.168.50.30"
192.168.50.220 - servidores [08/Aug/2021:05:21:34 -0500] "CONNECT epel.mirror.shastacoe.net:443 HTTP/1.1" 200 0 "HTTPS" "outgoing via 192.168.50.30"
192.168.50.220 - servidores [08/Aug/2021:05:21:48 -0500] "CONNECT mirrors.chroot.ro:443 HTTP/1.1" 200 0 "HTTPS" "outgoing via 192.168.50.30"
192.168.10.20 - arodriguez [08/Aug/2021:05:21:53 -0500] "CONNECT relay-afcf85da.net.anydesk.com:80 HTTP/1.1" 200 0 "HTTPS" "outgoing via 192.168.50.30"
192.168.6.34 - amorgado [08/Aug/2021:05:21:59 -0500] "POST http://149.154.175.50:80/api HTTP/1.1" 200 399 "HTTP" ""
192.168.10.20 - arodriguez [08/Aug/2021:05:22:06 -0500] "CONNECT relay-a54c6d92.net.anydesk.com:80 HTTP/1.1" 200 0 "HTTPS" "outgoing via 192.168.50.30"
192.168.6.34 - amorgado [08/Aug/2021:05:22:24 -0500] "POST http://149.154.175.50:80/api HTTP/1.1" 200 395 "HTTP" ""
192.168.10.20 - arodriguez [08/Aug/2021:05:22:35 -0500] "CONNECT relay-a54c6d92.net.anydesk.com:80 HTTP/1.1" 200 0 "HTTPS" "outgoing via 192.168.50.30"
192.168.6.34 - amorgado [08/Aug/2021:05:22:49 -0500] "POST http://149.154.175.50:80/api HTTP/1.1" 200 399 "HTTP" ""
192.168.50.220 - servidores [08/Aug/2021:05:22:59 -0500] "GET http://mirrorlist.centos.org/?release=7&arch=x86_64&repo=updates&infra=stock HTTP/1.1" 200 1012 "HTTP" ""
192.168.50.220 - servidores [08/Aug/2021:05:22:59 -0500] "GET http://cdn.remirepo.net/enterprise/7/safe/mirror HTTP/1.1" 200 4168 "HTTP" ""
192.168.50.220 - servidores [08/Aug/2021:05:22:59 -0500] "GET http://rpms.remirepo.net/enterprise/7/remi/mirror HTTP/1.1" 200 4154 "HTTP" ""
192.168.50.50 - servidores [08/Aug/2021:05:23:00 -0500] "CONNECT mirrors.fedoraproject.org:443 HTTP/1.1" 200 0 "HTTPS" "outgoing via 192.168.50.30"
192.168.6.34 - amorgado [08/Aug/2021:05:23:03 -0500] "CONNECT config.edge.skype.com:443 HTTP/1.1" 200 0 "HTTPS" "outgoing via 192.168.50.30"
192.168.6.34 - amorgado [08/Aug/2021:05:23:03 -0500] "CONNECT config.edge.skype.com:443 HTTP/1.1" 200 0 "HTTPS" "outgoing via 192.168.50.30"
192.168.50.220 - servidores [08/Aug/2021:05:23:03 -0500] "GET http://download.draios.com/stable/rpm/x86_64/repodata/repomd.xml HTTP/1.1" 200 3537 "HTTP" ""
192.168.6.34 - amorgado [08/Aug/2021:05:23:03 -0500] "CONNECT config.edge.skype.com:443 HTTP/1.1" 200 0 "HTTPS" "outgoing via 192.168.50.30"
192.168.6.34 - amorgado [08/Aug/2021:05:23:03 -0500] "CONNECT config.edge.skype.com:443 HTTP/1.1" 200 0 "HTTPS" "outgoing via 192.168.50.30"
192.168.6.34 - amorgado [08/Aug/2021:05:23:03 -0500] "CONNECT config.edge.skype.com:443 HTTP/1.1" 200 0 "HTTPS" "outgoing via 192.168.50.30"
192.168.6.34 - amorgado [08/Aug/2021:05:23:03 -0500] "CONNECT config.edge.skype.com:443 HTTP/1.1" 200 0 "HTTPS" "outgoing via 192.168.50.30"
192.168.10.20 - arodriguez [08/Aug/2021:05:23:04 -0500] "CONNECT relay-a54c6d92.net.anydesk.com:80 HTTP/1.1" 200 0 "HTTPS" "outgoing via 192.168.50.30"
192.168.50.220 - servidores [08/Aug/2021:05:23:05 -0500] "GET http://mirror.ueb.edu.ec/centos/7.9.2009/extras/x86_64/repodata/repomd.xml HTTP/1.1" 200 3358 "HTTP" ""
192.168.6.34 - amorgado [08/Aug/2021:05:23:14 -0500] "POST http://149.154.175.50:80/api HTTP/1.1" 200 408 "HTTP" ""
192.168.10.20 - arodriguez [08/Aug/2021:05:23:18 -0500] "CONNECT relay-8b8e1425.net.anydesk.com:80 HTTP/1.1" 200 0 "HTTPS" "outgoing via 192.168.50.30"
192.168.50.50 - servidores [08/Aug/2021:05:23:18 -0500] "CONNECT remi.mirror.digitalpacific.com.au:443 HTTP/1.1" 200 0 "HTTPS" "outgoing via 192.168.50.30"
192.168.50.50 - servidores [08/Aug/2021:05:23:21 -0500] "GET http://mirror.uepg.br/centos/7.9.2009/os/x86_64/repodata/repomd.xml HTTP/1.1" 200 4249 "HTTP" ""
192.168.50.50 - servidores [08/Aug/2021:05:23:28 -0500] "CONNECT mirror.us-midwest-1.nexcess.net:443 HTTP/1.1" 200 0 "HTTPS" "outgoing via 192.168.50.30"
192.168.50.50 - servidores [08/Aug/2021:05:23:28 -0500] "CONNECT mirrors.sonic.net:443 HTTP/1.1" 200 0 "HTTPS" "outgoing via 192.168.50.30"
192.168.50.50 - servidores [08/Aug/2021:05:23:28 -0500] "CONNECT iad.mirror.rackspace.com:443 HTTP/1.1" 200 0 "HTTPS" "outgoing via 192.168.50.30"
192.168.50.220 - servidores [08/Aug/2021:05:23:30 -0500] "GET http://mirror.awanti.com/remi/enterprise/7/safe/x86_64/repodata/repomd.xml HTTP/1.1" 200 3566 "HTTP" ""
192.168.50.220 - servidores [08/Aug/2021:05:23:32 -0500] "GET http://mirror.uepg.br/centos/7.9.2009/updates/x86_64/repodata/repomd.xml HTTP/1.1" 200 3423 "HTTP" ""
192.168.50.220 - servidores [08/Aug/2021:05:23:34 -0500] "GET http://mirrors.liquidweb.com/fedora-epel/7/x86_64/repodata/2823e98bc9dc8faa8674dac24409c0ac0f6ea18bd3fcf9b2add46384ef310a3a-prestodelta.xml.gz HTTP/1.1" 200 794 "HTTP" ""
192.168.50.220 - servidores [08/Aug/2021:05:23:34 -0500] "GET http://mirror.awanti.com/remi/enterprise/7/php72/x86_64/repodata/1242d5763f2858855e74cbb8cb594f768b97311758460751d05d60f94d2ca725-filelists.sqlite.bz2 HTTP/1.1" 200 174373 "HTTP" ""
192.168.50.220 - servidores [08/Aug/2021:05:23:37 -0500] "GET http://mirror.siena.edu/epel/7/x86_64/repodata/c168081a73e3a250e1c9b51f46c5d78e524edabe6715586324073c3c7071e3ea-updateinfo.xml.bz2 HTTP/1.1" 200 1078401 "HTTP" ""
192.168.6.34 - amorgado [08/Aug/2021:05:23:39 -0500] "POST http://149.154.175.50:80/api HTTP/1.1" 200 408 "HTTP" ""
192.168.10.20 - arodriguez [08/Aug/2021:05:23:47 -0500] "CONNECT relay-8b8e1425.net.anydesk.com:80 HTTP/1.1" 200 0 "HTTPS" "outgoing via 192.168.50.30"
192.168.50.100 - servidores [08/Aug/2021:05:23:58 -0500] "GET http://mirror.facom.ufms.br/centos/7.9.2009/os/x86_64/repodata/repomd.xml HTTP/1.1" 200 4137 "HTTP" ""
192.168.6.34 - amorgado [08/Aug/2021:05:24:05 -0500] "POST http://149.154.175.50:80/api HTTP/1.1" 200 403 "HTTP" ""
192.168.10.20 - arodriguez [08/Aug/2021:05:24:16 -0500] "CONNECT relay-8b8e1425.net.anydesk.com:80 HTTP/1.1" 200 0 "HTTPS" "outgoing via 192.168.50.30"
192.168.10.20 - arodriguez [08/Aug/2021:05:24:29 -0500] "CONNECT relay-54e66660.net.anydesk.com:80 HTTP/1.1" 200 0 "HTTPS" "outgoing via 192.168.50.30"
192.168.6.34 - amorgado [08/Aug/2021:05:24:30 -0500] "POST http://149.154.175.50:80/api HTTP/1.1" 200 408 "HTTP" ""
192.168.6.34 - amorgado [08/Aug/2021:05:24:55 -0500] "POST http://149.154.175.50:80/api HTTP/1.1" 200 395 "HTTP" ""
192.168.10.20 - arodriguez [08/Aug/2021:05:24:58 -0500] "CONNECT relay-54e66660.net.anydesk.com:80 HTTP/1.1" 200 0 "HTTPS" "outgoing via 192.168.50.30"
192.168.6.34 - amorgado [08/Aug/2021:05:25:00 -0500] "CONNECT 149.154.175.50:443 HTTP/1.1" 200 0 "HTTPS" "outgoing via 192.168.50.30"
192.168.6.34 - amorgado [08/Aug/2021:05:25:00 -0500] "CONNECT 45.142.38.130:9286 HTTP/1.1" 200 0 "HTTPS" "outgoing via 192.168.50.30"
192.168.50.50 - servidores [08/Aug/2021:05:25:14 -0500] "GET http://packages.oit.ncsu.edu/epel/7/x86_64/repodata/repomd.xml HTTP/1.1" 200 5210 "HTTP" ""
192.168.50.50 - servidores [08/Aug/2021:05:25:14 -0500] "GET http://mirror.facom.ufms.br/centos/7.9.2009/extras/x86_64/repodata/repomd.xml HTTP/1.1" 200 3398 "HTTP" ""
192.168.6.34 - amorgado [08/Aug/2021:05:25:20 -0500] "POST http://149.154.175.50:80/api HTTP/1.1" 200 399 "HTTP" ""
192.168.50.50 - servidores [08/Aug/2021:05:25:21 -0500] "GET http://mirror.uepg.br/centos/7.9.2009/updates/x86_64/repodata/repomd.xml HTTP/1.1" 200 3423 "HTTP" ""
192.168.10.20 - arodriguez [08/Aug/2021:05:25:27 -0500] "CONNECT relay-54e66660.net.anydesk.com:80 HTTP/1.1" 200 0 "HTTPS" "outgoing via 192.168.50.30"
192.168.10.20 - arodriguez [08/Aug/2021:05:25:40 -0500] "CONNECT relay-8897650c.net.anydesk.com:80 HTTP/1.1" 200 0 "HTTPS" "outgoing via 192.168.50.30"
192.168.6.34 - amorgado [08/Aug/2021:05:25:45 -0500] "POST http://149.154.175.50:80/api HTTP/1.1" 200 395 "HTTP" ""
192.168.10.20 - arodriguez [08/Aug/2021:05:26:10 -0500] "CONNECT relay-8897650c.net.anydesk.com:80 HTTP/1.1" 200 0 "HTTPS" "outgoing via 192.168.50.30"
192.168.6.34 - amorgado [08/Aug/2021:05:26:11 -0500] "POST http://149.154.175.50:80/api HTTP/1.1" 200 395 "HTTP" ""
192.168.6.34 - amorgado [08/Aug/2021:05:26:36 -0500] "POST http://149.154.175.50:80/api HTTP/1.1" 200 403 "HTTP" ""
192.168.10.20 - arodriguez [08/Aug/2021:05:26:38 -0500] "CONNECT relay-8897650c.net.anydesk.com:80 HTTP/1.1" 200 0 "HTTPS" "outgoing via 192.168.50.30"
192.168.6.34 - amorgado [08/Aug/2021:05:27:01 -0500] "POST http://149.154.175.50:80/api HTTP/1.1" 200 403 "HTTP" ""
192.168.10.20 - arodriguez [08/Aug/2021:05:27:07 -0500] "CONNECT relay-8897650c.net.anydesk.com:80 HTTP/1.1" 200 0 "HTTPS" "outgoing via 192.168.50.30"
192.168.10.20 - arodriguez [08/Aug/2021:05:27:21 -0500] "CONNECT relay-a54c6d92.net.anydesk.com:80 HTTP/1.1" 200 0 "HTTPS" "outgoing via 192.168.50.30"
192.168.6.34 - amorgado [08/Aug/2021:05:27:26 -0500] "POST http://149.154.175.50:80/api HTTP/1.1" 200 403 "HTTP" ""
192.168.10.20 - arodriguez [08/Aug/2021:05:27:50 -0500] "CONNECT relay-a54c6d92.net.anydesk.com:80 HTTP/1.1" 200 0 "HTTPS" "outgoing via 192.168.50.30"
192.168.6.34 - amorgado [08/Aug/2021:05:27:51 -0500] "POST http://149.154.175.50:80/api HTTP/1.1" 200 408 "HTTP" ""
192.168.6.34 - amorgado [08/Aug/2021:05:28:16 -0500] "POST http://149.154.175.50:80/api HTTP/1.1" 200 408 "HTTP" ""
192.168.10.20 - arodriguez [08/Aug/2021:05:28:19 -0500] "CONNECT relay-a54c6d92.net.anydesk.com:80 HTTP/1.1" 200 0 "HTTPS" "outgoing via 192.168.50.30"
192.168.6.34 - amorgado [08/Aug/2021:05:28:42 -0500] "POST http://149.154.175.50:80/api HTTP/1.1" 200 395 "HTTP" ""
192.168.10.20 - arodriguez [08/Aug/2021:05:28:48 -0500] "CONNECT relay-a54c6d92.net.anydesk.com:80 HTTP/1.1" 200 0 "HTTPS" "outgoing via 192.168.50.30"
192.168.6.34 - amorgado [08/Aug/2021:05:29:07 -0500] "POST http://149.154.175.50:80/api HTTP/1.1" 200 403 "HTTP" ""
192.168.10.20 - arodriguez [08/Aug/2021:05:29:16 -0500] "CONNECT relay-a54c6d92.net.anydesk.com:80 HTTP/1.1" 200 0 "HTTPS" "outgoing via 192.168.50.30"
192.168.10.20 - arodriguez [08/Aug/2021:05:29:30 -0500] "CONNECT relay-497b2e35.net.anydesk.com:80 HTTP/1.1" 200 0 "HTTPS" "outgoing via 192.168.50.30"
192.168.6.34 - amorgado [08/Aug/2021:05:29:32 -0500] "POST http://149.154.175.50:80/api HTTP/1.1" 200 403 "HTTP" ""
192.168.6.34 - amorgado [08/Aug/2021:05:29:57 -0500] "POST http://149.154.175.50:80/api HTTP/1.1" 200 403 "HTTP" ""
192.168.10.20 - arodriguez [08/Aug/2021:05:29:59 -0500] "CONNECT relay-497b2e35.net.anydesk.com:80 HTTP/1.1" 200 0 "HTTPS" "outgoing via 192.168.50.30"
192.168.6.34 - amorgado [08/Aug/2021:05:30:02 -0500] "CONNECT 149.154.175.50:443 HTTP/1.1" 200 0 "HTTPS" "outgoing via 192.168.50.30"
192.168.6.34 - amorgado [08/Aug/2021:05:30:02 -0500] "CONNECT 45.142.38.130:9286 HTTP/1.1" 200 0 "HTTPS" "outgoing via 192.168.50.30"
192.168.6.34 - amorgado [08/Aug/2021:05:30:22 -0500] "POST http://149.154.175.50:80/api HTTP/1.1" 200 408 "HTTP" ""
192.168.10.20 - arodriguez [08/Aug/2021:05:30:28 -0500] "CONNECT relay-497b2e35.net.anydesk.com:80 HTTP/1.1" 200 0 "HTTPS" "outgoing via 192.168.50.30"
192.168.6.34 - amorgado [08/Aug/2021:05:30:47 -0500] "POST http://149.154.175.50:80/api HTTP/1.1" 200 408 "HTTP" ""
192.168.10.20 - arodriguez [08/Aug/2021:05:30:57 -0500] "CONNECT relay-497b2e35.net.anydesk.com:80 HTTP/1.1" 200 0 "HTTPS" "outgoing via 192.168.50.30"
192.168.6.34 - amorgado [08/Aug/2021:05:31:13 -0500] "POST http://149.154.175.50:80/api HTTP/1.1" 200 395 "HTTP" ""
192.168.50.8 - arodriguez [08/Aug/2021:05:31:17 -0500] "HEAD http://update.eset.com/eset_eval/update.ver HTTP/1.1" 200 384 "HTTP" ""
192.168.10.20 - arodriguez [08/Aug/2021:05:31:26 -0500] "CONNECT relay-497b2e35.net.anydesk.com:80 HTTP/1.1" 200 0 "HTTPS" "outgoing via 192.168.50.30"
192.168.50.8 - arodriguez [08/Aug/2021:05:31:30 -0500] "GET http://update.eset.com/eset_eval/update.ver HTTP/1.1" 200 119163 "HTTP" ""
192.168.50.8 - arodriguez [08/Aug/2021:05:31:31 -0500] "HEAD http://update.eset.com/v3-eval-sta/mod_002_engine_50413/em002_32_l2.nup HTTP/1.1" 200 377 "HTTP" ""
192.168.6.34 - amorgado [08/Aug/2021:05:31:38 -0500] "POST http://149.154.175.50:80/api HTTP/1.1" 200 408 "HTTP" ""
192.168.10.20 - arodriguez [08/Aug/2021:05:31:39 -0500] "CONNECT relay-bfcb38ab.net.anydesk.com:80 HTTP/1.1" 200 0 "HTTPS" "outgoing via 192.168.50.30"
192.168.6.34 - amorgado [08/Aug/2021:05:32:03 -0500] "POST http://149.154.175.50:80/api HTTP/1.1" 200 399 "HTTP" ""
192.168.10.20 - arodriguez [08/Aug/2021:05:32:08 -0500] "CONNECT relay-bfcb38ab.net.anydesk.com:80 HTTP/1.1" 200 0 "HTTPS" "outgoing via 192.168.50.30"
192.168.6.34 - amorgado [08/Aug/2021:05:32:28 -0500] "POST http://149.154.175.50:80/api HTTP/1.1" 200 399 "HTTP" ""
192.168.10.20 - arodriguez [08/Aug/2021:05:32:37 -0500] "CONNECT relay-bfcb38ab.net.anydesk.com:80 HTTP/1.1" 200 0 "HTTPS" "outgoing via 192.168.50.30"
192.168.6.34 - amorgado [08/Aug/2021:05:32:53 -0500] "POST http://149.154.175.50:80/api HTTP/1.1" 200 403 "HTTP" ""
192.168.10.20 - arodriguez [08/Aug/2021:05:33:06 -0500] "CONNECT relay-bfcb38ab.net.anydesk.com:80 HTTP/1.1" 200 0 "HTTPS" "outgoing via 192.168.50.30"
192.168.6.34 - amorgado [08/Aug/2021:05:33:18 -0500] "POST http://149.154.175.50:80/api HTTP/1.1" 200 403 "HTTP" ""
192.168.10.20 - arodriguez [08/Aug/2021:05:33:35 -0500] "CONNECT relay-bfcb38ab.net.anydesk.com:80 HTTP/1.1" 200 0 "HTTPS" "outgoing via 192.168.50.30"
192.168.6.34 - amorgado [08/Aug/2021:05:33:44 -0500] "POST http://149.154.175.50:80/api HTTP/1.1" 200 399 "HTTP" ""
192.168.10.20 - arodriguez [08/Aug/2021:05:34:04 -0500] "CONNECT relay-bfcb38ab.net.anydesk.com:80 HTTP/1.1" 200 0 "HTTPS" "outgoing via 192.168.50.30"
192.168.6.34 - amorgado [08/Aug/2021:05:34:08 -0500] "CONNECT v10.events.data.microsoft.com:443 HTTP/1.1" 200 0 "HTTPS" "outgoing via 192.168.50.30"
192.168.6.34 - amorgado [08/Aug/2021:05:34:09 -0500] "POST http://149.154.175.50:80/api HTTP/1.1" 200 403 "HTTP" ""
192.168.5.107 - jpuñales [08/Aug/2021:05:34:19 -0500] "CONNECT push.services.mozilla.com:443 HTTP/1.1" 200 0 "HTTPS" "outgoing via 192.168.50.30"
192.168.10.20 - arodriguez [08/Aug/2021:05:34:33 -0500] "CONNECT relay-bfcb38ab.net.anydesk.com:80 HTTP/1.1" 200 0 "HTTPS" "outgoing via 192.168.50.30"
192.168.6.34 - amorgado [08/Aug/2021:05:34:34 -0500] "POST http://149.154.175.50:80/api HTTP/1.1" 200 395 "HTTP" ""
192.168.10.20 - arodriguez [08/Aug/2021:05:34:46 -0500] "CONNECT relay-1954f6f5.net.anydesk.com:80 HTTP/1.1" 200 0 "HTTPS" "outgoing via 192.168.50.30"
192.168.6.34 - amorgado [08/Aug/2021:05:34:59 -0500] "POST http://149.154.175.50:80/api HTTP/1.1" 200 395 "HTTP" ""
192.168.6.34 - amorgado [08/Aug/2021:05:35:04 -0500] "CONNECT 149.154.175.50:443 HTTP/1.1" 200 0 "HTTPS" "outgoing via 192.168.50.30"
192.168.6.34 - amorgado [08/Aug/2021:05:35:04 -0500] "CONNECT 45.142.38.130:9286 HTTP/1.1" 200 0 "HTTPS" "outgoing via 192.168.50.30"
192.168.10.20 - arodriguez [08/Aug/2021:05:35:15 -0500] "CONNECT relay-1954f6f5.net.anydesk.com:80 HTTP/1.1" 200 0 "HTTPS" "outgoing via 192.168.50.30"
192.168.6.34 - amorgado [08/Aug/2021:05:35:24 -0500] "POST http://149.154.175.50:80/api HTTP/1.1" 200 403 "HTTP" ""
192.168.10.20 - arodriguez [08/Aug/2021:05:35:44 -0500] "CONNECT relay-1954f6f5.net.anydesk.com:80 HTTP/1.1" 200 0 "HTTPS" "outgoing via 192.168.50.30"
192.168.6.34 - amorgado [08/Aug/2021:05:35:50 -0500] "POST http://149.154.175.50:80/api HTTP/1.1" 200 408 "HTTP" ""
192.168.10.20 - arodriguez [08/Aug/2021:05:36:13 -0500] "CONNECT relay-1954f6f5.net.anydesk.com:80 HTTP/1.1" 200 0 "HTTPS" "outgoing via 192.168.50.30"
192.168.6.34 - amorgado [08/Aug/2021:05:36:15 -0500] "POST http://149.154.175.50:80/api HTTP/1.1" 200 408 "HTTP" ""
192.168.6.34 - amorgado [08/Aug/2021:05:36:40 -0500] "POST http://149.154.175.50:80/api HTTP/1.1" 200 403 "HTTP" ""
192.168.10.20 - arodriguez [08/Aug/2021:05:36:42 -0500] "CONNECT relay-1954f6f5.net.anydesk.com:80 HTTP/1.1" 200 0 "HTTPS" "outgoing via 192.168.50.30"
192.168.10.20 - arodriguez [08/Aug/2021:05:36:55 -0500] "CONNECT relay-096fe6d0.net.anydesk.com:80 HTTP/1.1" 200 0 "HTTPS" "outgoing via 192.168.50.30"
192.168.6.34 - amorgado [08/Aug/2021:05:37:05 -0500] "POST http://149.154.175.50:80/api HTTP/1.1" 200 403 "HTTP" ""
192.168.10.20 - arodriguez [08/Aug/2021:05:37:24 -0500] "CONNECT relay-096fe6d0.net.anydesk.com:80 HTTP/1.1" 200 0 "HTTPS" "outgoing via 192.168.50.30"
192.168.6.34 - amorgado [08/Aug/2021:05:37:30 -0500] "POST http://149.154.175.50:80/api HTTP/1.1" 200 399 "HTTP" ""
192.168.10.20 - arodriguez [08/Aug/2021:05:37:53 -0500] "CONNECT relay-096fe6d0.net.anydesk.com:80 HTTP/1.1" 200 0 "HTTPS" "outgoing via 192.168.50.30"
192.168.6.34 - amorgado [08/Aug/2021:05:37:55 -0500] "POST http://149.154.175.50:80/api HTTP/1.1" 200 408 "HTTP" ""
192.168.6.34 - amorgado [08/Aug/2021:05:38:21 -0500] "POST http://149.154.175.50:80/api HTTP/1.1" 200 395 "HTTP" ""
192.168.10.20 - arodriguez [08/Aug/2021:05:38:22 -0500] "CONNECT relay-096fe6d0.net.anydesk.com:80 HTTP/1.1" 200 0 "HTTPS" "outgoing via 192.168.50.30"
192.168.10.20 - arodriguez [08/Aug/2021:05:38:36 -0500] "CONNECT relay-a54c6d92.net.anydesk.com:80 HTTP/1.1" 200 0 "HTTPS" "outgoing via 192.168.50.30"
192.168.6.34 - amorgado [08/Aug/2021:05:38:46 -0500] "POST http://149.154.175.50:80/api HTTP/1.1" 200 395 "HTTP" ""
192.168.10.20 - arodriguez [08/Aug/2021:05:39:04 -0500] "CONNECT relay-a54c6d92.net.anydesk.com:80 HTTP/1.1" 200 0 "HTTPS" "outgoing via 192.168.50.30"
192.168.6.34 - amorgado [08/Aug/2021:05:39:11 -0500] "POST http://149.154.175.50:80/api HTTP/1.1" 200 408 "HTTP" ""
192.168.10.20 - arodriguez [08/Aug/2021:05:39:33 -0500] "CONNECT relay-a54c6d92.net.anydesk.com:80 HTTP/1.1" 200 0 "HTTPS" "outgoing via 192.168.50.30"
192.168.6.34 - amorgado [08/Aug/2021:05:39:36 -0500] "POST http://149.154.175.50:80/api HTTP/1.1" 200 399 "HTTP" ""
192.168.6.34 - amorgado [08/Aug/2021:05:40:01 -0500] "POST http://149.154.175.50:80/api HTTP/1.1" 200 395 "HTTP" ""
