192.168.3.21 - rodolfo [02/Oct/2021:11:15:45 -0500] "GET http://detectportal.firefox.com/success.txt?ipv4 HTTP/1.1" 200 362 "HTTP" ""
192.168.3.21 - rodolfo [02/Oct/2021:11:15:45 -0500] "CONNECT static.doubleclick.net:443 HTTP/1.1" 200 0 "HTTPS" "outgoing via 192.168.50.30"
192.168.3.21 - rodolfo [02/Oct/2021:11:15:45 -0500] "GET http://detectportal.firefox.com/success.txt HTTP/1.1" 200 362 "HTTP" ""
192.168.3.21 - rodolfo [02/Oct/2021:11:15:45 -0500] "GET http://detectportal.firefox.com/success.txt?ipv4 HTTP/1.1" 200 362 "HTTP" ""
192.168.3.21 - rodolfo [02/Oct/2021:11:15:45 -0500] "CONNECT sb.scorecardresearch.com:443 HTTP/1.1" 200 0 "HTTPS" "outgoing via 192.168.50.30"
192.168.10.20 - arodriguez [02/Oct/2021:11:15:46 -0500] "CONNECT relay-f9f6c937.net.anydesk.com:80 HTTP/1.1" 200 0 "HTTPS" "outgoing via 192.168.50.30"
192.168.3.21 - rodolfo [02/Oct/2021:11:15:46 -0500] "GET http://detectportal.firefox.com/success.txt HTTP/1.1" 200 362 "HTTP" ""
192.168.50.220 - servidores [02/Oct/2021:11:15:46 -0500] "GET http://mirror.unimagdalena.edu.co/centos/7.9.2009/os/x86_64/repodata/repomd.xml HTTP/1.1" 200 4155 "HTTP" ""
192.168.3.21 - rodolfo [02/Oct/2021:11:15:46 -0500] "CONNECT safebrowsing.googleapis.com:443 HTTP/1.1" 200 0 "HTTPS" "outgoing via 192.168.50.30"
192.168.3.21 - rodolfo [02/Oct/2021:11:15:46 -0500] "CONNECT www.google.com:443 HTTP/1.1" 200 0 "HTTPS" "outgoing via 192.168.50.30"
192.168.3.21 - rodolfo [02/Oct/2021:11:15:47 -0500] "POST http://ocsp.pki.goog/gts1c3 HTTP/1.1" 200 850 "HTTP" ""
192.168.50.220 - servidores [02/Oct/2021:11:15:47 -0500] "CONNECT repo.ius.io:443 HTTP/1.1" 200 0 "HTTPS" "outgoing via 192.168.50.30"
192.168.3.21 - rodolfo [02/Oct/2021:11:15:47 -0500] "CONNECT yt3.ggpht.com:443 HTTP/1.1" 200 0 "HTTPS" "outgoing via 192.168.50.30"
192.168.3.21 - rodolfo [02/Oct/2021:11:15:47 -0500] "CONNECT i.ytimg.com:443 HTTP/1.1" 200 0 "HTTPS" "outgoing via 192.168.50.30"
192.168.50.220 - servidores [02/Oct/2021:11:15:49 -0500] "CONNECT download.postgresql.org:443 HTTP/1.1" 200 0 "HTTPS" "outgoing via 192.168.50.30"
192.168.3.21 - rodolfo [02/Oct/2021:11:15:53 -0500] "CONNECT bbc.gscontxt.net:443 HTTP/1.1" 200 0 "HTTPS" "outgoing via 192.168.50.30"
192.168.3.21 - rodolfo [02/Oct/2021:11:15:53 -0500] "CONNECT gn-web-assets.api.bbc.com:443 HTTP/1.1" 200 0 "HTTPS" "outgoing via 192.168.50.30"
192.168.3.21 - rodolfo [02/Oct/2021:11:15:53 -0500] "CONNECT gn-web-assets.api.bbc.com:443 HTTP/1.1" 200 0 "HTTPS" "outgoing via 192.168.50.30"
192.168.3.21 - rodolfo [02/Oct/2021:11:15:54 -0500] "CONNECT securepubads.g.doubleclick.net:443 HTTP/1.1" 200 0 "HTTPS" "outgoing via 192.168.50.30"
192.168.3.21 - rodolfo [02/Oct/2021:11:15:55 -0500] "GET http://detectportal.firefox.com/success.txt?ipv4 HTTP/1.1" 200 362 "HTTP" ""
192.168.3.21 - rodolfo [02/Oct/2021:11:15:56 -0500] "CONNECT bbc.gscontxt.net:443 HTTP/1.1" 200 0 "HTTPS" "outgoing via 192.168.50.30"
192.168.3.21 - rodolfo [02/Oct/2021:11:15:56 -0500] "CONNECT edigitalsurvey.com:443 HTTP/1.1" 200 0 "HTTPS" "outgoing via 192.168.50.30"
192.168.3.21 - rodolfo [02/Oct/2021:11:15:57 -0500] "CONNECT securepubads.g.doubleclick.net:443 HTTP/1.1" 200 0 "HTTPS" "outgoing via 192.168.50.30"
192.168.3.21 - rodolfo [02/Oct/2021:11:15:57 -0500] "CONNECT collector.effectivemeasure.net:443 HTTP/1.1" 200 0 "HTTPS" "outgoing via 192.168.50.30"
192.168.3.21 - rodolfo [02/Oct/2021:11:15:57 -0500] "GET http://detectportal.firefox.com/success.txt HTTP/1.1" 200 362 "HTTP" ""
192.168.3.21 - rodolfo [02/Oct/2021:11:15:57 -0500] "CONNECT collector.effectivemeasure.net:443 HTTP/1.1" 200 0 "HTTPS" "outgoing via 192.168.50.30"
192.168.3.21 - rodolfo [02/Oct/2021:11:16:02 -0500] "GET http://detectportal.firefox.com/success.txt?ipv4 HTTP/1.1" 200 362 "HTTP" ""
192.168.3.21 - rodolfo [02/Oct/2021:11:16:07 -0500] "CONNECT ichef.bbci.co.uk:443 HTTP/1.1" 200 0 "HTTPS" "outgoing via 192.168.50.30"
192.168.50.220 - servidores [02/Oct/2021:11:16:08 -0500] "CONNECT download.postgresql.org:443 HTTP/1.1" 200 0 "HTTPS" "outgoing via 192.168.50.30"
192.168.3.21 - rodolfo [02/Oct/2021:11:16:10 -0500] "CONNECT gel.files.bbci.co.uk:443 HTTP/1.1" 200 0 "HTTPS" "outgoing via 192.168.50.30"
192.168.3.21 - rodolfo [02/Oct/2021:11:16:10 -0500] "CONNECT googleads.g.doubleclick.net:443 HTTP/1.1" 200 0 "HTTPS" "outgoing via 192.168.50.30"
192.168.3.21 - rodolfo [02/Oct/2021:11:16:10 -0500] "CONNECT sb.scorecardresearch.com:443 HTTP/1.1" 200 0 "HTTPS" "outgoing via 192.168.50.30"
192.168.3.21 - rodolfo [02/Oct/2021:11:16:10 -0500] "CONNECT static.doubleclick.net:443 HTTP/1.1" 200 0 "HTTPS" "outgoing via 192.168.50.30"
192.168.3.21 - rodolfo [02/Oct/2021:11:16:11 -0500] "GET http://detectportal.firefox.com/success.txt HTTP/1.1" 200 362 "HTTP" ""
192.168.50.220 - servidores [02/Oct/2021:11:16:12 -0500] "GET http://rpms.remirepo.net/enterprise/7/remi/x86_64/repodata/repomd.xml HTTP/1.1" 200 3511 "HTTP" ""
192.168.50.220 - servidores [02/Oct/2021:11:16:12 -0500] "GET http://rpms.remirepo.net/enterprise/7/php72/x86_64/repodata/repomd.xml HTTP/1.1" 200 3499 "HTTP" ""
192.168.3.21 - rodolfo [02/Oct/2021:11:16:12 -0500] "GET http://detectportal.firefox.com/success.txt?ipv4 HTTP/1.1" 200 362 "HTTP" ""
192.168.50.220 - servidores [02/Oct/2021:11:16:14 -0500] "CONNECT download.rethinkdb.com:443 HTTP/1.1" 200 0 "HTTPS" "outgoing via 192.168.50.30"
192.168.50.220 - servidores [02/Oct/2021:11:16:14 -0500] "GET http://mirror.unimagdalena.edu.co/centos/7.9.2009/extras/x86_64/repodata/repomd.xml HTTP/1.1" 200 3375 "HTTP" ""
192.168.10.20 - arodriguez [02/Oct/2021:11:16:14 -0500] "CONNECT relay-f9f6c937.net.anydesk.com:80 HTTP/1.1" 200 0 "HTTPS" "outgoing via 192.168.50.30"
192.168.3.21 - rodolfo [02/Oct/2021:11:16:15 -0500] "CONNECT europe-west1-bbc-otg-traf-mgr-bq-prod-4591.cloudfunctions.net:443 HTTP/1.1" 200 0 "HTTPS" "outgoing via 192.168.50.30"
192.168.3.21 - rodolfo [02/Oct/2021:11:16:15 -0500] "CONNECT csi.gstatic.com:443 HTTP/1.1" 200 0 "HTTPS" "outgoing via 192.168.50.30"
192.168.3.21 - rodolfo [02/Oct/2021:11:16:16 -0500] "POST http://ocsp.pki.goog/gts1c3 HTTP/1.1" 200 849 "HTTP" ""
192.168.3.21 - rodolfo [02/Oct/2021:11:16:17 -0500] "CONNECT pagead2.googlesyndication.com:443 HTTP/1.1" 200 0 "HTTPS" "outgoing via 192.168.50.30"
192.168.3.21 - rodolfo [02/Oct/2021:11:16:19 -0500] "CONNECT googleads.g.doubleclick.net:443 HTTP/1.1" 200 0 "HTTPS" "outgoing via 192.168.50.30"
192.168.3.21 - rodolfo [02/Oct/2021:11:16:19 -0500] "GET http://detectportal.firefox.com/success.txt HTTP/1.1" 200 362 "HTTP" ""
192.168.3.21 - rodolfo [02/Oct/2021:11:16:19 -0500] "GET http://detectportal.firefox.com/success.txt?ipv4 HTTP/1.1" 200 362 "HTTP" ""
192.168.3.21 - rodolfo [02/Oct/2021:11:16:19 -0500] "CONNECT bbc.gscontxt.net:443 HTTP/1.1" 200 0 "HTTPS" "outgoing via 192.168.50.30"
192.168.3.21 - rodolfo [02/Oct/2021:11:16:19 -0500] "CONNECT securepubads.g.doubleclick.net:443 HTTP/1.1" 200 0 "HTTPS" "outgoing via 192.168.50.30"
192.168.3.21 - rodolfo [02/Oct/2021:11:16:19 -0500] "GET http://detectportal.firefox.com/success.txt HTTP/1.1" 200 362 "HTTP" ""
192.168.3.21 - rodolfo [02/Oct/2021:11:16:19 -0500] "GET http://detectportal.firefox.com/success.txt?ipv4 HTTP/1.1" 200 362 "HTTP" ""
192.168.3.21 - rodolfo [02/Oct/2021:11:16:38 -0500] "CONNECT gn-web-assets.api.bbc.com:443 HTTP/1.1" 200 0 "HTTPS" "outgoing via 192.168.50.30"
192.168.10.20 - arodriguez [02/Oct/2021:11:16:44 -0500] "CONNECT relay-f9f6c937.net.anydesk.com:80 HTTP/1.1" 200 0 "HTTPS" "outgoing via 192.168.50.30"
192.168.3.21 - rodolfo [02/Oct/2021:11:16:46 -0500] "CONNECT gn-web-assets.api.bbc.com:443 HTTP/1.1" 200 0 "HTTPS" "outgoing via 192.168.50.30"
192.168.3.21 - rodolfo [02/Oct/2021:11:16:46 -0500] "CONNECT bbc.gscontxt.net:443 HTTP/1.1" 200 0 "HTTPS" "outgoing via 192.168.50.30"
192.168.3.21 - rodolfo [02/Oct/2021:11:16:47 -0500] "CONNECT securepubads.g.doubleclick.net:443 HTTP/1.1" 200 0 "HTTPS" "outgoing via 192.168.50.30"
192.168.3.21 - rodolfo [02/Oct/2021:11:16:47 -0500] "GET http://detectportal.firefox.com/success.txt HTTP/1.1" 200 362 "HTTP" ""
192.168.3.21 - rodolfo [02/Oct/2021:11:16:47 -0500] "CONNECT sb.scorecardresearch.com:443 HTTP/1.1" 200 0 "HTTPS" "outgoing via 192.168.50.30"
192.168.3.21 - rodolfo [02/Oct/2021:11:16:47 -0500] "GET http://detectportal.firefox.com/success.txt?ipv4 HTTP/1.1" 200 362 "HTTP" ""
192.168.50.100 - servidores [02/Oct/2021:11:16:56 -0500] "GET http://mirror.uepg.br/centos/7.9.2009/os/x86_64/repodata/repomd.xml HTTP/1.1" 200 4249 "HTTP" ""
192.168.10.20 - arodriguez [02/Oct/2021:11:17:12 -0500] "CONNECT relay-f9f6c937.net.anydesk.com:80 HTTP/1.1" 200 0 "HTTPS" "outgoing via 192.168.50.30"
192.168.3.21 - rodolfo [02/Oct/2021:11:17:27 -0500] "CONNECT ichef.bbci.co.uk:443 HTTP/1.1" 200 0 "HTTPS" "outgoing via 192.168.50.30"
192.168.10.20 - arodriguez [02/Oct/2021:11:17:42 -0500] "CONNECT relay-f9f6c937.net.anydesk.com:80 HTTP/1.1" 200 0 "HTTPS" "outgoing via 192.168.50.30"
192.168.3.21 - rodolfo [02/Oct/2021:11:17:47 -0500] "CONNECT googleads.g.doubleclick.net:443 HTTP/1.1" 200 0 "HTTPS" "outgoing via 192.168.50.30"
192.168.3.21 - rodolfo [02/Oct/2021:11:17:47 -0500] "GET http://detectportal.firefox.com/success.txt HTTP/1.1" 200 362 "HTTP" ""
192.168.3.21 - rodolfo [02/Oct/2021:11:17:47 -0500] "GET http://detectportal.firefox.com/success.txt?ipv4 HTTP/1.1" 200 362 "HTTP" ""
192.168.3.21 - rodolfo [02/Oct/2021:11:17:48 -0500] "CONNECT signaler-pa.clients6.google.com:443 HTTP/1.1" 200 0 "HTTPS" "outgoing via 192.168.50.30"
192.168.3.21 - rodolfo [02/Oct/2021:11:18:01 -0500] "CONNECT ichef.bbci.co.uk:443 HTTP/1.1" 200 0 "HTTPS" "outgoing via 192.168.50.30"
192.168.10.20 - arodriguez [02/Oct/2021:11:18:11 -0500] "CONNECT relay-f9f6c937.net.anydesk.com:80 HTTP/1.1" 200 0 "HTTPS" "outgoing via 192.168.50.30"
192.168.10.20 - arodriguez [02/Oct/2021:11:18:40 -0500] "CONNECT relay-f9f6c937.net.anydesk.com:80 HTTP/1.1" 200 0 "HTTPS" "outgoing via 192.168.50.30"
192.168.10.20 - arodriguez [02/Oct/2021:11:18:54 -0500] "CONNECT relay-bfb5e868.net.anydesk.com:80 HTTP/1.1" 200 0 "HTTPS" "outgoing via 192.168.50.30"
192.168.3.21 - rodolfo [02/Oct/2021:11:18:56 -0500] "CONNECT ichef.bbci.co.uk:443 HTTP/1.1" 200 0 "HTTPS" "outgoing via 192.168.50.30"
192.168.10.20 - arodriguez [02/Oct/2021:11:19:23 -0500] "CONNECT relay-bfb5e868.net.anydesk.com:80 HTTP/1.1" 200 0 "HTTPS" "outgoing via 192.168.50.30"
192.168.3.21 - rodolfo [02/Oct/2021:11:19:24 -0500] "CONNECT ichef.bbci.co.uk:443 HTTP/1.1" 200 0 "HTTPS" "outgoing via 192.168.50.30"
192.168.3.21 - rodolfo [02/Oct/2021:11:19:30 -0500] "CONNECT ichef.bbci.co.uk:443 HTTP/1.1" 200 0 "HTTPS" "outgoing via 192.168.50.30"
192.168.3.21 - rodolfo [02/Oct/2021:11:19:46 -0500] "CONNECT ichef.bbci.co.uk:443 HTTP/1.1" 200 0 "HTTPS" "outgoing via 192.168.50.30"
192.168.3.21 - rodolfo [02/Oct/2021:11:19:49 -0500] "CONNECT googleads.g.doubleclick.net:443 HTTP/1.1" 200 0 "HTTPS" "outgoing via 192.168.50.30"
192.168.10.20 - arodriguez [02/Oct/2021:11:19:52 -0500] "CONNECT relay-bfb5e868.net.anydesk.com:80 HTTP/1.1" 200 0 "HTTPS" "outgoing via 192.168.50.30"
192.168.3.21 - rodolfo [02/Oct/2021:11:20:13 -0500] "CONNECT www.youtube.com:443 HTTP/1.1" 200 0 "HTTPS" "outgoing via 192.168.50.30"
192.168.3.21 - rodolfo [02/Oct/2021:11:20:14 -0500] "CONNECT googleads.g.doubleclick.net:443 HTTP/1.1" 200 0 "HTTPS" "outgoing via 192.168.50.30"
192.168.3.21 - rodolfo [02/Oct/2021:11:20:14 -0500] "CONNECT www.google.com:443 HTTP/1.1" 200 0 "HTTPS" "outgoing via 192.168.50.30"
192.168.3.21 - rodolfo [02/Oct/2021:11:20:14 -0500] "CONNECT i.ytimg.com:443 HTTP/1.1" 200 0 "HTTPS" "outgoing via 192.168.50.30"
192.168.3.21 - rodolfo [02/Oct/2021:11:20:15 -0500] "CONNECT static.doubleclick.net:443 HTTP/1.1" 200 0 "HTTPS" "outgoing via 192.168.50.30"
192.168.3.21 - rodolfo [02/Oct/2021:11:20:15 -0500] "GET http://detectportal.firefox.com/success.txt HTTP/1.1" 200 362 "HTTP" ""
192.168.3.21 - rodolfo [02/Oct/2021:11:20:17 -0500] "GET http://detectportal.firefox.com/success.txt?ipv4 HTTP/1.1" 200 362 "HTTP" ""
192.168.10.20 - arodriguez [02/Oct/2021:11:20:21 -0500] "CONNECT relay-bfb5e868.net.anydesk.com:80 HTTP/1.1" 200 0 "HTTPS" "outgoing via 192.168.50.30"
192.168.3.21 - rodolfo [02/Oct/2021:11:20:22 -0500] "CONNECT csi.gstatic.com:443 HTTP/1.1" 200 0 "HTTPS" "outgoing via 192.168.50.30"
192.168.3.21 - rodolfo [02/Oct/2021:11:20:24 -0500] "CONNECT a1.api.bbc.co.uk:443 HTTP/1.1" 200 0 "HTTPS" "outgoing via 192.168.50.30"
192.168.10.20 - arodriguez [02/Oct/2021:11:20:50 -0500] "CONNECT relay-bfb5e868.net.anydesk.com:80 HTTP/1.1" 200 0 "HTTPS" "outgoing via 192.168.50.30"
192.168.3.21 - rodolfo [02/Oct/2021:11:20:51 -0500] "GET http://detectportal.firefox.com/success.txt HTTP/1.1" 200 362 "HTTP" ""
192.168.3.21 - rodolfo [02/Oct/2021:11:20:51 -0500] "GET http://detectportal.firefox.com/success.txt?ipv4 HTTP/1.1" 200 362 "HTTP" ""
192.168.3.21 - rodolfo [02/Oct/2021:11:20:51 -0500] "GET http://detectportal.firefox.com/success.txt?ipv4 HTTP/1.1" 200 362 "HTTP" ""
192.168.10.20 - arodriguez [02/Oct/2021:11:21:04 -0500] "CONNECT relay-b51eac1f.net.anydesk.com:80 HTTP/1.1" 200 0 "HTTPS" "outgoing via 192.168.50.30"
192.168.3.21 - rodolfo [02/Oct/2021:11:21:05 -0500] "CONNECT ssl.gstatic.com:443 HTTP/1.1" 200 0 "HTTPS" "outgoing via 192.168.50.30"
192.168.3.21 - rodolfo [02/Oct/2021:11:21:05 -0500] "GET http://detectportal.firefox.com/success.txt HTTP/1.1" 200 362 "HTTP" ""
192.168.3.21 - rodolfo [02/Oct/2021:11:21:05 -0500] "GET http://detectportal.firefox.com/success.txt?ipv4 HTTP/1.1" 200 362 "HTTP" ""
192.168.3.21 - rodolfo [02/Oct/2021:11:21:05 -0500] "CONNECT 0.client-channel.google.com:443 HTTP/1.1" 200 0 "HTTPS" "outgoing via 192.168.50.30"
192.168.3.21 - rodolfo [02/Oct/2021:11:21:06 -0500] "GET http://detectportal.firefox.com/success.txt?ipv4 HTTP/1.1" 200 362 "HTTP" ""
192.168.3.21 - rodolfo [02/Oct/2021:11:21:07 -0500] "GET http://detectportal.firefox.com/success.txt?ipv4 HTTP/1.1" 200 362 "HTTP" ""
192.168.3.21 - rodolfo [02/Oct/2021:11:21:07 -0500] "GET http://detectportal.firefox.com/success.txt HTTP/1.1" 200 362 "HTTP" ""
192.168.3.21 - rodolfo [02/Oct/2021:11:21:08 -0500] "GET http://detectportal.firefox.com/success.txt?ipv4 HTTP/1.1" 200 362 "HTTP" ""
192.168.10.20 - arodriguez [02/Oct/2021:11:21:33 -0500] "CONNECT relay-b51eac1f.net.anydesk.com:80 HTTP/1.1" 200 0 "HTTPS" "outgoing via 192.168.50.30"
192.168.10.20 - arodriguez [02/Oct/2021:11:22:02 -0500] "CONNECT relay-b51eac1f.net.anydesk.com:80 HTTP/1.1" 200 0 "HTTPS" "outgoing via 192.168.50.30"
192.168.3.21 - rodolfo [02/Oct/2021:11:22:30 -0500] "GET http://detectportal.firefox.com/success.txt?ipv4 HTTP/1.1" 200 362 "HTTP" ""
192.168.3.21 - rodolfo [02/Oct/2021:11:22:30 -0500] "GET http://detectportal.firefox.com/success.txt HTTP/1.1" 200 362 "HTTP" ""
192.168.3.21 - rodolfo [02/Oct/2021:11:22:30 -0500] "GET http://detectportal.firefox.com/success.txt?ipv4 HTTP/1.1" 200 362 "HTTP" ""
192.168.10.20 - arodriguez [02/Oct/2021:11:22:31 -0500] "CONNECT relay-b51eac1f.net.anydesk.com:80 HTTP/1.1" 200 0 "HTTPS" "outgoing via 192.168.50.30"
192.168.3.21 - rodolfo [02/Oct/2021:11:22:36 -0500] "CONNECT 0.client-channel.google.com:443 HTTP/1.1" 200 0 "HTTPS" "outgoing via 192.168.50.30"
192.168.3.21 - rodolfo [02/Oct/2021:11:22:37 -0500] "CONNECT 0.client-channel.google.com:443 HTTP/1.1" 200 0 "HTTPS" "outgoing via 192.168.50.30"
192.168.3.21 - rodolfo [02/Oct/2021:11:22:42 -0500] "CONNECT chat-pa.clients6.google.com:443 HTTP/1.1" 200 0 "HTTPS" "outgoing via 192.168.50.30"
192.168.3.21 - rodolfo [02/Oct/2021:11:22:42 -0500] "CONNECT hangouts.google.com:443 HTTP/1.1" 200 0 "HTTPS" "outgoing via 192.168.50.30"
192.168.10.20 - arodriguez [02/Oct/2021:11:23:00 -0500] "CONNECT relay-b51eac1f.net.anydesk.com:80 HTTP/1.1" 200 0 "HTTPS" "outgoing via 192.168.50.30"
192.168.3.21 - rodolfo [02/Oct/2021:11:23:07 -0500] "CONNECT ssl.gstatic.com:443 HTTP/1.1" 200 0 "HTTPS" "outgoing via 192.168.50.30"
192.168.3.21 - rodolfo [02/Oct/2021:11:23:13 -0500] "CONNECT mail.google.com:443 HTTP/1.1" 200 0 "HTTPS" "outgoing via 192.168.50.30"
192.168.10.20 - arodriguez [02/Oct/2021:11:23:29 -0500] "CONNECT relay-b51eac1f.net.anydesk.com:80 HTTP/1.1" 200 0 "HTTPS" "outgoing via 192.168.50.30"
192.168.3.21 - rodolfo [02/Oct/2021:11:23:36 -0500] "CONNECT ichef.bbci.co.uk:443 HTTP/1.1" 200 0 "HTTPS" "outgoing via 192.168.50.30"
192.168.3.21 - rodolfo [02/Oct/2021:11:23:38 -0500] "CONNECT incoming.telemetry.mozilla.org:443 HTTP/1.1" 200 0 "HTTPS" "outgoing via 192.168.50.30"
192.168.3.21 - rodolfo [02/Oct/2021:11:23:42 -0500] "CONNECT a1.api.bbc.co.uk:443 HTTP/1.1" 200 0 "HTTPS" "outgoing via 192.168.50.30"
192.168.10.20 - arodriguez [02/Oct/2021:11:23:58 -0500] "CONNECT relay-b51eac1f.net.anydesk.com:80 HTTP/1.1" 200 0 "HTTPS" "outgoing via 192.168.50.30"
192.168.10.20 - arodriguez [02/Oct/2021:11:24:26 -0500] "CONNECT relay-b51eac1f.net.anydesk.com:80 HTTP/1.1" 200 0 "HTTPS" "outgoing via 192.168.50.30"
192.168.10.20 - arodriguez [02/Oct/2021:11:24:40 -0500] "CONNECT relay-0836dbef.net.anydesk.com:80 HTTP/1.1" 200 0 "HTTPS" "outgoing via 192.168.50.30"
192.168.3.21 - rodolfo [02/Oct/2021:11:25:01 -0500] "CONNECT signaler-pa.clients6.google.com:443 HTTP/1.1" 200 0 "HTTPS" "outgoing via 192.168.50.30"
192.168.3.21 - rodolfo [02/Oct/2021:11:25:03 -0500] "CONNECT play.google.com:443 HTTP/1.1" 200 0 "HTTPS" "outgoing via 192.168.50.30"
192.168.3.21 - rodolfo [02/Oct/2021:11:25:04 -0500] "CONNECT play.google.com:443 HTTP/1.1" 200 0 "HTTPS" "outgoing via 192.168.50.30"
192.168.10.20 - arodriguez [02/Oct/2021:11:25:09 -0500] "CONNECT relay-0836dbef.net.anydesk.com:80 HTTP/1.1" 200 0 "HTTPS" "outgoing via 192.168.50.30"
192.168.3.21 - rodolfo [02/Oct/2021:11:25:31 -0500] "CONNECT ichef.bbci.co.uk:443 HTTP/1.1" 200 0 "HTTPS" "outgoing via 192.168.50.30"
192.168.10.20 - arodriguez [02/Oct/2021:11:25:38 -0500] "CONNECT relay-0836dbef.net.anydesk.com:80 HTTP/1.1" 200 0 "HTTPS" "outgoing via 192.168.50.30"
192.168.10.20 - arodriguez [02/Oct/2021:11:25:51 -0500] "CONNECT relay-2057a8b4.net.anydesk.com:80 HTTP/1.1" 200 0 "HTTPS" "outgoing via 192.168.50.30"
192.168.3.21 - rodolfo [02/Oct/2021:11:26:20 -0500] "CONNECT ichef.bbci.co.uk:443 HTTP/1.1" 200 0 "HTTPS" "outgoing via 192.168.50.30"
192.168.10.20 - arodriguez [02/Oct/2021:11:26:20 -0500] "CONNECT relay-2057a8b4.net.anydesk.com:80 HTTP/1.1" 200 0 "HTTPS" "outgoing via 192.168.50.30"
192.168.10.20 - arodriguez [02/Oct/2021:11:26:49 -0500] "CONNECT relay-2057a8b4.net.anydesk.com:80 HTTP/1.1" 200 0 "HTTPS" "outgoing via 192.168.50.30"
192.168.3.21 - rodolfo [02/Oct/2021:11:27:18 -0500] "GET http://detectportal.firefox.com/success.txt?ipv4 HTTP/1.1" 200 362 "HTTP" ""
192.168.10.20 - arodriguez [02/Oct/2021:11:27:18 -0500] "CONNECT relay-2057a8b4.net.anydesk.com:80 HTTP/1.1" 200 0 "HTTPS" "outgoing via 192.168.50.30"
192.168.10.20 - arodriguez [02/Oct/2021:11:27:47 -0500] "CONNECT relay-2057a8b4.net.anydesk.com:80 HTTP/1.1" 200 0 "HTTPS" "outgoing via 192.168.50.30"
192.168.10.20 - arodriguez [02/Oct/2021:11:28:16 -0500] "CONNECT relay-2057a8b4.net.anydesk.com:80 HTTP/1.1" 200 0 "HTTPS" "outgoing via 192.168.50.30"
192.168.10.20 - arodriguez [02/Oct/2021:11:28:29 -0500] "CONNECT relay-cd090624.net.anydesk.com:80 HTTP/1.1" 200 0 "HTTPS" "outgoing via 192.168.50.30"
192.168.10.20 - arodriguez [02/Oct/2021:11:28:58 -0500] "CONNECT relay-cd090624.net.anydesk.com:80 HTTP/1.1" 200 0 "HTTPS" "outgoing via 192.168.50.30"
192.168.10.20 - arodriguez [02/Oct/2021:11:29:27 -0500] "CONNECT relay-cd090624.net.anydesk.com:80 HTTP/1.1" 200 0 "HTTPS" "outgoing via 192.168.50.30"
192.168.10.20 - arodriguez [02/Oct/2021:11:29:56 -0500] "CONNECT relay-cd090624.net.anydesk.com:80 HTTP/1.1" 200 0 "HTTPS" "outgoing via 192.168.50.30"
192.168.10.20 - arodriguez [02/Oct/2021:11:30:25 -0500] "CONNECT relay-cd090624.net.anydesk.com:80 HTTP/1.1" 200 0 "HTTPS" "outgoing via 192.168.50.30"
192.168.10.20 - arodriguez [02/Oct/2021:11:30:54 -0500] "CONNECT relay-cd090624.net.anydesk.com:80 HTTP/1.1" 200 0 "HTTPS" "outgoing via 192.168.50.30"
192.168.10.20 - arodriguez [02/Oct/2021:11:31:23 -0500] "CONNECT relay-cd090624.net.anydesk.com:80 HTTP/1.1" 200 0 "HTTPS" "outgoing via 192.168.50.30"
192.168.10.20 - arodriguez [02/Oct/2021:11:31:52 -0500] "CONNECT relay-cd090624.net.anydesk.com:80 HTTP/1.1" 200 0 "HTTPS" "outgoing via 192.168.50.30"
192.168.10.20 - arodriguez [02/Oct/2021:11:32:05 -0500] "CONNECT relay-2057a8b4.net.anydesk.com:80 HTTP/1.1" 200 0 "HTTPS" "outgoing via 192.168.50.30"
192.168.10.20 - arodriguez [02/Oct/2021:11:32:34 -0500] "CONNECT relay-2057a8b4.net.anydesk.com:80 HTTP/1.1" 200 0 "HTTPS" "outgoing via 192.168.50.30"
192.168.10.20 - arodriguez [02/Oct/2021:11:33:04 -0500] "CONNECT relay-2057a8b4.net.anydesk.com:80 HTTP/1.1" 200 0 "HTTPS" "outgoing via 192.168.50.30"
192.168.10.20 - arodriguez [02/Oct/2021:11:33:32 -0500] "CONNECT relay-2057a8b4.net.anydesk.com:80 HTTP/1.1" 200 0 "HTTPS" "outgoing via 192.168.50.30"
192.168.10.20 - arodriguez [02/Oct/2021:11:33:46 -0500] "CONNECT relay-5d364c18.net.anydesk.com:80 HTTP/1.1" 200 0 "HTTPS" "outgoing via 192.168.50.30"
192.168.10.20 - arodriguez [02/Oct/2021:11:34:15 -0500] "CONNECT relay-5d364c18.net.anydesk.com:80 HTTP/1.1" 200 0 "HTTPS" "outgoing via 192.168.50.30"
192.168.10.20 - arodriguez [02/Oct/2021:11:34:44 -0500] "CONNECT relay-5d364c18.net.anydesk.com:80 HTTP/1.1" 200 0 "HTTPS" "outgoing via 192.168.50.30"
192.168.10.20 - arodriguez [02/Oct/2021:11:35:13 -0500] "CONNECT relay-5d364c18.net.anydesk.com:80 HTTP/1.1" 200 0 "HTTPS" "outgoing via 192.168.50.30"
192.168.10.20 - arodriguez [02/Oct/2021:11:35:42 -0500] "CONNECT relay-5d364c18.net.anydesk.com:80 HTTP/1.1" 200 0 "HTTPS" "outgoing via 192.168.50.30"
192.168.10.20 - arodriguez [02/Oct/2021:11:35:55 -0500] "CONNECT relay-d3705b18.net.anydesk.com:80 HTTP/1.1" 200 0 "HTTPS" "outgoing via 192.168.50.30"
192.168.10.20 - arodriguez [02/Oct/2021:11:36:24 -0500] "CONNECT relay-d3705b18.net.anydesk.com:80 HTTP/1.1" 200 0 "HTTPS" "outgoing via 192.168.50.30"
192.168.10.20 - arodriguez [02/Oct/2021:11:36:53 -0500] "CONNECT relay-d3705b18.net.anydesk.com:80 HTTP/1.1" 200 0 "HTTPS" "outgoing via 192.168.50.30"
192.168.10.20 - arodriguez [02/Oct/2021:11:37:22 -0500] "CONNECT relay-d3705b18.net.anydesk.com:80 HTTP/1.1" 200 0 "HTTPS" "outgoing via 192.168.50.30"
192.168.10.20 - arodriguez [02/Oct/2021:11:37:51 -0500] "CONNECT relay-d3705b18.net.anydesk.com:80 HTTP/1.1" 200 0 "HTTPS" "outgoing via 192.168.50.30"
192.168.10.20 - arodriguez [02/Oct/2021:11:38:20 -0500] "CONNECT relay-d3705b18.net.anydesk.com:80 HTTP/1.1" 200 0 "HTTPS" "outgoing via 192.168.50.30"
192.168.10.20 - arodriguez [02/Oct/2021:11:38:33 -0500] "CONNECT relay-1c040ae6.net.anydesk.com:80 HTTP/1.1" 200 0 "HTTPS" "outgoing via 192.168.50.30"
192.168.10.20 - arodriguez [02/Oct/2021:11:39:02 -0500] "CONNECT relay-1c040ae6.net.anydesk.com:80 HTTP/1.1" 200 0 "HTTPS" "outgoing via 192.168.50.30"
192.168.10.20 - arodriguez [02/Oct/2021:11:39:31 -0500] "CONNECT relay-1c040ae6.net.anydesk.com:80 HTTP/1.1" 200 0 "HTTPS" "outgoing via 192.168.50.30"
192.168.10.20 - arodriguez [02/Oct/2021:11:40:00 -0500] "CONNECT relay-1c040ae6.net.anydesk.com:80 HTTP/1.1" 200 0 "HTTPS" "outgoing via 192.168.50.30"
192.168.10.20 - arodriguez [02/Oct/2021:11:40:29 -0500] "CONNECT relay-1c040ae6.net.anydesk.com:80 HTTP/1.1" 200 0 "HTTPS" "outgoing via 192.168.50.30"
192.168.3.21 - rodolfo [02/Oct/2021:11:40:42 -0500] "GET http://detectportal.firefox.com/success.txt?ipv4 HTTP/1.1" 200 362 "HTTP" ""
192.168.3.21 - rodolfo [02/Oct/2021:11:40:43 -0500] "CONNECT play.google.com:443 HTTP/1.1" 200 0 "HTTPS" "outgoing via 192.168.50.30"
192.168.10.20 - arodriguez [02/Oct/2021:11:40:43 -0500] "CONNECT relay-5225695d.net.anydesk.com:80 HTTP/1.1" 200 0 "HTTPS" "outgoing via 192.168.50.30"
192.168.3.21 - rodolfo [02/Oct/2021:11:40:44 -0500] "CONNECT mail.google.com:443 HTTP/1.1" 200 0 "HTTPS" "outgoing via 192.168.50.30"
192.168.3.21 - rodolfo [02/Oct/2021:11:40:44 -0500] "CONNECT play.google.com:443 HTTP/1.1" 200 0 "HTTPS" "outgoing via 192.168.50.30"
192.168.3.21 - rodolfo [02/Oct/2021:11:40:44 -0500] "GET http://detectportal.firefox.com/success.txt?ipv4 HTTP/1.1" 200 362 "HTTP" ""
192.168.3.21 - rodolfo [02/Oct/2021:11:40:44 -0500] "GET http://detectportal.firefox.com/success.txt HTTP/1.1" 200 362 "HTTP" ""
192.168.3.21 - rodolfo [02/Oct/2021:11:40:44 -0500] "GET http://detectportal.firefox.com/success.txt?ipv4 HTTP/1.1" 200 362 "HTTP" ""
192.168.10.20 - arodriguez [02/Oct/2021:11:41:12 -0500] "CONNECT relay-5225695d.net.anydesk.com:80 HTTP/1.1" 200 0 "HTTPS" "outgoing via 192.168.50.30"
192.168.10.20 - arodriguez [02/Oct/2021:11:41:41 -0500] "CONNECT relay-5225695d.net.anydesk.com:80 HTTP/1.1" 200 0 "HTTPS" "outgoing via 192.168.50.30"
192.168.10.20 - arodriguez [02/Oct/2021:11:42:10 -0500] "CONNECT relay-5225695d.net.anydesk.com:80 HTTP/1.1" 200 0 "HTTPS" "outgoing via 192.168.50.30"
192.168.10.20 - arodriguez [02/Oct/2021:11:42:23 -0500] "CONNECT relay-497b2e35.net.anydesk.com:80 HTTP/1.1" 200 0 "HTTPS" "outgoing via 192.168.50.30"
192.168.10.20 - arodriguez [02/Oct/2021:11:42:52 -0500] "CONNECT relay-497b2e35.net.anydesk.com:80 HTTP/1.1" 200 0 "HTTPS" "outgoing via 192.168.50.30"
192.168.10.20 - arodriguez [02/Oct/2021:11:43:21 -0500] "CONNECT relay-497b2e35.net.anydesk.com:80 HTTP/1.1" 200 0 "HTTPS" "outgoing via 192.168.50.30"
192.168.10.20 - arodriguez [02/Oct/2021:11:43:34 -0500] "CONNECT relay-b51eac1f.net.anydesk.com:80 HTTP/1.1" 200 0 "HTTPS" "outgoing via 192.168.50.30"
192.168.10.20 - arodriguez [02/Oct/2021:11:44:03 -0500] "CONNECT relay-b51eac1f.net.anydesk.com:80 HTTP/1.1" 200 0 "HTTPS" "outgoing via 192.168.50.30"
192.168.10.20 - arodriguez [02/Oct/2021:11:44:32 -0500] "CONNECT relay-b51eac1f.net.anydesk.com:80 HTTP/1.1" 200 0 "HTTPS" "outgoing via 192.168.50.30"
192.168.10.20 - arodriguez [02/Oct/2021:11:44:46 -0500] "CONNECT relay-bfb5e868.net.anydesk.com:80 HTTP/1.1" 200 0 "HTTPS" "outgoing via 192.168.50.30"
192.168.10.20 - arodriguez [02/Oct/2021:11:45:15 -0500] "CONNECT relay-bfb5e868.net.anydesk.com:80 HTTP/1.1" 200 0 "HTTPS" "outgoing via 192.168.50.30"
192.168.10.20 - arodriguez [02/Oct/2021:11:45:44 -0500] "CONNECT relay-bfb5e868.net.anydesk.com:80 HTTP/1.1" 200 0 "HTTPS" "outgoing via 192.168.50.30"
192.168.10.20 - arodriguez [02/Oct/2021:11:46:13 -0500] "CONNECT relay-bfb5e868.net.anydesk.com:80 HTTP/1.1" 200 0 "HTTPS" "outgoing via 192.168.50.30"
192.168.10.20 - arodriguez [02/Oct/2021:11:46:42 -0500] "CONNECT relay-bfb5e868.net.anydesk.com:80 HTTP/1.1" 200 0 "HTTPS" "outgoing via 192.168.50.30"
192.168.3.21 - rodolfo [02/Oct/2021:11:47:02 -0500] "GET http://detectportal.firefox.com/success.txt?ipv4 HTTP/1.1" 200 362 "HTTP" ""
192.168.3.21 - rodolfo [02/Oct/2021:11:47:03 -0500] "GET http://detectportal.firefox.com/success.txt?ipv4 HTTP/1.1" 200 362 "HTTP" ""
192.168.3.21 - rodolfo [02/Oct/2021:11:47:04 -0500] "GET http://detectportal.firefox.com/success.txt?ipv4 HTTP/1.1" 200 362 "HTTP" ""
192.168.3.21 - rodolfo [02/Oct/2021:11:47:04 -0500] "GET http://detectportal.firefox.com/success.txt HTTP/1.1" 200 362 "HTTP" ""
192.168.3.21 - rodolfo [02/Oct/2021:11:47:04 -0500] "GET http://detectportal.firefox.com/success.txt?ipv4 HTTP/1.1" 200 362 "HTTP" ""
192.168.10.20 - arodriguez [02/Oct/2021:11:47:11 -0500] "CONNECT relay-bfb5e868.net.anydesk.com:80 HTTP/1.1" 200 0 "HTTPS" "outgoing via 192.168.50.30"
192.168.10.20 - arodriguez [02/Oct/2021:11:47:40 -0500] "CONNECT relay-bfb5e868.net.anydesk.com:80 HTTP/1.1" 200 0 "HTTPS" "outgoing via 192.168.50.30"
192.168.10.20 - arodriguez [02/Oct/2021:11:48:09 -0500] "CONNECT relay-bfb5e868.net.anydesk.com:80 HTTP/1.1" 200 0 "HTTPS" "outgoing via 192.168.50.30"
192.168.10.20 - arodriguez [02/Oct/2021:11:48:23 -0500] "CONNECT relay-8897650c.net.anydesk.com:80 HTTP/1.1" 200 0 "HTTPS" "outgoing via 192.168.50.30"
192.168.10.20 - arodriguez [02/Oct/2021:11:48:52 -0500] "CONNECT relay-8897650c.net.anydesk.com:80 HTTP/1.1" 200 0 "HTTPS" "outgoing via 192.168.50.30"
192.168.10.20 - arodriguez [02/Oct/2021:11:49:21 -0500] "CONNECT relay-8897650c.net.anydesk.com:80 HTTP/1.1" 200 0 "HTTPS" "outgoing via 192.168.50.30"
192.168.10.20 - arodriguez [02/Oct/2021:11:49:50 -0500] "CONNECT relay-8897650c.net.anydesk.com:80 HTTP/1.1" 200 0 "HTTPS" "outgoing via 192.168.50.30"
192.168.10.20 - arodriguez [02/Oct/2021:11:50:03 -0500] "CONNECT relay-0767eec0.net.anydesk.com:80 HTTP/1.1" 200 0 "HTTPS" "outgoing via 192.168.50.30"
192.168.10.20 - arodriguez [02/Oct/2021:11:50:33 -0500] "CONNECT relay-0767eec0.net.anydesk.com:80 HTTP/1.1" 200 0 "HTTPS" "outgoing via 192.168.50.30"
192.168.10.20 - arodriguez [02/Oct/2021:11:51:01 -0500] "CONNECT relay-0767eec0.net.anydesk.com:80 HTTP/1.1" 200 0 "HTTPS" "outgoing via 192.168.50.30"
192.168.10.20 - arodriguez [02/Oct/2021:11:51:30 -0500] "CONNECT relay-0767eec0.net.anydesk.com:80 HTTP/1.1" 200 0 "HTTPS" "outgoing via 192.168.50.30"
192.168.3.21 - rodolfo [02/Oct/2021:11:51:54 -0500] "GET http://detectportal.firefox.com/success.txt?ipv4 HTTP/1.1" 200 362 "HTTP" ""
192.168.3.21 - rodolfo [02/Oct/2021:11:51:55 -0500] "CONNECT ssl.gstatic.com:443 HTTP/1.1" 200 0 "HTTPS" "outgoing via 192.168.50.30"
192.168.3.21 - rodolfo [02/Oct/2021:11:51:55 -0500] "CONNECT play.google.com:443 HTTP/1.1" 200 0 "HTTPS" "outgoing via 192.168.50.30"
192.168.3.21 - rodolfo [02/Oct/2021:11:51:57 -0500] "CONNECT play.google.com:443 HTTP/1.1" 200 0 "HTTPS" "outgoing via 192.168.50.30"
192.168.10.20 - arodriguez [02/Oct/2021:11:51:59 -0500] "CONNECT relay-0767eec0.net.anydesk.com:80 HTTP/1.1" 200 0 "HTTPS" "outgoing via 192.168.50.30"
192.168.3.21 - rodolfo [02/Oct/2021:11:52:07 -0500] "CONNECT signaler-pa.clients6.google.com:443 HTTP/1.1" 200 0 "HTTPS" "outgoing via 192.168.50.30"
192.168.10.20 - arodriguez [02/Oct/2021:11:52:13 -0500] "CONNECT relay-11a3886a.net.anydesk.com:80 HTTP/1.1" 200 0 "HTTPS" "outgoing via 192.168.50.30"
192.168.3.21 - rodolfo [02/Oct/2021:11:52:25 -0500] "CONNECT mail.google.com:443 HTTP/1.1" 200 0 "HTTPS" "outgoing via 192.168.50.30"
192.168.10.20 - arodriguez [02/Oct/2021:11:52:42 -0500] "CONNECT relay-11a3886a.net.anydesk.com:80 HTTP/1.1" 200 0 "HTTPS" "outgoing via 192.168.50.30"
192.168.3.21 - rodolfo [02/Oct/2021:11:53:06 -0500] "CONNECT firefox.settings.services.mozilla.com:443 HTTP/1.1" 200 0 "HTTPS" "outgoing via 192.168.50.30"
192.168.3.21 - rodolfo [02/Oct/2021:11:53:06 -0500] "CONNECT firefox.settings.services.mozilla.com:443 HTTP/1.1" 200 0 "HTTPS" "outgoing via 192.168.50.30"
192.168.3.21 - rodolfo [02/Oct/2021:11:53:07 -0500] "CONNECT fonts.googleapis.com:443 HTTP/1.1" 200 0 "HTTPS" "outgoing via 192.168.50.30"
192.168.3.21 - rodolfo [02/Oct/2021:11:53:08 -0500] "CONNECT incoming.telemetry.mozilla.org:443 HTTP/1.1" 200 0 "HTTPS" "outgoing via 192.168.50.30"
192.168.3.21 - rodolfo [02/Oct/2021:11:53:08 -0500] "CONNECT fonts.gstatic.com:443 HTTP/1.1" 200 0 "HTTPS" "outgoing via 192.168.50.30"
192.168.3.21 - rodolfo [02/Oct/2021:11:53:08 -0500] "CONNECT query.yahooapis.com:443 HTTP/1.1" 200 0 "HTTPS" "outgoing via 192.168.50.30"
192.168.3.21 - rodolfo [02/Oct/2021:11:53:08 -0500] "GET http://detectportal.firefox.com/success.txt HTTP/1.1" 200 362 "HTTP" ""
192.168.3.21 - rodolfo [02/Oct/2021:11:53:09 -0500] "GET http://detectportal.firefox.com/success.txt?ipv4 HTTP/1.1" 200 362 "HTTP" ""
192.168.10.20 - arodriguez [02/Oct/2021:11:53:11 -0500] "CONNECT relay-11a3886a.net.anydesk.com:80 HTTP/1.1" 200 0 "HTTPS" "outgoing via 192.168.50.30"
192.168.10.20 - arodriguez [02/Oct/2021:11:53:24 -0500] "CONNECT relay-283e3f4a.net.anydesk.com:80 HTTP/1.1" 200 0 "HTTPS" "outgoing via 192.168.50.30"
192.168.3.21 - rodolfo [02/Oct/2021:11:53:33 -0500] "CONNECT query.yahooapis.com:443 HTTP/1.1" 200 0 "HTTPS" "outgoing via 192.168.50.30"
192.168.3.21 - rodolfo [02/Oct/2021:11:53:33 -0500] "GET http://detectportal.firefox.com/success.txt HTTP/1.1" 200 362 "HTTP" ""
192.168.3.21 - rodolfo [02/Oct/2021:11:53:33 -0500] "GET http://detectportal.firefox.com/success.txt?ipv4 HTTP/1.1" 200 362 "HTTP" ""
192.168.3.21 - rodolfo [02/Oct/2021:11:53:37 -0500] "CONNECT sb-ssl.google.com:443 HTTP/1.1" 200 0 "HTTPS" "outgoing via 192.168.50.30"
192.168.10.20 - arodriguez [02/Oct/2021:11:53:53 -0500] "CONNECT relay-283e3f4a.net.anydesk.com:80 HTTP/1.1" 200 0 "HTTPS" "outgoing via 192.168.50.30"
192.168.3.21 - rodolfo [02/Oct/2021:11:54:12 -0500] "CONNECT ping.chartbeat.net:443 HTTP/1.1" 200 0 "HTTPS" "outgoing via 192.168.50.30"
192.168.10.20 - arodriguez [02/Oct/2021:11:54:22 -0500] "CONNECT relay-283e3f4a.net.anydesk.com:80 HTTP/1.1" 200 0 "HTTPS" "outgoing via 192.168.50.30"
192.168.3.21 - rodolfo [02/Oct/2021:11:54:45 -0500] "CONNECT signaler-pa.clients6.google.com:443 HTTP/1.1" 200 0 "HTTPS" "outgoing via 192.168.50.30"
192.168.10.20 - arodriguez [02/Oct/2021:11:54:51 -0500] "CONNECT relay-283e3f4a.net.anydesk.com:80 HTTP/1.1" 200 0 "HTTPS" "outgoing via 192.168.50.30"
192.168.3.21 - rodolfo [02/Oct/2021:11:55:05 -0500] "CONNECT query.yahooapis.com:443 HTTP/1.1" 200 0 "HTTPS" "outgoing via 192.168.50.30"
192.168.3.21 - rodolfo [02/Oct/2021:11:55:05 -0500] "GET http://detectportal.firefox.com/success.txt HTTP/1.1" 200 362 "HTTP" ""
192.168.3.21 - rodolfo [02/Oct/2021:11:55:05 -0500] "GET http://detectportal.firefox.com/success.txt?ipv4 HTTP/1.1" 200 362 "HTTP" ""
192.168.10.20 - arodriguez [02/Oct/2021:11:55:20 -0500] "CONNECT relay-283e3f4a.net.anydesk.com:80 HTTP/1.1" 200 0 "HTTPS" "outgoing via 192.168.50.30"
192.168.3.21 - rodolfo [02/Oct/2021:11:55:40 -0500] "CONNECT signaler-pa.clients6.google.com:443 HTTP/1.1" 200 0 "HTTPS" "outgoing via 192.168.50.30"
192.168.3.21 - rodolfo [02/Oct/2021:11:55:48 -0500] "CONNECT play.google.com:443 HTTP/1.1" 200 0 "HTTPS" "outgoing via 192.168.50.30"
192.168.10.20 - arodriguez [02/Oct/2021:11:55:49 -0500] "CONNECT relay-283e3f4a.net.anydesk.com:80 HTTP/1.1" 200 0 "HTTPS" "outgoing via 192.168.50.30"
192.168.3.21 - rodolfo [02/Oct/2021:11:55:50 -0500] "CONNECT play.google.com:443 HTTP/1.1" 200 0 "HTTPS" "outgoing via 192.168.50.30"
192.168.10.20 - arodriguez [02/Oct/2021:11:56:18 -0500] "CONNECT relay-283e3f4a.net.anydesk.com:80 HTTP/1.1" 200 0 "HTTPS" "outgoing via 192.168.50.30"
192.168.10.20 - arodriguez [02/Oct/2021:11:56:32 -0500] "CONNECT relay-f9f6c937.net.anydesk.com:80 HTTP/1.1" 200 0 "HTTPS" "outgoing via 192.168.50.30"
192.168.50.8 - arodriguez [02/Oct/2021:11:56:39 -0500] "HEAD http://update.eset.com/eset_eval/update.ver HTTP/1.1" 200 383 "HTTP" ""
192.168.3.21 - rodolfo [02/Oct/2021:11:56:47 -0500] "CONNECT 0.client-channel.google.com:443 HTTP/1.1" 200 0 "HTTPS" "outgoing via 192.168.50.30"
192.168.3.21 - rodolfo [02/Oct/2021:11:56:48 -0500] "CONNECT 0.client-channel.google.com:443 HTTP/1.1" 200 0 "HTTPS" "outgoing via 192.168.50.30"
192.168.50.8 - arodriguez [02/Oct/2021:11:56:51 -0500] "GET http://update.eset.com/eset_eval/update.ver HTTP/1.1" 200 118465 "HTTP" ""
192.168.50.8 - arodriguez [02/Oct/2021:11:56:52 -0500] "HEAD http://update.eset.com/v3-eval-sta/mod_002_engine_51027/em002_32_n1.nup HTTP/1.1" 200 372 "HTTP" ""
192.168.50.8 - arodriguez [02/Oct/2021:11:56:52 -0500] "GET http://update.eset.com/v3-eval-sta/mod_002_engine_51027/em002_32_n1.nup HTTP/1.1" 200 8217 "HTTP" ""
192.168.50.8 - arodriguez [02/Oct/2021:11:56:52 -0500] "HEAD http://update.eset.com/v3-eval-sta/mod_023_pegasus_26078/em023_32_n1.nup HTTP/1.1" 200 373 "HTTP" ""
192.168.50.8 - arodriguez [02/Oct/2021:11:56:52 -0500] "GET http://update.eset.com/v3-eval-sta/mod_023_pegasus_26078/em023_32_n1.nup HTTP/1.1" 200 56612 "HTTP" ""
192.168.50.8 - arodriguez [02/Oct/2021:11:56:52 -0500] "HEAD http://update.eset.com/v3-eval-sta/mod_002_engine_51027/em002_32_l2.nup HTTP/1.1" 200 377 "HTTP" ""
192.168.3.21 - rodolfo [02/Oct/2021:11:56:53 -0500] "CONNECT hangouts.google.com:443 HTTP/1.1" 200 0 "HTTPS" "outgoing via 192.168.50.30"
192.168.3.21 - rodolfo [02/Oct/2021:11:56:53 -0500] "CONNECT chat-pa.clients6.google.com:443 HTTP/1.1" 200 0 "HTTPS" "outgoing via 192.168.50.30"
192.168.3.21 - rodolfo [02/Oct/2021:11:56:53 -0500] "POST http://ocsp.pki.goog/gts1c3 HTTP/1.1" 200 849 "HTTP" ""
192.168.10.20 - arodriguez [02/Oct/2021:11:57:01 -0500] "CONNECT relay-f9f6c937.net.anydesk.com:80 HTTP/1.1" 200 0 "HTTPS" "outgoing via 192.168.50.30"
192.168.10.20 - arodriguez [02/Oct/2021:11:57:30 -0500] "CONNECT relay-f9f6c937.net.anydesk.com:80 HTTP/1.1" 200 0 "HTTPS" "outgoing via 192.168.50.30"
192.168.10.20 - arodriguez [02/Oct/2021:11:57:59 -0500] "CONNECT relay-f9f6c937.net.anydesk.com:80 HTTP/1.1" 200 0 "HTTPS" "outgoing via 192.168.50.30"
192.168.3.21 - rodolfo [02/Oct/2021:11:58:28 -0500] "CONNECT ping.chartbeat.net:443 HTTP/1.1" 200 0 "HTTPS" "outgoing via 192.168.50.30"
192.168.3.21 - rodolfo [02/Oct/2021:11:58:28 -0500] "POST http://ocsp.pki.goog/gts1c3 HTTP/1.1" 200 850 "HTTP" ""
192.168.10.20 - arodriguez [02/Oct/2021:11:58:28 -0500] "CONNECT relay-f9f6c937.net.anydesk.com:80 HTTP/1.1" 200 0 "HTTPS" "outgoing via 192.168.50.30"
192.168.10.20 - arodriguez [02/Oct/2021:11:58:41 -0500] "CONNECT relay-5225695d.net.anydesk.com:80 HTTP/1.1" 200 0 "HTTPS" "outgoing via 192.168.50.30"
192.168.10.20 - arodriguez [02/Oct/2021:11:59:10 -0500] "CONNECT relay-5225695d.net.anydesk.com:80 HTTP/1.1" 200 0 "HTTPS" "outgoing via 192.168.50.30"
192.168.3.21 - rodolfo [02/Oct/2021:11:59:35 -0500] "GET http://detectportal.firefox.com/success.txt?ipv4 HTTP/1.1" 200 362 "HTTP" ""
192.168.10.20 - arodriguez [02/Oct/2021:11:59:39 -0500] "CONNECT relay-5225695d.net.anydesk.com:80 HTTP/1.1" 200 0 "HTTPS" "outgoing via 192.168.50.30"
192.168.10.20 - arodriguez [02/Oct/2021:11:59:53 -0500] "CONNECT relay-d3705b18.net.anydesk.com:80 HTTP/1.1" 200 0 "HTTPS" "outgoing via 192.168.50.30"
192.168.10.20 - arodriguez [02/Oct/2021:12:00:22 -0500] "CONNECT relay-d3705b18.net.anydesk.com:80 HTTP/1.1" 200 0 "HTTPS" "outgoing via 192.168.50.30"
192.168.10.20 - arodriguez [02/Oct/2021:12:00:50 -0500] "CONNECT relay-d3705b18.net.anydesk.com:80 HTTP/1.1" 200 0 "HTTPS" "outgoing via 192.168.50.30"
192.168.10.20 - arodriguez [02/Oct/2021:12:01:04 -0500] "CONNECT relay-096fe6d0.net.anydesk.com:80 HTTP/1.1" 200 0 "HTTPS" "outgoing via 192.168.50.30"
192.168.10.20 - arodriguez [02/Oct/2021:12:01:33 -0500] "CONNECT relay-096fe6d0.net.anydesk.com:80 HTTP/1.1" 200 0 "HTTPS" "outgoing via 192.168.50.30"
192.168.10.20 - arodriguez [02/Oct/2021:12:02:02 -0500] "CONNECT relay-096fe6d0.net.anydesk.com:80 HTTP/1.1" 200 0 "HTTPS" "outgoing via 192.168.50.30"
192.168.10.20 - arodriguez [02/Oct/2021:12:02:31 -0500] "CONNECT relay-096fe6d0.net.anydesk.com:80 HTTP/1.1" 200 0 "HTTPS" "outgoing via 192.168.50.30"
192.168.10.20 - arodriguez [02/Oct/2021:12:02:44 -0500] "CONNECT relay-8897650c.net.anydesk.com:80 HTTP/1.1" 200 0 "HTTPS" "outgoing via 192.168.50.30"
192.168.10.20 - arodriguez [02/Oct/2021:12:03:14 -0500] "CONNECT relay-8897650c.net.anydesk.com:80 HTTP/1.1" 200 0 "HTTPS" "outgoing via 192.168.50.30"
192.168.10.20 - arodriguez [02/Oct/2021:12:03:43 -0500] "CONNECT relay-8897650c.net.anydesk.com:80 HTTP/1.1" 200 0 "HTTPS" "outgoing via 192.168.50.30"
192.168.10.20 - arodriguez [02/Oct/2021:12:04:12 -0500] "CONNECT relay-8897650c.net.anydesk.com:80 HTTP/1.1" 200 0 "HTTPS" "outgoing via 192.168.50.30"
192.168.10.20 - arodriguez [02/Oct/2021:12:04:41 -0500] "CONNECT relay-8897650c.net.anydesk.com:80 HTTP/1.1" 200 0 "HTTPS" "outgoing via 192.168.50.30"
192.168.10.20 - arodriguez [02/Oct/2021:12:04:55 -0500] "CONNECT relay-5d364c18.net.anydesk.com:80 HTTP/1.1" 200 0 "HTTPS" "outgoing via 192.168.50.30"
192.168.10.20 - arodriguez [02/Oct/2021:12:05:24 -0500] "CONNECT relay-5d364c18.net.anydesk.com:80 HTTP/1.1" 200 0 "HTTPS" "outgoing via 192.168.50.30"
192.168.10.20 - arodriguez [02/Oct/2021:12:05:55 -0500] "CONNECT relay-5d364c18.net.anydesk.com:80 HTTP/1.1" 200 0 "HTTPS" "outgoing via 192.168.50.30"
192.168.10.20 - arodriguez [02/Oct/2021:12:06:08 -0500] "CONNECT relay-0767eec0.net.anydesk.com:80 HTTP/1.1" 200 0 "HTTPS" "outgoing via 192.168.50.30"
192.168.10.20 - arodriguez [02/Oct/2021:12:06:38 -0500] "CONNECT relay-0767eec0.net.anydesk.com:80 HTTP/1.1" 200 0 "HTTPS" "outgoing via 192.168.50.30"
192.168.10.20 - arodriguez [02/Oct/2021:12:07:08 -0500] "CONNECT relay-0767eec0.net.anydesk.com:80 HTTP/1.1" 200 0 "HTTPS" "outgoing via 192.168.50.30"
192.168.10.20 - arodriguez [02/Oct/2021:12:07:38 -0500] "CONNECT relay-0767eec0.net.anydesk.com:80 HTTP/1.1" 200 0 "HTTPS" "outgoing via 192.168.50.30"
192.168.10.20 - arodriguez [02/Oct/2021:12:07:52 -0500] "CONNECT relay-8897650c.net.anydesk.com:80 HTTP/1.1" 200 0 "HTTPS" "outgoing via 192.168.50.30"
192.168.10.20 - arodriguez [02/Oct/2021:12:08:21 -0500] "CONNECT relay-8897650c.net.anydesk.com:80 HTTP/1.1" 200 0 "HTTPS" "outgoing via 192.168.50.30"
192.168.10.20 - arodriguez [02/Oct/2021:12:08:50 -0500] "CONNECT relay-8897650c.net.anydesk.com:80 HTTP/1.1" 200 0 "HTTPS" "outgoing via 192.168.50.30"
192.168.10.20 - arodriguez [02/Oct/2021:12:09:04 -0500] "CONNECT relay-5225695d.net.anydesk.com:80 HTTP/1.1" 200 0 "HTTPS" "outgoing via 192.168.50.30"
192.168.10.20 - arodriguez [02/Oct/2021:12:09:34 -0500] "CONNECT relay-5225695d.net.anydesk.com:80 HTTP/1.1" 200 0 "HTTPS" "outgoing via 192.168.50.30"
192.168.10.20 - arodriguez [02/Oct/2021:12:10:03 -0500] "CONNECT relay-5225695d.net.anydesk.com:80 HTTP/1.1" 200 0 "HTTPS" "outgoing via 192.168.50.30"
192.168.10.20 - arodriguez [02/Oct/2021:12:10:32 -0500] "CONNECT relay-5225695d.net.anydesk.com:80 HTTP/1.1" 200 0 "HTTPS" "outgoing via 192.168.50.30"
192.168.10.20 - arodriguez [02/Oct/2021:12:11:01 -0500] "CONNECT relay-5225695d.net.anydesk.com:80 HTTP/1.1" 200 0 "HTTPS" "outgoing via 192.168.50.30"
192.168.50.220 - servidores [02/Oct/2021:12:11:13 -0500] "CONNECT mirrors.fedoraproject.org:443 HTTP/1.1" 200 0 "HTTPS" "outgoing via 192.168.50.30"
192.168.50.220 - servidores [02/Oct/2021:12:11:13 -0500] "GET http://mirrorlist.centos.org/?release=7&arch=x86_64&repo=os&infra=stock HTTP/1.1" 200 957 "HTTP" ""
192.168.50.220 - servidores [02/Oct/2021:12:11:14 -0500] "GET http://cdn.remirepo.net/enterprise/7/php72/mirror HTTP/1.1" 200 4274 "HTTP" ""
192.168.50.220 - servidores [02/Oct/2021:12:11:14 -0500] "GET http://mirrorlist.centos.org/?release=7&arch=x86_64&repo=extras&infra=stock HTTP/1.1" 200 1039 "HTTP" ""
192.168.50.220 - servidores [02/Oct/2021:12:11:20 -0500] "GET http://mirror.unimagdalena.edu.co/centos/7.9.2009/os/x86_64/repodata/repomd.xml HTTP/1.1" 200 4253 "HTTP" ""
192.168.50.220 - servidores [02/Oct/2021:12:11:21 -0500] "CONNECT repo.ius.io:443 HTTP/1.1" 200 0 "HTTPS" "outgoing via 192.168.50.30"
192.168.50.220 - servidores [02/Oct/2021:12:11:23 -0500] "CONNECT download.postgresql.org:443 HTTP/1.1" 200 0 "HTTPS" "outgoing via 192.168.50.30"
192.168.10.20 - arodriguez [02/Oct/2021:12:11:30 -0500] "CONNECT relay-5225695d.net.anydesk.com:80 HTTP/1.1" 200 0 "HTTPS" "outgoing via 192.168.50.30"
192.168.50.220 - servidores [02/Oct/2021:12:11:42 -0500] "CONNECT download.postgresql.org:443 HTTP/1.1" 200 0 "HTTPS" "outgoing via 192.168.50.30"
192.168.10.20 - arodriguez [02/Oct/2021:12:11:44 -0500] "CONNECT relay-18a5ffe0.net.anydesk.com:80 HTTP/1.1" 200 0 "HTTPS" "outgoing via 192.168.50.30"
192.168.50.220 - servidores [02/Oct/2021:12:11:46 -0500] "GET http://rpms.remirepo.net/enterprise/7/remi/mirror HTTP/1.1" 200 4260 "HTTP" ""
192.168.50.220 - servidores [02/Oct/2021:12:11:46 -0500] "GET http://rpms.remirepo.net/enterprise/7/remi/x86_64/repodata/repomd.xml HTTP/1.1" 200 3512 "HTTP" ""
192.168.50.220 - servidores [02/Oct/2021:12:11:47 -0500] "GET http://rpms.remirepo.net/enterprise/7/php72/x86_64/repodata/repomd.xml HTTP/1.1" 200 3495 "HTTP" ""
192.168.50.220 - servidores [02/Oct/2021:12:11:48 -0500] "CONNECT download.rethinkdb.com:443 HTTP/1.1" 200 0 "HTTPS" "outgoing via 192.168.50.30"
192.168.50.220 - servidores [02/Oct/2021:12:11:48 -0500] "GET http://mirror.unimagdalena.edu.co/centos/7.9.2009/extras/x86_64/repodata/repomd.xml HTTP/1.1" 200 3473 "HTTP" ""
192.168.10.20 - arodriguez [02/Oct/2021:12:12:13 -0500] "CONNECT relay-18a5ffe0.net.anydesk.com:80 HTTP/1.1" 200 0 "HTTPS" "outgoing via 192.168.50.30"
192.168.10.20 - arodriguez [02/Oct/2021:12:12:42 -0500] "CONNECT relay-18a5ffe0.net.anydesk.com:80 HTTP/1.1" 200 0 "HTTPS" "outgoing via 192.168.50.30"
192.168.10.20 - arodriguez [02/Oct/2021:12:12:55 -0500] "CONNECT relay-4e4116c1.net.anydesk.com:80 HTTP/1.1" 200 0 "HTTPS" "outgoing via 192.168.50.30"
192.168.10.20 - arodriguez [02/Oct/2021:12:13:24 -0500] "CONNECT relay-4e4116c1.net.anydesk.com:80 HTTP/1.1" 200 0 "HTTPS" "outgoing via 192.168.50.30"
192.168.10.20 - arodriguez [02/Oct/2021:12:13:53 -0500] "CONNECT relay-4e4116c1.net.anydesk.com:80 HTTP/1.1" 200 0 "HTTPS" "outgoing via 192.168.50.30"
192.168.10.20 - arodriguez [02/Oct/2021:12:14:06 -0500] "CONNECT relay-096fe6d0.net.anydesk.com:80 HTTP/1.1" 200 0 "HTTPS" "outgoing via 192.168.50.30"
192.168.10.20 - arodriguez [02/Oct/2021:12:14:35 -0500] "CONNECT relay-096fe6d0.net.anydesk.com:80 HTTP/1.1" 200 0 "HTTPS" "outgoing via 192.168.50.30"
192.168.10.20 - arodriguez [02/Oct/2021:12:15:04 -0500] "CONNECT relay-096fe6d0.net.anydesk.com:80 HTTP/1.1" 200 0 "HTTPS" "outgoing via 192.168.50.30"
192.168.10.20 - arodriguez [02/Oct/2021:12:15:17 -0500] "CONNECT relay-9ec84ff7.net.anydesk.com:80 HTTP/1.1" 200 0 "HTTPS" "outgoing via 192.168.50.30"
192.168.10.20 - arodriguez [02/Oct/2021:12:15:47 -0500] "CONNECT relay-9ec84ff7.net.anydesk.com:80 HTTP/1.1" 200 0 "HTTPS" "outgoing via 192.168.50.30"
192.168.10.20 - arodriguez [02/Oct/2021:12:16:16 -0500] "CONNECT relay-9ec84ff7.net.anydesk.com:80 HTTP/1.1" 200 0 "HTTPS" "outgoing via 192.168.50.30"
192.168.10.20 - arodriguez [02/Oct/2021:12:16:45 -0500] "CONNECT relay-9ec84ff7.net.anydesk.com:80 HTTP/1.1" 200 0 "HTTPS" "outgoing via 192.168.50.30"
192.168.10.20 - arodriguez [02/Oct/2021:12:17:13 -0500] "CONNECT relay-9ec84ff7.net.anydesk.com:80 HTTP/1.1" 200 0 "HTTPS" "outgoing via 192.168.50.30"
192.168.10.20 - arodriguez [02/Oct/2021:12:17:42 -0500] "CONNECT relay-9ec84ff7.net.anydesk.com:80 HTTP/1.1" 200 0 "HTTPS" "outgoing via 192.168.50.30"
192.168.10.20 - arodriguez [02/Oct/2021:12:18:11 -0500] "CONNECT relay-9ec84ff7.net.anydesk.com:80 HTTP/1.1" 200 0 "HTTPS" "outgoing via 192.168.50.30"
192.168.10.20 - arodriguez [02/Oct/2021:12:18:42 -0500] "CONNECT relay-9ec84ff7.net.anydesk.com:80 HTTP/1.1" 200 0 "HTTPS" "outgoing via 192.168.50.30"
192.168.10.20 - arodriguez [02/Oct/2021:12:19:11 -0500] "CONNECT relay-9ec84ff7.net.anydesk.com:80 HTTP/1.1" 200 0 "HTTPS" "outgoing via 192.168.50.30"
192.168.10.20 - arodriguez [02/Oct/2021:12:19:40 -0500] "CONNECT relay-9ec84ff7.net.anydesk.com:80 HTTP/1.1" 200 0 "HTTPS" "outgoing via 192.168.50.30"
192.168.10.20 - arodriguez [02/Oct/2021:12:19:53 -0500] "CONNECT relay-e63e1528.net.anydesk.com:80 HTTP/1.1" 200 0 "HTTPS" "outgoing via 192.168.50.30"
192.168.10.20 - arodriguez [02/Oct/2021:12:20:22 -0500] "CONNECT relay-e63e1528.net.anydesk.com:80 HTTP/1.1" 200 0 "HTTPS" "outgoing via 192.168.50.30"
192.168.10.20 - arodriguez [02/Oct/2021:12:20:51 -0500] "CONNECT relay-e63e1528.net.anydesk.com:80 HTTP/1.1" 200 0 "HTTPS" "outgoing via 192.168.50.30"
192.168.10.20 - arodriguez [02/Oct/2021:12:21:20 -0500] "CONNECT relay-e63e1528.net.anydesk.com:80 HTTP/1.1" 200 0 "HTTPS" "outgoing via 192.168.50.30"
192.168.10.20 - arodriguez [02/Oct/2021:12:21:34 -0500] "CONNECT relay-bfb5e868.net.anydesk.com:80 HTTP/1.1" 200 0 "HTTPS" "outgoing via 192.168.50.30"
192.168.50.50 - servidores [02/Oct/2021:12:21:51 -0500] "CONNECT mirrors.fedoraproject.org:443 HTTP/1.1" 200 0 "HTTPS" "outgoing via 192.168.50.30"
192.168.50.50 - servidores [02/Oct/2021:12:21:55 -0500] "GET http://mirror.team-cymru.com/remi/enterprise/7/remi/x86_64/repodata/repomd.xml HTTP/1.1" 200 3482 "HTTP" ""
192.168.50.50 - servidores [02/Oct/2021:12:21:56 -0500] "GET http://mirror.team-cymru.com/remi/enterprise/7/php56/x86_64/repodata/repomd.xml HTTP/1.1" 200 3465 "HTTP" ""
192.168.50.50 - servidores [02/Oct/2021:12:21:56 -0500] "GET http://mirror.team-cymru.com/remi/enterprise/7/php73/x86_64/repodata/repomd.xml HTTP/1.1" 200 3469 "HTTP" ""
192.168.50.50 - servidores [02/Oct/2021:12:21:56 -0500] "GET http://mirror.globo.com/centos/7.9.2009/extras/x86_64/repodata/repomd.xml HTTP/1.1" 200 3426 "HTTP" ""
192.168.10.20 - arodriguez [02/Oct/2021:12:22:03 -0500] "CONNECT relay-bfb5e868.net.anydesk.com:80 HTTP/1.1" 200 0 "HTTPS" "outgoing via 192.168.50.30"
192.168.10.20 - arodriguez [02/Oct/2021:12:22:32 -0500] "CONNECT relay-bfb5e868.net.anydesk.com:80 HTTP/1.1" 200 0 "HTTPS" "outgoing via 192.168.50.30"
192.168.50.100 - servidores [02/Oct/2021:12:22:35 -0500] "GET http://mirror.uepg.br/centos/7.9.2009/os/x86_64/repodata/repomd.xml HTTP/1.1" 200 4249 "HTTP" ""
192.168.10.20 - arodriguez [02/Oct/2021:12:22:46 -0500] "CONNECT relay-300db5d9.net.anydesk.com:80 HTTP/1.1" 200 0 "HTTPS" "outgoing via 192.168.50.30"
192.168.10.20 - arodriguez [02/Oct/2021:12:23:14 -0500] "CONNECT relay-300db5d9.net.anydesk.com:80 HTTP/1.1" 200 0 "HTTPS" "outgoing via 192.168.50.30"
192.168.10.20 - arodriguez [02/Oct/2021:12:23:44 -0500] "CONNECT relay-300db5d9.net.anydesk.com:80 HTTP/1.1" 200 0 "HTTPS" "outgoing via 192.168.50.30"
192.168.10.20 - arodriguez [02/Oct/2021:12:24:13 -0500] "CONNECT relay-300db5d9.net.anydesk.com:80 HTTP/1.1" 200 0 "HTTPS" "outgoing via 192.168.50.30"
192.168.10.20 - arodriguez [02/Oct/2021:12:24:26 -0500] "CONNECT relay-ce1fc904.net.anydesk.com:80 HTTP/1.1" 200 0 "HTTPS" "outgoing via 192.168.50.30"
192.168.10.20 - arodriguez [02/Oct/2021:12:24:28 -0500] "CONNECT relay-ce1fc904.net.anydesk.com:443 HTTP/1.1" 200 0 "HTTPS" "outgoing via 192.168.50.30"
192.168.10.20 - arodriguez [02/Oct/2021:12:24:30 -0500] "CONNECT relay-ce1fc904.net.anydesk.com:6568 HTTP/1.1" 200 0 "HTTPS" "outgoing via 192.168.50.30"
192.168.10.20 - arodriguez [02/Oct/2021:12:24:32 -0500] "CONNECT 186.233.185.146:80 HTTP/1.1" 200 0 "HTTPS" "outgoing via 192.168.50.30"
