192.168.10.20 - arodriguez [18/Sep/2021:11:41:15 -0500] "CONNECT relay-922f66f3.net.anydesk.com:80 HTTP/1.1" 200 0 "HTTPS" "outgoing via 192.168.50.30"
192.168.1.15 - jacome [18/Sep/2021:11:41:42 -0500] "CONNECT contile.services.mozilla.com:443 HTTP/1.1" 200 0 "HTTPS" "outgoing via 192.168.50.30"
192.168.10.20 - arodriguez [18/Sep/2021:11:41:44 -0500] "CONNECT relay-922f66f3.net.anydesk.com:80 HTTP/1.1" 200 0 "HTTPS" "outgoing via 192.168.50.30"
192.168.10.20 - arodriguez [18/Sep/2021:11:42:12 -0500] "CONNECT relay-922f66f3.net.anydesk.com:80 HTTP/1.1" 200 0 "HTTPS" "outgoing via 192.168.50.30"
192.168.10.20 - arodriguez [18/Sep/2021:11:42:41 -0500] "CONNECT relay-922f66f3.net.anydesk.com:80 HTTP/1.1" 200 0 "HTTPS" "outgoing via 192.168.50.30"
192.168.10.20 - arodriguez [18/Sep/2021:11:43:10 -0500] "CONNECT relay-922f66f3.net.anydesk.com:80 HTTP/1.1" 200 0 "HTTPS" "outgoing via 192.168.50.30"
192.168.10.20 - arodriguez [18/Sep/2021:11:43:39 -0500] "CONNECT relay-922f66f3.net.anydesk.com:80 HTTP/1.1" 200 0 "HTTPS" "outgoing via 192.168.50.30"
192.168.10.20 - arodriguez [18/Sep/2021:11:44:08 -0500] "CONNECT relay-922f66f3.net.anydesk.com:80 HTTP/1.1" 200 0 "HTTPS" "outgoing via 192.168.50.30"
192.168.10.20 - arodriguez [18/Sep/2021:11:44:37 -0500] "CONNECT relay-922f66f3.net.anydesk.com:80 HTTP/1.1" 200 0 "HTTPS" "outgoing via 192.168.50.30"
192.168.10.20 - arodriguez [18/Sep/2021:11:44:39 -0500] "CONNECT relay-922f66f3.net.anydesk.com:443 HTTP/1.1" 200 0 "HTTPS" "outgoing via 192.168.50.30"
192.168.10.20 - arodriguez [18/Sep/2021:11:44:41 -0500] "CONNECT relay-922f66f3.net.anydesk.com:6568 HTTP/1.1" 200 0 "HTTPS" "outgoing via 192.168.50.30"
192.168.1.15 - jacome [18/Sep/2021:11:44:43 -0500] "CONNECT scontent-mia3-1.xx.fbcdn.net:443 HTTP/1.1" 200 0 "HTTPS" "outgoing via 192.168.50.30"
192.168.10.20 - arodriguez [18/Sep/2021:11:44:43 -0500] "CONNECT 199.127.60.83:80 HTTP/1.1" 200 0 "HTTPS" "outgoing via 192.168.50.30"
192.168.10.20 - arodriguez [18/Sep/2021:11:44:45 -0500] "CONNECT 199.127.60.83:443 HTTP/1.1" 200 0 "HTTPS" "outgoing via 192.168.50.30"
192.168.10.20 - arodriguez [18/Sep/2021:11:44:47 -0500] "CONNECT 199.127.60.83:6568 HTTP/1.1" 200 0 "HTTPS" "outgoing via 192.168.50.30"
192.168.10.20 - arodriguez [18/Sep/2021:11:44:55 -0500] "CONNECT boot-01.net.anydesk.com:443 HTTP/1.1" 200 0 "HTTPS" "outgoing via 192.168.50.30"
192.168.10.20 - arodriguez [18/Sep/2021:11:45:09 -0500] "CONNECT relay-bfcb38ab.net.anydesk.com:80 HTTP/1.1" 200 0 "HTTPS" "outgoing via 192.168.50.30"
192.168.10.20 - arodriguez [18/Sep/2021:11:45:38 -0500] "CONNECT relay-bfcb38ab.net.anydesk.com:80 HTTP/1.1" 200 0 "HTTPS" "outgoing via 192.168.50.30"
192.168.10.20 - arodriguez [18/Sep/2021:11:46:07 -0500] "CONNECT relay-bfcb38ab.net.anydesk.com:80 HTTP/1.1" 200 0 "HTTPS" "outgoing via 192.168.50.30"
192.168.1.15 - jacome [18/Sep/2021:11:46:21 -0500] "CONNECT scontent-mia3-2.xx.fbcdn.net:443 HTTP/1.1" 200 0 "HTTPS" "outgoing via 192.168.50.30"
192.168.10.20 - arodriguez [18/Sep/2021:11:46:36 -0500] "CONNECT relay-bfcb38ab.net.anydesk.com:80 HTTP/1.1" 200 0 "HTTPS" "outgoing via 192.168.50.30"
192.168.10.20 - arodriguez [18/Sep/2021:11:47:05 -0500] "CONNECT relay-bfcb38ab.net.anydesk.com:80 HTTP/1.1" 200 0 "HTTPS" "outgoing via 192.168.50.30"
192.168.10.20 - arodriguez [18/Sep/2021:11:47:34 -0500] "CONNECT relay-bfcb38ab.net.anydesk.com:80 HTTP/1.1" 200 0 "HTTPS" "outgoing via 192.168.50.30"
192.168.10.20 - arodriguez [18/Sep/2021:11:48:03 -0500] "CONNECT relay-bfcb38ab.net.anydesk.com:80 HTTP/1.1" 200 0 "HTTPS" "outgoing via 192.168.50.30"
192.168.10.20 - arodriguez [18/Sep/2021:11:48:31 -0500] "CONNECT relay-bfcb38ab.net.anydesk.com:80 HTTP/1.1" 200 0 "HTTPS" "outgoing via 192.168.50.30"
192.168.10.20 - arodriguez [18/Sep/2021:11:49:01 -0500] "CONNECT relay-bfcb38ab.net.anydesk.com:80 HTTP/1.1" 200 0 "HTTPS" "outgoing via 192.168.50.30"
192.168.10.20 - arodriguez [18/Sep/2021:11:49:29 -0500] "CONNECT relay-bfcb38ab.net.anydesk.com:80 HTTP/1.1" 200 0 "HTTPS" "outgoing via 192.168.50.30"
192.168.10.20 - arodriguez [18/Sep/2021:11:49:58 -0500] "CONNECT relay-bfcb38ab.net.anydesk.com:80 HTTP/1.1" 200 0 "HTTPS" "outgoing via 192.168.50.30"
192.168.10.20 - arodriguez [18/Sep/2021:11:50:28 -0500] "CONNECT relay-bfcb38ab.net.anydesk.com:80 HTTP/1.1" 200 0 "HTTPS" "outgoing via 192.168.50.30"
192.168.10.20 - arodriguez [18/Sep/2021:11:50:57 -0500] "CONNECT relay-bfcb38ab.net.anydesk.com:80 HTTP/1.1" 200 0 "HTTPS" "outgoing via 192.168.50.30"
192.168.10.20 - arodriguez [18/Sep/2021:11:51:26 -0500] "CONNECT relay-bfcb38ab.net.anydesk.com:80 HTTP/1.1" 200 0 "HTTPS" "outgoing via 192.168.50.30"
192.168.10.20 - arodriguez [18/Sep/2021:11:51:55 -0500] "CONNECT relay-bfcb38ab.net.anydesk.com:80 HTTP/1.1" 200 0 "HTTPS" "outgoing via 192.168.50.30"
192.168.10.20 - arodriguez [18/Sep/2021:11:52:23 -0500] "CONNECT relay-bfcb38ab.net.anydesk.com:80 HTTP/1.1" 200 0 "HTTPS" "outgoing via 192.168.50.30"
192.168.10.20 - arodriguez [18/Sep/2021:11:52:52 -0500] "CONNECT relay-bfcb38ab.net.anydesk.com:80 HTTP/1.1" 200 0 "HTTPS" "outgoing via 192.168.50.30"
192.168.10.20 - arodriguez [18/Sep/2021:11:53:21 -0500] "CONNECT relay-bfcb38ab.net.anydesk.com:80 HTTP/1.1" 200 0 "HTTPS" "outgoing via 192.168.50.30"
192.168.10.20 - arodriguez [18/Sep/2021:11:53:50 -0500] "CONNECT relay-bfcb38ab.net.anydesk.com:80 HTTP/1.1" 200 0 "HTTPS" "outgoing via 192.168.50.30"
192.168.1.15 - jacome [18/Sep/2021:11:53:53 -0500] "CONNECT scontent-mia3-2.xx.fbcdn.net:443 HTTP/1.1" 200 0 "HTTPS" "outgoing via 192.168.50.30"
192.168.1.15 - jacome [18/Sep/2021:11:53:56 -0500] "CONNECT scontent-mia3-1.xx.fbcdn.net:443 HTTP/1.1" 200 0 "HTTPS" "outgoing via 192.168.50.30"
192.168.10.20 - arodriguez [18/Sep/2021:11:54:20 -0500] "CONNECT relay-bfcb38ab.net.anydesk.com:80 HTTP/1.1" 200 0 "HTTPS" "outgoing via 192.168.50.30"
192.168.10.20 - arodriguez [18/Sep/2021:11:54:48 -0500] "CONNECT relay-bfcb38ab.net.anydesk.com:80 HTTP/1.1" 200 0 "HTTPS" "outgoing via 192.168.50.30"
192.168.10.20 - arodriguez [18/Sep/2021:11:55:18 -0500] "CONNECT relay-bfcb38ab.net.anydesk.com:80 HTTP/1.1" 200 0 "HTTPS" "outgoing via 192.168.50.30"
192.168.10.20 - arodriguez [18/Sep/2021:11:55:47 -0500] "CONNECT relay-bfcb38ab.net.anydesk.com:80 HTTP/1.1" 200 0 "HTTPS" "outgoing via 192.168.50.30"
192.168.10.20 - arodriguez [18/Sep/2021:11:56:15 -0500] "CONNECT relay-bfcb38ab.net.anydesk.com:80 HTTP/1.1" 200 0 "HTTPS" "outgoing via 192.168.50.30"
192.168.1.15 - jacome [18/Sep/2021:11:56:42 -0500] "CONNECT contile.services.mozilla.com:443 HTTP/1.1" 200 0 "HTTPS" "outgoing via 192.168.50.30"
192.168.10.20 - arodriguez [18/Sep/2021:11:56:44 -0500] "CONNECT relay-bfcb38ab.net.anydesk.com:80 HTTP/1.1" 200 0 "HTTPS" "outgoing via 192.168.50.30"
192.168.10.20 - arodriguez [18/Sep/2021:11:57:13 -0500] "CONNECT relay-bfcb38ab.net.anydesk.com:80 HTTP/1.1" 200 0 "HTTPS" "outgoing via 192.168.50.30"
192.168.10.20 - arodriguez [18/Sep/2021:11:57:42 -0500] "CONNECT relay-bfcb38ab.net.anydesk.com:80 HTTP/1.1" 200 0 "HTTPS" "outgoing via 192.168.50.30"
192.168.10.20 - arodriguez [18/Sep/2021:11:58:12 -0500] "CONNECT relay-bfcb38ab.net.anydesk.com:80 HTTP/1.1" 200 0 "HTTPS" "outgoing via 192.168.50.30"
192.168.1.15 - jacome [18/Sep/2021:11:58:38 -0500] "CONNECT incoming.telemetry.mozilla.org:443 HTTP/1.1" 200 0 "HTTPS" "outgoing via 192.168.50.30"
192.168.10.20 - arodriguez [18/Sep/2021:11:58:41 -0500] "CONNECT relay-bfcb38ab.net.anydesk.com:80 HTTP/1.1" 200 0 "HTTPS" "outgoing via 192.168.50.30"
192.168.1.15 - jacome [18/Sep/2021:11:59:04 -0500] "CONNECT scontent-mia3-2.xx.fbcdn.net:443 HTTP/1.1" 200 0 "HTTPS" "outgoing via 192.168.50.30"
192.168.1.15 - jacome [18/Sep/2021:11:59:05 -0500] "CONNECT static.xx.fbcdn.net:443 HTTP/1.1" 200 0 "HTTPS" "outgoing via 192.168.50.30"
192.168.10.20 - arodriguez [18/Sep/2021:11:59:09 -0500] "CONNECT relay-bfcb38ab.net.anydesk.com:80 HTTP/1.1" 200 0 "HTTPS" "outgoing via 192.168.50.30"
192.168.1.15 - jacome [18/Sep/2021:11:59:11 -0500] "CONNECT video-mia3-1.xx.fbcdn.net:443 HTTP/1.1" 200 0 "HTTPS" "outgoing via 192.168.50.30"
192.168.1.15 - jacome [18/Sep/2021:11:59:11 -0500] "CONNECT video-mia3-2.xx.fbcdn.net:443 HTTP/1.1" 200 0 "HTTPS" "outgoing via 192.168.50.30"
192.168.10.20 - arodriguez [18/Sep/2021:11:59:39 -0500] "CONNECT relay-bfcb38ab.net.anydesk.com:80 HTTP/1.1" 200 0 "HTTPS" "outgoing via 192.168.50.30"
192.168.10.20 - arodriguez [18/Sep/2021:12:00:08 -0500] "CONNECT relay-bfcb38ab.net.anydesk.com:80 HTTP/1.1" 200 0 "HTTPS" "outgoing via 192.168.50.30"
192.168.1.15 - jacome [18/Sep/2021:12:00:31 -0500] "CONNECT external-mia3-2.xx.fbcdn.net:443 HTTP/1.1" 200 0 "HTTPS" "outgoing via 192.168.50.30"
192.168.10.20 - arodriguez [18/Sep/2021:12:00:37 -0500] "CONNECT relay-bfcb38ab.net.anydesk.com:80 HTTP/1.1" 200 0 "HTTPS" "outgoing via 192.168.50.30"
192.168.1.15 - jacome [18/Sep/2021:12:00:51 -0500] "CONNECT l.facebook.com:443 HTTP/1.1" 200 0 "HTTPS" "outgoing via 192.168.50.30"
192.168.1.15 - jacome [18/Sep/2021:12:00:55 -0500] "CONNECT firefox.settings.services.mozilla.com:443 HTTP/1.1" 200 0 "HTTPS" "outgoing via 192.168.50.30"
192.168.1.15 - jacome [18/Sep/2021:12:00:56 -0500] "CONNECT es.rbth.com:443 HTTP/1.1" 200 0 "HTTPS" "outgoing via 192.168.50.30"
192.168.1.15 - jacome [18/Sep/2021:12:00:58 -0500] "CONNECT incoming.telemetry.mozilla.org:443 HTTP/1.1" 200 0 "HTTPS" "outgoing via 192.168.50.30"
192.168.1.15 - jacome [18/Sep/2021:12:00:58 -0500] "CONNECT code.jquery.com:443 HTTP/1.1" 200 0 "HTTPS" "outgoing via 192.168.50.30"
192.168.1.15 - jacome [18/Sep/2021:12:00:58 -0500] "CONNECT cdni.rbth.com:443 HTTP/1.1" 200 0 "HTTPS" "outgoing via 192.168.50.30"
192.168.1.15 - jacome [18/Sep/2021:12:00:58 -0500] "CONNECT fonts.googleapis.com:443 HTTP/1.1" 200 0 "HTTPS" "outgoing via 192.168.50.30"
192.168.1.15 - jacome [18/Sep/2021:12:00:59 -0500] "POST http://ocsp.digicert.com/ HTTP/1.1" 200 947 "HTTP" ""
192.168.1.15 - jacome [18/Sep/2021:12:01:02 -0500] "CONNECT www.youtube.com:443 HTTP/1.1" 200 0 "HTTPS" "outgoing via 192.168.50.30"
192.168.1.15 - jacome [18/Sep/2021:12:01:02 -0500] "CONNECT https-es-rbth-com.disqus.com:443 HTTP/1.1" 200 0 "HTTPS" "outgoing via 192.168.50.30"
192.168.1.15 - jacome [18/Sep/2021:12:01:03 -0500] "CONNECT socialstat.rt.com:443 HTTP/1.1" 200 0 "HTTPS" "outgoing via 192.168.50.30"
192.168.1.15 - jacome [18/Sep/2021:12:01:04 -0500] "CONNECT fonts.gstatic.com:443 HTTP/1.1" 200 0 "HTTPS" "outgoing via 192.168.50.30"
192.168.1.15 - jacome [18/Sep/2021:12:01:04 -0500] "POST http://ocsp.pki.goog/gts1o1core HTTP/1.1" 200 849 "HTTP" ""
192.168.1.15 - jacome [18/Sep/2021:12:01:05 -0500] "CONNECT embed.playbuzz.com:443 HTTP/1.1" 200 0 "HTTPS" "outgoing via 192.168.50.30"
192.168.1.15 - jacome [18/Sep/2021:12:01:05 -0500] "GET http://www.downloadytb.com/initytb.html HTTP/1.1" 200 1193 "HTTP" ""
192.168.1.15 - jacome [18/Sep/2021:12:01:05 -0500] "CONNECT ingestion.contentinsights.com:443 HTTP/1.1" 200 0 "HTTPS" "outgoing via 192.168.50.30"
192.168.10.20 - arodriguez [18/Sep/2021:12:01:06 -0500] "CONNECT relay-bfcb38ab.net.anydesk.com:80 HTTP/1.1" 200 0 "HTTPS" "outgoing via 192.168.50.30"
192.168.1.15 - jacome [18/Sep/2021:12:01:06 -0500] "CONNECT disqus.com:443 HTTP/1.1" 200 0 "HTTPS" "outgoing via 192.168.50.30"
192.168.1.15 - jacome [18/Sep/2021:12:01:06 -0500] "CONNECT www.googletagservices.com:443 HTTP/1.1" 200 0 "HTTPS" "outgoing via 192.168.50.30"
192.168.1.15 - jacome [18/Sep/2021:12:01:06 -0500] "CONNECT platform.instagram.com:443 HTTP/1.1" 200 0 "HTTPS" "outgoing via 192.168.50.30"
192.168.1.15 - jacome [18/Sep/2021:12:01:06 -0500] "CONNECT www.google-analytics.com:443 HTTP/1.1" 200 0 "HTTPS" "outgoing via 192.168.50.30"
192.168.1.15 - jacome [18/Sep/2021:12:01:06 -0500] "CONNECT platform.twitter.com:443 HTTP/1.1" 200 0 "HTTPS" "outgoing via 192.168.50.30"
192.168.1.15 - jacome [18/Sep/2021:12:01:06 -0500] "CONNECT connect.facebook.net:443 HTTP/1.1" 200 0 "HTTPS" "outgoing via 192.168.50.30"
192.168.10.20 - arodriguez [18/Sep/2021:12:01:07 -0500] "CONNECT relay-bfcb38ab.net.anydesk.com:443 HTTP/1.1" 200 0 "HTTPS" "outgoing via 192.168.50.30"
192.168.1.15 - jacome [18/Sep/2021:12:01:12 -0500] "CONNECT ingestion.contentinsights.com:443 HTTP/1.1" 200 0 "HTTPS" "outgoing via 192.168.50.30"
192.168.1.15 - jacome [18/Sep/2021:12:01:13 -0500] "CONNECT c.disquscdn.com:443 HTTP/1.1" 200 0 "HTTPS" "outgoing via 192.168.50.30"
192.168.1.15 - jacome [18/Sep/2021:12:01:14 -0500] "CONNECT connect.facebook.net:443 HTTP/1.1" 200 0 "HTTPS" "outgoing via 192.168.50.30"
192.168.1.15 - jacome [18/Sep/2021:12:01:14 -0500] "CONNECT syndication.twitter.com:443 HTTP/1.1" 200 0 "HTTPS" "outgoing via 192.168.50.30"
192.168.1.15 - jacome [18/Sep/2021:12:01:16 -0500] "CONNECT securepubads.g.doubleclick.net:443 HTTP/1.1" 200 0 "HTTPS" "outgoing via 192.168.50.30"
192.168.1.15 - jacome [18/Sep/2021:12:01:16 -0500] "CONNECT securepubads.g.doubleclick.net:443 HTTP/1.1" 200 0 "HTTPS" "outgoing via 192.168.50.30"
192.168.1.15 - jacome [18/Sep/2021:12:01:16 -0500] "CONNECT www.instagram.com:443 HTTP/1.1" 200 0 "HTTPS" "outgoing via 192.168.50.30"
192.168.1.15 - jacome [18/Sep/2021:12:01:19 -0500] "CONNECT stats.g.doubleclick.net:443 HTTP/1.1" 200 0 "HTTPS" "outgoing via 192.168.50.30"
192.168.1.15 - jacome [18/Sep/2021:12:01:23 -0500] "CONNECT c.disquscdn.com:443 HTTP/1.1" 200 0 "HTTPS" "outgoing via 192.168.50.30"
192.168.1.15 - jacome [18/Sep/2021:12:01:30 -0500] "CONNECT www.instagram.com:443 HTTP/1.1" 200 0 "HTTPS" "outgoing via 192.168.50.30"
192.168.1.15 - jacome [18/Sep/2021:12:01:35 -0500] "CONNECT googleads.g.doubleclick.net:443 HTTP/1.1" 200 0 "HTTPS" "outgoing via 192.168.50.30"
192.168.1.15 - jacome [18/Sep/2021:12:01:35 -0500] "CONNECT static.doubleclick.net:443 HTTP/1.1" 200 0 "HTTPS" "outgoing via 192.168.50.30"
192.168.10.20 - arodriguez [18/Sep/2021:12:01:36 -0500] "CONNECT relay-bfcb38ab.net.anydesk.com:80 HTTP/1.1" 200 0 "HTTPS" "outgoing via 192.168.50.30"
192.168.1.15 - jacome [18/Sep/2021:12:01:42 -0500] "CONNECT www.google.com:443 HTTP/1.1" 200 0 "HTTPS" "outgoing via 192.168.50.30"
192.168.1.15 - jacome [18/Sep/2021:12:01:44 -0500] "POST http://ocsp.pki.goog/gts1c3 HTTP/1.1" 200 850 "HTTP" ""
192.168.1.15 - jacome [18/Sep/2021:12:01:47 -0500] "CONNECT yt3.ggpht.com:443 HTTP/1.1" 200 0 "HTTPS" "outgoing via 192.168.50.30"
192.168.1.15 - jacome [18/Sep/2021:12:01:47 -0500] "CONNECT i.ytimg.com:443 HTTP/1.1" 200 0 "HTTPS" "outgoing via 192.168.50.30"
192.168.1.15 - jacome [18/Sep/2021:12:01:49 -0500] "POST http://status.geotrust.com/ HTTP/1.1" 200 947 "HTTP" ""
192.168.1.15 - jacome [18/Sep/2021:12:01:53 -0500] "CONNECT a.disquscdn.com:443 HTTP/1.1" 200 0 "HTTPS" "outgoing via 192.168.50.30"
192.168.1.15 - jacome [18/Sep/2021:12:01:58 -0500] "CONNECT apis.google.com:443 HTTP/1.1" 200 0 "HTTPS" "outgoing via 192.168.50.30"
192.168.1.15 - jacome [18/Sep/2021:12:01:58 -0500] "CONNECT cdn.viglink.com:443 HTTP/1.1" 200 0 "HTTPS" "outgoing via 192.168.50.30"
192.168.1.15 - jacome [18/Sep/2021:12:02:01 -0500] "CONNECT links.services.disqus.com:443 HTTP/1.1" 200 0 "HTTPS" "outgoing via 192.168.50.30"
192.168.1.15 - jacome [18/Sep/2021:12:02:04 -0500] "CONNECT accounts.google.com:443 HTTP/1.1" 200 0 "HTTPS" "outgoing via 192.168.50.30"
192.168.10.20 - arodriguez [18/Sep/2021:12:02:05 -0500] "CONNECT relay-bfcb38ab.net.anydesk.com:80 HTTP/1.1" 200 0 "HTTPS" "outgoing via 192.168.50.30"
192.168.1.15 - jacome [18/Sep/2021:12:02:07 -0500] "CONNECT links.services.disqus.com:443 HTTP/1.1" 200 0 "HTTPS" "outgoing via 192.168.50.30"
192.168.1.15 - jacome [18/Sep/2021:12:02:08 -0500] "CONNECT ce.lijit.com:443 HTTP/1.1" 200 0 "HTTPS" "outgoing via 192.168.50.30"
192.168.1.15 - jacome [18/Sep/2021:12:02:09 -0500] "CONNECT edge-chat.facebook.com:443 HTTP/1.1" 200 0 "HTTPS" "outgoing via 192.168.50.30"
192.168.1.15 - jacome [18/Sep/2021:12:02:09 -0500] "GET http://www.downloadytb.com/initytb.html HTTP/1.1" 200 1193 "HTTP" ""
192.168.1.15 - jacome [18/Sep/2021:12:02:13 -0500] "CONNECT ce.lijit.com:443 HTTP/1.1" 200 0 "HTTPS" "outgoing via 192.168.50.30"
192.168.10.20 - arodriguez [18/Sep/2021:12:02:34 -0500] "CONNECT relay-bfcb38ab.net.anydesk.com:80 HTTP/1.1" 200 0 "HTTPS" "outgoing via 192.168.50.30"
192.168.1.15 - jacome [18/Sep/2021:12:02:35 -0500] "CONNECT r3---sn-xuxjn5-i58e.googlevideo.com:443 HTTP/1.1" 200 0 "HTTPS" "outgoing via 192.168.50.30"
192.168.1.15 - jacome [18/Sep/2021:12:02:35 -0500] "CONNECT r3---sn-xuxjn5-i58e.googlevideo.com:443 HTTP/1.1" 200 0 "HTTPS" "outgoing via 192.168.50.30"
192.168.1.15 - jacome [18/Sep/2021:12:02:35 -0500] "POST http://ocsp.pki.goog/gts1c3 HTTP/1.1" 200 850 "HTTP" ""
192.168.1.15 - jacome [18/Sep/2021:12:02:35 -0500] "POST http://ocsp.pki.goog/gts1c3 HTTP/1.1" 200 850 "HTTP" ""
192.168.1.15 - jacome [18/Sep/2021:12:02:39 -0500] "CONNECT r5---sn-hp57yn7y.googlevideo.com:443 HTTP/1.1" 200 0 "HTTPS" "outgoing via 192.168.50.30"
192.168.1.15 - jacome [18/Sep/2021:12:02:48 -0500] "CONNECT googleads.g.doubleclick.net:443 HTTP/1.1" 200 0 "HTTPS" "outgoing via 192.168.50.30"
192.168.1.15 - jacome [18/Sep/2021:12:02:55 -0500] "GET http://detectportal.firefox.com/canonical.html HTTP/1.1" 200 1896 "HTTP" "Error 403 (Forbidden)!!1"
192.168.10.20 - arodriguez [18/Sep/2021:12:03:03 -0500] "CONNECT relay-bfcb38ab.net.anydesk.com:80 HTTP/1.1" 200 0 "HTTPS" "outgoing via 192.168.50.30"
192.168.1.15 - jacome [18/Sep/2021:12:03:04 -0500] "POST http://ocsp.pki.goog/gts1c3 HTTP/1.1" 200 849 "HTTP" ""
192.168.1.15 - jacome [18/Sep/2021:12:03:08 -0500] "POST http://ocsp.sca1b.amazontrust.com/ HTTP/1.1" 200 1123 "HTTP" ""
192.168.1.15 - jacome [18/Sep/2021:12:03:08 -0500] "POST http://ocsp.digicert.com/ HTTP/1.1" 200 947 "HTTP" ""
192.168.1.15 - jacome [18/Sep/2021:12:03:12 -0500] "CONNECT incoming.telemetry.mozilla.org:443 HTTP/1.1" 200 0 "HTTPS" "outgoing via 192.168.50.30"
192.168.1.15 - jacome [18/Sep/2021:12:03:16 -0500] "CONNECT safebrowsing.googleapis.com:443 HTTP/1.1" 200 0 "HTTPS" "outgoing via 192.168.50.30"
192.168.1.15 - jacome [18/Sep/2021:12:03:20 -0500] "POST http://ocsp.digicert.com/ HTTP/1.1" 200 947 "HTTP" ""
192.168.1.15 - jacome [18/Sep/2021:12:03:22 -0500] "POST http://ocsp.digicert.com/ HTTP/1.1" 200 947 "HTTP" ""
192.168.1.15 - jacome [18/Sep/2021:12:03:22 -0500] "CONNECT r5---sn-hp57yn7y.googlevideo.com:443 HTTP/1.1" 200 0 "HTTPS" "outgoing via 192.168.50.30"
192.168.1.15 - jacome [18/Sep/2021:12:03:23 -0500] "CONNECT scontent.xx.fbcdn.net:443 HTTP/1.1" 200 0 "HTTPS" "outgoing via 192.168.50.30"
192.168.1.15 - jacome [18/Sep/2021:12:03:23 -0500] "CONNECT r5---sn-hp57yn7y.googlevideo.com:443 HTTP/1.1" 200 0 "HTTPS" "outgoing via 192.168.50.30"
192.168.1.15 - jacome [18/Sep/2021:12:03:24 -0500] "CONNECT edge-chat.facebook.com:443 HTTP/1.1" 200 0 "HTTPS" "outgoing via 192.168.50.30"
192.168.10.20 - arodriguez [18/Sep/2021:12:03:33 -0500] "CONNECT relay-bfcb38ab.net.anydesk.com:80 HTTP/1.1" 200 0 "HTTPS" "outgoing via 192.168.50.30"
192.168.1.15 - jacome [18/Sep/2021:12:03:38 -0500] "CONNECT safebrowsing.googleapis.com:443 HTTP/1.1" 200 0 "HTTPS" "outgoing via 192.168.50.30"
192.168.1.15 - jacome [18/Sep/2021:12:03:38 -0500] "CONNECT scontent.xx.fbcdn.net:443 HTTP/1.1" 200 0 "HTTPS" "outgoing via 192.168.50.30"
192.168.1.15 - jacome [18/Sep/2021:12:03:39 -0500] "CONNECT r3---sn-xuxjn5-i58e.googlevideo.com:443 HTTP/1.1" 200 0 "HTTPS" "outgoing via 192.168.50.30"
192.168.1.15 - jacome [18/Sep/2021:12:03:40 -0500] "POST http://ocsp.pki.goog/gts1c3 HTTP/1.1" 200 849 "HTTP" ""
192.168.1.15 - jacome [18/Sep/2021:12:03:43 -0500] "CONNECT googleads.g.doubleclick.net:443 HTTP/1.1" 200 0 "HTTPS" "outgoing via 192.168.50.30"
192.168.1.15 - jacome [18/Sep/2021:12:03:43 -0500] "CONNECT googleads.g.doubleclick.net:443 HTTP/1.1" 200 0 "HTTPS" "outgoing via 192.168.50.30"
192.168.1.15 - jacome [18/Sep/2021:12:03:43 -0500] "GET http://detectportal.firefox.com/canonical.html HTTP/1.1" 200 445 "HTTP" ""
192.168.1.15 - jacome [18/Sep/2021:12:03:45 -0500] "GET http://detectportal.firefox.com/canonical.html HTTP/1.1" 200 1896 "HTTP" "Error 403 (Forbidden)!!1"
192.168.1.15 - jacome [18/Sep/2021:12:03:50 -0500] "GET http://detectportal.firefox.com/success.txt?ipv4 HTTP/1.1" 200 1893 "HTTP" "Error 403 (Forbidden)!!1"
192.168.10.20 - arodriguez [18/Sep/2021:12:04:02 -0500] "CONNECT relay-bfcb38ab.net.anydesk.com:80 HTTP/1.1" 200 0 "HTTPS" "outgoing via 192.168.50.30"
192.168.10.20 - arodriguez [18/Sep/2021:12:04:30 -0500] "CONNECT relay-bfcb38ab.net.anydesk.com:80 HTTP/1.1" 200 0 "HTTPS" "outgoing via 192.168.50.30"
192.168.10.20 - arodriguez [18/Sep/2021:12:05:00 -0500] "CONNECT relay-bfcb38ab.net.anydesk.com:80 HTTP/1.1" 200 0 "HTTPS" "outgoing via 192.168.50.30"
192.168.1.15 - jacome [18/Sep/2021:12:05:22 -0500] "CONNECT ingestion.contentinsights.com:443 HTTP/1.1" 200 0 "HTTPS" "outgoing via 192.168.50.30"
192.168.1.15 - jacome [18/Sep/2021:12:05:22 -0500] "POST http://ocsp.pki.goog/gts1c3 HTTP/1.1" 200 849 "HTTP" ""
192.168.1.15 - jacome [18/Sep/2021:12:05:23 -0500] "CONNECT es.rbth.com:443 HTTP/1.1" 200 0 "HTTPS" "outgoing via 192.168.50.30"
192.168.10.20 - arodriguez [18/Sep/2021:12:05:29 -0500] "CONNECT relay-bfcb38ab.net.anydesk.com:80 HTTP/1.1" 200 0 "HTTPS" "outgoing via 192.168.50.30"
192.168.1.15 - jacome [18/Sep/2021:12:05:45 -0500] "CONNECT googleads.g.doubleclick.net:443 HTTP/1.1" 200 0 "HTTPS" "outgoing via 192.168.50.30"
192.168.1.15 - jacome [18/Sep/2021:12:05:45 -0500] "GET http://detectportal.firefox.com/canonical.html HTTP/1.1" 200 1895 "HTTP" "Error 403 (Forbidden)!!1"
192.168.1.15 - jacome [18/Sep/2021:12:05:45 -0500] "GET http://detectportal.firefox.com/canonical.html HTTP/1.1" 200 1896 "HTTP" "Error 403 (Forbidden)!!1"
192.168.1.15 - jacome [18/Sep/2021:12:05:46 -0500] "GET http://detectportal.firefox.com/canonical.html HTTP/1.1" 200 1896 "HTTP" "Error 403 (Forbidden)!!1"
192.168.1.15 - jacome [18/Sep/2021:12:05:46 -0500] "GET http://detectportal.firefox.com/canonical.html HTTP/1.1" 200 1896 "HTTP" "Error 403 (Forbidden)!!1"
192.168.1.15 - jacome [18/Sep/2021:12:05:46 -0500] "GET http://detectportal.firefox.com/canonical.html HTTP/1.1" 200 1896 "HTTP" "Error 403 (Forbidden)!!1"
192.168.10.20 - arodriguez [18/Sep/2021:12:05:58 -0500] "CONNECT relay-bfcb38ab.net.anydesk.com:80 HTTP/1.1" 200 0 "HTTPS" "outgoing via 192.168.50.30"
192.168.10.20 - arodriguez [18/Sep/2021:12:06:26 -0500] "CONNECT relay-bfcb38ab.net.anydesk.com:80 HTTP/1.1" 200 0 "HTTPS" "outgoing via 192.168.50.30"
192.168.10.20 - arodriguez [18/Sep/2021:12:06:56 -0500] "CONNECT relay-bfcb38ab.net.anydesk.com:80 HTTP/1.1" 200 0 "HTTPS" "outgoing via 192.168.50.30"
192.168.10.20 - arodriguez [18/Sep/2021:12:07:24 -0500] "CONNECT relay-bfcb38ab.net.anydesk.com:80 HTTP/1.1" 200 0 "HTTPS" "outgoing via 192.168.50.30"
192.168.1.15 - jacome [18/Sep/2021:12:07:42 -0500] "CONNECT safebrowsing.googleapis.com:443 HTTP/1.1" 200 0 "HTTPS" "outgoing via 192.168.50.30"
192.168.10.20 - arodriguez [18/Sep/2021:12:07:54 -0500] "CONNECT relay-bfcb38ab.net.anydesk.com:80 HTTP/1.1" 200 0 "HTTPS" "outgoing via 192.168.50.30"
192.168.1.15 - jacome [18/Sep/2021:12:08:15 -0500] "CONNECT ingestion.contentinsights.com:443 HTTP/1.1" 200 0 "HTTPS" "outgoing via 192.168.50.30"
192.168.10.20 - arodriguez [18/Sep/2021:12:08:23 -0500] "CONNECT relay-bfcb38ab.net.anydesk.com:80 HTTP/1.1" 200 0 "HTTPS" "outgoing via 192.168.50.30"
192.168.10.20 - arodriguez [18/Sep/2021:12:08:52 -0500] "CONNECT relay-bfcb38ab.net.anydesk.com:80 HTTP/1.1" 200 0 "HTTPS" "outgoing via 192.168.50.30"
192.168.1.15 - jacome [18/Sep/2021:12:09:12 -0500] "CONNECT es.rbth.com:443 HTTP/1.1" 200 0 "HTTPS" "outgoing via 192.168.50.30"
192.168.1.15 - jacome [18/Sep/2021:12:09:14 -0500] "CONNECT cdni.rbth.com:443 HTTP/1.1" 200 0 "HTTPS" "outgoing via 192.168.50.30"
192.168.1.15 - jacome [18/Sep/2021:12:09:14 -0500] "CONNECT https-es-rbth-com.disqus.com:443 HTTP/1.1" 200 0 "HTTPS" "outgoing via 192.168.50.30"
192.168.1.15 - jacome [18/Sep/2021:12:09:14 -0500] "CONNECT socialstat.rt.com:443 HTTP/1.1" 200 0 "HTTPS" "outgoing via 192.168.50.30"
192.168.1.15 - jacome [18/Sep/2021:12:09:15 -0500] "CONNECT embed.playbuzz.com:443 HTTP/1.1" 200 0 "HTTPS" "outgoing via 192.168.50.30"
192.168.1.15 - jacome [18/Sep/2021:12:09:16 -0500] "POST http://ocsp.sca1b.amazontrust.com/ HTTP/1.1" 200 1123 "HTTP" ""
192.168.1.15 - jacome [18/Sep/2021:12:09:16 -0500] "CONNECT referrer.disqus.com:443 HTTP/1.1" 200 0 "HTTPS" "outgoing via 192.168.50.30"
192.168.1.15 - jacome [18/Sep/2021:12:09:18 -0500] "CONNECT links.services.disqus.com:443 HTTP/1.1" 200 0 "HTTPS" "outgoing via 192.168.50.30"
192.168.1.15 - jacome [18/Sep/2021:12:09:18 -0500] "CONNECT disqus.com:443 HTTP/1.1" 200 0 "HTTPS" "outgoing via 192.168.50.30"
192.168.1.15 - jacome [18/Sep/2021:12:09:20 -0500] "CONNECT www.youtube.com:443 HTTP/1.1" 200 0 "HTTPS" "outgoing via 192.168.50.30"
192.168.1.15 - jacome [18/Sep/2021:12:09:21 -0500] "CONNECT www.youtube.com:443 HTTP/1.1" 200 0 "HTTPS" "outgoing via 192.168.50.30"
192.168.1.15 - jacome [18/Sep/2021:12:09:21 -0500] "CONNECT ingestion.contentinsights.com:443 HTTP/1.1" 200 0 "HTTPS" "outgoing via 192.168.50.30"
192.168.10.20 - arodriguez [18/Sep/2021:12:09:21 -0500] "CONNECT relay-bfcb38ab.net.anydesk.com:80 HTTP/1.1" 200 0 "HTTPS" "outgoing via 192.168.50.30"
192.168.1.15 - jacome [18/Sep/2021:12:09:21 -0500] "CONNECT c.disquscdn.com:443 HTTP/1.1" 200 0 "HTTPS" "outgoing via 192.168.50.30"
192.168.1.15 - jacome [18/Sep/2021:12:09:25 -0500] "CONNECT accounts.google.com:443 HTTP/1.1" 200 0 "HTTPS" "outgoing via 192.168.50.30"
192.168.1.15 - jacome [18/Sep/2021:12:09:29 -0500] "CONNECT platform.instagram.com:443 HTTP/1.1" 200 0 "HTTPS" "outgoing via 192.168.50.30"
192.168.1.15 - jacome [18/Sep/2021:12:09:29 -0500] "CONNECT securepubads.g.doubleclick.net:443 HTTP/1.1" 200 0 "HTTPS" "outgoing via 192.168.50.30"
192.168.1.15 - jacome [18/Sep/2021:12:09:29 -0500] "CONNECT cdn.viglink.com:443 HTTP/1.1" 200 0 "HTTPS" "outgoing via 192.168.50.30"
192.168.1.15 - jacome [18/Sep/2021:12:09:29 -0500] "CONNECT www.google-analytics.com:443 HTTP/1.1" 200 0 "HTTPS" "outgoing via 192.168.50.30"
192.168.1.15 - jacome [18/Sep/2021:12:09:29 -0500] "CONNECT platform.twitter.com:443 HTTP/1.1" 200 0 "HTTPS" "outgoing via 192.168.50.30"
192.168.1.15 - jacome [18/Sep/2021:12:09:29 -0500] "CONNECT links.services.disqus.com:443 HTTP/1.1" 200 0 "HTTPS" "outgoing via 192.168.50.30"
192.168.1.15 - jacome [18/Sep/2021:12:09:32 -0500] "CONNECT stats.g.doubleclick.net:443 HTTP/1.1" 200 0 "HTTPS" "outgoing via 192.168.50.30"
192.168.1.15 - jacome [18/Sep/2021:12:09:34 -0500] "CONNECT syndication.twitter.com:443 HTTP/1.1" 200 0 "HTTPS" "outgoing via 192.168.50.30"
192.168.1.15 - jacome [18/Sep/2021:12:09:39 -0500] "CONNECT securepubads.g.doubleclick.net:443 HTTP/1.1" 200 0 "HTTPS" "outgoing via 192.168.50.30"
192.168.1.15 - jacome [18/Sep/2021:12:09:39 -0500] "CONNECT ce.lijit.com:443 HTTP/1.1" 200 0 "HTTPS" "outgoing via 192.168.50.30"
192.168.1.15 - jacome [18/Sep/2021:12:09:39 -0500] "GET http://detectportal.firefox.com/canonical.html HTTP/1.1" 200 445 "HTTP" ""
192.168.1.15 - jacome [18/Sep/2021:12:09:46 -0500] "CONNECT ce.lijit.com:443 HTTP/1.1" 200 0 "HTTPS" "outgoing via 192.168.50.30"
192.168.1.15 - jacome [18/Sep/2021:12:09:49 -0500] "GET http://detectportal.firefox.com/success.txt?ipv4 HTTP/1.1" 200 363 "HTTP" ""
192.168.10.20 - arodriguez [18/Sep/2021:12:09:50 -0500] "CONNECT relay-bfcb38ab.net.anydesk.com:80 HTTP/1.1" 200 0 "HTTPS" "outgoing via 192.168.50.30"
192.168.50.220 - servidores [18/Sep/2021:12:09:59 -0500] "CONNECT mirrors.fedoraproject.org:443 HTTP/1.1" 200 0 "HTTPS" "outgoing via 192.168.50.30"
192.168.50.220 - servidores [18/Sep/2021:12:10:07 -0500] "GET http://mirror.globo.com/centos/7.9.2009/os/x86_64/repodata/repomd.xml HTTP/1.1" 200 4164 "HTTP" ""
192.168.50.220 - servidores [18/Sep/2021:12:10:08 -0500] "CONNECT repo.ius.io:443 HTTP/1.1" 200 0 "HTTPS" "outgoing via 192.168.50.30"
192.168.50.220 - servidores [18/Sep/2021:12:10:10 -0500] "CONNECT download.postgresql.org:443 HTTP/1.1" 200 0 "HTTPS" "outgoing via 192.168.50.30"
192.168.10.20 - arodriguez [18/Sep/2021:12:10:19 -0500] "CONNECT relay-bfcb38ab.net.anydesk.com:80 HTTP/1.1" 200 0 "HTTPS" "outgoing via 192.168.50.30"
192.168.10.20 - arodriguez [18/Sep/2021:12:10:21 -0500] "CONNECT relay-bfcb38ab.net.anydesk.com:443 HTTP/1.1" 200 0 "HTTPS" "outgoing via 192.168.50.30"
192.168.10.20 - arodriguez [18/Sep/2021:12:10:23 -0500] "CONNECT relay-bfcb38ab.net.anydesk.com:6568 HTTP/1.1" 200 0 "HTTPS" "outgoing via 192.168.50.30"
192.168.10.20 - arodriguez [18/Sep/2021:12:10:25 -0500] "CONNECT 199.127.60.121:80 HTTP/1.1" 200 0 "HTTPS" "outgoing via 192.168.50.30"
192.168.10.20 - arodriguez [18/Sep/2021:12:10:27 -0500] "CONNECT 199.127.60.121:443 HTTP/1.1" 200 0 "HTTPS" "outgoing via 192.168.50.30"
192.168.50.220 - servidores [18/Sep/2021:12:10:28 -0500] "CONNECT download.postgresql.org:443 HTTP/1.1" 200 0 "HTTPS" "outgoing via 192.168.50.30"
192.168.10.20 - arodriguez [18/Sep/2021:12:10:29 -0500] "CONNECT 199.127.60.121:6568 HTTP/1.1" 200 0 "HTTPS" "outgoing via 192.168.50.30"
192.168.50.220 - servidores [18/Sep/2021:12:10:33 -0500] "CONNECT mirrors.chroot.ro:443 HTTP/1.1" 200 0 "HTTPS" "outgoing via 192.168.50.30"
192.168.50.220 - servidores [18/Sep/2021:12:10:35 -0500] "CONNECT download.rethinkdb.com:443 HTTP/1.1" 200 0 "HTTPS" "outgoing via 192.168.50.30"
192.168.50.220 - servidores [18/Sep/2021:12:10:36 -0500] "GET http://mirror.globo.com/centos/7.9.2009/extras/x86_64/repodata/repomd.xml HTTP/1.1" 200 3426 "HTTP" ""
192.168.10.20 - arodriguez [18/Sep/2021:12:10:37 -0500] "CONNECT boot-01.net.anydesk.com:443 HTTP/1.1" 200 0 "HTTPS" "outgoing via 192.168.50.30"
192.168.10.20 - arodriguez [18/Sep/2021:12:10:51 -0500] "CONNECT relay-8b8e1425.net.anydesk.com:80 HTTP/1.1" 200 0 "HTTPS" "outgoing via 192.168.50.30"
192.168.50.100 - servidores [18/Sep/2021:12:10:57 -0500] "GET http://mirror.facom.ufms.br/centos/7.9.2009/os/x86_64/repodata/repomd.xml HTTP/1.1" 200 4236 "HTTP" ""
192.168.50.100 - servidores [18/Sep/2021:12:10:57 -0500] "GET http://mirror.facom.ufms.br/centos/7.9.2009/extras/x86_64/repodata/repomd.xml HTTP/1.1" 200 3399 "HTTP" ""
192.168.1.15 - jacome [18/Sep/2021:12:11:16 -0500] "POST http://status.geotrust.com/ HTTP/1.1" 200 947 "HTTP" ""
192.168.10.20 - arodriguez [18/Sep/2021:12:11:20 -0500] "CONNECT relay-8b8e1425.net.anydesk.com:80 HTTP/1.1" 200 0 "HTTPS" "outgoing via 192.168.50.30"
192.168.1.15 - jacome [18/Sep/2021:12:11:41 -0500] "CONNECT contile.services.mozilla.com:443 HTTP/1.1" 200 0 "HTTPS" "outgoing via 192.168.50.30"
192.168.1.15 - jacome [18/Sep/2021:12:11:44 -0500] "GET http://detectportal.firefox.com/canonical.html HTTP/1.1" 200 444 "HTTP" ""
192.168.1.15 - jacome [18/Sep/2021:12:11:49 -0500] "GET http://detectportal.firefox.com/success.txt?ipv4 HTTP/1.1" 200 362 "HTTP" ""
192.168.10.20 - arodriguez [18/Sep/2021:12:11:49 -0500] "CONNECT relay-8b8e1425.net.anydesk.com:80 HTTP/1.1" 200 0 "HTTPS" "outgoing via 192.168.50.30"
192.168.10.20 - arodriguez [18/Sep/2021:12:12:17 -0500] "CONNECT relay-8b8e1425.net.anydesk.com:80 HTTP/1.1" 200 0 "HTTPS" "outgoing via 192.168.50.30"
192.168.10.20 - arodriguez [18/Sep/2021:12:12:47 -0500] "CONNECT relay-8b8e1425.net.anydesk.com:80 HTTP/1.1" 200 0 "HTTPS" "outgoing via 192.168.50.30"
192.168.1.15 - jacome [18/Sep/2021:12:13:11 -0500] "CONNECT scontent-mia3-2.xx.fbcdn.net:443 HTTP/1.1" 200 0 "HTTPS" "outgoing via 192.168.50.30"
192.168.1.15 - jacome [18/Sep/2021:12:13:12 -0500] "CONNECT safebrowsing.googleapis.com:443 HTTP/1.1" 200 0 "HTTPS" "outgoing via 192.168.50.30"
192.168.1.15 - jacome [18/Sep/2021:12:13:14 -0500] "CONNECT static.xx.fbcdn.net:443 HTTP/1.1" 200 0 "HTTPS" "outgoing via 192.168.50.30"
192.168.10.20 - arodriguez [18/Sep/2021:12:13:16 -0500] "CONNECT relay-8b8e1425.net.anydesk.com:80 HTTP/1.1" 200 0 "HTTPS" "outgoing via 192.168.50.30"
192.168.10.20 - arodriguez [18/Sep/2021:12:13:45 -0500] "CONNECT relay-8b8e1425.net.anydesk.com:80 HTTP/1.1" 200 0 "HTTPS" "outgoing via 192.168.50.30"
192.168.1.15 - jacome [18/Sep/2021:12:13:45 -0500] "CONNECT external-mia3-2.xx.fbcdn.net:443 HTTP/1.1" 200 0 "HTTPS" "outgoing via 192.168.50.30"
192.168.10.20 - arodriguez [18/Sep/2021:12:13:46 -0500] "CONNECT relay-8b8e1425.net.anydesk.com:443 HTTP/1.1" 200 0 "HTTPS" "outgoing via 192.168.50.30"
192.168.1.15 - jacome [18/Sep/2021:12:14:02 -0500] "CONNECT video-mia3-2.xx.fbcdn.net:443 HTTP/1.1" 200 0 "HTTPS" "outgoing via 192.168.50.30"
192.168.1.15 - jacome [18/Sep/2021:12:14:03 -0500] "CONNECT video-mia3-1.xx.fbcdn.net:443 HTTP/1.1" 200 0 "HTTPS" "outgoing via 192.168.50.30"
192.168.10.20 - arodriguez [18/Sep/2021:12:14:14 -0500] "CONNECT relay-8b8e1425.net.anydesk.com:80 HTTP/1.1" 200 0 "HTTPS" "outgoing via 192.168.50.30"
192.168.1.15 - jacome [18/Sep/2021:12:14:29 -0500] "CONNECT incoming.telemetry.mozilla.org:443 HTTP/1.1" 200 0 "HTTPS" "outgoing via 192.168.50.30"
192.168.10.20 - arodriguez [18/Sep/2021:12:14:43 -0500] "CONNECT relay-8b8e1425.net.anydesk.com:80 HTTP/1.1" 200 0 "HTTPS" "outgoing via 192.168.50.30"
192.168.10.20 - arodriguez [18/Sep/2021:12:15:12 -0500] "CONNECT relay-8b8e1425.net.anydesk.com:80 HTTP/1.1" 200 0 "HTTPS" "outgoing via 192.168.50.30"
192.168.1.15 - jacome [18/Sep/2021:12:15:13 -0500] "CONNECT i.ytimg.com:443 HTTP/1.1" 200 0 "HTTPS" "outgoing via 192.168.50.30"
192.168.10.20 - arodriguez [18/Sep/2021:12:15:41 -0500] "CONNECT relay-8b8e1425.net.anydesk.com:80 HTTP/1.1" 200 0 "HTTPS" "outgoing via 192.168.50.30"
192.168.10.20 - arodriguez [18/Sep/2021:12:16:10 -0500] "CONNECT relay-8b8e1425.net.anydesk.com:80 HTTP/1.1" 200 0 "HTTPS" "outgoing via 192.168.50.30"
192.168.10.20 - arodriguez [18/Sep/2021:12:16:39 -0500] "CONNECT relay-8b8e1425.net.anydesk.com:80 HTTP/1.1" 200 0 "HTTPS" "outgoing via 192.168.50.30"
192.168.10.20 - arodriguez [18/Sep/2021:12:17:08 -0500] "CONNECT relay-8b8e1425.net.anydesk.com:80 HTTP/1.1" 200 0 "HTTPS" "outgoing via 192.168.50.30"
192.168.10.20 - arodriguez [18/Sep/2021:12:17:37 -0500] "CONNECT relay-8b8e1425.net.anydesk.com:80 HTTP/1.1" 200 0 "HTTPS" "outgoing via 192.168.50.30"
192.168.1.15 - jacome [18/Sep/2021:12:18:01 -0500] "CONNECT video-mia3-1.xx.fbcdn.net:443 HTTP/1.1" 200 0 "HTTPS" "outgoing via 192.168.50.30"
192.168.10.20 - arodriguez [18/Sep/2021:12:18:06 -0500] "CONNECT relay-8b8e1425.net.anydesk.com:80 HTTP/1.1" 200 0 "HTTPS" "outgoing via 192.168.50.30"
192.168.1.15 - jacome [18/Sep/2021:12:18:22 -0500] "CONNECT scontent-mia3-2.xx.fbcdn.net:443 HTTP/1.1" 200 0 "HTTPS" "outgoing via 192.168.50.30"
192.168.10.20 - arodriguez [18/Sep/2021:12:18:35 -0500] "CONNECT relay-8b8e1425.net.anydesk.com:80 HTTP/1.1" 200 0 "HTTPS" "outgoing via 192.168.50.30"
192.168.1.15 - jacome [18/Sep/2021:12:19:02 -0500] "CONNECT static.xx.fbcdn.net:443 HTTP/1.1" 200 0 "HTTPS" "outgoing via 192.168.50.30"
192.168.1.15 - jacome [18/Sep/2021:12:19:03 -0500] "CONNECT static.xx.fbcdn.net:443 HTTP/1.1" 200 0 "HTTPS" "outgoing via 192.168.50.30"
192.168.10.20 - arodriguez [18/Sep/2021:12:19:04 -0500] "CONNECT relay-8b8e1425.net.anydesk.com:80 HTTP/1.1" 200 0 "HTTPS" "outgoing via 192.168.50.30"
192.168.10.20 - arodriguez [18/Sep/2021:12:19:33 -0500] "CONNECT relay-8b8e1425.net.anydesk.com:80 HTTP/1.1" 200 0 "HTTPS" "outgoing via 192.168.50.30"
192.168.1.15 - jacome [18/Sep/2021:12:19:37 -0500] "CONNECT external-mia3-2.xx.fbcdn.net:443 HTTP/1.1" 200 0 "HTTPS" "outgoing via 192.168.50.30"
192.168.10.20 - arodriguez [18/Sep/2021:12:20:01 -0500] "CONNECT relay-8b8e1425.net.anydesk.com:80 HTTP/1.1" 200 0 "HTTPS" "outgoing via 192.168.50.30"
192.168.1.15 - jacome [18/Sep/2021:12:20:10 -0500] "CONNECT safebrowsing.googleapis.com:443 HTTP/1.1" 200 0 "HTTPS" "outgoing via 192.168.50.30"
192.168.10.20 - arodriguez [18/Sep/2021:12:20:30 -0500] "CONNECT relay-8b8e1425.net.anydesk.com:80 HTTP/1.1" 200 0 "HTTPS" "outgoing via 192.168.50.30"
192.168.10.20 - arodriguez [18/Sep/2021:12:21:00 -0500] "CONNECT relay-8b8e1425.net.anydesk.com:80 HTTP/1.1" 200 0 "HTTPS" "outgoing via 192.168.50.30"
192.168.10.20 - arodriguez [18/Sep/2021:12:21:02 -0500] "CONNECT relay-8b8e1425.net.anydesk.com:443 HTTP/1.1" 200 0 "HTTPS" "outgoing via 192.168.50.30"
192.168.10.20 - arodriguez [18/Sep/2021:12:21:04 -0500] "CONNECT relay-8b8e1425.net.anydesk.com:6568 HTTP/1.1" 200 0 "HTTPS" "outgoing via 192.168.50.30"
192.168.10.20 - arodriguez [18/Sep/2021:12:21:06 -0500] "CONNECT 186.233.185.76:80 HTTP/1.1" 200 0 "HTTPS" "outgoing via 192.168.50.30"
192.168.10.20 - arodriguez [18/Sep/2021:12:21:08 -0500] "CONNECT 186.233.185.76:443 HTTP/1.1" 200 0 "HTTPS" "outgoing via 192.168.50.30"
192.168.10.20 - arodriguez [18/Sep/2021:12:21:10 -0500] "CONNECT 186.233.185.76:6568 HTTP/1.1" 200 0 "HTTPS" "outgoing via 192.168.50.30"
192.168.50.50 - servidores [18/Sep/2021:12:21:57 -0500] "CONNECT mirrors.fedoraproject.org:443 HTTP/1.1" 200 0 "HTTPS" "outgoing via 192.168.50.30"
192.168.50.50 - servidores [18/Sep/2021:12:22:05 -0500] "CONNECT mirrors.chroot.ro:443 HTTP/1.1" 200 0 "HTTPS" "outgoing via 192.168.50.30"
192.168.1.15 - jacome [18/Sep/2021:12:24:09 -0500] "CONNECT static.xx.fbcdn.net:443 HTTP/1.1" 200 0 "HTTPS" "outgoing via 192.168.50.30"
192.168.1.15 - jacome [18/Sep/2021:12:24:12 -0500] "CONNECT scontent.xx.fbcdn.net:443 HTTP/1.1" 200 0 "HTTPS" "outgoing via 192.168.50.30"
192.168.10.20 - arodriguez [18/Sep/2021:12:26:24 -0500] "CONNECT relay-8b8e1425.net.anydesk.com:80 HTTP/1.1" 200 0 "HTTPS" "outgoing via 192.168.50.30"
192.168.10.20 - arodriguez [18/Sep/2021:12:26:53 -0500] "CONNECT relay-8b8e1425.net.anydesk.com:80 HTTP/1.1" 200 0 "HTTPS" "outgoing via 192.168.50.30"
192.168.10.20 - arodriguez [18/Sep/2021:12:27:23 -0500] "CONNECT relay-8b8e1425.net.anydesk.com:80 HTTP/1.1" 200 0 "HTTPS" "outgoing via 192.168.50.30"
192.168.10.20 - arodriguez [18/Sep/2021:12:27:51 -0500] "CONNECT relay-8b8e1425.net.anydesk.com:80 HTTP/1.1" 200 0 "HTTPS" "outgoing via 192.168.50.30"
192.168.10.20 - arodriguez [18/Sep/2021:12:28:21 -0500] "CONNECT relay-8b8e1425.net.anydesk.com:80 HTTP/1.1" 200 0 "HTTPS" "outgoing via 192.168.50.30"
192.168.10.20 - arodriguez [18/Sep/2021:12:28:50 -0500] "CONNECT relay-8b8e1425.net.anydesk.com:80 HTTP/1.1" 200 0 "HTTPS" "outgoing via 192.168.50.30"
192.168.10.20 - arodriguez [18/Sep/2021:12:28:52 -0500] "CONNECT relay-8b8e1425.net.anydesk.com:443 HTTP/1.1" 200 0 "HTTPS" "outgoing via 192.168.50.30"
192.168.10.20 - arodriguez [18/Sep/2021:12:28:54 -0500] "CONNECT relay-8b8e1425.net.anydesk.com:6568 HTTP/1.1" 200 0 "HTTPS" "outgoing via 192.168.50.30"
192.168.10.20 - arodriguez [18/Sep/2021:12:28:56 -0500] "CONNECT 186.233.185.76:80 HTTP/1.1" 200 0 "HTTPS" "outgoing via 192.168.50.30"
192.168.10.20 - arodriguez [18/Sep/2021:12:28:58 -0500] "CONNECT 186.233.185.76:443 HTTP/1.1" 200 0 "HTTPS" "outgoing via 192.168.50.30"
192.168.10.20 - arodriguez [18/Sep/2021:12:29:00 -0500] "CONNECT 186.233.185.76:6568 HTTP/1.1" 200 0 "HTTPS" "outgoing via 192.168.50.30"
192.168.10.20 - arodriguez [18/Sep/2021:12:29:08 -0500] "CONNECT boot-01.net.anydesk.com:443 HTTP/1.1" 200 0 "HTTPS" "outgoing via 192.168.50.30"
192.168.10.20 - arodriguez [18/Sep/2021:12:29:11 -0500] "CONNECT boot-01.net.anydesk.com:80 HTTP/1.1" 200 0 "HTTPS" "outgoing via 192.168.50.30"
192.168.10.20 - arodriguez [18/Sep/2021:12:29:12 -0500] "CONNECT boot-01.net.anydesk.com:6568 HTTP/1.1" 200 0 "HTTPS" "outgoing via 192.168.50.30"
192.168.10.20 - arodriguez [18/Sep/2021:12:29:19 -0500] "CONNECT boot-02.net.anydesk.com:443 HTTP/1.1" 200 0 "HTTPS" "outgoing via 192.168.50.30"
192.168.10.20 - arodriguez [18/Sep/2021:12:29:32 -0500] "CONNECT relay-afcf85da.net.anydesk.com:80 HTTP/1.1" 200 0 "HTTPS" "outgoing via 192.168.50.30"
192.168.1.15 - jacome [18/Sep/2021:12:29:54 -0500] "CONNECT scontent-mia3-2.xx.fbcdn.net:443 HTTP/1.1" 200 0 "HTTPS" "outgoing via 192.168.50.30"
192.168.10.20 - arodriguez [18/Sep/2021:12:30:02 -0500] "CONNECT relay-afcf85da.net.anydesk.com:80 HTTP/1.1" 200 0 "HTTPS" "outgoing via 192.168.50.30"
192.168.50.8 - arodriguez [18/Sep/2021:12:30:17 -0500] "HEAD http://update.eset.com/eset_eval/update.ver HTTP/1.1" 200 383 "HTTP" ""
192.168.50.8 - arodriguez [18/Sep/2021:12:30:26 -0500] "GET http://update.eset.com/eset_eval/update.ver HTTP/1.1" 200 119488 "HTTP" ""
192.168.50.8 - arodriguez [18/Sep/2021:12:30:26 -0500] "HEAD http://update.eset.com/v3-eval-sta/mod_002_engine_50873/em002_32_n1.nup HTTP/1.1" 200 372 "HTTP" ""
192.168.50.8 - arodriguez [18/Sep/2021:12:30:26 -0500] "GET http://update.eset.com/v3-eval-sta/mod_002_engine_50873/em002_32_n1.nup HTTP/1.1" 200 9324 "HTTP" ""
192.168.50.8 - arodriguez [18/Sep/2021:12:30:26 -0500] "HEAD http://update.eset.com/v3-eval-sta/mod_023_pegasus_25926/em023_32_n1.nup HTTP/1.1" 200 373 "HTTP" ""
192.168.50.8 - arodriguez [18/Sep/2021:12:30:26 -0500] "GET http://update.eset.com/v3-eval-sta/mod_023_pegasus_25926/em023_32_n1.nup HTTP/1.1" 200 60412 "HTTP" ""
192.168.50.8 - arodriguez [18/Sep/2021:12:30:26 -0500] "HEAD http://update.eset.com/v3-eval-sta/mod_002_engine_50873/em002_32_l2.nup HTTP/1.1" 200 377 "HTTP" ""
192.168.1.15 - jacome [18/Sep/2021:12:30:27 -0500] "CONNECT static.xx.fbcdn.net:443 HTTP/1.1" 200 0 "HTTPS" "outgoing via 192.168.50.30"
192.168.50.8 - arodriguez [18/Sep/2021:12:30:28 -0500] "GET http://update.eset.com/v3-eval-sta/mod_002_engine_50873/em002_32_l2.nup HTTP/1.1" 200 2339827 "HTTP" ""
192.168.50.8 - arodriguez [18/Sep/2021:12:30:28 -0500] "HEAD http://update.eset.com/v3-eval-sta/mod_023_pegasus_25926/em023_32_l2.nup HTTP/1.1" 200 374 "HTTP" ""
192.168.50.8 - arodriguez [18/Sep/2021:12:30:28 -0500] "GET http://update.eset.com/v3-eval-sta/mod_023_pegasus_25926/em023_32_l2.nup HTTP/1.1" 200 91906 "HTTP" ""
192.168.50.8 - arodriguez [18/Sep/2021:12:30:28 -0500] "HEAD http://update.eset.com/v3-eval-sta/mod_002_engine_50873/em002_32_n2.nup HTTP/1.1" 200 373 "HTTP" ""
192.168.50.8 - arodriguez [18/Sep/2021:12:30:28 -0500] "GET http://update.eset.com/v3-eval-sta/mod_002_engine_50873/em002_32_n2.nup HTTP/1.1" 200 11543 "HTTP" ""
192.168.50.8 - arodriguez [18/Sep/2021:12:30:28 -0500] "HEAD http://update.eset.com/v3-eval-sta/mod_002_engine_50873/em002_32_n3.nup HTTP/1.1" 200 373 "HTTP" ""
192.168.50.8 - arodriguez [18/Sep/2021:12:30:29 -0500] "GET http://update.eset.com/v3-eval-sta/mod_002_engine_50873/em002_32_n3.nup HTTP/1.1" 200 14527 "HTTP" ""
192.168.50.8 - arodriguez [18/Sep/2021:12:30:29 -0500] "HEAD http://update.eset.com/v3-eval-sta/mod_002_engine_50873/em002_32_n4.nup HTTP/1.1" 200 373 "HTTP" ""
192.168.50.8 - arodriguez [18/Sep/2021:12:30:29 -0500] "GET http://update.eset.com/v3-eval-sta/mod_002_engine_50873/em002_32_n4.nup HTTP/1.1" 200 16692 "HTTP" ""
192.168.50.8 - arodriguez [18/Sep/2021:12:30:29 -0500] "HEAD http://update.eset.com/v3-eval-sta/mod_002_engine_50873/em002_32_n5.nup HTTP/1.1" 200 373 "HTTP" ""
192.168.50.8 - arodriguez [18/Sep/2021:12:30:29 -0500] "GET http://update.eset.com/v3-eval-sta/mod_002_engine_50873/em002_32_n5.nup HTTP/1.1" 200 23082 "HTTP" ""
192.168.50.8 - arodriguez [18/Sep/2021:12:30:29 -0500] "HEAD http://update.eset.com/v3-eval-sta/mod_002_engine_50873/em002_32_n6.nup HTTP/1.1" 200 373 "HTTP" ""
192.168.50.8 - arodriguez [18/Sep/2021:12:30:29 -0500] "GET http://update.eset.com/v3-eval-sta/mod_002_engine_50873/em002_32_n6.nup HTTP/1.1" 200 29178 "HTTP" ""
192.168.50.8 - arodriguez [18/Sep/2021:12:30:29 -0500] "HEAD http://update.eset.com/v3-eval-sta/mod_002_engine_50873/em002_32_n7.nup HTTP/1.1" 200 373 "HTTP" ""
192.168.50.8 - arodriguez [18/Sep/2021:12:30:29 -0500] "GET http://update.eset.com/v3-eval-sta/mod_002_engine_50873/em002_32_n7.nup HTTP/1.1" 200 38209 "HTTP" ""
192.168.50.8 - arodriguez [18/Sep/2021:12:30:29 -0500] "HEAD http://update.eset.com/v3-eval-sta/mod_002_engine_50873/em002_32_n8.nup HTTP/1.1" 200 373 "HTTP" ""
192.168.50.8 - arodriguez [18/Sep/2021:12:30:29 -0500] "GET http://update.eset.com/v3-eval-sta/mod_002_engine_50873/em002_32_n8.nup HTTP/1.1" 200 43597 "HTTP" ""
192.168.50.8 - arodriguez [18/Sep/2021:12:30:30 -0500] "HEAD http://update.eset.com/v3-eval-sta/mod_002_engine_50873/em002_32_n9.nup HTTP/1.1" 200 373 "HTTP" ""
192.168.50.8 - arodriguez [18/Sep/2021:12:30:30 -0500] "GET http://update.eset.com/v3-eval-sta/mod_002_engine_50873/em002_32_n9.nup HTTP/1.1" 200 49994 "HTTP" ""
192.168.50.8 - arodriguez [18/Sep/2021:12:30:30 -0500] "HEAD http://update.eset.com/v3-eval-sta/mod_002_engine_50873/em002_32_n10.nup HTTP/1.1" 200 373 "HTTP" ""
192.168.50.8 - arodriguez [18/Sep/2021:12:30:30 -0500] "GET http://update.eset.com/v3-eval-sta/mod_002_engine_50873/em002_32_n10.nup HTTP/1.1" 200 53830 "HTTP" ""
192.168.50.8 - arodriguez [18/Sep/2021:12:30:30 -0500] "HEAD http://update.eset.com/v3-eval-sta/mod_002_engine_50873/em002_32_n11.nup HTTP/1.1" 200 373 "HTTP" ""
192.168.50.8 - arodriguez [18/Sep/2021:12:30:30 -0500] "GET http://update.eset.com/v3-eval-sta/mod_002_engine_50873/em002_32_n11.nup HTTP/1.1" 200 58196 "HTTP" ""
192.168.50.8 - arodriguez [18/Sep/2021:12:30:30 -0500] "HEAD http://update.eset.com/v3-eval-sta/mod_002_engine_50873/em002_32_n12.nup HTTP/1.1" 200 373 "HTTP" ""
192.168.50.8 - arodriguez [18/Sep/2021:12:30:30 -0500] "GET http://update.eset.com/v3-eval-sta/mod_002_engine_50873/em002_32_n12.nup HTTP/1.1" 200 65197 "HTTP" ""
192.168.50.8 - arodriguez [18/Sep/2021:12:30:30 -0500] "HEAD http://update.eset.com/v3-eval-sta/mod_002_engine_50873/em002_32_n13.nup HTTP/1.1" 200 374 "HTTP" ""
192.168.10.20 - arodriguez [18/Sep/2021:12:30:31 -0500] "CONNECT relay-afcf85da.net.anydesk.com:80 HTTP/1.1" 200 0 "HTTPS" "outgoing via 192.168.50.30"
192.168.50.8 - arodriguez [18/Sep/2021:12:30:31 -0500] "GET http://update.eset.com/v3-eval-sta/mod_002_engine_50873/em002_32_n13.nup HTTP/1.1" 200 74684 "HTTP" ""
192.168.50.8 - arodriguez [18/Sep/2021:12:30:31 -0500] "HEAD http://update.eset.com/v3-eval-sta/mod_002_engine_50873/em002_32_n14.nup HTTP/1.1" 200 374 "HTTP" ""
192.168.50.8 - arodriguez [18/Sep/2021:12:30:31 -0500] "GET http://update.eset.com/v3-eval-sta/mod_002_engine_50873/em002_32_n14.nup HTTP/1.1" 200 97899 "HTTP" ""
192.168.50.8 - arodriguez [18/Sep/2021:12:30:31 -0500] "HEAD http://update.eset.com/v3-eval-sta/mod_002_engine_50873/em002_32_n15.nup HTTP/1.1" 200 374 "HTTP" ""
192.168.50.8 - arodriguez [18/Sep/2021:12:30:31 -0500] "GET http://update.eset.com/v3-eval-sta/mod_002_engine_50873/em002_32_n15.nup HTTP/1.1" 200 100058 "HTTP" ""
192.168.50.8 - arodriguez [18/Sep/2021:12:30:31 -0500] "HEAD http://update.eset.com/v3-eval-sta/mod_002_engine_50873/em002_32_n16.nup HTTP/1.1" 200 375 "HTTP" ""
192.168.50.8 - arodriguez [18/Sep/2021:12:30:31 -0500] "GET http://update.eset.com/v3-eval-sta/mod_002_engine_50873/em002_32_n16.nup HTTP/1.1" 200 102405 "HTTP" ""
192.168.50.8 - arodriguez [18/Sep/2021:12:30:31 -0500] "HEAD http://update.eset.com/v3-eval-sta/mod_002_engine_50873/em002_32_n17.nup HTTP/1.1" 200 375 "HTTP" ""
192.168.50.8 - arodriguez [18/Sep/2021:12:30:31 -0500] "GET http://update.eset.com/v3-eval-sta/mod_002_engine_50873/em002_32_n17.nup HTTP/1.1" 200 105366 "HTTP" ""
192.168.50.8 - arodriguez [18/Sep/2021:12:30:32 -0500] "HEAD http://update.eset.com/v3-eval-sta/mod_002_engine_50873/em002_32_n18.nup HTTP/1.1" 200 375 "HTTP" ""
192.168.50.8 - arodriguez [18/Sep/2021:12:30:32 -0500] "GET http://update.eset.com/v3-eval-sta/mod_002_engine_50873/em002_32_n18.nup HTTP/1.1" 200 108654 "HTTP" ""
192.168.50.8 - arodriguez [18/Sep/2021:12:30:32 -0500] "HEAD http://update.eset.com/v3-eval-sta/mod_002_engine_50873/em002_32_n19.nup HTTP/1.1" 200 375 "HTTP" ""
192.168.50.8 - arodriguez [18/Sep/2021:12:30:32 -0500] "GET http://update.eset.com/v3-eval-sta/mod_002_engine_50873/em002_32_n19.nup HTTP/1.1" 200 114824 "HTTP" ""
192.168.50.8 - arodriguez [18/Sep/2021:12:30:32 -0500] "HEAD http://update.eset.com/v3-eval-sta/mod_002_engine_50873/em002_32_n20.nup HTTP/1.1" 200 375 "HTTP" ""
192.168.50.8 - arodriguez [18/Sep/2021:12:30:32 -0500] "GET http://update.eset.com/v3-eval-sta/mod_002_engine_50873/em002_32_n20.nup HTTP/1.1" 200 121869 "HTTP" ""
192.168.50.8 - arodriguez [18/Sep/2021:12:30:32 -0500] "HEAD http://update.eset.com/v3-eval-sta/mod_023_pegasus_25926/em023_32_n2.nup HTTP/1.1" 200 374 "HTTP" ""
192.168.50.8 - arodriguez [18/Sep/2021:12:30:32 -0500] "GET http://update.eset.com/v3-eval-sta/mod_023_pegasus_25926/em023_32_n2.nup HTTP/1.1" 200 91910 "HTTP" ""
192.168.50.8 - arodriguez [18/Sep/2021:12:30:33 -0500] "HEAD http://update.eset.com/v3-eval-sta/mod_023_pegasus_25926/em023_32_n3.nup HTTP/1.1" 200 375 "HTTP" ""
192.168.50.8 - arodriguez [18/Sep/2021:12:30:33 -0500] "GET http://update.eset.com/v3-eval-sta/mod_023_pegasus_25926/em023_32_n3.nup HTTP/1.1" 200 189599 "HTTP" ""
192.168.50.8 - arodriguez [18/Sep/2021:12:30:33 -0500] "HEAD http://update.eset.com/v3-eval-sta/mod_023_pegasus_25926/em023_32_n4.nup HTTP/1.1" 200 375 "HTTP" ""
192.168.50.8 - arodriguez [18/Sep/2021:12:30:33 -0500] "GET http://update.eset.com/v3-eval-sta/mod_023_pegasus_25926/em023_32_n4.nup HTTP/1.1" 200 234981 "HTTP" ""
192.168.50.8 - arodriguez [18/Sep/2021:12:30:33 -0500] "HEAD http://update.eset.com/v3-eval-sta/mod_023_pegasus_25926/em023_32_n5.nup HTTP/1.1" 200 375 "HTTP" ""
192.168.50.8 - arodriguez [18/Sep/2021:12:30:34 -0500] "GET http://update.eset.com/v3-eval-sta/mod_023_pegasus_25926/em023_32_n5.nup HTTP/1.1" 200 289026 "HTTP" ""
192.168.50.8 - arodriguez [18/Sep/2021:12:30:34 -0500] "HEAD http://update.eset.com/v3-eval-sta/mod_023_pegasus_25926/em023_32_n6.nup HTTP/1.1" 200 375 "HTTP" ""
192.168.50.8 - arodriguez [18/Sep/2021:12:30:34 -0500] "GET http://update.eset.com/v3-eval-sta/mod_023_pegasus_25926/em023_32_n6.nup HTTP/1.1" 200 331634 "HTTP" ""
192.168.50.8 - arodriguez [18/Sep/2021:12:30:34 -0500] "HEAD http://update.eset.com/v3-eval-sta/mod_023_pegasus_25926/em023_32_n7.nup HTTP/1.1" 200 375 "HTTP" ""
192.168.50.8 - arodriguez [18/Sep/2021:12:30:34 -0500] "GET http://update.eset.com/v3-eval-sta/mod_023_pegasus_25926/em023_32_n7.nup HTTP/1.1" 200 363696 "HTTP" ""
