192.168.5.39 - erich [24/Jul/2021:12:01:40 -0500] "CONNECT graph.facebook.com:443 HTTP/1.1" 200 0 "HTTPS" "outgoing via 192.168.50.30"
192.168.10.20 - arodriguez [24/Jul/2021:12:01:46 -0500] "CONNECT relay-32e92e70.net.anydesk.com:80 HTTP/1.1" 200 0 "HTTPS" "outgoing via 192.168.50.30"
192.168.10.20 - arodriguez [24/Jul/2021:12:02:15 -0500] "CONNECT relay-32e92e70.net.anydesk.com:80 HTTP/1.1" 200 0 "HTTPS" "outgoing via 192.168.50.30"
192.168.10.20 - arodriguez [24/Jul/2021:12:02:28 -0500] "CONNECT relay-94ea071e.net.anydesk.com:80 HTTP/1.1" 200 0 "HTTPS" "outgoing via 192.168.50.30"
192.168.10.20 - arodriguez [24/Jul/2021:12:02:57 -0500] "CONNECT relay-94ea071e.net.anydesk.com:80 HTTP/1.1" 200 0 "HTTPS" "outgoing via 192.168.50.30"
192.168.10.20 - arodriguez [24/Jul/2021:12:03:27 -0500] "CONNECT relay-94ea071e.net.anydesk.com:80 HTTP/1.1" 200 0 "HTTPS" "outgoing via 192.168.50.30"
192.168.10.20 - arodriguez [24/Jul/2021:12:03:40 -0500] "CONNECT relay-5bec465c.net.anydesk.com:80 HTTP/1.1" 200 0 "HTTPS" "outgoing via 192.168.50.30"
192.168.5.39 - olga [24/Jul/2021:12:03:57 -0500] "CONNECT 5.132.38.231:443 HTTP/1.1" 200 0 "HTTPS" "outgoing via 192.168.50.30"
192.168.5.39 - olga [24/Jul/2021:12:03:58 -0500] "CONNECT 91.233.116.119:443 HTTP/1.1" 200 0 "HTTPS" "outgoing via 192.168.50.30"
192.168.5.39 - olga [24/Jul/2021:12:04:07 -0500] "CONNECT 51.77.52.216:443 HTTP/1.1" 200 0 "HTTPS" "outgoing via 192.168.50.30"
192.168.10.20 - arodriguez [24/Jul/2021:12:04:09 -0500] "CONNECT relay-5bec465c.net.anydesk.com:80 HTTP/1.1" 200 0 "HTTPS" "outgoing via 192.168.50.30"
192.168.10.20 - arodriguez [24/Jul/2021:12:04:38 -0500] "CONNECT relay-5bec465c.net.anydesk.com:80 HTTP/1.1" 200 0 "HTTPS" "outgoing via 192.168.50.30"
192.168.5.58 - dunia.glez [24/Jul/2021:12:05:00 -0500] "CONNECT safebrowsing.googleapis.com:443 HTTP/1.1" 200 0 "HTTPS" "outgoing via 192.168.50.30"
192.168.10.20 - arodriguez [24/Jul/2021:12:05:07 -0500] "CONNECT relay-5bec465c.net.anydesk.com:80 HTTP/1.1" 200 0 "HTTPS" "outgoing via 192.168.50.30"
192.168.10.20 - arodriguez [24/Jul/2021:12:05:36 -0500] "CONNECT relay-5bec465c.net.anydesk.com:80 HTTP/1.1" 200 0 "HTTPS" "outgoing via 192.168.50.30"
192.168.10.20 - arodriguez [24/Jul/2021:12:05:50 -0500] "CONNECT relay-bfb5e868.net.anydesk.com:80 HTTP/1.1" 200 0 "HTTPS" "outgoing via 192.168.50.30"
192.168.10.20 - arodriguez [24/Jul/2021:12:06:19 -0500] "CONNECT relay-bfb5e868.net.anydesk.com:80 HTTP/1.1" 200 0 "HTTPS" "outgoing via 192.168.50.30"
192.168.5.39 - erich [24/Jul/2021:12:06:41 -0500] "CONNECT graph.facebook.com:443 HTTP/1.1" 200 0 "HTTPS" "outgoing via 192.168.50.30"
192.168.10.20 - arodriguez [24/Jul/2021:12:06:49 -0500] "CONNECT relay-bfb5e868.net.anydesk.com:80 HTTP/1.1" 200 0 "HTTPS" "outgoing via 192.168.50.30"
192.168.1.29 - jacome [24/Jul/2021:12:06:52 -0500] "CONNECT safebrowsing.googleapis.com:443 HTTP/1.1" 200 0 "HTTPS" "outgoing via 192.168.50.30"
192.168.10.20 - arodriguez [24/Jul/2021:12:07:18 -0500] "CONNECT relay-bfb5e868.net.anydesk.com:80 HTTP/1.1" 200 0 "HTTPS" "outgoing via 192.168.50.30"
192.168.10.20 - arodriguez [24/Jul/2021:12:07:47 -0500] "CONNECT relay-bfb5e868.net.anydesk.com:80 HTTP/1.1" 200 0 "HTTPS" "outgoing via 192.168.50.30"
192.168.10.20 - arodriguez [24/Jul/2021:12:08:01 -0500] "CONNECT relay-5bec465c.net.anydesk.com:80 HTTP/1.1" 200 0 "HTTPS" "outgoing via 192.168.50.30"
192.168.1.29 - jacome [24/Jul/2021:12:08:13 -0500] "CONNECT incoming.telemetry.mozilla.org:443 HTTP/1.1" 200 0 "HTTPS" "outgoing via 192.168.50.30"
192.168.10.20 - arodriguez [24/Jul/2021:12:08:30 -0500] "CONNECT relay-5bec465c.net.anydesk.com:80 HTTP/1.1" 200 0 "HTTPS" "outgoing via 192.168.50.30"
192.168.10.20 - arodriguez [24/Jul/2021:12:09:00 -0500] "CONNECT relay-5bec465c.net.anydesk.com:80 HTTP/1.1" 200 0 "HTTPS" "outgoing via 192.168.50.30"
192.168.1.29 - jacome [24/Jul/2021:12:09:02 -0500] "CONNECT www.youtube.com:443 HTTP/1.1" 200 0 "HTTPS" "outgoing via 192.168.50.30"
192.168.10.20 - arodriguez [24/Jul/2021:12:09:30 -0500] "CONNECT relay-5bec465c.net.anydesk.com:80 HTTP/1.1" 200 0 "HTTPS" "outgoing via 192.168.50.30"
192.168.10.20 - arodriguez [24/Jul/2021:12:09:43 -0500] "CONNECT relay-89970c8c.net.anydesk.com:80 HTTP/1.1" 200 0 "HTTPS" "outgoing via 192.168.50.30"
192.168.10.20 - arodriguez [24/Jul/2021:12:10:12 -0500] "CONNECT relay-89970c8c.net.anydesk.com:80 HTTP/1.1" 200 0 "HTTPS" "outgoing via 192.168.50.30"
192.168.10.20 - arodriguez [24/Jul/2021:12:10:41 -0500] "CONNECT relay-89970c8c.net.anydesk.com:80 HTTP/1.1" 200 0 "HTTPS" "outgoing via 192.168.50.30"
192.168.5.58 - dunia.glez [24/Jul/2021:12:10:41 -0500] "CONNECT scontent-mia3-1.xx.fbcdn.net:443 HTTP/1.1" 200 0 "HTTPS" "outgoing via 192.168.50.30"
192.168.10.20 - arodriguez [24/Jul/2021:12:10:55 -0500] "CONNECT relay-afcf85da.net.anydesk.com:80 HTTP/1.1" 200 0 "HTTPS" "outgoing via 192.168.50.30"
192.168.10.20 - arodriguez [24/Jul/2021:12:11:23 -0500] "CONNECT relay-afcf85da.net.anydesk.com:80 HTTP/1.1" 200 0 "HTTPS" "outgoing via 192.168.50.30"
192.168.5.39 - erich [24/Jul/2021:12:11:43 -0500] "CONNECT graph.facebook.com:443 HTTP/1.1" 200 0 "HTTPS" "outgoing via 192.168.50.30"
192.168.10.20 - arodriguez [24/Jul/2021:12:11:52 -0500] "CONNECT relay-afcf85da.net.anydesk.com:80 HTTP/1.1" 200 0 "HTTPS" "outgoing via 192.168.50.30"
192.168.5.39 - olga [24/Jul/2021:12:12:07 -0500] "CONNECT 51.77.52.216:443 HTTP/1.1" 200 0 "HTTPS" "outgoing via 192.168.50.30"
192.168.10.20 - arodriguez [24/Jul/2021:12:12:21 -0500] "CONNECT relay-afcf85da.net.anydesk.com:80 HTTP/1.1" 200 0 "HTTPS" "outgoing via 192.168.50.30"
192.168.10.20 - arodriguez [24/Jul/2021:12:12:50 -0500] "CONNECT relay-afcf85da.net.anydesk.com:80 HTTP/1.1" 200 0 "HTTPS" "outgoing via 192.168.50.30"
192.168.10.20 - arodriguez [24/Jul/2021:12:13:04 -0500] "CONNECT relay-717265af.net.anydesk.com:80 HTTP/1.1" 200 0 "HTTPS" "outgoing via 192.168.50.30"
192.168.10.20 - arodriguez [24/Jul/2021:12:13:33 -0500] "CONNECT relay-717265af.net.anydesk.com:80 HTTP/1.1" 200 0 "HTTPS" "outgoing via 192.168.50.30"
192.168.10.20 - arodriguez [24/Jul/2021:12:14:02 -0500] "CONNECT relay-717265af.net.anydesk.com:80 HTTP/1.1" 200 0 "HTTPS" "outgoing via 192.168.50.30"
192.168.5.58 - dunia.glez [24/Jul/2021:12:14:19 -0500] "CONNECT scontent-mia3-2.xx.fbcdn.net:443 HTTP/1.1" 200 0 "HTTPS" "outgoing via 192.168.50.30"
192.168.10.20 - arodriguez [24/Jul/2021:12:14:30 -0500] "CONNECT relay-717265af.net.anydesk.com:80 HTTP/1.1" 200 0 "HTTPS" "outgoing via 192.168.50.30"
192.168.10.20 - arodriguez [24/Jul/2021:12:14:44 -0500] "CONNECT relay-2057a8b4.net.anydesk.com:80 HTTP/1.1" 200 0 "HTTPS" "outgoing via 192.168.50.30"
192.168.10.20 - arodriguez [24/Jul/2021:12:15:14 -0500] "CONNECT relay-2057a8b4.net.anydesk.com:80 HTTP/1.1" 200 0 "HTTPS" "outgoing via 192.168.50.30"
192.168.10.20 - arodriguez [24/Jul/2021:12:15:14 -0500] "CONNECT relay-2057a8b4.net.anydesk.com:443 HTTP/1.1" 200 0 "HTTPS" "outgoing via 192.168.50.30"
192.168.10.20 - arodriguez [24/Jul/2021:12:15:43 -0500] "CONNECT relay-2057a8b4.net.anydesk.com:80 HTTP/1.1" 200 0 "HTTPS" "outgoing via 192.168.50.30"
192.168.5.58 - dunia.glez [24/Jul/2021:12:15:44 -0500] "CONNECT scontent-mia3-1.xx.fbcdn.net:443 HTTP/1.1" 200 0 "HTTPS" "outgoing via 192.168.50.30"
192.168.10.20 - arodriguez [24/Jul/2021:12:15:56 -0500] "CONNECT relay-283e3f4a.net.anydesk.com:80 HTTP/1.1" 200 0 "HTTPS" "outgoing via 192.168.50.30"
192.168.50.220 - servidores [24/Jul/2021:12:16:05 -0500] "CONNECT mirrors.fedoraproject.org:443 HTTP/1.1" 200 0 "HTTPS" "outgoing via 192.168.50.30"
192.168.50.220 - servidores [24/Jul/2021:12:16:11 -0500] "CONNECT repo.ius.io:443 HTTP/1.1" 200 0 "HTTPS" "outgoing via 192.168.50.30"
192.168.50.220 - servidores [24/Jul/2021:12:16:12 -0500] "CONNECT download.postgresql.org:443 HTTP/1.1" 200 0 "HTTPS" "outgoing via 192.168.50.30"
192.168.10.20 - arodriguez [24/Jul/2021:12:16:25 -0500] "CONNECT relay-283e3f4a.net.anydesk.com:80 HTTP/1.1" 200 0 "HTTPS" "outgoing via 192.168.50.30"
192.168.50.220 - servidores [24/Jul/2021:12:16:33 -0500] "CONNECT download.postgresql.org:443 HTTP/1.1" 200 0 "HTTPS" "outgoing via 192.168.50.30"
192.168.50.220 - servidores [24/Jul/2021:12:16:38 -0500] "CONNECT mirror.sjc02.svwh.net:443 HTTP/1.1" 200 0 "HTTPS" "outgoing via 192.168.50.30"
192.168.50.220 - servidores [24/Jul/2021:12:16:40 -0500] "CONNECT download.rethinkdb.com:443 HTTP/1.1" 200 0 "HTTPS" "outgoing via 192.168.50.30"
192.168.5.39 - erich [24/Jul/2021:12:16:44 -0500] "CONNECT graph.facebook.com:443 HTTP/1.1" 200 0 "HTTPS" "outgoing via 192.168.50.30"
192.168.10.20 - arodriguez [24/Jul/2021:12:16:54 -0500] "CONNECT relay-283e3f4a.net.anydesk.com:80 HTTP/1.1" 200 0 "HTTPS" "outgoing via 192.168.50.30"
192.168.50.100 - servidores [24/Jul/2021:12:17:15 -0500] "GET http://centos.ufes.br/7.9.2009/os/x86_64/repodata/repomd.xml HTTP/1.1" 200 4122 "HTTP" ""
192.168.10.20 - arodriguez [24/Jul/2021:12:17:23 -0500] "CONNECT relay-283e3f4a.net.anydesk.com:80 HTTP/1.1" 200 0 "HTTPS" "outgoing via 192.168.50.30"
192.168.10.20 - arodriguez [24/Jul/2021:12:17:36 -0500] "CONNECT relay-a54c6d92.net.anydesk.com:80 HTTP/1.1" 200 0 "HTTPS" "outgoing via 192.168.50.30"
192.168.10.20 - arodriguez [24/Jul/2021:12:18:05 -0500] "CONNECT relay-a54c6d92.net.anydesk.com:80 HTTP/1.1" 200 0 "HTTPS" "outgoing via 192.168.50.30"
192.168.10.20 - arodriguez [24/Jul/2021:12:18:34 -0500] "CONNECT relay-a54c6d92.net.anydesk.com:80 HTTP/1.1" 200 0 "HTTPS" "outgoing via 192.168.50.30"
192.168.10.20 - arodriguez [24/Jul/2021:12:19:03 -0500] "CONNECT relay-a54c6d92.net.anydesk.com:80 HTTP/1.1" 200 0 "HTTPS" "outgoing via 192.168.50.30"
192.168.10.20 - arodriguez [24/Jul/2021:12:19:17 -0500] "CONNECT relay-1954f6f5.net.anydesk.com:80 HTTP/1.1" 200 0 "HTTPS" "outgoing via 192.168.50.30"
192.168.10.20 - arodriguez [24/Jul/2021:12:19:46 -0500] "CONNECT relay-1954f6f5.net.anydesk.com:80 HTTP/1.1" 200 0 "HTTPS" "outgoing via 192.168.50.30"
192.168.10.20 - arodriguez [24/Jul/2021:12:20:15 -0500] "CONNECT relay-1954f6f5.net.anydesk.com:80 HTTP/1.1" 200 0 "HTTPS" "outgoing via 192.168.50.30"
192.168.50.50 - servidores [24/Jul/2021:12:20:16 -0500] "CONNECT mirrors.fedoraproject.org:443 HTTP/1.1" 200 0 "HTTPS" "outgoing via 192.168.50.30"
192.168.50.50 - servidores [24/Jul/2021:12:20:21 -0500] "CONNECT mirror.sjc02.svwh.net:443 HTTP/1.1" 200 0 "HTTPS" "outgoing via 192.168.50.30"
192.168.50.50 - servidores [24/Jul/2021:12:20:22 -0500] "GET http://mirror.facom.ufms.br/centos/7.9.2009/os/x86_64/repodata/repomd.xml HTTP/1.1" 200 4137 "HTTP" ""
192.168.10.20 - arodriguez [24/Jul/2021:12:20:28 -0500] "CONNECT relay-bf8a115f.net.anydesk.com:80 HTTP/1.1" 200 0 "HTTPS" "outgoing via 192.168.50.30"
192.168.5.58 - dunia.glez [24/Jul/2021:12:20:46 -0500] "CONNECT scontent-mia3-2.xx.fbcdn.net:443 HTTP/1.1" 200 0 "HTTPS" "outgoing via 192.168.50.30"
192.168.10.20 - arodriguez [24/Jul/2021:12:20:58 -0500] "CONNECT relay-bf8a115f.net.anydesk.com:80 HTTP/1.1" 200 0 "HTTPS" "outgoing via 192.168.50.30"
192.168.10.20 - arodriguez [24/Jul/2021:12:21:26 -0500] "CONNECT relay-bf8a115f.net.anydesk.com:80 HTTP/1.1" 200 0 "HTTPS" "outgoing via 192.168.50.30"
192.168.10.20 - arodriguez [24/Jul/2021:12:21:40 -0500] "CONNECT relay-497b2e35.net.anydesk.com:80 HTTP/1.1" 200 0 "HTTPS" "outgoing via 192.168.50.30"
192.168.5.39 - erich [24/Jul/2021:12:21:46 -0500] "CONNECT graph.facebook.com:443 HTTP/1.1" 200 0 "HTTPS" "outgoing via 192.168.50.30"
192.168.10.20 - arodriguez [24/Jul/2021:12:22:09 -0500] "CONNECT relay-497b2e35.net.anydesk.com:80 HTTP/1.1" 200 0 "HTTPS" "outgoing via 192.168.50.30"
192.168.10.20 - arodriguez [24/Jul/2021:12:22:38 -0500] "CONNECT relay-497b2e35.net.anydesk.com:80 HTTP/1.1" 200 0 "HTTPS" "outgoing via 192.168.50.30"
192.168.10.20 - arodriguez [24/Jul/2021:12:22:52 -0500] "CONNECT relay-82fc4166.net.anydesk.com:80 HTTP/1.1" 200 0 "HTTPS" "outgoing via 192.168.50.30"
192.168.10.20 - arodriguez [24/Jul/2021:12:23:21 -0500] "CONNECT relay-82fc4166.net.anydesk.com:80 HTTP/1.1" 200 0 "HTTPS" "outgoing via 192.168.50.30"
192.168.10.20 - arodriguez [24/Jul/2021:12:23:50 -0500] "CONNECT relay-82fc4166.net.anydesk.com:80 HTTP/1.1" 200 0 "HTTPS" "outgoing via 192.168.50.30"
192.168.10.20 - arodriguez [24/Jul/2021:12:24:18 -0500] "CONNECT relay-82fc4166.net.anydesk.com:80 HTTP/1.1" 200 0 "HTTPS" "outgoing via 192.168.50.30"
192.168.10.20 - arodriguez [24/Jul/2021:12:24:32 -0500] "CONNECT relay-1954f6f5.net.anydesk.com:80 HTTP/1.1" 200 0 "HTTPS" "outgoing via 192.168.50.30"
192.168.50.8 - arodriguez [24/Jul/2021:12:25:00 -0500] "HEAD http://update.eset.com/eset_eval/update.ver HTTP/1.1" 200 383 "HTTP" ""
192.168.10.20 - arodriguez [24/Jul/2021:12:25:01 -0500] "CONNECT relay-1954f6f5.net.anydesk.com:80 HTTP/1.1" 200 0 "HTTPS" "outgoing via 192.168.50.30"
192.168.50.8 - arodriguez [24/Jul/2021:12:25:09 -0500] "GET http://update.eset.com/eset_eval/update.ver HTTP/1.1" 200 118930 "HTTP" ""
192.168.50.8 - arodriguez [24/Jul/2021:12:25:09 -0500] "HEAD http://update.eset.com/v3-eval-sta/mod_002_engine_50251/em002_32_n1.nup HTTP/1.1" 200 372 "HTTP" ""
192.168.50.8 - arodriguez [24/Jul/2021:12:25:09 -0500] "GET http://update.eset.com/v3-eval-sta/mod_002_engine_50251/em002_32_n1.nup HTTP/1.1" 200 8644 "HTTP" ""
192.168.50.8 - arodriguez [24/Jul/2021:12:25:10 -0500] "HEAD http://update.eset.com/v3-eval-sta/mod_023_pegasus_25310/em023_32_n1.nup HTTP/1.1" 200 373 "HTTP" ""
192.168.50.8 - arodriguez [24/Jul/2021:12:25:10 -0500] "GET http://update.eset.com/v3-eval-sta/mod_023_pegasus_25310/em023_32_n1.nup HTTP/1.1" 200 63013 "HTTP" ""
192.168.50.8 - arodriguez [24/Jul/2021:12:25:10 -0500] "HEAD http://update.eset.com/v3-eval-sta/mod_002_engine_50251/em002_32_l2.nup HTTP/1.1" 200 375 "HTTP" ""
192.168.50.8 - arodriguez [24/Jul/2021:12:25:10 -0500] "GET http://update.eset.com/v3-eval-sta/mod_002_engine_50251/em002_32_l2.nup HTTP/1.1" 200 169058 "HTTP" ""
192.168.50.8 - arodriguez [24/Jul/2021:12:25:10 -0500] "HEAD http://update.eset.com/v3-eval-sta/mod_023_pegasus_25310/em023_32_l2.nup HTTP/1.1" 200 374 "HTTP" ""
192.168.50.8 - arodriguez [24/Jul/2021:12:25:10 -0500] "GET http://update.eset.com/v3-eval-sta/mod_023_pegasus_25310/em023_32_l2.nup HTTP/1.1" 200 98516 "HTTP" ""
192.168.50.8 - arodriguez [24/Jul/2021:12:25:10 -0500] "HEAD http://update.eset.com/v3-eval-sta/mod_002_engine_50251/em002_32_n2.nup HTTP/1.1" 200 372 "HTTP" ""
192.168.50.8 - arodriguez [24/Jul/2021:12:25:11 -0500] "GET http://update.eset.com/v3-eval-sta/mod_002_engine_50251/em002_32_n2.nup HTTP/1.1" 200 10109 "HTTP" ""
192.168.50.8 - arodriguez [24/Jul/2021:12:25:11 -0500] "HEAD http://update.eset.com/v3-eval-sta/mod_002_engine_50251/em002_32_n3.nup HTTP/1.1" 200 373 "HTTP" ""
192.168.50.8 - arodriguez [24/Jul/2021:12:25:11 -0500] "GET http://update.eset.com/v3-eval-sta/mod_002_engine_50251/em002_32_n3.nup HTTP/1.1" 200 13637 "HTTP" ""
192.168.50.8 - arodriguez [24/Jul/2021:12:25:11 -0500] "HEAD http://update.eset.com/v3-eval-sta/mod_002_engine_50251/em002_32_n4.nup HTTP/1.1" 200 373 "HTTP" ""
192.168.50.8 - arodriguez [24/Jul/2021:12:25:11 -0500] "GET http://update.eset.com/v3-eval-sta/mod_002_engine_50251/em002_32_n4.nup HTTP/1.1" 200 17915 "HTTP" ""
192.168.50.8 - arodriguez [24/Jul/2021:12:25:11 -0500] "HEAD http://update.eset.com/v3-eval-sta/mod_002_engine_50251/em002_32_n5.nup HTTP/1.1" 200 373 "HTTP" ""
192.168.50.8 - arodriguez [24/Jul/2021:12:25:11 -0500] "GET http://update.eset.com/v3-eval-sta/mod_002_engine_50251/em002_32_n5.nup HTTP/1.1" 200 23662 "HTTP" ""
192.168.50.8 - arodriguez [24/Jul/2021:12:25:12 -0500] "HEAD http://update.eset.com/v3-eval-sta/mod_002_engine_50251/em002_32_n6.nup HTTP/1.1" 200 373 "HTTP" ""
192.168.50.8 - arodriguez [24/Jul/2021:12:25:12 -0500] "GET http://update.eset.com/v3-eval-sta/mod_002_engine_50251/em002_32_n6.nup HTTP/1.1" 200 33102 "HTTP" ""
192.168.50.8 - arodriguez [24/Jul/2021:12:25:12 -0500] "HEAD http://update.eset.com/v3-eval-sta/mod_002_engine_50251/em002_32_n7.nup HTTP/1.1" 200 373 "HTTP" ""
192.168.50.8 - arodriguez [24/Jul/2021:12:25:12 -0500] "GET http://update.eset.com/v3-eval-sta/mod_002_engine_50251/em002_32_n7.nup HTTP/1.1" 200 41895 "HTTP" ""
192.168.50.8 - arodriguez [24/Jul/2021:12:25:12 -0500] "HEAD http://update.eset.com/v3-eval-sta/mod_002_engine_50251/em002_32_n8.nup HTTP/1.1" 200 373 "HTTP" ""
192.168.50.8 - arodriguez [24/Jul/2021:12:25:12 -0500] "GET http://update.eset.com/v3-eval-sta/mod_002_engine_50251/em002_32_n8.nup HTTP/1.1" 200 46124 "HTTP" ""
192.168.50.8 - arodriguez [24/Jul/2021:12:25:12 -0500] "HEAD http://update.eset.com/v3-eval-sta/mod_002_engine_50251/em002_32_n9.nup HTTP/1.1" 200 373 "HTTP" ""
192.168.50.8 - arodriguez [24/Jul/2021:12:25:12 -0500] "GET http://update.eset.com/v3-eval-sta/mod_002_engine_50251/em002_32_n9.nup HTTP/1.1" 200 49599 "HTTP" ""
192.168.50.8 - arodriguez [24/Jul/2021:12:25:13 -0500] "HEAD http://update.eset.com/v3-eval-sta/mod_002_engine_50251/em002_32_n10.nup HTTP/1.1" 200 373 "HTTP" ""
192.168.50.8 - arodriguez [24/Jul/2021:12:25:13 -0500] "GET http://update.eset.com/v3-eval-sta/mod_002_engine_50251/em002_32_n10.nup HTTP/1.1" 200 52392 "HTTP" ""
192.168.50.8 - arodriguez [24/Jul/2021:12:25:13 -0500] "HEAD http://update.eset.com/v3-eval-sta/mod_002_engine_50251/em002_32_n11.nup HTTP/1.1" 200 373 "HTTP" ""
192.168.50.8 - arodriguez [24/Jul/2021:12:25:13 -0500] "GET http://update.eset.com/v3-eval-sta/mod_002_engine_50251/em002_32_n11.nup HTTP/1.1" 200 58770 "HTTP" ""
192.168.50.8 - arodriguez [24/Jul/2021:12:25:13 -0500] "HEAD http://update.eset.com/v3-eval-sta/mod_002_engine_50251/em002_32_n12.nup HTTP/1.1" 200 374 "HTTP" ""
192.168.50.8 - arodriguez [24/Jul/2021:12:25:13 -0500] "GET http://update.eset.com/v3-eval-sta/mod_002_engine_50251/em002_32_n12.nup HTTP/1.1" 200 66729 "HTTP" ""
192.168.50.8 - arodriguez [24/Jul/2021:12:25:13 -0500] "HEAD http://update.eset.com/v3-eval-sta/mod_002_engine_50251/em002_32_n13.nup HTTP/1.1" 200 374 "HTTP" ""
192.168.50.8 - arodriguez [24/Jul/2021:12:25:13 -0500] "GET http://update.eset.com/v3-eval-sta/mod_002_engine_50251/em002_32_n13.nup HTTP/1.1" 200 79206 "HTTP" ""
192.168.50.8 - arodriguez [24/Jul/2021:12:25:14 -0500] "HEAD http://update.eset.com/v3-eval-sta/mod_002_engine_50251/em002_32_n14.nup HTTP/1.1" 200 374 "HTTP" ""
192.168.50.8 - arodriguez [24/Jul/2021:12:25:14 -0500] "GET http://update.eset.com/v3-eval-sta/mod_002_engine_50251/em002_32_n14.nup HTTP/1.1" 200 85066 "HTTP" ""
192.168.50.8 - arodriguez [24/Jul/2021:12:25:14 -0500] "HEAD http://update.eset.com/v3-eval-sta/mod_002_engine_50251/em002_32_n15.nup HTTP/1.1" 200 374 "HTTP" ""
192.168.50.8 - arodriguez [24/Jul/2021:12:25:14 -0500] "GET http://update.eset.com/v3-eval-sta/mod_002_engine_50251/em002_32_n15.nup HTTP/1.1" 200 87937 "HTTP" ""
192.168.50.8 - arodriguez [24/Jul/2021:12:25:14 -0500] "HEAD http://update.eset.com/v3-eval-sta/mod_002_engine_50251/em002_32_n16.nup HTTP/1.1" 200 374 "HTTP" ""
192.168.50.8 - arodriguez [24/Jul/2021:12:25:14 -0500] "GET http://update.eset.com/v3-eval-sta/mod_002_engine_50251/em002_32_n16.nup HTTP/1.1" 200 91084 "HTTP" ""
192.168.50.8 - arodriguez [24/Jul/2021:12:25:14 -0500] "HEAD http://update.eset.com/v3-eval-sta/mod_002_engine_50251/em002_32_n17.nup HTTP/1.1" 200 374 "HTTP" ""
192.168.50.8 - arodriguez [24/Jul/2021:12:25:14 -0500] "GET http://update.eset.com/v3-eval-sta/mod_002_engine_50251/em002_32_n17.nup HTTP/1.1" 200 98130 "HTTP" ""
192.168.50.8 - arodriguez [24/Jul/2021:12:25:15 -0500] "HEAD http://update.eset.com/v3-eval-sta/mod_002_engine_50251/em002_32_n18.nup HTTP/1.1" 200 375 "HTTP" ""
192.168.50.8 - arodriguez [24/Jul/2021:12:25:15 -0500] "GET http://update.eset.com/v3-eval-sta/mod_002_engine_50251/em002_32_n18.nup HTTP/1.1" 200 105166 "HTTP" ""
192.168.50.8 - arodriguez [24/Jul/2021:12:25:16 -0500] "HEAD http://update.eset.com/v3-eval-sta/mod_002_engine_50251/em002_32_n19.nup HTTP/1.1" 200 375 "HTTP" ""
192.168.50.8 - arodriguez [24/Jul/2021:12:25:16 -0500] "GET http://update.eset.com/v3-eval-sta/mod_002_engine_50251/em002_32_n19.nup HTTP/1.1" 200 115159 "HTTP" ""
192.168.50.8 - arodriguez [24/Jul/2021:12:25:16 -0500] "HEAD http://update.eset.com/v3-eval-sta/mod_002_engine_50251/em002_32_n20.nup HTTP/1.1" 200 375 "HTTP" ""
192.168.50.8 - arodriguez [24/Jul/2021:12:25:16 -0500] "GET http://update.eset.com/v3-eval-sta/mod_002_engine_50251/em002_32_n20.nup HTTP/1.1" 200 130939 "HTTP" ""
192.168.50.8 - arodriguez [24/Jul/2021:12:25:16 -0500] "HEAD http://update.eset.com/v3-eval-sta/mod_023_pegasus_25310/em023_32_n2.nup HTTP/1.1" 200 374 "HTTP" ""
192.168.50.8 - arodriguez [24/Jul/2021:12:25:16 -0500] "GET http://update.eset.com/v3-eval-sta/mod_023_pegasus_25310/em023_32_n2.nup HTTP/1.1" 200 98519 "HTTP" ""
192.168.50.8 - arodriguez [24/Jul/2021:12:25:17 -0500] "HEAD http://update.eset.com/v3-eval-sta/mod_023_pegasus_25310/em023_32_n3.nup HTTP/1.1" 200 375 "HTTP" ""
192.168.50.8 - arodriguez [24/Jul/2021:12:25:17 -0500] "GET http://update.eset.com/v3-eval-sta/mod_023_pegasus_25310/em023_32_n3.nup HTTP/1.1" 200 214079 "HTTP" ""
192.168.50.8 - arodriguez [24/Jul/2021:12:25:17 -0500] "HEAD http://update.eset.com/v3-eval-sta/mod_023_pegasus_25310/em023_32_n4.nup HTTP/1.1" 200 375 "HTTP" ""
192.168.50.8 - arodriguez [24/Jul/2021:12:25:17 -0500] "GET http://update.eset.com/v3-eval-sta/mod_023_pegasus_25310/em023_32_n4.nup HTTP/1.1" 200 262271 "HTTP" ""
192.168.50.8 - arodriguez [24/Jul/2021:12:25:17 -0500] "HEAD http://update.eset.com/v3-eval-sta/mod_023_pegasus_25310/em023_32_n5.nup HTTP/1.1" 200 375 "HTTP" ""
192.168.50.8 - arodriguez [24/Jul/2021:12:25:17 -0500] "GET http://update.eset.com/v3-eval-sta/mod_023_pegasus_25310/em023_32_n5.nup HTTP/1.1" 200 286981 "HTTP" ""
192.168.50.8 - arodriguez [24/Jul/2021:12:25:18 -0500] "HEAD http://update.eset.com/v3-eval-sta/mod_023_pegasus_25310/em023_32_n6.nup HTTP/1.1" 200 375 "HTTP" ""
192.168.50.8 - arodriguez [24/Jul/2021:12:25:18 -0500] "GET http://update.eset.com/v3-eval-sta/mod_023_pegasus_25310/em023_32_n6.nup HTTP/1.1" 200 318769 "HTTP" ""
192.168.50.8 - arodriguez [24/Jul/2021:12:25:18 -0500] "HEAD http://update.eset.com/v3-eval-sta/mod_023_pegasus_25310/em023_32_n7.nup HTTP/1.1" 200 375 "HTTP" ""
192.168.50.8 - arodriguez [24/Jul/2021:12:25:19 -0500] "GET http://update.eset.com/v3-eval-sta/mod_023_pegasus_25310/em023_32_n7.nup HTTP/1.1" 200 358988 "HTTP" ""
192.168.50.8 - arodriguez [24/Jul/2021:12:25:19 -0500] "HEAD http://update.eset.com/v3-eval-sta/mod_023_pegasus_25310/em023_32_n8.nup HTTP/1.1" 200 375 "HTTP" ""
192.168.50.8 - arodriguez [24/Jul/2021:12:25:20 -0500] "GET http://update.eset.com/v3-eval-sta/mod_023_pegasus_25310/em023_32_n8.nup HTTP/1.1" 200 404575 "HTTP" ""
192.168.50.8 - arodriguez [24/Jul/2021:12:25:20 -0500] "HEAD http://update.eset.com/v3-eval-sta/mod_023_pegasus_25310/em023_32_n9.nup HTTP/1.1" 200 375 "HTTP" ""
192.168.50.8 - arodriguez [24/Jul/2021:12:25:20 -0500] "GET http://update.eset.com/v3-eval-sta/mod_023_pegasus_25310/em023_32_n9.nup HTTP/1.1" 200 459986 "HTTP" ""
192.168.50.8 - arodriguez [24/Jul/2021:12:25:20 -0500] "HEAD http://update.eset.com/v3-eval-sta/mod_023_pegasus_25310/em023_32_n10.nup HTTP/1.1" 200 375 "HTTP" ""
192.168.50.8 - arodriguez [24/Jul/2021:12:25:20 -0500] "GET http://update.eset.com/v3-eval-sta/mod_023_pegasus_25310/em023_32_n10.nup HTTP/1.1" 200 507921 "HTTP" ""
192.168.50.8 - arodriguez [24/Jul/2021:12:25:20 -0500] "HEAD http://update.eset.com/v3-eval-sta/mod_023_pegasus_25310/em023_32_n11.nup HTTP/1.1" 200 375 "HTTP" ""
192.168.50.8 - arodriguez [24/Jul/2021:12:25:21 -0500] "GET http://update.eset.com/v3-eval-sta/mod_023_pegasus_25310/em023_32_n11.nup HTTP/1.1" 200 510318 "HTTP" ""
192.168.50.8 - arodriguez [24/Jul/2021:12:25:21 -0500] "HEAD http://update.eset.com/v3-eval-sta/mod_023_pegasus_25310/em023_32_n12.nup HTTP/1.1" 200 375 "HTTP" ""
192.168.50.8 - arodriguez [24/Jul/2021:12:25:21 -0500] "GET http://update.eset.com/v3-eval-sta/mod_023_pegasus_25310/em023_32_n12.nup HTTP/1.1" 200 543149 "HTTP" ""
192.168.50.8 - arodriguez [24/Jul/2021:12:25:22 -0500] "HEAD http://update.eset.com/v3-eval-sta/mod_023_pegasus_25310/em023_32_n13.nup HTTP/1.1" 200 375 "HTTP" ""
192.168.10.20 - arodriguez [24/Jul/2021:12:25:30 -0500] "CONNECT relay-1954f6f5.net.anydesk.com:80 HTTP/1.1" 200 0 "HTTPS" "outgoing via 192.168.50.30"
192.168.10.20 - arodriguez [24/Jul/2021:12:25:43 -0500] "CONNECT relay-98c2705c.net.anydesk.com:80 HTTP/1.1" 200 0 "HTTPS" "outgoing via 192.168.50.30"
192.168.50.8 - arodriguez [24/Jul/2021:12:25:50 -0500] "GET http://update.eset.com/v3-eval-sta/mod_023_pegasus_25310/em023_32_n13.nup HTTP/1.1" 200 570053 "HTTP" ""
192.168.50.8 - arodriguez [24/Jul/2021:12:25:50 -0500] "HEAD http://update.eset.com/v3-eval-sta/mod_023_pegasus_25310/em023_32_n14.nup HTTP/1.1" 200 375 "HTTP" ""
192.168.50.8 - arodriguez [24/Jul/2021:12:25:50 -0500] "GET http://update.eset.com/v3-eval-sta/mod_023_pegasus_25310/em023_32_n14.nup HTTP/1.1" 200 602672 "HTTP" ""
192.168.50.8 - arodriguez [24/Jul/2021:12:25:50 -0500] "HEAD http://update.eset.com/v3-eval-sta/mod_023_pegasus_25310/em023_32_n15.nup HTTP/1.1" 200 375 "HTTP" ""
192.168.50.8 - arodriguez [24/Jul/2021:12:25:51 -0500] "GET http://update.eset.com/v3-eval-sta/mod_023_pegasus_25310/em023_32_n15.nup HTTP/1.1" 200 645992 "HTTP" ""
192.168.50.8 - arodriguez [24/Jul/2021:12:25:51 -0500] "HEAD http://update.eset.com/v3-eval-sta/mod_023_pegasus_25310/em023_32_n16.nup HTTP/1.1" 200 375 "HTTP" ""
192.168.50.8 - arodriguez [24/Jul/2021:12:25:51 -0500] "GET http://update.eset.com/v3-eval-sta/mod_023_pegasus_25310/em023_32_n16.nup HTTP/1.1" 200 693472 "HTTP" ""
192.168.50.8 - arodriguez [24/Jul/2021:12:25:52 -0500] "HEAD http://update.eset.com/v3-eval-sta/mod_023_pegasus_25310/em023_32_n17.nup HTTP/1.1" 200 375 "HTTP" ""
192.168.50.8 - arodriguez [24/Jul/2021:12:25:52 -0500] "GET http://update.eset.com/v3-eval-sta/mod_023_pegasus_25310/em023_32_n17.nup HTTP/1.1" 200 738043 "HTTP" ""
192.168.50.8 - arodriguez [24/Jul/2021:12:25:53 -0500] "HEAD http://update.eset.com/v3-eval-sta/mod_023_pegasus_25310/em023_32_n18.nup HTTP/1.1" 200 375 "HTTP" ""
192.168.50.8 - arodriguez [24/Jul/2021:12:25:53 -0500] "GET http://update.eset.com/v3-eval-sta/mod_023_pegasus_25310/em023_32_n18.nup HTTP/1.1" 200 780529 "HTTP" ""
192.168.50.8 - arodriguez [24/Jul/2021:12:25:53 -0500] "HEAD http://update.eset.com/v3-eval-sta/mod_023_pegasus_25310/em023_32_n19.nup HTTP/1.1" 200 375 "HTTP" ""
192.168.50.8 - arodriguez [24/Jul/2021:12:25:54 -0500] "GET http://update.eset.com/v3-eval-sta/mod_023_pegasus_25310/em023_32_n19.nup HTTP/1.1" 200 804249 "HTTP" ""
192.168.50.8 - arodriguez [24/Jul/2021:12:25:54 -0500] "HEAD http://update.eset.com/v3-eval-sta/mod_023_pegasus_25310/em023_32_n20.nup HTTP/1.1" 200 375 "HTTP" ""
192.168.10.20 - arodriguez [24/Jul/2021:12:26:12 -0500] "CONNECT relay-98c2705c.net.anydesk.com:80 HTTP/1.1" 200 0 "HTTPS" "outgoing via 192.168.50.30"
192.168.10.20 - arodriguez [24/Jul/2021:12:26:41 -0500] "CONNECT relay-98c2705c.net.anydesk.com:80 HTTP/1.1" 200 0 "HTTPS" "outgoing via 192.168.50.30"
192.168.5.39 - erich [24/Jul/2021:12:26:47 -0500] "CONNECT graph.facebook.com:443 HTTP/1.1" 200 0 "HTTPS" "outgoing via 192.168.50.30"
192.168.10.20 - arodriguez [24/Jul/2021:12:27:10 -0500] "CONNECT relay-98c2705c.net.anydesk.com:80 HTTP/1.1" 200 0 "HTTPS" "outgoing via 192.168.50.30"
192.168.10.20 - arodriguez [24/Jul/2021:12:27:23 -0500] "CONNECT relay-0767eec0.net.anydesk.com:80 HTTP/1.1" 200 0 "HTTPS" "outgoing via 192.168.50.30"
192.168.10.20 - arodriguez [24/Jul/2021:12:27:52 -0500] "CONNECT relay-0767eec0.net.anydesk.com:80 HTTP/1.1" 200 0 "HTTPS" "outgoing via 192.168.50.30"
192.168.10.20 - arodriguez [24/Jul/2021:12:28:21 -0500] "CONNECT relay-0767eec0.net.anydesk.com:80 HTTP/1.1" 200 0 "HTTPS" "outgoing via 192.168.50.30"
192.168.10.20 - arodriguez [24/Jul/2021:12:28:50 -0500] "CONNECT relay-0767eec0.net.anydesk.com:80 HTTP/1.1" 200 0 "HTTPS" "outgoing via 192.168.50.30"
192.168.10.20 - arodriguez [24/Jul/2021:12:29:19 -0500] "CONNECT relay-0767eec0.net.anydesk.com:80 HTTP/1.1" 200 0 "HTTPS" "outgoing via 192.168.50.30"
192.168.10.20 - arodriguez [24/Jul/2021:12:29:32 -0500] "CONNECT relay-9ec84ff7.net.anydesk.com:80 HTTP/1.1" 200 0 "HTTPS" "outgoing via 192.168.50.30"
192.168.10.20 - arodriguez [24/Jul/2021:12:30:02 -0500] "CONNECT relay-9ec84ff7.net.anydesk.com:80 HTTP/1.1" 200 0 "HTTPS" "outgoing via 192.168.50.30"
192.168.5.58 - dunia.glez [24/Jul/2021:12:30:31 -0500] "CONNECT scontent-mia3-2.xx.fbcdn.net:443 HTTP/1.1" 200 0 "HTTPS" "outgoing via 192.168.50.30"
192.168.10.20 - arodriguez [24/Jul/2021:12:30:31 -0500] "CONNECT relay-9ec84ff7.net.anydesk.com:80 HTTP/1.1" 200 0 "HTTPS" "outgoing via 192.168.50.30"
192.168.10.20 - arodriguez [24/Jul/2021:12:31:00 -0500] "CONNECT relay-9ec84ff7.net.anydesk.com:80 HTTP/1.1" 200 0 "HTTPS" "outgoing via 192.168.50.30"
192.168.10.20 - arodriguez [24/Jul/2021:12:31:29 -0500] "CONNECT relay-9ec84ff7.net.anydesk.com:80 HTTP/1.1" 200 0 "HTTPS" "outgoing via 192.168.50.30"
192.168.10.20 - arodriguez [24/Jul/2021:12:31:42 -0500] "CONNECT relay-5f045e20.net.anydesk.com:80 HTTP/1.1" 200 0 "HTTPS" "outgoing via 192.168.50.30"
192.168.5.39 - erich [24/Jul/2021:12:31:48 -0500] "CONNECT graph.facebook.com:443 HTTP/1.1" 200 0 "HTTPS" "outgoing via 192.168.50.30"
192.168.10.20 - arodriguez [24/Jul/2021:12:32:11 -0500] "CONNECT relay-5f045e20.net.anydesk.com:80 HTTP/1.1" 200 0 "HTTPS" "outgoing via 192.168.50.30"
192.168.10.20 - arodriguez [24/Jul/2021:12:32:40 -0500] "CONNECT relay-5f045e20.net.anydesk.com:80 HTTP/1.1" 200 0 "HTTPS" "outgoing via 192.168.50.30"
192.168.10.20 - arodriguez [24/Jul/2021:12:33:09 -0500] "CONNECT relay-5f045e20.net.anydesk.com:80 HTTP/1.1" 200 0 "HTTPS" "outgoing via 192.168.50.30"
192.168.10.20 - arodriguez [24/Jul/2021:12:33:23 -0500] "CONNECT relay-2057a8b4.net.anydesk.com:80 HTTP/1.1" 200 0 "HTTPS" "outgoing via 192.168.50.30"
192.168.10.20 - arodriguez [24/Jul/2021:12:33:52 -0500] "CONNECT relay-2057a8b4.net.anydesk.com:80 HTTP/1.1" 200 0 "HTTPS" "outgoing via 192.168.50.30"
192.168.10.20 - arodriguez [24/Jul/2021:12:34:21 -0500] "CONNECT relay-2057a8b4.net.anydesk.com:80 HTTP/1.1" 200 0 "HTTPS" "outgoing via 192.168.50.30"
192.168.5.58 - dunia.glez [24/Jul/2021:12:34:35 -0500] "CONNECT safebrowsing.googleapis.com:443 HTTP/1.1" 200 0 "HTTPS" "outgoing via 192.168.50.30"
192.168.10.20 - arodriguez [24/Jul/2021:12:34:50 -0500] "CONNECT relay-2057a8b4.net.anydesk.com:80 HTTP/1.1" 200 0 "HTTPS" "outgoing via 192.168.50.30"
192.168.10.20 - arodriguez [24/Jul/2021:12:35:19 -0500] "CONNECT relay-2057a8b4.net.anydesk.com:80 HTTP/1.1" 200 0 "HTTPS" "outgoing via 192.168.50.30"
192.168.10.20 - arodriguez [24/Jul/2021:12:35:48 -0500] "CONNECT relay-2057a8b4.net.anydesk.com:80 HTTP/1.1" 200 0 "HTTPS" "outgoing via 192.168.50.30"
192.168.10.20 - arodriguez [24/Jul/2021:12:36:17 -0500] "CONNECT relay-2057a8b4.net.anydesk.com:80 HTTP/1.1" 200 0 "HTTPS" "outgoing via 192.168.50.30"
192.168.10.20 - arodriguez [24/Jul/2021:12:36:30 -0500] "CONNECT relay-bfb5e868.net.anydesk.com:80 HTTP/1.1" 200 0 "HTTPS" "outgoing via 192.168.50.30"
192.168.10.20 - arodriguez [24/Jul/2021:12:36:32 -0500] "CONNECT relay-bfb5e868.net.anydesk.com:443 HTTP/1.1" 200 0 "HTTPS" "outgoing via 192.168.50.30"
192.168.10.20 - arodriguez [24/Jul/2021:12:36:34 -0500] "CONNECT relay-bfb5e868.net.anydesk.com:6568 HTTP/1.1" 200 0 "HTTPS" "outgoing via 192.168.50.30"
192.168.10.20 - arodriguez [24/Jul/2021:12:36:36 -0500] "CONNECT 199.127.60.241:80 HTTP/1.1" 200 0 "HTTPS" "outgoing via 192.168.50.30"
192.168.10.20 - arodriguez [24/Jul/2021:12:36:38 -0500] "CONNECT 199.127.60.241:443 HTTP/1.1" 200 0 "HTTPS" "outgoing via 192.168.50.30"
192.168.10.20 - arodriguez [24/Jul/2021:12:36:40 -0500] "CONNECT 199.127.60.241:6568 HTTP/1.1" 200 0 "HTTPS" "outgoing via 192.168.50.30"
192.168.5.39 - erich [24/Jul/2021:12:36:50 -0500] "CONNECT graph.facebook.com:443 HTTP/1.1" 200 0 "HTTPS" "outgoing via 192.168.50.30"
192.168.1.29 - jacome [24/Jul/2021:12:36:53 -0500] "CONNECT safebrowsing.googleapis.com:443 HTTP/1.1" 200 0 "HTTPS" "outgoing via 192.168.50.30"
192.168.10.20 - arodriguez [24/Jul/2021:12:37:14 -0500] "CONNECT relay-bfb5e868.net.anydesk.com:80 HTTP/1.1" 200 0 "HTTPS" "outgoing via 192.168.50.30"
192.168.10.20 - arodriguez [24/Jul/2021:12:37:43 -0500] "CONNECT relay-bfb5e868.net.anydesk.com:80 HTTP/1.1" 200 0 "HTTPS" "outgoing via 192.168.50.30"
192.168.10.20 - arodriguez [24/Jul/2021:12:38:12 -0500] "CONNECT relay-bfb5e868.net.anydesk.com:80 HTTP/1.1" 200 0 "HTTPS" "outgoing via 192.168.50.30"
192.168.10.20 - arodriguez [24/Jul/2021:12:38:41 -0500] "CONNECT relay-bfb5e868.net.anydesk.com:80 HTTP/1.1" 200 0 "HTTPS" "outgoing via 192.168.50.30"
192.168.10.20 - arodriguez [24/Jul/2021:12:39:10 -0500] "CONNECT relay-bfb5e868.net.anydesk.com:80 HTTP/1.1" 200 0 "HTTPS" "outgoing via 192.168.50.30"
192.168.10.20 - arodriguez [24/Jul/2021:12:39:23 -0500] "CONNECT relay-98c2705c.net.anydesk.com:80 HTTP/1.1" 200 0 "HTTPS" "outgoing via 192.168.50.30"
192.168.10.20 - arodriguez [24/Jul/2021:12:39:52 -0500] "CONNECT relay-98c2705c.net.anydesk.com:80 HTTP/1.1" 200 0 "HTTPS" "outgoing via 192.168.50.30"
192.168.10.20 - arodriguez [24/Jul/2021:12:40:21 -0500] "CONNECT relay-98c2705c.net.anydesk.com:80 HTTP/1.1" 200 0 "HTTPS" "outgoing via 192.168.50.30"
192.168.10.20 - arodriguez [24/Jul/2021:12:40:23 -0500] "CONNECT relay-98c2705c.net.anydesk.com:443 HTTP/1.1" 200 0 "HTTPS" "outgoing via 192.168.50.30"
192.168.10.20 - arodriguez [24/Jul/2021:12:40:25 -0500] "CONNECT relay-98c2705c.net.anydesk.com:6568 HTTP/1.1" 200 0 "HTTPS" "outgoing via 192.168.50.30"
192.168.10.20 - arodriguez [24/Jul/2021:12:40:53 -0500] "CONNECT relay-98c2705c.net.anydesk.com:80 HTTP/1.1" 200 0 "HTTPS" "outgoing via 192.168.50.30"
192.168.5.58 - dunia.glez [24/Jul/2021:12:40:54 -0500] "CONNECT scontent-mia3-1.xx.fbcdn.net:443 HTTP/1.1" 200 0 "HTTPS" "outgoing via 192.168.50.30"
192.168.5.58 - dunia.glez [24/Jul/2021:12:40:54 -0500] "CONNECT safebrowsing.googleapis.com:443 HTTP/1.1" 200 0 "HTTPS" "outgoing via 192.168.50.30"
192.168.10.20 - arodriguez [24/Jul/2021:12:41:22 -0500] "CONNECT relay-98c2705c.net.anydesk.com:80 HTTP/1.1" 200 0 "HTTPS" "outgoing via 192.168.50.30"
192.168.5.39 - erich [24/Jul/2021:12:41:51 -0500] "CONNECT graph.facebook.com:443 HTTP/1.1" 200 0 "HTTPS" "outgoing via 192.168.50.30"
192.168.10.20 - arodriguez [24/Jul/2021:12:41:51 -0500] "CONNECT relay-98c2705c.net.anydesk.com:80 HTTP/1.1" 200 0 "HTTPS" "outgoing via 192.168.50.30"
192.168.10.20 - arodriguez [24/Jul/2021:12:42:20 -0500] "CONNECT relay-98c2705c.net.anydesk.com:80 HTTP/1.1" 200 0 "HTTPS" "outgoing via 192.168.50.30"
192.168.10.20 - arodriguez [24/Jul/2021:12:42:49 -0500] "CONNECT relay-98c2705c.net.anydesk.com:80 HTTP/1.1" 200 0 "HTTPS" "outgoing via 192.168.50.30"
192.168.10.20 - arodriguez [24/Jul/2021:12:43:18 -0500] "CONNECT relay-98c2705c.net.anydesk.com:80 HTTP/1.1" 200 0 "HTTPS" "outgoing via 192.168.50.30"
192.168.10.20 - arodriguez [24/Jul/2021:12:43:47 -0500] "CONNECT relay-98c2705c.net.anydesk.com:80 HTTP/1.1" 200 0 "HTTPS" "outgoing via 192.168.50.30"
192.168.10.20 - arodriguez [24/Jul/2021:12:44:01 -0500] "CONNECT relay-8b8e1425.net.anydesk.com:80 HTTP/1.1" 200 0 "HTTPS" "outgoing via 192.168.50.30"
192.168.10.20 - arodriguez [24/Jul/2021:12:44:30 -0500] "CONNECT relay-8b8e1425.net.anydesk.com:80 HTTP/1.1" 200 0 "HTTPS" "outgoing via 192.168.50.30"
192.168.10.20 - arodriguez [24/Jul/2021:12:44:59 -0500] "CONNECT relay-8b8e1425.net.anydesk.com:80 HTTP/1.1" 200 0 "HTTPS" "outgoing via 192.168.50.30"
192.168.10.20 - arodriguez [24/Jul/2021:12:45:27 -0500] "CONNECT relay-8b8e1425.net.anydesk.com:80 HTTP/1.1" 200 0 "HTTPS" "outgoing via 192.168.50.30"
192.168.10.20 - arodriguez [24/Jul/2021:12:45:41 -0500] "CONNECT relay-5bec465c.net.anydesk.com:80 HTTP/1.1" 200 0 "HTTPS" "outgoing via 192.168.50.30"
192.168.5.58 - dunia.glez [24/Jul/2021:12:45:55 -0500] "CONNECT scontent-mia3-1.xx.fbcdn.net:443 HTTP/1.1" 200 0 "HTTPS" "outgoing via 192.168.50.30"
192.168.10.20 - arodriguez [24/Jul/2021:12:46:10 -0500] "CONNECT relay-5bec465c.net.anydesk.com:80 HTTP/1.1" 200 0 "HTTPS" "outgoing via 192.168.50.30"
192.168.10.20 - arodriguez [24/Jul/2021:12:46:39 -0500] "CONNECT relay-5bec465c.net.anydesk.com:80 HTTP/1.1" 200 0 "HTTPS" "outgoing via 192.168.50.30"
192.168.5.39 - erich [24/Jul/2021:12:46:53 -0500] "CONNECT graph.facebook.com:443 HTTP/1.1" 200 0 "HTTPS" "outgoing via 192.168.50.30"
192.168.10.20 - arodriguez [24/Jul/2021:12:47:08 -0500] "CONNECT relay-5bec465c.net.anydesk.com:80 HTTP/1.1" 200 0 "HTTPS" "outgoing via 192.168.50.30"
192.168.10.20 - arodriguez [24/Jul/2021:12:47:37 -0500] "CONNECT relay-5bec465c.net.anydesk.com:80 HTTP/1.1" 200 0 "HTTPS" "outgoing via 192.168.50.30"
192.168.10.20 - arodriguez [24/Jul/2021:12:48:06 -0500] "CONNECT relay-5bec465c.net.anydesk.com:80 HTTP/1.1" 200 0 "HTTPS" "outgoing via 192.168.50.30"
192.168.10.20 - arodriguez [24/Jul/2021:12:48:35 -0500] "CONNECT relay-5bec465c.net.anydesk.com:80 HTTP/1.1" 200 0 "HTTPS" "outgoing via 192.168.50.30"
192.168.10.20 - arodriguez [24/Jul/2021:12:49:04 -0500] "CONNECT relay-5bec465c.net.anydesk.com:80 HTTP/1.1" 200 0 "HTTPS" "outgoing via 192.168.50.30"
192.168.10.20 - arodriguez [24/Jul/2021:12:49:17 -0500] "CONNECT relay-922f66f3.net.anydesk.com:80 HTTP/1.1" 200 0 "HTTPS" "outgoing via 192.168.50.30"
192.168.10.20 - arodriguez [24/Jul/2021:12:49:46 -0500] "CONNECT relay-922f66f3.net.anydesk.com:80 HTTP/1.1" 200 0 "HTTPS" "outgoing via 192.168.50.30"
192.168.10.20 - arodriguez [24/Jul/2021:12:50:15 -0500] "CONNECT relay-922f66f3.net.anydesk.com:80 HTTP/1.1" 200 0 "HTTPS" "outgoing via 192.168.50.30"
192.168.10.20 - arodriguez [24/Jul/2021:12:50:28 -0500] "CONNECT relay-49726057.net.anydesk.com:80 HTTP/1.1" 200 0 "HTTPS" "outgoing via 192.168.50.30"
192.168.10.20 - arodriguez [24/Jul/2021:12:50:57 -0500] "CONNECT relay-49726057.net.anydesk.com:80 HTTP/1.1" 200 0 "HTTPS" "outgoing via 192.168.50.30"
192.168.5.58 - dunia.glez [24/Jul/2021:12:50:58 -0500] "CONNECT scontent-mia3-2.xx.fbcdn.net:443 HTTP/1.1" 200 0 "HTTPS" "outgoing via 192.168.50.30"
192.168.10.20 - arodriguez [24/Jul/2021:12:51:26 -0500] "CONNECT relay-49726057.net.anydesk.com:80 HTTP/1.1" 200 0 "HTTPS" "outgoing via 192.168.50.30"
192.168.10.20 - arodriguez [24/Jul/2021:12:51:39 -0500] "CONNECT relay-5bec465c.net.anydesk.com:80 HTTP/1.1" 200 0 "HTTPS" "outgoing via 192.168.50.30"
192.168.5.39 - erich [24/Jul/2021:12:51:54 -0500] "CONNECT graph.facebook.com:443 HTTP/1.1" 200 0 "HTTPS" "outgoing via 192.168.50.30"
192.168.10.20 - arodriguez [24/Jul/2021:12:52:09 -0500] "CONNECT relay-5bec465c.net.anydesk.com:80 HTTP/1.1" 200 0 "HTTPS" "outgoing via 192.168.50.30"
192.168.10.20 - arodriguez [24/Jul/2021:12:52:38 -0500] "CONNECT relay-5bec465c.net.anydesk.com:80 HTTP/1.1" 200 0 "HTTPS" "outgoing via 192.168.50.30"
192.168.10.20 - arodriguez [24/Jul/2021:12:52:51 -0500] "CONNECT relay-bfb5e868.net.anydesk.com:80 HTTP/1.1" 200 0 "HTTPS" "outgoing via 192.168.50.30"
192.168.10.20 - arodriguez [24/Jul/2021:12:53:20 -0500] "CONNECT relay-bfb5e868.net.anydesk.com:80 HTTP/1.1" 200 0 "HTTPS" "outgoing via 192.168.50.30"
192.168.10.20 - arodriguez [24/Jul/2021:12:53:49 -0500] "CONNECT relay-bfb5e868.net.anydesk.com:80 HTTP/1.1" 200 0 "HTTPS" "outgoing via 192.168.50.30"
192.168.10.20 - arodriguez [24/Jul/2021:12:54:03 -0500] "CONNECT relay-bfcb38ab.net.anydesk.com:80 HTTP/1.1" 200 0 "HTTPS" "outgoing via 192.168.50.30"
192.168.10.20 - arodriguez [24/Jul/2021:12:54:31 -0500] "CONNECT relay-bfcb38ab.net.anydesk.com:80 HTTP/1.1" 200 0 "HTTPS" "outgoing via 192.168.50.30"
192.168.10.20 - arodriguez [24/Jul/2021:12:55:00 -0500] "CONNECT relay-bfcb38ab.net.anydesk.com:80 HTTP/1.1" 200 0 "HTTPS" "outgoing via 192.168.50.30"
192.168.10.20 - arodriguez [24/Jul/2021:12:55:14 -0500] "CONNECT relay-dbede8d2.net.anydesk.com:80 HTTP/1.1" 200 0 "HTTPS" "outgoing via 192.168.50.30"
192.168.10.20 - arodriguez [24/Jul/2021:12:55:43 -0500] "CONNECT relay-dbede8d2.net.anydesk.com:80 HTTP/1.1" 200 0 "HTTPS" "outgoing via 192.168.50.30"
192.168.10.20 - arodriguez [24/Jul/2021:12:56:12 -0500] "CONNECT relay-dbede8d2.net.anydesk.com:80 HTTP/1.1" 200 0 "HTTPS" "outgoing via 192.168.50.30"
192.168.10.20 - arodriguez [24/Jul/2021:12:56:40 -0500] "CONNECT relay-dbede8d2.net.anydesk.com:80 HTTP/1.1" 200 0 "HTTPS" "outgoing via 192.168.50.30"
192.168.10.20 - arodriguez [24/Jul/2021:12:56:54 -0500] "CONNECT relay-a54c6d92.net.anydesk.com:80 HTTP/1.1" 200 0 "HTTPS" "outgoing via 192.168.50.30"
192.168.5.39 - erich [24/Jul/2021:12:56:55 -0500] "CONNECT graph.facebook.com:443 HTTP/1.1" 200 0 "HTTPS" "outgoing via 192.168.50.30"
192.168.10.20 - arodriguez [24/Jul/2021:12:57:23 -0500] "CONNECT relay-a54c6d92.net.anydesk.com:80 HTTP/1.1" 200 0 "HTTPS" "outgoing via 192.168.50.30"
192.168.10.20 - arodriguez [24/Jul/2021:12:57:52 -0500] "CONNECT relay-a54c6d92.net.anydesk.com:80 HTTP/1.1" 200 0 "HTTPS" "outgoing via 192.168.50.30"
192.168.10.20 - arodriguez [24/Jul/2021:12:58:21 -0500] "CONNECT relay-a54c6d92.net.anydesk.com:80 HTTP/1.1" 200 0 "HTTPS" "outgoing via 192.168.50.30"
192.168.10.20 - arodriguez [24/Jul/2021:12:58:50 -0500] "CONNECT relay-a54c6d92.net.anydesk.com:80 HTTP/1.1" 200 0 "HTTPS" "outgoing via 192.168.50.30"
192.168.10.20 - arodriguez [24/Jul/2021:12:59:20 -0500] "CONNECT relay-a54c6d92.net.anydesk.com:80 HTTP/1.1" 200 0 "HTTPS" "outgoing via 192.168.50.30"
192.168.10.20 - arodriguez [24/Jul/2021:12:59:49 -0500] "CONNECT relay-a54c6d92.net.anydesk.com:80 HTTP/1.1" 200 0 "HTTPS" "outgoing via 192.168.50.30"
192.168.10.20 - arodriguez [24/Jul/2021:13:00:17 -0500] "CONNECT relay-a54c6d92.net.anydesk.com:80 HTTP/1.1" 200 0 "HTTPS" "outgoing via 192.168.50.30"
192.168.10.20 - arodriguez [24/Jul/2021:13:00:31 -0500] "CONNECT relay-f6106504.net.anydesk.com:80 HTTP/1.1" 200 0 "HTTPS" "outgoing via 192.168.50.30"
192.168.10.20 - arodriguez [24/Jul/2021:13:01:00 -0500] "CONNECT relay-f6106504.net.anydesk.com:80 HTTP/1.1" 200 0 "HTTPS" "outgoing via 192.168.50.30"
192.168.5.58 - dunia.glez [24/Jul/2021:13:01:02 -0500] "CONNECT scontent-mia3-2.xx.fbcdn.net:443 HTTP/1.1" 200 0 "HTTPS" "outgoing via 192.168.50.30"
192.168.10.20 - arodriguez [24/Jul/2021:13:01:29 -0500] "CONNECT relay-f6106504.net.anydesk.com:80 HTTP/1.1" 200 0 "HTTPS" "outgoing via 192.168.50.30"
192.168.10.20 - arodriguez [24/Jul/2021:13:01:42 -0500] "CONNECT relay-2057a8b4.net.anydesk.com:80 HTTP/1.1" 200 0 "HTTPS" "outgoing via 192.168.50.30"
192.168.5.39 - erich [24/Jul/2021:13:01:57 -0500] "CONNECT graph.facebook.com:443 HTTP/1.1" 200 0 "HTTPS" "outgoing via 192.168.50.30"
192.168.10.20 - arodriguez [24/Jul/2021:13:02:11 -0500] "CONNECT relay-2057a8b4.net.anydesk.com:80 HTTP/1.1" 200 0 "HTTPS" "outgoing via 192.168.50.30"
192.168.10.20 - arodriguez [24/Jul/2021:13:02:40 -0500] "CONNECT relay-2057a8b4.net.anydesk.com:80 HTTP/1.1" 200 0 "HTTPS" "outgoing via 192.168.50.30"
192.168.10.20 - arodriguez [24/Jul/2021:13:03:10 -0500] "CONNECT relay-2057a8b4.net.anydesk.com:80 HTTP/1.1" 200 0 "HTTPS" "outgoing via 192.168.50.30"
192.168.5.58 - dunia.glez [24/Jul/2021:13:03:32 -0500] "CONNECT scontent-mia3-1.xx.fbcdn.net:443 HTTP/1.1" 200 0 "HTTPS" "outgoing via 192.168.50.30"
192.168.10.20 - arodriguez [24/Jul/2021:13:03:39 -0500] "CONNECT relay-2057a8b4.net.anydesk.com:80 HTTP/1.1" 200 0 "HTTPS" "outgoing via 192.168.50.30"
192.168.10.20 - arodriguez [24/Jul/2021:13:03:52 -0500] "CONNECT relay-bfcb38ab.net.anydesk.com:80 HTTP/1.1" 200 0 "HTTPS" "outgoing via 192.168.50.30"
192.168.10.20 - arodriguez [24/Jul/2021:13:04:21 -0500] "CONNECT relay-bfcb38ab.net.anydesk.com:80 HTTP/1.1" 200 0 "HTTPS" "outgoing via 192.168.50.30"
192.168.10.20 - arodriguez [24/Jul/2021:13:04:50 -0500] "CONNECT relay-bfcb38ab.net.anydesk.com:80 HTTP/1.1" 200 0 "HTTPS" "outgoing via 192.168.50.30"
192.168.5.58 - dunia.glez [24/Jul/2021:13:04:58 -0500] "CONNECT safebrowsing.googleapis.com:443 HTTP/1.1" 200 0 "HTTPS" "outgoing via 192.168.50.30"
192.168.10.20 - arodriguez [24/Jul/2021:13:05:04 -0500] "CONNECT relay-5d364c18.net.anydesk.com:80 HTTP/1.1" 200 0 "HTTPS" "outgoing via 192.168.50.30"
192.168.10.20 - arodriguez [24/Jul/2021:13:05:05 -0500] "CONNECT relay-5d364c18.net.anydesk.com:443 HTTP/1.1" 200 0 "HTTPS" "outgoing via 192.168.50.30"
192.168.10.20 - arodriguez [24/Jul/2021:13:05:34 -0500] "CONNECT relay-5d364c18.net.anydesk.com:80 HTTP/1.1" 200 0 "HTTPS" "outgoing via 192.168.50.30"
192.168.10.20 - arodriguez [24/Jul/2021:13:06:03 -0500] "CONNECT relay-5d364c18.net.anydesk.com:80 HTTP/1.1" 200 0 "HTTPS" "outgoing via 192.168.50.30"
192.168.10.20 - arodriguez [24/Jul/2021:13:06:32 -0500] "CONNECT relay-5d364c18.net.anydesk.com:80 HTTP/1.1" 200 0 "HTTPS" "outgoing via 192.168.50.30"
192.168.10.20 - arodriguez [24/Jul/2021:13:06:45 -0500] "CONNECT relay-dbede8d2.net.anydesk.com:80 HTTP/1.1" 200 0 "HTTPS" "outgoing via 192.168.50.30"
192.168.1.29 - jacome [24/Jul/2021:13:06:55 -0500] "CONNECT safebrowsing.googleapis.com:443 HTTP/1.1" 200 0 "HTTPS" "outgoing via 192.168.50.30"
192.168.5.39 - erich [24/Jul/2021:13:06:58 -0500] "CONNECT graph.facebook.com:443 HTTP/1.1" 200 0 "HTTPS" "outgoing via 192.168.50.30"
192.168.10.20 - arodriguez [24/Jul/2021:13:07:14 -0500] "CONNECT relay-dbede8d2.net.anydesk.com:80 HTTP/1.1" 200 0 "HTTPS" "outgoing via 192.168.50.30"
192.168.1.29 - jacome [24/Jul/2021:13:07:34 -0500] "CONNECT push.services.mozilla.com:443 HTTP/1.1" 200 0 "HTTPS" "outgoing via 192.168.50.30"
192.168.10.20 - arodriguez [24/Jul/2021:13:07:43 -0500] "CONNECT relay-dbede8d2.net.anydesk.com:80 HTTP/1.1" 200 0 "HTTPS" "outgoing via 192.168.50.30"
192.168.10.20 - arodriguez [24/Jul/2021:13:08:13 -0500] "CONNECT relay-dbede8d2.net.anydesk.com:80 HTTP/1.1" 200 0 "HTTPS" "outgoing via 192.168.50.30"
192.168.10.20 - arodriguez [24/Jul/2021:13:08:26 -0500] "CONNECT relay-497b2e35.net.anydesk.com:80 HTTP/1.1" 200 0 "HTTPS" "outgoing via 192.168.50.30"
192.168.5.58 - dunia.glez [24/Jul/2021:13:08:33 -0500] "CONNECT scontent-mia3-2.xx.fbcdn.net:443 HTTP/1.1" 200 0 "HTTPS" "outgoing via 192.168.50.30"
192.168.5.58 - dunia.glez [24/Jul/2021:13:08:33 -0500] "CONNECT scontent-mia3-1.xx.fbcdn.net:443 HTTP/1.1" 200 0 "HTTPS" "outgoing via 192.168.50.30"
192.168.10.20 - arodriguez [24/Jul/2021:13:08:55 -0500] "CONNECT relay-497b2e35.net.anydesk.com:80 HTTP/1.1" 200 0 "HTTPS" "outgoing via 192.168.50.30"
192.168.10.20 - arodriguez [24/Jul/2021:13:09:24 -0500] "CONNECT relay-497b2e35.net.anydesk.com:80 HTTP/1.1" 200 0 "HTTPS" "outgoing via 192.168.50.30"
192.168.10.20 - arodriguez [24/Jul/2021:13:09:38 -0500] "CONNECT relay-82fc4166.net.anydesk.com:80 HTTP/1.1" 200 0 "HTTPS" "outgoing via 192.168.50.30"
192.168.10.20 - arodriguez [24/Jul/2021:13:10:07 -0500] "CONNECT relay-82fc4166.net.anydesk.com:80 HTTP/1.1" 200 0 "HTTPS" "outgoing via 192.168.50.30"
192.168.10.20 - arodriguez [24/Jul/2021:13:10:08 -0500] "CONNECT relay-82fc4166.net.anydesk.com:443 HTTP/1.1" 200 0 "HTTPS" "outgoing via 192.168.50.30"
192.168.10.20 - arodriguez [24/Jul/2021:13:10:37 -0500] "CONNECT relay-82fc4166.net.anydesk.com:80 HTTP/1.1" 200 0 "HTTPS" "outgoing via 192.168.50.30"
192.168.1.29 - jacome [24/Jul/2021:13:10:45 -0500] "CONNECT incoming.telemetry.mozilla.org:443 HTTP/1.1" 200 0 "HTTPS" "outgoing via 192.168.50.30"
192.168.10.20 - arodriguez [24/Jul/2021:13:11:06 -0500] "CONNECT relay-82fc4166.net.anydesk.com:80 HTTP/1.1" 200 0 "HTTPS" "outgoing via 192.168.50.30"
192.168.10.20 - arodriguez [24/Jul/2021:13:11:34 -0500] "CONNECT relay-82fc4166.net.anydesk.com:80 HTTP/1.1" 200 0 "HTTPS" "outgoing via 192.168.50.30"
192.168.10.20 - arodriguez [24/Jul/2021:13:11:36 -0500] "CONNECT relay-82fc4166.net.anydesk.com:443 HTTP/1.1" 200 0 "HTTPS" "outgoing via 192.168.50.30"
192.168.10.20 - arodriguez [24/Jul/2021:13:11:38 -0500] "CONNECT relay-82fc4166.net.anydesk.com:6568 HTTP/1.1" 200 0 "HTTPS" "outgoing via 192.168.50.30"
192.168.10.20 - arodriguez [24/Jul/2021:13:11:40 -0500] "CONNECT 92.223.66.47:80 HTTP/1.1" 200 0 "HTTPS" "outgoing via 192.168.50.30"
192.168.5.58 - dunia.glez [24/Jul/2021:13:11:41 -0500] "CONNECT scontent-mia3-1.xx.fbcdn.net:443 HTTP/1.1" 200 0 "HTTPS" "outgoing via 192.168.50.30"
192.168.10.20 - arodriguez [24/Jul/2021:13:11:42 -0500] "CONNECT 92.223.66.47:443 HTTP/1.1" 200 0 "HTTPS" "outgoing via 192.168.50.30"
192.168.10.20 - arodriguez [24/Jul/2021:13:11:44 -0500] "CONNECT 92.223.66.47:6568 HTTP/1.1" 200 0 "HTTPS" "outgoing via 192.168.50.30"
192.168.10.20 - arodriguez [24/Jul/2021:13:11:53 -0500] "CONNECT boot-01.net.anydesk.com:443 HTTP/1.1" 200 0 "HTTPS" "outgoing via 192.168.50.30"
192.168.10.20 - arodriguez [24/Jul/2021:13:11:55 -0500] "CONNECT boot-01.net.anydesk.com:80 HTTP/1.1" 200 0 "HTTPS" "outgoing via 192.168.50.30"
192.168.10.20 - arodriguez [24/Jul/2021:13:11:57 -0500] "CONNECT boot-01.net.anydesk.com:6568 HTTP/1.1" 200 0 "HTTPS" "outgoing via 192.168.50.30"
192.168.5.39 - erich [24/Jul/2021:13:12:00 -0500] "CONNECT graph.facebook.com:443 HTTP/1.1" 200 0 "HTTPS" "outgoing via 192.168.50.30"
192.168.10.20 - arodriguez [24/Jul/2021:13:12:04 -0500] "CONNECT boot-02.net.anydesk.com:443 HTTP/1.1" 200 0 "HTTPS" "outgoing via 192.168.50.30"
192.168.10.20 - arodriguez [24/Jul/2021:13:12:17 -0500] "CONNECT relay-5bec465c.net.anydesk.com:80 HTTP/1.1" 200 0 "HTTPS" "outgoing via 192.168.50.30"
192.168.10.20 - arodriguez [24/Jul/2021:13:12:46 -0500] "CONNECT relay-5bec465c.net.anydesk.com:80 HTTP/1.1" 200 0 "HTTPS" "outgoing via 192.168.50.30"
192.168.10.20 - arodriguez [24/Jul/2021:13:13:15 -0500] "CONNECT relay-5bec465c.net.anydesk.com:80 HTTP/1.1" 200 0 "HTTPS" "outgoing via 192.168.50.30"
192.168.10.20 - arodriguez [24/Jul/2021:13:13:44 -0500] "CONNECT relay-5bec465c.net.anydesk.com:80 HTTP/1.1" 200 0 "HTTPS" "outgoing via 192.168.50.30"
192.168.50.220 - servidores [24/Jul/2021:13:13:53 -0500] "CONNECT mirrors.fedoraproject.org:443 HTTP/1.1" 200 0 "HTTPS" "outgoing via 192.168.50.30"
