192.168.5.57 - laura.rivas [01/Oct/2021:07:58:44 -0500] "POST http://ocsp.pki.goog/gts1c3 HTTP/1.1" 200 849 "HTTP" ""
192.168.5.57 - laura.rivas [01/Oct/2021:07:58:44 -0500] "CONNECT lh5.googleusercontent.com:443 HTTP/1.1" 200 0 "HTTPS" "outgoing via 192.168.50.30"
192.168.5.57 - laura.rivas [01/Oct/2021:07:58:44 -0500] "POST http://ocsp.pki.goog/gts1c3 HTTP/1.1" 200 849 "HTTP" ""
192.168.5.57 - laura.rivas [01/Oct/2021:07:58:46 -0500] "CONNECT www.googleadservices.com:443 HTTP/1.1" 200 0 "HTTPS" "outgoing via 192.168.50.30"
192.168.5.57 - laura.rivas [01/Oct/2021:07:58:46 -0500] "POST http://ocsp.pki.goog/gts1c3 HTTP/1.1" 200 849 "HTTP" ""
192.168.5.57 - laura.rivas [01/Oct/2021:07:58:47 -0500] "CONNECT adservice.google.com:443 HTTP/1.1" 200 0 "HTTPS" "outgoing via 192.168.50.30"
192.168.5.57 - laura.rivas [01/Oct/2021:07:58:47 -0500] "POST http://ocsp.pki.goog/gts1c3 HTTP/1.1" 200 849 "HTTP" ""
192.168.5.57 - laura.rivas [01/Oct/2021:07:58:47 -0500] "CONNECT ogs.google.com:443 HTTP/1.1" 200 0 "HTTPS" "outgoing via 192.168.50.30"
192.168.5.57 - laura.rivas [01/Oct/2021:07:58:48 -0500] "CONNECT adservice.google.com.cu:443 HTTP/1.1" 200 0 "HTTPS" "outgoing via 192.168.50.30"
192.168.5.57 - laura.rivas [01/Oct/2021:07:58:48 -0500] "CONNECT ssl.gstatic.com:443 HTTP/1.1" 200 0 "HTTPS" "outgoing via 192.168.50.30"
192.168.5.57 - laura.rivas [01/Oct/2021:07:58:53 -0500] "CONNECT adservice.google.com.cu:443 HTTP/1.1" 200 0 "HTTPS" "outgoing via 192.168.50.30"
192.168.5.57 - laura.rivas [01/Oct/2021:07:58:53 -0500] "POST http://ocsp.pki.goog/gts1c3 HTTP/1.1" 200 849 "HTTP" ""
192.168.5.57 - laura.rivas [01/Oct/2021:07:58:54 -0500] "CONNECT googleads.g.doubleclick.net:443 HTTP/1.1" 200 0 "HTTPS" "outgoing via 192.168.50.30"
192.168.5.57 - laura.rivas [01/Oct/2021:07:58:54 -0500] "POST http://ocsp.pki.goog/gts1c3 HTTP/1.1" 200 849 "HTTP" ""
192.168.10.20 - arodriguez [01/Oct/2021:07:58:56 -0500] "CONNECT relay-68658715.net.anydesk.com:80 HTTP/1.1" 200 0 "HTTPS" "outgoing via 192.168.50.30"
192.168.5.57 - laura.rivas [01/Oct/2021:07:58:56 -0500] "CONNECT play.google.com:443 HTTP/1.1" 200 0 "HTTPS" "outgoing via 192.168.50.30"
192.168.5.57 - laura.rivas [01/Oct/2021:07:58:58 -0500] "CONNECT googleads.g.doubleclick.net:443 HTTP/1.1" 200 0 "HTTPS" "outgoing via 192.168.50.30"
192.168.10.20 - arodriguez [01/Oct/2021:07:59:25 -0500] "CONNECT relay-68658715.net.anydesk.com:80 HTTP/1.1" 200 0 "HTTPS" "outgoing via 192.168.50.30"
192.168.10.20 - arodriguez [01/Oct/2021:07:59:54 -0500] "CONNECT relay-68658715.net.anydesk.com:80 HTTP/1.1" 200 0 "HTTPS" "outgoing via 192.168.50.30"
192.168.10.20 - arodriguez [01/Oct/2021:08:00:07 -0500] "CONNECT relay-ce1fc904.net.anydesk.com:80 HTTP/1.1" 200 0 "HTTPS" "outgoing via 192.168.50.30"
192.168.10.20 - arodriguez [01/Oct/2021:08:00:36 -0500] "CONNECT relay-ce1fc904.net.anydesk.com:80 HTTP/1.1" 200 0 "HTTPS" "outgoing via 192.168.50.30"
192.168.10.20 - arodriguez [01/Oct/2021:08:01:05 -0500] "CONNECT relay-ce1fc904.net.anydesk.com:80 HTTP/1.1" 200 0 "HTTPS" "outgoing via 192.168.50.30"
192.168.5.57 - laura.rivas [01/Oct/2021:08:01:15 -0500] "CONNECT normandy.cdn.mozilla.net:443 HTTP/1.1" 200 0 "HTTPS" "outgoing via 192.168.50.30"
192.168.5.57 - laura.rivas [01/Oct/2021:08:01:16 -0500] "CONNECT classify-client.services.mozilla.com:443 HTTP/1.1" 200 0 "HTTPS" "outgoing via 192.168.50.30"
192.168.10.20 - arodriguez [01/Oct/2021:08:01:18 -0500] "CONNECT relay-096fe6d0.net.anydesk.com:80 HTTP/1.1" 200 0 "HTTPS" "outgoing via 192.168.50.30"
192.168.10.20 - arodriguez [01/Oct/2021:08:01:47 -0500] "CONNECT relay-096fe6d0.net.anydesk.com:80 HTTP/1.1" 200 0 "HTTPS" "outgoing via 192.168.50.30"
192.168.10.20 - arodriguez [01/Oct/2021:08:02:18 -0500] "CONNECT relay-096fe6d0.net.anydesk.com:443 HTTP/1.1" 200 0 "HTTPS" "outgoing via 192.168.50.30"
192.168.10.20 - arodriguez [01/Oct/2021:08:02:32 -0500] "CONNECT relay-4e4116c1.net.anydesk.com:80 HTTP/1.1" 200 0 "HTTPS" "outgoing via 192.168.50.30"
192.168.10.20 - arodriguez [01/Oct/2021:08:03:01 -0500] "CONNECT relay-4e4116c1.net.anydesk.com:80 HTTP/1.1" 200 0 "HTTPS" "outgoing via 192.168.50.30"
192.168.10.20 - arodriguez [01/Oct/2021:08:03:30 -0500] "CONNECT relay-4e4116c1.net.anydesk.com:80 HTTP/1.1" 200 0 "HTTPS" "outgoing via 192.168.50.30"
192.168.10.20 - arodriguez [01/Oct/2021:08:03:43 -0500] "CONNECT relay-5d364c18.net.anydesk.com:80 HTTP/1.1" 200 0 "HTTPS" "outgoing via 192.168.50.30"
192.168.10.20 - arodriguez [01/Oct/2021:08:04:12 -0500] "CONNECT relay-5d364c18.net.anydesk.com:80 HTTP/1.1" 200 0 "HTTPS" "outgoing via 192.168.50.30"
192.168.5.97 - erich [01/Oct/2021:08:04:27 -0500] "CONNECT firefox.settings.services.mozilla.com:443 HTTP/1.1" 200 0 "HTTPS" "outgoing via 192.168.50.30"
192.168.5.97 - erich [01/Oct/2021:08:04:27 -0500] "CONNECT firefox.settings.services.mozilla.com:443 HTTP/1.1" 200 0 "HTTPS" "outgoing via 192.168.50.30"
192.168.5.97 - erich [01/Oct/2021:08:04:27 -0500] "CONNECT push.services.mozilla.com:443 HTTP/1.1" 200 0 "HTTPS" "outgoing via 192.168.50.30"
192.168.5.97 - erich [01/Oct/2021:08:04:28 -0500] "CONNECT safebrowsing.googleapis.com:443 HTTP/1.1" 200 0 "HTTPS" "outgoing via 192.168.50.30"
192.168.5.97 - erich [01/Oct/2021:08:04:28 -0500] "CONNECT snippets.cdn.mozilla.net:443 HTTP/1.1" 200 0 "HTTPS" "outgoing via 192.168.50.30"
192.168.5.97 - erich [01/Oct/2021:08:04:28 -0500] "CONNECT www.google.com:443 HTTP/1.1" 200 0 "HTTPS" "outgoing via 192.168.50.30"
192.168.5.97 - erich [01/Oct/2021:08:04:29 -0500] "CONNECT snippets.cdn.mozilla.net:443 HTTP/1.1" 200 0 "HTTPS" "outgoing via 192.168.50.30"
192.168.5.97 - erich [01/Oct/2021:08:04:30 -0500] "CONNECT content-signature-2.cdn.mozilla.net:443 HTTP/1.1" 200 0 "HTTPS" "outgoing via 192.168.50.30"
192.168.5.97 - erich [01/Oct/2021:08:04:32 -0500] "CONNECT shavar.services.mozilla.com:443 HTTP/1.1" 200 0 "HTTPS" "outgoing via 192.168.50.30"
192.168.5.97 - erich [01/Oct/2021:08:04:32 -0500] "POST http://ocsp.pki.goog/gts1c3 HTTP/1.1" 200 850 "HTTP" ""
192.168.10.20 - arodriguez [01/Oct/2021:08:04:41 -0500] "CONNECT relay-5d364c18.net.anydesk.com:80 HTTP/1.1" 200 0 "HTTPS" "outgoing via 192.168.50.30"
192.168.5.53 - jpuales [01/Oct/2021:08:04:56 -0500] "POST http://149.154.175.50:80/api HTTP/1.1" 200 496 "HTTP" ""
192.168.5.53 - jpuales [01/Oct/2021:08:04:56 -0500] "POST http://149.154.175.50:80/api HTTP/1.1" 200 460 "HTTP" ""
192.168.5.53 - jpuales [01/Oct/2021:08:04:56 -0500] "POST http://149.154.175.50:80/api HTTP/1.1" 200 412 "HTTP" ""
192.168.5.53 - jpuales [01/Oct/2021:08:04:56 -0500] "POST http://149.154.175.50:80/api HTTP/1.1" 200 412 "HTTP" ""
192.168.5.53 - jpuales [01/Oct/2021:08:04:56 -0500] "POST http://149.154.167.51:80/api HTTP/1.1" 200 403 "HTTP" ""
192.168.5.53 - jpuales [01/Oct/2021:08:04:56 -0500] "POST http://149.154.167.151:80/api HTTP/1.1" 200 484 "HTTP" ""
192.168.5.53 - jpuales [01/Oct/2021:08:04:56 -0500] "POST http://149.154.167.51:80/api HTTP/1.1" 200 412 "HTTP" ""
192.168.5.53 - jpuales [01/Oct/2021:08:04:56 -0500] "POST http://149.154.175.50:80/api HTTP/1.1" 200 412 "HTTP" ""
192.168.5.53 - jpuales [01/Oct/2021:08:04:56 -0500] "POST http://149.154.175.50:80/api HTTP/1.1" 200 412 "HTTP" ""
192.168.5.53 - jpuales [01/Oct/2021:08:04:56 -0500] "POST http://149.154.175.50:80/api HTTP/1.1" 200 2381 "HTTP" ""
192.168.5.53 - jpuales [01/Oct/2021:08:04:57 -0500] "POST http://149.154.167.51:80/api HTTP/1.1" 200 412 "HTTP" ""
192.168.5.53 - jpuales [01/Oct/2021:08:04:57 -0500] "POST http://149.154.167.151:80/api HTTP/1.1" 200 412 "HTTP" ""
192.168.5.53 - jpuales [01/Oct/2021:08:04:59 -0500] "POST http://149.154.175.50:80/api HTTP/1.1" 200 3101 "HTTP" ""
192.168.5.53 - jpuales [01/Oct/2021:08:04:59 -0500] "POST http://149.154.167.151:80/api HTTP/1.1" 200 796 "HTTP" ""
192.168.5.53 - jpuales [01/Oct/2021:08:04:59 -0500] "POST http://149.154.167.151:80/api HTTP/1.1" 200 412 "HTTP" ""
192.168.5.53 - jpuales [01/Oct/2021:08:04:59 -0500] "POST http://149.154.175.50:80/api HTTP/1.1" 200 44846 "HTTP" ""
192.168.5.53 - jpuales [01/Oct/2021:08:04:59 -0500] "POST http://149.154.167.51:80/api HTTP/1.1" 200 412 "HTTP" ""
192.168.5.53 - jpuales [01/Oct/2021:08:05:00 -0500] "POST http://149.154.167.151:80/api HTTP/1.1" 200 652 "HTTP" ""
192.168.5.53 - jpuales [01/Oct/2021:08:05:00 -0500] "POST http://149.154.167.151:80/api HTTP/1.1" 200 652 "HTTP" ""
192.168.5.53 - jpuales [01/Oct/2021:08:05:03 -0500] "POST http://149.154.175.50:80/api HTTP/1.1" 200 17982 "HTTP" ""
192.168.5.53 - jpuales [01/Oct/2021:08:05:04 -0500] "CONNECT td.telegram.org:443 HTTP/1.1" 200 0 "HTTPS" "outgoing via 192.168.50.30"
192.168.5.53 - jpuales [01/Oct/2021:08:05:06 -0500] "POST http://149.154.175.50:80/api HTTP/1.1" 200 1613 "HTTP" ""
192.168.5.53 - jpuales [01/Oct/2021:08:05:08 -0500] "POST http://149.154.167.151:80/api HTTP/1.1" 200 652 "HTTP" ""
192.168.5.53 - jpuales [01/Oct/2021:08:05:08 -0500] "POST http://149.154.167.151:80/api HTTP/1.1" 200 652 "HTTP" ""
192.168.5.53 - jpuales [01/Oct/2021:08:05:08 -0500] "POST http://149.154.167.151:80/api HTTP/1.1" 200 652 "HTTP" ""
192.168.5.53 - jpuales [01/Oct/2021:08:05:08 -0500] "POST http://149.154.167.151:80/api HTTP/1.1" 200 787087 "HTTP" ""
192.168.5.53 - jpuales [01/Oct/2021:08:05:08 -0500] "POST http://149.154.175.50:80/api HTTP/1.1" 200 892 "HTTP" ""
192.168.5.53 - jpuales [01/Oct/2021:08:05:10 -0500] "CONNECT td.telegram.org:443 HTTP/1.1" 200 0 "HTTPS" "outgoing via 192.168.50.30"
192.168.10.20 - arodriguez [01/Oct/2021:08:05:10 -0500] "CONNECT relay-5d364c18.net.anydesk.com:80 HTTP/1.1" 200 0 "HTTPS" "outgoing via 192.168.50.30"
192.168.5.53 - jpuales [01/Oct/2021:08:05:23 -0500] "POST http://149.154.175.50:80/api HTTP/1.1" 200 496 "HTTP" ""
192.168.10.20 - arodriguez [01/Oct/2021:08:05:24 -0500] "CONNECT relay-0836dbef.net.anydesk.com:80 HTTP/1.1" 200 0 "HTTPS" "outgoing via 192.168.50.30"
192.168.5.53 - jpuales [01/Oct/2021:08:05:24 -0500] "POST http://149.154.175.50:80/api HTTP/1.1" 200 420 "HTTP" ""
192.168.5.97 - erich [01/Oct/2021:08:05:25 -0500] "GET http://detectportal.firefox.com/success.txt HTTP/1.1" 200 361 "HTTP" ""
192.168.5.97 - erich [01/Oct/2021:08:05:25 -0500] "GET http://detectportal.firefox.com/success.txt?ipv4 HTTP/1.1" 200 361 "HTTP" ""
192.168.5.53 - jpuales [01/Oct/2021:08:05:31 -0500] "POST http://149.154.167.151:80/api HTTP/1.1" 200 472 "HTTP" ""
192.168.5.53 - jpuales [01/Oct/2021:08:05:31 -0500] "POST http://149.154.167.51:80/api HTTP/1.1" 200 488 "HTTP" ""
192.168.5.53 - jpuales [01/Oct/2021:08:05:42 -0500] "POST http://149.154.175.50:80/api HTTP/1.1" 200 460 "HTTP" ""
192.168.5.53 - jpuales [01/Oct/2021:08:05:42 -0500] "POST http://149.154.175.50:80/api HTTP/1.1" 200 468 "HTTP" ""
192.168.5.53 - jpuales [01/Oct/2021:08:05:48 -0500] "POST http://149.154.167.51:80/api HTTP/1.1" 200 512 "HTTP" ""
192.168.5.53 - jpuales [01/Oct/2021:08:05:48 -0500] "POST http://149.154.167.151:80/api HTTP/1.1" 200 444 "HTTP" ""
192.168.5.53 - jpuales [01/Oct/2021:08:05:49 -0500] "POST http://149.154.175.50:80/api HTTP/1.1" 200 812 "HTTP" ""
192.168.10.20 - arodriguez [01/Oct/2021:08:05:53 -0500] "CONNECT relay-0836dbef.net.anydesk.com:80 HTTP/1.1" 200 0 "HTTPS" "outgoing via 192.168.50.30"
192.168.5.53 - jpuales [01/Oct/2021:08:05:58 -0500] "POST http://149.154.167.151:80/api HTTP/1.1" 200 812 "HTTP" ""
192.168.5.53 - jpuales [01/Oct/2021:08:06:04 -0500] "POST http://149.154.167.151:80/api HTTP/1.1" 200 524895 "HTTP" ""
192.168.5.53 - jpuales [01/Oct/2021:08:06:09 -0500] "POST http://149.154.167.151:80/api HTTP/1.1" 200 748 "HTTP" ""
192.168.5.53 - jpuales [01/Oct/2021:08:06:09 -0500] "POST http://149.154.167.151:80/api HTTP/1.1" 200 748 "HTTP" ""
192.168.5.53 - jpuales [01/Oct/2021:08:06:09 -0500] "POST http://149.154.167.151:80/api HTTP/1.1" 200 748 "HTTP" ""
192.168.5.53 - jpuales [01/Oct/2021:08:06:09 -0500] "POST http://149.154.167.151:80/api HTTP/1.1" 200 525039 "HTTP" ""
192.168.5.53 - jpuales [01/Oct/2021:08:06:09 -0500] "POST http://149.154.175.50:80/api HTTP/1.1" 200 395 "HTTP" ""
192.168.5.53 - jpuales [01/Oct/2021:08:06:16 -0500] "POST http://149.154.167.151:80/api HTTP/1.1" 200 700 "HTTP" ""
192.168.5.53 - jpuales [01/Oct/2021:08:06:17 -0500] "POST http://149.154.167.51:80/api HTTP/1.1" 200 395 "HTTP" ""
192.168.5.53 - jpuales [01/Oct/2021:08:06:20 -0500] "POST http://149.154.167.151:80/api HTTP/1.1" 200 700 "HTTP" ""
192.168.5.53 - jpuales [01/Oct/2021:08:06:20 -0500] "POST http://149.154.167.151:80/api HTTP/1.1" 200 131823 "HTTP" ""
192.168.5.53 - jpuales [01/Oct/2021:08:06:21 -0500] "POST http://149.154.167.151:80/api HTTP/1.1" 200 918239 "HTTP" ""
192.168.5.53 - jpuales [01/Oct/2021:08:06:21 -0500] "POST http://149.154.175.50:80/api HTTP/1.1" 200 395 "HTTP" ""
192.168.10.20 - arodriguez [01/Oct/2021:08:06:21 -0500] "CONNECT relay-0836dbef.net.anydesk.com:80 HTTP/1.1" 200 0 "HTTPS" "outgoing via 192.168.50.30"
192.168.5.53 - jpuales [01/Oct/2021:08:06:27 -0500] "POST http://149.154.167.151:80/api HTTP/1.1" 200 572 "HTTP" ""
192.168.5.53 - jpuales [01/Oct/2021:08:06:28 -0500] "POST http://149.154.167.151:80/api HTTP/1.1" 200 700 "HTTP" ""
192.168.5.53 - jpuales [01/Oct/2021:08:06:28 -0500] "POST http://149.154.167.151:80/api HTTP/1.1" 200 748 "HTTP" ""
192.168.5.53 - jpuales [01/Oct/2021:08:06:29 -0500] "POST http://149.154.167.151:80/api HTTP/1.1" 200 393823 "HTTP" ""
192.168.5.53 - jpuales [01/Oct/2021:08:06:29 -0500] "POST http://149.154.175.50:80/api HTTP/1.1" 200 496 "HTTP" ""
192.168.5.53 - jpuales [01/Oct/2021:08:06:29 -0500] "POST http://149.154.167.151:80/api HTTP/1.1" 200 524863 "HTTP" ""
192.168.5.53 - jpuales [01/Oct/2021:08:06:29 -0500] "POST http://149.154.167.151:80/api HTTP/1.1" 200 700 "HTTP" ""
192.168.5.53 - jpuales [01/Oct/2021:08:06:36 -0500] "POST http://149.154.167.151:80/api HTTP/1.1" 200 700 "HTTP" ""
192.168.5.53 - jpuales [01/Oct/2021:08:06:37 -0500] "POST http://149.154.167.151:80/api HTTP/1.1" 200 393919 "HTTP" ""
192.168.5.53 - jpuales [01/Oct/2021:08:06:38 -0500] "POST http://149.154.167.151:80/api HTTP/1.1" 200 572 "HTTP" ""
192.168.5.53 - jpuales [01/Oct/2021:08:06:40 -0500] "POST http://149.154.167.151:80/api HTTP/1.1" 200 524895 "HTTP" ""
192.168.5.53 - jpuales [01/Oct/2021:08:06:42 -0500] "POST http://149.154.167.151:80/api HTTP/1.1" 200 131647 "HTTP" ""
192.168.5.53 - jpuales [01/Oct/2021:08:06:42 -0500] "POST http://149.154.175.50:80/api HTTP/1.1" 200 395 "HTTP" ""
192.168.5.53 - jpuales [01/Oct/2021:08:06:44 -0500] "POST http://149.154.175.50:80/api HTTP/1.1" 200 408 "HTTP" ""
192.168.5.53 - jpuales [01/Oct/2021:08:06:46 -0500] "POST http://149.154.167.151:80/api HTTP/1.1" 200 524863 "HTTP" ""
192.168.5.53 - jpuales [01/Oct/2021:08:06:48 -0500] "POST http://149.154.167.151:80/api HTTP/1.1" 200 131679 "HTTP" ""
192.168.10.20 - arodriguez [01/Oct/2021:08:06:50 -0500] "CONNECT relay-0836dbef.net.anydesk.com:80 HTTP/1.1" 200 0 "HTTPS" "outgoing via 192.168.50.30"
192.168.5.53 - jpuales [01/Oct/2021:08:06:52 -0500] "POST http://149.154.167.51:80/api HTTP/1.1" 200 395 "HTTP" ""
192.168.5.53 - jpuales [01/Oct/2021:08:06:53 -0500] "POST http://149.154.167.151:80/api HTTP/1.1" 200 393839 "HTTP" ""
192.168.5.53 - jpuales [01/Oct/2021:08:06:53 -0500] "POST http://149.154.175.50:80/api HTTP/1.1" 200 812 "HTTP" ""
192.168.5.53 - jpuales [01/Oct/2021:08:06:54 -0500] "POST http://149.154.167.151:80/api HTTP/1.1" 200 393919 "HTTP" ""
192.168.5.53 - jpuales [01/Oct/2021:08:06:54 -0500] "POST http://149.154.167.151:80/api HTTP/1.1" 200 572 "HTTP" ""
192.168.5.53 - jpuales [01/Oct/2021:08:06:54 -0500] "POST http://149.154.167.151:80/api HTTP/1.1" 200 572 "HTTP" ""
192.168.5.53 - jpuales [01/Oct/2021:08:06:55 -0500] "POST http://149.154.167.151:80/api HTTP/1.1" 200 131647 "HTTP" ""
192.168.5.57 - laura.rivas [01/Oct/2021:08:07:00 -0500] "CONNECT tiles.services.mozilla.com:443 HTTP/1.1" 200 0 "HTTPS" "outgoing via 192.168.50.30"
192.168.5.57 - laura.rivas [01/Oct/2021:08:07:00 -0500] "CONNECT tiles.services.mozilla.com:443 HTTP/1.1" 200 0 "HTTPS" "outgoing via 192.168.50.30"
192.168.5.57 - laura.rivas [01/Oct/2021:08:07:00 -0500] "GET http://detectportal.firefox.com/success.txt HTTP/1.1" 200 362 "HTTP" ""
192.168.10.20 - arodriguez [01/Oct/2021:08:07:04 -0500] "CONNECT relay-d3705b18.net.anydesk.com:80 HTTP/1.1" 200 0 "HTTPS" "outgoing via 192.168.50.30"
192.168.5.53 - jpuales [01/Oct/2021:08:07:04 -0500] "POST http://149.154.167.151:80/api HTTP/1.1" 200 700 "HTTP" ""
192.168.5.53 - jpuales [01/Oct/2021:08:07:05 -0500] "POST http://149.154.167.151:80/api HTTP/1.1" 200 604 "HTTP" ""
192.168.5.53 - jpuales [01/Oct/2021:08:07:07 -0500] "POST http://149.154.167.151:80/api HTTP/1.1" 200 393791 "HTTP" ""
192.168.5.53 - jpuales [01/Oct/2021:08:07:13 -0500] "POST http://149.154.167.151:80/api HTTP/1.1" 200 918207 "HTTP" ""
192.168.5.53 - jpuales [01/Oct/2021:08:07:15 -0500] "POST http://149.154.175.50:80/api HTTP/1.1" 200 395 "HTTP" ""
192.168.5.53 - jpuales [01/Oct/2021:08:07:18 -0500] "POST http://149.154.167.151:80/api HTTP/1.1" 200 393823 "HTTP" ""
192.168.5.53 - jpuales [01/Oct/2021:08:07:23 -0500] "POST http://149.154.167.151:80/api HTTP/1.1" 200 604 "HTTP" ""
192.168.5.53 - jpuales [01/Oct/2021:08:07:24 -0500] "POST http://149.154.167.51:80/api HTTP/1.1" 200 395 "HTTP" ""
192.168.5.53 - jpuales [01/Oct/2021:08:07:24 -0500] "POST http://149.154.175.50:80/api HTTP/1.1" 200 395 "HTTP" ""
192.168.5.53 - jpuales [01/Oct/2021:08:07:24 -0500] "POST http://149.154.167.151:80/api HTTP/1.1" 200 470063 "HTTP" ""
192.168.5.53 - jpuales [01/Oct/2021:08:07:24 -0500] "POST http://149.154.175.50:80/api HTTP/1.1" 200 395 "HTTP" ""
192.168.5.53 - jpuales [01/Oct/2021:08:07:25 -0500] "POST http://149.154.167.151:80/api HTTP/1.1" 200 76638 "HTTP" ""
192.168.10.20 - arodriguez [01/Oct/2021:08:07:33 -0500] "CONNECT relay-d3705b18.net.anydesk.com:80 HTTP/1.1" 200 0 "HTTPS" "outgoing via 192.168.50.30"
192.168.5.53 - jpuales [01/Oct/2021:08:07:40 -0500] "POST http://149.154.175.50:80/api HTTP/1.1" 200 395 "HTTP" ""
192.168.5.53 - jpuales [01/Oct/2021:08:07:49 -0500] "POST http://149.154.167.51:80/api HTTP/1.1" 200 395 "HTTP" ""
192.168.5.53 - jpuales [01/Oct/2021:08:07:49 -0500] "POST http://149.154.175.50:80/api HTTP/1.1" 200 395 "HTTP" ""
192.168.10.20 - arodriguez [01/Oct/2021:08:08:01 -0500] "CONNECT relay-d3705b18.net.anydesk.com:80 HTTP/1.1" 200 0 "HTTPS" "outgoing via 192.168.50.30"
192.168.5.53 - jpuales [01/Oct/2021:08:08:05 -0500] "POST http://149.154.175.50:80/api HTTP/1.1" 200 395 "HTTP" ""
192.168.5.53 - jpuales [01/Oct/2021:08:08:07 -0500] "POST http://149.154.175.50:80/api HTTP/1.1" 200 395 "HTTP" ""
192.168.5.53 - jpuales [01/Oct/2021:08:08:09 -0500] "POST http://149.154.175.50:80/api HTTP/1.1" 200 876 "HTTP" ""
192.168.5.53 - jpuales [01/Oct/2021:08:08:13 -0500] "POST http://149.154.167.51:80/api HTTP/1.1" 200 395 "HTTP" ""
192.168.5.53 - jpuales [01/Oct/2021:08:08:14 -0500] "POST http://149.154.175.50:80/api HTTP/1.1" 200 395 "HTTP" ""
192.168.5.53 - jpuales [01/Oct/2021:08:08:14 -0500] "POST http://149.154.167.51:80/api HTTP/1.1" 200 395 "HTTP" ""
192.168.5.53 - jpuales [01/Oct/2021:08:08:30 -0500] "POST http://149.154.175.50:80/api HTTP/1.1" 200 395 "HTTP" ""
192.168.10.20 - arodriguez [01/Oct/2021:08:08:30 -0500] "CONNECT relay-d3705b18.net.anydesk.com:80 HTTP/1.1" 200 0 "HTTPS" "outgoing via 192.168.50.30"
192.168.5.53 - jpuales [01/Oct/2021:08:08:40 -0500] "POST http://149.154.175.50:80/api HTTP/1.1" 200 395 "HTTP" ""
192.168.5.53 - jpuales [01/Oct/2021:08:08:40 -0500] "POST http://149.154.175.50:80/api HTTP/1.1" 200 395 "HTTP" ""
192.168.5.53 - jpuales [01/Oct/2021:08:08:40 -0500] "POST http://149.154.167.51:80/api HTTP/1.1" 200 395 "HTTP" ""
192.168.5.57 - laura.rivas [01/Oct/2021:08:08:54 -0500] "CONNECT safebrowsing.googleapis.com:443 HTTP/1.1" 200 0 "HTTPS" "outgoing via 192.168.50.30"
192.168.5.53 - jpuales [01/Oct/2021:08:08:55 -0500] "POST http://149.154.175.50:80/api HTTP/1.1" 200 395 "HTTP" ""
192.168.10.20 - arodriguez [01/Oct/2021:08:08:59 -0500] "CONNECT relay-d3705b18.net.anydesk.com:80 HTTP/1.1" 200 0 "HTTPS" "outgoing via 192.168.50.30"
192.168.5.53 - jpuales [01/Oct/2021:08:09:05 -0500] "POST http://149.154.175.50:80/api HTTP/1.1" 200 395 "HTTP" ""
192.168.5.53 - jpuales [01/Oct/2021:08:09:05 -0500] "POST http://149.154.167.51:80/api HTTP/1.1" 200 395 "HTTP" ""
192.168.5.53 - jpuales [01/Oct/2021:08:09:20 -0500] "POST http://149.154.175.50:80/api HTTP/1.1" 200 395 "HTTP" ""
192.168.5.53 - jpuales [01/Oct/2021:08:09:25 -0500] "POST http://149.154.175.50:80/api HTTP/1.1" 200 395 "HTTP" ""
192.168.10.20 - arodriguez [01/Oct/2021:08:09:28 -0500] "CONNECT relay-d3705b18.net.anydesk.com:80 HTTP/1.1" 200 0 "HTTPS" "outgoing via 192.168.50.30"
192.168.5.53 - jpuales [01/Oct/2021:08:09:30 -0500] "POST http://149.154.175.50:80/api HTTP/1.1" 200 395 "HTTP" ""
192.168.5.53 - jpuales [01/Oct/2021:08:09:31 -0500] "POST http://149.154.167.51:80/api HTTP/1.1" 200 395 "HTTP" ""
192.168.10.20 - arodriguez [01/Oct/2021:08:09:42 -0500] "CONNECT relay-4e4116c1.net.anydesk.com:80 HTTP/1.1" 200 0 "HTTPS" "outgoing via 192.168.50.30"
192.168.5.53 - jpuales [01/Oct/2021:08:09:46 -0500] "POST http://149.154.175.50:80/api HTTP/1.1" 200 395 "HTTP" ""
192.168.5.53 - jpuales [01/Oct/2021:08:09:55 -0500] "POST http://149.154.175.50:80/api HTTP/1.1" 200 395 "HTTP" ""
192.168.5.53 - jpuales [01/Oct/2021:08:09:55 -0500] "POST http://149.154.175.50:80/api HTTP/1.1" 200 395 "HTTP" ""
192.168.5.53 - jpuales [01/Oct/2021:08:09:56 -0500] "POST http://149.154.167.51:80/api HTTP/1.1" 200 395 "HTTP" ""
192.168.10.20 - arodriguez [01/Oct/2021:08:10:11 -0500] "CONNECT relay-4e4116c1.net.anydesk.com:80 HTTP/1.1" 200 0 "HTTPS" "outgoing via 192.168.50.30"
192.168.5.53 - jpuales [01/Oct/2021:08:10:11 -0500] "POST http://149.154.175.50:80/api HTTP/1.1" 200 395 "HTTP" ""
192.168.50.100 - servidores [01/Oct/2021:08:10:14 -0500] "GET http://mirror.uepg.br/centos/7.9.2009/os/x86_64/repodata/repomd.xml HTTP/1.1" 200 4150 "HTTP" ""
192.168.5.53 - jpuales [01/Oct/2021:08:10:21 -0500] "POST http://149.154.175.50:80/api HTTP/1.1" 200 395 "HTTP" ""
192.168.5.53 - jpuales [01/Oct/2021:08:10:22 -0500] "POST http://149.154.167.51:80/api HTTP/1.1" 200 395 "HTTP" ""
192.168.6.24 - lisette [01/Oct/2021:08:10:26 -0500] "CONNECT content-signature-2.cdn.mozilla.net:443 HTTP/1.1" 200 0 "HTTPS" "outgoing via 192.168.50.30"
192.168.6.24 - lisette [01/Oct/2021:08:10:27 -0500] "CONNECT incoming.telemetry.mozilla.org:443 HTTP/1.1" 200 0 "HTTPS" "outgoing via 192.168.50.30"
192.168.6.24 - lisette [01/Oct/2021:08:10:27 -0500] "CONNECT firefox.settings.services.mozilla.com:443 HTTP/1.1" 200 0 "HTTPS" "outgoing via 192.168.50.30"
192.168.6.24 - lisette [01/Oct/2021:08:10:28 -0500] "CONNECT safebrowsing.googleapis.com:443 HTTP/1.1" 200 0 "HTTPS" "outgoing via 192.168.50.30"
192.168.6.24 - lisette [01/Oct/2021:08:10:28 -0500] "CONNECT incoming.telemetry.mozilla.org:443 HTTP/1.1" 200 0 "HTTPS" "outgoing via 192.168.50.30"
192.168.6.24 - lisette [01/Oct/2021:08:10:28 -0500] "CONNECT www.paisesbajosytu.nl:443 HTTP/1.1" 200 0 "HTTPS" "outgoing via 192.168.50.30"
192.168.6.24 - lisette [01/Oct/2021:08:10:30 -0500] "CONNECT www.paisesbajosytu.nl:443 HTTP/1.1" 200 0 "HTTPS" "outgoing via 192.168.50.30"
192.168.6.24 - lisette [01/Oct/2021:08:10:30 -0500] "CONNECT www.paisesbajosytu.nl:443 HTTP/1.1" 200 0 "HTTPS" "outgoing via 192.168.50.30"
192.168.6.24 - lisette [01/Oct/2021:08:10:30 -0500] "CONNECT www.paisesbajosytu.nl:443 HTTP/1.1" 200 0 "HTTPS" "outgoing via 192.168.50.30"
192.168.6.24 - lisette [01/Oct/2021:08:10:31 -0500] "CONNECT d3oiud1b8fohdw.cloudfront.net:443 HTTP/1.1" 200 0 "HTTPS" "outgoing via 192.168.50.30"
192.168.6.24 - lisette [01/Oct/2021:08:10:31 -0500] "CONNECT d3oiud1b8fohdw.cloudfront.net:443 HTTP/1.1" 200 0 "HTTPS" "outgoing via 192.168.50.30"
192.168.6.24 - lisette [01/Oct/2021:08:10:31 -0500] "CONNECT d3oiud1b8fohdw.cloudfront.net:443 HTTP/1.1" 200 0 "HTTPS" "outgoing via 192.168.50.30"
192.168.6.24 - lisette [01/Oct/2021:08:10:31 -0500] "CONNECT d3oiud1b8fohdw.cloudfront.net:443 HTTP/1.1" 200 0 "HTTPS" "outgoing via 192.168.50.30"
192.168.6.24 - lisette [01/Oct/2021:08:10:31 -0500] "CONNECT d3oiud1b8fohdw.cloudfront.net:443 HTTP/1.1" 200 0 "HTTPS" "outgoing via 192.168.50.30"
192.168.6.24 - lisette [01/Oct/2021:08:10:32 -0500] "CONNECT shavar.services.mozilla.com:443 HTTP/1.1" 200 0 "HTTPS" "outgoing via 192.168.50.30"
192.168.6.24 - lisette [01/Oct/2021:08:10:32 -0500] "CONNECT www.paisesbajosytu.nl:443 HTTP/1.1" 200 0 "HTTPS" "outgoing via 192.168.50.30"
192.168.6.24 - lisette [01/Oct/2021:08:10:32 -0500] "CONNECT statistiek.rijksoverheid.nl:443 HTTP/1.1" 200 0 "HTTPS" "outgoing via 192.168.50.30"
192.168.6.24 - lisette [01/Oct/2021:08:10:32 -0500] "CONNECT www.paisesbajosytu.nl:443 HTTP/1.1" 200 0 "HTTPS" "outgoing via 192.168.50.30"
192.168.6.24 - lisette [01/Oct/2021:08:10:32 -0500] "CONNECT www.paisesbajosytu.nl:443 HTTP/1.1" 200 0 "HTTPS" "outgoing via 192.168.50.30"
192.168.6.24 - lisette [01/Oct/2021:08:10:32 -0500] "CONNECT d3oiud1b8fohdw.cloudfront.net:443 HTTP/1.1" 200 0 "HTTPS" "outgoing via 192.168.50.30"
192.168.6.24 - lisette [01/Oct/2021:08:10:32 -0500] "CONNECT www.paisesbajosytu.nl:443 HTTP/1.1" 200 0 "HTTPS" "outgoing via 192.168.50.30"
192.168.6.24 - lisette [01/Oct/2021:08:10:32 -0500] "CONNECT d3oiud1b8fohdw.cloudfront.net:443 HTTP/1.1" 200 0 "HTTPS" "outgoing via 192.168.50.30"
192.168.5.40 - anagloria [01/Oct/2021:08:10:32 -0500] "CONNECT aus5.mozilla.org:443 HTTP/1.1" 200 0 "HTTPS" "outgoing via 192.168.50.30"
192.168.5.40 - anagloria [01/Oct/2021:08:10:33 -0500] "CONNECT search.services.mozilla.com:443 HTTP/1.1" 200 0 "HTTPS" "outgoing via 192.168.50.30"
192.168.5.40 - anagloria [01/Oct/2021:08:10:33 -0500] "POST http://ocsp.digicert.com/ HTTP/1.1" 200 947 "HTTP" ""
192.168.5.40 - anagloria [01/Oct/2021:08:10:33 -0500] "CONNECT snippets.cdn.mozilla.net:443 HTTP/1.1" 200 0 "HTTPS" "outgoing via 192.168.50.30"
192.168.5.40 - anagloria [01/Oct/2021:08:10:33 -0500] "CONNECT push.services.mozilla.com:443 HTTP/1.1" 200 0 "HTTPS" "outgoing via 192.168.50.30"
192.168.5.40 - anagloria [01/Oct/2021:08:10:34 -0500] "POST http://ocsp.digicert.com/ HTTP/1.1" 200 887 "HTTP" ""
192.168.5.40 - anagloria [01/Oct/2021:08:10:34 -0500] "CONNECT tiles.services.mozilla.com:443 HTTP/1.1" 200 0 "HTTPS" "outgoing via 192.168.50.30"
192.168.5.40 - anagloria [01/Oct/2021:08:10:34 -0500] "GET http://detectportal.firefox.com/success.txt HTTP/1.1" 200 361 "HTTP" ""
192.168.5.40 - anagloria [01/Oct/2021:08:10:35 -0500] "GET http://detectportal.firefox.com/success.txt?ipv4 HTTP/1.1" 200 361 "HTTP" ""
192.168.5.40 - anagloria [01/Oct/2021:08:10:35 -0500] "CONNECT snippets.cdn.mozilla.net:443 HTTP/1.1" 200 0 "HTTPS" "outgoing via 192.168.50.30"
192.168.6.24 - lisette [01/Oct/2021:08:10:35 -0500] "CONNECT d3oiud1b8fohdw.cloudfront.net:443 HTTP/1.1" 200 0 "HTTPS" "outgoing via 192.168.50.30"
192.168.6.24 - lisette [01/Oct/2021:08:10:35 -0500] "CONNECT d3oiud1b8fohdw.cloudfront.net:443 HTTP/1.1" 200 0 "HTTPS" "outgoing via 192.168.50.30"
192.168.6.24 - lisette [01/Oct/2021:08:10:35 -0500] "CONNECT d3oiud1b8fohdw.cloudfront.net:443 HTTP/1.1" 200 0 "HTTPS" "outgoing via 192.168.50.30"
192.168.5.40 - anagloria [01/Oct/2021:08:10:35 -0500] "CONNECT firefox.settings.services.mozilla.com:443 HTTP/1.1" 200 0 "HTTPS" "outgoing via 192.168.50.30"
192.168.5.40 - anagloria [01/Oct/2021:08:10:36 -0500] "CONNECT safebrowsing.googleapis.com:443 HTTP/1.1" 200 0 "HTTPS" "outgoing via 192.168.50.30"
192.168.6.24 - lisette [01/Oct/2021:08:10:36 -0500] "CONNECT www.paisesbajosytu.nl:443 HTTP/1.1" 200 0 "HTTPS" "outgoing via 192.168.50.30"
192.168.6.24 - lisette [01/Oct/2021:08:10:36 -0500] "CONNECT www.paisesbajosytu.nl:443 HTTP/1.1" 200 0 "HTTPS" "outgoing via 192.168.50.30"
192.168.6.24 - lisette [01/Oct/2021:08:10:36 -0500] "CONNECT statistiek.rijksoverheid.nl:443 HTTP/1.1" 200 0 "HTTPS" "outgoing via 192.168.50.30"
192.168.5.40 - anagloria [01/Oct/2021:08:10:36 -0500] "CONNECT tiles.services.mozilla.com:443 HTTP/1.1" 200 0 "HTTPS" "outgoing via 192.168.50.30"
192.168.5.53 - jpuales [01/Oct/2021:08:10:36 -0500] "POST http://149.154.175.50:80/api HTTP/1.1" 200 395 "HTTP" ""
192.168.5.40 - anagloria [01/Oct/2021:08:10:36 -0500] "GET http://detectportal.firefox.com/success.txt HTTP/1.1" 200 361 "HTTP" ""
192.168.5.40 - anagloria [01/Oct/2021:08:10:36 -0500] "GET http://detectportal.firefox.com/success.txt?ipv4 HTTP/1.1" 200 361 "HTTP" ""
192.168.6.24 - lisette [01/Oct/2021:08:10:36 -0500] "CONNECT shavar.services.mozilla.com:443 HTTP/1.1" 200 0 "HTTPS" "outgoing via 192.168.50.30"
192.168.6.24 - lisette [01/Oct/2021:08:10:36 -0500] "CONNECT incoming.telemetry.mozilla.org:443 HTTP/1.1" 200 0 "HTTPS" "outgoing via 192.168.50.30"
192.168.6.24 - lisette [01/Oct/2021:08:10:36 -0500] "CONNECT incoming.telemetry.mozilla.org:443 HTTP/1.1" 200 0 "HTTPS" "outgoing via 192.168.50.30"
192.168.6.24 - lisette [01/Oct/2021:08:10:38 -0500] "CONNECT www.google.com:443 HTTP/1.1" 200 0 "HTTPS" "outgoing via 192.168.50.30"
192.168.6.24 - lisette [01/Oct/2021:08:10:38 -0500] "CONNECT www.google.com:443 HTTP/1.1" 200 0 "HTTPS" "outgoing via 192.168.50.30"
192.168.6.24 - lisette [01/Oct/2021:08:10:38 -0500] "CONNECT www.google.com:443 HTTP/1.1" 200 0 "HTTPS" "outgoing via 192.168.50.30"
192.168.6.24 - lisette [01/Oct/2021:08:10:39 -0500] "CONNECT www.google.com:443 HTTP/1.1" 200 0 "HTTPS" "outgoing via 192.168.50.30"
192.168.6.24 - lisette [01/Oct/2021:08:10:39 -0500] "CONNECT www.google.com:443 HTTP/1.1" 200 0 "HTTPS" "outgoing via 192.168.50.30"
192.168.6.24 - lisette [01/Oct/2021:08:10:39 -0500] "CONNECT www.google.com:443 HTTP/1.1" 200 0 "HTTPS" "outgoing via 192.168.50.30"
192.168.5.40 - anagloria [01/Oct/2021:08:10:39 -0500] "CONNECT shavar.services.mozilla.com:443 HTTP/1.1" 200 0 "HTTPS" "outgoing via 192.168.50.30"
192.168.5.40 - anagloria [01/Oct/2021:08:10:39 -0500] "POST http://ocsp.pki.goog/gts1c3 HTTP/1.1" 200 850 "HTTP" ""
192.168.6.24 - lisette [01/Oct/2021:08:10:39 -0500] "CONNECT www.google.com:443 HTTP/1.1" 200 0 "HTTPS" "outgoing via 192.168.50.30"
192.168.10.20 - arodriguez [01/Oct/2021:08:10:39 -0500] "CONNECT relay-4e4116c1.net.anydesk.com:80 HTTP/1.1" 200 0 "HTTPS" "outgoing via 192.168.50.30"
192.168.6.24 - lisette [01/Oct/2021:08:10:40 -0500] "CONNECT www.google.com:443 HTTP/1.1" 200 0 "HTTPS" "outgoing via 192.168.50.30"
192.168.6.24 - lisette [01/Oct/2021:08:10:40 -0500] "CONNECT www.google.com:443 HTTP/1.1" 200 0 "HTTPS" "outgoing via 192.168.50.30"
192.168.6.24 - lisette [01/Oct/2021:08:10:40 -0500] "CONNECT www.google.com:443 HTTP/1.1" 200 0 "HTTPS" "outgoing via 192.168.50.30"
192.168.6.24 - lisette [01/Oct/2021:08:10:40 -0500] "CONNECT www.google.com:443 HTTP/1.1" 200 0 "HTTPS" "outgoing via 192.168.50.30"
192.168.5.53 - jpuales [01/Oct/2021:08:10:40 -0500] "POST http://149.154.175.50:80/api HTTP/1.1" 200 395 "HTTP" ""
192.168.6.24 - lisette [01/Oct/2021:08:10:40 -0500] "CONNECT www.google.com:443 HTTP/1.1" 200 0 "HTTPS" "outgoing via 192.168.50.30"
192.168.6.24 - lisette [01/Oct/2021:08:10:40 -0500] "CONNECT www.google.com:443 HTTP/1.1" 200 0 "HTTPS" "outgoing via 192.168.50.30"
192.168.6.24 - lisette [01/Oct/2021:08:10:41 -0500] "CONNECT www.google.com:443 HTTP/1.1" 200 0 "HTTPS" "outgoing via 192.168.50.30"
192.168.6.24 - lisette [01/Oct/2021:08:10:41 -0500] "CONNECT www.google.com:443 HTTP/1.1" 200 0 "HTTPS" "outgoing via 192.168.50.30"
192.168.6.24 - lisette [01/Oct/2021:08:10:41 -0500] "CONNECT www.google.com:443 HTTP/1.1" 200 0 "HTTPS" "outgoing via 192.168.50.30"
192.168.6.24 - lisette [01/Oct/2021:08:10:42 -0500] "CONNECT www.google.com:443 HTTP/1.1" 200 0 "HTTPS" "outgoing via 192.168.50.30"
192.168.6.24 - lisette [01/Oct/2021:08:10:42 -0500] "CONNECT www.google.com:443 HTTP/1.1" 200 0 "HTTPS" "outgoing via 192.168.50.30"
192.168.6.24 - lisette [01/Oct/2021:08:10:43 -0500] "CONNECT www.google.com:443 HTTP/1.1" 200 0 "HTTPS" "outgoing via 192.168.50.30"
192.168.6.24 - lisette [01/Oct/2021:08:10:43 -0500] "POST http://ocsp.digicert.com/ HTTP/1.1" 200 887 "HTTP" ""
192.168.6.24 - lisette [01/Oct/2021:08:10:45 -0500] "CONNECT id.google.com:443 HTTP/1.1" 200 0 "HTTPS" "outgoing via 192.168.50.30"
192.168.5.53 - jpuales [01/Oct/2021:08:10:46 -0500] "POST http://149.154.175.50:80/api HTTP/1.1" 200 395 "HTTP" ""
192.168.6.24 - lisette [01/Oct/2021:08:10:46 -0500] "POST http://ocsp.digicert.com/ HTTP/1.1" 200 947 "HTTP" ""
192.168.5.53 - jpuales [01/Oct/2021:08:10:47 -0500] "POST http://149.154.167.51:80/api HTTP/1.1" 200 395 "HTTP" ""
192.168.5.40 - anagloria [01/Oct/2021:08:10:49 -0500] "CONNECT tiles.services.mozilla.com:443 HTTP/1.1" 200 0 "HTTPS" "outgoing via 192.168.50.30"
192.168.5.40 - anagloria [01/Oct/2021:08:10:49 -0500] "GET http://detectportal.firefox.com/success.txt HTTP/1.1" 200 361 "HTTP" ""
192.168.5.40 - anagloria [01/Oct/2021:08:10:49 -0500] "GET http://detectportal.firefox.com/success.txt?ipv4 HTTP/1.1" 200 361 "HTTP" ""
192.168.5.40 - anagloria [01/Oct/2021:08:10:49 -0500] "CONNECT www.facebook.com:443 HTTP/1.1" 200 0 "HTTPS" "outgoing via 192.168.50.30"
192.168.5.40 - anagloria [01/Oct/2021:08:10:49 -0500] "POST http://ocsp.digicert.com/ HTTP/1.1" 200 887 "HTTP" ""
192.168.5.40 - anagloria [01/Oct/2021:08:10:52 -0500] "CONNECT tiles.services.mozilla.com:443 HTTP/1.1" 200 0 "HTTPS" "outgoing via 192.168.50.30"
192.168.5.40 - anagloria [01/Oct/2021:08:10:52 -0500] "GET http://detectportal.firefox.com/success.txt HTTP/1.1" 200 361 "HTTP" ""
192.168.5.40 - anagloria [01/Oct/2021:08:10:52 -0500] "CONNECT scontent-mia3-2.xx.fbcdn.net:443 HTTP/1.1" 200 0 "HTTPS" "outgoing via 192.168.50.30"
192.168.6.24 - lisette [01/Oct/2021:08:10:52 -0500] "CONNECT clients1.google.com:443 HTTP/1.1" 200 0 "HTTPS" "outgoing via 192.168.50.30"
192.168.5.40 - anagloria [01/Oct/2021:08:10:52 -0500] "CONNECT facebook.com:443 HTTP/1.1" 200 0 "HTTPS" "outgoing via 192.168.50.30"
192.168.6.24 - lisette [01/Oct/2021:08:10:52 -0500] "POST http://ocsp.pki.goog/gts1c3 HTTP/1.1" 200 849 "HTTP" ""
192.168.5.40 - anagloria [01/Oct/2021:08:10:52 -0500] "POST http://ocsp.digicert.com/ HTTP/1.1" 200 946 "HTTP" ""
192.168.5.40 - anagloria [01/Oct/2021:08:10:52 -0500] "GET http://detectportal.firefox.com/success.txt?ipv4 HTTP/1.1" 200 361 "HTTP" ""
192.168.6.24 - lisette [01/Oct/2021:08:10:52 -0500] "CONNECT clients1.google.com:443 HTTP/1.1" 200 0 "HTTPS" "outgoing via 192.168.50.30"
192.168.6.24 - lisette [01/Oct/2021:08:10:52 -0500] "CONNECT clients1.google.com:443 HTTP/1.1" 200 0 "HTTPS" "outgoing via 192.168.50.30"
192.168.6.24 - lisette [01/Oct/2021:08:10:52 -0500] "CONNECT clients1.google.com:443 HTTP/1.1" 200 0 "HTTPS" "outgoing via 192.168.50.30"
192.168.6.24 - lisette [01/Oct/2021:08:10:53 -0500] "CONNECT clients1.google.com:443 HTTP/1.1" 200 0 "HTTPS" "outgoing via 192.168.50.30"
192.168.6.24 - lisette [01/Oct/2021:08:10:53 -0500] "CONNECT clients1.google.com:443 HTTP/1.1" 200 0 "HTTPS" "outgoing via 192.168.50.30"
192.168.6.24 - lisette [01/Oct/2021:08:10:54 -0500] "CONNECT adservice.google.com:443 HTTP/1.1" 200 0 "HTTPS" "outgoing via 192.168.50.30"
192.168.6.24 - lisette [01/Oct/2021:08:10:56 -0500] "CONNECT adservice.google.com.cu:443 HTTP/1.1" 200 0 "HTTPS" "outgoing via 192.168.50.30"
192.168.6.24 - lisette [01/Oct/2021:08:10:56 -0500] "POST http://ocsp.pki.goog/gts1c3 HTTP/1.1" 200 849 "HTTP" ""
192.168.6.24 - lisette [01/Oct/2021:08:10:57 -0500] "CONNECT googleads.g.doubleclick.net:443 HTTP/1.1" 200 0 "HTTPS" "outgoing via 192.168.50.30"
192.168.6.24 - lisette [01/Oct/2021:08:10:57 -0500] "GET http://detectportal.firefox.com/canonical.html HTTP/1.1" 200 444 "HTTP" ""
192.168.6.24 - lisette [01/Oct/2021:08:10:57 -0500] "GET http://detectportal.firefox.com/success.txt?ipv4 HTTP/1.1" 200 361 "HTTP" ""
192.168.5.53 - jpuales [01/Oct/2021:08:11:01 -0500] "POST http://149.154.175.50:80/api HTTP/1.1" 200 395 "HTTP" ""
192.168.10.20 - arodriguez [01/Oct/2021:08:11:08 -0500] "CONNECT relay-4e4116c1.net.anydesk.com:80 HTTP/1.1" 200 0 "HTTPS" "outgoing via 192.168.50.30"
192.168.5.53 - jpuales [01/Oct/2021:08:11:11 -0500] "POST http://149.154.175.50:80/api HTTP/1.1" 200 395 "HTTP" ""
192.168.5.53 - jpuales [01/Oct/2021:08:11:11 -0500] "POST http://149.154.175.50:80/api HTTP/1.1" 200 395 "HTTP" ""
192.168.5.53 - jpuales [01/Oct/2021:08:11:12 -0500] "POST http://149.154.167.51:80/api HTTP/1.1" 200 395 "HTTP" ""
192.168.5.40 - anagloria [01/Oct/2021:08:11:17 -0500] "CONNECT scontent-mia3-1.xx.fbcdn.net:443 HTTP/1.1" 200 0 "HTTPS" "outgoing via 192.168.50.30"
192.168.5.40 - anagloria [01/Oct/2021:08:11:17 -0500] "CONNECT scontent-mia3-1.xx.fbcdn.net:443 HTTP/1.1" 200 0 "HTTPS" "outgoing via 192.168.50.30"
192.168.5.40 - anagloria [01/Oct/2021:08:11:17 -0500] "CONNECT scontent-mia3-1.xx.fbcdn.net:443 HTTP/1.1" 200 0 "HTTPS" "outgoing via 192.168.50.30"
192.168.5.40 - anagloria [01/Oct/2021:08:11:17 -0500] "CONNECT scontent-mia3-1.xx.fbcdn.net:443 HTTP/1.1" 200 0 "HTTPS" "outgoing via 192.168.50.30"
192.168.5.40 - anagloria [01/Oct/2021:08:11:17 -0500] "CONNECT scontent-mia3-1.xx.fbcdn.net:443 HTTP/1.1" 200 0 "HTTPS" "outgoing via 192.168.50.30"
192.168.5.40 - anagloria [01/Oct/2021:08:11:17 -0500] "CONNECT scontent-mia3-1.xx.fbcdn.net:443 HTTP/1.1" 200 0 "HTTPS" "outgoing via 192.168.50.30"
192.168.5.40 - anagloria [01/Oct/2021:08:11:19 -0500] "CONNECT scontent.xx.fbcdn.net:443 HTTP/1.1" 200 0 "HTTPS" "outgoing via 192.168.50.30"
192.168.5.40 - anagloria [01/Oct/2021:08:11:20 -0500] "CONNECT edge-chat.facebook.com:443 HTTP/1.1" 200 0 "HTTPS" "outgoing via 192.168.50.30"
192.168.5.53 - jpuales [01/Oct/2021:08:11:26 -0500] "POST http://149.154.175.50:80/api HTTP/1.1" 200 395 "HTTP" ""
192.168.5.40 - anagloria [01/Oct/2021:08:11:28 -0500] "CONNECT incoming.telemetry.mozilla.org:443 HTTP/1.1" 200 0 "HTTPS" "outgoing via 192.168.50.30"
192.168.5.40 - anagloria [01/Oct/2021:08:11:29 -0500] "POST http://ocsp.digicert.com/ HTTP/1.1" 200 886 "HTTP" ""
192.168.5.40 - anagloria [01/Oct/2021:08:11:30 -0500] "CONNECT gateway.facebook.com:443 HTTP/1.1" 200 0 "HTTPS" "outgoing via 192.168.50.30"
192.168.5.53 - jpuales [01/Oct/2021:08:11:36 -0500] "POST http://149.154.175.50:80/api HTTP/1.1" 200 395 "HTTP" ""
192.168.10.20 - arodriguez [01/Oct/2021:08:11:37 -0500] "CONNECT relay-4e4116c1.net.anydesk.com:80 HTTP/1.1" 200 0 "HTTPS" "outgoing via 192.168.50.30"
192.168.5.53 - jpuales [01/Oct/2021:08:11:38 -0500] "POST http://149.154.167.51:80/api HTTP/1.1" 200 395 "HTTP" ""
192.168.5.53 - jpuales [01/Oct/2021:08:11:51 -0500] "POST http://149.154.175.50:80/api HTTP/1.1" 200 395 "HTTP" ""
192.168.5.56 - dorian [01/Oct/2021:08:11:55 -0500] "CONNECT contile.services.mozilla.com:443 HTTP/1.1" 200 0 "HTTPS" "outgoing via 192.168.50.30"
192.168.5.56 - dorian [01/Oct/2021:08:11:55 -0500] "CONNECT content-signature-2.cdn.mozilla.net:443 HTTP/1.1" 200 0 "HTTPS" "outgoing via 192.168.50.30"
192.168.5.56 - dorian [01/Oct/2021:08:11:56 -0500] "CONNECT firefox.settings.services.mozilla.com:443 HTTP/1.1" 200 0 "HTTPS" "outgoing via 192.168.50.30"
192.168.5.53 - jpuales [01/Oct/2021:08:11:56 -0500] "POST http://149.154.175.50:80/api HTTP/1.1" 200 395 "HTTP" ""
192.168.5.56 - dorian [01/Oct/2021:08:11:56 -0500] "CONNECT firefox.settings.services.mozilla.com:443 HTTP/1.1" 200 0 "HTTPS" "outgoing via 192.168.50.30"
192.168.5.56 - dorian [01/Oct/2021:08:11:56 -0500] "CONNECT incoming.telemetry.mozilla.org:443 HTTP/1.1" 200 0 "HTTPS" "outgoing via 192.168.50.30"
192.168.5.56 - dorian [01/Oct/2021:08:11:56 -0500] "CONNECT firefox.settings.services.mozilla.com:443 HTTP/1.1" 200 0 "HTTPS" "outgoing via 192.168.50.30"
192.168.5.56 - dorian [01/Oct/2021:08:11:57 -0500] "CONNECT profile.accounts.firefox.com:443 HTTP/1.1" 200 0 "HTTPS" "outgoing via 192.168.50.30"
192.168.5.56 - dorian [01/Oct/2021:08:11:57 -0500] "CONNECT profile.accounts.firefox.com:443 HTTP/1.1" 200 0 "HTTPS" "outgoing via 192.168.50.30"
192.168.5.56 - dorian [01/Oct/2021:08:11:57 -0500] "CONNECT api.accounts.firefox.com:443 HTTP/1.1" 200 0 "HTTPS" "outgoing via 192.168.50.30"
192.168.5.53 - jpuales [01/Oct/2021:08:12:01 -0500] "POST http://149.154.175.50:80/api HTTP/1.1" 200 395 "HTTP" ""
192.168.5.56 - dorian [01/Oct/2021:08:12:02 -0500] "POST http://r3.o.lencr.org/ HTTP/1.1" 200 1012 "HTTP" ""
192.168.5.56 - dorian [01/Oct/2021:08:12:02 -0500] "POST http://ocsp.digicert.com/ HTTP/1.1" 200 887 "HTTP" ""
192.168.5.53 - jpuales [01/Oct/2021:08:12:03 -0500] "POST http://149.154.167.51:80/api HTTP/1.1" 200 395 "HTTP" ""
192.168.5.56 - dorian [01/Oct/2021:08:12:05 -0500] "CONNECT safebrowsing.googleapis.com:443 HTTP/1.1" 200 0 "HTTPS" "outgoing via 192.168.50.30"
192.168.5.56 - dorian [01/Oct/2021:08:12:06 -0500] "CONNECT incoming.telemetry.mozilla.org:443 HTTP/1.1" 200 0 "HTTPS" "outgoing via 192.168.50.30"
192.168.5.56 - dorian [01/Oct/2021:08:12:06 -0500] "CONNECT incoming.telemetry.mozilla.org:443 HTTP/1.1" 200 0 "HTTPS" "outgoing via 192.168.50.30"
192.168.5.56 - dorian [01/Oct/2021:08:12:06 -0500] "CONNECT incoming.telemetry.mozilla.org:443 HTTP/1.1" 200 0 "HTTPS" "outgoing via 192.168.50.30"
192.168.5.56 - dorian [01/Oct/2021:08:12:06 -0500] "CONNECT api.accounts.firefox.com:443 HTTP/1.1" 200 0 "HTTPS" "outgoing via 192.168.50.30"
192.168.5.56 - dorian [01/Oct/2021:08:12:06 -0500] "CONNECT repo.zotero.org:443 HTTP/1.1" 200 0 "HTTPS" "outgoing via 192.168.50.30"
192.168.5.56 - dorian [01/Oct/2021:08:12:06 -0500] "CONNECT www.pmda-atc-elearning.site:443 HTTP/1.1" 200 0 "HTTPS" "outgoing via 192.168.50.30"
192.168.10.20 - arodriguez [01/Oct/2021:08:12:06 -0500] "CONNECT relay-4e4116c1.net.anydesk.com:80 HTTP/1.1" 200 0 "HTTPS" "outgoing via 192.168.50.30"
192.168.5.56 - dorian [01/Oct/2021:08:12:06 -0500] "POST http://ocsp.digicert.com/ HTTP/1.1" 200 947 "HTTP" ""
192.168.5.56 - dorian [01/Oct/2021:08:12:06 -0500] "POST http://ocsp.digicert.com/ HTTP/1.1" 200 947 "HTTP" ""
192.168.5.56 - dorian [01/Oct/2021:08:12:11 -0500] "CONNECT shavar.services.mozilla.com:443 HTTP/1.1" 200 0 "HTTPS" "outgoing via 192.168.50.30"
192.168.5.56 - dorian [01/Oct/2021:08:12:11 -0500] "POST http://ocsp.pki.goog/gts1c3 HTTP/1.1" 200 850 "HTTP" ""
192.168.5.56 - dorian [01/Oct/2021:08:12:13 -0500] "CONNECT tracking-protection.cdn.mozilla.net:443 HTTP/1.1" 200 0 "HTTPS" "outgoing via 192.168.50.30"
192.168.5.56 - dorian [01/Oct/2021:08:12:15 -0500] "CONNECT tracking-protection.cdn.mozilla.net:443 HTTP/1.1" 200 0 "HTTPS" "outgoing via 192.168.50.30"
192.168.5.56 - dorian [01/Oct/2021:08:12:16 -0500] "CONNECT tracking-protection.cdn.mozilla.net:443 HTTP/1.1" 200 0 "HTTPS" "outgoing via 192.168.50.30"
192.168.5.53 - jpuales [01/Oct/2021:08:12:17 -0500] "POST http://149.154.175.50:80/api HTTP/1.1" 200 395 "HTTP" ""
192.168.50.50 - servidores [01/Oct/2021:08:12:22 -0500] "CONNECT mirrors.fedoraproject.org:443 HTTP/1.1" 200 0 "HTTPS" "outgoing via 192.168.50.30"
192.168.50.50 - servidores [01/Oct/2021:08:12:25 -0500] "GET http://centos.itsbrasil.net/7.9.2009/os/x86_64/repodata/repomd.xml HTTP/1.1" 200 4080 "HTTP" ""
192.168.50.50 - servidores [01/Oct/2021:08:12:25 -0500] "GET http://mirror.team-cymru.com/remi/enterprise/7/remi/x86_64/repodata/repomd.xml HTTP/1.1" 200 3481 "HTTP" ""
192.168.50.50 - servidores [01/Oct/2021:08:12:25 -0500] "GET http://mirror.team-cymru.com/remi/enterprise/7/php56/x86_64/repodata/repomd.xml HTTP/1.1" 200 3469 "HTTP" ""
192.168.50.50 - servidores [01/Oct/2021:08:12:26 -0500] "GET http://mirror.team-cymru.com/remi/enterprise/7/php73/x86_64/repodata/repomd.xml HTTP/1.1" 200 3468 "HTTP" ""
192.168.50.50 - servidores [01/Oct/2021:08:12:26 -0500] "GET http://centos.itsbrasil.net/7.9.2009/extras/x86_64/repodata/repomd.xml HTTP/1.1" 200 3382 "HTTP" ""
192.168.5.53 - jpuales [01/Oct/2021:08:12:27 -0500] "POST http://149.154.175.50:80/api HTTP/1.1" 200 395 "HTTP" ""
192.168.5.53 - jpuales [01/Oct/2021:08:12:27 -0500] "POST http://149.154.175.50:80/api HTTP/1.1" 200 395 "HTTP" ""
192.168.5.53 - jpuales [01/Oct/2021:08:12:29 -0500] "POST http://149.154.167.51:80/api HTTP/1.1" 200 395 "HTTP" ""
192.168.5.44 - yperez [01/Oct/2021:08:12:33 -0500] "CONNECT contile.services.mozilla.com:443 HTTP/1.1" 200 0 "HTTPS" "outgoing via 192.168.50.30"
192.168.6.24 - lisette [01/Oct/2021:08:12:35 -0500] "CONNECT aus5.mozilla.org:443 HTTP/1.1" 200 0 "HTTPS" "outgoing via 192.168.50.30"
192.168.6.24 - lisette [01/Oct/2021:08:12:35 -0500] "POST http://ocsp.pki.goog/gts1c3 HTTP/1.1" 200 849 "HTTP" ""
192.168.10.20 - arodriguez [01/Oct/2021:08:12:35 -0500] "CONNECT relay-4e4116c1.net.anydesk.com:80 HTTP/1.1" 200 0 "HTTPS" "outgoing via 192.168.50.30"
192.168.6.24 - lisette [01/Oct/2021:08:12:36 -0500] "CONNECT redirector.gvt1.com:443 HTTP/1.1" 200 0 "HTTPS" "outgoing via 192.168.50.30"
192.168.6.24 - lisette [01/Oct/2021:08:12:37 -0500] "CONNECT r2---sn-xuxjn5-i58e.gvt1.com:443 HTTP/1.1" 200 0 "HTTPS" "outgoing via 192.168.50.30"
192.168.6.24 - lisette [01/Oct/2021:08:12:37 -0500] "POST http://ocsp.pki.goog/gts1c3 HTTP/1.1" 200 849 "HTTP" ""
192.168.6.24 - lisette [01/Oct/2021:08:12:39 -0500] "CONNECT dl.google.com:443 HTTP/1.1" 200 0 "HTTPS" "outgoing via 192.168.50.30"
192.168.5.53 - jpuales [01/Oct/2021:08:12:42 -0500] "POST http://149.154.175.50:80/api HTTP/1.1" 200 395 "HTTP" ""
192.168.5.9 - cary [01/Oct/2021:08:12:45 -0500] "CONNECT contile.services.mozilla.com:443 HTTP/1.1" 200 0 "HTTPS" "outgoing via 192.168.50.30"
192.168.5.9 - cary [01/Oct/2021:08:12:46 -0500] "CONNECT normandy.cdn.mozilla.net:443 HTTP/1.1" 200 0 "HTTPS" "outgoing via 192.168.50.30"
192.168.5.9 - cary [01/Oct/2021:08:12:46 -0500] "CONNECT safebrowsing.googleapis.com:443 HTTP/1.1" 200 0 "HTTPS" "outgoing via 192.168.50.30"
192.168.5.9 - cary [01/Oct/2021:08:12:46 -0500] "CONNECT www.mozilla.org:443 HTTP/1.1" 200 0 "HTTPS" "outgoing via 192.168.50.30"
192.168.5.9 - cary [01/Oct/2021:08:12:46 -0500] "CONNECT push.services.mozilla.com:443 HTTP/1.1" 200 0 "HTTPS" "outgoing via 192.168.50.30"
192.168.5.9 - cary [01/Oct/2021:08:12:46 -0500] "POST http://r3.o.lencr.org/ HTTP/1.1" 200 1012 "HTTP" ""
192.168.5.9 - cary [01/Oct/2021:08:12:46 -0500] "CONNECT incoming.telemetry.mozilla.org:443 HTTP/1.1" 200 0 "HTTPS" "outgoing via 192.168.50.30"
192.168.5.9 - cary [01/Oct/2021:08:12:47 -0500] "CONNECT firefox.settings.services.mozilla.com:443 HTTP/1.1" 200 0 "HTTPS" "outgoing via 192.168.50.30"
192.168.5.9 - cary [01/Oct/2021:08:12:47 -0500] "CONNECT classify-client.services.mozilla.com:443 HTTP/1.1" 200 0 "HTTPS" "outgoing via 192.168.50.30"
192.168.5.9 - cary [01/Oct/2021:08:12:47 -0500] "POST http://ocsp.digicert.com/ HTTP/1.1" 200 947 "HTTP" ""
192.168.5.9 - cary [01/Oct/2021:08:12:47 -0500] "CONNECT www.mozilla.org:443 HTTP/1.1" 200 0 "HTTPS" "outgoing via 192.168.50.30"
192.168.5.9 - cary [01/Oct/2021:08:12:48 -0500] "CONNECT incoming.telemetry.mozilla.org:443 HTTP/1.1" 200 0 "HTTPS" "outgoing via 192.168.50.30"
192.168.5.9 - cary [01/Oct/2021:08:12:49 -0500] "CONNECT www.mozilla.org:443 HTTP/1.1" 200 0 "HTTPS" "outgoing via 192.168.50.30"
192.168.5.9 - cary [01/Oct/2021:08:12:49 -0500] "CONNECT content-signature-2.cdn.mozilla.net:443 HTTP/1.1" 200 0 "HTTPS" "outgoing via 192.168.50.30"
192.168.5.9 - cary [01/Oct/2021:08:12:49 -0500] "CONNECT content-signature-2.cdn.mozilla.net:443 HTTP/1.1" 200 0 "HTTPS" "outgoing via 192.168.50.30"
192.168.5.9 - cary [01/Oct/2021:08:12:50 -0500] "CONNECT shavar.services.mozilla.com:443 HTTP/1.1" 200 0 "HTTPS" "outgoing via 192.168.50.30"
192.168.5.9 - cary [01/Oct/2021:08:12:50 -0500] "POST http://ocsp.pki.goog/gts1c3 HTTP/1.1" 200 850 "HTTP" ""
192.168.5.9 - cary [01/Oct/2021:08:12:50 -0500] "CONNECT www.mozilla.org:443 HTTP/1.1" 200 0 "HTTPS" "outgoing via 192.168.50.30"
192.168.5.56 - dorian [01/Oct/2021:08:12:51 -0500] "CONNECT aus5.mozilla.org:443 HTTP/1.1" 200 0 "HTTPS" "outgoing via 192.168.50.30"
192.168.5.56 - dorian [01/Oct/2021:08:12:51 -0500] "POST http://ocsp.sca1b.amazontrust.com/ HTTP/1.1" 200 1104 "HTTP" ""
192.168.5.9 - cary [01/Oct/2021:08:12:51 -0500] "CONNECT tracking-protection.cdn.mozilla.net:443 HTTP/1.1" 200 0 "HTTPS" "outgoing via 192.168.50.30"
192.168.5.53 - jpuales [01/Oct/2021:08:12:52 -0500] "POST http://149.154.175.50:80/api HTTP/1.1" 200 395 "HTTP" ""
192.168.5.9 - cary [01/Oct/2021:08:12:53 -0500] "CONNECT firefox.com:443 HTTP/1.1" 200 0 "HTTPS" "outgoing via 192.168.50.30"
192.168.5.56 - dorian [01/Oct/2021:08:12:53 -0500] "GET http://detectportal.firefox.com/canonical.html HTTP/1.1" 200 444 "HTTP" ""
192.168.5.9 - cary [01/Oct/2021:08:12:53 -0500] "POST http://ocsp.digicert.com/ HTTP/1.1" 200 887 "HTTP" ""
192.168.5.56 - dorian [01/Oct/2021:08:12:54 -0500] "GET http://detectportal.firefox.com/success.txt?ipv4 HTTP/1.1" 200 362 "HTTP" ""
192.168.5.53 - jpuales [01/Oct/2021:08:12:54 -0500] "POST http://149.154.167.51:80/api HTTP/1.1" 200 395 "HTTP" ""
192.168.5.9 - cary [01/Oct/2021:08:12:55 -0500] "CONNECT tracking-protection.cdn.mozilla.net:443 HTTP/1.1" 200 0 "HTTPS" "outgoing via 192.168.50.30"
192.168.5.9 - cary [01/Oct/2021:08:12:56 -0500] "CONNECT www.googletagmanager.com:443 HTTP/1.1" 200 0 "HTTPS" "outgoing via 192.168.50.30"
192.168.5.9 - cary [01/Oct/2021:08:12:56 -0500] "CONNECT aus5.mozilla.org:443 HTTP/1.1" 200 0 "HTTPS" "outgoing via 192.168.50.30"
192.168.5.9 - cary [01/Oct/2021:08:12:56 -0500] "POST http://r3.o.lencr.org/ HTTP/1.1" 200 1012 "HTTP" ""
192.168.5.9 - cary [01/Oct/2021:08:12:56 -0500] "POST http://ocsp.digicert.com/ HTTP/1.1" 200 947 "HTTP" ""
192.168.5.9 - cary [01/Oct/2021:08:12:57 -0500] "CONNECT tracking-protection.cdn.mozilla.net:443 HTTP/1.1" 200 0 "HTTPS" "outgoing via 192.168.50.30"
192.168.5.9 - cary [01/Oct/2021:08:12:58 -0500] "CONNECT redirector.gvt1.com:443 HTTP/1.1" 200 0 "HTTPS" "outgoing via 192.168.50.30"
192.168.5.9 - cary [01/Oct/2021:08:12:58 -0500] "POST http://ocsp.pki.goog/gts1c3 HTTP/1.1" 200 850 "HTTP" ""
192.168.5.9 - cary [01/Oct/2021:08:12:58 -0500] "CONNECT tracking-protection.cdn.mozilla.net:443 HTTP/1.1" 200 0 "HTTPS" "outgoing via 192.168.50.30"
