192.168.10.20 - arodriguez [07/Aug/2021:04:11:51 -0500] "CONNECT relay-283e3f4a.net.anydesk.com:80 HTTP/1.1" 200 0 "HTTPS" "outgoing via 192.168.50.30"
192.168.10.20 - arodriguez [07/Aug/2021:04:12:20 -0500] "CONNECT relay-283e3f4a.net.anydesk.com:80 HTTP/1.1" 200 0 "HTTPS" "outgoing via 192.168.50.30"
192.168.1.15 - rquintanilla [07/Aug/2021:04:12:33 -0500] "CONNECT incoming.telemetry.mozilla.org:443 HTTP/1.1" 200 0 "HTTPS" "outgoing via 192.168.50.30"
192.168.10.20 - arodriguez [07/Aug/2021:04:12:49 -0500] "CONNECT relay-283e3f4a.net.anydesk.com:80 HTTP/1.1" 200 0 "HTTPS" "outgoing via 192.168.50.30"
192.168.10.20 - arodriguez [07/Aug/2021:04:13:03 -0500] "CONNECT relay-d3705b18.net.anydesk.com:80 HTTP/1.1" 200 0 "HTTPS" "outgoing via 192.168.50.30"
192.168.1.15 - rquintanilla [07/Aug/2021:04:13:06 -0500] "CONNECT 0.1.0.1:1001 HTTP/1.1" 200 0 "HTTPS" "outgoing via 192.168.50.30"
192.168.10.20 - arodriguez [07/Aug/2021:04:13:32 -0500] "CONNECT relay-d3705b18.net.anydesk.com:80 HTTP/1.1" 200 0 "HTTPS" "outgoing via 192.168.50.30"
192.168.1.15 - rquintanilla [07/Aug/2021:04:13:46 -0500] "CONNECT search.yahoo.com:443 HTTP/1.1" 200 0 "HTTPS" "outgoing via 192.168.50.30"
192.168.10.20 - arodriguez [07/Aug/2021:04:14:01 -0500] "CONNECT relay-d3705b18.net.anydesk.com:80 HTTP/1.1" 200 0 "HTTPS" "outgoing via 192.168.50.30"
192.168.50.50 - servidores [07/Aug/2021:04:14:05 -0500] "CONNECT mirrors.fedoraproject.org:443 HTTP/1.1" 200 0 "HTTPS" "outgoing via 192.168.50.30"
192.168.50.50 - servidores [07/Aug/2021:04:14:10 -0500] "CONNECT mirrors.ukfast.co.uk:443 HTTP/1.1" 200 0 "HTTPS" "outgoing via 192.168.50.30"
192.168.50.50 - servidores [07/Aug/2021:04:14:11 -0500] "GET http://mirror.uepg.br/centos/7.9.2009/os/x86_64/repodata/repomd.xml HTTP/1.1" 200 4150 "HTTP" ""
192.168.10.20 - arodriguez [07/Aug/2021:04:14:14 -0500] "CONNECT relay-11a3886a.net.anydesk.com:80 HTTP/1.1" 200 0 "HTTPS" "outgoing via 192.168.50.30"
192.168.5.107 - jpuñales [07/Aug/2021:04:14:30 -0500] "CONNECT safebrowsing.googleapis.com:443 HTTP/1.1" 200 0 "HTTPS" "outgoing via 192.168.50.30"
192.168.10.20 - arodriguez [07/Aug/2021:04:14:43 -0500] "CONNECT relay-11a3886a.net.anydesk.com:80 HTTP/1.1" 200 0 "HTTPS" "outgoing via 192.168.50.30"
192.168.6.34 - amorgado [07/Aug/2021:04:14:43 -0500] "CONNECT 149.154.175.50:443 HTTP/1.1" 200 0 "HTTPS" "outgoing via 192.168.50.30"
192.168.6.34 - amorgado [07/Aug/2021:04:14:44 -0500] "CONNECT 45.142.38.130:9286 HTTP/1.1" 200 0 "HTTPS" "outgoing via 192.168.50.30"
192.168.1.15 - rquintanilla [07/Aug/2021:04:15:10 -0500] "CONNECT 0.1.0.1:1001 HTTP/1.1" 200 0 "HTTPS" "outgoing via 192.168.50.30"
192.168.10.20 - arodriguez [07/Aug/2021:04:15:12 -0500] "CONNECT relay-11a3886a.net.anydesk.com:80 HTTP/1.1" 200 0 "HTTPS" "outgoing via 192.168.50.30"
192.168.50.220 - servidores [07/Aug/2021:04:15:23 -0500] "CONNECT mirrors.fedoraproject.org:443 HTTP/1.1" 200 0 "HTTPS" "outgoing via 192.168.50.30"
192.168.10.20 - arodriguez [07/Aug/2021:04:15:25 -0500] "CONNECT relay-629d065f.net.anydesk.com:80 HTTP/1.1" 200 0 "HTTPS" "outgoing via 192.168.50.30"
192.168.50.220 - servidores [07/Aug/2021:04:15:28 -0500] "CONNECT repo.ius.io:443 HTTP/1.1" 200 0 "HTTPS" "outgoing via 192.168.50.30"
192.168.50.220 - servidores [07/Aug/2021:04:15:30 -0500] "CONNECT download.postgresql.org:443 HTTP/1.1" 200 0 "HTTPS" "outgoing via 192.168.50.30"
192.168.50.220 - servidores [07/Aug/2021:04:15:49 -0500] "CONNECT download.postgresql.org:443 HTTP/1.1" 200 0 "HTTPS" "outgoing via 192.168.50.30"
192.168.50.220 - servidores [07/Aug/2021:04:15:53 -0500] "GET http://mirror.bebout.net/remi/enterprise/7/remi/x86_64/repodata/repomd.xml HTTP/1.1" 200 3530 "HTTP" ""
192.168.50.220 - servidores [07/Aug/2021:04:15:53 -0500] "GET http://mirror.bebout.net/remi/enterprise/7/php72/x86_64/repodata/repomd.xml HTTP/1.1" 200 3517 "HTTP" ""
192.168.50.220 - servidores [07/Aug/2021:04:15:54 -0500] "CONNECT download.rethinkdb.com:443 HTTP/1.1" 200 0 "HTTPS" "outgoing via 192.168.50.30"
192.168.10.20 - arodriguez [07/Aug/2021:04:15:54 -0500] "CONNECT relay-629d065f.net.anydesk.com:80 HTTP/1.1" 200 0 "HTTPS" "outgoing via 192.168.50.30"
192.168.50.220 - servidores [07/Aug/2021:04:15:55 -0500] "GET http://mirror.globo.com/centos/7.9.2009/os/x86_64/repodata/repomd.xml HTTP/1.1" 200 4164 "HTTP" ""
192.168.6.34 - amorgado [07/Aug/2021:04:16:05 -0500] "CONNECT 149.154.175.50:443 HTTP/1.1" 200 0 "HTTPS" "outgoing via 192.168.50.30"
192.168.6.34 - amorgado [07/Aug/2021:04:16:05 -0500] "CONNECT 45.142.38.130:9286 HTTP/1.1" 200 0 "HTTPS" "outgoing via 192.168.50.30"
192.168.1.15 - rquintanilla [07/Aug/2021:04:16:16 -0500] "CONNECT video-mia3-2.xx.fbcdn.net:443 HTTP/1.1" 200 0 "HTTPS" "outgoing via 192.168.50.30"
192.168.1.15 - rquintanilla [07/Aug/2021:04:16:16 -0500] "CONNECT video-mia3-1.xx.fbcdn.net:443 HTTP/1.1" 200 0 "HTTPS" "outgoing via 192.168.50.30"
192.168.10.20 - arodriguez [07/Aug/2021:04:16:23 -0500] "CONNECT relay-629d065f.net.anydesk.com:80 HTTP/1.1" 200 0 "HTTPS" "outgoing via 192.168.50.30"
192.168.10.20 - arodriguez [07/Aug/2021:04:16:37 -0500] "CONNECT relay-497b2e35.net.anydesk.com:80 HTTP/1.1" 200 0 "HTTPS" "outgoing via 192.168.50.30"
192.168.1.15 - rquintanilla [07/Aug/2021:04:16:56 -0500] "CONNECT scontent.xx.fbcdn.net:443 HTTP/1.1" 200 0 "HTTPS" "outgoing via 192.168.50.30"
192.168.50.100 - servidores [07/Aug/2021:04:17:02 -0500] "GET http://mirror.uepg.br/centos/7.9.2009/os/x86_64/repodata/repomd.xml HTTP/1.1" 200 4150 "HTTP" ""
192.168.50.100 - servidores [07/Aug/2021:04:17:02 -0500] "GET http://mirror.uepg.br/centos/7.9.2009/extras/x86_64/repodata/repomd.xml HTTP/1.1" 200 3368 "HTTP" ""
192.168.10.20 - arodriguez [07/Aug/2021:04:17:06 -0500] "CONNECT relay-497b2e35.net.anydesk.com:80 HTTP/1.1" 200 0 "HTTPS" "outgoing via 192.168.50.30"
192.168.1.15 - rquintanilla [07/Aug/2021:04:17:18 -0500] "CONNECT 0.1.0.1:1001 HTTP/1.1" 200 0 "HTTPS" "outgoing via 192.168.50.30"
192.168.1.15 - rquintanilla [07/Aug/2021:04:17:18 -0500] "CONNECT www.facebook.com:443 HTTP/1.1" 200 0 "HTTPS" "outgoing via 192.168.50.30"
192.168.1.15 - rquintanilla [07/Aug/2021:04:17:20 -0500] "CONNECT edge-chat.facebook.com:443 HTTP/1.1" 200 0 "HTTPS" "outgoing via 192.168.50.30"
192.168.1.15 - rquintanilla [07/Aug/2021:04:17:20 -0500] "CONNECT www.facebook.com:443 HTTP/1.1" 200 0 "HTTPS" "outgoing via 192.168.50.30"
192.168.1.15 - rquintanilla [07/Aug/2021:04:17:20 -0500] "CONNECT static.xx.fbcdn.net:443 HTTP/1.1" 200 0 "HTTPS" "outgoing via 192.168.50.30"
192.168.1.15 - rquintanilla [07/Aug/2021:04:17:22 -0500] "CONNECT static.xx.fbcdn.net:443 HTTP/1.1" 200 0 "HTTPS" "outgoing via 192.168.50.30"
192.168.1.15 - rquintanilla [07/Aug/2021:04:17:24 -0500] "CONNECT scontent-mia3-2.xx.fbcdn.net:443 HTTP/1.1" 200 0 "HTTPS" "outgoing via 192.168.50.30"
192.168.1.15 - rquintanilla [07/Aug/2021:04:17:24 -0500] "CONNECT facebook.com:443 HTTP/1.1" 200 0 "HTTPS" "outgoing via 192.168.50.30"
192.168.1.15 - rquintanilla [07/Aug/2021:04:17:28 -0500] "CONNECT cx.atdmt.com:443 HTTP/1.1" 200 0 "HTTPS" "outgoing via 192.168.50.30"
192.168.10.20 - arodriguez [07/Aug/2021:04:17:35 -0500] "CONNECT relay-497b2e35.net.anydesk.com:80 HTTP/1.1" 200 0 "HTTPS" "outgoing via 192.168.50.30"
192.168.1.15 - rquintanilla [07/Aug/2021:04:17:35 -0500] "CONNECT mail.google.com:443 HTTP/1.1" 200 0 "HTTPS" "outgoing via 192.168.50.30"
192.168.1.15 - rquintanilla [07/Aug/2021:04:17:43 -0500] "CONNECT www.google.com:443 HTTP/1.1" 200 0 "HTTPS" "outgoing via 192.168.50.30"
192.168.1.15 - rquintanilla [07/Aug/2021:04:17:45 -0500] "CONNECT lh3.googleusercontent.com:443 HTTP/1.1" 200 0 "HTTPS" "outgoing via 192.168.50.30"
192.168.1.15 - rquintanilla [07/Aug/2021:04:17:45 -0500] "CONNECT www.gstatic.com:443 HTTP/1.1" 200 0 "HTTPS" "outgoing via 192.168.50.30"
192.168.1.15 - rquintanilla [07/Aug/2021:04:17:45 -0500] "CONNECT www.gstatic.com:443 HTTP/1.1" 200 0 "HTTPS" "outgoing via 192.168.50.30"
192.168.1.15 - rquintanilla [07/Aug/2021:04:17:49 -0500] "CONNECT aa.google.com:443 HTTP/1.1" 200 0 "HTTPS" "outgoing via 192.168.50.30"
192.168.1.15 - rquintanilla [07/Aug/2021:04:17:50 -0500] "CONNECT adservice.google.com:443 HTTP/1.1" 200 0 "HTTPS" "outgoing via 192.168.50.30"
192.168.1.15 - rquintanilla [07/Aug/2021:04:17:51 -0500] "CONNECT play.google.com:443 HTTP/1.1" 200 0 "HTTPS" "outgoing via 192.168.50.30"
192.168.1.15 - rquintanilla [07/Aug/2021:04:17:51 -0500] "CONNECT adservice.google.com.cu:443 HTTP/1.1" 200 0 "HTTPS" "outgoing via 192.168.50.30"
192.168.1.15 - rquintanilla [07/Aug/2021:04:17:51 -0500] "POST http://ocsp.pki.goog/gts1c3 HTTP/1.1" 200 849 "HTTP" ""
192.168.1.15 - rquintanilla [07/Aug/2021:04:17:52 -0500] "CONNECT encrypted-tbn0.gstatic.com:443 HTTP/1.1" 200 0 "HTTPS" "outgoing via 192.168.50.30"
192.168.1.15 - rquintanilla [07/Aug/2021:04:17:52 -0500] "CONNECT googleads.g.doubleclick.net:443 HTTP/1.1" 200 0 "HTTPS" "outgoing via 192.168.50.30"
192.168.1.15 - rquintanilla [07/Aug/2021:04:17:53 -0500] "CONNECT ogs.google.com:443 HTTP/1.1" 200 0 "HTTPS" "outgoing via 192.168.50.30"
192.168.1.15 - rquintanilla [07/Aug/2021:04:17:54 -0500] "CONNECT ogs.google.com:443 HTTP/1.1" 200 0 "HTTPS" "outgoing via 192.168.50.30"
192.168.1.15 - rquintanilla [07/Aug/2021:04:17:54 -0500] "CONNECT ogs.google.com:443 HTTP/1.1" 200 0 "HTTPS" "outgoing via 192.168.50.30"
192.168.1.15 - rquintanilla [07/Aug/2021:04:17:54 -0500] "CONNECT ssl.gstatic.com:443 HTTP/1.1" 200 0 "HTTPS" "outgoing via 192.168.50.30"
192.168.1.15 - rquintanilla [07/Aug/2021:04:17:54 -0500] "CONNECT fonts.gstatic.com:443 HTTP/1.1" 200 0 "HTTPS" "outgoing via 192.168.50.30"
192.168.10.20 - arodriguez [07/Aug/2021:04:18:04 -0500] "CONNECT relay-497b2e35.net.anydesk.com:80 HTTP/1.1" 200 0 "HTTPS" "outgoing via 192.168.50.30"
192.168.1.15 - rquintanilla [07/Aug/2021:04:18:15 -0500] "CONNECT id.google.com:443 HTTP/1.1" 200 0 "HTTPS" "outgoing via 192.168.50.30"
192.168.10.20 - arodriguez [07/Aug/2021:04:18:17 -0500] "CONNECT relay-0767eec0.net.anydesk.com:80 HTTP/1.1" 200 0 "HTTPS" "outgoing via 192.168.50.30"
192.168.1.15 - rquintanilla [07/Aug/2021:04:18:19 -0500] "CONNECT safebrowsing.googleapis.com:443 HTTP/1.1" 200 0 "HTTPS" "outgoing via 192.168.50.30"
192.168.1.15 - rquintanilla [07/Aug/2021:04:18:19 -0500] "CONNECT rukayg.plain-cdn.ru:443 HTTP/1.1" 200 0 "HTTPS" "outgoing via 192.168.50.30"
192.168.1.15 - rquintanilla [07/Aug/2021:04:18:21 -0500] "CONNECT es.rudns-tl.ru:443 HTTP/1.1" 200 0 "HTTPS" "outgoing via 192.168.50.30"
192.168.1.15 - rquintanilla [07/Aug/2021:04:18:21 -0500] "CONNECT adservice.google.com:443 HTTP/1.1" 200 0 "HTTPS" "outgoing via 192.168.50.30"
192.168.1.15 - rquintanilla [07/Aug/2021:04:18:21 -0500] "CONNECT www.googleadservices.com:443 HTTP/1.1" 200 0 "HTTPS" "outgoing via 192.168.50.30"
192.168.1.15 - rquintanilla [07/Aug/2021:04:18:21 -0500] "POST http://ocsp.pki.goog/gts1c3 HTTP/1.1" 200 850 "HTTP" ""
192.168.1.15 - rquintanilla [07/Aug/2021:04:18:22 -0500] "CONNECT adservice.google.com.cu:443 HTTP/1.1" 200 0 "HTTPS" "outgoing via 192.168.50.30"
192.168.1.15 - rquintanilla [07/Aug/2021:04:18:22 -0500] "CONNECT es.rudns-tl.ru:443 HTTP/1.1" 200 0 "HTTPS" "outgoing via 192.168.50.30"
192.168.1.15 - rquintanilla [07/Aug/2021:04:18:23 -0500] "CONNECT seoencuba.com:443 HTTP/1.1" 200 0 "HTTPS" "outgoing via 192.168.50.30"
192.168.1.15 - rquintanilla [07/Aug/2021:04:18:23 -0500] "CONNECT googleads.g.doubleclick.net:443 HTTP/1.1" 200 0 "HTTPS" "outgoing via 192.168.50.30"
192.168.1.15 - rquintanilla [07/Aug/2021:04:18:23 -0500] "GET http://detectportal.firefox.com/canonical.html HTTP/1.1" 200 444 "HTTP" ""
192.168.1.15 - rquintanilla [07/Aug/2021:04:18:24 -0500] "GET http://detectportal.firefox.com/success.txt?ipv4 HTTP/1.1" 200 362 "HTTP" ""
192.168.1.15 - rquintanilla [07/Aug/2021:04:18:25 -0500] "CONNECT www.googletagmanager.com:443 HTTP/1.1" 200 0 "HTTPS" "outgoing via 192.168.50.30"
192.168.1.15 - rquintanilla [07/Aug/2021:04:18:25 -0500] "CONNECT fonts.googleapis.com:443 HTTP/1.1" 200 0 "HTTPS" "outgoing via 192.168.50.30"
192.168.1.15 - rquintanilla [07/Aug/2021:04:18:25 -0500] "CONNECT fonts.googleapis.com:443 HTTP/1.1" 200 0 "HTTPS" "outgoing via 192.168.50.30"
192.168.1.15 - rquintanilla [07/Aug/2021:04:18:26 -0500] "CONNECT www.jovenclub.cu:443 HTTP/1.1" 200 0 "HTTPS" "outgoing via 192.168.50.30"
192.168.1.15 - rquintanilla [07/Aug/2021:04:18:26 -0500] "POST http://ocsp.pki.goog/gts1c3 HTTP/1.1" 200 849 "HTTP" ""
192.168.1.15 - rquintanilla [07/Aug/2021:04:18:29 -0500] "CONNECT maxcdn.bootstrapcdn.com:443 HTTP/1.1" 200 0 "HTTPS" "outgoing via 192.168.50.30"
192.168.1.15 - rquintanilla [07/Aug/2021:04:18:29 -0500] "CONNECT www.jovenclub.cu:443 HTTP/1.1" 200 0 "HTTPS" "outgoing via 192.168.50.30"
192.168.1.15 - rquintanilla [07/Aug/2021:04:18:29 -0500] "CONNECT www.jovenclub.cu:443 HTTP/1.1" 200 0 "HTTPS" "outgoing via 192.168.50.30"
192.168.1.15 - rquintanilla [07/Aug/2021:04:18:29 -0500] "CONNECT www.jovenclub.cu:443 HTTP/1.1" 200 0 "HTTPS" "outgoing via 192.168.50.30"
192.168.1.15 - rquintanilla [07/Aug/2021:04:18:29 -0500] "CONNECT www.jovenclub.cu:443 HTTP/1.1" 200 0 "HTTPS" "outgoing via 192.168.50.30"
192.168.1.15 - rquintanilla [07/Aug/2021:04:18:29 -0500] "CONNECT www.jovenclub.cu:443 HTTP/1.1" 200 0 "HTTPS" "outgoing via 192.168.50.30"
192.168.1.15 - rquintanilla [07/Aug/2021:04:18:30 -0500] "CONNECT www.google-analytics.com:443 HTTP/1.1" 200 0 "HTTPS" "outgoing via 192.168.50.30"
192.168.1.15 - rquintanilla [07/Aug/2021:04:18:31 -0500] "CONNECT smartklick.biz:443 HTTP/1.1" 200 0 "HTTPS" "outgoing via 192.168.50.30"
192.168.1.15 - rquintanilla [07/Aug/2021:04:18:31 -0500] "CONNECT norfipc.com:443 HTTP/1.1" 200 0 "HTTPS" "outgoing via 192.168.50.30"
192.168.1.15 - rquintanilla [07/Aug/2021:04:18:37 -0500] "CONNECT soporte.sld.cu:443 HTTP/1.1" 200 0 "HTTPS" "outgoing via 192.168.50.30"
192.168.1.15 - rquintanilla [07/Aug/2021:04:18:39 -0500] "CONNECT pcmac.download:443 HTTP/1.1" 200 0 "HTTPS" "outgoing via 192.168.50.30"
192.168.1.15 - rquintanilla [07/Aug/2021:04:18:39 -0500] "POST http://r3.o.lencr.org/ HTTP/1.1" 200 1013 "HTTP" ""
192.168.1.15 - rquintanilla [07/Aug/2021:04:18:40 -0500] "CONNECT ssl.google-analytics.com:443 HTTP/1.1" 200 0 "HTTPS" "outgoing via 192.168.50.30"
192.168.1.15 - rquintanilla [07/Aug/2021:04:18:46 -0500] "CONNECT search.yahoo.com:443 HTTP/1.1" 200 0 "HTTPS" "outgoing via 192.168.50.30"
192.168.10.20 - arodriguez [07/Aug/2021:04:18:46 -0500] "CONNECT relay-0767eec0.net.anydesk.com:80 HTTP/1.1" 200 0 "HTTPS" "outgoing via 192.168.50.30"
192.168.1.15 - rquintanilla [07/Aug/2021:04:18:47 -0500] "CONNECT cdnjs.cloudflare.com:443 HTTP/1.1" 200 0 "HTTPS" "outgoing via 192.168.50.30"
192.168.1.15 - rquintanilla [07/Aug/2021:04:18:47 -0500] "CONNECT ajax.googleapis.com:443 HTTP/1.1" 200 0 "HTTPS" "outgoing via 192.168.50.30"
192.168.1.15 - rquintanilla [07/Aug/2021:04:18:47 -0500] "CONNECT soporte.sld.cu:443 HTTP/1.1" 200 0 "HTTPS" "outgoing via 192.168.50.30"
192.168.1.15 - rquintanilla [07/Aug/2021:04:18:47 -0500] "CONNECT soporte.sld.cu:443 HTTP/1.1" 200 0 "HTTPS" "outgoing via 192.168.50.30"
192.168.1.15 - rquintanilla [07/Aug/2021:04:18:47 -0500] "CONNECT soporte.sld.cu:443 HTTP/1.1" 200 0 "HTTPS" "outgoing via 192.168.50.30"
192.168.1.15 - rquintanilla [07/Aug/2021:04:18:47 -0500] "CONNECT soporte.sld.cu:443 HTTP/1.1" 200 0 "HTTPS" "outgoing via 192.168.50.30"
192.168.1.15 - rquintanilla [07/Aug/2021:04:18:47 -0500] "CONNECT soporte.sld.cu:443 HTTP/1.1" 200 0 "HTTPS" "outgoing via 192.168.50.30"
192.168.1.15 - rquintanilla [07/Aug/2021:04:18:47 -0500] "CONNECT a.pub.network:443 HTTP/1.1" 200 0 "HTTPS" "outgoing via 192.168.50.30"
192.168.1.15 - rquintanilla [07/Aug/2021:04:18:47 -0500] "CONNECT static.cloudflareinsights.com:443 HTTP/1.1" 200 0 "HTTPS" "outgoing via 192.168.50.30"
192.168.1.15 - rquintanilla [07/Aug/2021:04:18:48 -0500] "CONNECT www.mironcuba.com:443 HTTP/1.1" 200 0 "HTTPS" "outgoing via 192.168.50.30"
192.168.1.15 - rquintanilla [07/Aug/2021:04:18:52 -0500] "POST http://ocsp.pki.goog/gts1c3 HTTP/1.1" 200 850 "HTTP" ""
192.168.1.15 - rquintanilla [07/Aug/2021:04:18:52 -0500] "CONNECT stats.cubava.cu:443 HTTP/1.1" 200 0 "HTTPS" "outgoing via 192.168.50.30"
192.168.1.15 - rquintanilla [07/Aug/2021:04:18:55 -0500] "POST http://ocsp.pki.goog/gts1c3 HTTP/1.1" 200 849 "HTTP" ""
192.168.1.15 - rquintanilla [07/Aug/2021:04:18:56 -0500] "CONNECT safebrowsing.googleapis.com:443 HTTP/1.1" 200 0 "HTTPS" "outgoing via 192.168.50.30"
192.168.1.15 - rquintanilla [07/Aug/2021:04:18:56 -0500] "CONNECT is2-ssl.mzstatic.com:443 HTTP/1.1" 200 0 "HTTPS" "outgoing via 192.168.50.30"
192.168.1.15 - rquintanilla [07/Aug/2021:04:18:56 -0500] "CONNECT is5-ssl.mzstatic.com:443 HTTP/1.1" 200 0 "HTTPS" "outgoing via 192.168.50.30"
192.168.1.15 - rquintanilla [07/Aug/2021:04:18:56 -0500] "CONNECT is2-ssl.mzstatic.com:443 HTTP/1.1" 200 0 "HTTPS" "outgoing via 192.168.50.30"
192.168.1.15 - rquintanilla [07/Aug/2021:04:18:56 -0500] "CONNECT is3-ssl.mzstatic.com:443 HTTP/1.1" 200 0 "HTTPS" "outgoing via 192.168.50.30"
192.168.1.15 - rquintanilla [07/Aug/2021:04:18:56 -0500] "CONNECT is5-ssl.mzstatic.com:443 HTTP/1.1" 200 0 "HTTPS" "outgoing via 192.168.50.30"
192.168.1.15 - rquintanilla [07/Aug/2021:04:18:56 -0500] "CONNECT is5-ssl.mzstatic.com:443 HTTP/1.1" 200 0 "HTTPS" "outgoing via 192.168.50.30"
192.168.1.15 - rquintanilla [07/Aug/2021:04:18:56 -0500] "CONNECT is3-ssl.mzstatic.com:443 HTTP/1.1" 200 0 "HTTPS" "outgoing via 192.168.50.30"
192.168.1.15 - rquintanilla [07/Aug/2021:04:18:56 -0500] "CONNECT is3-ssl.mzstatic.com:443 HTTP/1.1" 200 0 "HTTPS" "outgoing via 192.168.50.30"
192.168.1.15 - rquintanilla [07/Aug/2021:04:18:56 -0500] "CONNECT is1-ssl.mzstatic.com:443 HTTP/1.1" 200 0 "HTTPS" "outgoing via 192.168.50.30"
192.168.1.15 - rquintanilla [07/Aug/2021:04:18:56 -0500] "CONNECT is3-ssl.mzstatic.com:443 HTTP/1.1" 200 0 "HTTPS" "outgoing via 192.168.50.30"
192.168.1.15 - rquintanilla [07/Aug/2021:04:18:56 -0500] "CONNECT is4-ssl.mzstatic.com:443 HTTP/1.1" 200 0 "HTTPS" "outgoing via 192.168.50.30"
192.168.1.15 - rquintanilla [07/Aug/2021:04:18:56 -0500] "CONNECT is4-ssl.mzstatic.com:443 HTTP/1.1" 200 0 "HTTPS" "outgoing via 192.168.50.30"
192.168.1.15 - rquintanilla [07/Aug/2021:04:18:56 -0500] "CONNECT is1-ssl.mzstatic.com:443 HTTP/1.1" 200 0 "HTTPS" "outgoing via 192.168.50.30"
192.168.1.15 - rquintanilla [07/Aug/2021:04:18:56 -0500] "CONNECT is2-ssl.mzstatic.com:443 HTTP/1.1" 200 0 "HTTPS" "outgoing via 192.168.50.30"
192.168.1.15 - rquintanilla [07/Aug/2021:04:18:56 -0500] "CONNECT is1-ssl.mzstatic.com:443 HTTP/1.1" 200 0 "HTTPS" "outgoing via 192.168.50.30"
192.168.1.15 - rquintanilla [07/Aug/2021:04:18:56 -0500] "CONNECT is5-ssl.mzstatic.com:443 HTTP/1.1" 200 0 "HTTPS" "outgoing via 192.168.50.30"
192.168.1.15 - rquintanilla [07/Aug/2021:04:18:56 -0500] "CONNECT is2-ssl.mzstatic.com:443 HTTP/1.1" 200 0 "HTTPS" "outgoing via 192.168.50.30"
192.168.1.15 - rquintanilla [07/Aug/2021:04:18:56 -0500] "CONNECT is5-ssl.mzstatic.com:443 HTTP/1.1" 200 0 "HTTPS" "outgoing via 192.168.50.30"
192.168.1.15 - rquintanilla [07/Aug/2021:04:18:56 -0500] "CONNECT is4-ssl.mzstatic.com:443 HTTP/1.1" 200 0 "HTTPS" "outgoing via 192.168.50.30"
192.168.1.15 - rquintanilla [07/Aug/2021:04:19:00 -0500] "CONNECT lh4.googleusercontent.com:443 HTTP/1.1" 200 0 "HTTPS" "outgoing via 192.168.50.30"
192.168.1.15 - rquintanilla [07/Aug/2021:04:19:00 -0500] "CONNECT lh6.googleusercontent.com:443 HTTP/1.1" 200 0 "HTTPS" "outgoing via 192.168.50.30"
192.168.1.15 - rquintanilla [07/Aug/2021:04:19:00 -0500] "CONNECT lh4.googleusercontent.com:443 HTTP/1.1" 200 0 "HTTPS" "outgoing via 192.168.50.30"
192.168.1.15 - rquintanilla [07/Aug/2021:04:19:00 -0500] "CONNECT lh4.googleusercontent.com:443 HTTP/1.1" 200 0 "HTTPS" "outgoing via 192.168.50.30"
192.168.1.15 - rquintanilla [07/Aug/2021:04:19:00 -0500] "CONNECT lh4.googleusercontent.com:443 HTTP/1.1" 200 0 "HTTPS" "outgoing via 192.168.50.30"
192.168.1.15 - rquintanilla [07/Aug/2021:04:19:00 -0500] "CONNECT lh6.googleusercontent.com:443 HTTP/1.1" 200 0 "HTTPS" "outgoing via 192.168.50.30"
192.168.1.15 - rquintanilla [07/Aug/2021:04:19:00 -0500] "CONNECT lh6.googleusercontent.com:443 HTTP/1.1" 200 0 "HTTPS" "outgoing via 192.168.50.30"
192.168.1.15 - rquintanilla [07/Aug/2021:04:19:00 -0500] "CONNECT lh6.googleusercontent.com:443 HTTP/1.1" 200 0 "HTTPS" "outgoing via 192.168.50.30"
192.168.1.15 - rquintanilla [07/Aug/2021:04:19:00 -0500] "CONNECT lh6.googleusercontent.com:443 HTTP/1.1" 200 0 "HTTPS" "outgoing via 192.168.50.30"
192.168.1.15 - rquintanilla [07/Aug/2021:04:19:00 -0500] "CONNECT lh4.googleusercontent.com:443 HTTP/1.1" 200 0 "HTTPS" "outgoing via 192.168.50.30"
192.168.1.15 - rquintanilla [07/Aug/2021:04:19:00 -0500] "CONNECT lh6.googleusercontent.com:443 HTTP/1.1" 200 0 "HTTPS" "outgoing via 192.168.50.30"
192.168.1.15 - rquintanilla [07/Aug/2021:04:19:00 -0500] "CONNECT lh5.googleusercontent.com:443 HTTP/1.1" 200 0 "HTTPS" "outgoing via 192.168.50.30"
192.168.1.15 - rquintanilla [07/Aug/2021:04:19:00 -0500] "CONNECT lh5.googleusercontent.com:443 HTTP/1.1" 200 0 "HTTPS" "outgoing via 192.168.50.30"
192.168.1.15 - rquintanilla [07/Aug/2021:04:19:00 -0500] "CONNECT lh4.googleusercontent.com:443 HTTP/1.1" 200 0 "HTTPS" "outgoing via 192.168.50.30"
192.168.1.15 - rquintanilla [07/Aug/2021:04:19:00 -0500] "CONNECT lh5.googleusercontent.com:443 HTTP/1.1" 200 0 "HTTPS" "outgoing via 192.168.50.30"
192.168.1.15 - rquintanilla [07/Aug/2021:04:19:00 -0500] "CONNECT www.mironcuba.com:443 HTTP/1.1" 200 0 "HTTPS" "outgoing via 192.168.50.30"
192.168.1.15 - rquintanilla [07/Aug/2021:04:19:05 -0500] "CONNECT mc.yandex.ru:443 HTTP/1.1" 200 0 "HTTPS" "outgoing via 192.168.50.30"
192.168.1.15 - rquintanilla [07/Aug/2021:04:19:05 -0500] "CONNECT mc.yandex.ru:443 HTTP/1.1" 200 0 "HTTPS" "outgoing via 192.168.50.30"
192.168.1.15 - rquintanilla [07/Aug/2021:04:19:07 -0500] "CONNECT d.pub.network:443 HTTP/1.1" 200 0 "HTTPS" "outgoing via 192.168.50.30"
192.168.1.15 - rquintanilla [07/Aug/2021:04:19:07 -0500] "CONNECT d.pub.network:443 HTTP/1.1" 200 0 "HTTPS" "outgoing via 192.168.50.30"
192.168.1.15 - rquintanilla [07/Aug/2021:04:19:08 -0500] "CONNECT soporte.sld.cu:443 HTTP/1.1" 200 0 "HTTPS" "outgoing via 192.168.50.30"
192.168.1.15 - rquintanilla [07/Aug/2021:04:19:08 -0500] "POST http://ocsp.pki.goog/gts1c3 HTTP/1.1" 200 849 "HTTP" ""
192.168.10.20 - arodriguez [07/Aug/2021:04:19:15 -0500] "CONNECT relay-0767eec0.net.anydesk.com:80 HTTP/1.1" 200 0 "HTTPS" "outgoing via 192.168.50.30"
192.168.1.15 - rquintanilla [07/Aug/2021:04:19:22 -0500] "CONNECT adservice.google.com:443 HTTP/1.1" 200 0 "HTTPS" "outgoing via 192.168.50.30"
192.168.1.15 - rquintanilla [07/Aug/2021:04:19:23 -0500] "CONNECT apis.google.com:443 HTTP/1.1" 200 0 "HTTPS" "outgoing via 192.168.50.30"
192.168.10.20 - arodriguez [07/Aug/2021:04:19:29 -0500] "CONNECT relay-5d364c18.net.anydesk.com:80 HTTP/1.1" 200 0 "HTTPS" "outgoing via 192.168.50.30"
192.168.1.15 - rquintanilla [07/Aug/2021:04:19:29 -0500] "POST http://r3.o.lencr.org/ HTTP/1.1" 200 1013 "HTTP" ""
192.168.1.15 - rquintanilla [07/Aug/2021:04:19:31 -0500] "CONNECT 0.1.0.1:1001 HTTP/1.1" 200 0 "HTTPS" "outgoing via 192.168.50.30"
192.168.1.15 - rquintanilla [07/Aug/2021:04:19:44 -0500] "CONNECT is1-ssl.mzstatic.com:443 HTTP/1.1" 200 0 "HTTPS" "outgoing via 192.168.50.30"
192.168.1.15 - rquintanilla [07/Aug/2021:04:19:44 -0500] "CONNECT is3-ssl.mzstatic.com:443 HTTP/1.1" 200 0 "HTTPS" "outgoing via 192.168.50.30"
192.168.1.15 - rquintanilla [07/Aug/2021:04:19:44 -0500] "CONNECT is2-ssl.mzstatic.com:443 HTTP/1.1" 200 0 "HTTPS" "outgoing via 192.168.50.30"
192.168.6.34 - amorgado [07/Aug/2021:04:19:46 -0500] "CONNECT 149.154.175.50:443 HTTP/1.1" 200 0 "HTTPS" "outgoing via 192.168.50.30"
192.168.6.34 - amorgado [07/Aug/2021:04:19:46 -0500] "CONNECT 45.142.38.130:9286 HTTP/1.1" 200 0 "HTTPS" "outgoing via 192.168.50.30"
192.168.1.15 - rquintanilla [07/Aug/2021:04:19:46 -0500] "CONNECT adservice.google.com.cu:443 HTTP/1.1" 200 0 "HTTPS" "outgoing via 192.168.50.30"
192.168.1.15 - rquintanilla [07/Aug/2021:04:19:50 -0500] "CONNECT mc.yandex.md:443 HTTP/1.1" 200 0 "HTTPS" "outgoing via 192.168.50.30"
192.168.1.15 - rquintanilla [07/Aug/2021:04:19:51 -0500] "CONNECT is5-ssl.mzstatic.com:443 HTTP/1.1" 200 0 "HTTPS" "outgoing via 192.168.50.30"
192.168.1.15 - rquintanilla [07/Aug/2021:04:19:51 -0500] "CONNECT store-images.s-microsoft.com:443 HTTP/1.1" 200 0 "HTTPS" "outgoing via 192.168.50.30"
192.168.1.15 - rquintanilla [07/Aug/2021:04:19:51 -0500] "CONNECT store-images.s-microsoft.com:443 HTTP/1.1" 200 0 "HTTPS" "outgoing via 192.168.50.30"
192.168.1.15 - rquintanilla [07/Aug/2021:04:19:51 -0500] "CONNECT store-images.s-microsoft.com:443 HTTP/1.1" 200 0 "HTTPS" "outgoing via 192.168.50.30"
192.168.1.15 - rquintanilla [07/Aug/2021:04:19:55 -0500] "POST http://ocsp.pki.goog/gts1d4 HTTP/1.1" 200 849 "HTTP" ""
192.168.1.15 - rquintanilla [07/Aug/2021:04:19:55 -0500] "CONNECT googleads.g.doubleclick.net:443 HTTP/1.1" 200 0 "HTTPS" "outgoing via 192.168.50.30"
192.168.1.15 - rquintanilla [07/Aug/2021:04:19:56 -0500] "GET http://detectportal.firefox.com/canonical.html HTTP/1.1" 200 444 "HTTP" ""
192.168.1.15 - rquintanilla [07/Aug/2021:04:19:57 -0500] "GET http://detectportal.firefox.com/success.txt?ipv4 HTTP/1.1" 200 362 "HTTP" ""
192.168.10.20 - arodriguez [07/Aug/2021:04:19:58 -0500] "CONNECT relay-5d364c18.net.anydesk.com:80 HTTP/1.1" 200 0 "HTTPS" "outgoing via 192.168.50.30"
192.168.1.15 - rquintanilla [07/Aug/2021:04:19:58 -0500] "CONNECT ogs.google.com:443 HTTP/1.1" 200 0 "HTTPS" "outgoing via 192.168.50.30"
192.168.1.15 - rquintanilla [07/Aug/2021:04:19:58 -0500] "CONNECT adservice.google.com:443 HTTP/1.1" 200 0 "HTTPS" "outgoing via 192.168.50.30"
192.168.1.15 - rquintanilla [07/Aug/2021:04:19:59 -0500] "CONNECT adservice.google.com.cu:443 HTTP/1.1" 200 0 "HTTPS" "outgoing via 192.168.50.30"
192.168.1.15 - rquintanilla [07/Aug/2021:04:19:59 -0500] "CONNECT ogs.google.com:443 HTTP/1.1" 200 0 "HTTPS" "outgoing via 192.168.50.30"
192.168.1.15 - rquintanilla [07/Aug/2021:04:20:00 -0500] "CONNECT googleads.g.doubleclick.net:443 HTTP/1.1" 200 0 "HTTPS" "outgoing via 192.168.50.30"
192.168.1.15 - rquintanilla [07/Aug/2021:04:20:00 -0500] "GET http://detectportal.firefox.com/canonical.html HTTP/1.1" 200 444 "HTTP" ""
192.168.1.15 - rquintanilla [07/Aug/2021:04:20:01 -0500] "GET http://detectportal.firefox.com/success.txt?ipv4 HTTP/1.1" 200 362 "HTTP" ""
192.168.1.15 - rquintanilla [07/Aug/2021:04:20:11 -0500] "CONNECT www.jovenclub.cu:443 HTTP/1.1" 200 0 "HTTPS" "outgoing via 192.168.50.30"
192.168.1.15 - rquintanilla [07/Aug/2021:04:20:12 -0500] "CONNECT www.jovenclub.cu:443 HTTP/1.1" 200 0 "HTTPS" "outgoing via 192.168.50.30"
192.168.1.15 - rquintanilla [07/Aug/2021:04:20:13 -0500] "CONNECT www.jovenclub.cu:443 HTTP/1.1" 200 0 "HTTPS" "outgoing via 192.168.50.30"
192.168.1.15 - rquintanilla [07/Aug/2021:04:20:13 -0500] "CONNECT www.jovenclub.cu:443 HTTP/1.1" 200 0 "HTTPS" "outgoing via 192.168.50.30"
192.168.10.20 - arodriguez [07/Aug/2021:04:20:27 -0500] "CONNECT relay-5d364c18.net.anydesk.com:80 HTTP/1.1" 200 0 "HTTPS" "outgoing via 192.168.50.30"
192.168.1.15 - rquintanilla [07/Aug/2021:04:20:36 -0500] "CONNECT www.jovenclub.cu:443 HTTP/1.1" 200 0 "HTTPS" "outgoing via 192.168.50.30"
192.168.1.15 - rquintanilla [07/Aug/2021:04:20:36 -0500] "CONNECT www.jovenclub.cu:443 HTTP/1.1" 200 0 "HTTPS" "outgoing via 192.168.50.30"
192.168.1.15 - rquintanilla [07/Aug/2021:04:20:36 -0500] "CONNECT www.jovenclub.cu:443 HTTP/1.1" 200 0 "HTTPS" "outgoing via 192.168.50.30"
192.168.1.15 - rquintanilla [07/Aug/2021:04:20:36 -0500] "CONNECT www.jovenclub.cu:443 HTTP/1.1" 200 0 "HTTPS" "outgoing via 192.168.50.30"
192.168.1.15 - rquintanilla [07/Aug/2021:04:20:36 -0500] "CONNECT stats.cubava.cu:443 HTTP/1.1" 200 0 "HTTPS" "outgoing via 192.168.50.30"
192.168.1.15 - rquintanilla [07/Aug/2021:04:20:44 -0500] "CONNECT incoming.telemetry.mozilla.org:443 HTTP/1.1" 200 0 "HTTPS" "outgoing via 192.168.50.30"
192.168.10.20 - arodriguez [07/Aug/2021:04:20:55 -0500] "CONNECT relay-5d364c18.net.anydesk.com:80 HTTP/1.1" 200 0 "HTTPS" "outgoing via 192.168.50.30"
192.168.1.15 - rquintanilla [07/Aug/2021:04:20:55 -0500] "POST http://r3.o.lencr.org/ HTTP/1.1" 200 1013 "HTTP" ""
192.168.6.34 - amorgado [07/Aug/2021:04:21:07 -0500] "CONNECT 149.154.175.50:443 HTTP/1.1" 200 0 "HTTPS" "outgoing via 192.168.50.30"
192.168.6.34 - amorgado [07/Aug/2021:04:21:07 -0500] "CONNECT 45.142.38.130:9286 HTTP/1.1" 200 0 "HTTPS" "outgoing via 192.168.50.30"
192.168.1.15 - rquintanilla [07/Aug/2021:04:21:09 -0500] "POST http://yandex.ocsp-responder.com/ HTTP/1.1" 200 1848 "HTTP" ""
192.168.10.20 - arodriguez [07/Aug/2021:04:21:09 -0500] "CONNECT relay-bd01ff02.net.anydesk.com:80 HTTP/1.1" 200 0 "HTTPS" "outgoing via 192.168.50.30"
192.168.1.15 - rquintanilla [07/Aug/2021:04:21:23 -0500] "POST http://ocsp.godaddy.com/ HTTP/1.1" 200 2411 "HTTP" ""
192.168.1.15 - rquintanilla [07/Aug/2021:04:21:28 -0500] "CONNECT linkhelp.clients.google.com:443 HTTP/1.1" 200 0 "HTTPS" "outgoing via 192.168.50.30"
192.168.1.15 - rquintanilla [07/Aug/2021:04:21:28 -0500] "POST http://ocsp.godaddy.com/ HTTP/1.1" 200 2411 "HTTP" ""
192.168.1.15 - rquintanilla [07/Aug/2021:04:21:28 -0500] "CONNECT archive.org:443 HTTP/1.1" 200 0 "HTTPS" "outgoing via 192.168.50.30"
192.168.1.15 - rquintanilla [07/Aug/2021:04:21:28 -0500] "CONNECT archive.org:443 HTTP/1.1" 200 0 "HTTPS" "outgoing via 192.168.50.30"
192.168.1.15 - rquintanilla [07/Aug/2021:04:21:34 -0500] "POST http://ocsp.pki.goog/gts1c3 HTTP/1.1" 200 849 "HTTP" ""
192.168.10.20 - arodriguez [07/Aug/2021:04:21:38 -0500] "CONNECT relay-bd01ff02.net.anydesk.com:80 HTTP/1.1" 200 0 "HTTPS" "outgoing via 192.168.50.30"
192.168.1.15 - rquintanilla [07/Aug/2021:04:21:56 -0500] "CONNECT 0.1.0.1:1001 HTTP/1.1" 200 0 "HTTPS" "outgoing via 192.168.50.30"
192.168.10.20 - arodriguez [07/Aug/2021:04:22:07 -0500] "CONNECT relay-bd01ff02.net.anydesk.com:80 HTTP/1.1" 200 0 "HTTPS" "outgoing via 192.168.50.30"
192.168.10.20 - arodriguez [07/Aug/2021:04:22:36 -0500] "CONNECT relay-bd01ff02.net.anydesk.com:80 HTTP/1.1" 200 0 "HTTPS" "outgoing via 192.168.50.30"
192.168.10.20 - arodriguez [07/Aug/2021:04:22:50 -0500] "CONNECT relay-afcf85da.net.anydesk.com:80 HTTP/1.1" 200 0 "HTTPS" "outgoing via 192.168.50.30"
192.168.10.20 - arodriguez [07/Aug/2021:04:23:19 -0500] "CONNECT relay-afcf85da.net.anydesk.com:80 HTTP/1.1" 200 0 "HTTPS" "outgoing via 192.168.50.30"
192.168.1.15 - rquintanilla [07/Aug/2021:04:23:28 -0500] "CONNECT soporte.sld.cu:443 HTTP/1.1" 200 0 "HTTPS" "outgoing via 192.168.50.30"
192.168.6.34 - amorgado [07/Aug/2021:04:23:38 -0500] "CONNECT settings-win.data.microsoft.com:443 HTTP/1.1" 200 0 "HTTPS" "outgoing via 192.168.50.30"
192.168.1.15 - rquintanilla [07/Aug/2021:04:23:46 -0500] "CONNECT search.yahoo.com:443 HTTP/1.1" 200 0 "HTTPS" "outgoing via 192.168.50.30"
192.168.10.20 - arodriguez [07/Aug/2021:04:23:47 -0500] "CONNECT relay-afcf85da.net.anydesk.com:80 HTTP/1.1" 200 0 "HTTPS" "outgoing via 192.168.50.30"
192.168.10.20 - arodriguez [07/Aug/2021:04:24:01 -0500] "CONNECT relay-89970c8c.net.anydesk.com:80 HTTP/1.1" 200 0 "HTTPS" "outgoing via 192.168.50.30"
192.168.1.15 - rquintanilla [07/Aug/2021:04:24:14 -0500] "CONNECT soporte.sld.cu:443 HTTP/1.1" 200 0 "HTTPS" "outgoing via 192.168.50.30"
192.168.1.15 - rquintanilla [07/Aug/2021:04:24:19 -0500] "CONNECT 0.1.0.1:1001 HTTP/1.1" 200 0 "HTTPS" "outgoing via 192.168.50.30"
192.168.10.20 - arodriguez [07/Aug/2021:04:24:30 -0500] "CONNECT relay-89970c8c.net.anydesk.com:80 HTTP/1.1" 200 0 "HTTPS" "outgoing via 192.168.50.30"
192.168.1.15 - rquintanilla [07/Aug/2021:04:24:38 -0500] "GET http://download.jovenclub.cu/?C=M;O=A HTTP/1.1" 200 3381 "HTTP" "index - powered by h5ai v0.29.0 (https://larsjung.de/h5ai/)"
192.168.1.15 - rquintanilla [07/Aug/2021:04:24:38 -0500] "GET http://download.jovenclub.cu/_h5ai/public/css/styles.css HTTP/1.1" 200 26573 "HTTP" ""
192.168.1.15 - rquintanilla [07/Aug/2021:04:24:39 -0500] "CONNECT fonts.googleapis.com:443 HTTP/1.1" 200 0 "HTTPS" "outgoing via 192.168.50.30"
192.168.1.15 - rquintanilla [07/Aug/2021:04:24:39 -0500] "GET http://download.jovenclub.cu/_h5ai/public/js/scripts.js HTTP/1.1" 200 99033 "HTTP" ""
192.168.1.15 - rquintanilla [07/Aug/2021:04:24:39 -0500] "GET http://download.jovenclub.cu/_h5ai/public/images/fallback/folder.png HTTP/1.1" 200 458 "HTTP" ""
192.168.1.15 - rquintanilla [07/Aug/2021:04:24:39 -0500] "POST http://download.jovenclub.cu/? HTTP/1.1" 200 6309 "HTTP" ""
192.168.1.15 - rquintanilla [07/Aug/2021:04:24:39 -0500] "GET http://download.jovenclub.cu/_h5ai/public/images/ui/view-details.svg HTTP/1.1" 200 588 "HTTP" ""
192.168.1.15 - rquintanilla [07/Aug/2021:04:24:39 -0500] "GET http://download.jovenclub.cu/_h5ai/public/images/ui/view-grid.svg HTTP/1.1" 200 639 "HTTP" ""
192.168.1.15 - rquintanilla [07/Aug/2021:04:24:39 -0500] "GET http://download.jovenclub.cu/_h5ai/public/images/ui/sidebar.svg HTTP/1.1" 200 586 "HTTP" ""
192.168.1.15 - rquintanilla [07/Aug/2021:04:24:39 -0500] "GET http://download.jovenclub.cu/_h5ai/public/images/ui/info-toggle.svg HTTP/1.1" 200 696 "HTTP" ""
192.168.1.15 - rquintanilla [07/Aug/2021:04:24:39 -0500] "GET http://download.jovenclub.cu/_h5ai/public/images/ui/view-icons.svg HTTP/1.1" 200 603 "HTTP" ""
192.168.1.15 - rquintanilla [07/Aug/2021:04:24:39 -0500] "GET http://download.jovenclub.cu/_h5ai/public/images/ui/preview-prev.svg HTTP/1.1" 200 578 "HTTP" ""
192.168.1.15 - rquintanilla [07/Aug/2021:04:24:39 -0500] "POST http://download.jovenclub.cu/? HTTP/1.1" 200 1029 "HTTP" ""
192.168.1.15 - rquintanilla [07/Aug/2021:04:24:39 -0500] "GET http://download.jovenclub.cu/_h5ai/public/images/ui/preview-fullscreen.svg HTTP/1.1" 200 619 "HTTP" ""
192.168.1.15 - rquintanilla [07/Aug/2021:04:24:39 -0500] "GET http://download.jovenclub.cu/_h5ai/public/images/ui/spinner.svg HTTP/1.1" 200 788 "HTTP" ""
192.168.1.15 - rquintanilla [07/Aug/2021:04:24:40 -0500] "GET http://download.jovenclub.cu/_h5ai/public/images/ui/crumb.svg HTTP/1.1" 200 577 "HTTP" ""
192.168.1.15 - rquintanilla [07/Aug/2021:04:24:40 -0500] "GET http://download.jovenclub.cu/_h5ai/public/images/themes/default/folder.svg HTTP/1.1" 200 501 "HTTP" ""
192.168.1.15 - rquintanilla [07/Aug/2021:04:24:40 -0500] "CONNECT stats.cubava.cu:443 HTTP/1.1" 200 0 "HTTPS" "outgoing via 192.168.50.30"
192.168.1.15 - rquintanilla [07/Aug/2021:04:24:41 -0500] "CONNECT fonts.gstatic.com:443 HTTP/1.1" 200 0 "HTTPS" "outgoing via 192.168.50.30"
192.168.1.15 - rquintanilla [07/Aug/2021:04:24:42 -0500] "GET http://download.jovenclub.cu/_h5ai/public/images/favicon/favicon-152.png HTTP/1.1" 200 579 "HTTP" ""
192.168.1.15 - rquintanilla [07/Aug/2021:04:24:43 -0500] "GET http://www.squid-cache.org/Artwork/SN.png HTTP/1.1" 200 13197 "HTTP" ""
192.168.1.15 - rquintanilla [07/Aug/2021:04:24:45 -0500] "CONNECT www.facebook.com:443 HTTP/1.1" 200 0 "HTTPS" "outgoing via 192.168.50.30"
192.168.1.15 - rquintanilla [07/Aug/2021:04:24:47 -0500] "CONNECT www.facebook.com:443 HTTP/1.1" 200 0 "HTTPS" "outgoing via 192.168.50.30"
192.168.6.34 - amorgado [07/Aug/2021:04:24:48 -0500] "CONNECT 149.154.175.50:443 HTTP/1.1" 200 0 "HTTPS" "outgoing via 192.168.50.30"
192.168.6.34 - amorgado [07/Aug/2021:04:24:48 -0500] "CONNECT 45.142.38.130:9286 HTTP/1.1" 200 0 "HTTPS" "outgoing via 192.168.50.30"
192.168.1.15 - rquintanilla [07/Aug/2021:04:24:49 -0500] "CONNECT static.xx.fbcdn.net:443 HTTP/1.1" 200 0 "HTTPS" "outgoing via 192.168.50.30"
192.168.1.15 - rquintanilla [07/Aug/2021:04:24:55 -0500] "CONNECT adservice.google.com:443 HTTP/1.1" 200 0 "HTTPS" "outgoing via 192.168.50.30"
192.168.1.15 - rquintanilla [07/Aug/2021:04:24:56 -0500] "CONNECT facebook.com:443 HTTP/1.1" 200 0 "HTTPS" "outgoing via 192.168.50.30"
192.168.1.15 - rquintanilla [07/Aug/2021:04:24:56 -0500] "CONNECT scontent-mia3-1.xx.fbcdn.net:443 HTTP/1.1" 200 0 "HTTPS" "outgoing via 192.168.50.30"
192.168.1.15 - rquintanilla [07/Aug/2021:04:24:56 -0500] "CONNECT scontent-mia3-2.xx.fbcdn.net:443 HTTP/1.1" 200 0 "HTTPS" "outgoing via 192.168.50.30"
192.168.1.15 - rquintanilla [07/Aug/2021:04:24:56 -0500] "CONNECT external-mia3-2.xx.fbcdn.net:443 HTTP/1.1" 200 0 "HTTPS" "outgoing via 192.168.50.30"
192.168.1.15 - rquintanilla [07/Aug/2021:04:24:57 -0500] "CONNECT cx.atdmt.com:443 HTTP/1.1" 200 0 "HTTPS" "outgoing via 192.168.50.30"
192.168.1.15 - rquintanilla [07/Aug/2021:04:24:57 -0500] "POST http://r3.o.lencr.org/ HTTP/1.1" 200 1013 "HTTP" ""
192.168.1.15 - rquintanilla [07/Aug/2021:04:24:58 -0500] "CONNECT adservice.google.com.cu:443 HTTP/1.1" 200 0 "HTTPS" "outgoing via 192.168.50.30"
192.168.10.20 - arodriguez [07/Aug/2021:04:24:59 -0500] "CONNECT relay-89970c8c.net.anydesk.com:80 HTTP/1.1" 200 0 "HTTPS" "outgoing via 192.168.50.30"
192.168.1.15 - rquintanilla [07/Aug/2021:04:25:00 -0500] "CONNECT ogs.google.com:443 HTTP/1.1" 200 0 "HTTPS" "outgoing via 192.168.50.30"
192.168.1.15 - rquintanilla [07/Aug/2021:04:25:00 -0500] "CONNECT www.googleadservices.com:443 HTTP/1.1" 200 0 "HTTPS" "outgoing via 192.168.50.30"
192.168.1.15 - rquintanilla [07/Aug/2021:04:25:04 -0500] "CONNECT googleads.g.doubleclick.net:443 HTTP/1.1" 200 0 "HTTPS" "outgoing via 192.168.50.30"
192.168.1.15 - rquintanilla [07/Aug/2021:04:25:04 -0500] "CONNECT googleads.g.doubleclick.net:443 HTTP/1.1" 200 0 "HTTPS" "outgoing via 192.168.50.30"
192.168.1.15 - rquintanilla [07/Aug/2021:04:25:06 -0500] "CONNECT play.google.com:443 HTTP/1.1" 200 0 "HTTPS" "outgoing via 192.168.50.30"
192.168.1.15 - rquintanilla [07/Aug/2021:04:25:06 -0500] "CONNECT play.google.com:443 HTTP/1.1" 200 0 "HTTPS" "outgoing via 192.168.50.30"
192.168.1.15 - rquintanilla [07/Aug/2021:04:25:06 -0500] "CONNECT adservice.google.com:443 HTTP/1.1" 200 0 "HTTPS" "outgoing via 192.168.50.30"
192.168.1.15 - rquintanilla [07/Aug/2021:04:25:08 -0500] "CONNECT adservice.google.com.cu:443 HTTP/1.1" 200 0 "HTTPS" "outgoing via 192.168.50.30"
192.168.1.15 - rquintanilla [07/Aug/2021:04:25:09 -0500] "CONNECT googleads.g.doubleclick.net:443 HTTP/1.1" 200 0 "HTTPS" "outgoing via 192.168.50.30"
192.168.1.15 - rquintanilla [07/Aug/2021:04:25:09 -0500] "GET http://detectportal.firefox.com/canonical.html HTTP/1.1" 200 444 "HTTP" ""
192.168.1.15 - rquintanilla [07/Aug/2021:04:25:09 -0500] "GET http://detectportal.firefox.com/success.txt?ipv4 HTTP/1.1" 200 362 "HTTP" ""
192.168.10.20 - arodriguez [07/Aug/2021:04:25:12 -0500] "CONNECT relay-bd01ff02.net.anydesk.com:80 HTTP/1.1" 200 0 "HTTPS" "outgoing via 192.168.50.30"
192.168.1.15 - rquintanilla [07/Aug/2021:04:25:24 -0500] "GET http://download.jovenclub.cu/_h5ai/public/images/favicon/favicon-16-32.ico HTTP/1.1" 200 5796 "HTTP" ""
192.168.1.15 - rquintanilla [07/Aug/2021:04:25:24 -0500] "GET http://ftp.sld.cu/pub/imagen/Photoshop%20CS4%20Lite%20Espa%f1ol.exe HTTP/1.1" 200 4034 "HTTP" "ERROR: El URL solicitado no se ha podido conseguir"
192.168.10.20 - arodriguez [07/Aug/2021:04:25:41 -0500] "CONNECT relay-bd01ff02.net.anydesk.com:80 HTTP/1.1" 200 0 "HTTPS" "outgoing via 192.168.50.30"
192.168.1.15 - rquintanilla [07/Aug/2021:04:25:45 -0500] "CONNECT edge-chat.facebook.com:443 HTTP/1.1" 200 0 "HTTPS" "outgoing via 192.168.50.30"
192.168.1.15 - rquintanilla [07/Aug/2021:04:25:45 -0500] "CONNECT scontent.xx.fbcdn.net:443 HTTP/1.1" 200 0 "HTTPS" "outgoing via 192.168.50.30"
192.168.1.15 - rquintanilla [07/Aug/2021:04:25:46 -0500] "CONNECT gateway.facebook.com:443 HTTP/1.1" 200 0 "HTTPS" "outgoing via 192.168.50.30"
192.168.1.15 - rquintanilla [07/Aug/2021:04:25:49 -0500] "CONNECT soft.uclv.edu.cu:443 HTTP/1.1" 200 0 "HTTPS" "outgoing via 192.168.50.30"
192.168.1.15 - rquintanilla [07/Aug/2021:04:25:49 -0500] "POST http://ocsp.digicert.com/ HTTP/1.1" 200 947 "HTTP" ""
192.168.1.15 - rquintanilla [07/Aug/2021:04:25:50 -0500] "CONNECT www.uclv.edu.cu:443 HTTP/1.1" 200 0 "HTTPS" "outgoing via 192.168.50.30"
192.168.1.15 - rquintanilla [07/Aug/2021:04:25:54 -0500] "CONNECT soft.uclv.edu.cu:443 HTTP/1.1" 200 0 "HTTPS" "outgoing via 192.168.50.30"
192.168.1.15 - rquintanilla [07/Aug/2021:04:25:54 -0500] "CONNECT soft.uclv.edu.cu:443 HTTP/1.1" 200 0 "HTTPS" "outgoing via 192.168.50.30"
192.168.1.15 - rquintanilla [07/Aug/2021:04:25:57 -0500] "CONNECT www.uclv.edu.cu:443 HTTP/1.1" 200 0 "HTTPS" "outgoing via 192.168.50.30"
192.168.1.15 - rquintanilla [07/Aug/2021:04:25:57 -0500] "CONNECT telus.redcuba.cu:443 HTTP/1.1" 200 0 "HTTPS" "outgoing via 192.168.50.30"
192.168.1.15 - rquintanilla [07/Aug/2021:04:25:57 -0500] "CONNECT www.uclv.edu.cu:443 HTTP/1.1" 200 0 "HTTPS" "outgoing via 192.168.50.30"
192.168.1.15 - rquintanilla [07/Aug/2021:04:25:57 -0500] "CONNECT www.uclv.edu.cu:443 HTTP/1.1" 200 0 "HTTPS" "outgoing via 192.168.50.30"
192.168.1.15 - rquintanilla [07/Aug/2021:04:25:57 -0500] "CONNECT www.uclv.edu.cu:443 HTTP/1.1" 200 0 "HTTPS" "outgoing via 192.168.50.30"
192.168.1.15 - rquintanilla [07/Aug/2021:04:25:57 -0500] "CONNECT www.uclv.edu.cu:443 HTTP/1.1" 200 0 "HTTPS" "outgoing via 192.168.50.30"
192.168.1.15 - rquintanilla [07/Aug/2021:04:25:57 -0500] "POST http://r3.o.lencr.org/ HTTP/1.1" 200 1013 "HTTP" ""
192.168.6.34 - amorgado [07/Aug/2021:04:26:09 -0500] "CONNECT 149.154.175.50:443 HTTP/1.1" 200 0 "HTTPS" "outgoing via 192.168.50.30"
192.168.6.34 - amorgado [07/Aug/2021:04:26:09 -0500] "CONNECT 45.142.38.130:9286 HTTP/1.1" 200 0 "HTTPS" "outgoing via 192.168.50.30"
192.168.10.20 - arodriguez [07/Aug/2021:04:26:10 -0500] "CONNECT relay-bd01ff02.net.anydesk.com:80 HTTP/1.1" 200 0 "HTTPS" "outgoing via 192.168.50.30"
192.168.10.20 - arodriguez [07/Aug/2021:04:26:39 -0500] "CONNECT relay-bd01ff02.net.anydesk.com:80 HTTP/1.1" 200 0 "HTTPS" "outgoing via 192.168.50.30"
192.168.1.15 - rquintanilla [07/Aug/2021:04:26:47 -0500] "CONNECT 0.1.0.1:1001 HTTP/1.1" 200 0 "HTTPS" "outgoing via 192.168.50.30"
192.168.10.20 - arodriguez [07/Aug/2021:04:26:52 -0500] "CONNECT relay-096fe6d0.net.anydesk.com:80 HTTP/1.1" 200 0 "HTTPS" "outgoing via 192.168.50.30"
192.168.1.15 - rquintanilla [07/Aug/2021:04:27:06 -0500] "CONNECT incoming.telemetry.mozilla.org:443 HTTP/1.1" 200 0 "HTTPS" "outgoing via 192.168.50.30"
192.168.10.20 - arodriguez [07/Aug/2021:04:27:21 -0500] "CONNECT relay-096fe6d0.net.anydesk.com:80 HTTP/1.1" 200 0 "HTTPS" "outgoing via 192.168.50.30"
192.168.1.15 - rquintanilla [07/Aug/2021:04:27:48 -0500] "POST http://ocsp.digicert.com/ HTTP/1.1" 200 947 "HTTP" ""
192.168.10.20 - arodriguez [07/Aug/2021:04:27:50 -0500] "CONNECT relay-096fe6d0.net.anydesk.com:80 HTTP/1.1" 200 0 "HTTPS" "outgoing via 192.168.50.30"
192.168.10.20 - arodriguez [07/Aug/2021:04:28:04 -0500] "CONNECT relay-98c2705c.net.anydesk.com:80 HTTP/1.1" 200 0 "HTTPS" "outgoing via 192.168.50.30"
192.168.10.20 - arodriguez [07/Aug/2021:04:28:33 -0500] "CONNECT relay-98c2705c.net.anydesk.com:80 HTTP/1.1" 200 0 "HTTPS" "outgoing via 192.168.50.30"
192.168.1.15 - rquintanilla [07/Aug/2021:04:28:39 -0500] "CONNECT wowmania.cubava.cu:443 HTTP/1.1" 200 0 "HTTPS" "outgoing via 192.168.50.30"
192.168.1.15 - rquintanilla [07/Aug/2021:04:28:44 -0500] "CONNECT stats.cubava.cu:443 HTTP/1.1" 200 0 "HTTPS" "outgoing via 192.168.50.30"
192.168.1.15 - rquintanilla [07/Aug/2021:04:28:44 -0500] "CONNECT ajax.googleapis.com:443 HTTP/1.1" 200 0 "HTTPS" "outgoing via 192.168.50.30"
192.168.1.15 - rquintanilla [07/Aug/2021:04:28:44 -0500] "CONNECT static.addtoany.com:443 HTTP/1.1" 200 0 "HTTPS" "outgoing via 192.168.50.30"
192.168.1.15 - rquintanilla [07/Aug/2021:04:28:44 -0500] "CONNECT apprefaculty.pro:443 HTTP/1.1" 200 0 "HTTPS" "outgoing via 192.168.50.30"
192.168.1.15 - rquintanilla [07/Aug/2021:04:28:44 -0500] "CONNECT s.w.org:443 HTTP/1.1" 200 0 "HTTPS" "outgoing via 192.168.50.30"
192.168.1.15 - rquintanilla [07/Aug/2021:04:28:44 -0500] "CONNECT www.google-analytics.com:443 HTTP/1.1" 200 0 "HTTPS" "outgoing via 192.168.50.30"
192.168.1.15 - rquintanilla [07/Aug/2021:04:28:45 -0500] "CONNECT fonts.googleapis.com:443 HTTP/1.1" 200 0 "HTTPS" "outgoing via 192.168.50.30"
192.168.1.15 - rquintanilla [07/Aug/2021:04:28:46 -0500] "CONNECT search.yahoo.com:443 HTTP/1.1" 200 0 "HTTPS" "outgoing via 192.168.50.30"
192.168.1.15 - rquintanilla [07/Aug/2021:04:28:47 -0500] "CONNECT stats.g.doubleclick.net:443 HTTP/1.1" 200 0 "HTTPS" "outgoing via 192.168.50.30"
192.168.1.15 - rquintanilla [07/Aug/2021:04:28:48 -0500] "CONNECT fonts.gstatic.com:443 HTTP/1.1" 200 0 "HTTPS" "outgoing via 192.168.50.30"
192.168.1.15 - rquintanilla [07/Aug/2021:04:28:50 -0500] "CONNECT graph.facebook.com:443 HTTP/1.1" 200 0 "HTTPS" "outgoing via 192.168.50.30"
192.168.1.15 - rquintanilla [07/Aug/2021:04:28:55 -0500] "CONNECT soporte.sld.cu:443 HTTP/1.1" 200 0 "HTTPS" "outgoing via 192.168.50.30"
192.168.1.15 - rquintanilla [07/Aug/2021:04:28:57 -0500] "CONNECT soporte.sld.cu:443 HTTP/1.1" 200 0 "HTTPS" "outgoing via 192.168.50.30"
192.168.10.20 - arodriguez [07/Aug/2021:04:29:02 -0500] "CONNECT relay-98c2705c.net.anydesk.com:80 HTTP/1.1" 200 0 "HTTPS" "outgoing via 192.168.50.30"
192.168.10.20 - arodriguez [07/Aug/2021:04:29:16 -0500] "CONNECT relay-afcf85da.net.anydesk.com:80 HTTP/1.1" 200 0 "HTTPS" "outgoing via 192.168.50.30"
192.168.1.15 - rquintanilla [07/Aug/2021:04:29:19 -0500] "POST http://download.jovenclub.cu/aplicaciones/? HTTP/1.1" 200 2648 "HTTP" ""
192.168.1.15 - rquintanilla [07/Aug/2021:04:29:25 -0500] "CONNECT 0.1.0.1:1001 HTTP/1.1" 200 0 "HTTPS" "outgoing via 192.168.50.30"
192.168.1.15 - rquintanilla [07/Aug/2021:04:29:29 -0500] "GET http://download.jovenclub.cu/_h5ai/public/images/themes/default/folder-parent.svg HTTP/1.1" 200 527 "HTTP" ""
192.168.1.15 - rquintanilla [07/Aug/2021:04:29:29 -0500] "POST http://download.jovenclub.cu/aplicaciones/? HTTP/1.1" 200 502 "HTTP" ""
192.168.1.15 - rquintanilla [07/Aug/2021:04:29:31 -0500] "POST http://download.jovenclub.cu/? HTTP/1.1" 200 502 "HTTP" ""
192.168.1.15 - rquintanilla [07/Aug/2021:04:29:31 -0500] "POST http://download.jovenclub.cu/? HTTP/1.1" 200 1029 "HTTP" ""
192.168.1.15 - rquintanilla [07/Aug/2021:04:29:36 -0500] "POST http://download.jovenclub.cu/aplicaciones/? HTTP/1.1" 200 502 "HTTP" ""
192.168.1.15 - rquintanilla [07/Aug/2021:04:29:36 -0500] "POST http://download.jovenclub.cu/aplicaciones/? HTTP/1.1" 200 2648 "HTTP" ""
192.168.10.20 - arodriguez [07/Aug/2021:04:29:45 -0500] "CONNECT relay-afcf85da.net.anydesk.com:80 HTTP/1.1" 200 0 "HTTPS" "outgoing via 192.168.50.30"
192.168.6.34 - amorgado [07/Aug/2021:04:29:50 -0500] "CONNECT 149.154.175.50:443 HTTP/1.1" 200 0 "HTTPS" "outgoing via 192.168.50.30"
192.168.6.34 - amorgado [07/Aug/2021:04:29:50 -0500] "CONNECT 45.142.38.130:9286 HTTP/1.1" 200 0 "HTTPS" "outgoing via 192.168.50.30"
192.168.1.15 - rquintanilla [07/Aug/2021:04:30:10 -0500] "GET http://ftp.sld.cu/pub/internet/ftp/DAP.Premium.v10.0.3.2.rar HTTP/1.1" 200 4007 "HTTP" "ERROR: El URL solicitado no se ha podido conseguir"
192.168.1.15 - rquintanilla [07/Aug/2021:04:30:10 -0500] "POST http://download.jovenclub.cu/aplicaciones/? HTTP/1.1" 200 502 "HTTP" ""
192.168.10.20 - arodriguez [07/Aug/2021:04:30:13 -0500] "CONNECT relay-afcf85da.net.anydesk.com:80 HTTP/1.1" 200 0 "HTTPS" "outgoing via 192.168.50.30"
192.168.10.20 - arodriguez [07/Aug/2021:04:30:43 -0500] "CONNECT relay-afcf85da.net.anydesk.com:80 HTTP/1.1" 200 0 "HTTPS" "outgoing via 192.168.50.30"
192.168.1.15 - rquintanilla [07/Aug/2021:04:30:51 -0500] "CONNECT www.neothek.com:443 HTTP/1.1" 200 0 "HTTPS" "outgoing via 192.168.50.30"
192.168.10.20 - arodriguez [07/Aug/2021:04:30:56 -0500] "CONNECT relay-1954f6f5.net.anydesk.com:80 HTTP/1.1" 200 0 "HTTPS" "outgoing via 192.168.50.30"
192.168.1.15 - rquintanilla [07/Aug/2021:04:30:57 -0500] "CONNECT clientes.neothek.com:443 HTTP/1.1" 200 0 "HTTPS" "outgoing via 192.168.50.30"
192.168.1.15 - rquintanilla [07/Aug/2021:04:31:00 -0500] "CONNECT clientes.neothek.com:443 HTTP/1.1" 200 0 "HTTPS" "outgoing via 192.168.50.30"
192.168.1.15 - rquintanilla [07/Aug/2021:04:31:02 -0500] "CONNECT clientes.neothek.com:443 HTTP/1.1" 200 0 "HTTPS" "outgoing via 192.168.50.30"
192.168.1.15 - rquintanilla [07/Aug/2021:04:31:02 -0500] "CONNECT clientes.neothek.com:443 HTTP/1.1" 200 0 "HTTPS" "outgoing via 192.168.50.30"
192.168.1.15 - rquintanilla [07/Aug/2021:04:31:02 -0500] "CONNECT clientes.neothek.com:443 HTTP/1.1" 200 0 "HTTPS" "outgoing via 192.168.50.30"
192.168.1.15 - rquintanilla [07/Aug/2021:04:31:02 -0500] "CONNECT clientes.neothek.com:443 HTTP/1.1" 200 0 "HTTPS" "outgoing via 192.168.50.30"
192.168.1.15 - rquintanilla [07/Aug/2021:04:31:03 -0500] "CONNECT clientes.neothek.com:443 HTTP/1.1" 200 0 "HTTPS" "outgoing via 192.168.50.30"
192.168.1.15 - rquintanilla [07/Aug/2021:04:31:03 -0500] "CONNECT clientes.neothek.com:443 HTTP/1.1" 200 0 "HTTPS" "outgoing via 192.168.50.30"
192.168.1.15 - rquintanilla [07/Aug/2021:04:31:04 -0500] "CONNECT secure.gravatar.com:443 HTTP/1.1" 200 0 "HTTPS" "outgoing via 192.168.50.30"
192.168.1.15 - rquintanilla [07/Aug/2021:04:31:04 -0500] "CONNECT adservice.google.com:443 HTTP/1.1" 200 0 "HTTPS" "outgoing via 192.168.50.30"
192.168.1.15 - rquintanilla [07/Aug/2021:04:31:06 -0500] "CONNECT adservice.google.com.cu:443 HTTP/1.1" 200 0 "HTTPS" "outgoing via 192.168.50.30"
192.168.1.15 - rquintanilla [07/Aug/2021:04:31:08 -0500] "CONNECT www.googleadservices.com:443 HTTP/1.1" 200 0 "HTTPS" "outgoing via 192.168.50.30"
192.168.1.15 - rquintanilla [07/Aug/2021:04:31:08 -0500] "CONNECT googleads.g.doubleclick.net:443 HTTP/1.1" 200 0 "HTTPS" "outgoing via 192.168.50.30"
192.168.1.15 - rquintanilla [07/Aug/2021:04:31:08 -0500] "CONNECT ogs.google.com:443 HTTP/1.1" 200 0 "HTTPS" "outgoing via 192.168.50.30"
192.168.1.15 - rquintanilla [07/Aug/2021:04:31:10 -0500] "CONNECT ogs.google.com:443 HTTP/1.1" 200 0 "HTTPS" "outgoing via 192.168.50.30"
192.168.6.34 - amorgado [07/Aug/2021:04:31:11 -0500] "CONNECT 149.154.175.50:443 HTTP/1.1" 200 0 "HTTPS" "outgoing via 192.168.50.30"
