192.168.1.15 - rquintanilla [12/Sep/2021:05:32:02 -0500] "CONNECT https-es-rbth-com.disqus.com:443 HTTP/1.1" 200 0 "HTTPS" "outgoing via 192.168.50.30"
192.168.10.20 - arodriguez [12/Sep/2021:05:32:03 -0500] "CONNECT relay-bd01ff02.net.anydesk.com:80 HTTP/1.1" 200 0 "HTTPS" "outgoing via 192.168.50.30"
192.168.1.15 - rquintanilla [12/Sep/2021:05:32:05 -0500] "CONNECT www.instagram.com:443 HTTP/1.1" 200 0 "HTTPS" "outgoing via 192.168.50.30"
192.168.1.15 - rquintanilla [12/Sep/2021:05:32:10 -0500] "CONNECT 0.1.0.1:1001 HTTP/1.1" 200 0 "HTTPS" "outgoing via 192.168.50.30"
192.168.10.20 - arodriguez [12/Sep/2021:05:32:16 -0500] "CONNECT relay-f6106504.net.anydesk.com:80 HTTP/1.1" 200 0 "HTTPS" "outgoing via 192.168.50.30"
192.168.1.15 - rquintanilla [12/Sep/2021:05:32:29 -0500] "CONNECT mail.google.com:443 HTTP/1.1" 200 0 "HTTPS" "outgoing via 192.168.50.30"
192.168.1.15 - rquintanilla [12/Sep/2021:05:32:30 -0500] "CONNECT mail.google.com:443 HTTP/1.1" 200 0 "HTTPS" "outgoing via 192.168.50.30"
192.168.1.15 - rquintanilla [12/Sep/2021:05:32:31 -0500] "CONNECT mail.google.com:443 HTTP/1.1" 200 0 "HTTPS" "outgoing via 192.168.50.30"
192.168.1.15 - rquintanilla [12/Sep/2021:05:32:33 -0500] "CONNECT mail.google.com:443 HTTP/1.1" 200 0 "HTTPS" "outgoing via 192.168.50.30"
192.168.1.15 - rquintanilla [12/Sep/2021:05:32:34 -0500] "CONNECT mail.google.com:443 HTTP/1.1" 200 0 "HTTPS" "outgoing via 192.168.50.30"
192.168.1.15 - rquintanilla [12/Sep/2021:05:32:37 -0500] "CONNECT mail.google.com:443 HTTP/1.1" 200 0 "HTTPS" "outgoing via 192.168.50.30"
192.168.10.20 - arodriguez [12/Sep/2021:05:32:45 -0500] "CONNECT relay-f6106504.net.anydesk.com:80 HTTP/1.1" 200 0 "HTTPS" "outgoing via 192.168.50.30"
192.168.10.20 - arodriguez [12/Sep/2021:05:33:14 -0500] "CONNECT relay-f6106504.net.anydesk.com:80 HTTP/1.1" 200 0 "HTTPS" "outgoing via 192.168.50.30"
192.168.10.20 - arodriguez [12/Sep/2021:05:33:28 -0500] "CONNECT relay-afcf85da.net.anydesk.com:80 HTTP/1.1" 200 0 "HTTPS" "outgoing via 192.168.50.30"
192.168.1.15 - rquintanilla [12/Sep/2021:05:33:29 -0500] "CONNECT mail.google.com:443 HTTP/1.1" 200 0 "HTTPS" "outgoing via 192.168.50.30"
192.168.1.15 - rquintanilla [12/Sep/2021:05:33:31 -0500] "CONNECT mail.google.com:443 HTTP/1.1" 200 0 "HTTPS" "outgoing via 192.168.50.30"
192.168.1.15 - rquintanilla [12/Sep/2021:05:33:32 -0500] "CONNECT mail.google.com:443 HTTP/1.1" 200 0 "HTTPS" "outgoing via 192.168.50.30"
192.168.1.15 - rquintanilla [12/Sep/2021:05:33:34 -0500] "CONNECT mail.google.com:443 HTTP/1.1" 200 0 "HTTPS" "outgoing via 192.168.50.30"
192.168.1.15 - rquintanilla [12/Sep/2021:05:33:36 -0500] "CONNECT mail.google.com:443 HTTP/1.1" 200 0 "HTTPS" "outgoing via 192.168.50.30"
192.168.1.15 - rquintanilla [12/Sep/2021:05:33:38 -0500] "CONNECT mail.google.com:443 HTTP/1.1" 200 0 "HTTPS" "outgoing via 192.168.50.30"
192.168.1.15 - rquintanilla [12/Sep/2021:05:33:40 -0500] "CONNECT mail.google.com:443 HTTP/1.1" 200 0 "HTTPS" "outgoing via 192.168.50.30"
192.168.1.15 - rquintanilla [12/Sep/2021:05:33:42 -0500] "CONNECT mail.google.com:443 HTTP/1.1" 200 0 "HTTPS" "outgoing via 192.168.50.30"
192.168.1.15 - rquintanilla [12/Sep/2021:05:33:44 -0500] "CONNECT mail.google.com:443 HTTP/1.1" 200 0 "HTTPS" "outgoing via 192.168.50.30"
192.168.1.15 - rquintanilla [12/Sep/2021:05:33:46 -0500] "CONNECT mail.google.com:443 HTTP/1.1" 200 0 "HTTPS" "outgoing via 192.168.50.30"
192.168.1.15 - rquintanilla [12/Sep/2021:05:33:55 -0500] "CONNECT 0.1.0.1:1001 HTTP/1.1" 200 0 "HTTPS" "outgoing via 192.168.50.30"
192.168.10.20 - arodriguez [12/Sep/2021:05:33:56 -0500] "CONNECT relay-afcf85da.net.anydesk.com:80 HTTP/1.1" 200 0 "HTTPS" "outgoing via 192.168.50.30"
192.168.10.20 - arodriguez [12/Sep/2021:05:34:26 -0500] "CONNECT relay-afcf85da.net.anydesk.com:80 HTTP/1.1" 200 0 "HTTPS" "outgoing via 192.168.50.30"
192.168.1.15 - rquintanilla [12/Sep/2021:05:34:29 -0500] "CONNECT mail.google.com:443 HTTP/1.1" 200 0 "HTTPS" "outgoing via 192.168.50.30"
192.168.1.15 - rquintanilla [12/Sep/2021:05:34:30 -0500] "CONNECT mail.google.com:443 HTTP/1.1" 200 0 "HTTPS" "outgoing via 192.168.50.30"
192.168.1.15 - rquintanilla [12/Sep/2021:05:34:31 -0500] "CONNECT mail.google.com:443 HTTP/1.1" 200 0 "HTTPS" "outgoing via 192.168.50.30"
192.168.1.15 - rquintanilla [12/Sep/2021:05:34:33 -0500] "CONNECT mail.google.com:443 HTTP/1.1" 200 0 "HTTPS" "outgoing via 192.168.50.30"
192.168.1.15 - rquintanilla [12/Sep/2021:05:34:34 -0500] "CONNECT mail.google.com:443 HTTP/1.1" 200 0 "HTTPS" "outgoing via 192.168.50.30"
192.168.1.15 - rquintanilla [12/Sep/2021:05:34:35 -0500] "CONNECT mail.google.com:443 HTTP/1.1" 200 0 "HTTPS" "outgoing via 192.168.50.30"
192.168.1.15 - rquintanilla [12/Sep/2021:05:34:37 -0500] "CONNECT video-mia3-2.xx.fbcdn.net:443 HTTP/1.1" 200 0 "HTTPS" "outgoing via 192.168.50.30"
192.168.1.15 - rquintanilla [12/Sep/2021:05:34:37 -0500] "CONNECT video-mia3-1.xx.fbcdn.net:443 HTTP/1.1" 200 0 "HTTPS" "outgoing via 192.168.50.30"
192.168.1.15 - rquintanilla [12/Sep/2021:05:34:51 -0500] "CONNECT es.rbth.com:443 HTTP/1.1" 200 0 "HTTPS" "outgoing via 192.168.50.30"
192.168.1.15 - rquintanilla [12/Sep/2021:05:34:54 -0500] "CONNECT sb-ssl.google.com:443 HTTP/1.1" 200 0 "HTTPS" "outgoing via 192.168.50.30"
192.168.10.20 - arodriguez [12/Sep/2021:05:34:55 -0500] "CONNECT relay-afcf85da.net.anydesk.com:80 HTTP/1.1" 200 0 "HTTPS" "outgoing via 192.168.50.30"
192.168.1.15 - rquintanilla [12/Sep/2021:05:35:23 -0500] "CONNECT contile.services.mozilla.com:443 HTTP/1.1" 200 0 "HTTPS" "outgoing via 192.168.50.30"
192.168.10.20 - arodriguez [12/Sep/2021:05:35:24 -0500] "CONNECT relay-afcf85da.net.anydesk.com:80 HTTP/1.1" 200 0 "HTTPS" "outgoing via 192.168.50.30"
192.168.1.15 - rquintanilla [12/Sep/2021:05:35:29 -0500] "CONNECT mail.google.com:443 HTTP/1.1" 200 0 "HTTPS" "outgoing via 192.168.50.30"
192.168.1.15 - rquintanilla [12/Sep/2021:05:35:29 -0500] "CONNECT search.yahoo.com:443 HTTP/1.1" 200 0 "HTTPS" "outgoing via 192.168.50.30"
192.168.1.15 - rquintanilla [12/Sep/2021:05:35:30 -0500] "CONNECT mail.google.com:443 HTTP/1.1" 200 0 "HTTPS" "outgoing via 192.168.50.30"
192.168.1.15 - rquintanilla [12/Sep/2021:05:35:31 -0500] "CONNECT mail.google.com:443 HTTP/1.1" 200 0 "HTTPS" "outgoing via 192.168.50.30"
192.168.1.15 - rquintanilla [12/Sep/2021:05:35:33 -0500] "CONNECT mail.google.com:443 HTTP/1.1" 200 0 "HTTPS" "outgoing via 192.168.50.30"
192.168.1.15 - rquintanilla [12/Sep/2021:05:35:34 -0500] "CONNECT mail.google.com:443 HTTP/1.1" 200 0 "HTTPS" "outgoing via 192.168.50.30"
192.168.1.15 - rquintanilla [12/Sep/2021:05:35:36 -0500] "CONNECT mail.google.com:443 HTTP/1.1" 200 0 "HTTPS" "outgoing via 192.168.50.30"
192.168.10.20 - arodriguez [12/Sep/2021:05:35:37 -0500] "CONNECT relay-629d065f.net.anydesk.com:80 HTTP/1.1" 200 0 "HTTPS" "outgoing via 192.168.50.30"
192.168.1.15 - rquintanilla [12/Sep/2021:05:35:43 -0500] "CONNECT 0.1.0.1:1001 HTTP/1.1" 200 0 "HTTPS" "outgoing via 192.168.50.30"
192.168.1.15 - rquintanilla [12/Sep/2021:05:35:52 -0500] "CONNECT www.facebook.com:443 HTTP/1.1" 200 0 "HTTPS" "outgoing via 192.168.50.30"
192.168.1.15 - rquintanilla [12/Sep/2021:05:35:55 -0500] "CONNECT static.xx.fbcdn.net:443 HTTP/1.1" 200 0 "HTTPS" "outgoing via 192.168.50.30"
192.168.1.15 - rquintanilla [12/Sep/2021:05:35:58 -0500] "CONNECT scontent-mia3-2.xx.fbcdn.net:443 HTTP/1.1" 200 0 "HTTPS" "outgoing via 192.168.50.30"
192.168.1.15 - rquintanilla [12/Sep/2021:05:35:58 -0500] "CONNECT facebook.com:443 HTTP/1.1" 200 0 "HTTPS" "outgoing via 192.168.50.30"
192.168.1.15 - rquintanilla [12/Sep/2021:05:36:01 -0500] "CONNECT cx.atdmt.com:443 HTTP/1.1" 200 0 "HTTPS" "outgoing via 192.168.50.30"
192.168.10.20 - arodriguez [12/Sep/2021:05:36:06 -0500] "CONNECT relay-629d065f.net.anydesk.com:80 HTTP/1.1" 200 0 "HTTPS" "outgoing via 192.168.50.30"
192.168.10.20 - arodriguez [12/Sep/2021:05:36:35 -0500] "CONNECT relay-629d065f.net.anydesk.com:80 HTTP/1.1" 200 0 "HTTPS" "outgoing via 192.168.50.30"
192.168.10.20 - arodriguez [12/Sep/2021:05:37:04 -0500] "CONNECT relay-629d065f.net.anydesk.com:80 HTTP/1.1" 200 0 "HTTPS" "outgoing via 192.168.50.30"
192.168.10.20 - arodriguez [12/Sep/2021:05:37:17 -0500] "CONNECT relay-497b2e35.net.anydesk.com:80 HTTP/1.1" 200 0 "HTTPS" "outgoing via 192.168.50.30"
192.168.10.20 - arodriguez [12/Sep/2021:05:37:46 -0500] "CONNECT relay-497b2e35.net.anydesk.com:80 HTTP/1.1" 200 0 "HTTPS" "outgoing via 192.168.50.30"
192.168.10.20 - arodriguez [12/Sep/2021:05:38:15 -0500] "CONNECT relay-497b2e35.net.anydesk.com:80 HTTP/1.1" 200 0 "HTTPS" "outgoing via 192.168.50.30"
192.168.10.20 - arodriguez [12/Sep/2021:05:38:29 -0500] "CONNECT relay-11a3886a.net.anydesk.com:80 HTTP/1.1" 200 0 "HTTPS" "outgoing via 192.168.50.30"
192.168.10.20 - arodriguez [12/Sep/2021:05:38:58 -0500] "CONNECT relay-11a3886a.net.anydesk.com:80 HTTP/1.1" 200 0 "HTTPS" "outgoing via 192.168.50.30"
192.168.10.20 - arodriguez [12/Sep/2021:05:39:27 -0500] "CONNECT relay-11a3886a.net.anydesk.com:80 HTTP/1.1" 200 0 "HTTPS" "outgoing via 192.168.50.30"
192.168.10.20 - arodriguez [12/Sep/2021:05:39:40 -0500] "CONNECT relay-f6106504.net.anydesk.com:80 HTTP/1.1" 200 0 "HTTPS" "outgoing via 192.168.50.30"
192.168.10.20 - arodriguez [12/Sep/2021:05:40:09 -0500] "CONNECT relay-f6106504.net.anydesk.com:80 HTTP/1.1" 200 0 "HTTPS" "outgoing via 192.168.50.30"
192.168.10.20 - arodriguez [12/Sep/2021:05:40:38 -0500] "CONNECT relay-f6106504.net.anydesk.com:80 HTTP/1.1" 200 0 "HTTPS" "outgoing via 192.168.50.30"
192.168.10.20 - arodriguez [12/Sep/2021:05:40:52 -0500] "CONNECT relay-a54c6d92.net.anydesk.com:80 HTTP/1.1" 200 0 "HTTPS" "outgoing via 192.168.50.30"
192.168.10.20 - arodriguez [12/Sep/2021:05:41:20 -0500] "CONNECT relay-a54c6d92.net.anydesk.com:80 HTTP/1.1" 200 0 "HTTPS" "outgoing via 192.168.50.30"
192.168.10.20 - arodriguez [12/Sep/2021:05:41:49 -0500] "CONNECT relay-a54c6d92.net.anydesk.com:80 HTTP/1.1" 200 0 "HTTPS" "outgoing via 192.168.50.30"
192.168.10.20 - arodriguez [12/Sep/2021:05:42:03 -0500] "CONNECT relay-49726057.net.anydesk.com:80 HTTP/1.1" 200 0 "HTTPS" "outgoing via 192.168.50.30"
192.168.10.20 - arodriguez [12/Sep/2021:05:42:32 -0500] "CONNECT relay-49726057.net.anydesk.com:80 HTTP/1.1" 200 0 "HTTPS" "outgoing via 192.168.50.30"
192.168.10.20 - arodriguez [12/Sep/2021:05:43:01 -0500] "CONNECT relay-49726057.net.anydesk.com:80 HTTP/1.1" 200 0 "HTTPS" "outgoing via 192.168.50.30"
192.168.10.20 - arodriguez [12/Sep/2021:05:43:30 -0500] "CONNECT relay-49726057.net.anydesk.com:80 HTTP/1.1" 200 0 "HTTPS" "outgoing via 192.168.50.30"
192.168.10.20 - arodriguez [12/Sep/2021:05:43:59 -0500] "CONNECT relay-49726057.net.anydesk.com:80 HTTP/1.1" 200 0 "HTTPS" "outgoing via 192.168.50.30"
192.168.10.20 - arodriguez [12/Sep/2021:05:44:28 -0500] "CONNECT relay-49726057.net.anydesk.com:80 HTTP/1.1" 200 0 "HTTPS" "outgoing via 192.168.50.30"
192.168.10.20 - arodriguez [12/Sep/2021:05:44:57 -0500] "CONNECT relay-49726057.net.anydesk.com:80 HTTP/1.1" 200 0 "HTTPS" "outgoing via 192.168.50.30"
192.168.10.20 - arodriguez [12/Sep/2021:05:45:26 -0500] "CONNECT relay-49726057.net.anydesk.com:80 HTTP/1.1" 200 0 "HTTPS" "outgoing via 192.168.50.30"
192.168.10.20 - arodriguez [12/Sep/2021:05:45:55 -0500] "CONNECT relay-49726057.net.anydesk.com:80 HTTP/1.1" 200 0 "HTTPS" "outgoing via 192.168.50.30"
192.168.10.20 - arodriguez [12/Sep/2021:05:46:24 -0500] "CONNECT relay-49726057.net.anydesk.com:80 HTTP/1.1" 200 0 "HTTPS" "outgoing via 192.168.50.30"
192.168.10.20 - arodriguez [12/Sep/2021:05:46:53 -0500] "CONNECT relay-49726057.net.anydesk.com:80 HTTP/1.1" 200 0 "HTTPS" "outgoing via 192.168.50.30"
192.168.10.20 - arodriguez [12/Sep/2021:05:47:07 -0500] "CONNECT relay-bfcb38ab.net.anydesk.com:80 HTTP/1.1" 200 0 "HTTPS" "outgoing via 192.168.50.30"
192.168.10.20 - arodriguez [12/Sep/2021:05:47:36 -0500] "CONNECT relay-bfcb38ab.net.anydesk.com:80 HTTP/1.1" 200 0 "HTTPS" "outgoing via 192.168.50.30"
192.168.10.20 - arodriguez [12/Sep/2021:05:48:05 -0500] "CONNECT relay-bfcb38ab.net.anydesk.com:80 HTTP/1.1" 200 0 "HTTPS" "outgoing via 192.168.50.30"
192.168.10.20 - arodriguez [12/Sep/2021:05:48:34 -0500] "CONNECT relay-bfcb38ab.net.anydesk.com:80 HTTP/1.1" 200 0 "HTTPS" "outgoing via 192.168.50.30"
192.168.10.20 - arodriguez [12/Sep/2021:05:49:03 -0500] "CONNECT relay-bfcb38ab.net.anydesk.com:80 HTTP/1.1" 200 0 "HTTPS" "outgoing via 192.168.50.30"
192.168.10.20 - arodriguez [12/Sep/2021:05:49:17 -0500] "CONNECT relay-5d364c18.net.anydesk.com:80 HTTP/1.1" 200 0 "HTTPS" "outgoing via 192.168.50.30"
192.168.10.20 - arodriguez [12/Sep/2021:05:49:46 -0500] "CONNECT relay-5d364c18.net.anydesk.com:80 HTTP/1.1" 200 0 "HTTPS" "outgoing via 192.168.50.30"
192.168.10.20 - arodriguez [12/Sep/2021:05:50:14 -0500] "CONNECT relay-5d364c18.net.anydesk.com:80 HTTP/1.1" 200 0 "HTTPS" "outgoing via 192.168.50.30"
192.168.10.20 - arodriguez [12/Sep/2021:05:50:44 -0500] "CONNECT relay-5d364c18.net.anydesk.com:80 HTTP/1.1" 200 0 "HTTPS" "outgoing via 192.168.50.30"
192.168.10.20 - arodriguez [12/Sep/2021:05:50:57 -0500] "CONNECT relay-89970c8c.net.anydesk.com:80 HTTP/1.1" 200 0 "HTTPS" "outgoing via 192.168.50.30"
192.168.10.20 - arodriguez [12/Sep/2021:05:51:26 -0500] "CONNECT relay-89970c8c.net.anydesk.com:80 HTTP/1.1" 200 0 "HTTPS" "outgoing via 192.168.50.30"
192.168.10.20 - arodriguez [12/Sep/2021:05:51:55 -0500] "CONNECT relay-89970c8c.net.anydesk.com:80 HTTP/1.1" 200 0 "HTTPS" "outgoing via 192.168.50.30"
192.168.3.21 - rodolfo [12/Sep/2021:05:52:01 -0500] "CONNECT safebrowsing.googleapis.com:443 HTTP/1.1" 200 0 "HTTPS" "outgoing via 192.168.50.30"
192.168.10.20 - arodriguez [12/Sep/2021:05:52:24 -0500] "CONNECT relay-89970c8c.net.anydesk.com:80 HTTP/1.1" 200 0 "HTTPS" "outgoing via 192.168.50.30"
192.168.10.20 - arodriguez [12/Sep/2021:05:52:37 -0500] "CONNECT relay-5f045e20.net.anydesk.com:80 HTTP/1.1" 200 0 "HTTPS" "outgoing via 192.168.50.30"
192.168.10.20 - arodriguez [12/Sep/2021:05:53:06 -0500] "CONNECT relay-5f045e20.net.anydesk.com:80 HTTP/1.1" 200 0 "HTTPS" "outgoing via 192.168.50.30"
192.168.10.20 - arodriguez [12/Sep/2021:05:53:35 -0500] "CONNECT relay-5f045e20.net.anydesk.com:80 HTTP/1.1" 200 0 "HTTPS" "outgoing via 192.168.50.30"
192.168.10.20 - arodriguez [12/Sep/2021:05:53:49 -0500] "CONNECT relay-629d065f.net.anydesk.com:80 HTTP/1.1" 200 0 "HTTPS" "outgoing via 192.168.50.30"
192.168.10.20 - arodriguez [12/Sep/2021:05:54:18 -0500] "CONNECT relay-629d065f.net.anydesk.com:80 HTTP/1.1" 200 0 "HTTPS" "outgoing via 192.168.50.30"
192.168.10.20 - arodriguez [12/Sep/2021:05:54:46 -0500] "CONNECT relay-629d065f.net.anydesk.com:80 HTTP/1.1" 200 0 "HTTPS" "outgoing via 192.168.50.30"
192.168.10.20 - arodriguez [12/Sep/2021:05:55:00 -0500] "CONNECT relay-5bec465c.net.anydesk.com:80 HTTP/1.1" 200 0 "HTTPS" "outgoing via 192.168.50.30"
192.168.10.20 - arodriguez [12/Sep/2021:05:55:29 -0500] "CONNECT relay-5bec465c.net.anydesk.com:80 HTTP/1.1" 200 0 "HTTPS" "outgoing via 192.168.50.30"
192.168.10.20 - arodriguez [12/Sep/2021:05:55:58 -0500] "CONNECT relay-5bec465c.net.anydesk.com:80 HTTP/1.1" 200 0 "HTTPS" "outgoing via 192.168.50.30"
192.168.10.20 - arodriguez [12/Sep/2021:05:56:12 -0500] "CONNECT relay-94ea071e.net.anydesk.com:80 HTTP/1.1" 200 0 "HTTPS" "outgoing via 192.168.50.30"
192.168.10.20 - arodriguez [12/Sep/2021:05:56:41 -0500] "CONNECT relay-94ea071e.net.anydesk.com:80 HTTP/1.1" 200 0 "HTTPS" "outgoing via 192.168.50.30"
192.168.10.20 - arodriguez [12/Sep/2021:05:57:10 -0500] "CONNECT relay-94ea071e.net.anydesk.com:80 HTTP/1.1" 200 0 "HTTPS" "outgoing via 192.168.50.30"
192.168.10.20 - arodriguez [12/Sep/2021:05:57:39 -0500] "CONNECT relay-94ea071e.net.anydesk.com:80 HTTP/1.1" 200 0 "HTTPS" "outgoing via 192.168.50.30"
192.168.10.20 - arodriguez [12/Sep/2021:05:57:52 -0500] "CONNECT relay-f6106504.net.anydesk.com:80 HTTP/1.1" 200 0 "HTTPS" "outgoing via 192.168.50.30"
192.168.10.20 - arodriguez [12/Sep/2021:05:58:21 -0500] "CONNECT relay-f6106504.net.anydesk.com:80 HTTP/1.1" 200 0 "HTTPS" "outgoing via 192.168.50.30"
192.168.10.20 - arodriguez [12/Sep/2021:05:58:50 -0500] "CONNECT relay-f6106504.net.anydesk.com:80 HTTP/1.1" 200 0 "HTTPS" "outgoing via 192.168.50.30"
192.168.10.20 - arodriguez [12/Sep/2021:05:59:03 -0500] "CONNECT relay-49726057.net.anydesk.com:80 HTTP/1.1" 200 0 "HTTPS" "outgoing via 192.168.50.30"
192.168.10.20 - arodriguez [12/Sep/2021:05:59:32 -0500] "CONNECT relay-49726057.net.anydesk.com:80 HTTP/1.1" 200 0 "HTTPS" "outgoing via 192.168.50.30"
192.168.10.20 - arodriguez [12/Sep/2021:06:00:01 -0500] "CONNECT relay-49726057.net.anydesk.com:80 HTTP/1.1" 200 0 "HTTPS" "outgoing via 192.168.50.30"
192.168.10.20 - arodriguez [12/Sep/2021:06:00:15 -0500] "CONNECT relay-5d364c18.net.anydesk.com:80 HTTP/1.1" 200 0 "HTTPS" "outgoing via 192.168.50.30"
192.168.10.20 - arodriguez [12/Sep/2021:06:00:44 -0500] "CONNECT relay-5d364c18.net.anydesk.com:80 HTTP/1.1" 200 0 "HTTPS" "outgoing via 192.168.50.30"
192.168.10.20 - arodriguez [12/Sep/2021:06:01:13 -0500] "CONNECT relay-5d364c18.net.anydesk.com:80 HTTP/1.1" 200 0 "HTTPS" "outgoing via 192.168.50.30"
192.168.10.20 - arodriguez [12/Sep/2021:06:01:26 -0500] "CONNECT relay-89970c8c.net.anydesk.com:80 HTTP/1.1" 200 0 "HTTPS" "outgoing via 192.168.50.30"
192.168.10.20 - arodriguez [12/Sep/2021:06:01:55 -0500] "CONNECT relay-89970c8c.net.anydesk.com:80 HTTP/1.1" 200 0 "HTTPS" "outgoing via 192.168.50.30"
192.168.10.20 - arodriguez [12/Sep/2021:06:02:24 -0500] "CONNECT relay-89970c8c.net.anydesk.com:80 HTTP/1.1" 200 0 "HTTPS" "outgoing via 192.168.50.30"
192.168.10.20 - arodriguez [12/Sep/2021:06:02:38 -0500] "CONNECT relay-69c95757.net.anydesk.com:80 HTTP/1.1" 200 0 "HTTPS" "outgoing via 192.168.50.30"
192.168.10.20 - arodriguez [12/Sep/2021:06:03:07 -0500] "CONNECT relay-69c95757.net.anydesk.com:80 HTTP/1.1" 200 0 "HTTPS" "outgoing via 192.168.50.30"
192.168.10.20 - arodriguez [12/Sep/2021:06:03:36 -0500] "CONNECT relay-69c95757.net.anydesk.com:80 HTTP/1.1" 200 0 "HTTPS" "outgoing via 192.168.50.30"
192.168.10.20 - arodriguez [12/Sep/2021:06:04:05 -0500] "CONNECT relay-69c95757.net.anydesk.com:80 HTTP/1.1" 200 0 "HTTPS" "outgoing via 192.168.50.30"
192.168.10.20 - arodriguez [12/Sep/2021:06:04:18 -0500] "CONNECT relay-717265af.net.anydesk.com:80 HTTP/1.1" 200 0 "HTTPS" "outgoing via 192.168.50.30"
192.168.10.20 - arodriguez [12/Sep/2021:06:04:47 -0500] "CONNECT relay-717265af.net.anydesk.com:80 HTTP/1.1" 200 0 "HTTPS" "outgoing via 192.168.50.30"
192.168.10.20 - arodriguez [12/Sep/2021:06:05:16 -0500] "CONNECT relay-717265af.net.anydesk.com:80 HTTP/1.1" 200 0 "HTTPS" "outgoing via 192.168.50.30"
192.168.10.20 - arodriguez [12/Sep/2021:06:05:45 -0500] "CONNECT relay-717265af.net.anydesk.com:80 HTTP/1.1" 200 0 "HTTPS" "outgoing via 192.168.50.30"
192.168.10.20 - arodriguez [12/Sep/2021:06:06:14 -0500] "CONNECT relay-717265af.net.anydesk.com:80 HTTP/1.1" 200 0 "HTTPS" "outgoing via 192.168.50.30"
192.168.10.20 - arodriguez [12/Sep/2021:06:06:42 -0500] "CONNECT relay-717265af.net.anydesk.com:80 HTTP/1.1" 200 0 "HTTPS" "outgoing via 192.168.50.30"
192.168.10.20 - arodriguez [12/Sep/2021:06:06:56 -0500] "CONNECT relay-1c040ae6.net.anydesk.com:80 HTTP/1.1" 200 0 "HTTPS" "outgoing via 192.168.50.30"
192.168.10.20 - arodriguez [12/Sep/2021:06:07:25 -0500] "CONNECT relay-1c040ae6.net.anydesk.com:80 HTTP/1.1" 200 0 "HTTPS" "outgoing via 192.168.50.30"
192.168.10.20 - arodriguez [12/Sep/2021:06:07:54 -0500] "CONNECT relay-1c040ae6.net.anydesk.com:80 HTTP/1.1" 200 0 "HTTPS" "outgoing via 192.168.50.30"
192.168.10.20 - arodriguez [12/Sep/2021:06:08:23 -0500] "CONNECT relay-1c040ae6.net.anydesk.com:80 HTTP/1.1" 200 0 "HTTPS" "outgoing via 192.168.50.30"
192.168.10.20 - arodriguez [12/Sep/2021:06:08:52 -0500] "CONNECT relay-1c040ae6.net.anydesk.com:80 HTTP/1.1" 200 0 "HTTPS" "outgoing via 192.168.50.30"
192.168.10.20 - arodriguez [12/Sep/2021:06:09:05 -0500] "CONNECT relay-a54c6d92.net.anydesk.com:80 HTTP/1.1" 200 0 "HTTPS" "outgoing via 192.168.50.30"
192.168.10.20 - arodriguez [12/Sep/2021:06:09:34 -0500] "CONNECT relay-a54c6d92.net.anydesk.com:80 HTTP/1.1" 200 0 "HTTPS" "outgoing via 192.168.50.30"
192.168.10.20 - arodriguez [12/Sep/2021:06:10:03 -0500] "CONNECT relay-a54c6d92.net.anydesk.com:80 HTTP/1.1" 200 0 "HTTPS" "outgoing via 192.168.50.30"
192.168.10.20 - arodriguez [12/Sep/2021:06:10:17 -0500] "CONNECT relay-bfcb38ab.net.anydesk.com:80 HTTP/1.1" 200 0 "HTTPS" "outgoing via 192.168.50.30"
192.168.10.20 - arodriguez [12/Sep/2021:06:10:46 -0500] "CONNECT relay-bfcb38ab.net.anydesk.com:80 HTTP/1.1" 200 0 "HTTPS" "outgoing via 192.168.50.30"
192.168.10.20 - arodriguez [12/Sep/2021:06:11:15 -0500] "CONNECT relay-bfcb38ab.net.anydesk.com:80 HTTP/1.1" 200 0 "HTTPS" "outgoing via 192.168.50.30"
192.168.10.20 - arodriguez [12/Sep/2021:06:11:44 -0500] "CONNECT relay-bfcb38ab.net.anydesk.com:80 HTTP/1.1" 200 0 "HTTPS" "outgoing via 192.168.50.30"
192.168.10.20 - arodriguez [12/Sep/2021:06:11:58 -0500] "CONNECT relay-bf5451a5.net.anydesk.com:80 HTTP/1.1" 200 0 "HTTPS" "outgoing via 192.168.50.30"
192.168.10.20 - arodriguez [12/Sep/2021:06:12:27 -0500] "CONNECT relay-bf5451a5.net.anydesk.com:80 HTTP/1.1" 200 0 "HTTPS" "outgoing via 192.168.50.30"
192.168.10.20 - arodriguez [12/Sep/2021:06:12:56 -0500] "CONNECT relay-bf5451a5.net.anydesk.com:80 HTTP/1.1" 200 0 "HTTPS" "outgoing via 192.168.50.30"
192.168.1.15 - lazaro [12/Sep/2021:06:12:57 -0500] "CONNECT contile.services.mozilla.com:443 HTTP/1.1" 200 0 "HTTPS" "outgoing via 192.168.50.30"
192.168.1.15 - lazaro [12/Sep/2021:06:12:57 -0500] "CONNECT incoming.telemetry.mozilla.org:443 HTTP/1.1" 200 0 "HTTPS" "outgoing via 192.168.50.30"
192.168.1.15 - lazaro [12/Sep/2021:06:12:57 -0500] "CONNECT firefox.settings.services.mozilla.com:443 HTTP/1.1" 200 0 "HTTPS" "outgoing via 192.168.50.30"
192.168.1.15 - lazaro [12/Sep/2021:06:12:57 -0500] "CONNECT es.yahoo.com:443 HTTP/1.1" 200 0 "HTTPS" "outgoing via 192.168.50.30"
192.168.1.15 - lazaro [12/Sep/2021:06:12:57 -0500] "CONNECT safebrowsing.googleapis.com:443 HTTP/1.1" 200 0 "HTTPS" "outgoing via 192.168.50.30"
192.168.1.15 - lazaro [12/Sep/2021:06:12:57 -0500] "CONNECT push.services.mozilla.com:443 HTTP/1.1" 200 0 "HTTPS" "outgoing via 192.168.50.30"
192.168.1.15 - lazaro [12/Sep/2021:06:12:58 -0500] "POST http://r3.o.lencr.org/ HTTP/1.1" 200 1013 "HTTP" ""
192.168.1.15 - lazaro [12/Sep/2021:06:12:58 -0500] "CONNECT incoming.telemetry.mozilla.org:443 HTTP/1.1" 200 0 "HTTPS" "outgoing via 192.168.50.30"
192.168.1.15 - lazaro [12/Sep/2021:06:12:58 -0500] "CONNECT firefox.settings.services.mozilla.com:443 HTTP/1.1" 200 0 "HTTPS" "outgoing via 192.168.50.30"
192.168.1.15 - lazaro [12/Sep/2021:06:13:00 -0500] "CONNECT s.yimg.com:443 HTTP/1.1" 200 0 "HTTPS" "outgoing via 192.168.50.30"
192.168.1.15 - lazaro [12/Sep/2021:06:13:00 -0500] "CONNECT s.yimg.com:443 HTTP/1.1" 200 0 "HTTPS" "outgoing via 192.168.50.30"
192.168.1.15 - lazaro [12/Sep/2021:06:13:00 -0500] "CONNECT s.yimg.com:443 HTTP/1.1" 200 0 "HTTPS" "outgoing via 192.168.50.30"
192.168.1.15 - lazaro [12/Sep/2021:06:13:00 -0500] "CONNECT s.yimg.com:443 HTTP/1.1" 200 0 "HTTPS" "outgoing via 192.168.50.30"
192.168.1.15 - lazaro [12/Sep/2021:06:13:00 -0500] "CONNECT s.yimg.com:443 HTTP/1.1" 200 0 "HTTPS" "outgoing via 192.168.50.30"
192.168.1.15 - lazaro [12/Sep/2021:06:13:00 -0500] "CONNECT s.yimg.com:443 HTTP/1.1" 200 0 "HTTPS" "outgoing via 192.168.50.30"
192.168.1.15 - lazaro [12/Sep/2021:06:13:03 -0500] "CONNECT www.yahoo.com:443 HTTP/1.1" 200 0 "HTTPS" "outgoing via 192.168.50.30"
192.168.1.15 - lazaro [12/Sep/2021:06:13:04 -0500] "CONNECT guce.yahoo.com:443 HTTP/1.1" 200 0 "HTTPS" "outgoing via 192.168.50.30"
192.168.1.15 - lazaro [12/Sep/2021:06:13:04 -0500] "CONNECT es.yahoo.com:443 HTTP/1.1" 200 0 "HTTPS" "outgoing via 192.168.50.30"
192.168.1.15 - lazaro [12/Sep/2021:06:13:04 -0500] "POST http://ocsp.digicert.com/ HTTP/1.1" 200 947 "HTTP" ""
192.168.1.15 - lazaro [12/Sep/2021:06:13:05 -0500] "CONNECT geo.yahoo.com:443 HTTP/1.1" 200 0 "HTTPS" "outgoing via 192.168.50.30"
192.168.1.15 - lazaro [12/Sep/2021:06:13:05 -0500] "CONNECT bats.video.yahoo.com:443 HTTP/1.1" 200 0 "HTTPS" "outgoing via 192.168.50.30"
192.168.1.15 - lazaro [12/Sep/2021:06:13:05 -0500] "CONNECT video.adaptv.advertising.com:443 HTTP/1.1" 200 0 "HTTPS" "outgoing via 192.168.50.30"
192.168.1.15 - lazaro [12/Sep/2021:06:13:05 -0500] "CONNECT bats.video.yahoo.com:443 HTTP/1.1" 200 0 "HTTPS" "outgoing via 192.168.50.30"
192.168.1.15 - lazaro [12/Sep/2021:06:13:05 -0500] "CONNECT assets.video.yahoo.net:443 HTTP/1.1" 200 0 "HTTPS" "outgoing via 192.168.50.30"
192.168.1.15 - lazaro [12/Sep/2021:06:13:05 -0500] "CONNECT video-api.yql.yahoo.com:443 HTTP/1.1" 200 0 "HTTPS" "outgoing via 192.168.50.30"
192.168.1.15 - lazaro [12/Sep/2021:06:13:05 -0500] "CONNECT video-api.yql.yahoo.com:443 HTTP/1.1" 200 0 "HTTPS" "outgoing via 192.168.50.30"
192.168.1.15 - lazaro [12/Sep/2021:06:13:05 -0500] "CONNECT geo.yahoo.com:443 HTTP/1.1" 200 0 "HTTPS" "outgoing via 192.168.50.30"
192.168.1.15 - lazaro [12/Sep/2021:06:13:05 -0500] "CONNECT geo.yahoo.com:443 HTTP/1.1" 200 0 "HTTPS" "outgoing via 192.168.50.30"
192.168.1.15 - lazaro [12/Sep/2021:06:13:05 -0500] "CONNECT udc.yahoo.com:443 HTTP/1.1" 200 0 "HTTPS" "outgoing via 192.168.50.30"
192.168.1.15 - lazaro [12/Sep/2021:06:13:06 -0500] "CONNECT es.yahoo.com:443 HTTP/1.1" 200 0 "HTTPS" "outgoing via 192.168.50.30"
192.168.1.15 - lazaro [12/Sep/2021:06:13:06 -0500] "POST http://ocsp.digicert.com/ HTTP/1.1" 200 947 "HTTP" ""
192.168.1.15 - lazaro [12/Sep/2021:06:13:06 -0500] "CONNECT udc.yahoo.com:443 HTTP/1.1" 200 0 "HTTPS" "outgoing via 192.168.50.30"
192.168.1.15 - lazaro [12/Sep/2021:06:13:06 -0500] "CONNECT opus.analytics.yahoo.com:443 HTTP/1.1" 200 0 "HTTPS" "outgoing via 192.168.50.30"
192.168.1.15 - lazaro [12/Sep/2021:06:13:06 -0500] "CONNECT 24.at.atwola.com:443 HTTP/1.1" 200 0 "HTTPS" "outgoing via 192.168.50.30"
192.168.1.15 - lazaro [12/Sep/2021:06:13:06 -0500] "CONNECT 24.at.atwola.com:443 HTTP/1.1" 200 0 "HTTPS" "outgoing via 192.168.50.30"
192.168.1.15 - lazaro [12/Sep/2021:06:13:06 -0500] "CONNECT 24.at.atwola.com:443 HTTP/1.1" 200 0 "HTTPS" "outgoing via 192.168.50.30"
192.168.1.15 - lazaro [12/Sep/2021:06:13:06 -0500] "CONNECT 24.at.atwola.com:443 HTTP/1.1" 200 0 "HTTPS" "outgoing via 192.168.50.30"
192.168.1.15 - lazaro [12/Sep/2021:06:13:06 -0500] "CONNECT 24.at.atwola.com:443 HTTP/1.1" 200 0 "HTTPS" "outgoing via 192.168.50.30"
192.168.1.15 - lazaro [12/Sep/2021:06:13:06 -0500] "CONNECT 24.at.atwola.com:443 HTTP/1.1" 200 0 "HTTPS" "outgoing via 192.168.50.30"
192.168.1.15 - lazaro [12/Sep/2021:06:13:06 -0500] "CONNECT bats.video.yahoo.com:443 HTTP/1.1" 200 0 "HTTPS" "outgoing via 192.168.50.30"
192.168.1.15 - lazaro [12/Sep/2021:06:13:06 -0500] "CONNECT geo.yahoo.com:443 HTTP/1.1" 200 0 "HTTPS" "outgoing via 192.168.50.30"
192.168.1.15 - lazaro [12/Sep/2021:06:13:06 -0500] "CONNECT cmp.advertising.com:443 HTTP/1.1" 200 0 "HTTPS" "outgoing via 192.168.50.30"
192.168.50.50 - servidores [12/Sep/2021:06:13:06 -0500] "CONNECT mirrors.fedoraproject.org:443 HTTP/1.1" 200 0 "HTTPS" "outgoing via 192.168.50.30"
192.168.1.15 - lazaro [12/Sep/2021:06:13:06 -0500] "CONNECT service.idsync.analytics.yahoo.com:443 HTTP/1.1" 200 0 "HTTPS" "outgoing via 192.168.50.30"
192.168.1.15 - lazaro [12/Sep/2021:06:13:06 -0500] "CONNECT udc.yahoo.com:443 HTTP/1.1" 200 0 "HTTPS" "outgoing via 192.168.50.30"
192.168.1.15 - lazaro [12/Sep/2021:06:13:07 -0500] "CONNECT tag.sp.advertising.com:443 HTTP/1.1" 200 0 "HTTPS" "outgoing via 192.168.50.30"
192.168.1.15 - lazaro [12/Sep/2021:06:13:07 -0500] "CONNECT pr-bh.ybp.yahoo.com:443 HTTP/1.1" 200 0 "HTTPS" "outgoing via 192.168.50.30"
192.168.1.15 - lazaro [12/Sep/2021:06:13:07 -0500] "POST http://ocsp.digicert.com/ HTTP/1.1" 200 947 "HTTP" ""
192.168.1.15 - lazaro [12/Sep/2021:06:13:08 -0500] "CONNECT trk.vidible.tv:443 HTTP/1.1" 200 0 "HTTPS" "outgoing via 192.168.50.30"
192.168.1.15 - lazaro [12/Sep/2021:06:13:08 -0500] "CONNECT edgecast-cf-prod.yahoo.net:443 HTTP/1.1" 200 0 "HTTPS" "outgoing via 192.168.50.30"
192.168.1.15 - lazaro [12/Sep/2021:06:13:08 -0500] "POST http://ocsp.sca1b.amazontrust.com/ HTTP/1.1" 200 1125 "HTTP" ""
192.168.1.15 - lazaro [12/Sep/2021:06:13:09 -0500] "CONNECT token.rubiconproject.com:443 HTTP/1.1" 200 0 "HTTPS" "outgoing via 192.168.50.30"
192.168.10.20 - arodriguez [12/Sep/2021:06:13:09 -0500] "CONNECT relay-f6106504.net.anydesk.com:80 HTTP/1.1" 200 0 "HTTPS" "outgoing via 192.168.50.30"
192.168.1.15 - lazaro [12/Sep/2021:06:13:09 -0500] "POST http://ocsp.digicert.com/ HTTP/1.1" 200 946 "HTTP" ""
192.168.1.15 - lazaro [12/Sep/2021:06:13:10 -0500] "CONNECT vop-yahoo.akamaized.net:443 HTTP/1.1" 200 0 "HTTPS" "outgoing via 192.168.50.30"
192.168.1.15 - lazaro [12/Sep/2021:06:13:10 -0500] "CONNECT yahoovod.hs.llnwd.net:443 HTTP/1.1" 200 0 "HTTPS" "outgoing via 192.168.50.30"
192.168.1.15 - lazaro [12/Sep/2021:06:13:10 -0500] "CONNECT v-b9oxae6kt0.wc.yahoodns.net:443 HTTP/1.1" 200 0 "HTTPS" "outgoing via 192.168.50.30"
192.168.1.15 - lazaro [12/Sep/2021:06:13:10 -0500] "CONNECT cerebro.edna.yahoo.net:443 HTTP/1.1" 200 0 "HTTPS" "outgoing via 192.168.50.30"
192.168.1.15 - lazaro [12/Sep/2021:06:13:10 -0500] "CONNECT edgecast-vod.yahoo.net:443 HTTP/1.1" 200 0 "HTTPS" "outgoing via 192.168.50.30"
192.168.1.15 - lazaro [12/Sep/2021:06:13:10 -0500] "CONNECT d1vl8wytztdz.cloudfront.net:443 HTTP/1.1" 200 0 "HTTPS" "outgoing via 192.168.50.30"
192.168.1.15 - lazaro [12/Sep/2021:06:13:10 -0500] "CONNECT cm.g.doubleclick.net:443 HTTP/1.1" 200 0 "HTTPS" "outgoing via 192.168.50.30"
192.168.1.15 - lazaro [12/Sep/2021:06:13:10 -0500] "CONNECT v-aowqxi2qwd.wc.yahoodns.net:443 HTTP/1.1" 200 0 "HTTPS" "outgoing via 192.168.50.30"
192.168.1.15 - lazaro [12/Sep/2021:06:13:10 -0500] "CONNECT v-cabmflhyve.wc.yahoodns.net:443 HTTP/1.1" 200 0 "HTTPS" "outgoing via 192.168.50.30"
192.168.1.15 - lazaro [12/Sep/2021:06:13:10 -0500] "CONNECT dns-o9tjdqcax.sombrero.yahoo.net:443 HTTP/1.1" 200 0 "HTTPS" "outgoing via 192.168.50.30"
192.168.1.15 - lazaro [12/Sep/2021:06:13:10 -0500] "CONNECT vop-yahoo.secure.footprint.net:443 HTTP/1.1" 200 0 "HTTPS" "outgoing via 192.168.50.30"
192.168.1.15 - lazaro [12/Sep/2021:06:13:10 -0500] "GET http://detectportal.firefox.com/canonical.html HTTP/1.1" 200 444 "HTTP" ""
192.168.1.15 - lazaro [12/Sep/2021:06:13:10 -0500] "POST http://ocsp.digicert.com/ HTTP/1.1" 200 946 "HTTP" ""
192.168.1.15 - lazaro [12/Sep/2021:06:13:12 -0500] "GET http://detectportal.firefox.com/success.txt?ipv4 HTTP/1.1" 200 362 "HTTP" ""
192.168.1.15 - lazaro [12/Sep/2021:06:13:15 -0500] "CONNECT dms-b9oxae6kt0report.wc.yahoodns.net:443 HTTP/1.1" 200 0 "HTTPS" "outgoing via 192.168.50.30"
192.168.1.15 - lazaro [12/Sep/2021:06:13:15 -0500] "CONNECT dms-aowqxi2qwdreport.wc.yahoodns.net:443 HTTP/1.1" 200 0 "HTTPS" "outgoing via 192.168.50.30"
192.168.1.15 - lazaro [12/Sep/2021:06:13:15 -0500] "CONNECT dms-cabmflhyvereport.wc.yahoodns.net:443 HTTP/1.1" 200 0 "HTTPS" "outgoing via 192.168.50.30"
192.168.1.15 - lazaro [12/Sep/2021:06:13:15 -0500] "CONNECT dms-mcdn-report.wc.yahoodns.net:443 HTTP/1.1" 200 0 "HTTPS" "outgoing via 192.168.50.30"
192.168.50.50 - servidores [12/Sep/2021:06:13:16 -0500] "GET http://rpms.remirepo.net/enterprise/7/remi/x86_64/repodata/repomd.xml HTTP/1.1" 200 3511 "HTTP" ""
192.168.50.50 - servidores [12/Sep/2021:06:13:16 -0500] "GET http://rpms.remirepo.net/enterprise/7/php56/x86_64/repodata/repomd.xml HTTP/1.1" 200 3498 "HTTP" ""
192.168.50.50 - servidores [12/Sep/2021:06:13:16 -0500] "GET http://rpms.remirepo.net/enterprise/7/php73/x86_64/repodata/repomd.xml HTTP/1.1" 200 3499 "HTTP" ""
192.168.50.50 - servidores [12/Sep/2021:06:13:16 -0500] "GET http://mirror.facom.ufms.br/centos/7.9.2009/os/x86_64/repodata/repomd.xml HTTP/1.1" 200 4236 "HTTP" ""
192.168.1.15 - lazaro [12/Sep/2021:06:13:18 -0500] "CONNECT www.youtube.com:443 HTTP/1.1" 200 0 "HTTPS" "outgoing via 192.168.50.30"
192.168.1.15 - lazaro [12/Sep/2021:06:13:18 -0500] "CONNECT www.youtube.com:443 HTTP/1.1" 200 0 "HTTPS" "outgoing via 192.168.50.30"
192.168.1.15 - lazaro [12/Sep/2021:06:13:18 -0500] "POST http://ocsp.digicert.com/ HTTP/1.1" 200 947 "HTTP" ""
192.168.1.15 - lazaro [12/Sep/2021:06:13:18 -0500] "POST http://ocsp.sectigo.com/ HTTP/1.1" 200 1041 "HTTP" ""
192.168.1.15 - lazaro [12/Sep/2021:06:13:21 -0500] "CONNECT i.ytimg.com:443 HTTP/1.1" 200 0 "HTTPS" "outgoing via 192.168.50.30"
192.168.1.15 - lazaro [12/Sep/2021:06:13:21 -0500] "CONNECT accounts.google.com:443 HTTP/1.1" 200 0 "HTTPS" "outgoing via 192.168.50.30"
192.168.1.15 - lazaro [12/Sep/2021:06:13:22 -0500] "CONNECT www.google.com:443 HTTP/1.1" 200 0 "HTTPS" "outgoing via 192.168.50.30"
192.168.1.15 - lazaro [12/Sep/2021:06:13:22 -0500] "CONNECT googleads.g.doubleclick.net:443 HTTP/1.1" 200 0 "HTTPS" "outgoing via 192.168.50.30"
192.168.1.15 - lazaro [12/Sep/2021:06:13:22 -0500] "CONNECT www.google.com.cu:443 HTTP/1.1" 200 0 "HTTPS" "outgoing via 192.168.50.30"
192.168.1.15 - lazaro [12/Sep/2021:06:13:22 -0500] "POST http://ocsp.pki.goog/gts1c3 HTTP/1.1" 200 849 "HTTP" ""
192.168.1.15 - lazaro [12/Sep/2021:06:13:22 -0500] "CONNECT i.ytimg.com:443 HTTP/1.1" 200 0 "HTTPS" "outgoing via 192.168.50.30"
192.168.1.15 - lazaro [12/Sep/2021:06:13:22 -0500] "CONNECT i.ytimg.com:443 HTTP/1.1" 200 0 "HTTPS" "outgoing via 192.168.50.30"
192.168.1.15 - lazaro [12/Sep/2021:06:13:22 -0500] "CONNECT i.ytimg.com:443 HTTP/1.1" 200 0 "HTTPS" "outgoing via 192.168.50.30"
192.168.1.15 - lazaro [12/Sep/2021:06:13:22 -0500] "CONNECT i.ytimg.com:443 HTTP/1.1" 200 0 "HTTPS" "outgoing via 192.168.50.30"
192.168.1.15 - lazaro [12/Sep/2021:06:13:23 -0500] "CONNECT yt3.ggpht.com:443 HTTP/1.1" 200 0 "HTTPS" "outgoing via 192.168.50.30"
192.168.1.15 - lazaro [12/Sep/2021:06:13:23 -0500] "CONNECT yt3.ggpht.com:443 HTTP/1.1" 200 0 "HTTPS" "outgoing via 192.168.50.30"
192.168.1.15 - lazaro [12/Sep/2021:06:13:23 -0500] "CONNECT yt3.ggpht.com:443 HTTP/1.1" 200 0 "HTTPS" "outgoing via 192.168.50.30"
192.168.1.15 - lazaro [12/Sep/2021:06:13:23 -0500] "CONNECT safebrowsing.googleapis.com:443 HTTP/1.1" 200 0 "HTTPS" "outgoing via 192.168.50.30"
192.168.1.15 - lazaro [12/Sep/2021:06:13:23 -0500] "CONNECT yt3.ggpht.com:443 HTTP/1.1" 200 0 "HTTPS" "outgoing via 192.168.50.30"
192.168.1.15 - lazaro [12/Sep/2021:06:13:23 -0500] "CONNECT yt3.ggpht.com:443 HTTP/1.1" 200 0 "HTTPS" "outgoing via 192.168.50.30"
192.168.1.15 - lazaro [12/Sep/2021:06:13:23 -0500] "CONNECT yt3.ggpht.com:443 HTTP/1.1" 200 0 "HTTPS" "outgoing via 192.168.50.30"
192.168.1.15 - lazaro [12/Sep/2021:06:13:23 -0500] "GET http://detectportal.firefox.com/canonical.html HTTP/1.1" 200 444 "HTTP" ""
192.168.1.15 - lazaro [12/Sep/2021:06:13:23 -0500] "POST http://ocsp.pki.goog/gts1c3 HTTP/1.1" 200 849 "HTTP" ""
192.168.1.15 - lazaro [12/Sep/2021:06:13:24 -0500] "CONNECT static.doubleclick.net:443 HTTP/1.1" 200 0 "HTTPS" "outgoing via 192.168.50.30"
192.168.1.15 - lazaro [12/Sep/2021:06:13:24 -0500] "POST http://ocsp.digicert.com/ HTTP/1.1" 200 947 "HTTP" ""
192.168.1.15 - lazaro [12/Sep/2021:06:13:24 -0500] "CONNECT fonts.googleapis.com:443 HTTP/1.1" 200 0 "HTTPS" "outgoing via 192.168.50.30"
192.168.50.100 - servidores [12/Sep/2021:06:13:26 -0500] "GET http://mirror.ufscar.br/centos/7.9.2009/os/x86_64/repodata/repomd.xml HTTP/1.1" 200 4236 "HTTP" ""
192.168.10.20 - arodriguez [12/Sep/2021:06:13:38 -0500] "CONNECT relay-f6106504.net.anydesk.com:80 HTTP/1.1" 200 0 "HTTPS" "outgoing via 192.168.50.30"
192.168.1.15 - lazaro [12/Sep/2021:06:13:41 -0500] "CONNECT safebrowsing.googleapis.com:443 HTTP/1.1" 200 0 "HTTPS" "outgoing via 192.168.50.30"
192.168.1.15 - lazaro [12/Sep/2021:06:13:46 -0500] "GET http://detectportal.firefox.com/success.txt?ipv4 HTTP/1.1" 200 362 "HTTP" ""
192.168.10.20 - arodriguez [12/Sep/2021:06:14:07 -0500] "CONNECT relay-f6106504.net.anydesk.com:80 HTTP/1.1" 200 0 "HTTPS" "outgoing via 192.168.50.30"
192.168.50.220 - servidores [12/Sep/2021:06:14:17 -0500] "CONNECT mirrors.fedoraproject.org:443 HTTP/1.1" 200 0 "HTTPS" "outgoing via 192.168.50.30"
192.168.50.220 - servidores [12/Sep/2021:06:14:25 -0500] "CONNECT repo.ius.io:443 HTTP/1.1" 200 0 "HTTPS" "outgoing via 192.168.50.30"
192.168.50.220 - servidores [12/Sep/2021:06:14:26 -0500] "CONNECT download.postgresql.org:443 HTTP/1.1" 200 0 "HTTPS" "outgoing via 192.168.50.30"
192.168.10.20 - arodriguez [12/Sep/2021:06:14:36 -0500] "CONNECT relay-f6106504.net.anydesk.com:80 HTTP/1.1" 200 0 "HTTPS" "outgoing via 192.168.50.30"
192.168.1.15 - lazaro [12/Sep/2021:06:14:41 -0500] "CONNECT r1---sn-xuxjn5-i58e.googlevideo.com:443 HTTP/1.1" 200 0 "HTTPS" "outgoing via 192.168.50.30"
192.168.1.15 - lazaro [12/Sep/2021:06:14:42 -0500] "POST http://ocsp.pki.goog/gts1c3 HTTP/1.1" 200 849 "HTTP" ""
192.168.1.15 - lazaro [12/Sep/2021:06:14:42 -0500] "CONNECT r1---sn-xuxjn5-i58e.googlevideo.com:443 HTTP/1.1" 200 0 "HTTPS" "outgoing via 192.168.50.30"
192.168.1.15 - lazaro [12/Sep/2021:06:14:42 -0500] "CONNECT r1---sn-xuxjn5-i58e.googlevideo.com:443 HTTP/1.1" 200 0 "HTTPS" "outgoing via 192.168.50.30"
192.168.1.15 - lazaro [12/Sep/2021:06:14:43 -0500] "CONNECT fonts.gstatic.com:443 HTTP/1.1" 200 0 "HTTPS" "outgoing via 192.168.50.30"
192.168.1.15 - lazaro [12/Sep/2021:06:14:43 -0500] "CONNECT fonts.gstatic.com:443 HTTP/1.1" 200 0 "HTTPS" "outgoing via 192.168.50.30"
192.168.1.15 - lazaro [12/Sep/2021:06:14:43 -0500] "POST http://ocsp.pki.goog/gts1c3 HTTP/1.1" 200 849 "HTTP" ""
192.168.1.15 - lazaro [12/Sep/2021:06:14:43 -0500] "POST http://ocsp.pki.goog/gts1c3 HTTP/1.1" 200 850 "HTTP" ""
192.168.1.15 - lazaro [12/Sep/2021:06:14:44 -0500] "POST http://ocsp.pki.goog/gts1c3 HTTP/1.1" 200 850 "HTTP" ""
192.168.1.15 - lazaro [12/Sep/2021:06:14:44 -0500] "POST http://ocsp.pki.goog/gts1c3 HTTP/1.1" 200 850 "HTTP" ""
192.168.50.220 - servidores [12/Sep/2021:06:14:44 -0500] "CONNECT download.postgresql.org:443 HTTP/1.1" 200 0 "HTTPS" "outgoing via 192.168.50.30"
192.168.1.15 - lazaro [12/Sep/2021:06:14:45 -0500] "CONNECT r5---sn-hp57ynl6.googlevideo.com:443 HTTP/1.1" 200 0 "HTTPS" "outgoing via 192.168.50.30"
192.168.1.15 - lazaro [12/Sep/2021:06:14:47 -0500] "POST http://ocsp.pki.goog/gts1c3 HTTP/1.1" 200 849 "HTTP" ""
192.168.50.220 - servidores [12/Sep/2021:06:14:49 -0500] "CONNECT mirrors.chroot.ro:443 HTTP/1.1" 200 0 "HTTPS" "outgoing via 192.168.50.30"
192.168.50.220 - servidores [12/Sep/2021:06:14:51 -0500] "CONNECT download.rethinkdb.com:443 HTTP/1.1" 200 0 "HTTPS" "outgoing via 192.168.50.30"
192.168.50.220 - servidores [12/Sep/2021:06:14:52 -0500] "GET http://mirror.ueb.edu.ec/centos/7.9.2009/extras/x86_64/repodata/repomd.xml HTTP/1.1" 200 3477 "HTTP" ""
192.168.1.15 - lazaro [12/Sep/2021:06:15:02 -0500] "CONNECT safebrowsing.googleapis.com:443 HTTP/1.1" 200 0 "HTTPS" "outgoing via 192.168.50.30"
192.168.10.20 - arodriguez [12/Sep/2021:06:15:05 -0500] "CONNECT relay-f6106504.net.anydesk.com:80 HTTP/1.1" 200 0 "HTTPS" "outgoing via 192.168.50.30"
192.168.10.20 - arodriguez [12/Sep/2021:06:15:19 -0500] "CONNECT relay-1954f6f5.net.anydesk.com:80 HTTP/1.1" 200 0 "HTTPS" "outgoing via 192.168.50.30"
192.168.1.15 - lazaro [12/Sep/2021:06:15:19 -0500] "CONNECT www.gstatic.com:443 HTTP/1.1" 200 0 "HTTPS" "outgoing via 192.168.50.30"
192.168.1.15 - lazaro [12/Sep/2021:06:15:23 -0500] "POST http://ocsp.pki.goog/gts1c3 HTTP/1.1" 200 849 "HTTP" ""
192.168.1.15 - lazaro [12/Sep/2021:06:15:23 -0500] "POST http://ocsp.pki.goog/gts1c3 HTTP/1.1" 200 849 "HTTP" ""
192.168.1.15 - lazaro [12/Sep/2021:06:15:24 -0500] "CONNECT googleads.g.doubleclick.net:443 HTTP/1.1" 200 0 "HTTPS" "outgoing via 192.168.50.30"
192.168.1.15 - lazaro [12/Sep/2021:06:15:24 -0500] "POST http://ocsp.pki.goog/gts1c3 HTTP/1.1" 200 850 "HTTP" ""
192.168.1.15 - lazaro [12/Sep/2021:06:15:25 -0500] "GET http://detectportal.firefox.com/canonical.html HTTP/1.1" 200 444 "HTTP" ""
192.168.1.15 - lazaro [12/Sep/2021:06:15:26 -0500] "POST http://ocsp.pki.goog/gts1c3 HTTP/1.1" 200 850 "HTTP" ""
192.168.1.15 - lazaro [12/Sep/2021:06:15:26 -0500] "POST http://ocsp.pki.goog/gts1c3 HTTP/1.1" 200 850 "HTTP" ""
192.168.1.15 - lazaro [12/Sep/2021:06:15:27 -0500] "POST http://ocsp.pki.goog/gts1o1core HTTP/1.1" 200 849 "HTTP" ""
192.168.1.15 - lazaro [12/Sep/2021:06:15:29 -0500] "GET http://detectportal.firefox.com/success.txt?ipv4 HTTP/1.1" 200 362 "HTTP" ""
192.168.1.15 - lazaro [12/Sep/2021:06:15:34 -0500] "CONNECT safebrowsing.googleapis.com:443 HTTP/1.1" 200 0 "HTTPS" "outgoing via 192.168.50.30"
192.168.10.20 - arodriguez [12/Sep/2021:06:15:48 -0500] "CONNECT relay-1954f6f5.net.anydesk.com:80 HTTP/1.1" 200 0 "HTTPS" "outgoing via 192.168.50.30"
192.168.1.15 - lazaro [12/Sep/2021:06:15:59 -0500] "CONNECT r2---sn-xuxjn5-i58e.googlevideo.com:443 HTTP/1.1" 200 0 "HTTPS" "outgoing via 192.168.50.30"
192.168.1.15 - lazaro [12/Sep/2021:06:16:00 -0500] "CONNECT r2---sn-xuxjn5-i58e.googlevideo.com:443 HTTP/1.1" 200 0 "HTTPS" "outgoing via 192.168.50.30"
192.168.1.15 - lazaro [12/Sep/2021:06:16:00 -0500] "CONNECT r2---sn-xuxjn5-i58e.googlevideo.com:443 HTTP/1.1" 200 0 "HTTPS" "outgoing via 192.168.50.30"
192.168.1.15 - lazaro [12/Sep/2021:06:16:11 -0500] "CONNECT r2---sn-hp57ynl6.googlevideo.com:443 HTTP/1.1" 200 0 "HTTPS" "outgoing via 192.168.50.30"
192.168.1.15 - lazaro [12/Sep/2021:06:16:16 -0500] "CONNECT r3---sn-xuxjn5-i58e.googlevideo.com:443 HTTP/1.1" 200 0 "HTTPS" "outgoing via 192.168.50.30"
192.168.10.20 - arodriguez [12/Sep/2021:06:16:17 -0500] "CONNECT relay-1954f6f5.net.anydesk.com:80 HTTP/1.1" 200 0 "HTTPS" "outgoing via 192.168.50.30"
192.168.1.15 - lazaro [12/Sep/2021:06:16:18 -0500] "CONNECT r3---sn-xuxjn5-i58e.googlevideo.com:443 HTTP/1.1" 200 0 "HTTPS" "outgoing via 192.168.50.30"
192.168.1.15 - lazaro [12/Sep/2021:06:16:18 -0500] "CONNECT r3---sn-xuxjn5-i58e.googlevideo.com:443 HTTP/1.1" 200 0 "HTTPS" "outgoing via 192.168.50.30"
192.168.10.20 - arodriguez [12/Sep/2021:06:16:30 -0500] "CONNECT relay-afcf85da.net.anydesk.com:80 HTTP/1.1" 200 0 "HTTPS" "outgoing via 192.168.50.30"
192.168.1.15 - lazaro [12/Sep/2021:06:16:46 -0500] "POST http://ocsp.pki.goog/gts1c3 HTTP/1.1" 200 850 "HTTP" ""
192.168.1.15 - lazaro [12/Sep/2021:06:16:49 -0500] "CONNECT safebrowsing.googleapis.com:443 HTTP/1.1" 200 0 "HTTPS" "outgoing via 192.168.50.30"
192.168.1.15 - lazaro [12/Sep/2021:06:16:52 -0500] "CONNECT r5---sn-hp57yne6.googlevideo.com:443 HTTP/1.1" 200 0 "HTTPS" "outgoing via 192.168.50.30"
192.168.10.20 - arodriguez [12/Sep/2021:06:16:59 -0500] "CONNECT relay-afcf85da.net.anydesk.com:80 HTTP/1.1" 200 0 "HTTPS" "outgoing via 192.168.50.30"
192.168.1.15 - lazaro [12/Sep/2021:06:17:00 -0500] "CONNECT r2---sn-xuxjn5-i58e.googlevideo.com:443 HTTP/1.1" 200 0 "HTTPS" "outgoing via 192.168.50.30"
192.168.1.15 - lazaro [12/Sep/2021:06:17:01 -0500] "GET http://detectportal.firefox.com/canonical.html HTTP/1.1" 200 444 "HTTP" ""
192.168.1.15 - lazaro [12/Sep/2021:06:17:02 -0500] "GET http://detectportal.firefox.com/success.txt?ipv4 HTTP/1.1" 200 362 "HTTP" ""
192.168.1.15 - lazaro [12/Sep/2021:06:17:08 -0500] "CONNECT incoming.telemetry.mozilla.org:443 HTTP/1.1" 200 0 "HTTPS" "outgoing via 192.168.50.30"
192.168.1.15 - lazaro [12/Sep/2021:06:17:12 -0500] "CONNECT www.google.com:443 HTTP/1.1" 200 0 "HTTPS" "outgoing via 192.168.50.30"
192.168.1.15 - lazaro [12/Sep/2021:06:17:13 -0500] "CONNECT www.google.com:443 HTTP/1.1" 200 0 "HTTPS" "outgoing via 192.168.50.30"
192.168.1.15 - lazaro [12/Sep/2021:06:17:14 -0500] "CONNECT www.google.com:443 HTTP/1.1" 200 0 "HTTPS" "outgoing via 192.168.50.30"
192.168.1.15 - lazaro [12/Sep/2021:06:17:15 -0500] "CONNECT www.google.com:443 HTTP/1.1" 200 0 "HTTPS" "outgoing via 192.168.50.30"
192.168.10.20 - arodriguez [12/Sep/2021:06:17:28 -0500] "CONNECT relay-afcf85da.net.anydesk.com:80 HTTP/1.1" 200 0 "HTTPS" "outgoing via 192.168.50.30"
192.168.1.15 - lazaro [12/Sep/2021:06:17:31 -0500] "CONNECT www.google.com:443 HTTP/1.1" 200 0 "HTTPS" "outgoing via 192.168.50.30"
192.168.1.15 - lazaro [12/Sep/2021:06:17:31 -0500] "CONNECT googleads.g.doubleclick.net:443 HTTP/1.1" 200 0 "HTTPS" "outgoing via 192.168.50.30"
192.168.1.15 - lazaro [12/Sep/2021:06:17:32 -0500] "CONNECT www.google.com.cu:443 HTTP/1.1" 200 0 "HTTPS" "outgoing via 192.168.50.30"
192.168.1.15 - lazaro [12/Sep/2021:06:17:32 -0500] "GET http://detectportal.firefox.com/canonical.html HTTP/1.1" 200 444 "HTTP" ""
192.168.1.15 - lazaro [12/Sep/2021:06:17:32 -0500] "GET http://detectportal.firefox.com/success.txt?ipv4 HTTP/1.1" 200 362 "HTTP" ""
192.168.1.15 - lazaro [12/Sep/2021:06:17:33 -0500] "CONNECT static.doubleclick.net:443 HTTP/1.1" 200 0 "HTTPS" "outgoing via 192.168.50.30"
192.168.1.15 - lazaro [12/Sep/2021:06:17:33 -0500] "GET http://detectportal.firefox.com/canonical.html HTTP/1.1" 200 444 "HTTP" ""
192.168.1.15 - lazaro [12/Sep/2021:06:17:34 -0500] "GET http://detectportal.firefox.com/success.txt?ipv4 HTTP/1.1" 200 362 "HTTP" ""
192.168.10.20 - arodriguez [12/Sep/2021:06:17:42 -0500] "CONNECT relay-5bec465c.net.anydesk.com:80 HTTP/1.1" 200 0 "HTTPS" "outgoing via 192.168.50.30"
192.168.1.15 - lazaro [12/Sep/2021:06:17:42 -0500] "CONNECT incoming.telemetry.mozilla.org:443 HTTP/1.1" 200 0 "HTTPS" "outgoing via 192.168.50.30"
192.168.1.15 - lazaro [12/Sep/2021:06:17:56 -0500] "CONNECT contile.services.mozilla.com:443 HTTP/1.1" 200 0 "HTTPS" "outgoing via 192.168.50.30"
192.168.1.15 - lazaro [12/Sep/2021:06:18:06 -0500] "CONNECT es.yahoo.com:443 HTTP/1.1" 200 0 "HTTPS" "outgoing via 192.168.50.30"
192.168.10.20 - arodriguez [12/Sep/2021:06:18:11 -0500] "CONNECT relay-5bec465c.net.anydesk.com:80 HTTP/1.1" 200 0 "HTTPS" "outgoing via 192.168.50.30"
192.168.1.15 - lazaro [12/Sep/2021:06:18:14 -0500] "CONNECT geo.yahoo.com:443 HTTP/1.1" 200 0 "HTTPS" "outgoing via 192.168.50.30"
192.168.10.20 - arodriguez [12/Sep/2021:06:18:40 -0500] "CONNECT relay-5bec465c.net.anydesk.com:80 HTTP/1.1" 200 0 "HTTPS" "outgoing via 192.168.50.30"
192.168.10.20 - arodriguez [12/Sep/2021:06:19:09 -0500] "CONNECT relay-5bec465c.net.anydesk.com:80 HTTP/1.1" 200 0 "HTTPS" "outgoing via 192.168.50.30"
192.168.50.8 - arodriguez [12/Sep/2021:06:19:36 -0500] "HEAD http://update.eset.com/eset_eval/update.ver HTTP/1.1" 200 383 "HTTP" ""
192.168.10.20 - arodriguez [12/Sep/2021:06:19:38 -0500] "CONNECT relay-5bec465c.net.anydesk.com:80 HTTP/1.1" 200 0 "HTTPS" "outgoing via 192.168.50.30"
192.168.50.8 - arodriguez [12/Sep/2021:06:19:45 -0500] "GET http://update.eset.com/eset_eval/update.ver HTTP/1.1" 200 118925 "HTTP" ""
192.168.50.8 - arodriguez [12/Sep/2021:06:19:45 -0500] "HEAD http://update.eset.com/v3-eval-sta/mod_002_engine_50798/em002_32_l2.nup HTTP/1.1" 200 377 "HTTP" ""
192.168.10.20 - arodriguez [12/Sep/2021:06:20:06 -0500] "CONNECT relay-5bec465c.net.anydesk.com:80 HTTP/1.1" 200 0 "HTTPS" "outgoing via 192.168.50.30"
192.168.10.20 - arodriguez [12/Sep/2021:06:20:20 -0500] "CONNECT relay-12d968bc.net.anydesk.com:80 HTTP/1.1" 200 0 "HTTPS" "outgoing via 192.168.50.30"
192.168.10.20 - arodriguez [12/Sep/2021:06:20:49 -0500] "CONNECT relay-12d968bc.net.anydesk.com:80 HTTP/1.1" 200 0 "HTTPS" "outgoing via 192.168.50.30"
192.168.10.20 - arodriguez [12/Sep/2021:06:21:18 -0500] "CONNECT relay-12d968bc.net.anydesk.com:80 HTTP/1.1" 200 0 "HTTPS" "outgoing via 192.168.50.30"
192.168.3.21 - rodolfo [12/Sep/2021:06:21:47 -0500] "CONNECT safebrowsing.googleapis.com:443 HTTP/1.1" 200 0 "HTTPS" "outgoing via 192.168.50.30"
192.168.10.20 - arodriguez [12/Sep/2021:06:21:47 -0500] "CONNECT relay-12d968bc.net.anydesk.com:80 HTTP/1.1" 200 0 "HTTPS" "outgoing via 192.168.50.30"
192.168.10.20 - arodriguez [12/Sep/2021:06:22:16 -0500] "CONNECT relay-12d968bc.net.anydesk.com:80 HTTP/1.1" 200 0 "HTTPS" "outgoing via 192.168.50.30"
192.168.10.20 - arodriguez [12/Sep/2021:06:22:45 -0500] "CONNECT relay-12d968bc.net.anydesk.com:80 HTTP/1.1" 200 0 "HTTPS" "outgoing via 192.168.50.30"
192.168.10.20 - arodriguez [12/Sep/2021:06:23:14 -0500] "CONNECT relay-12d968bc.net.anydesk.com:80 HTTP/1.1" 200 0 "HTTPS" "outgoing via 192.168.50.30"
192.168.10.20 - arodriguez [12/Sep/2021:06:23:43 -0500] "CONNECT relay-12d968bc.net.anydesk.com:80 HTTP/1.1" 200 0 "HTTPS" "outgoing via 192.168.50.30"
192.168.10.20 - arodriguez [12/Sep/2021:06:23:56 -0500] "CONNECT relay-717265af.net.anydesk.com:80 HTTP/1.1" 200 0 "HTTPS" "outgoing via 192.168.50.30"
192.168.10.20 - arodriguez [12/Sep/2021:06:24:25 -0500] "CONNECT relay-717265af.net.anydesk.com:80 HTTP/1.1" 200 0 "HTTPS" "outgoing via 192.168.50.30"
192.168.10.20 - arodriguez [12/Sep/2021:06:24:54 -0500] "CONNECT relay-717265af.net.anydesk.com:80 HTTP/1.1" 200 0 "HTTPS" "outgoing via 192.168.50.30"
192.168.10.20 - arodriguez [12/Sep/2021:06:25:23 -0500] "CONNECT relay-717265af.net.anydesk.com:80 HTTP/1.1" 200 0 "HTTPS" "outgoing via 192.168.50.30"
192.168.10.20 - arodriguez [12/Sep/2021:06:25:52 -0500] "CONNECT relay-717265af.net.anydesk.com:80 HTTP/1.1" 200 0 "HTTPS" "outgoing via 192.168.50.30"
192.168.10.20 - arodriguez [12/Sep/2021:06:26:06 -0500] "CONNECT relay-1cb4b08e.net.anydesk.com:80 HTTP/1.1" 200 0 "HTTPS" "outgoing via 192.168.50.30"
192.168.10.20 - arodriguez [12/Sep/2021:06:26:34 -0500] "CONNECT relay-1cb4b08e.net.anydesk.com:80 HTTP/1.1" 200 0 "HTTPS" "outgoing via 192.168.50.30"
192.168.10.20 - arodriguez [12/Sep/2021:06:27:03 -0500] "CONNECT relay-1cb4b08e.net.anydesk.com:80 HTTP/1.1" 200 0 "HTTPS" "outgoing via 192.168.50.30"
192.168.10.20 - arodriguez [12/Sep/2021:06:27:17 -0500] "CONNECT relay-94ea071e.net.anydesk.com:80 HTTP/1.1" 200 0 "HTTPS" "outgoing via 192.168.50.30"
192.168.10.20 - arodriguez [12/Sep/2021:06:27:46 -0500] "CONNECT relay-94ea071e.net.anydesk.com:80 HTTP/1.1" 200 0 "HTTPS" "outgoing via 192.168.50.30"
192.168.10.20 - arodriguez [12/Sep/2021:06:28:15 -0500] "CONNECT relay-94ea071e.net.anydesk.com:80 HTTP/1.1" 200 0 "HTTPS" "outgoing via 192.168.50.30"
192.168.10.20 - arodriguez [12/Sep/2021:06:28:28 -0500] "CONNECT relay-f6106504.net.anydesk.com:80 HTTP/1.1" 200 0 "HTTPS" "outgoing via 192.168.50.30"
