192.168.50.8 - arodriguez [25/Jul/2021:05:27:02 -0500] "HEAD http://update.eset.com/v3-eval-sta/mod_023_pegasus_25314/em023_32_n15.nup HTTP/1.1" 200 375 "HTTP" ""
192.168.50.8 - arodriguez [25/Jul/2021:05:27:03 -0500] "GET http://update.eset.com/v3-eval-sta/mod_023_pegasus_25314/em023_32_n15.nup HTTP/1.1" 200 696102 "HTTP" ""
192.168.50.8 - arodriguez [25/Jul/2021:05:27:03 -0500] "HEAD http://update.eset.com/v3-eval-sta/mod_023_pegasus_25314/em023_32_n16.nup HTTP/1.1" 200 375 "HTTP" ""
192.168.50.8 - arodriguez [25/Jul/2021:05:27:03 -0500] "GET http://update.eset.com/v3-eval-sta/mod_023_pegasus_25314/em023_32_n16.nup HTTP/1.1" 200 728482 "HTTP" ""
192.168.50.8 - arodriguez [25/Jul/2021:05:27:03 -0500] "HEAD http://update.eset.com/v3-eval-sta/mod_023_pegasus_25314/em023_32_n17.nup HTTP/1.1" 200 375 "HTTP" ""
192.168.50.8 - arodriguez [25/Jul/2021:05:27:04 -0500] "GET http://update.eset.com/v3-eval-sta/mod_023_pegasus_25314/em023_32_n17.nup HTTP/1.1" 200 770684 "HTTP" ""
192.168.50.8 - arodriguez [25/Jul/2021:05:27:04 -0500] "HEAD http://update.eset.com/v3-eval-sta/mod_023_pegasus_25314/em023_32_n18.nup HTTP/1.1" 200 375 "HTTP" ""
192.168.50.8 - arodriguez [25/Jul/2021:05:27:04 -0500] "GET http://update.eset.com/v3-eval-sta/mod_023_pegasus_25314/em023_32_n18.nup HTTP/1.1" 200 817952 "HTTP" ""
192.168.50.8 - arodriguez [25/Jul/2021:05:27:04 -0500] "HEAD http://update.eset.com/v3-eval-sta/mod_023_pegasus_25314/em023_32_n19.nup HTTP/1.1" 200 375 "HTTP" ""
192.168.50.8 - arodriguez [25/Jul/2021:05:27:04 -0500] "GET http://update.eset.com/v3-eval-sta/mod_023_pegasus_25314/em023_32_n19.nup HTTP/1.1" 200 862524 "HTTP" ""
192.168.50.8 - arodriguez [25/Jul/2021:05:27:05 -0500] "HEAD http://update.eset.com/v3-eval-sta/mod_023_pegasus_25314/em023_32_n20.nup HTTP/1.1" 200 375 "HTTP" ""
192.168.10.20 - arodriguez [25/Jul/2021:05:27:23 -0500] "CONNECT relay-497b2e35.net.anydesk.com:80 HTTP/1.1" 200 0 "HTTPS" "outgoing via 192.168.50.30"
192.168.10.20 - arodriguez [25/Jul/2021:05:27:52 -0500] "CONNECT relay-497b2e35.net.anydesk.com:80 HTTP/1.1" 200 0 "HTTPS" "outgoing via 192.168.50.30"
192.168.10.20 - arodriguez [25/Jul/2021:05:28:21 -0500] "CONNECT relay-497b2e35.net.anydesk.com:80 HTTP/1.1" 200 0 "HTTPS" "outgoing via 192.168.50.30"
192.168.10.20 - arodriguez [25/Jul/2021:05:28:50 -0500] "CONNECT relay-497b2e35.net.anydesk.com:80 HTTP/1.1" 200 0 "HTTPS" "outgoing via 192.168.50.30"
192.168.10.20 - arodriguez [25/Jul/2021:05:29:19 -0500] "CONNECT relay-497b2e35.net.anydesk.com:80 HTTP/1.1" 200 0 "HTTPS" "outgoing via 192.168.50.30"
192.168.10.20 - arodriguez [25/Jul/2021:05:29:48 -0500] "CONNECT relay-497b2e35.net.anydesk.com:80 HTTP/1.1" 200 0 "HTTPS" "outgoing via 192.168.50.30"
192.168.10.20 - arodriguez [25/Jul/2021:05:30:17 -0500] "CONNECT relay-497b2e35.net.anydesk.com:80 HTTP/1.1" 200 0 "HTTPS" "outgoing via 192.168.50.30"
192.168.10.20 - arodriguez [25/Jul/2021:05:30:30 -0500] "CONNECT relay-afcf85da.net.anydesk.com:80 HTTP/1.1" 200 0 "HTTPS" "outgoing via 192.168.50.30"
192.168.10.20 - arodriguez [25/Jul/2021:05:30:59 -0500] "CONNECT relay-afcf85da.net.anydesk.com:80 HTTP/1.1" 200 0 "HTTPS" "outgoing via 192.168.50.30"
192.168.10.20 - arodriguez [25/Jul/2021:05:31:28 -0500] "CONNECT relay-afcf85da.net.anydesk.com:80 HTTP/1.1" 200 0 "HTTPS" "outgoing via 192.168.50.30"
192.168.10.20 - arodriguez [25/Jul/2021:05:31:41 -0500] "CONNECT relay-bd01ff02.net.anydesk.com:80 HTTP/1.1" 200 0 "HTTPS" "outgoing via 192.168.50.30"
192.168.10.20 - arodriguez [25/Jul/2021:05:32:11 -0500] "CONNECT relay-bd01ff02.net.anydesk.com:80 HTTP/1.1" 200 0 "HTTPS" "outgoing via 192.168.50.30"
192.168.10.20 - arodriguez [25/Jul/2021:05:32:39 -0500] "CONNECT relay-bd01ff02.net.anydesk.com:80 HTTP/1.1" 200 0 "HTTPS" "outgoing via 192.168.50.30"
192.168.10.20 - arodriguez [25/Jul/2021:05:32:53 -0500] "CONNECT relay-afcf85da.net.anydesk.com:80 HTTP/1.1" 200 0 "HTTPS" "outgoing via 192.168.50.30"
192.168.10.20 - arodriguez [25/Jul/2021:05:33:22 -0500] "CONNECT relay-afcf85da.net.anydesk.com:80 HTTP/1.1" 200 0 "HTTPS" "outgoing via 192.168.50.30"
192.168.10.20 - arodriguez [25/Jul/2021:05:33:51 -0500] "CONNECT relay-afcf85da.net.anydesk.com:80 HTTP/1.1" 200 0 "HTTPS" "outgoing via 192.168.50.30"
192.168.10.20 - arodriguez [25/Jul/2021:05:34:20 -0500] "CONNECT relay-afcf85da.net.anydesk.com:80 HTTP/1.1" 200 0 "HTTPS" "outgoing via 192.168.50.30"
192.168.10.20 - arodriguez [25/Jul/2021:05:34:49 -0500] "CONNECT relay-afcf85da.net.anydesk.com:80 HTTP/1.1" 200 0 "HTTPS" "outgoing via 192.168.50.30"
192.168.10.20 - arodriguez [25/Jul/2021:05:35:18 -0500] "CONNECT relay-afcf85da.net.anydesk.com:80 HTTP/1.1" 200 0 "HTTPS" "outgoing via 192.168.50.30"
192.168.10.20 - arodriguez [25/Jul/2021:05:35:31 -0500] "CONNECT relay-32e92e70.net.anydesk.com:80 HTTP/1.1" 200 0 "HTTPS" "outgoing via 192.168.50.30"
192.168.10.20 - arodriguez [25/Jul/2021:05:36:00 -0500] "CONNECT relay-32e92e70.net.anydesk.com:80 HTTP/1.1" 200 0 "HTTPS" "outgoing via 192.168.50.30"
192.168.10.20 - arodriguez [25/Jul/2021:05:36:29 -0500] "CONNECT relay-32e92e70.net.anydesk.com:80 HTTP/1.1" 200 0 "HTTPS" "outgoing via 192.168.50.30"
192.168.10.20 - arodriguez [25/Jul/2021:05:36:58 -0500] "CONNECT relay-32e92e70.net.anydesk.com:80 HTTP/1.1" 200 0 "HTTPS" "outgoing via 192.168.50.30"
192.168.10.20 - arodriguez [25/Jul/2021:05:37:11 -0500] "CONNECT relay-f6106504.net.anydesk.com:80 HTTP/1.1" 200 0 "HTTPS" "outgoing via 192.168.50.30"
192.168.5.58 - dunia.glez [25/Jul/2021:05:37:37 -0500] "CONNECT safebrowsing.googleapis.com:443 HTTP/1.1" 200 0 "HTTPS" "outgoing via 192.168.50.30"
192.168.10.20 - arodriguez [25/Jul/2021:05:37:40 -0500] "CONNECT relay-f6106504.net.anydesk.com:80 HTTP/1.1" 200 0 "HTTPS" "outgoing via 192.168.50.30"
192.168.10.20 - arodriguez [25/Jul/2021:05:38:09 -0500] "CONNECT relay-f6106504.net.anydesk.com:80 HTTP/1.1" 200 0 "HTTPS" "outgoing via 192.168.50.30"
192.168.10.20 - arodriguez [25/Jul/2021:05:38:22 -0500] "CONNECT relay-89970c8c.net.anydesk.com:80 HTTP/1.1" 200 0 "HTTPS" "outgoing via 192.168.50.30"
192.168.10.20 - arodriguez [25/Jul/2021:05:38:51 -0500] "CONNECT relay-89970c8c.net.anydesk.com:80 HTTP/1.1" 200 0 "HTTPS" "outgoing via 192.168.50.30"
192.168.10.20 - arodriguez [25/Jul/2021:05:39:20 -0500] "CONNECT relay-89970c8c.net.anydesk.com:80 HTTP/1.1" 200 0 "HTTPS" "outgoing via 192.168.50.30"
192.168.10.20 - arodriguez [25/Jul/2021:05:39:49 -0500] "CONNECT relay-89970c8c.net.anydesk.com:80 HTTP/1.1" 200 0 "HTTPS" "outgoing via 192.168.50.30"
192.168.10.20 - arodriguez [25/Jul/2021:05:40:03 -0500] "CONNECT relay-f6106504.net.anydesk.com:80 HTTP/1.1" 200 0 "HTTPS" "outgoing via 192.168.50.30"
192.168.10.20 - arodriguez [25/Jul/2021:05:40:32 -0500] "CONNECT relay-f6106504.net.anydesk.com:80 HTTP/1.1" 200 0 "HTTPS" "outgoing via 192.168.50.30"
192.168.10.20 - arodriguez [25/Jul/2021:05:41:00 -0500] "CONNECT relay-f6106504.net.anydesk.com:80 HTTP/1.1" 200 0 "HTTPS" "outgoing via 192.168.50.30"
192.168.10.20 - arodriguez [25/Jul/2021:05:41:29 -0500] "CONNECT relay-f6106504.net.anydesk.com:80 HTTP/1.1" 200 0 "HTTPS" "outgoing via 192.168.50.30"
192.168.10.20 - arodriguez [25/Jul/2021:05:41:58 -0500] "CONNECT relay-f6106504.net.anydesk.com:80 HTTP/1.1" 200 0 "HTTPS" "outgoing via 192.168.50.30"
192.168.10.20 - arodriguez [25/Jul/2021:05:42:27 -0500] "CONNECT relay-f6106504.net.anydesk.com:80 HTTP/1.1" 200 0 "HTTPS" "outgoing via 192.168.50.30"
192.168.10.20 - arodriguez [25/Jul/2021:05:42:40 -0500] "CONNECT relay-8897650c.net.anydesk.com:80 HTTP/1.1" 200 0 "HTTPS" "outgoing via 192.168.50.30"
192.168.10.20 - arodriguez [25/Jul/2021:05:43:10 -0500] "CONNECT relay-8897650c.net.anydesk.com:80 HTTP/1.1" 200 0 "HTTPS" "outgoing via 192.168.50.30"
192.168.10.20 - arodriguez [25/Jul/2021:05:43:39 -0500] "CONNECT relay-8897650c.net.anydesk.com:80 HTTP/1.1" 200 0 "HTTPS" "outgoing via 192.168.50.30"
192.168.10.20 - arodriguez [25/Jul/2021:05:43:52 -0500] "CONNECT relay-1cb4b08e.net.anydesk.com:80 HTTP/1.1" 200 0 "HTTPS" "outgoing via 192.168.50.30"
192.168.10.20 - arodriguez [25/Jul/2021:05:44:23 -0500] "CONNECT relay-1cb4b08e.net.anydesk.com:443 HTTP/1.1" 200 0 "HTTPS" "outgoing via 192.168.50.30"
192.168.10.20 - arodriguez [25/Jul/2021:05:49:37 -0500] "CONNECT relay-1cb4b08e.net.anydesk.com:80 HTTP/1.1" 200 0 "HTTPS" "outgoing via 192.168.50.30"
192.168.10.20 - arodriguez [25/Jul/2021:05:49:50 -0500] "CONNECT relay-5f045e20.net.anydesk.com:80 HTTP/1.1" 200 0 "HTTPS" "outgoing via 192.168.50.30"
192.168.5.58 - dunia.glez [25/Jul/2021:05:50:13 -0500] "CONNECT scontent-mia3-1.xx.fbcdn.net:443 HTTP/1.1" 200 0 "HTTPS" "outgoing via 192.168.50.30"
192.168.10.20 - arodriguez [25/Jul/2021:05:50:19 -0500] "CONNECT relay-5f045e20.net.anydesk.com:80 HTTP/1.1" 200 0 "HTTPS" "outgoing via 192.168.50.30"
192.168.10.20 - arodriguez [25/Jul/2021:05:50:48 -0500] "CONNECT relay-5f045e20.net.anydesk.com:80 HTTP/1.1" 200 0 "HTTPS" "outgoing via 192.168.50.30"
192.168.10.20 - arodriguez [25/Jul/2021:05:51:02 -0500] "CONNECT relay-a54c6d92.net.anydesk.com:80 HTTP/1.1" 200 0 "HTTPS" "outgoing via 192.168.50.30"
192.168.10.20 - arodriguez [25/Jul/2021:05:51:31 -0500] "CONNECT relay-a54c6d92.net.anydesk.com:80 HTTP/1.1" 200 0 "HTTPS" "outgoing via 192.168.50.30"
192.168.10.20 - arodriguez [25/Jul/2021:05:52:00 -0500] "CONNECT relay-a54c6d92.net.anydesk.com:80 HTTP/1.1" 200 0 "HTTPS" "outgoing via 192.168.50.30"
192.168.10.20 - arodriguez [25/Jul/2021:05:52:13 -0500] "CONNECT relay-bf8a115f.net.anydesk.com:80 HTTP/1.1" 200 0 "HTTPS" "outgoing via 192.168.50.30"
192.168.10.20 - arodriguez [25/Jul/2021:05:52:42 -0500] "CONNECT relay-bf8a115f.net.anydesk.com:80 HTTP/1.1" 200 0 "HTTPS" "outgoing via 192.168.50.30"
192.168.10.20 - arodriguez [25/Jul/2021:05:53:11 -0500] "CONNECT relay-bf8a115f.net.anydesk.com:80 HTTP/1.1" 200 0 "HTTPS" "outgoing via 192.168.50.30"
192.168.10.20 - arodriguez [25/Jul/2021:05:53:40 -0500] "CONNECT relay-bf8a115f.net.anydesk.com:80 HTTP/1.1" 200 0 "HTTPS" "outgoing via 192.168.50.30"
192.168.10.20 - arodriguez [25/Jul/2021:05:53:53 -0500] "CONNECT relay-5bec465c.net.anydesk.com:80 HTTP/1.1" 200 0 "HTTPS" "outgoing via 192.168.50.30"
192.168.10.20 - arodriguez [25/Jul/2021:05:54:22 -0500] "CONNECT relay-5bec465c.net.anydesk.com:80 HTTP/1.1" 200 0 "HTTPS" "outgoing via 192.168.50.30"
192.168.10.20 - arodriguez [25/Jul/2021:05:54:51 -0500] "CONNECT relay-5bec465c.net.anydesk.com:80 HTTP/1.1" 200 0 "HTTPS" "outgoing via 192.168.50.30"
192.168.5.58 - dunia.glez [25/Jul/2021:05:55:15 -0500] "CONNECT scontent-mia3-1.xx.fbcdn.net:443 HTTP/1.1" 200 0 "HTTPS" "outgoing via 192.168.50.30"
192.168.10.20 - arodriguez [25/Jul/2021:05:55:20 -0500] "CONNECT relay-5bec465c.net.anydesk.com:80 HTTP/1.1" 200 0 "HTTPS" "outgoing via 192.168.50.30"
192.168.10.20 - arodriguez [25/Jul/2021:05:55:34 -0500] "CONNECT relay-f4ae83b1.net.anydesk.com:80 HTTP/1.1" 200 0 "HTTPS" "outgoing via 192.168.50.30"
192.168.10.20 - arodriguez [25/Jul/2021:05:56:03 -0500] "CONNECT relay-f4ae83b1.net.anydesk.com:80 HTTP/1.1" 200 0 "HTTPS" "outgoing via 192.168.50.30"
192.168.10.20 - arodriguez [25/Jul/2021:05:56:32 -0500] "CONNECT relay-f4ae83b1.net.anydesk.com:80 HTTP/1.1" 200 0 "HTTPS" "outgoing via 192.168.50.30"
192.168.10.20 - arodriguez [25/Jul/2021:05:57:01 -0500] "CONNECT relay-f4ae83b1.net.anydesk.com:80 HTTP/1.1" 200 0 "HTTPS" "outgoing via 192.168.50.30"
192.168.10.20 - arodriguez [25/Jul/2021:05:57:30 -0500] "CONNECT relay-f4ae83b1.net.anydesk.com:80 HTTP/1.1" 200 0 "HTTPS" "outgoing via 192.168.50.30"
192.168.10.20 - arodriguez [25/Jul/2021:05:57:58 -0500] "CONNECT relay-f4ae83b1.net.anydesk.com:80 HTTP/1.1" 200 0 "HTTPS" "outgoing via 192.168.50.30"
192.168.10.20 - arodriguez [25/Jul/2021:05:58:12 -0500] "CONNECT relay-32e92e70.net.anydesk.com:80 HTTP/1.1" 200 0 "HTTPS" "outgoing via 192.168.50.30"
192.168.1.29 - jacome [25/Jul/2021:05:58:23 -0500] "CONNECT content-signature-2.cdn.mozilla.net:443 HTTP/1.1" 200 0 "HTTPS" "outgoing via 192.168.50.30"
192.168.1.29 - jacome [25/Jul/2021:05:58:23 -0500] "CONNECT push.services.mozilla.com:443 HTTP/1.1" 200 0 "HTTPS" "outgoing via 192.168.50.30"
192.168.1.29 - jacome [25/Jul/2021:05:58:24 -0500] "CONNECT incoming.telemetry.mozilla.org:443 HTTP/1.1" 200 0 "HTTPS" "outgoing via 192.168.50.30"
192.168.1.29 - jacome [25/Jul/2021:05:58:24 -0500] "CONNECT firefox.settings.services.mozilla.com:443 HTTP/1.1" 200 0 "HTTPS" "outgoing via 192.168.50.30"
192.168.1.29 - jacome [25/Jul/2021:05:58:24 -0500] "CONNECT firefox.settings.services.mozilla.com:443 HTTP/1.1" 200 0 "HTTPS" "outgoing via 192.168.50.30"
192.168.1.29 - jacome [25/Jul/2021:05:58:25 -0500] "CONNECT firefox.settings.services.mozilla.com:443 HTTP/1.1" 200 0 "HTTPS" "outgoing via 192.168.50.30"
192.168.1.29 - jacome [25/Jul/2021:05:58:29 -0500] "CONNECT safebrowsing.googleapis.com:443 HTTP/1.1" 200 0 "HTTPS" "outgoing via 192.168.50.30"
192.168.1.29 - jacome [25/Jul/2021:05:58:29 -0500] "CONNECT sf-helper.com:443 HTTP/1.1" 200 0 "HTTPS" "outgoing via 192.168.50.30"
192.168.1.29 - jacome [25/Jul/2021:05:58:30 -0500] "CONNECT www.addonsrv.net:443 HTTP/1.1" 200 0 "HTTPS" "outgoing via 192.168.50.30"
192.168.1.29 - jacome [25/Jul/2021:05:58:30 -0500] "POST http://ocsp.digicert.com/ HTTP/1.1" 200 947 "HTTP" ""
192.168.1.29 - jacome [25/Jul/2021:05:58:30 -0500] "CONNECT incoming.telemetry.mozilla.org:443 HTTP/1.1" 200 0 "HTTPS" "outgoing via 192.168.50.30"
192.168.1.29 - jacome [25/Jul/2021:05:58:30 -0500] "CONNECT incoming.telemetry.mozilla.org:443 HTTP/1.1" 200 0 "HTTPS" "outgoing via 192.168.50.30"
192.168.1.29 - jacome [25/Jul/2021:05:58:30 -0500] "CONNECT incoming.telemetry.mozilla.org:443 HTTP/1.1" 200 0 "HTTPS" "outgoing via 192.168.50.30"
192.168.1.29 - jacome [25/Jul/2021:05:58:33 -0500] "CONNECT www.addonsrv.net:443 HTTP/1.1" 200 0 "HTTPS" "outgoing via 192.168.50.30"
192.168.5.58 - dunia.glez [25/Jul/2021:05:58:37 -0500] "CONNECT scontent-mia3-2.xx.fbcdn.net:443 HTTP/1.1" 200 0 "HTTPS" "outgoing via 192.168.50.30"
192.168.10.20 - arodriguez [25/Jul/2021:05:58:41 -0500] "CONNECT relay-32e92e70.net.anydesk.com:80 HTTP/1.1" 200 0 "HTTPS" "outgoing via 192.168.50.30"
192.168.1.29 - jacome [25/Jul/2021:05:58:59 -0500] "CONNECT www.google.com:443 HTTP/1.1" 200 0 "HTTPS" "outgoing via 192.168.50.30"
192.168.1.29 - jacome [25/Jul/2021:05:59:00 -0500] "CONNECT www.google.com:443 HTTP/1.1" 200 0 "HTTPS" "outgoing via 192.168.50.30"
192.168.1.29 - jacome [25/Jul/2021:05:59:00 -0500] "CONNECT www.google.com:443 HTTP/1.1" 200 0 "HTTPS" "outgoing via 192.168.50.30"
192.168.1.29 - jacome [25/Jul/2021:05:59:01 -0500] "CONNECT www.google.com:443 HTTP/1.1" 200 0 "HTTPS" "outgoing via 192.168.50.30"
192.168.1.29 - jacome [25/Jul/2021:05:59:01 -0500] "CONNECT www.google.com:443 HTTP/1.1" 200 0 "HTTPS" "outgoing via 192.168.50.30"
192.168.1.29 - jacome [25/Jul/2021:05:59:02 -0500] "CONNECT www.google.com:443 HTTP/1.1" 200 0 "HTTPS" "outgoing via 192.168.50.30"
192.168.1.29 - jacome [25/Jul/2021:05:59:03 -0500] "CONNECT www.google.com:443 HTTP/1.1" 200 0 "HTTPS" "outgoing via 192.168.50.30"
192.168.10.20 - arodriguez [25/Jul/2021:05:59:10 -0500] "CONNECT relay-32e92e70.net.anydesk.com:80 HTTP/1.1" 200 0 "HTTPS" "outgoing via 192.168.50.30"
192.168.1.29 - jacome [25/Jul/2021:05:59:18 -0500] "GET http://detectportal.firefox.com/canonical.html HTTP/1.1" 200 444 "HTTP" ""
192.168.1.29 - jacome [25/Jul/2021:05:59:25 -0500] "GET http://detectportal.firefox.com/success.txt?ipv4 HTTP/1.1" 200 362 "HTTP" ""
192.168.1.29 - jacome [25/Jul/2021:05:59:29 -0500] "CONNECT shavar.services.mozilla.com:443 HTTP/1.1" 200 0 "HTTPS" "outgoing via 192.168.50.30"
192.168.1.29 - jacome [25/Jul/2021:05:59:29 -0500] "POST http://ocsp.pki.goog/gts1o1core HTTP/1.1" 200 849 "HTTP" ""
192.168.1.29 - jacome [25/Jul/2021:05:59:36 -0500] "CONNECT www.google.com:443 HTTP/1.1" 200 0 "HTTPS" "outgoing via 192.168.50.30"
192.168.1.29 - jacome [25/Jul/2021:05:59:36 -0500] "POST http://r3.o.lencr.org/ HTTP/1.1" 200 1012 "HTTP" ""
192.168.1.29 - jacome [25/Jul/2021:05:59:37 -0500] "CONNECT fonts.gstatic.com:443 HTTP/1.1" 200 0 "HTTPS" "outgoing via 192.168.50.30"
192.168.1.29 - jacome [25/Jul/2021:05:59:38 -0500] "CONNECT www.gstatic.com:443 HTTP/1.1" 200 0 "HTTPS" "outgoing via 192.168.50.30"
192.168.1.29 - jacome [25/Jul/2021:05:59:38 -0500] "CONNECT id.google.com:443 HTTP/1.1" 200 0 "HTTPS" "outgoing via 192.168.50.30"
192.168.1.29 - jacome [25/Jul/2021:05:59:39 -0500] "POST http://ocsp.pki.goog/gts1o1core HTTP/1.1" 200 849 "HTTP" ""
192.168.10.20 - arodriguez [25/Jul/2021:05:59:39 -0500] "CONNECT relay-32e92e70.net.anydesk.com:80 HTTP/1.1" 200 0 "HTTPS" "outgoing via 192.168.50.30"
192.168.1.29 - jacome [25/Jul/2021:05:59:39 -0500] "POST http://ocsp.digicert.com/ HTTP/1.1" 200 947 "HTTP" ""
192.168.1.29 - jacome [25/Jul/2021:05:59:42 -0500] "CONNECT encrypted-tbn0.gstatic.com:443 HTTP/1.1" 200 0 "HTTPS" "outgoing via 192.168.50.30"
192.168.1.29 - jacome [25/Jul/2021:05:59:42 -0500] "CONNECT encrypted-tbn0.gstatic.com:443 HTTP/1.1" 200 0 "HTTPS" "outgoing via 192.168.50.30"
192.168.1.29 - jacome [25/Jul/2021:05:59:42 -0500] "CONNECT encrypted-tbn0.gstatic.com:443 HTTP/1.1" 200 0 "HTTPS" "outgoing via 192.168.50.30"
192.168.1.29 - jacome [25/Jul/2021:05:59:42 -0500] "CONNECT encrypted-tbn0.gstatic.com:443 HTTP/1.1" 200 0 "HTTPS" "outgoing via 192.168.50.30"
192.168.1.29 - jacome [25/Jul/2021:05:59:42 -0500] "CONNECT encrypted-tbn0.gstatic.com:443 HTTP/1.1" 200 0 "HTTPS" "outgoing via 192.168.50.30"
192.168.1.29 - jacome [25/Jul/2021:05:59:42 -0500] "CONNECT encrypted-tbn0.gstatic.com:443 HTTP/1.1" 200 0 "HTTPS" "outgoing via 192.168.50.30"
192.168.1.29 - jacome [25/Jul/2021:05:59:44 -0500] "CONNECT adservice.google.com:443 HTTP/1.1" 200 0 "HTTPS" "outgoing via 192.168.50.30"
192.168.1.29 - jacome [25/Jul/2021:05:59:44 -0500] "CONNECT ogs.google.com:443 HTTP/1.1" 200 0 "HTTPS" "outgoing via 192.168.50.30"
192.168.1.29 - jacome [25/Jul/2021:05:59:44 -0500] "CONNECT encrypted-vtbn0.gstatic.com:443 HTTP/1.1" 200 0 "HTTPS" "outgoing via 192.168.50.30"
192.168.1.29 - jacome [25/Jul/2021:05:59:46 -0500] "CONNECT adservice.google.com.cu:443 HTTP/1.1" 200 0 "HTTPS" "outgoing via 192.168.50.30"
192.168.1.29 - jacome [25/Jul/2021:05:59:46 -0500] "POST http://ocsp.pki.goog/gts1o1core HTTP/1.1" 200 849 "HTTP" ""
192.168.1.29 - jacome [25/Jul/2021:05:59:47 -0500] "CONNECT googleads.g.doubleclick.net:443 HTTP/1.1" 200 0 "HTTPS" "outgoing via 192.168.50.30"
192.168.1.29 - jacome [25/Jul/2021:05:59:47 -0500] "GET http://detectportal.firefox.com/canonical.html HTTP/1.1" 200 444 "HTTP" ""
192.168.1.29 - jacome [25/Jul/2021:05:59:47 -0500] "GET http://detectportal.firefox.com/success.txt?ipv4 HTTP/1.1" 200 362 "HTTP" ""
192.168.1.29 - jacome [25/Jul/2021:05:59:50 -0500] "CONNECT www.youtube.com:443 HTTP/1.1" 200 0 "HTTPS" "outgoing via 192.168.50.30"
192.168.1.29 - jacome [25/Jul/2021:05:59:51 -0500] "CONNECT www.youtube.com:443 HTTP/1.1" 200 0 "HTTPS" "outgoing via 192.168.50.30"
192.168.1.29 - jacome [25/Jul/2021:05:59:51 -0500] "CONNECT www.youtube.com:443 HTTP/1.1" 200 0 "HTTPS" "outgoing via 192.168.50.30"
192.168.1.29 - jacome [25/Jul/2021:05:59:51 -0500] "CONNECT www.youtube.com:443 HTTP/1.1" 200 0 "HTTPS" "outgoing via 192.168.50.30"
192.168.1.29 - jacome [25/Jul/2021:05:59:51 -0500] "CONNECT www.youtube.com:443 HTTP/1.1" 200 0 "HTTPS" "outgoing via 192.168.50.30"
192.168.1.29 - jacome [25/Jul/2021:05:59:51 -0500] "CONNECT www.youtube.com:443 HTTP/1.1" 200 0 "HTTPS" "outgoing via 192.168.50.30"
192.168.10.20 - arodriguez [25/Jul/2021:05:59:52 -0500] "CONNECT relay-f6106504.net.anydesk.com:80 HTTP/1.1" 200 0 "HTTPS" "outgoing via 192.168.50.30"
192.168.1.29 - jacome [25/Jul/2021:05:59:54 -0500] "CONNECT youtube.com:443 HTTP/1.1" 200 0 "HTTPS" "outgoing via 192.168.50.30"
192.168.1.29 - jacome [25/Jul/2021:05:59:54 -0500] "CONNECT i.ytimg.com:443 HTTP/1.1" 200 0 "HTTPS" "outgoing via 192.168.50.30"
192.168.1.29 - jacome [25/Jul/2021:05:59:54 -0500] "POST http://ocsp.pki.goog/gts1o1core HTTP/1.1" 200 849 "HTTP" ""
192.168.1.29 - jacome [25/Jul/2021:06:00:00 -0500] "CONNECT fonts.googleapis.com:443 HTTP/1.1" 200 0 "HTTPS" "outgoing via 192.168.50.30"
192.168.1.29 - jacome [25/Jul/2021:06:00:01 -0500] "POST http://ocsp.pki.goog/gts1o1core HTTP/1.1" 200 849 "HTTP" ""
192.168.1.29 - jacome [25/Jul/2021:06:00:04 -0500] "CONNECT r1---sn-xuxjn5-i58e.googlevideo.com:443 HTTP/1.1" 200 0 "HTTPS" "outgoing via 192.168.50.30"
192.168.1.29 - jacome [25/Jul/2021:06:00:04 -0500] "CONNECT r1---sn-xuxjn5-i58e.googlevideo.com:443 HTTP/1.1" 200 0 "HTTPS" "outgoing via 192.168.50.30"
192.168.1.29 - jacome [25/Jul/2021:06:00:05 -0500] "POST http://ocsp.pki.goog/gts1o1core HTTP/1.1" 200 849 "HTTP" ""
192.168.1.29 - jacome [25/Jul/2021:06:00:06 -0500] "POST http://ocsp.pki.goog/gts1o1core HTTP/1.1" 200 849 "HTTP" ""
192.168.1.29 - jacome [25/Jul/2021:06:00:12 -0500] "CONNECT r4---sn-xuxjn5-i58e.googlevideo.com:443 HTTP/1.1" 200 0 "HTTPS" "outgoing via 192.168.50.30"
192.168.1.29 - jacome [25/Jul/2021:06:00:12 -0500] "CONNECT r4---sn-xuxjn5-i58e.googlevideo.com:443 HTTP/1.1" 200 0 "HTTPS" "outgoing via 192.168.50.30"
192.168.1.29 - jacome [25/Jul/2021:06:00:12 -0500] "CONNECT accounts.google.com:443 HTTP/1.1" 200 0 "HTTPS" "outgoing via 192.168.50.30"
192.168.1.29 - jacome [25/Jul/2021:06:00:12 -0500] "CONNECT static.doubleclick.net:443 HTTP/1.1" 200 0 "HTTPS" "outgoing via 192.168.50.30"
192.168.1.29 - jacome [25/Jul/2021:06:00:13 -0500] "GET http://detectportal.firefox.com/canonical.html HTTP/1.1" 200 444 "HTTP" ""
192.168.1.29 - jacome [25/Jul/2021:06:00:13 -0500] "POST http://ocsp.pki.goog/gts1c3 HTTP/1.1" 200 850 "HTTP" ""
192.168.1.29 - jacome [25/Jul/2021:06:00:13 -0500] "GET http://detectportal.firefox.com/success.txt?ipv4 HTTP/1.1" 200 362 "HTTP" ""
192.168.1.29 - jacome [25/Jul/2021:06:00:14 -0500] "CONNECT googleads.g.doubleclick.net:443 HTTP/1.1" 200 0 "HTTPS" "outgoing via 192.168.50.30"
192.168.1.29 - jacome [25/Jul/2021:06:00:15 -0500] "CONNECT www.google.com.cu:443 HTTP/1.1" 200 0 "HTTPS" "outgoing via 192.168.50.30"
192.168.1.29 - jacome [25/Jul/2021:06:00:15 -0500] "CONNECT yt3.ggpht.com:443 HTTP/1.1" 200 0 "HTTPS" "outgoing via 192.168.50.30"
192.168.1.29 - jacome [25/Jul/2021:06:00:15 -0500] "GET http://detectportal.firefox.com/canonical.html HTTP/1.1" 200 444 "HTTP" ""
192.168.1.29 - jacome [25/Jul/2021:06:00:16 -0500] "CONNECT r1---sn-xuxjn5-i58e.googlevideo.com:443 HTTP/1.1" 200 0 "HTTPS" "outgoing via 192.168.50.30"
192.168.1.29 - jacome [25/Jul/2021:06:00:17 -0500] "CONNECT r6---sn-hp57kn67.googlevideo.com:443 HTTP/1.1" 200 0 "HTTPS" "outgoing via 192.168.50.30"
192.168.1.29 - jacome [25/Jul/2021:06:00:17 -0500] "POST http://ocsp.pki.goog/gts1o1core HTTP/1.1" 200 849 "HTTP" ""
192.168.1.29 - jacome [25/Jul/2021:06:00:18 -0500] "CONNECT r6---sn-hp57kn67.googlevideo.com:443 HTTP/1.1" 200 0 "HTTPS" "outgoing via 192.168.50.30"
192.168.1.29 - jacome [25/Jul/2021:06:00:19 -0500] "POST http://ocsp.pki.goog/gts1c3 HTTP/1.1" 200 850 "HTTP" ""
192.168.1.29 - jacome [25/Jul/2021:06:00:19 -0500] "CONNECT r6---sn-hp57kn67.googlevideo.com:443 HTTP/1.1" 200 0 "HTTPS" "outgoing via 192.168.50.30"
192.168.1.29 - jacome [25/Jul/2021:06:00:21 -0500] "POST http://ocsp.pki.goog/gts1o1core HTTP/1.1" 200 849 "HTTP" ""
192.168.10.20 - arodriguez [25/Jul/2021:06:00:21 -0500] "CONNECT relay-f6106504.net.anydesk.com:80 HTTP/1.1" 200 0 "HTTPS" "outgoing via 192.168.50.30"
192.168.1.29 - jacome [25/Jul/2021:06:00:24 -0500] "CONNECT r4---sn-q4flrnl6.googlevideo.com:443 HTTP/1.1" 200 0 "HTTPS" "outgoing via 192.168.50.30"
192.168.1.29 - jacome [25/Jul/2021:06:00:27 -0500] "CONNECT r6---sn-hp57kn67.googlevideo.com:443 HTTP/1.1" 200 0 "HTTPS" "outgoing via 192.168.50.30"
192.168.1.29 - jacome [25/Jul/2021:06:00:27 -0500] "CONNECT r6---sn-hp57kn67.googlevideo.com:443 HTTP/1.1" 200 0 "HTTPS" "outgoing via 192.168.50.30"
192.168.1.29 - jacome [25/Jul/2021:06:00:39 -0500] "GET http://detectportal.firefox.com/success.txt?ipv4 HTTP/1.1" 200 362 "HTTP" ""
192.168.10.20 - arodriguez [25/Jul/2021:06:00:50 -0500] "CONNECT relay-f6106504.net.anydesk.com:80 HTTP/1.1" 200 0 "HTTPS" "outgoing via 192.168.50.30"
192.168.1.29 - jacome [25/Jul/2021:06:01:01 -0500] "POST http://ocsp.pki.goog/gts1o1core HTTP/1.1" 200 849 "HTTP" ""
192.168.10.20 - arodriguez [25/Jul/2021:06:01:19 -0500] "CONNECT relay-f6106504.net.anydesk.com:80 HTTP/1.1" 200 0 "HTTPS" "outgoing via 192.168.50.30"
192.168.10.20 - arodriguez [25/Jul/2021:06:01:32 -0500] "CONNECT relay-497b2e35.net.anydesk.com:80 HTTP/1.1" 200 0 "HTTPS" "outgoing via 192.168.50.30"
192.168.10.20 - arodriguez [25/Jul/2021:06:02:01 -0500] "CONNECT relay-497b2e35.net.anydesk.com:80 HTTP/1.1" 200 0 "HTTPS" "outgoing via 192.168.50.30"
192.168.1.29 - jacome [25/Jul/2021:06:02:16 -0500] "POST http://ocsp.pki.goog/gts1o1core HTTP/1.1" 200 849 "HTTP" ""
192.168.1.29 - jacome [25/Jul/2021:06:02:17 -0500] "CONNECT googleads.g.doubleclick.net:443 HTTP/1.1" 200 0 "HTTPS" "outgoing via 192.168.50.30"
192.168.1.29 - jacome [25/Jul/2021:06:02:17 -0500] "GET http://detectportal.firefox.com/canonical.html HTTP/1.1" 200 444 "HTTP" ""
192.168.1.29 - jacome [25/Jul/2021:06:02:18 -0500] "POST http://ocsp.pki.goog/gts1c3 HTTP/1.1" 200 849 "HTTP" ""
192.168.1.29 - jacome [25/Jul/2021:06:02:20 -0500] "POST http://ocsp.pki.goog/gts1c3 HTTP/1.1" 200 849 "HTTP" ""
192.168.1.29 - jacome [25/Jul/2021:06:02:21 -0500] "GET http://detectportal.firefox.com/success.txt?ipv4 HTTP/1.1" 200 362 "HTTP" ""
192.168.10.20 - arodriguez [25/Jul/2021:06:02:30 -0500] "CONNECT relay-497b2e35.net.anydesk.com:80 HTTP/1.1" 200 0 "HTTPS" "outgoing via 192.168.50.30"
192.168.10.20 - arodriguez [25/Jul/2021:06:02:59 -0500] "CONNECT relay-497b2e35.net.anydesk.com:80 HTTP/1.1" 200 0 "HTTPS" "outgoing via 192.168.50.30"
192.168.10.20 - arodriguez [25/Jul/2021:06:03:29 -0500] "CONNECT relay-497b2e35.net.anydesk.com:80 HTTP/1.1" 200 0 "HTTPS" "outgoing via 192.168.50.30"
192.168.10.20 - arodriguez [25/Jul/2021:06:03:42 -0500] "CONNECT relay-49726057.net.anydesk.com:80 HTTP/1.1" 200 0 "HTTPS" "outgoing via 192.168.50.30"
192.168.1.29 - jacome [25/Jul/2021:06:03:54 -0500] "CONNECT www.google.com:443 HTTP/1.1" 200 0 "HTTPS" "outgoing via 192.168.50.30"
192.168.1.29 - jacome [25/Jul/2021:06:03:57 -0500] "CONNECT id.google.com:443 HTTP/1.1" 200 0 "HTTPS" "outgoing via 192.168.50.30"
192.168.1.29 - jacome [25/Jul/2021:06:04:00 -0500] "CONNECT www.gstatic.com:443 HTTP/1.1" 200 0 "HTTPS" "outgoing via 192.168.50.30"
192.168.1.29 - jacome [25/Jul/2021:06:04:02 -0500] "CONNECT googleads.g.doubleclick.net:443 HTTP/1.1" 200 0 "HTTPS" "outgoing via 192.168.50.30"
192.168.1.29 - jacome [25/Jul/2021:06:04:02 -0500] "GET http://detectportal.firefox.com/canonical.html HTTP/1.1" 200 444 "HTTP" ""
192.168.1.29 - jacome [25/Jul/2021:06:04:02 -0500] "GET http://detectportal.firefox.com/success.txt?ipv4 HTTP/1.1" 200 361 "HTTP" ""
192.168.1.29 - jacome [25/Jul/2021:06:04:03 -0500] "CONNECT encrypted-vtbn0.gstatic.com:443 HTTP/1.1" 200 0 "HTTPS" "outgoing via 192.168.50.30"
192.168.10.20 - arodriguez [25/Jul/2021:06:04:11 -0500] "CONNECT relay-49726057.net.anydesk.com:80 HTTP/1.1" 200 0 "HTTPS" "outgoing via 192.168.50.30"
192.168.1.29 - jacome [25/Jul/2021:06:04:38 -0500] "CONNECT adservice.google.com:443 HTTP/1.1" 200 0 "HTTPS" "outgoing via 192.168.50.30"
192.168.1.29 - jacome [25/Jul/2021:06:04:39 -0500] "CONNECT encrypted-tbn0.gstatic.com:443 HTTP/1.1" 200 0 "HTTPS" "outgoing via 192.168.50.30"
192.168.1.29 - jacome [25/Jul/2021:06:04:39 -0500] "CONNECT safebrowsing.googleapis.com:443 HTTP/1.1" 200 0 "HTTPS" "outgoing via 192.168.50.30"
192.168.1.29 - jacome [25/Jul/2021:06:04:40 -0500] "CONNECT adservice.google.com.cu:443 HTTP/1.1" 200 0 "HTTPS" "outgoing via 192.168.50.30"
192.168.10.20 - arodriguez [25/Jul/2021:06:04:40 -0500] "CONNECT relay-49726057.net.anydesk.com:80 HTTP/1.1" 200 0 "HTTPS" "outgoing via 192.168.50.30"
192.168.1.29 - jacome [25/Jul/2021:06:04:41 -0500] "CONNECT googleads.g.doubleclick.net:443 HTTP/1.1" 200 0 "HTTPS" "outgoing via 192.168.50.30"
192.168.1.29 - jacome [25/Jul/2021:06:04:41 -0500] "GET http://detectportal.firefox.com/canonical.html HTTP/1.1" 200 444 "HTTP" ""
192.168.1.29 - jacome [25/Jul/2021:06:04:41 -0500] "GET http://detectportal.firefox.com/success.txt?ipv4 HTTP/1.1" 200 362 "HTTP" ""
192.168.1.29 - jacome [25/Jul/2021:06:04:46 -0500] "CONNECT normandy.cdn.mozilla.net:443 HTTP/1.1" 200 0 "HTTPS" "outgoing via 192.168.50.30"
192.168.1.29 - jacome [25/Jul/2021:06:04:47 -0500] "CONNECT classify-client.services.mozilla.com:443 HTTP/1.1" 200 0 "HTTPS" "outgoing via 192.168.50.30"
192.168.1.29 - jacome [25/Jul/2021:06:04:49 -0500] "CONNECT content-signature-2.cdn.mozilla.net:443 HTTP/1.1" 200 0 "HTTPS" "outgoing via 192.168.50.30"
192.168.10.20 - arodriguez [25/Jul/2021:06:04:53 -0500] "CONNECT relay-dbede8d2.net.anydesk.com:80 HTTP/1.1" 200 0 "HTTPS" "outgoing via 192.168.50.30"
192.168.5.58 - dunia.glez [25/Jul/2021:06:05:19 -0500] "CONNECT scontent-mia3-1.xx.fbcdn.net:443 HTTP/1.1" 200 0 "HTTPS" "outgoing via 192.168.50.30"
192.168.1.29 - jacome [25/Jul/2021:06:05:22 -0500] "CONNECT adservice.google.com:443 HTTP/1.1" 200 0 "HTTPS" "outgoing via 192.168.50.30"
192.168.10.20 - arodriguez [25/Jul/2021:06:05:23 -0500] "CONNECT relay-dbede8d2.net.anydesk.com:80 HTTP/1.1" 200 0 "HTTPS" "outgoing via 192.168.50.30"
192.168.1.29 - jacome [25/Jul/2021:06:05:24 -0500] "CONNECT adservice.google.com.cu:443 HTTP/1.1" 200 0 "HTTPS" "outgoing via 192.168.50.30"
192.168.1.29 - jacome [25/Jul/2021:06:05:25 -0500] "CONNECT googleads.g.doubleclick.net:443 HTTP/1.1" 200 0 "HTTPS" "outgoing via 192.168.50.30"
192.168.1.29 - jacome [25/Jul/2021:06:05:25 -0500] "GET http://detectportal.firefox.com/canonical.html HTTP/1.1" 200 444 "HTTP" ""
192.168.1.29 - jacome [25/Jul/2021:06:05:25 -0500] "GET http://detectportal.firefox.com/success.txt?ipv4 HTTP/1.1" 200 361 "HTTP" ""
192.168.10.20 - arodriguez [25/Jul/2021:06:05:51 -0500] "CONNECT relay-dbede8d2.net.anydesk.com:80 HTTP/1.1" 200 0 "HTTPS" "outgoing via 192.168.50.30"
192.168.10.20 - arodriguez [25/Jul/2021:06:06:05 -0500] "CONNECT relay-096fe6d0.net.anydesk.com:80 HTTP/1.1" 200 0 "HTTPS" "outgoing via 192.168.50.30"
192.168.1.29 - jacome [25/Jul/2021:06:06:27 -0500] "CONNECT i.ytimg.com:443 HTTP/1.1" 200 0 "HTTPS" "outgoing via 192.168.50.30"
192.168.1.29 - jacome [25/Jul/2021:06:06:27 -0500] "CONNECT youtube.com:443 HTTP/1.1" 200 0 "HTTPS" "outgoing via 192.168.50.30"
192.168.1.29 - jacome [25/Jul/2021:06:06:27 -0500] "CONNECT r4---sn-xuxjn5-i58e.googlevideo.com:443 HTTP/1.1" 200 0 "HTTPS" "outgoing via 192.168.50.30"
192.168.1.29 - jacome [25/Jul/2021:06:06:27 -0500] "CONNECT r4---sn-xuxjn5-i58e.googlevideo.com:443 HTTP/1.1" 200 0 "HTTPS" "outgoing via 192.168.50.30"
192.168.1.29 - jacome [25/Jul/2021:06:06:27 -0500] "POST http://ocsp.digicert.com/ HTTP/1.1" 200 946 "HTTP" ""
192.168.10.20 - arodriguez [25/Jul/2021:06:06:34 -0500] "CONNECT relay-096fe6d0.net.anydesk.com:80 HTTP/1.1" 200 0 "HTTPS" "outgoing via 192.168.50.30"
192.168.1.29 - jacome [25/Jul/2021:06:06:38 -0500] "CONNECT r2---sn-xuxjn5-i58e.googlevideo.com:443 HTTP/1.1" 200 0 "HTTPS" "outgoing via 192.168.50.30"
192.168.1.29 - jacome [25/Jul/2021:06:06:38 -0500] "CONNECT r2---sn-xuxjn5-i58e.googlevideo.com:443 HTTP/1.1" 200 0 "HTTPS" "outgoing via 192.168.50.30"
192.168.1.29 - jacome [25/Jul/2021:06:06:39 -0500] "CONNECT static.doubleclick.net:443 HTTP/1.1" 200 0 "HTTPS" "outgoing via 192.168.50.30"
192.168.1.29 - jacome [25/Jul/2021:06:06:39 -0500] "GET http://detectportal.firefox.com/canonical.html HTTP/1.1" 200 444 "HTTP" ""
192.168.1.29 - jacome [25/Jul/2021:06:06:39 -0500] "POST http://ocsp.pki.goog/gts1c3 HTTP/1.1" 200 850 "HTTP" ""
192.168.1.29 - jacome [25/Jul/2021:06:06:39 -0500] "POST http://ocsp.pki.goog/gts1c3 HTTP/1.1" 200 850 "HTTP" ""
192.168.1.29 - jacome [25/Jul/2021:06:06:42 -0500] "CONNECT i1.ytimg.com:443 HTTP/1.1" 200 0 "HTTPS" "outgoing via 192.168.50.30"
192.168.1.29 - jacome [25/Jul/2021:06:06:42 -0500] "CONNECT incoming.telemetry.mozilla.org:443 HTTP/1.1" 200 0 "HTTPS" "outgoing via 192.168.50.30"
192.168.1.29 - jacome [25/Jul/2021:06:06:43 -0500] "CONNECT r2---sn-hp57yn7r.googlevideo.com:443 HTTP/1.1" 200 0 "HTTPS" "outgoing via 192.168.50.30"
192.168.1.29 - jacome [25/Jul/2021:06:06:50 -0500] "CONNECT googleads.g.doubleclick.net:443 HTTP/1.1" 200 0 "HTTPS" "outgoing via 192.168.50.30"
192.168.1.29 - jacome [25/Jul/2021:06:06:53 -0500] "CONNECT r2---sn-xuxjn5-i58e.googlevideo.com:443 HTTP/1.1" 200 0 "HTTPS" "outgoing via 192.168.50.30"
192.168.1.29 - jacome [25/Jul/2021:06:06:54 -0500] "POST http://ocsp.pki.goog/gts1c3 HTTP/1.1" 200 850 "HTTP" ""
192.168.1.29 - jacome [25/Jul/2021:06:06:59 -0500] "GET http://detectportal.firefox.com/success.txt?ipv4 HTTP/1.1" 200 362 "HTTP" ""
192.168.1.29 - jacome [25/Jul/2021:06:06:59 -0500] "CONNECT www.google.com.cu:443 HTTP/1.1" 200 0 "HTTPS" "outgoing via 192.168.50.30"
192.168.10.20 - arodriguez [25/Jul/2021:06:07:03 -0500] "CONNECT relay-096fe6d0.net.anydesk.com:80 HTTP/1.1" 200 0 "HTTPS" "outgoing via 192.168.50.30"
192.168.1.29 - jacome [25/Jul/2021:06:07:07 -0500] "CONNECT yt3.ggpht.com:443 HTTP/1.1" 200 0 "HTTPS" "outgoing via 192.168.50.30"
192.168.1.29 - jacome [25/Jul/2021:06:07:20 -0500] "CONNECT fonts.gstatic.com:443 HTTP/1.1" 200 0 "HTTPS" "outgoing via 192.168.50.30"
192.168.10.20 - arodriguez [25/Jul/2021:06:07:31 -0500] "CONNECT relay-096fe6d0.net.anydesk.com:80 HTTP/1.1" 200 0 "HTTPS" "outgoing via 192.168.50.30"
192.168.5.58 - dunia.glez [25/Jul/2021:06:07:52 -0500] "CONNECT safebrowsing.googleapis.com:443 HTTP/1.1" 200 0 "HTTPS" "outgoing via 192.168.50.30"
192.168.10.20 - arodriguez [25/Jul/2021:06:08:00 -0500] "CONNECT relay-096fe6d0.net.anydesk.com:80 HTTP/1.1" 200 0 "HTTPS" "outgoing via 192.168.50.30"
192.168.10.20 - arodriguez [25/Jul/2021:06:08:02 -0500] "CONNECT relay-096fe6d0.net.anydesk.com:443 HTTP/1.1" 200 0 "HTTPS" "outgoing via 192.168.50.30"
192.168.10.20 - arodriguez [25/Jul/2021:06:08:04 -0500] "CONNECT relay-096fe6d0.net.anydesk.com:6568 HTTP/1.1" 200 0 "HTTPS" "outgoing via 192.168.50.30"
192.168.10.20 - arodriguez [25/Jul/2021:06:08:06 -0500] "CONNECT 209.222.97.48:80 HTTP/1.1" 200 0 "HTTPS" "outgoing via 192.168.50.30"
192.168.10.20 - arodriguez [25/Jul/2021:06:08:08 -0500] "CONNECT 209.222.97.48:443 HTTP/1.1" 200 0 "HTTPS" "outgoing via 192.168.50.30"
192.168.10.20 - arodriguez [25/Jul/2021:06:08:10 -0500] "CONNECT 209.222.97.48:6568 HTTP/1.1" 200 0 "HTTPS" "outgoing via 192.168.50.30"
192.168.1.29 - jacome [25/Jul/2021:06:08:31 -0500] "CONNECT push.services.mozilla.com:443 HTTP/1.1" 200 0 "HTTPS" "outgoing via 192.168.50.30"
192.168.1.29 - jacome [25/Jul/2021:06:08:33 -0500] "CONNECT firefox.settings.services.mozilla.com:443 HTTP/1.1" 200 0 "HTTPS" "outgoing via 192.168.50.30"
192.168.1.29 - jacome [25/Jul/2021:06:08:39 -0500] "POST http://ocsp.pki.goog/gts1c3 HTTP/1.1" 200 850 "HTTP" ""
192.168.10.20 - arodriguez [25/Jul/2021:06:08:45 -0500] "CONNECT relay-096fe6d0.net.anydesk.com:80 HTTP/1.1" 200 0 "HTTPS" "outgoing via 192.168.50.30"
192.168.1.29 - jacome [25/Jul/2021:06:08:45 -0500] "POST http://ocsp.pki.goog/gts1c3 HTTP/1.1" 200 849 "HTTP" ""
192.168.1.29 - jacome [25/Jul/2021:06:08:51 -0500] "CONNECT googleads.g.doubleclick.net:443 HTTP/1.1" 200 0 "HTTPS" "outgoing via 192.168.50.30"
192.168.1.29 - jacome [25/Jul/2021:06:08:51 -0500] "GET http://detectportal.firefox.com/canonical.html HTTP/1.1" 200 444 "HTTP" ""
192.168.1.29 - jacome [25/Jul/2021:06:08:52 -0500] "GET http://detectportal.firefox.com/success.txt?ipv4 HTTP/1.1" 200 361 "HTTP" ""
192.168.10.20 - arodriguez [25/Jul/2021:06:08:58 -0500] "CONNECT relay-283e3f4a.net.anydesk.com:80 HTTP/1.1" 200 0 "HTTPS" "outgoing via 192.168.50.30"
192.168.10.20 - arodriguez [25/Jul/2021:06:09:27 -0500] "CONNECT relay-283e3f4a.net.anydesk.com:80 HTTP/1.1" 200 0 "HTTPS" "outgoing via 192.168.50.30"
192.168.10.20 - arodriguez [25/Jul/2021:06:09:56 -0500] "CONNECT relay-283e3f4a.net.anydesk.com:80 HTTP/1.1" 200 0 "HTTPS" "outgoing via 192.168.50.30"
192.168.1.29 - jacome [25/Jul/2021:06:09:57 -0500] "CONNECT www.google.com:443 HTTP/1.1" 200 0 "HTTPS" "outgoing via 192.168.50.30"
192.168.1.29 - jacome [25/Jul/2021:06:10:02 -0500] "CONNECT www.gstatic.com:443 HTTP/1.1" 200 0 "HTTPS" "outgoing via 192.168.50.30"
192.168.1.29 - jacome [25/Jul/2021:06:10:04 -0500] "CONNECT encrypted-vtbn0.gstatic.com:443 HTTP/1.1" 200 0 "HTTPS" "outgoing via 192.168.50.30"
192.168.1.29 - jacome [25/Jul/2021:06:10:04 -0500] "CONNECT youtube.com:443 HTTP/1.1" 200 0 "HTTPS" "outgoing via 192.168.50.30"
192.168.1.29 - jacome [25/Jul/2021:06:10:05 -0500] "CONNECT r4---sn-xuxjn5-i58e.googlevideo.com:443 HTTP/1.1" 200 0 "HTTPS" "outgoing via 192.168.50.30"
192.168.1.29 - jacome [25/Jul/2021:06:10:05 -0500] "CONNECT r4---sn-xuxjn5-i58e.googlevideo.com:443 HTTP/1.1" 200 0 "HTTPS" "outgoing via 192.168.50.30"
192.168.10.20 - arodriguez [25/Jul/2021:06:10:10 -0500] "CONNECT relay-1cb4b08e.net.anydesk.com:80 HTTP/1.1" 200 0 "HTTPS" "outgoing via 192.168.50.30"
192.168.1.29 - jacome [25/Jul/2021:06:10:17 -0500] "CONNECT r2---sn-xuxjn5-i58e.googlevideo.com:443 HTTP/1.1" 200 0 "HTTPS" "outgoing via 192.168.50.30"
192.168.1.29 - jacome [25/Jul/2021:06:10:17 -0500] "CONNECT r2---sn-xuxjn5-i58e.googlevideo.com:443 HTTP/1.1" 200 0 "HTTPS" "outgoing via 192.168.50.30"
192.168.1.29 - jacome [25/Jul/2021:06:10:18 -0500] "CONNECT static.doubleclick.net:443 HTTP/1.1" 200 0 "HTTPS" "outgoing via 192.168.50.30"
192.168.1.29 - jacome [25/Jul/2021:06:10:19 -0500] "GET http://detectportal.firefox.com/canonical.html HTTP/1.1" 200 444 "HTTP" ""
192.168.1.29 - jacome [25/Jul/2021:06:10:21 -0500] "CONNECT r2---sn-hp57ynl6.googlevideo.com:443 HTTP/1.1" 200 0 "HTTPS" "outgoing via 192.168.50.30"
192.168.1.29 - jacome [25/Jul/2021:06:10:23 -0500] "CONNECT r2---sn-hp57ynl6.googlevideo.com:443 HTTP/1.1" 200 0 "HTTPS" "outgoing via 192.168.50.30"
192.168.1.29 - jacome [25/Jul/2021:06:10:23 -0500] "CONNECT r2---sn-hp57ynl6.googlevideo.com:443 HTTP/1.1" 200 0 "HTTPS" "outgoing via 192.168.50.30"
192.168.1.29 - jacome [25/Jul/2021:06:10:25 -0500] "GET http://detectportal.firefox.com/success.txt?ipv4 HTTP/1.1" 200 362 "HTTP" ""
192.168.1.29 - jacome [25/Jul/2021:06:10:27 -0500] "CONNECT googleads.g.doubleclick.net:443 HTTP/1.1" 200 0 "HTTPS" "outgoing via 192.168.50.30"
192.168.1.29 - jacome [25/Jul/2021:06:10:27 -0500] "GET http://detectportal.firefox.com/canonical.html HTTP/1.1" 200 444 "HTTP" ""
192.168.1.29 - jacome [25/Jul/2021:06:10:31 -0500] "GET http://detectportal.firefox.com/success.txt?ipv4 HTTP/1.1" 200 361 "HTTP" ""
192.168.1.29 - jacome [25/Jul/2021:06:10:31 -0500] "CONNECT r2---sn-q4flrnld.googlevideo.com:443 HTTP/1.1" 200 0 "HTTPS" "outgoing via 192.168.50.30"
192.168.1.29 - jacome [25/Jul/2021:06:10:33 -0500] "POST http://ocsp.pki.goog/gts1c3 HTTP/1.1" 200 850 "HTTP" ""
192.168.1.29 - jacome [25/Jul/2021:06:10:35 -0500] "CONNECT www.google.com.cu:443 HTTP/1.1" 200 0 "HTTPS" "outgoing via 192.168.50.30"
192.168.1.29 - jacome [25/Jul/2021:06:10:38 -0500] "CONNECT r2---sn-hp57ynl6.googlevideo.com:443 HTTP/1.1" 200 0 "HTTPS" "outgoing via 192.168.50.30"
192.168.1.29 - jacome [25/Jul/2021:06:10:38 -0500] "POST http://ocsp.pki.goog/gts1c3 HTTP/1.1" 200 850 "HTTP" ""
192.168.10.20 - arodriguez [25/Jul/2021:06:10:39 -0500] "CONNECT relay-1cb4b08e.net.anydesk.com:80 HTTP/1.1" 200 0 "HTTPS" "outgoing via 192.168.50.30"
192.168.10.20 - arodriguez [25/Jul/2021:06:11:08 -0500] "CONNECT relay-1cb4b08e.net.anydesk.com:80 HTTP/1.1" 200 0 "HTTPS" "outgoing via 192.168.50.30"
192.168.10.20 - arodriguez [25/Jul/2021:06:11:37 -0500] "CONNECT relay-1cb4b08e.net.anydesk.com:80 HTTP/1.1" 200 0 "HTTPS" "outgoing via 192.168.50.30"
192.168.10.20 - arodriguez [25/Jul/2021:06:11:50 -0500] "CONNECT relay-bfcb38ab.net.anydesk.com:80 HTTP/1.1" 200 0 "HTTPS" "outgoing via 192.168.50.30"
192.168.10.20 - arodriguez [25/Jul/2021:06:12:19 -0500] "CONNECT relay-bfcb38ab.net.anydesk.com:80 HTTP/1.1" 200 0 "HTTPS" "outgoing via 192.168.50.30"
192.168.1.29 - jacome [25/Jul/2021:06:12:29 -0500] "CONNECT googleads.g.doubleclick.net:443 HTTP/1.1" 200 0 "HTTPS" "outgoing via 192.168.50.30"
192.168.1.29 - jacome [25/Jul/2021:06:12:29 -0500] "GET http://detectportal.firefox.com/success.txt?ipv4 HTTP/1.1" 200 361 "HTTP" ""
192.168.1.29 - jacome [25/Jul/2021:06:12:33 -0500] "POST http://ocsp.pki.goog/gts1c3 HTTP/1.1" 200 849 "HTTP" ""
192.168.10.20 - arodriguez [25/Jul/2021:06:12:48 -0500] "CONNECT relay-bfcb38ab.net.anydesk.com:80 HTTP/1.1" 200 0 "HTTPS" "outgoing via 192.168.50.30"
192.168.10.20 - arodriguez [25/Jul/2021:06:13:01 -0500] "CONNECT relay-bd01ff02.net.anydesk.com:80 HTTP/1.1" 200 0 "HTTPS" "outgoing via 192.168.50.30"
192.168.10.20 - arodriguez [25/Jul/2021:06:13:30 -0500] "CONNECT relay-bd01ff02.net.anydesk.com:80 HTTP/1.1" 200 0 "HTTPS" "outgoing via 192.168.50.30"
192.168.10.20 - arodriguez [25/Jul/2021:06:13:59 -0500] "CONNECT relay-bd01ff02.net.anydesk.com:80 HTTP/1.1" 200 0 "HTTPS" "outgoing via 192.168.50.30"
192.168.1.29 - jacome [25/Jul/2021:06:14:25 -0500] "CONNECT www.gstatic.com:443 HTTP/1.1" 200 0 "HTTPS" "outgoing via 192.168.50.30"
192.168.10.20 - arodriguez [25/Jul/2021:06:14:28 -0500] "CONNECT relay-bd01ff02.net.anydesk.com:80 HTTP/1.1" 200 0 "HTTPS" "outgoing via 192.168.50.30"
192.168.1.29 - jacome [25/Jul/2021:06:14:28 -0500] "CONNECT www.google.com:443 HTTP/1.1" 200 0 "HTTPS" "outgoing via 192.168.50.30"
192.168.1.29 - jacome [25/Jul/2021:06:14:35 -0500] "CONNECT adservice.google.com.cu:443 HTTP/1.1" 200 0 "HTTPS" "outgoing via 192.168.50.30"
192.168.1.29 - jacome [25/Jul/2021:06:14:37 -0500] "CONNECT googleads.g.doubleclick.net:443 HTTP/1.1" 200 0 "HTTPS" "outgoing via 192.168.50.30"
192.168.10.20 - arodriguez [25/Jul/2021:06:14:41 -0500] "CONNECT relay-8897650c.net.anydesk.com:80 HTTP/1.1" 200 0 "HTTPS" "outgoing via 192.168.50.30"
192.168.1.29 - jacome [25/Jul/2021:06:15:00 -0500] "CONNECT adservice.google.com:443 HTTP/1.1" 200 0 "HTTPS" "outgoing via 192.168.50.30"
192.168.1.29 - jacome [25/Jul/2021:06:15:00 -0500] "CONNECT encrypted-tbn0.gstatic.com:443 HTTP/1.1" 200 0 "HTTPS" "outgoing via 192.168.50.30"
192.168.1.29 - jacome [25/Jul/2021:06:15:00 -0500] "CONNECT encrypted-vtbn0.gstatic.com:443 HTTP/1.1" 200 0 "HTTPS" "outgoing via 192.168.50.30"
192.168.1.29 - jacome [25/Jul/2021:06:15:01 -0500] "CONNECT adservice.google.com.cu:443 HTTP/1.1" 200 0 "HTTPS" "outgoing via 192.168.50.30"
192.168.1.29 - jacome [25/Jul/2021:06:15:03 -0500] "CONNECT googleads.g.doubleclick.net:443 HTTP/1.1" 200 0 "HTTPS" "outgoing via 192.168.50.30"
192.168.1.29 - jacome [25/Jul/2021:06:15:03 -0500] "GET http://detectportal.firefox.com/canonical.html HTTP/1.1" 200 444 "HTTP" ""
192.168.1.29 - jacome [25/Jul/2021:06:15:03 -0500] "GET http://detectportal.firefox.com/success.txt?ipv4 HTTP/1.1" 200 361 "HTTP" ""
192.168.1.29 - jacome [25/Jul/2021:06:15:06 -0500] "CONNECT youtube.com:443 HTTP/1.1" 200 0 "HTTPS" "outgoing via 192.168.50.30"
192.168.1.29 - jacome [25/Jul/2021:06:15:06 -0500] "CONNECT r4---sn-xuxjn5-i58e.googlevideo.com:443 HTTP/1.1" 200 0 "HTTPS" "outgoing via 192.168.50.30"
192.168.1.29 - jacome [25/Jul/2021:06:15:06 -0500] "CONNECT r4---sn-xuxjn5-i58e.googlevideo.com:443 HTTP/1.1" 200 0 "HTTPS" "outgoing via 192.168.50.30"
192.168.10.20 - arodriguez [25/Jul/2021:06:15:11 -0500] "CONNECT relay-8897650c.net.anydesk.com:80 HTTP/1.1" 200 0 "HTTPS" "outgoing via 192.168.50.30"
192.168.5.58 - dunia.glez [25/Jul/2021:06:15:23 -0500] "CONNECT scontent-mia3-1.xx.fbcdn.net:443 HTTP/1.1" 200 0 "HTTPS" "outgoing via 192.168.50.30"
192.168.5.58 - dunia.glez [25/Jul/2021:06:15:23 -0500] "CONNECT scontent-mia3-2.xx.fbcdn.net:443 HTTP/1.1" 200 0 "HTTPS" "outgoing via 192.168.50.30"
192.168.1.29 - jacome [25/Jul/2021:06:15:25 -0500] "CONNECT r1---sn-xuxjn5-i58e.googlevideo.com:443 HTTP/1.1" 200 0 "HTTPS" "outgoing via 192.168.50.30"
192.168.1.29 - jacome [25/Jul/2021:06:15:25 -0500] "CONNECT r1---sn-xuxjn5-i58e.googlevideo.com:443 HTTP/1.1" 200 0 "HTTPS" "outgoing via 192.168.50.30"
192.168.1.29 - jacome [25/Jul/2021:06:15:26 -0500] "CONNECT googleads.g.doubleclick.net:443 HTTP/1.1" 200 0 "HTTPS" "outgoing via 192.168.50.30"
192.168.1.29 - jacome [25/Jul/2021:06:15:26 -0500] "GET http://detectportal.firefox.com/canonical.html HTTP/1.1" 200 444 "HTTP" ""
192.168.1.29 - jacome [25/Jul/2021:06:15:35 -0500] "CONNECT r1---sn-xuxjn5-i58e.googlevideo.com:443 HTTP/1.1" 200 0 "HTTPS" "outgoing via 192.168.50.30"
192.168.1.29 - jacome [25/Jul/2021:06:15:35 -0500] "CONNECT www.google.com.cu:443 HTTP/1.1" 200 0 "HTTPS" "outgoing via 192.168.50.30"
192.168.1.29 - jacome [25/Jul/2021:06:15:36 -0500] "GET http://detectportal.firefox.com/success.txt?ipv4 HTTP/1.1" 200 361 "HTTP" ""
192.168.1.29 - jacome [25/Jul/2021:06:15:36 -0500] "CONNECT yt3.ggpht.com:443 HTTP/1.1" 200 0 "HTTPS" "outgoing via 192.168.50.30"
192.168.10.20 - arodriguez [25/Jul/2021:06:15:39 -0500] "CONNECT relay-8897650c.net.anydesk.com:80 HTTP/1.1" 200 0 "HTTPS" "outgoing via 192.168.50.30"
192.168.1.29 - jacome [25/Jul/2021:06:15:56 -0500] "CONNECT r4---sn-hp57ynee.googlevideo.com:443 HTTP/1.1" 200 0 "HTTPS" "outgoing via 192.168.50.30"
192.168.10.20 - arodriguez [25/Jul/2021:06:16:08 -0500] "CONNECT relay-8897650c.net.anydesk.com:80 HTTP/1.1" 200 0 "HTTPS" "outgoing via 192.168.50.30"
192.168.1.29 - jacome [25/Jul/2021:06:16:12 -0500] "CONNECT r4---sn-hp57ynee.googlevideo.com:443 HTTP/1.1" 200 0 "HTTPS" "outgoing via 192.168.50.30"
192.168.1.29 - jacome [25/Jul/2021:06:16:14 -0500] "POST http://ocsp.pki.goog/gts1c3 HTTP/1.1" 200 849 "HTTP" ""
192.168.10.20 - arodriguez [25/Jul/2021:06:16:22 -0500] "CONNECT relay-49726057.net.anydesk.com:80 HTTP/1.1" 200 0 "HTTPS" "outgoing via 192.168.50.30"
192.168.1.29 - jacome [25/Jul/2021:06:16:38 -0500] "CONNECT static.doubleclick.net:443 HTTP/1.1" 200 0 "HTTPS" "outgoing via 192.168.50.30"
192.168.1.29 - jacome [25/Jul/2021:06:16:38 -0500] "GET http://detectportal.firefox.com/canonical.html HTTP/1.1" 200 444 "HTTP" ""
192.168.1.29 - jacome [25/Jul/2021:06:16:39 -0500] "GET http://detectportal.firefox.com/success.txt?ipv4 HTTP/1.1" 200 361 "HTTP" ""
192.168.10.20 - arodriguez [25/Jul/2021:06:16:51 -0500] "CONNECT relay-49726057.net.anydesk.com:80 HTTP/1.1" 200 0 "HTTPS" "outgoing via 192.168.50.30"
192.168.10.20 - arodriguez [25/Jul/2021:06:17:19 -0500] "CONNECT relay-49726057.net.anydesk.com:80 HTTP/1.1" 200 0 "HTTPS" "outgoing via 192.168.50.30"
192.168.1.29 - jacome [25/Jul/2021:06:17:27 -0500] "CONNECT googleads.g.doubleclick.net:443 HTTP/1.1" 200 0 "HTTPS" "outgoing via 192.168.50.30"
192.168.1.29 - jacome [25/Jul/2021:06:17:27 -0500] "GET http://detectportal.firefox.com/canonical.html HTTP/1.1" 200 444 "HTTP" ""
192.168.1.29 - jacome [25/Jul/2021:06:17:28 -0500] "GET http://detectportal.firefox.com/success.txt?ipv4 HTTP/1.1" 200 361 "HTTP" ""
192.168.10.20 - arodriguez [25/Jul/2021:06:17:49 -0500] "CONNECT relay-49726057.net.anydesk.com:80 HTTP/1.1" 200 0 "HTTPS" "outgoing via 192.168.50.30"
192.168.10.20 - arodriguez [25/Jul/2021:06:18:17 -0500] "CONNECT relay-49726057.net.anydesk.com:80 HTTP/1.1" 200 0 "HTTPS" "outgoing via 192.168.50.30"
192.168.10.20 - arodriguez [25/Jul/2021:06:18:31 -0500] "CONNECT relay-82fc4166.net.anydesk.com:80 HTTP/1.1" 200 0 "HTTPS" "outgoing via 192.168.50.30"
192.168.10.20 - arodriguez [25/Jul/2021:06:19:00 -0500] "CONNECT relay-82fc4166.net.anydesk.com:80 HTTP/1.1" 200 0 "HTTPS" "outgoing via 192.168.50.30"
192.168.1.29 - jacome [25/Jul/2021:06:19:21 -0500] "CONNECT i.ytimg.com:443 HTTP/1.1" 200 0 "HTTPS" "outgoing via 192.168.50.30"
192.168.1.29 - jacome [25/Jul/2021:06:19:22 -0500] "CONNECT youtube.com:443 HTTP/1.1" 200 0 "HTTPS" "outgoing via 192.168.50.30"
192.168.1.29 - jacome [25/Jul/2021:06:19:27 -0500] "CONNECT r3---sn-xuxjn5-i58e.googlevideo.com:443 HTTP/1.1" 200 0 "HTTPS" "outgoing via 192.168.50.30"
192.168.1.29 - jacome [25/Jul/2021:06:19:27 -0500] "CONNECT r3---sn-xuxjn5-i58e.googlevideo.com:443 HTTP/1.1" 200 0 "HTTPS" "outgoing via 192.168.50.30"
192.168.10.20 - arodriguez [25/Jul/2021:06:19:29 -0500] "CONNECT relay-82fc4166.net.anydesk.com:80 HTTP/1.1" 200 0 "HTTPS" "outgoing via 192.168.50.30"
192.168.1.29 - jacome [25/Jul/2021:06:19:29 -0500] "CONNECT r3---sn-xuxjn5-i58e.googlevideo.com:443 HTTP/1.1" 200 0 "HTTPS" "outgoing via 192.168.50.30"
192.168.1.29 - jacome [25/Jul/2021:06:19:29 -0500] "POST http://ocsp.pki.goog/gts1c3 HTTP/1.1" 200 850 "HTTP" ""
192.168.1.29 - jacome [25/Jul/2021:06:19:30 -0500] "CONNECT r5---sn-hp57yn7r.googlevideo.com:443 HTTP/1.1" 200 0 "HTTPS" "outgoing via 192.168.50.30"
192.168.1.29 - jacome [25/Jul/2021:06:19:30 -0500] "CONNECT r5---sn-hp57yn7r.googlevideo.com:443 HTTP/1.1" 200 0 "HTTPS" "outgoing via 192.168.50.30"
192.168.1.29 - jacome [25/Jul/2021:06:19:30 -0500] "POST http://ocsp.pki.goog/gts1c3 HTTP/1.1" 200 850 "HTTP" ""
192.168.1.29 - jacome [25/Jul/2021:06:19:30 -0500] "CONNECT googleads.g.doubleclick.net:443 HTTP/1.1" 200 0 "HTTPS" "outgoing via 192.168.50.30"
192.168.1.29 - jacome [25/Jul/2021:06:19:30 -0500] "POST http://ocsp.pki.goog/gts1c3 HTTP/1.1" 200 850 "HTTP" ""
192.168.1.29 - jacome [25/Jul/2021:06:19:31 -0500] "CONNECT r5---sn-hp57yn7r.googlevideo.com:443 HTTP/1.1" 200 0 "HTTPS" "outgoing via 192.168.50.30"
192.168.1.29 - jacome [25/Jul/2021:06:19:32 -0500] "POST http://ocsp.pki.goog/gts1c3 HTTP/1.1" 200 849 "HTTP" ""
192.168.1.29 - jacome [25/Jul/2021:06:19:32 -0500] "CONNECT yt3.ggpht.com:443 HTTP/1.1" 200 0 "HTTPS" "outgoing via 192.168.50.30"
192.168.10.20 - arodriguez [25/Jul/2021:06:19:57 -0500] "CONNECT relay-82fc4166.net.anydesk.com:80 HTTP/1.1" 200 0 "HTTPS" "outgoing via 192.168.50.30"
192.168.5.58 - dunia.glez [25/Jul/2021:06:20:26 -0500] "CONNECT scontent-mia3-2.xx.fbcdn.net:443 HTTP/1.1" 200 0 "HTTPS" "outgoing via 192.168.50.30"
