192.168.10.20 - arodriguez [17/Jul/2021:09:32:43 -0500] "CONNECT relay-bf5451a5.net.anydesk.com:80 HTTP/1.1" 200 0 "HTTPS" "outgoing via 192.168.50.30"
192.168.6.19 - luis [17/Jul/2021:09:32:48 -0500] "CONNECT scontent.xx.fbcdn.net:443 HTTP/1.1" 200 0 "HTTPS" "outgoing via 192.168.50.30"
192.168.6.19 - luis [17/Jul/2021:09:32:48 -0500] "CONNECT edge-chat.facebook.com:443 HTTP/1.1" 200 0 "HTTPS" "outgoing via 192.168.50.30"
192.168.6.19 - luis [17/Jul/2021:09:32:54 -0500] "CONNECT video-mia3-2.xx.fbcdn.net:443 HTTP/1.1" 200 0 "HTTPS" "outgoing via 192.168.50.30"
192.168.6.19 - luis [17/Jul/2021:09:32:54 -0500] "CONNECT video-mia3-1.xx.fbcdn.net:443 HTTP/1.1" 200 0 "HTTPS" "outgoing via 192.168.50.30"
192.168.6.19 - luis [17/Jul/2021:09:32:54 -0500] "CONNECT video-mia3-2.xx.fbcdn.net:443 HTTP/1.1" 200 0 "HTTPS" "outgoing via 192.168.50.30"
192.168.6.19 - luis [17/Jul/2021:09:32:54 -0500] "CONNECT video-mia3-2.xx.fbcdn.net:443 HTTP/1.1" 200 0 "HTTPS" "outgoing via 192.168.50.30"
192.168.6.19 - luis [17/Jul/2021:09:32:54 -0500] "CONNECT video-mia3-1.xx.fbcdn.net:443 HTTP/1.1" 200 0 "HTTPS" "outgoing via 192.168.50.30"
192.168.6.19 - luis [17/Jul/2021:09:32:54 -0500] "CONNECT video-mia3-1.xx.fbcdn.net:443 HTTP/1.1" 200 0 "HTTPS" "outgoing via 192.168.50.30"
192.168.6.19 - luis [17/Jul/2021:09:32:58 -0500] "CONNECT x.bidswitch.net:443 HTTP/1.1" 200 0 "HTTPS" "outgoing via 192.168.50.30"
192.168.6.19 - luis [17/Jul/2021:09:33:00 -0500] "CONNECT x.bidswitch.net:443 HTTP/1.1" 200 0 "HTTPS" "outgoing via 192.168.50.30"
192.168.6.19 - luis [17/Jul/2021:09:33:01 -0500] "CONNECT scontent-mia3-2.xx.fbcdn.net:443 HTTP/1.1" 200 0 "HTTPS" "outgoing via 192.168.50.30"
192.168.6.19 - luis [17/Jul/2021:09:33:09 -0500] "CONNECT gateway.facebook.com:443 HTTP/1.1" 200 0 "HTTPS" "outgoing via 192.168.50.30"
192.168.6.19 - luis [17/Jul/2021:09:33:10 -0500] "CONNECT external-mia3-2.xx.fbcdn.net:443 HTTP/1.1" 200 0 "HTTPS" "outgoing via 192.168.50.30"
192.168.6.19 - luis [17/Jul/2021:09:33:10 -0500] "CONNECT googleads.g.doubleclick.net:443 HTTP/1.1" 200 0 "HTTPS" "outgoing via 192.168.50.30"
192.168.6.19 - luis [17/Jul/2021:09:33:10 -0500] "POST http://ocsp.digicert.com/ HTTP/1.1" 200 947 "HTTP" ""
192.168.10.20 - arodriguez [17/Jul/2021:09:33:12 -0500] "CONNECT relay-bf5451a5.net.anydesk.com:80 HTTP/1.1" 200 0 "HTTPS" "outgoing via 192.168.50.30"
192.168.6.19 - luis [17/Jul/2021:09:33:12 -0500] "CONNECT scontent-atl3-2.xx.fbcdn.net:443 HTTP/1.1" 200 0 "HTTPS" "outgoing via 192.168.50.30"
192.168.6.19 - luis [17/Jul/2021:09:33:12 -0500] "CONNECT scontent-atl3-2.xx.fbcdn.net:443 HTTP/1.1" 200 0 "HTTPS" "outgoing via 192.168.50.30"
192.168.6.19 - luis [17/Jul/2021:09:33:12 -0500] "CONNECT scontent-atl3-2.xx.fbcdn.net:443 HTTP/1.1" 200 0 "HTTPS" "outgoing via 192.168.50.30"
192.168.6.19 - luis [17/Jul/2021:09:33:12 -0500] "CONNECT scontent-atl3-2.xx.fbcdn.net:443 HTTP/1.1" 200 0 "HTTPS" "outgoing via 192.168.50.30"
192.168.6.19 - luis [17/Jul/2021:09:33:12 -0500] "CONNECT scontent.flim2-1.fna.fbcdn.net:443 HTTP/1.1" 200 0 "HTTPS" "outgoing via 192.168.50.30"
192.168.6.19 - luis [17/Jul/2021:09:33:12 -0500] "CONNECT scontent-dfw5-2.xx.fbcdn.net:443 HTTP/1.1" 200 0 "HTTPS" "outgoing via 192.168.50.30"
192.168.6.19 - luis [17/Jul/2021:09:33:12 -0500] "CONNECT scontent.fjal2-1.fna.fbcdn.net:443 HTTP/1.1" 200 0 "HTTPS" "outgoing via 192.168.50.30"
192.168.6.19 - luis [17/Jul/2021:09:33:12 -0500] "CONNECT scontent.fjuj3-1.fna.fbcdn.net:443 HTTP/1.1" 200 0 "HTTPS" "outgoing via 192.168.50.30"
192.168.6.19 - luis [17/Jul/2021:09:33:14 -0500] "POST http://ocsp.digicert.com/ HTTP/1.1" 200 947 "HTTP" ""
192.168.6.19 - luis [17/Jul/2021:09:33:14 -0500] "GET http://detectportal.firefox.com/success.txt HTTP/1.1" 200 362 "HTTP" ""
192.168.6.19 - luis [17/Jul/2021:09:33:14 -0500] "POST http://ocsp.sca1b.amazontrust.com/ HTTP/1.1" 200 1124 "HTTP" ""
192.168.10.20 - arodriguez [17/Jul/2021:09:33:41 -0500] "CONNECT relay-bf5451a5.net.anydesk.com:80 HTTP/1.1" 200 0 "HTTPS" "outgoing via 192.168.50.30"
192.168.10.20 - arodriguez [17/Jul/2021:09:33:54 -0500] "CONNECT relay-096fe6d0.net.anydesk.com:80 HTTP/1.1" 200 0 "HTTPS" "outgoing via 192.168.50.30"
192.168.6.19 - luis [17/Jul/2021:09:33:54 -0500] "POST http://ocsp.sca1b.amazontrust.com/ HTTP/1.1" 200 1124 "HTTP" ""
192.168.6.19 - luis [17/Jul/2021:09:33:54 -0500] "POST http://ocsp.sca1b.amazontrust.com/ HTTP/1.1" 200 1124 "HTTP" ""
192.168.6.19 - luis [17/Jul/2021:09:33:54 -0500] "POST http://ocsp.sca1b.amazontrust.com/ HTTP/1.1" 200 1124 "HTTP" ""
192.168.6.19 - luis [17/Jul/2021:09:33:54 -0500] "POST http://ocsp.sca1b.amazontrust.com/ HTTP/1.1" 200 1124 "HTTP" ""
192.168.6.19 - luis [17/Jul/2021:09:33:54 -0500] "POST http://ocsp.sca1b.amazontrust.com/ HTTP/1.1" 200 1123 "HTTP" ""
192.168.6.19 - luis [17/Jul/2021:09:33:57 -0500] "POST http://ocsp.digicert.com/ HTTP/1.1" 200 787 "HTTP" ""
192.168.6.19 - luis [17/Jul/2021:09:33:58 -0500] "POST http://ocsp.digicert.com/ HTTP/1.1" 200 947 "HTTP" ""
192.168.10.20 - arodriguez [17/Jul/2021:09:34:23 -0500] "CONNECT relay-096fe6d0.net.anydesk.com:80 HTTP/1.1" 200 0 "HTTPS" "outgoing via 192.168.50.30"
192.168.6.19 - luis [17/Jul/2021:09:34:37 -0500] "CONNECT normandy.cdn.mozilla.net:443 HTTP/1.1" 200 0 "HTTPS" "outgoing via 192.168.50.30"
192.168.6.19 - luis [17/Jul/2021:09:34:38 -0500] "CONNECT classify-client.services.mozilla.com:443 HTTP/1.1" 200 0 "HTTPS" "outgoing via 192.168.50.30"
192.168.6.19 - luis [17/Jul/2021:09:34:38 -0500] "POST http://ocsp.digicert.com/ HTTP/1.1" 200 947 "HTTP" ""
192.168.6.19 - luis [17/Jul/2021:09:34:39 -0500] "CONNECT content-signature-2.cdn.mozilla.net:443 HTTP/1.1" 200 0 "HTTPS" "outgoing via 192.168.50.30"
192.168.10.20 - arodriguez [17/Jul/2021:09:34:52 -0500] "CONNECT relay-096fe6d0.net.anydesk.com:80 HTTP/1.1" 200 0 "HTTPS" "outgoing via 192.168.50.30"
192.168.6.19 - luis [17/Jul/2021:09:35:08 -0500] "CONNECT icdn.dtcn.com:443 HTTP/1.1" 200 0 "HTTPS" "outgoing via 192.168.50.30"
192.168.6.19 - luis [17/Jul/2021:09:35:14 -0500] "POST http://ocsp.digicert.com/ HTTP/1.1" 200 947 "HTTP" ""
192.168.6.19 - luis [17/Jul/2021:09:35:15 -0500] "POST http://ocsp.digicert.com/ HTTP/1.1" 200 947 "HTTP" ""
192.168.10.20 - arodriguez [17/Jul/2021:09:35:21 -0500] "CONNECT relay-096fe6d0.net.anydesk.com:80 HTTP/1.1" 200 0 "HTTPS" "outgoing via 192.168.50.30"
192.168.10.20 - arodriguez [17/Jul/2021:09:35:50 -0500] "CONNECT relay-096fe6d0.net.anydesk.com:80 HTTP/1.1" 200 0 "HTTPS" "outgoing via 192.168.50.30"
192.168.6.19 - luis [17/Jul/2021:09:35:50 -0500] "CONNECT video-mia3-1.xx.fbcdn.net:443 HTTP/1.1" 200 0 "HTTPS" "outgoing via 192.168.50.30"
192.168.10.20 - arodriguez [17/Jul/2021:09:36:19 -0500] "CONNECT relay-096fe6d0.net.anydesk.com:80 HTTP/1.1" 200 0 "HTTPS" "outgoing via 192.168.50.30"
192.168.6.19 - luis [17/Jul/2021:09:36:37 -0500] "CONNECT aus5.mozilla.org:443 HTTP/1.1" 200 0 "HTTPS" "outgoing via 192.168.50.30"
192.168.10.20 - arodriguez [17/Jul/2021:09:36:48 -0500] "CONNECT relay-096fe6d0.net.anydesk.com:80 HTTP/1.1" 200 0 "HTTPS" "outgoing via 192.168.50.30"
192.168.6.19 - luis [17/Jul/2021:09:37:03 -0500] "CONNECT scontent-atl3-2.xx.fbcdn.net:443 HTTP/1.1" 200 0 "HTTPS" "outgoing via 192.168.50.30"
192.168.6.19 - luis [17/Jul/2021:09:37:03 -0500] "CONNECT scontent.fjal2-1.fna.fbcdn.net:443 HTTP/1.1" 200 0 "HTTPS" "outgoing via 192.168.50.30"
192.168.6.19 - luis [17/Jul/2021:09:37:03 -0500] "CONNECT scontent-dfw5-2.xx.fbcdn.net:443 HTTP/1.1" 200 0 "HTTPS" "outgoing via 192.168.50.30"
192.168.10.20 - arodriguez [17/Jul/2021:09:37:17 -0500] "CONNECT relay-096fe6d0.net.anydesk.com:80 HTTP/1.1" 200 0 "HTTPS" "outgoing via 192.168.50.30"
192.168.10.20 - arodriguez [17/Jul/2021:09:37:46 -0500] "CONNECT relay-096fe6d0.net.anydesk.com:80 HTTP/1.1" 200 0 "HTTPS" "outgoing via 192.168.50.30"
192.168.6.19 - luis [17/Jul/2021:09:38:03 -0500] "CONNECT scontent-mia3-2.xx.fbcdn.net:443 HTTP/1.1" 200 0 "HTTPS" "outgoing via 192.168.50.30"
192.168.10.20 - arodriguez [17/Jul/2021:09:38:15 -0500] "CONNECT relay-096fe6d0.net.anydesk.com:80 HTTP/1.1" 200 0 "HTTPS" "outgoing via 192.168.50.30"
192.168.6.19 - luis [17/Jul/2021:09:38:37 -0500] "CONNECT services.addons.mozilla.org:443 HTTP/1.1" 200 0 "HTTPS" "outgoing via 192.168.50.30"
192.168.6.19 - luis [17/Jul/2021:09:38:37 -0500] "CONNECT services.addons.mozilla.org:443 HTTP/1.1" 200 0 "HTTPS" "outgoing via 192.168.50.30"
192.168.6.19 - luis [17/Jul/2021:09:38:39 -0500] "CONNECT versioncheck-bg.addons.mozilla.org:443 HTTP/1.1" 200 0 "HTTPS" "outgoing via 192.168.50.30"
192.168.6.19 - luis [17/Jul/2021:09:38:39 -0500] "CONNECT versioncheck-bg.addons.mozilla.org:443 HTTP/1.1" 200 0 "HTTPS" "outgoing via 192.168.50.30"
192.168.6.19 - luis [17/Jul/2021:09:38:39 -0500] "CONNECT secure-apnmedia.ask.com:443 HTTP/1.1" 200 0 "HTTPS" "outgoing via 192.168.50.30"
192.168.6.19 - luis [17/Jul/2021:09:38:40 -0500] "CONNECT addons.cdn.mozilla.net:443 HTTP/1.1" 200 0 "HTTPS" "outgoing via 192.168.50.30"
192.168.10.20 - arodriguez [17/Jul/2021:09:38:44 -0500] "CONNECT relay-096fe6d0.net.anydesk.com:80 HTTP/1.1" 200 0 "HTTPS" "outgoing via 192.168.50.30"
192.168.10.20 - arodriguez [17/Jul/2021:09:39:13 -0500] "CONNECT relay-096fe6d0.net.anydesk.com:80 HTTP/1.1" 200 0 "HTTPS" "outgoing via 192.168.50.30"
192.168.10.20 - arodriguez [17/Jul/2021:09:39:42 -0500] "CONNECT relay-096fe6d0.net.anydesk.com:80 HTTP/1.1" 200 0 "HTTPS" "outgoing via 192.168.50.30"
192.168.10.20 - arodriguez [17/Jul/2021:09:40:11 -0500] "CONNECT relay-096fe6d0.net.anydesk.com:80 HTTP/1.1" 200 0 "HTTPS" "outgoing via 192.168.50.30"
192.168.10.20 - arodriguez [17/Jul/2021:09:40:25 -0500] "CONNECT relay-a54c6d92.net.anydesk.com:80 HTTP/1.1" 200 0 "HTTPS" "outgoing via 192.168.50.30"
192.168.6.19 - luis [17/Jul/2021:09:40:37 -0500] "CONNECT blocklists.settings.services.mozilla.com:443 HTTP/1.1" 200 0 "HTTPS" "outgoing via 192.168.50.30"
192.168.6.19 - luis [17/Jul/2021:09:40:38 -0500] "CONNECT blocklists.settings.services.mozilla.com:443 HTTP/1.1" 200 0 "HTTPS" "outgoing via 192.168.50.30"
192.168.10.20 - arodriguez [17/Jul/2021:09:40:54 -0500] "CONNECT relay-a54c6d92.net.anydesk.com:80 HTTP/1.1" 200 0 "HTTPS" "outgoing via 192.168.50.30"
192.168.10.20 - arodriguez [17/Jul/2021:09:41:22 -0500] "CONNECT relay-a54c6d92.net.anydesk.com:80 HTTP/1.1" 200 0 "HTTPS" "outgoing via 192.168.50.30"
192.168.10.20 - arodriguez [17/Jul/2021:09:41:36 -0500] "CONNECT relay-89970c8c.net.anydesk.com:80 HTTP/1.1" 200 0 "HTTPS" "outgoing via 192.168.50.30"
192.168.10.20 - arodriguez [17/Jul/2021:09:42:05 -0500] "CONNECT relay-89970c8c.net.anydesk.com:80 HTTP/1.1" 200 0 "HTTPS" "outgoing via 192.168.50.30"
192.168.10.20 - arodriguez [17/Jul/2021:09:42:34 -0500] "CONNECT relay-89970c8c.net.anydesk.com:80 HTTP/1.1" 200 0 "HTTPS" "outgoing via 192.168.50.30"
192.168.10.20 - arodriguez [17/Jul/2021:09:43:03 -0500] "CONNECT relay-89970c8c.net.anydesk.com:80 HTTP/1.1" 200 0 "HTTPS" "outgoing via 192.168.50.30"
192.168.6.19 - luis [17/Jul/2021:09:43:12 -0500] "CONNECT www.facebook.com:443 HTTP/1.1" 200 0 "HTTPS" "outgoing via 192.168.50.30"
192.168.6.19 - luis [17/Jul/2021:09:43:19 -0500] "CONNECT scontent-mia3-2.xx.fbcdn.net:443 HTTP/1.1" 200 0 "HTTPS" "outgoing via 192.168.50.30"
192.168.6.19 - luis [17/Jul/2021:09:43:19 -0500] "CONNECT scontent-mia3-1.xx.fbcdn.net:443 HTTP/1.1" 200 0 "HTTPS" "outgoing via 192.168.50.30"
192.168.6.19 - luis [17/Jul/2021:09:43:19 -0500] "CONNECT external-mia3-2.xx.fbcdn.net:443 HTTP/1.1" 200 0 "HTTPS" "outgoing via 192.168.50.30"
192.168.6.19 - luis [17/Jul/2021:09:43:20 -0500] "CONNECT video-mia3-2.xx.fbcdn.net:443 HTTP/1.1" 200 0 "HTTPS" "outgoing via 192.168.50.30"
192.168.10.20 - arodriguez [17/Jul/2021:09:43:32 -0500] "CONNECT relay-89970c8c.net.anydesk.com:80 HTTP/1.1" 200 0 "HTTPS" "outgoing via 192.168.50.30"
192.168.10.20 - arodriguez [17/Jul/2021:09:43:45 -0500] "CONNECT relay-bf8a115f.net.anydesk.com:80 HTTP/1.1" 200 0 "HTTPS" "outgoing via 192.168.50.30"
192.168.10.20 - arodriguez [17/Jul/2021:09:44:14 -0500] "CONNECT relay-bf8a115f.net.anydesk.com:80 HTTP/1.1" 200 0 "HTTPS" "outgoing via 192.168.50.30"
192.168.10.20 - arodriguez [17/Jul/2021:09:44:43 -0500] "CONNECT relay-bf8a115f.net.anydesk.com:80 HTTP/1.1" 200 0 "HTTPS" "outgoing via 192.168.50.30"
192.168.10.20 - arodriguez [17/Jul/2021:09:45:11 -0500] "CONNECT relay-bf8a115f.net.anydesk.com:80 HTTP/1.1" 200 0 "HTTPS" "outgoing via 192.168.50.30"
192.168.10.20 - arodriguez [17/Jul/2021:09:45:40 -0500] "CONNECT relay-bf8a115f.net.anydesk.com:80 HTTP/1.1" 200 0 "HTTPS" "outgoing via 192.168.50.30"
192.168.10.20 - arodriguez [17/Jul/2021:09:45:54 -0500] "CONNECT relay-096fe6d0.net.anydesk.com:80 HTTP/1.1" 200 0 "HTTPS" "outgoing via 192.168.50.30"
192.168.10.20 - arodriguez [17/Jul/2021:09:46:23 -0500] "CONNECT relay-096fe6d0.net.anydesk.com:80 HTTP/1.1" 200 0 "HTTPS" "outgoing via 192.168.50.30"
192.168.6.19 - luis [17/Jul/2021:09:46:43 -0500] "CONNECT static.xx.fbcdn.net:443 HTTP/1.1" 200 0 "HTTPS" "outgoing via 192.168.50.30"
192.168.10.20 - arodriguez [17/Jul/2021:09:46:52 -0500] "CONNECT relay-096fe6d0.net.anydesk.com:80 HTTP/1.1" 200 0 "HTTPS" "outgoing via 192.168.50.30"
192.168.10.20 - arodriguez [17/Jul/2021:09:47:21 -0500] "CONNECT relay-096fe6d0.net.anydesk.com:80 HTTP/1.1" 200 0 "HTTPS" "outgoing via 192.168.50.30"
192.168.10.20 - arodriguez [17/Jul/2021:09:47:49 -0500] "CONNECT relay-096fe6d0.net.anydesk.com:80 HTTP/1.1" 200 0 "HTTPS" "outgoing via 192.168.50.30"
192.168.10.20 - arodriguez [17/Jul/2021:09:48:03 -0500] "CONNECT relay-f6106504.net.anydesk.com:80 HTTP/1.1" 200 0 "HTTPS" "outgoing via 192.168.50.30"
192.168.10.20 - arodriguez [17/Jul/2021:09:48:32 -0500] "CONNECT relay-f6106504.net.anydesk.com:80 HTTP/1.1" 200 0 "HTTPS" "outgoing via 192.168.50.30"
192.168.6.19 - luis [17/Jul/2021:09:48:55 -0500] "CONNECT scontent-mia3-2.xx.fbcdn.net:443 HTTP/1.1" 200 0 "HTTPS" "outgoing via 192.168.50.30"
192.168.10.20 - arodriguez [17/Jul/2021:09:49:01 -0500] "CONNECT relay-f6106504.net.anydesk.com:80 HTTP/1.1" 200 0 "HTTPS" "outgoing via 192.168.50.30"
192.168.6.19 - luis [17/Jul/2021:09:49:01 -0500] "CONNECT video-mia3-2.xx.fbcdn.net:443 HTTP/1.1" 200 0 "HTTPS" "outgoing via 192.168.50.30"
192.168.10.20 - arodriguez [17/Jul/2021:09:49:14 -0500] "CONNECT relay-497b2e35.net.anydesk.com:80 HTTP/1.1" 200 0 "HTTPS" "outgoing via 192.168.50.30"
192.168.10.20 - arodriguez [17/Jul/2021:09:49:43 -0500] "CONNECT relay-497b2e35.net.anydesk.com:80 HTTP/1.1" 200 0 "HTTPS" "outgoing via 192.168.50.30"
192.168.10.20 - arodriguez [17/Jul/2021:09:50:12 -0500] "CONNECT relay-497b2e35.net.anydesk.com:80 HTTP/1.1" 200 0 "HTTPS" "outgoing via 192.168.50.30"
192.168.10.20 - arodriguez [17/Jul/2021:09:50:42 -0500] "CONNECT relay-497b2e35.net.anydesk.com:80 HTTP/1.1" 200 0 "HTTPS" "outgoing via 192.168.50.30"
192.168.6.19 - luis [17/Jul/2021:09:50:49 -0500] "CONNECT external-mia3-2.xx.fbcdn.net:443 HTTP/1.1" 200 0 "HTTPS" "outgoing via 192.168.50.30"
192.168.6.19 - luis [17/Jul/2021:09:50:50 -0500] "CONNECT video-mia3-1.xx.fbcdn.net:443 HTTP/1.1" 200 0 "HTTPS" "outgoing via 192.168.50.30"
192.168.10.20 - arodriguez [17/Jul/2021:09:51:11 -0500] "CONNECT relay-497b2e35.net.anydesk.com:80 HTTP/1.1" 200 0 "HTTPS" "outgoing via 192.168.50.30"
192.168.10.20 - arodriguez [17/Jul/2021:09:51:24 -0500] "CONNECT relay-32e92e70.net.anydesk.com:80 HTTP/1.1" 200 0 "HTTPS" "outgoing via 192.168.50.30"
192.168.10.20 - arodriguez [17/Jul/2021:09:51:53 -0500] "CONNECT relay-32e92e70.net.anydesk.com:80 HTTP/1.1" 200 0 "HTTPS" "outgoing via 192.168.50.30"
192.168.10.20 - arodriguez [17/Jul/2021:09:52:23 -0500] "CONNECT relay-32e92e70.net.anydesk.com:80 HTTP/1.1" 200 0 "HTTPS" "outgoing via 192.168.50.30"
192.168.10.20 - arodriguez [17/Jul/2021:09:52:52 -0500] "CONNECT relay-32e92e70.net.anydesk.com:80 HTTP/1.1" 200 0 "HTTPS" "outgoing via 192.168.50.30"
192.168.10.20 - arodriguez [17/Jul/2021:09:53:21 -0500] "CONNECT relay-32e92e70.net.anydesk.com:80 HTTP/1.1" 200 0 "HTTPS" "outgoing via 192.168.50.30"
192.168.10.20 - arodriguez [17/Jul/2021:09:53:34 -0500] "CONNECT relay-afcf85da.net.anydesk.com:80 HTTP/1.1" 200 0 "HTTPS" "outgoing via 192.168.50.30"
192.168.10.20 - arodriguez [17/Jul/2021:09:54:03 -0500] "CONNECT relay-afcf85da.net.anydesk.com:80 HTTP/1.1" 200 0 "HTTPS" "outgoing via 192.168.50.30"
192.168.10.20 - arodriguez [17/Jul/2021:09:54:32 -0500] "CONNECT relay-afcf85da.net.anydesk.com:80 HTTP/1.1" 200 0 "HTTPS" "outgoing via 192.168.50.30"
192.168.10.20 - arodriguez [17/Jul/2021:09:55:01 -0500] "CONNECT relay-afcf85da.net.anydesk.com:80 HTTP/1.1" 200 0 "HTTPS" "outgoing via 192.168.50.30"
192.168.6.19 - luis [17/Jul/2021:09:55:08 -0500] "CONNECT scontent-mia3-2.xx.fbcdn.net:443 HTTP/1.1" 200 0 "HTTPS" "outgoing via 192.168.50.30"
192.168.10.20 - arodriguez [17/Jul/2021:09:55:15 -0500] "CONNECT relay-bd01ff02.net.anydesk.com:80 HTTP/1.1" 200 0 "HTTPS" "outgoing via 192.168.50.30"
192.168.6.19 - luis [17/Jul/2021:09:55:16 -0500] "CONNECT push.services.mozilla.com:443 HTTP/1.1" 200 0 "HTTPS" "outgoing via 192.168.50.30"
192.168.6.19 - luis [17/Jul/2021:09:55:22 -0500] "CONNECT firefox.settings.services.mozilla.com:443 HTTP/1.1" 200 0 "HTTPS" "outgoing via 192.168.50.30"
192.168.10.20 - arodriguez [17/Jul/2021:09:55:44 -0500] "CONNECT relay-bd01ff02.net.anydesk.com:80 HTTP/1.1" 200 0 "HTTPS" "outgoing via 192.168.50.30"
192.168.10.20 - arodriguez [17/Jul/2021:09:56:13 -0500] "CONNECT relay-bd01ff02.net.anydesk.com:80 HTTP/1.1" 200 0 "HTTPS" "outgoing via 192.168.50.30"
192.168.10.20 - arodriguez [17/Jul/2021:09:56:26 -0500] "CONNECT relay-89970c8c.net.anydesk.com:80 HTTP/1.1" 200 0 "HTTPS" "outgoing via 192.168.50.30"
192.168.10.20 - arodriguez [17/Jul/2021:09:56:55 -0500] "CONNECT relay-89970c8c.net.anydesk.com:80 HTTP/1.1" 200 0 "HTTPS" "outgoing via 192.168.50.30"
192.168.10.20 - arodriguez [17/Jul/2021:09:57:24 -0500] "CONNECT relay-89970c8c.net.anydesk.com:80 HTTP/1.1" 200 0 "HTTPS" "outgoing via 192.168.50.30"
192.168.10.20 - arodriguez [17/Jul/2021:09:57:53 -0500] "CONNECT relay-89970c8c.net.anydesk.com:80 HTTP/1.1" 200 0 "HTTPS" "outgoing via 192.168.50.30"
192.168.10.20 - arodriguez [17/Jul/2021:09:58:06 -0500] "CONNECT relay-0767eec0.net.anydesk.com:80 HTTP/1.1" 200 0 "HTTPS" "outgoing via 192.168.50.30"
192.168.10.20 - arodriguez [17/Jul/2021:09:58:35 -0500] "CONNECT relay-0767eec0.net.anydesk.com:80 HTTP/1.1" 200 0 "HTTPS" "outgoing via 192.168.50.30"
192.168.10.20 - arodriguez [17/Jul/2021:09:59:04 -0500] "CONNECT relay-0767eec0.net.anydesk.com:80 HTTP/1.1" 200 0 "HTTPS" "outgoing via 192.168.50.30"
192.168.10.20 - arodriguez [17/Jul/2021:09:59:18 -0500] "CONNECT relay-bfb5e868.net.anydesk.com:80 HTTP/1.1" 200 0 "HTTPS" "outgoing via 192.168.50.30"
192.168.6.19 - luis [17/Jul/2021:09:59:36 -0500] "CONNECT video-mia3-1.xx.fbcdn.net:443 HTTP/1.1" 200 0 "HTTPS" "outgoing via 192.168.50.30"
192.168.6.19 - luis [17/Jul/2021:09:59:36 -0500] "CONNECT static.xx.fbcdn.net:443 HTTP/1.1" 200 0 "HTTPS" "outgoing via 192.168.50.30"
192.168.10.20 - arodriguez [17/Jul/2021:09:59:46 -0500] "CONNECT relay-bfb5e868.net.anydesk.com:80 HTTP/1.1" 200 0 "HTTPS" "outgoing via 192.168.50.30"
192.168.6.19 - luis [17/Jul/2021:09:59:50 -0500] "CONNECT safebrowsing.googleapis.com:443 HTTP/1.1" 200 0 "HTTPS" "outgoing via 192.168.50.30"
192.168.10.20 - arodriguez [17/Jul/2021:10:00:15 -0500] "CONNECT relay-bfb5e868.net.anydesk.com:80 HTTP/1.1" 200 0 "HTTPS" "outgoing via 192.168.50.30"
192.168.10.20 - arodriguez [17/Jul/2021:10:00:44 -0500] "CONNECT relay-bfb5e868.net.anydesk.com:80 HTTP/1.1" 200 0 "HTTPS" "outgoing via 192.168.50.30"
192.168.10.20 - arodriguez [17/Jul/2021:10:00:58 -0500] "CONNECT relay-32e92e70.net.anydesk.com:80 HTTP/1.1" 200 0 "HTTPS" "outgoing via 192.168.50.30"
192.168.10.20 - arodriguez [17/Jul/2021:10:01:27 -0500] "CONNECT relay-32e92e70.net.anydesk.com:80 HTTP/1.1" 200 0 "HTTPS" "outgoing via 192.168.50.30"
192.168.10.20 - arodriguez [17/Jul/2021:10:01:56 -0500] "CONNECT relay-32e92e70.net.anydesk.com:80 HTTP/1.1" 200 0 "HTTPS" "outgoing via 192.168.50.30"
192.168.10.20 - arodriguez [17/Jul/2021:10:02:25 -0500] "CONNECT relay-32e92e70.net.anydesk.com:80 HTTP/1.1" 200 0 "HTTPS" "outgoing via 192.168.50.30"
192.168.10.20 - arodriguez [17/Jul/2021:10:02:53 -0500] "CONNECT relay-32e92e70.net.anydesk.com:80 HTTP/1.1" 200 0 "HTTPS" "outgoing via 192.168.50.30"
192.168.10.20 - arodriguez [17/Jul/2021:10:03:07 -0500] "CONNECT relay-11a3886a.net.anydesk.com:80 HTTP/1.1" 200 0 "HTTPS" "outgoing via 192.168.50.30"
192.168.10.20 - arodriguez [17/Jul/2021:10:03:36 -0500] "CONNECT relay-11a3886a.net.anydesk.com:80 HTTP/1.1" 200 0 "HTTPS" "outgoing via 192.168.50.30"
192.168.10.20 - arodriguez [17/Jul/2021:10:04:04 -0500] "CONNECT relay-11a3886a.net.anydesk.com:80 HTTP/1.1" 200 0 "HTTPS" "outgoing via 192.168.50.30"
192.168.10.20 - arodriguez [17/Jul/2021:10:04:33 -0500] "CONNECT relay-11a3886a.net.anydesk.com:80 HTTP/1.1" 200 0 "HTTPS" "outgoing via 192.168.50.30"
192.168.6.19 - luis [17/Jul/2021:10:04:53 -0500] "CONNECT static.xx.fbcdn.net:443 HTTP/1.1" 200 0 "HTTPS" "outgoing via 192.168.50.30"
192.168.10.20 - arodriguez [17/Jul/2021:10:05:02 -0500] "CONNECT relay-11a3886a.net.anydesk.com:80 HTTP/1.1" 200 0 "HTTPS" "outgoing via 192.168.50.30"
192.168.6.19 - luis [17/Jul/2021:10:05:24 -0500] "CONNECT push.services.mozilla.com:443 HTTP/1.1" 200 0 "HTTPS" "outgoing via 192.168.50.30"
192.168.6.19 - luis [17/Jul/2021:10:05:26 -0500] "CONNECT firefox.settings.services.mozilla.com:443 HTTP/1.1" 200 0 "HTTPS" "outgoing via 192.168.50.30"
192.168.6.19 - luis [17/Jul/2021:10:05:27 -0500] "CONNECT content-signature-2.cdn.mozilla.net:443 HTTP/1.1" 200 0 "HTTPS" "outgoing via 192.168.50.30"
192.168.10.20 - arodriguez [17/Jul/2021:10:05:31 -0500] "CONNECT relay-11a3886a.net.anydesk.com:80 HTTP/1.1" 200 0 "HTTPS" "outgoing via 192.168.50.30"
192.168.6.19 - luis [17/Jul/2021:10:05:33 -0500] "CONNECT www.facebook.com:443 HTTP/1.1" 200 0 "HTTPS" "outgoing via 192.168.50.30"
192.168.10.20 - arodriguez [17/Jul/2021:10:05:45 -0500] "CONNECT relay-12d968bc.net.anydesk.com:80 HTTP/1.1" 200 0 "HTTPS" "outgoing via 192.168.50.30"
192.168.6.19 - luis [17/Jul/2021:10:05:55 -0500] "CONNECT external-mia3-2.xx.fbcdn.net:443 HTTP/1.1" 200 0 "HTTPS" "outgoing via 192.168.50.30"
192.168.6.19 - luis [17/Jul/2021:10:06:06 -0500] "CONNECT static.xx.fbcdn.net:443 HTTP/1.1" 200 0 "HTTPS" "outgoing via 192.168.50.30"
192.168.6.19 - luis [17/Jul/2021:10:06:06 -0500] "CONNECT video-mia3-2.xx.fbcdn.net:443 HTTP/1.1" 200 0 "HTTPS" "outgoing via 192.168.50.30"
192.168.10.20 - arodriguez [17/Jul/2021:10:06:14 -0500] "CONNECT relay-12d968bc.net.anydesk.com:80 HTTP/1.1" 200 0 "HTTPS" "outgoing via 192.168.50.30"
192.168.6.19 - luis [17/Jul/2021:10:06:15 -0500] "CONNECT video-mia3-1.xx.fbcdn.net:443 HTTP/1.1" 200 0 "HTTPS" "outgoing via 192.168.50.30"
192.168.6.19 - luis [17/Jul/2021:10:06:15 -0500] "CONNECT scontent-mia3-2.xx.fbcdn.net:443 HTTP/1.1" 200 0 "HTTPS" "outgoing via 192.168.50.30"
192.168.6.19 - luis [17/Jul/2021:10:06:16 -0500] "CONNECT scontent-mia3-1.xx.fbcdn.net:443 HTTP/1.1" 200 0 "HTTPS" "outgoing via 192.168.50.30"
192.168.6.19 - luis [17/Jul/2021:10:06:19 -0500] "CONNECT id.google.com:443 HTTP/1.1" 200 0 "HTTPS" "outgoing via 192.168.50.30"
192.168.6.19 - luis [17/Jul/2021:10:06:19 -0500] "CONNECT www.google.com:443 HTTP/1.1" 200 0 "HTTPS" "outgoing via 192.168.50.30"
192.168.6.19 - luis [17/Jul/2021:10:06:20 -0500] "CONNECT www.google.com:443 HTTP/1.1" 200 0 "HTTPS" "outgoing via 192.168.50.30"
192.168.6.19 - luis [17/Jul/2021:10:06:20 -0500] "CONNECT lh3.googleusercontent.com:443 HTTP/1.1" 200 0 "HTTPS" "outgoing via 192.168.50.30"
192.168.6.19 - luis [17/Jul/2021:10:06:20 -0500] "CONNECT www.gstatic.com:443 HTTP/1.1" 200 0 "HTTPS" "outgoing via 192.168.50.30"
192.168.10.20 - arodriguez [17/Jul/2021:10:06:43 -0500] "CONNECT relay-12d968bc.net.anydesk.com:80 HTTP/1.1" 200 0 "HTTPS" "outgoing via 192.168.50.30"
192.168.10.20 - arodriguez [17/Jul/2021:10:07:12 -0500] "CONNECT relay-12d968bc.net.anydesk.com:80 HTTP/1.1" 200 0 "HTTPS" "outgoing via 192.168.50.30"
192.168.10.20 - arodriguez [17/Jul/2021:10:07:41 -0500] "CONNECT relay-12d968bc.net.anydesk.com:80 HTTP/1.1" 200 0 "HTTPS" "outgoing via 192.168.50.30"
192.168.10.20 - arodriguez [17/Jul/2021:10:08:10 -0500] "CONNECT relay-12d968bc.net.anydesk.com:80 HTTP/1.1" 200 0 "HTTPS" "outgoing via 192.168.50.30"
192.168.10.20 - arodriguez [17/Jul/2021:10:08:38 -0500] "CONNECT relay-12d968bc.net.anydesk.com:80 HTTP/1.1" 200 0 "HTTPS" "outgoing via 192.168.50.30"
192.168.10.20 - arodriguez [17/Jul/2021:10:09:07 -0500] "CONNECT relay-12d968bc.net.anydesk.com:80 HTTP/1.1" 200 0 "HTTPS" "outgoing via 192.168.50.30"
192.168.10.20 - arodriguez [17/Jul/2021:10:09:36 -0500] "CONNECT relay-12d968bc.net.anydesk.com:80 HTTP/1.1" 200 0 "HTTPS" "outgoing via 192.168.50.30"
192.168.10.20 - arodriguez [17/Jul/2021:10:09:49 -0500] "CONNECT relay-82fc4166.net.anydesk.com:80 HTTP/1.1" 200 0 "HTTPS" "outgoing via 192.168.50.30"
192.168.10.20 - arodriguez [17/Jul/2021:10:10:18 -0500] "CONNECT relay-82fc4166.net.anydesk.com:80 HTTP/1.1" 200 0 "HTTPS" "outgoing via 192.168.50.30"
192.168.10.20 - arodriguez [17/Jul/2021:10:10:47 -0500] "CONNECT relay-82fc4166.net.anydesk.com:80 HTTP/1.1" 200 0 "HTTPS" "outgoing via 192.168.50.30"
192.168.10.20 - arodriguez [17/Jul/2021:10:11:16 -0500] "CONNECT relay-82fc4166.net.anydesk.com:80 HTTP/1.1" 200 0 "HTTPS" "outgoing via 192.168.50.30"
192.168.10.20 - arodriguez [17/Jul/2021:10:11:45 -0500] "CONNECT relay-82fc4166.net.anydesk.com:80 HTTP/1.1" 200 0 "HTTPS" "outgoing via 192.168.50.30"
192.168.10.20 - arodriguez [17/Jul/2021:10:12:14 -0500] "CONNECT relay-82fc4166.net.anydesk.com:80 HTTP/1.1" 200 0 "HTTPS" "outgoing via 192.168.50.30"
192.168.50.50 - servidores [17/Jul/2021:10:12:20 -0500] "CONNECT mirrors.fedoraproject.org:443 HTTP/1.1" 200 0 "HTTPS" "outgoing via 192.168.50.30"
192.168.10.20 - arodriguez [17/Jul/2021:10:12:28 -0500] "CONNECT relay-d3705b18.net.anydesk.com:80 HTTP/1.1" 200 0 "HTTPS" "outgoing via 192.168.50.30"
192.168.50.50 - servidores [17/Jul/2021:10:12:29 -0500] "GET http://centos.brisanet.com.br/7.9.2009/os/x86_64/repodata/repomd.xml HTTP/1.1" 200 4192 "HTTP" ""
192.168.50.50 - servidores [17/Jul/2021:10:12:31 -0500] "CONNECT mirrors.uni-ruse.bg:443 HTTP/1.1" 200 0 "HTTPS" "outgoing via 192.168.50.30"
192.168.10.20 - arodriguez [17/Jul/2021:10:12:57 -0500] "CONNECT relay-d3705b18.net.anydesk.com:80 HTTP/1.1" 200 0 "HTTPS" "outgoing via 192.168.50.30"
192.168.10.20 - arodriguez [17/Jul/2021:10:13:26 -0500] "CONNECT relay-d3705b18.net.anydesk.com:80 HTTP/1.1" 200 0 "HTTPS" "outgoing via 192.168.50.30"
192.168.10.20 - arodriguez [17/Jul/2021:10:13:54 -0500] "CONNECT relay-d3705b18.net.anydesk.com:80 HTTP/1.1" 200 0 "HTTPS" "outgoing via 192.168.50.30"
192.168.1.29 - rquintanilla [17/Jul/2021:10:14:23 -0500] "CONNECT content-signature-2.cdn.mozilla.net:443 HTTP/1.1" 200 0 "HTTPS" "outgoing via 192.168.50.30"
192.168.10.20 - arodriguez [17/Jul/2021:10:14:23 -0500] "CONNECT relay-d3705b18.net.anydesk.com:80 HTTP/1.1" 200 0 "HTTPS" "outgoing via 192.168.50.30"
192.168.1.29 - rquintanilla [17/Jul/2021:10:14:23 -0500] "CONNECT safebrowsing.googleapis.com:443 HTTP/1.1" 200 0 "HTTPS" "outgoing via 192.168.50.30"
192.168.1.29 - rquintanilla [17/Jul/2021:10:14:23 -0500] "CONNECT incoming.telemetry.mozilla.org:443 HTTP/1.1" 200 0 "HTTPS" "outgoing via 192.168.50.30"
192.168.1.29 - rquintanilla [17/Jul/2021:10:14:24 -0500] "CONNECT firefox.settings.services.mozilla.com:443 HTTP/1.1" 200 0 "HTTPS" "outgoing via 192.168.50.30"
192.168.1.29 - rquintanilla [17/Jul/2021:10:14:24 -0500] "CONNECT firefox.settings.services.mozilla.com:443 HTTP/1.1" 200 0 "HTTPS" "outgoing via 192.168.50.30"
192.168.1.29 - rquintanilla [17/Jul/2021:10:14:24 -0500] "CONNECT push.services.mozilla.com:443 HTTP/1.1" 200 0 "HTTPS" "outgoing via 192.168.50.30"
192.168.1.29 - rquintanilla [17/Jul/2021:10:14:24 -0500] "CONNECT incoming.telemetry.mozilla.org:443 HTTP/1.1" 200 0 "HTTPS" "outgoing via 192.168.50.30"
192.168.1.29 - rquintanilla [17/Jul/2021:10:14:24 -0500] "POST http://ocsp.digicert.com/ HTTP/1.1" 200 947 "HTTP" ""
192.168.1.29 - rquintanilla [17/Jul/2021:10:14:24 -0500] "CONNECT profile.accounts.firefox.com:443 HTTP/1.1" 200 0 "HTTPS" "outgoing via 192.168.50.30"
192.168.1.29 - rquintanilla [17/Jul/2021:10:14:25 -0500] "CONNECT api.accounts.firefox.com:443 HTTP/1.1" 200 0 "HTTPS" "outgoing via 192.168.50.30"
192.168.1.29 - rquintanilla [17/Jul/2021:10:14:25 -0500] "POST http://ocsp.digicert.com/ HTTP/1.1" 200 947 "HTTP" ""
192.168.1.29 - rquintanilla [17/Jul/2021:10:14:25 -0500] "POST http://ocsp.digicert.com/ HTTP/1.1" 200 947 "HTTP" ""
192.168.1.29 - rquintanilla [17/Jul/2021:10:14:27 -0500] "CONNECT api.accounts.firefox.com:443 HTTP/1.1" 200 0 "HTTPS" "outgoing via 192.168.50.30"
192.168.1.29 - rquintanilla [17/Jul/2021:10:14:27 -0500] "CONNECT api.accounts.firefox.com:443 HTTP/1.1" 200 0 "HTTPS" "outgoing via 192.168.50.30"
192.168.1.29 - rquintanilla [17/Jul/2021:10:14:28 -0500] "CONNECT 0.1.0.1:1001 HTTP/1.1" 200 0 "HTTPS" "outgoing via 192.168.50.30"
192.168.1.29 - rquintanilla [17/Jul/2021:10:14:29 -0500] "CONNECT safebrowsing.googleapis.com:443 HTTP/1.1" 200 0 "HTTPS" "outgoing via 192.168.50.30"
192.168.1.29 - rquintanilla [17/Jul/2021:10:14:29 -0500] "CONNECT www.alexa.com:443 HTTP/1.1" 200 0 "HTTPS" "outgoing via 192.168.50.30"
192.168.1.29 - rquintanilla [17/Jul/2021:10:14:29 -0500] "CONNECT tinyurl.com:443 HTTP/1.1" 200 0 "HTTPS" "outgoing via 192.168.50.30"
192.168.1.29 - rquintanilla [17/Jul/2021:10:14:29 -0500] "GET http://www.cubadebate.cu/ HTTP/1.1" 200 143807 "HTTP" "Cubadebate, Contra el Terrorismo Meditico"
192.168.1.29 - rquintanilla [17/Jul/2021:10:14:29 -0500] "GET http://detectportal.firefox.com/canonical.html HTTP/1.1" 200 444 "HTTP" ""
192.168.1.29 - rquintanilla [17/Jul/2021:10:14:30 -0500] "GET http://media.cubadebate.cu/wp-content/uploads/2021/07/Acto-5-180x150.jpg HTTP/1.1" 200 8788 "HTTP" ""
192.168.1.29 - rquintanilla [17/Jul/2021:10:14:30 -0500] "CONNECT mail.google.com:443 HTTP/1.1" 200 0 "HTTPS" "outgoing via 192.168.50.30"
192.168.1.29 - rquintanilla [17/Jul/2021:10:14:30 -0500] "GET http://media.cubadebate.cu/wp-content/gallery/palma-real/thumbs/thumbs_giosvany-echevarria_dorado-amanecer_2008.jpg HTTP/1.1" 200 4356 "HTTP" ""
192.168.1.29 - rquintanilla [17/Jul/2021:10:14:30 -0500] "GET http://media.cubadebate.cu/wp-content/uploads/2021/07/DSR_1007-ENCUENTRO-CON-DELSY-RODRIGUEZ-150x125.jpg HTTP/1.1" 200 8776 "HTTP" ""
192.168.1.29 - rquintanilla [17/Jul/2021:10:14:30 -0500] "GET http://media.cubadebate.cu/wp-content/uploads/2018/12/cine-payret-150x125.jpg HTTP/1.1" 200 7313 "HTTP" ""
192.168.1.29 - rquintanilla [17/Jul/2021:10:14:30 -0500] "GET http://media.cubadebate.cu/wp-content/gallery/youtubechannel/default.jpg?v=_nolG_bH4dQ HTTP/1.1" 200 10448 "HTTP" ""
192.168.1.29 - rquintanilla [17/Jul/2021:10:14:30 -0500] "GET http://media.cubadebate.cu/wp-content/uploads/2019/12/8911-cuba-vietnam-150x125.jpg HTTP/1.1" 200 4492 "HTTP" ""
192.168.1.29 - rquintanilla [17/Jul/2021:10:14:30 -0500] "CONNECT mail.google.com:443 HTTP/1.1" 200 0 "HTTPS" "outgoing via 192.168.50.30"
192.168.1.29 - rquintanilla [17/Jul/2021:10:14:30 -0500] "POST http://ocsp.digicert.com/ HTTP/1.1" 200 947 "HTTP" ""
192.168.1.29 - rquintanilla [17/Jul/2021:10:14:31 -0500] "CONNECT shavar.services.mozilla.com:443 HTTP/1.1" 200 0 "HTTPS" "outgoing via 192.168.50.30"
192.168.1.29 - rquintanilla [17/Jul/2021:10:14:31 -0500] "GET http://media.cubadebate.cu/wp-content/uploads/2021/07/G_2021071708-280x357.jpg HTTP/1.1" 200 40245 "HTTP" ""
192.168.1.29 - rquintanilla [17/Jul/2021:10:14:31 -0500] "GET http://detectportal.firefox.com/success.txt?ipv4 HTTP/1.1" 200 362 "HTTP" ""
192.168.1.29 - rquintanilla [17/Jul/2021:10:14:31 -0500] "GET http://www.cubadebate.cu/wp-content/plugins/bwp-minify/min/?f=wp-content/plugins/serie-nacional-beisbol/css/widget-snb.css,wp-content/plugins/wp-anexos/css/styles.css,wp-content/plugins/wp-fidelcastro-cu/css/styles.css,wp-content/plugins/wp-minuto-minuto/css/styles.css,wp-content/plugins/nextgen-gallery/css/nggallery.css&ver=4.10 HTTP/1.1" 200 4328 "HTTP" ""
192.168.1.29 - rquintanilla [17/Jul/2021:10:14:31 -0500] "GET http://media.cubadebate.cu/wp-content/gallery/autores/liudmila-pena-herrera.jpg HTTP/1.1" 200 2827 "HTTP" ""
192.168.1.29 - rquintanilla [17/Jul/2021:10:14:32 -0500] "GET http://media.cubadebate.cu/wp-content/uploads/2021/07/G_2021071701-280x357.jpg HTTP/1.1" 200 41412 "HTTP" ""
192.168.1.29 - rquintanilla [17/Jul/2021:10:14:32 -0500] "POST http://ocsp.pki.goog/gts1o1core HTTP/1.1" 200 849 "HTTP" ""
192.168.1.29 - rquintanilla [17/Jul/2021:10:14:32 -0500] "GET http://media.cubadebate.cu/wp-content/gallery/palma-real/thumbs/thumbs_a-buen-recaudo_diego-torres_2000_oleo-70-x-100.jpg HTTP/1.1" 200 4470 "HTTP" ""
192.168.1.29 - rquintanilla [17/Jul/2021:10:14:32 -0500] "GET http://media.cubadebate.cu/wp-content/uploads/2021/07/Acto-4-180x150.jpg HTTP/1.1" 200 6989 "HTTP" ""
192.168.1.29 - rquintanilla [17/Jul/2021:10:14:32 -0500] "CONNECT mail.google.com:443 HTTP/1.1" 200 0 "HTTPS" "outgoing via 192.168.50.30"
192.168.1.29 - rquintanilla [17/Jul/2021:10:14:32 -0500] "CONNECT mail.google.com:443 HTTP/1.1" 200 0 "HTTPS" "outgoing via 192.168.50.30"
192.168.1.29 - rquintanilla [17/Jul/2021:10:14:32 -0500] "CONNECT mail.google.com:443 HTTP/1.1" 200 0 "HTTPS" "outgoing via 192.168.50.30"
192.168.1.29 - rquintanilla [17/Jul/2021:10:14:32 -0500] "CONNECT mail.google.com:443 HTTP/1.1" 200 0 "HTTPS" "outgoing via 192.168.50.30"
192.168.1.29 - rquintanilla [17/Jul/2021:10:14:34 -0500] "GET http://www.cubadebate.cu/wp-content/plugins/bwp-minify/min/?f=wp-includes/js/jquery/jquery.js&ver=4.10 HTTP/1.1" 200 704 "HTTP" ""
192.168.1.29 - rquintanilla [17/Jul/2021:10:14:35 -0500] "CONNECT 0.1.0.1:1001 HTTP/1.1" 200 0 "HTTPS" "outgoing via 192.168.50.30"
192.168.10.20 - arodriguez [17/Jul/2021:10:14:37 -0500] "CONNECT relay-54e66660.net.anydesk.com:80 HTTP/1.1" 200 0 "HTTPS" "outgoing via 192.168.50.30"
192.168.1.29 - rquintanilla [17/Jul/2021:10:14:37 -0500] "CONNECT www.google-analytics.com:443 HTTP/1.1" 200 0 "HTTPS" "outgoing via 192.168.50.30"
192.168.1.29 - rquintanilla [17/Jul/2021:10:14:39 -0500] "POST http://ocsp.digicert.com/ HTTP/1.1" 200 947 "HTTP" ""
192.168.1.29 - rquintanilla [17/Jul/2021:10:14:43 -0500] "GET http://media.cubadebate.cu/wp-content/uploads/2021/07/Anexionistas-Miami-Cuba-Estados-Unidos-580.png HTTP/1.1" 200 412711 "HTTP" ""
192.168.1.29 - rquintanilla [17/Jul/2021:10:14:43 -0500] "GET http://media.cubadebate.cu/wp-content/uploads/2015/07/arampa-Portada.jpg HTTP/1.1" 200 119420 "HTTP" ""
192.168.1.29 - rquintanilla [17/Jul/2021:10:14:43 -0500] "GET http://media.cubadebate.cu/wp-content/uploads/2021/02/podcast-3-del-dia-segunda-temporada-580x151.png HTTP/1.1" 200 66900 "HTTP" ""
192.168.1.29 - rquintanilla [17/Jul/2021:10:14:43 -0500] "GET http://media.cubadebate.cu/wp-content/uploads/2021/01/podcast_cd.png HTTP/1.1" 200 11329 "HTTP" ""
192.168.1.29 - rquintanilla [17/Jul/2021:10:14:44 -0500] "CONNECT www.youtube.com:443 HTTP/1.1" 200 0 "HTTPS" "outgoing via 192.168.50.30"
192.168.1.29 - rquintanilla [17/Jul/2021:10:14:44 -0500] "GET http://www.cubadebate.cu/wp-content/plugins/bwp-minify/min/?f=wp-content/plugins/my-videotag/css/mvt-styles.css,wp-includes/css/dist/block-library/style.min.css,wp-content/plugins/fancybox-for-wordpress/assets/css/fancybox.css,wp-content/plugins/twitter-embed/twett-embed-styles.css,wp-content/plugins/wp-polls/polls-css.css,wp-content/themes/cd2.1/scripts/select2/select2.css,wp-content/themes/cd2.1/style.css&ver=4.10 HTTP/1.1" 200 40585 "HTTP" ""
192.168.1.29 - rquintanilla [17/Jul/2021:10:14:48 -0500] "GET http://media.cubadebate.cu/wp-content/uploads/2021/07/medidas-gobierno-cuba-portada-cubadebate.png HTTP/1.1" 200 534030 "HTTP" ""
192.168.1.29 - rquintanilla [17/Jul/2021:10:14:50 -0500] "CONNECT 0.1.0.1:1001 HTTP/1.1" 200 0 "HTTPS" "outgoing via 192.168.50.30"
192.168.1.29 - rquintanilla [17/Jul/2021:10:14:52 -0500] "GET http://media.cubadebate.cu/wp-content/uploads/2020/03/coronavirus-banner-300px.png HTTP/1.1" 200 58338 "HTTP" ""
192.168.1.29 - rquintanilla [17/Jul/2021:10:14:52 -0500] "GET http://media.cubadebate.cu/wp-content/uploads/2020/07/banner-coronavirus-330.jpg HTTP/1.1" 200 192321 "HTTP" ""
192.168.1.29 - rquintanilla [17/Jul/2021:10:14:53 -0500] "CONNECT connect.facebook.net:443 HTTP/1.1" 200 0 "HTTPS" "outgoing via 192.168.50.30"
192.168.1.29 - rquintanilla [17/Jul/2021:10:14:54 -0500] "POST http://ocsp.pki.goog/gts1c3 HTTP/1.1" 200 849 "HTTP" ""
192.168.1.29 - rquintanilla [17/Jul/2021:10:14:55 -0500] "CONNECT stats.g.doubleclick.net:443 HTTP/1.1" 200 0 "HTTPS" "outgoing via 192.168.50.30"
192.168.1.29 - rquintanilla [17/Jul/2021:10:14:55 -0500] "GET http://detectportal.firefox.com/canonical.html HTTP/1.1" 200 444 "HTTP" ""
192.168.1.29 - rquintanilla [17/Jul/2021:10:14:55 -0500] "CONNECT fonts.gstatic.com:443 HTTP/1.1" 200 0 "HTTPS" "outgoing via 192.168.50.30"
192.168.1.29 - rquintanilla [17/Jul/2021:10:14:56 -0500] "POST http://ocsp.pki.goog/gts1o1core HTTP/1.1" 200 849 "HTTP" ""
192.168.1.29 - rquintanilla [17/Jul/2021:10:14:58 -0500] "CONNECT connect.facebook.net:443 HTTP/1.1" 200 0 "HTTPS" "outgoing via 192.168.50.30"
192.168.1.29 - rquintanilla [17/Jul/2021:10:15:03 -0500] "GET http://detectportal.firefox.com/success.txt?ipv4 HTTP/1.1" 200 362 "HTTP" ""
192.168.10.20 - arodriguez [17/Jul/2021:10:15:06 -0500] "CONNECT relay-54e66660.net.anydesk.com:80 HTTP/1.1" 200 0 "HTTPS" "outgoing via 192.168.50.30"
192.168.1.29 - rquintanilla [17/Jul/2021:10:15:08 -0500] "CONNECT 0.1.0.1:1001 HTTP/1.1" 200 0 "HTTPS" "outgoing via 192.168.50.30"
192.168.50.100 - servidores [17/Jul/2021:10:15:14 -0500] "GET http://mirror.facom.ufms.br/centos/7.9.2009/os/x86_64/repodata/repomd.xml HTTP/1.1" 200 4236 "HTTP" ""
192.168.1.29 - rquintanilla [17/Jul/2021:10:15:29 -0500] "CONNECT shepherd.ff.avast.com:443 HTTP/1.1" 200 0 "HTTPS" "outgoing via 192.168.50.30"
192.168.1.29 - rquintanilla [17/Jul/2021:10:15:29 -0500] "CONNECT shepherd.ff.avast.com:443 HTTP/1.1" 200 0 "HTTPS" "outgoing via 192.168.50.30"
192.168.1.29 - rquintanilla [17/Jul/2021:10:15:29 -0500] "CONNECT shepherd.ff.avast.com:443 HTTP/1.1" 200 0 "HTTPS" "outgoing via 192.168.50.30"
192.168.1.29 - rquintanilla [17/Jul/2021:10:15:29 -0500] "CONNECT shepherd.ff.avast.com:443 HTTP/1.1" 200 0 "HTTPS" "outgoing via 192.168.50.30"
192.168.1.29 - rquintanilla [17/Jul/2021:10:15:30 -0500] "CONNECT shepherd.ff.avast.com:443 HTTP/1.1" 200 0 "HTTPS" "outgoing via 192.168.50.30"
192.168.1.29 - rquintanilla [17/Jul/2021:10:15:30 -0500] "CONNECT shepherd.ff.avast.com:443 HTTP/1.1" 200 0 "HTTPS" "outgoing via 192.168.50.30"
192.168.10.20 - arodriguez [17/Jul/2021:10:15:35 -0500] "CONNECT relay-54e66660.net.anydesk.com:80 HTTP/1.1" 200 0 "HTTPS" "outgoing via 192.168.50.30"
192.168.1.29 - rquintanilla [17/Jul/2021:10:16:02 -0500] "CONNECT shepherd.ff.avast.com:443 HTTP/1.1" 200 0 "HTTPS" "outgoing via 192.168.50.30"
192.168.1.29 - rquintanilla [17/Jul/2021:10:16:02 -0500] "CONNECT shepherd.ff.avast.com:443 HTTP/1.1" 200 0 "HTTPS" "outgoing via 192.168.50.30"
192.168.1.29 - rquintanilla [17/Jul/2021:10:16:02 -0500] "CONNECT shepherd.ff.avast.com:443 HTTP/1.1" 200 0 "HTTPS" "outgoing via 192.168.50.30"
192.168.1.29 - rquintanilla [17/Jul/2021:10:16:02 -0500] "CONNECT shepherd.ff.avast.com:443 HTTP/1.1" 200 0 "HTTPS" "outgoing via 192.168.50.30"
192.168.1.29 - rquintanilla [17/Jul/2021:10:16:02 -0500] "CONNECT shepherd.ff.avast.com:443 HTTP/1.1" 200 0 "HTTPS" "outgoing via 192.168.50.30"
192.168.1.29 - rquintanilla [17/Jul/2021:10:16:02 -0500] "CONNECT shepherd.ff.avast.com:443 HTTP/1.1" 200 0 "HTTPS" "outgoing via 192.168.50.30"
192.168.10.20 - arodriguez [17/Jul/2021:10:16:04 -0500] "CONNECT relay-54e66660.net.anydesk.com:80 HTTP/1.1" 200 0 "HTTPS" "outgoing via 192.168.50.30"
192.168.50.8 - arodriguez [17/Jul/2021:10:16:20 -0500] "HEAD http://update.eset.com/eset_eval/update.ver HTTP/1.1" 200 383 "HTTP" ""
192.168.10.20 - arodriguez [17/Jul/2021:10:16:33 -0500] "CONNECT relay-54e66660.net.anydesk.com:80 HTTP/1.1" 200 0 "HTTPS" "outgoing via 192.168.50.30"
192.168.10.20 - arodriguez [17/Jul/2021:10:17:02 -0500] "CONNECT relay-54e66660.net.anydesk.com:80 HTTP/1.1" 200 0 "HTTPS" "outgoing via 192.168.50.30"
192.168.10.20 - arodriguez [17/Jul/2021:10:17:30 -0500] "CONNECT relay-54e66660.net.anydesk.com:80 HTTP/1.1" 200 0 "HTTPS" "outgoing via 192.168.50.30"
192.168.10.20 - arodriguez [17/Jul/2021:10:17:44 -0500] "CONNECT relay-9ec84ff7.net.anydesk.com:80 HTTP/1.1" 200 0 "HTTPS" "outgoing via 192.168.50.30"
192.168.10.20 - arodriguez [17/Jul/2021:10:18:13 -0500] "CONNECT relay-9ec84ff7.net.anydesk.com:80 HTTP/1.1" 200 0 "HTTPS" "outgoing via 192.168.50.30"
192.168.10.20 - arodriguez [17/Jul/2021:10:18:42 -0500] "CONNECT relay-9ec84ff7.net.anydesk.com:80 HTTP/1.1" 200 0 "HTTPS" "outgoing via 192.168.50.30"
192.168.50.220 - servidores [17/Jul/2021:10:18:44 -0500] "CONNECT mirrors.fedoraproject.org:443 HTTP/1.1" 200 0 "HTTPS" "outgoing via 192.168.50.30"
192.168.50.220 - servidores [17/Jul/2021:10:18:46 -0500] "CONNECT repo.ius.io:443 HTTP/1.1" 200 0 "HTTPS" "outgoing via 192.168.50.30"
192.168.50.220 - servidores [17/Jul/2021:10:18:47 -0500] "CONNECT download.postgresql.org:443 HTTP/1.1" 200 0 "HTTPS" "outgoing via 192.168.50.30"
192.168.10.20 - arodriguez [17/Jul/2021:10:18:55 -0500] "CONNECT relay-afcf85da.net.anydesk.com:80 HTTP/1.1" 200 0 "HTTPS" "outgoing via 192.168.50.30"
192.168.50.220 - servidores [17/Jul/2021:10:19:06 -0500] "CONNECT download.postgresql.org:443 HTTP/1.1" 200 0 "HTTPS" "outgoing via 192.168.50.30"
192.168.50.220 - servidores [17/Jul/2021:10:19:10 -0500] "CONNECT mirror.sjc02.svwh.net:443 HTTP/1.1" 200 0 "HTTPS" "outgoing via 192.168.50.30"
192.168.50.220 - servidores [17/Jul/2021:10:19:13 -0500] "CONNECT download.rethinkdb.com:443 HTTP/1.1" 200 0 "HTTPS" "outgoing via 192.168.50.30"
192.168.10.20 - arodriguez [17/Jul/2021:10:19:25 -0500] "CONNECT relay-afcf85da.net.anydesk.com:80 HTTP/1.1" 200 0 "HTTPS" "outgoing via 192.168.50.30"
192.168.10.20 - arodriguez [17/Jul/2021:10:19:54 -0500] "CONNECT relay-afcf85da.net.anydesk.com:80 HTTP/1.1" 200 0 "HTTPS" "outgoing via 192.168.50.30"
192.168.10.20 - arodriguez [17/Jul/2021:10:20:23 -0500] "CONNECT relay-afcf85da.net.anydesk.com:80 HTTP/1.1" 200 0 "HTTPS" "outgoing via 192.168.50.30"
192.168.10.20 - arodriguez [17/Jul/2021:10:20:36 -0500] "CONNECT relay-12d968bc.net.anydesk.com:80 HTTP/1.1" 200 0 "HTTPS" "outgoing via 192.168.50.30"
192.168.10.20 - arodriguez [17/Jul/2021:10:21:05 -0500] "CONNECT relay-12d968bc.net.anydesk.com:80 HTTP/1.1" 200 0 "HTTPS" "outgoing via 192.168.50.30"
192.168.10.20 - arodriguez [17/Jul/2021:10:21:34 -0500] "CONNECT relay-12d968bc.net.anydesk.com:80 HTTP/1.1" 200 0 "HTTPS" "outgoing via 192.168.50.30"
192.168.10.20 - arodriguez [17/Jul/2021:10:21:36 -0500] "CONNECT relay-12d968bc.net.anydesk.com:443 HTTP/1.1" 200 0 "HTTPS" "outgoing via 192.168.50.30"
192.168.10.20 - arodriguez [17/Jul/2021:10:21:38 -0500] "CONNECT relay-12d968bc.net.anydesk.com:6568 HTTP/1.1" 200 0 "HTTPS" "outgoing via 192.168.50.30"
192.168.10.20 - arodriguez [17/Jul/2021:10:21:40 -0500] "CONNECT 186.233.185.70:80 HTTP/1.1" 200 0 "HTTPS" "outgoing via 192.168.50.30"
192.168.10.20 - arodriguez [17/Jul/2021:10:21:42 -0500] "CONNECT 186.233.185.70:443 HTTP/1.1" 200 0 "HTTPS" "outgoing via 192.168.50.30"
192.168.10.20 - arodriguez [17/Jul/2021:10:21:44 -0500] "CONNECT 186.233.185.70:6568 HTTP/1.1" 200 0 "HTTPS" "outgoing via 192.168.50.30"
192.168.10.20 - arodriguez [17/Jul/2021:10:21:52 -0500] "CONNECT boot-01.net.anydesk.com:443 HTTP/1.1" 200 0 "HTTPS" "outgoing via 192.168.50.30"
192.168.10.20 - arodriguez [17/Jul/2021:10:21:54 -0500] "CONNECT boot-01.net.anydesk.com:80 HTTP/1.1" 200 0 "HTTPS" "outgoing via 192.168.50.30"
192.168.10.20 - arodriguez [17/Jul/2021:10:21:56 -0500] "CONNECT boot-01.net.anydesk.com:6568 HTTP/1.1" 200 0 "HTTPS" "outgoing via 192.168.50.30"
192.168.10.20 - arodriguez [17/Jul/2021:10:22:03 -0500] "CONNECT boot-02.net.anydesk.com:443 HTTP/1.1" 200 0 "HTTPS" "outgoing via 192.168.50.30"
192.168.10.20 - arodriguez [17/Jul/2021:10:22:16 -0500] "CONNECT relay-1c040ae6.net.anydesk.com:80 HTTP/1.1" 200 0 "HTTPS" "outgoing via 192.168.50.30"
192.168.10.20 - arodriguez [17/Jul/2021:10:22:30 -0500] "CONNECT relay-0767eec0.net.anydesk.com:80 HTTP/1.1" 200 0 "HTTPS" "outgoing via 192.168.50.30"
192.168.10.20 - arodriguez [17/Jul/2021:10:22:58 -0500] "CONNECT relay-0767eec0.net.anydesk.com:80 HTTP/1.1" 200 0 "HTTPS" "outgoing via 192.168.50.30"
192.168.10.20 - arodriguez [17/Jul/2021:10:23:28 -0500] "CONNECT relay-0767eec0.net.anydesk.com:80 HTTP/1.1" 200 0 "HTTPS" "outgoing via 192.168.50.30"
192.168.10.20 - arodriguez [17/Jul/2021:10:23:56 -0500] "CONNECT relay-0767eec0.net.anydesk.com:80 HTTP/1.1" 200 0 "HTTPS" "outgoing via 192.168.50.30"
192.168.10.20 - arodriguez [17/Jul/2021:10:24:10 -0500] "CONNECT relay-629d065f.net.anydesk.com:80 HTTP/1.1" 200 0 "HTTPS" "outgoing via 192.168.50.30"
192.168.10.20 - arodriguez [17/Jul/2021:10:24:39 -0500] "CONNECT relay-629d065f.net.anydesk.com:80 HTTP/1.1" 200 0 "HTTPS" "outgoing via 192.168.50.30"
192.168.10.20 - arodriguez [17/Jul/2021:10:25:08 -0500] "CONNECT relay-629d065f.net.anydesk.com:80 HTTP/1.1" 200 0 "HTTPS" "outgoing via 192.168.50.30"
192.168.10.20 - arodriguez [17/Jul/2021:10:25:37 -0500] "CONNECT relay-629d065f.net.anydesk.com:80 HTTP/1.1" 200 0 "HTTPS" "outgoing via 192.168.50.30"
192.168.10.20 - arodriguez [17/Jul/2021:10:25:50 -0500] "CONNECT relay-94ea071e.net.anydesk.com:80 HTTP/1.1" 200 0 "HTTPS" "outgoing via 192.168.50.30"
192.168.10.20 - arodriguez [17/Jul/2021:10:26:19 -0500] "CONNECT relay-94ea071e.net.anydesk.com:80 HTTP/1.1" 200 0 "HTTPS" "outgoing via 192.168.50.30"
192.168.10.20 - arodriguez [17/Jul/2021:10:26:48 -0500] "CONNECT relay-94ea071e.net.anydesk.com:80 HTTP/1.1" 200 0 "HTTPS" "outgoing via 192.168.50.30"
192.168.10.20 - arodriguez [17/Jul/2021:10:27:17 -0500] "CONNECT relay-94ea071e.net.anydesk.com:80 HTTP/1.1" 200 0 "HTTPS" "outgoing via 192.168.50.30"
192.168.10.20 - arodriguez [17/Jul/2021:10:27:30 -0500] "CONNECT relay-54e66660.net.anydesk.com:80 HTTP/1.1" 200 0 "HTTPS" "outgoing via 192.168.50.30"
192.168.10.20 - arodriguez [17/Jul/2021:10:28:00 -0500] "CONNECT relay-54e66660.net.anydesk.com:80 HTTP/1.1" 200 0 "HTTPS" "outgoing via 192.168.50.30"
192.168.10.20 - arodriguez [17/Jul/2021:10:28:28 -0500] "CONNECT relay-54e66660.net.anydesk.com:80 HTTP/1.1" 200 0 "HTTPS" "outgoing via 192.168.50.30"
192.168.10.20 - arodriguez [17/Jul/2021:10:28:42 -0500] "CONNECT relay-89970c8c.net.anydesk.com:80 HTTP/1.1" 200 0 "HTTPS" "outgoing via 192.168.50.30"
192.168.10.20 - arodriguez [17/Jul/2021:10:29:11 -0500] "CONNECT relay-89970c8c.net.anydesk.com:80 HTTP/1.1" 200 0 "HTTPS" "outgoing via 192.168.50.30"
192.168.10.20 - arodriguez [17/Jul/2021:10:29:40 -0500] "CONNECT relay-89970c8c.net.anydesk.com:80 HTTP/1.1" 200 0 "HTTPS" "outgoing via 192.168.50.30"
192.168.10.20 - arodriguez [17/Jul/2021:10:29:53 -0500] "CONNECT relay-a54c6d92.net.anydesk.com:80 HTTP/1.1" 200 0 "HTTPS" "outgoing via 192.168.50.30"
192.168.10.20 - arodriguez [17/Jul/2021:10:30:22 -0500] "CONNECT relay-a54c6d92.net.anydesk.com:80 HTTP/1.1" 200 0 "HTTPS" "outgoing via 192.168.50.30"
192.168.10.20 - arodriguez [17/Jul/2021:10:30:51 -0500] "CONNECT relay-a54c6d92.net.anydesk.com:80 HTTP/1.1" 200 0 "HTTPS" "outgoing via 192.168.50.30"
192.168.10.20 - arodriguez [17/Jul/2021:10:31:05 -0500] "CONNECT relay-5f045e20.net.anydesk.com:80 HTTP/1.1" 200 0 "HTTPS" "outgoing via 192.168.50.30"
192.168.10.20 - arodriguez [17/Jul/2021:10:31:34 -0500] "CONNECT relay-5f045e20.net.anydesk.com:80 HTTP/1.1" 200 0 "HTTPS" "outgoing via 192.168.50.30"
192.168.10.20 - arodriguez [17/Jul/2021:10:32:03 -0500] "CONNECT relay-5f045e20.net.anydesk.com:80 HTTP/1.1" 200 0 "HTTPS" "outgoing via 192.168.50.30"
192.168.10.20 - arodriguez [17/Jul/2021:10:32:16 -0500] "CONNECT relay-8b8e1425.net.anydesk.com:80 HTTP/1.1" 200 0 "HTTPS" "outgoing via 192.168.50.30"
192.168.10.20 - arodriguez [17/Jul/2021:10:32:45 -0500] "CONNECT relay-8b8e1425.net.anydesk.com:80 HTTP/1.1" 200 0 "HTTPS" "outgoing via 192.168.50.30"
192.168.10.20 - arodriguez [17/Jul/2021:10:32:47 -0500] "CONNECT relay-8b8e1425.net.anydesk.com:443 HTTP/1.1" 200 0 "HTTPS" "outgoing via 192.168.50.30"
192.168.10.20 - arodriguez [17/Jul/2021:10:32:49 -0500] "CONNECT relay-8b8e1425.net.anydesk.com:6568 HTTP/1.1" 200 0 "HTTPS" "outgoing via 192.168.50.30"
192.168.10.20 - arodriguez [17/Jul/2021:10:32:51 -0500] "CONNECT 186.233.185.76:80 HTTP/1.1" 200 0 "HTTPS" "outgoing via 192.168.50.30"
192.168.10.20 - arodriguez [17/Jul/2021:10:32:53 -0500] "CONNECT 186.233.185.76:443 HTTP/1.1" 200 0 "HTTPS" "outgoing via 192.168.50.30"
192.168.10.20 - arodriguez [17/Jul/2021:10:32:55 -0500] "CONNECT 186.233.185.76:6568 HTTP/1.1" 200 0 "HTTPS" "outgoing via 192.168.50.30"
192.168.10.20 - arodriguez [17/Jul/2021:10:33:29 -0500] "CONNECT relay-8b8e1425.net.anydesk.com:80 HTTP/1.1" 200 0 "HTTPS" "outgoing via 192.168.50.30"
192.168.10.20 - arodriguez [17/Jul/2021:10:33:58 -0500] "CONNECT relay-8b8e1425.net.anydesk.com:80 HTTP/1.1" 200 0 "HTTPS" "outgoing via 192.168.50.30"
192.168.10.20 - arodriguez [17/Jul/2021:10:34:12 -0500] "CONNECT relay-94ea071e.net.anydesk.com:80 HTTP/1.1" 200 0 "HTTPS" "outgoing via 192.168.50.30"
192.168.10.20 - arodriguez [17/Jul/2021:10:34:41 -0500] "CONNECT relay-94ea071e.net.anydesk.com:80 HTTP/1.1" 200 0 "HTTPS" "outgoing via 192.168.50.30"
192.168.10.20 - arodriguez [17/Jul/2021:10:35:10 -0500] "CONNECT relay-94ea071e.net.anydesk.com:80 HTTP/1.1" 200 0 "HTTPS" "outgoing via 192.168.50.30"
