00008252
192.168.10.20 - arodriguez [07/Aug/2021:00:00:00 -0500] "CONNECT relay-096fe6d0.net.anydesk.com:80 HTTP/1.1" 200 0 "HTTPS" "outgoing via 192.168.50.30"
192.168.10.20 - arodriguez [07/Aug/2021:00:00:13 -0500] "CONNECT relay-2da43234.net.anydesk.com:80 HTTP/1.1" 200 0 "HTTPS" "outgoing via 192.168.50.30"
192.168.10.20 - arodriguez [07/Aug/2021:00:00:42 -0500] "CONNECT relay-2da43234.net.anydesk.com:80 HTTP/1.1" 200 0 "HTTPS" "outgoing via 192.168.50.30"
192.168.10.20 - arodriguez [07/Aug/2021:00:01:11 -0500] "CONNECT relay-2da43234.net.anydesk.com:80 HTTP/1.1" 200 0 "HTTPS" "outgoing via 192.168.50.30"
192.168.10.20 - arodriguez [07/Aug/2021:00:01:40 -0500] "CONNECT relay-2da43234.net.anydesk.com:80 HTTP/1.1" 200 0 "HTTPS" "outgoing via 192.168.50.30"
192.168.10.20 - arodriguez [07/Aug/2021:00:01:53 -0500] "CONNECT relay-5d364c18.net.anydesk.com:80 HTTP/1.1" 200 0 "HTTPS" "outgoing via 192.168.50.30"
192.168.10.20 - arodriguez [07/Aug/2021:00:02:22 -0500] "CONNECT relay-5d364c18.net.anydesk.com:80 HTTP/1.1" 200 0 "HTTPS" "outgoing via 192.168.50.30"
192.168.6.34 - amorgado [07/Aug/2021:00:02:31 -0500] "CONNECT 149.154.175.50:443 HTTP/1.1" 200 0 "HTTPS" "outgoing via 192.168.50.30"
192.168.6.34 - amorgado [07/Aug/2021:00:02:31 -0500] "CONNECT 45.142.38.130:9286 HTTP/1.1" 200 0 "HTTPS" "outgoing via 192.168.50.30"
192.168.10.20 - arodriguez [07/Aug/2021:00:02:52 -0500] "CONNECT relay-5d364c18.net.anydesk.com:80 HTTP/1.1" 200 0 "HTTPS" "outgoing via 192.168.50.30"
192.168.10.20 - arodriguez [07/Aug/2021:00:03:05 -0500] "CONNECT relay-69c95757.net.anydesk.com:80 HTTP/1.1" 200 0 "HTTPS" "outgoing via 192.168.50.30"
192.168.10.20 - arodriguez [07/Aug/2021:00:03:34 -0500] "CONNECT relay-69c95757.net.anydesk.com:80 HTTP/1.1" 200 0 "HTTPS" "outgoing via 192.168.50.30"
192.168.6.34 - amorgado [07/Aug/2021:00:03:51 -0500] "CONNECT 45.142.38.130:9286 HTTP/1.1" 200 0 "HTTPS" "outgoing via 192.168.50.30"
192.168.6.34 - amorgado [07/Aug/2021:00:03:51 -0500] "CONNECT 149.154.175.50:443 HTTP/1.1" 200 0 "HTTPS" "outgoing via 192.168.50.30"
192.168.6.34 - amorgado [07/Aug/2021:00:03:52 -0500] "CONNECT 149.154.175.50:443 HTTP/1.1" 200 0 "HTTPS" "outgoing via 192.168.50.30"
192.168.6.34 - amorgado [07/Aug/2021:00:03:53 -0500] "CONNECT 45.142.38.130:9286 HTTP/1.1" 200 0 "HTTPS" "outgoing via 192.168.50.30"
192.168.10.20 - arodriguez [07/Aug/2021:00:04:03 -0500] "CONNECT relay-69c95757.net.anydesk.com:80 HTTP/1.1" 200 0 "HTTPS" "outgoing via 192.168.50.30"
192.168.6.34 - amorgado [07/Aug/2021:00:04:10 -0500] "CONNECT v10.events.data.microsoft.com:443 HTTP/1.1" 200 0 "HTTPS" "outgoing via 192.168.50.30"
192.168.10.20 - arodriguez [07/Aug/2021:00:04:33 -0500] "CONNECT relay-69c95757.net.anydesk.com:80 HTTP/1.1" 200 0 "HTTPS" "outgoing via 192.168.50.30"
192.168.10.20 - arodriguez [07/Aug/2021:00:04:46 -0500] "CONNECT relay-5f045e20.net.anydesk.com:80 HTTP/1.1" 200 0 "HTTPS" "outgoing via 192.168.50.30"
192.168.10.20 - arodriguez [07/Aug/2021:00:05:15 -0500] "CONNECT relay-5f045e20.net.anydesk.com:80 HTTP/1.1" 200 0 "HTTPS" "outgoing via 192.168.50.30"
192.168.10.20 - arodriguez [07/Aug/2021:00:05:44 -0500] "CONNECT relay-5f045e20.net.anydesk.com:80 HTTP/1.1" 200 0 "HTTPS" "outgoing via 192.168.50.30"
192.168.10.20 - arodriguez [07/Aug/2021:00:06:14 -0500] "CONNECT relay-5f045e20.net.anydesk.com:80 HTTP/1.1" 200 0 "HTTPS" "outgoing via 192.168.50.30"
192.168.10.20 - arodriguez [07/Aug/2021:00:06:27 -0500] "CONNECT relay-bd01ff02.net.anydesk.com:80 HTTP/1.1" 200 0 "HTTPS" "outgoing via 192.168.50.30"
192.168.10.20 - arodriguez [07/Aug/2021:00:06:56 -0500] "CONNECT relay-bd01ff02.net.anydesk.com:80 HTTP/1.1" 200 0 "HTTPS" "outgoing via 192.168.50.30"
192.168.10.20 - arodriguez [07/Aug/2021:00:07:25 -0500] "CONNECT relay-bd01ff02.net.anydesk.com:80 HTTP/1.1" 200 0 "HTTPS" "outgoing via 192.168.50.30"
192.168.6.34 - amorgado [07/Aug/2021:00:07:33 -0500] "CONNECT 45.142.38.130:9286 HTTP/1.1" 200 0 "HTTPS" "outgoing via 192.168.50.30"
192.168.6.34 - amorgado [07/Aug/2021:00:07:33 -0500] "CONNECT 149.154.175.50:443 HTTP/1.1" 200 0 "HTTPS" "outgoing via 192.168.50.30"
192.168.6.34 - amorgado [07/Aug/2021:00:07:34 -0500] "CONNECT 149.154.175.50:443 HTTP/1.1" 200 0 "HTTPS" "outgoing via 192.168.50.30"
192.168.6.34 - amorgado [07/Aug/2021:00:07:35 -0500] "CONNECT 45.142.38.130:9286 HTTP/1.1" 200 0 "HTTPS" "outgoing via 192.168.50.30"
192.168.10.20 - arodriguez [07/Aug/2021:00:07:54 -0500] "CONNECT relay-bd01ff02.net.anydesk.com:80 HTTP/1.1" 200 0 "HTTPS" "outgoing via 192.168.50.30"
192.168.10.20 - arodriguez [07/Aug/2021:00:08:23 -0500] "CONNECT relay-bd01ff02.net.anydesk.com:80 HTTP/1.1" 200 0 "HTTPS" "outgoing via 192.168.50.30"
192.168.10.20 - arodriguez [07/Aug/2021:00:08:36 -0500] "CONNECT relay-82fc4166.net.anydesk.com:80 HTTP/1.1" 200 0 "HTTPS" "outgoing via 192.168.50.30"
192.168.6.34 - amorgado [07/Aug/2021:00:08:37 -0500] "CONNECT settings-win.data.microsoft.com:443 HTTP/1.1" 200 0 "HTTPS" "outgoing via 192.168.50.30"
192.168.6.34 - amorgado [07/Aug/2021:00:08:54 -0500] "CONNECT 149.154.175.50:443 HTTP/1.1" 200 0 "HTTPS" "outgoing via 192.168.50.30"
192.168.6.34 - amorgado [07/Aug/2021:00:08:54 -0500] "CONNECT 45.142.38.130:9286 HTTP/1.1" 200 0 "HTTPS" "outgoing via 192.168.50.30"
192.168.6.34 - amorgado [07/Aug/2021:00:08:56 -0500] "CONNECT 149.154.175.50:443 HTTP/1.1" 200 0 "HTTPS" "outgoing via 192.168.50.30"
192.168.6.34 - amorgado [07/Aug/2021:00:08:56 -0500] "CONNECT 45.142.38.130:9286 HTTP/1.1" 200 0 "HTTPS" "outgoing via 192.168.50.30"
192.168.10.20 - arodriguez [07/Aug/2021:00:09:05 -0500] "CONNECT relay-82fc4166.net.anydesk.com:80 HTTP/1.1" 200 0 "HTTPS" "outgoing via 192.168.50.30"
192.168.10.20 - arodriguez [07/Aug/2021:00:09:34 -0500] "CONNECT relay-82fc4166.net.anydesk.com:80 HTTP/1.1" 200 0 "HTTPS" "outgoing via 192.168.50.30"
192.168.10.20 - arodriguez [07/Aug/2021:00:09:48 -0500] "CONNECT relay-5bec465c.net.anydesk.com:80 HTTP/1.1" 200 0 "HTTPS" "outgoing via 192.168.50.30"
192.168.10.20 - arodriguez [07/Aug/2021:00:10:17 -0500] "CONNECT relay-5bec465c.net.anydesk.com:80 HTTP/1.1" 200 0 "HTTPS" "outgoing via 192.168.50.30"
192.168.10.20 - arodriguez [07/Aug/2021:00:10:46 -0500] "CONNECT relay-5bec465c.net.anydesk.com:80 HTTP/1.1" 200 0 "HTTPS" "outgoing via 192.168.50.30"
192.168.6.34 - amorgado [07/Aug/2021:00:10:57 -0500] "CONNECT www.bing.com:443 HTTP/1.0" 200 0 "HTTPS" "outgoing via 192.168.50.30"
192.168.10.20 - arodriguez [07/Aug/2021:00:10:59 -0500] "CONNECT relay-bd01ff02.net.anydesk.com:80 HTTP/1.1" 200 0 "HTTPS" "outgoing via 192.168.50.30"
192.168.10.20 - arodriguez [07/Aug/2021:00:11:28 -0500] "CONNECT relay-bd01ff02.net.anydesk.com:80 HTTP/1.1" 200 0 "HTTPS" "outgoing via 192.168.50.30"
192.168.10.20 - arodriguez [07/Aug/2021:00:11:57 -0500] "CONNECT relay-bd01ff02.net.anydesk.com:80 HTTP/1.1" 200 0 "HTTPS" "outgoing via 192.168.50.30"
192.168.10.20 - arodriguez [07/Aug/2021:00:12:10 -0500] "CONNECT relay-afcf85da.net.anydesk.com:80 HTTP/1.1" 200 0 "HTTPS" "outgoing via 192.168.50.30"
192.168.6.34 - amorgado [07/Aug/2021:00:12:37 -0500] "CONNECT 149.154.175.50:443 HTTP/1.1" 200 0 "HTTPS" "outgoing via 192.168.50.30"
192.168.6.34 - amorgado [07/Aug/2021:00:12:37 -0500] "CONNECT 45.142.38.130:9286 HTTP/1.1" 200 0 "HTTPS" "outgoing via 192.168.50.30"
192.168.10.20 - arodriguez [07/Aug/2021:00:12:39 -0500] "CONNECT relay-afcf85da.net.anydesk.com:80 HTTP/1.1" 200 0 "HTTPS" "outgoing via 192.168.50.30"
192.168.10.20 - arodriguez [07/Aug/2021:00:13:08 -0500] "CONNECT relay-afcf85da.net.anydesk.com:80 HTTP/1.1" 200 0 "HTTPS" "outgoing via 192.168.50.30"
192.168.6.34 - amorgado [07/Aug/2021:00:13:18 -0500] "CONNECT 149.154.167.50:443 HTTP/1.1" 200 0 "HTTPS" "outgoing via 192.168.50.30"
192.168.6.34 - amorgado [07/Aug/2021:00:13:18 -0500] "CONNECT 45.142.38.130:9286 HTTP/1.1" 200 0 "HTTPS" "outgoing via 192.168.50.30"
192.168.10.20 - arodriguez [07/Aug/2021:00:13:37 -0500] "CONNECT relay-afcf85da.net.anydesk.com:80 HTTP/1.1" 200 0 "HTTPS" "outgoing via 192.168.50.30"
192.168.50.220 - servidores [07/Aug/2021:00:13:42 -0500] "CONNECT mirrors.fedoraproject.org:443 HTTP/1.1" 200 0 "HTTPS" "outgoing via 192.168.50.30"
192.168.50.220 - servidores [07/Aug/2021:00:13:48 -0500] "CONNECT repo.ius.io:443 HTTP/1.1" 200 0 "HTTPS" "outgoing via 192.168.50.30"
192.168.50.220 - servidores [07/Aug/2021:00:13:49 -0500] "CONNECT download.postgresql.org:443 HTTP/1.1" 200 0 "HTTPS" "outgoing via 192.168.50.30"
192.168.10.20 - arodriguez [07/Aug/2021:00:13:51 -0500] "CONNECT relay-283e3f4a.net.anydesk.com:80 HTTP/1.1" 200 0 "HTTPS" "outgoing via 192.168.50.30"
192.168.6.34 - amorgado [07/Aug/2021:00:13:58 -0500] "CONNECT 45.142.38.130:9286 HTTP/1.1" 200 0 "HTTPS" "outgoing via 192.168.50.30"
192.168.6.34 - amorgado [07/Aug/2021:00:13:58 -0500] "CONNECT 149.154.175.50:443 HTTP/1.1" 200 0 "HTTPS" "outgoing via 192.168.50.30"
192.168.6.34 - amorgado [07/Aug/2021:00:13:59 -0500] "CONNECT 149.154.175.50:443 HTTP/1.1" 200 0 "HTTPS" "outgoing via 192.168.50.30"
192.168.6.34 - amorgado [07/Aug/2021:00:13:59 -0500] "CONNECT 45.142.38.130:9286 HTTP/1.1" 200 0 "HTTPS" "outgoing via 192.168.50.30"
192.168.5.107 - jpuñales [07/Aug/2021:00:14:00 -0500] "CONNECT safebrowsing.googleapis.com:443 HTTP/1.1" 200 0 "HTTPS" "outgoing via 192.168.50.30"
192.168.50.220 - servidores [07/Aug/2021:00:14:02 -0500] "CONNECT download.postgresql.org:443 HTTP/1.1" 200 0 "HTTPS" "outgoing via 192.168.50.30"
192.168.50.220 - servidores [07/Aug/2021:00:14:04 -0500] "GET http://mirror.bebout.net/remi/enterprise/7/remi/x86_64/repodata/repomd.xml HTTP/1.1" 200 3530 "HTTP" ""
192.168.50.220 - servidores [07/Aug/2021:00:14:04 -0500] "GET http://mirror.bebout.net/remi/enterprise/7/php72/x86_64/repodata/repomd.xml HTTP/1.1" 200 3516 "HTTP" ""
192.168.50.220 - servidores [07/Aug/2021:00:14:05 -0500] "CONNECT download.rethinkdb.com:443 HTTP/1.1" 200 0 "HTTPS" "outgoing via 192.168.50.30"
192.168.50.220 - servidores [07/Aug/2021:00:14:06 -0500] "GET http://mirror.globo.com/centos/7.9.2009/os/x86_64/repodata/repomd.xml HTTP/1.1" 200 4164 "HTTP" ""
192.168.10.20 - arodriguez [07/Aug/2021:00:14:20 -0500] "CONNECT relay-283e3f4a.net.anydesk.com:80 HTTP/1.1" 200 0 "HTTPS" "outgoing via 192.168.50.30"
192.168.10.20 - arodriguez [07/Aug/2021:00:14:49 -0500] "CONNECT relay-283e3f4a.net.anydesk.com:80 HTTP/1.1" 200 0 "HTTPS" "outgoing via 192.168.50.30"
192.168.10.20 - arodriguez [07/Aug/2021:00:15:02 -0500] "CONNECT relay-717265af.net.anydesk.com:80 HTTP/1.1" 200 0 "HTTPS" "outgoing via 192.168.50.30"
192.168.10.20 - arodriguez [07/Aug/2021:00:15:31 -0500] "CONNECT relay-717265af.net.anydesk.com:80 HTTP/1.1" 200 0 "HTTPS" "outgoing via 192.168.50.30"
192.168.10.20 - arodriguez [07/Aug/2021:00:16:00 -0500] "CONNECT relay-717265af.net.anydesk.com:80 HTTP/1.1" 200 0 "HTTPS" "outgoing via 192.168.50.30"
192.168.10.20 - arodriguez [07/Aug/2021:00:16:29 -0500] "CONNECT relay-717265af.net.anydesk.com:80 HTTP/1.1" 200 0 "HTTPS" "outgoing via 192.168.50.30"
192.168.10.20 - arodriguez [07/Aug/2021:00:16:58 -0500] "CONNECT relay-717265af.net.anydesk.com:80 HTTP/1.1" 200 0 "HTTPS" "outgoing via 192.168.50.30"
192.168.50.100 - servidores [07/Aug/2021:00:17:26 -0500] "GET http://mirror.uepg.br/centos/7.9.2009/os/x86_64/repodata/repomd.xml HTTP/1.1" 200 4150 "HTTP" ""
192.168.50.100 - servidores [07/Aug/2021:00:17:26 -0500] "GET http://mirror.uepg.br/centos/7.9.2009/extras/x86_64/repodata/repomd.xml HTTP/1.1" 200 3468 "HTTP" ""
192.168.10.20 - arodriguez [07/Aug/2021:00:17:27 -0500] "CONNECT relay-717265af.net.anydesk.com:80 HTTP/1.1" 200 0 "HTTPS" "outgoing via 192.168.50.30"
192.168.6.34 - amorgado [07/Aug/2021:00:17:39 -0500] "CONNECT 45.142.38.130:9286 HTTP/1.1" 200 0 "HTTPS" "outgoing via 192.168.50.30"
192.168.6.34 - amorgado [07/Aug/2021:00:17:39 -0500] "CONNECT 149.154.175.50:443 HTTP/1.1" 200 0 "HTTPS" "outgoing via 192.168.50.30"
192.168.6.34 - amorgado [07/Aug/2021:00:17:40 -0500] "CONNECT 149.154.175.50:443 HTTP/1.1" 200 0 "HTTPS" "outgoing via 192.168.50.30"
192.168.6.34 - amorgado [07/Aug/2021:00:17:41 -0500] "CONNECT 45.142.38.130:9286 HTTP/1.1" 200 0 "HTTPS" "outgoing via 192.168.50.30"
192.168.10.20 - arodriguez [07/Aug/2021:00:17:41 -0500] "CONNECT relay-2da43234.net.anydesk.com:80 HTTP/1.1" 200 0 "HTTPS" "outgoing via 192.168.50.30"
192.168.10.20 - arodriguez [07/Aug/2021:00:18:10 -0500] "CONNECT relay-2da43234.net.anydesk.com:80 HTTP/1.1" 200 0 "HTTPS" "outgoing via 192.168.50.30"
192.168.10.20 - arodriguez [07/Aug/2021:00:18:39 -0500] "CONNECT relay-2da43234.net.anydesk.com:80 HTTP/1.1" 200 0 "HTTPS" "outgoing via 192.168.50.30"
192.168.6.34 - amorgado [07/Aug/2021:00:19:02 -0500] "CONNECT 149.154.175.50:443 HTTP/1.1" 200 0 "HTTPS" "outgoing via 192.168.50.30"
192.168.6.34 - amorgado [07/Aug/2021:00:19:03 -0500] "CONNECT 149.154.175.50:443 HTTP/1.1" 200 0 "HTTPS" "outgoing via 192.168.50.30"
192.168.6.34 - amorgado [07/Aug/2021:00:19:03 -0500] "CONNECT 45.142.38.130:9286 HTTP/1.1" 200 0 "HTTPS" "outgoing via 192.168.50.30"
192.168.6.34 - amorgado [07/Aug/2021:00:19:04 -0500] "CONNECT 45.142.38.130:9286 HTTP/1.1" 200 0 "HTTPS" "outgoing via 192.168.50.30"
192.168.10.20 - arodriguez [07/Aug/2021:00:19:08 -0500] "CONNECT relay-2da43234.net.anydesk.com:80 HTTP/1.1" 200 0 "HTTPS" "outgoing via 192.168.50.30"
192.168.6.34 - amorgado [07/Aug/2021:00:19:18 -0500] "CONNECT 149.154.175.50:443 HTTP/1.1" 200 0 "HTTPS" "outgoing via 192.168.50.30"
192.168.6.34 - amorgado [07/Aug/2021:00:19:18 -0500] "CONNECT 45.142.38.130:9286 HTTP/1.1" 200 0 "HTTPS" "outgoing via 192.168.50.30"
192.168.6.34 - amorgado [07/Aug/2021:00:19:22 -0500] "CONNECT 149.154.167.92:443 HTTP/1.1" 200 0 "HTTPS" "outgoing via 192.168.50.30"
192.168.6.34 - amorgado [07/Aug/2021:00:19:22 -0500] "CONNECT 45.142.38.130:9286 HTTP/1.1" 200 0 "HTTPS" "outgoing via 192.168.50.30"
192.168.10.20 - arodriguez [07/Aug/2021:00:19:36 -0500] "CONNECT relay-2da43234.net.anydesk.com:80 HTTP/1.1" 200 0 "HTTPS" "outgoing via 192.168.50.30"
192.168.10.20 - arodriguez [07/Aug/2021:00:19:50 -0500] "CONNECT relay-1954f6f5.net.anydesk.com:80 HTTP/1.1" 200 0 "HTTPS" "outgoing via 192.168.50.30"
192.168.10.20 - arodriguez [07/Aug/2021:00:20:19 -0500] "CONNECT relay-1954f6f5.net.anydesk.com:80 HTTP/1.1" 200 0 "HTTPS" "outgoing via 192.168.50.30"
192.168.6.34 - amorgado [07/Aug/2021:00:20:31 -0500] "CONNECT 149.154.175.50:443 HTTP/1.1" 200 0 "HTTPS" "outgoing via 192.168.50.30"
192.168.6.34 - amorgado [07/Aug/2021:00:20:32 -0500] "CONNECT 45.142.38.130:9286 HTTP/1.1" 200 0 "HTTPS" "outgoing via 192.168.50.30"
192.168.10.20 - arodriguez [07/Aug/2021:00:20:48 -0500] "CONNECT relay-1954f6f5.net.anydesk.com:80 HTTP/1.1" 200 0 "HTTPS" "outgoing via 192.168.50.30"
192.168.10.20 - arodriguez [07/Aug/2021:00:21:17 -0500] "CONNECT relay-1954f6f5.net.anydesk.com:80 HTTP/1.1" 200 0 "HTTPS" "outgoing via 192.168.50.30"
192.168.10.20 - arodriguez [07/Aug/2021:00:21:30 -0500] "CONNECT relay-bd01ff02.net.anydesk.com:80 HTTP/1.1" 200 0 "HTTPS" "outgoing via 192.168.50.30"
192.168.10.20 - arodriguez [07/Aug/2021:00:21:59 -0500] "CONNECT relay-bd01ff02.net.anydesk.com:80 HTTP/1.1" 200 0 "HTTPS" "outgoing via 192.168.50.30"
192.168.10.20 - arodriguez [07/Aug/2021:00:22:28 -0500] "CONNECT relay-bd01ff02.net.anydesk.com:80 HTTP/1.1" 200 0 "HTTPS" "outgoing via 192.168.50.30"
192.168.6.34 - amorgado [07/Aug/2021:00:22:43 -0500] "CONNECT 45.142.38.130:9286 HTTP/1.1" 200 0 "HTTPS" "outgoing via 192.168.50.30"
192.168.6.34 - amorgado [07/Aug/2021:00:22:43 -0500] "CONNECT 149.154.175.50:443 HTTP/1.1" 200 0 "HTTPS" "outgoing via 192.168.50.30"
192.168.6.34 - amorgado [07/Aug/2021:00:22:44 -0500] "CONNECT 149.154.175.50:443 HTTP/1.1" 200 0 "HTTPS" "outgoing via 192.168.50.30"
192.168.6.34 - amorgado [07/Aug/2021:00:22:44 -0500] "CONNECT 45.142.38.130:9286 HTTP/1.1" 200 0 "HTTPS" "outgoing via 192.168.50.30"
192.168.10.20 - arodriguez [07/Aug/2021:00:22:57 -0500] "CONNECT relay-bd01ff02.net.anydesk.com:80 HTTP/1.1" 200 0 "HTTPS" "outgoing via 192.168.50.30"
192.168.50.50 - servidores [07/Aug/2021:00:23:07 -0500] "CONNECT mirrors.fedoraproject.org:443 HTTP/1.1" 200 0 "HTTPS" "outgoing via 192.168.50.30"
192.168.10.20 - arodriguez [07/Aug/2021:00:23:10 -0500] "CONNECT relay-2da43234.net.anydesk.com:80 HTTP/1.1" 200 0 "HTTPS" "outgoing via 192.168.50.30"
192.168.50.50 - servidores [07/Aug/2021:00:23:10 -0500] "GET http://mirror.ueb.edu.ec/centos/7.9.2009/os/x86_64/repodata/repomd.xml HTTP/1.1" 200 4142 "HTTP" ""
192.168.50.50 - servidores [07/Aug/2021:00:23:12 -0500] "CONNECT mirrors.ukfast.co.uk:443 HTTP/1.1" 200 0 "HTTPS" "outgoing via 192.168.50.30"
192.168.10.20 - arodriguez [07/Aug/2021:00:23:39 -0500] "CONNECT relay-2da43234.net.anydesk.com:80 HTTP/1.1" 200 0 "HTTPS" "outgoing via 192.168.50.30"
192.168.6.34 - amorgado [07/Aug/2021:00:24:05 -0500] "CONNECT 149.154.175.50:443 HTTP/1.1" 200 0 "HTTPS" "outgoing via 192.168.50.30"
192.168.6.34 - amorgado [07/Aug/2021:00:24:05 -0500] "CONNECT 45.142.38.130:9286 HTTP/1.1" 200 0 "HTTPS" "outgoing via 192.168.50.30"
192.168.10.20 - arodriguez [07/Aug/2021:00:24:08 -0500] "CONNECT relay-2da43234.net.anydesk.com:80 HTTP/1.1" 200 0 "HTTPS" "outgoing via 192.168.50.30"
192.168.6.34 - amorgado [07/Aug/2021:00:24:14 -0500] "CONNECT settings-win.data.microsoft.com:443 HTTP/1.1" 200 0 "HTTPS" "outgoing via 192.168.50.30"
192.168.10.20 - arodriguez [07/Aug/2021:00:24:21 -0500] "CONNECT relay-5d364c18.net.anydesk.com:80 HTTP/1.1" 200 0 "HTTPS" "outgoing via 192.168.50.30"
192.168.10.20 - arodriguez [07/Aug/2021:00:24:50 -0500] "CONNECT relay-5d364c18.net.anydesk.com:80 HTTP/1.1" 200 0 "HTTPS" "outgoing via 192.168.50.30"
192.168.10.20 - arodriguez [07/Aug/2021:00:25:19 -0500] "CONNECT relay-5d364c18.net.anydesk.com:80 HTTP/1.1" 200 0 "HTTPS" "outgoing via 192.168.50.30"
192.168.10.20 - arodriguez [07/Aug/2021:00:25:48 -0500] "CONNECT relay-5d364c18.net.anydesk.com:80 HTTP/1.1" 200 0 "HTTPS" "outgoing via 192.168.50.30"
192.168.10.20 - arodriguez [07/Aug/2021:00:26:17 -0500] "CONNECT relay-5d364c18.net.anydesk.com:80 HTTP/1.1" 200 0 "HTTPS" "outgoing via 192.168.50.30"
192.168.10.20 - arodriguez [07/Aug/2021:00:26:31 -0500] "CONNECT relay-8897650c.net.anydesk.com:80 HTTP/1.1" 200 0 "HTTPS" "outgoing via 192.168.50.30"
192.168.10.20 - arodriguez [07/Aug/2021:00:27:00 -0500] "CONNECT relay-8897650c.net.anydesk.com:80 HTTP/1.1" 200 0 "HTTPS" "outgoing via 192.168.50.30"
192.168.10.20 - arodriguez [07/Aug/2021:00:27:29 -0500] "CONNECT relay-8897650c.net.anydesk.com:80 HTTP/1.1" 200 0 "HTTPS" "outgoing via 192.168.50.30"
192.168.10.20 - arodriguez [07/Aug/2021:00:27:42 -0500] "CONNECT relay-1954f6f5.net.anydesk.com:80 HTTP/1.1" 200 0 "HTTPS" "outgoing via 192.168.50.30"
192.168.6.34 - amorgado [07/Aug/2021:00:27:46 -0500] "CONNECT 45.142.38.130:9286 HTTP/1.1" 200 0 "HTTPS" "outgoing via 192.168.50.30"
192.168.6.34 - amorgado [07/Aug/2021:00:27:46 -0500] "CONNECT 149.154.175.50:443 HTTP/1.1" 200 0 "HTTPS" "outgoing via 192.168.50.30"
192.168.6.34 - amorgado [07/Aug/2021:00:27:47 -0500] "CONNECT 149.154.175.50:443 HTTP/1.1" 200 0 "HTTPS" "outgoing via 192.168.50.30"
192.168.6.34 - amorgado [07/Aug/2021:00:27:48 -0500] "CONNECT 45.142.38.130:9286 HTTP/1.1" 200 0 "HTTPS" "outgoing via 192.168.50.30"
192.168.10.20 - arodriguez [07/Aug/2021:00:28:11 -0500] "CONNECT relay-1954f6f5.net.anydesk.com:80 HTTP/1.1" 200 0 "HTTPS" "outgoing via 192.168.50.30"
192.168.10.20 - arodriguez [07/Aug/2021:00:28:40 -0500] "CONNECT relay-1954f6f5.net.anydesk.com:80 HTTP/1.1" 200 0 "HTTPS" "outgoing via 192.168.50.30"
192.168.10.20 - arodriguez [07/Aug/2021:00:28:54 -0500] "CONNECT relay-98c2705c.net.anydesk.com:80 HTTP/1.1" 200 0 "HTTPS" "outgoing via 192.168.50.30"
192.168.6.34 - amorgado [07/Aug/2021:00:29:08 -0500] "CONNECT 45.142.38.130:9286 HTTP/1.1" 200 0 "HTTPS" "outgoing via 192.168.50.30"
192.168.6.34 - amorgado [07/Aug/2021:00:29:08 -0500] "CONNECT 149.154.175.50:443 HTTP/1.1" 200 0 "HTTPS" "outgoing via 192.168.50.30"
192.168.6.34 - amorgado [07/Aug/2021:00:29:09 -0500] "CONNECT 149.154.175.50:443 HTTP/1.1" 200 0 "HTTPS" "outgoing via 192.168.50.30"
192.168.6.34 - amorgado [07/Aug/2021:00:29:09 -0500] "CONNECT 45.142.38.130:9286 HTTP/1.1" 200 0 "HTTPS" "outgoing via 192.168.50.30"
192.168.10.20 - arodriguez [07/Aug/2021:00:29:23 -0500] "CONNECT relay-98c2705c.net.anydesk.com:80 HTTP/1.1" 200 0 "HTTPS" "outgoing via 192.168.50.30"
192.168.10.20 - arodriguez [07/Aug/2021:00:29:52 -0500] "CONNECT relay-98c2705c.net.anydesk.com:80 HTTP/1.1" 200 0 "HTTPS" "outgoing via 192.168.50.30"
192.168.10.20 - arodriguez [07/Aug/2021:00:30:21 -0500] "CONNECT relay-98c2705c.net.anydesk.com:80 HTTP/1.1" 200 0 "HTTPS" "outgoing via 192.168.50.30"
192.168.10.20 - arodriguez [07/Aug/2021:00:30:50 -0500] "CONNECT relay-98c2705c.net.anydesk.com:80 HTTP/1.1" 200 0 "HTTPS" "outgoing via 192.168.50.30"
192.168.10.20 - arodriguez [07/Aug/2021:00:31:19 -0500] "CONNECT relay-98c2705c.net.anydesk.com:80 HTTP/1.1" 200 0 "HTTPS" "outgoing via 192.168.50.30"
192.168.10.20 - arodriguez [07/Aug/2021:00:31:48 -0500] "CONNECT relay-98c2705c.net.anydesk.com:80 HTTP/1.1" 200 0 "HTTPS" "outgoing via 192.168.50.30"
192.168.10.20 - arodriguez [07/Aug/2021:00:32:17 -0500] "CONNECT relay-98c2705c.net.anydesk.com:80 HTTP/1.1" 200 0 "HTTPS" "outgoing via 192.168.50.30"
192.168.10.20 - arodriguez [07/Aug/2021:00:32:45 -0500] "CONNECT relay-98c2705c.net.anydesk.com:80 HTTP/1.1" 200 0 "HTTPS" "outgoing via 192.168.50.30"
192.168.6.34 - amorgado [07/Aug/2021:00:32:50 -0500] "CONNECT 45.142.38.130:9286 HTTP/1.1" 200 0 "HTTPS" "outgoing via 192.168.50.30"
192.168.6.34 - amorgado [07/Aug/2021:00:32:50 -0500] "CONNECT 149.154.175.50:443 HTTP/1.1" 200 0 "HTTPS" "outgoing via 192.168.50.30"
192.168.6.34 - amorgado [07/Aug/2021:00:32:51 -0500] "CONNECT 149.154.175.50:443 HTTP/1.1" 200 0 "HTTPS" "outgoing via 192.168.50.30"
192.168.6.34 - amorgado [07/Aug/2021:00:32:51 -0500] "CONNECT 45.142.38.130:9286 HTTP/1.1" 200 0 "HTTPS" "outgoing via 192.168.50.30"
192.168.10.20 - arodriguez [07/Aug/2021:00:33:15 -0500] "CONNECT relay-98c2705c.net.anydesk.com:80 HTTP/1.1" 200 0 "HTTPS" "outgoing via 192.168.50.30"
192.168.10.20 - arodriguez [07/Aug/2021:00:33:28 -0500] "CONNECT relay-2da43234.net.anydesk.com:80 HTTP/1.1" 200 0 "HTTPS" "outgoing via 192.168.50.30"
192.168.6.34 - amorgado [07/Aug/2021:00:33:34 -0500] "CONNECT 149.154.167.50:443 HTTP/1.1" 200 0 "HTTPS" "outgoing via 192.168.50.30"
192.168.6.34 - amorgado [07/Aug/2021:00:33:34 -0500] "CONNECT 45.142.38.130:9286 HTTP/1.1" 200 0 "HTTPS" "outgoing via 192.168.50.30"
192.168.5.107 - jpuñales [07/Aug/2021:00:33:53 -0500] "CONNECT incoming.telemetry.mozilla.org:443 HTTP/1.1" 200 0 "HTTPS" "outgoing via 192.168.50.30"
192.168.10.20 - arodriguez [07/Aug/2021:00:33:57 -0500] "CONNECT relay-2da43234.net.anydesk.com:80 HTTP/1.1" 200 0 "HTTPS" "outgoing via 192.168.50.30"
192.168.6.34 - amorgado [07/Aug/2021:00:34:10 -0500] "CONNECT v10.events.data.microsoft.com:443 HTTP/1.1" 200 0 "HTTPS" "outgoing via 192.168.50.30"
192.168.6.34 - amorgado [07/Aug/2021:00:34:11 -0500] "CONNECT 149.154.175.50:443 HTTP/1.1" 200 0 "HTTPS" "outgoing via 192.168.50.30"
192.168.6.34 - amorgado [07/Aug/2021:00:34:11 -0500] "CONNECT 45.142.38.130:9286 HTTP/1.1" 200 0 "HTTPS" "outgoing via 192.168.50.30"
192.168.10.20 - arodriguez [07/Aug/2021:00:34:26 -0500] "CONNECT relay-2da43234.net.anydesk.com:80 HTTP/1.1" 200 0 "HTTPS" "outgoing via 192.168.50.30"
192.168.10.20 - arodriguez [07/Aug/2021:00:34:40 -0500] "CONNECT relay-d3705b18.net.anydesk.com:80 HTTP/1.1" 200 0 "HTTPS" "outgoing via 192.168.50.30"
192.168.50.220 - servidores [07/Aug/2021:00:35:05 -0500] "CONNECT mirrors.fedoraproject.org:443 HTTP/1.1" 200 0 "HTTPS" "outgoing via 192.168.50.30"
192.168.10.20 - arodriguez [07/Aug/2021:00:35:08 -0500] "CONNECT relay-d3705b18.net.anydesk.com:80 HTTP/1.1" 200 0 "HTTPS" "outgoing via 192.168.50.30"
192.168.50.220 - servidores [07/Aug/2021:00:35:10 -0500] "CONNECT repo.ius.io:443 HTTP/1.1" 200 0 "HTTPS" "outgoing via 192.168.50.30"
192.168.50.220 - servidores [07/Aug/2021:00:35:12 -0500] "CONNECT download.postgresql.org:443 HTTP/1.1" 200 0 "HTTPS" "outgoing via 192.168.50.30"
192.168.50.220 - servidores [07/Aug/2021:00:35:31 -0500] "CONNECT download.postgresql.org:443 HTTP/1.1" 200 0 "HTTPS" "outgoing via 192.168.50.30"
192.168.50.220 - servidores [07/Aug/2021:00:35:35 -0500] "GET http://mirror.bebout.net/remi/enterprise/7/remi/x86_64/repodata/repomd.xml HTTP/1.1" 200 3530 "HTTP" ""
192.168.50.220 - servidores [07/Aug/2021:00:35:35 -0500] "GET http://mirror.bebout.net/remi/enterprise/7/php72/x86_64/repodata/repomd.xml HTTP/1.1" 200 3516 "HTTP" ""
192.168.50.220 - servidores [07/Aug/2021:00:35:36 -0500] "CONNECT download.rethinkdb.com:443 HTTP/1.1" 200 0 "HTTPS" "outgoing via 192.168.50.30"
192.168.50.220 - servidores [07/Aug/2021:00:35:37 -0500] "GET http://mirror.globo.com/centos/7.9.2009/os/x86_64/repodata/repomd.xml HTTP/1.1" 200 4164 "HTTP" ""
192.168.10.20 - arodriguez [07/Aug/2021:00:35:37 -0500] "CONNECT relay-d3705b18.net.anydesk.com:80 HTTP/1.1" 200 0 "HTTPS" "outgoing via 192.168.50.30"
192.168.10.20 - arodriguez [07/Aug/2021:00:35:50 -0500] "CONNECT relay-69c95757.net.anydesk.com:80 HTTP/1.1" 200 0 "HTTPS" "outgoing via 192.168.50.30"
192.168.10.20 - arodriguez [07/Aug/2021:00:36:20 -0500] "CONNECT relay-69c95757.net.anydesk.com:80 HTTP/1.1" 200 0 "HTTPS" "outgoing via 192.168.50.30"
192.168.10.20 - arodriguez [07/Aug/2021:00:36:49 -0500] "CONNECT relay-69c95757.net.anydesk.com:80 HTTP/1.1" 200 0 "HTTPS" "outgoing via 192.168.50.30"
192.168.10.20 - arodriguez [07/Aug/2021:00:37:02 -0500] "CONNECT relay-82fc4166.net.anydesk.com:80 HTTP/1.1" 200 0 "HTTPS" "outgoing via 192.168.50.30"
192.168.10.20 - arodriguez [07/Aug/2021:00:37:31 -0500] "CONNECT relay-82fc4166.net.anydesk.com:80 HTTP/1.1" 200 0 "HTTPS" "outgoing via 192.168.50.30"
192.168.6.34 - amorgado [07/Aug/2021:00:37:53 -0500] "CONNECT 45.142.38.130:9286 HTTP/1.1" 200 0 "HTTPS" "outgoing via 192.168.50.30"
192.168.6.34 - amorgado [07/Aug/2021:00:37:53 -0500] "CONNECT 149.154.175.50:443 HTTP/1.1" 200 0 "HTTPS" "outgoing via 192.168.50.30"
192.168.6.34 - amorgado [07/Aug/2021:00:37:54 -0500] "CONNECT 149.154.175.50:443 HTTP/1.1" 200 0 "HTTPS" "outgoing via 192.168.50.30"
192.168.6.34 - amorgado [07/Aug/2021:00:37:54 -0500] "CONNECT 45.142.38.130:9286 HTTP/1.1" 200 0 "HTTPS" "outgoing via 192.168.50.30"
192.168.10.20 - arodriguez [07/Aug/2021:00:38:00 -0500] "CONNECT relay-82fc4166.net.anydesk.com:80 HTTP/1.1" 200 0 "HTTPS" "outgoing via 192.168.50.30"
192.168.10.20 - arodriguez [07/Aug/2021:00:38:29 -0500] "CONNECT relay-82fc4166.net.anydesk.com:80 HTTP/1.1" 200 0 "HTTPS" "outgoing via 192.168.50.30"
192.168.10.20 - arodriguez [07/Aug/2021:00:38:42 -0500] "CONNECT relay-2057a8b4.net.anydesk.com:80 HTTP/1.1" 200 0 "HTTPS" "outgoing via 192.168.50.30"
192.168.10.20 - arodriguez [07/Aug/2021:00:39:11 -0500] "CONNECT relay-2057a8b4.net.anydesk.com:80 HTTP/1.1" 200 0 "HTTPS" "outgoing via 192.168.50.30"
192.168.6.34 - amorgado [07/Aug/2021:00:39:13 -0500] "CONNECT 45.142.38.130:9286 HTTP/1.1" 200 0 "HTTPS" "outgoing via 192.168.50.30"
192.168.6.34 - amorgado [07/Aug/2021:00:39:13 -0500] "CONNECT 149.154.175.50:443 HTTP/1.1" 200 0 "HTTPS" "outgoing via 192.168.50.30"
192.168.6.34 - amorgado [07/Aug/2021:00:39:14 -0500] "CONNECT 149.154.175.50:443 HTTP/1.1" 200 0 "HTTPS" "outgoing via 192.168.50.30"
192.168.6.34 - amorgado [07/Aug/2021:00:39:15 -0500] "CONNECT 45.142.38.130:9286 HTTP/1.1" 200 0 "HTTPS" "outgoing via 192.168.50.30"
192.168.50.8 - arodriguez [07/Aug/2021:00:39:23 -0500] "HEAD http://update.eset.com/eset_eval/update.ver HTTP/1.1" 200 383 "HTTP" ""
192.168.10.20 - arodriguez [07/Aug/2021:00:39:40 -0500] "CONNECT relay-2057a8b4.net.anydesk.com:80 HTTP/1.1" 200 0 "HTTPS" "outgoing via 192.168.50.30"
192.168.10.20 - arodriguez [07/Aug/2021:00:39:54 -0500] "CONNECT relay-1954f6f5.net.anydesk.com:80 HTTP/1.1" 200 0 "HTTPS" "outgoing via 192.168.50.30"
192.168.10.20 - arodriguez [07/Aug/2021:00:40:22 -0500] "CONNECT relay-1954f6f5.net.anydesk.com:80 HTTP/1.1" 200 0 "HTTPS" "outgoing via 192.168.50.30"
192.168.10.20 - arodriguez [07/Aug/2021:00:40:51 -0500] "CONNECT relay-1954f6f5.net.anydesk.com:80 HTTP/1.1" 200 0 "HTTPS" "outgoing via 192.168.50.30"
192.168.10.20 - arodriguez [07/Aug/2021:00:41:05 -0500] "CONNECT relay-32e92e70.net.anydesk.com:80 HTTP/1.1" 200 0 "HTTPS" "outgoing via 192.168.50.30"
192.168.10.20 - arodriguez [07/Aug/2021:00:41:34 -0500] "CONNECT relay-32e92e70.net.anydesk.com:80 HTTP/1.1" 200 0 "HTTPS" "outgoing via 192.168.50.30"
192.168.10.20 - arodriguez [07/Aug/2021:00:42:02 -0500] "CONNECT relay-32e92e70.net.anydesk.com:80 HTTP/1.1" 200 0 "HTTPS" "outgoing via 192.168.50.30"
192.168.10.20 - arodriguez [07/Aug/2021:00:42:16 -0500] "CONNECT relay-94ea071e.net.anydesk.com:80 HTTP/1.1" 200 0 "HTTPS" "outgoing via 192.168.50.30"
192.168.10.20 - arodriguez [07/Aug/2021:00:42:45 -0500] "CONNECT relay-94ea071e.net.anydesk.com:80 HTTP/1.1" 200 0 "HTTPS" "outgoing via 192.168.50.30"
192.168.6.34 - amorgado [07/Aug/2021:00:42:56 -0500] "CONNECT 45.142.38.130:9286 HTTP/1.1" 200 0 "HTTPS" "outgoing via 192.168.50.30"
192.168.6.34 - amorgado [07/Aug/2021:00:42:56 -0500] "CONNECT 149.154.175.50:443 HTTP/1.1" 200 0 "HTTPS" "outgoing via 192.168.50.30"
192.168.6.34 - amorgado [07/Aug/2021:00:42:58 -0500] "CONNECT 149.154.175.50:443 HTTP/1.1" 200 0 "HTTPS" "outgoing via 192.168.50.30"
192.168.6.34 - amorgado [07/Aug/2021:00:42:58 -0500] "CONNECT 45.142.38.130:9286 HTTP/1.1" 200 0 "HTTPS" "outgoing via 192.168.50.30"
192.168.10.20 - arodriguez [07/Aug/2021:00:43:14 -0500] "CONNECT relay-94ea071e.net.anydesk.com:80 HTTP/1.1" 200 0 "HTTPS" "outgoing via 192.168.50.30"
192.168.10.20 - arodriguez [07/Aug/2021:00:43:42 -0500] "CONNECT relay-94ea071e.net.anydesk.com:80 HTTP/1.1" 200 0 "HTTPS" "outgoing via 192.168.50.30"
192.168.5.107 - jpuñales [07/Aug/2021:00:44:03 -0500] "CONNECT safebrowsing.googleapis.com:443 HTTP/1.1" 200 0 "HTTPS" "outgoing via 192.168.50.30"
192.168.10.20 - arodriguez [07/Aug/2021:00:44:12 -0500] "CONNECT relay-94ea071e.net.anydesk.com:80 HTTP/1.1" 200 0 "HTTPS" "outgoing via 192.168.50.30"
192.168.6.34 - amorgado [07/Aug/2021:00:44:17 -0500] "CONNECT 45.142.38.130:9286 HTTP/1.1" 200 0 "HTTPS" "outgoing via 192.168.50.30"
192.168.6.34 - amorgado [07/Aug/2021:00:44:17 -0500] "CONNECT 149.154.175.50:443 HTTP/1.1" 200 0 "HTTPS" "outgoing via 192.168.50.30"
192.168.6.34 - amorgado [07/Aug/2021:00:44:18 -0500] "CONNECT 149.154.175.50:443 HTTP/1.1" 200 0 "HTTPS" "outgoing via 192.168.50.30"
192.168.6.34 - amorgado [07/Aug/2021:00:44:18 -0500] "CONNECT 45.142.38.130:9286 HTTP/1.1" 200 0 "HTTPS" "outgoing via 192.168.50.30"
192.168.10.20 - arodriguez [07/Aug/2021:00:44:40 -0500] "CONNECT relay-94ea071e.net.anydesk.com:80 HTTP/1.1" 200 0 "HTTPS" "outgoing via 192.168.50.30"
192.168.10.20 - arodriguez [07/Aug/2021:00:45:09 -0500] "CONNECT relay-94ea071e.net.anydesk.com:80 HTTP/1.1" 200 0 "HTTPS" "outgoing via 192.168.50.30"
192.168.10.20 - arodriguez [07/Aug/2021:00:45:23 -0500] "CONNECT relay-12d968bc.net.anydesk.com:80 HTTP/1.1" 200 0 "HTTPS" "outgoing via 192.168.50.30"
192.168.10.20 - arodriguez [07/Aug/2021:00:45:52 -0500] "CONNECT relay-12d968bc.net.anydesk.com:80 HTTP/1.1" 200 0 "HTTPS" "outgoing via 192.168.50.30"
192.168.10.20 - arodriguez [07/Aug/2021:00:46:21 -0500] "CONNECT relay-12d968bc.net.anydesk.com:80 HTTP/1.1" 200 0 "HTTPS" "outgoing via 192.168.50.30"
192.168.10.20 - arodriguez [07/Aug/2021:00:46:34 -0500] "CONNECT relay-dbede8d2.net.anydesk.com:80 HTTP/1.1" 200 0 "HTTPS" "outgoing via 192.168.50.30"
192.168.10.20 - arodriguez [07/Aug/2021:00:47:03 -0500] "CONNECT relay-dbede8d2.net.anydesk.com:80 HTTP/1.1" 200 0 "HTTPS" "outgoing via 192.168.50.30"
192.168.10.20 - arodriguez [07/Aug/2021:00:47:32 -0500] "CONNECT relay-dbede8d2.net.anydesk.com:80 HTTP/1.1" 200 0 "HTTPS" "outgoing via 192.168.50.30"
192.168.10.20 - arodriguez [07/Aug/2021:00:47:46 -0500] "CONNECT relay-0767eec0.net.anydesk.com:80 HTTP/1.1" 200 0 "HTTPS" "outgoing via 192.168.50.30"
192.168.6.34 - amorgado [07/Aug/2021:00:48:00 -0500] "CONNECT 149.154.175.50:443 HTTP/1.1" 200 0 "HTTPS" "outgoing via 192.168.50.30"
192.168.6.34 - amorgado [07/Aug/2021:00:48:00 -0500] "CONNECT 45.142.38.130:9286 HTTP/1.1" 200 0 "HTTPS" "outgoing via 192.168.50.30"
192.168.6.34 - amorgado [07/Aug/2021:00:48:01 -0500] "CONNECT 149.154.175.50:443 HTTP/1.1" 200 0 "HTTPS" "outgoing via 192.168.50.30"
192.168.6.34 - amorgado [07/Aug/2021:00:48:01 -0500] "CONNECT 45.142.38.130:9286 HTTP/1.1" 200 0 "HTTPS" "outgoing via 192.168.50.30"
192.168.6.34 - amorgado [07/Aug/2021:00:48:08 -0500] "CONNECT nexusrules.officeapps.live.com:443 HTTP/1.1" 200 0 "HTTPS" "outgoing via 192.168.50.30"
192.168.6.34 - amorgado [07/Aug/2021:00:48:08 -0500] "CONNECT nexusrules.officeapps.live.com:443 HTTP/1.1" 200 0 "HTTPS" "outgoing via 192.168.50.30"
192.168.10.20 - arodriguez [07/Aug/2021:00:48:14 -0500] "CONNECT relay-0767eec0.net.anydesk.com:80 HTTP/1.1" 200 0 "HTTPS" "outgoing via 192.168.50.30"
192.168.10.20 - arodriguez [07/Aug/2021:00:48:44 -0500] "CONNECT relay-0767eec0.net.anydesk.com:80 HTTP/1.1" 200 0 "HTTPS" "outgoing via 192.168.50.30"
192.168.10.20 - arodriguez [07/Aug/2021:00:49:13 -0500] "CONNECT relay-0767eec0.net.anydesk.com:80 HTTP/1.1" 200 0 "HTTPS" "outgoing via 192.168.50.30"
192.168.6.34 - amorgado [07/Aug/2021:00:49:20 -0500] "CONNECT 149.154.175.50:443 HTTP/1.1" 200 0 "HTTPS" "outgoing via 192.168.50.30"
192.168.6.34 - amorgado [07/Aug/2021:00:49:21 -0500] "CONNECT 45.142.38.130:9286 HTTP/1.1" 200 0 "HTTPS" "outgoing via 192.168.50.30"
192.168.10.20 - arodriguez [07/Aug/2021:00:49:42 -0500] "CONNECT relay-0767eec0.net.anydesk.com:80 HTTP/1.1" 200 0 "HTTPS" "outgoing via 192.168.50.30"
192.168.10.20 - arodriguez [07/Aug/2021:00:50:11 -0500] "CONNECT relay-0767eec0.net.anydesk.com:80 HTTP/1.1" 200 0 "HTTPS" "outgoing via 192.168.50.30"
192.168.10.20 - arodriguez [07/Aug/2021:00:50:24 -0500] "CONNECT relay-bd01ff02.net.anydesk.com:80 HTTP/1.1" 200 0 "HTTPS" "outgoing via 192.168.50.30"
192.168.10.20 - arodriguez [07/Aug/2021:00:50:53 -0500] "CONNECT relay-bd01ff02.net.anydesk.com:80 HTTP/1.1" 200 0 "HTTPS" "outgoing via 192.168.50.30"
192.168.10.20 - arodriguez [07/Aug/2021:00:51:21 -0500] "CONNECT relay-bd01ff02.net.anydesk.com:80 HTTP/1.1" 200 0 "HTTPS" "outgoing via 192.168.50.30"
192.168.6.34 - amorgado [07/Aug/2021:00:51:45 -0500] "CONNECT arc.msn.com:443 HTTP/1.0" 200 0 "HTTPS" "outgoing via 192.168.50.30"
192.168.6.34 - amorgado [07/Aug/2021:00:51:45 -0500] "CONNECT arc.msn.com:443 HTTP/1.0" 200 0 "HTTPS" "outgoing via 192.168.50.30"
192.168.6.34 - amorgado [07/Aug/2021:00:51:45 -0500] "CONNECT arc.msn.com:443 HTTP/1.0" 200 0 "HTTPS" "outgoing via 192.168.50.30"
192.168.10.20 - arodriguez [07/Aug/2021:00:51:50 -0500] "CONNECT relay-bd01ff02.net.anydesk.com:80 HTTP/1.1" 200 0 "HTTPS" "outgoing via 192.168.50.30"
192.168.10.20 - arodriguez [07/Aug/2021:00:52:04 -0500] "CONNECT relay-f6106504.net.anydesk.com:80 HTTP/1.1" 200 0 "HTTPS" "outgoing via 192.168.50.30"
192.168.10.20 - arodriguez [07/Aug/2021:00:52:33 -0500] "CONNECT relay-f6106504.net.anydesk.com:80 HTTP/1.1" 200 0 "HTTPS" "outgoing via 192.168.50.30"
192.168.10.20 - arodriguez [07/Aug/2021:00:53:02 -0500] "CONNECT relay-f6106504.net.anydesk.com:80 HTTP/1.1" 200 0 "HTTPS" "outgoing via 192.168.50.30"
192.168.6.34 - amorgado [07/Aug/2021:00:53:03 -0500] "CONNECT 149.154.175.50:443 HTTP/1.1" 200 0 "HTTPS" "outgoing via 192.168.50.30"
192.168.6.34 - amorgado [07/Aug/2021:00:53:04 -0500] "CONNECT 149.154.175.50:443 HTTP/1.1" 200 0 "HTTPS" "outgoing via 192.168.50.30"
192.168.6.34 - amorgado [07/Aug/2021:00:53:04 -0500] "CONNECT 45.142.38.130:9286 HTTP/1.1" 200 0 "HTTPS" "outgoing via 192.168.50.30"
192.168.6.34 - amorgado [07/Aug/2021:00:53:05 -0500] "CONNECT 45.142.38.130:9286 HTTP/1.1" 200 0 "HTTPS" "outgoing via 192.168.50.30"
192.168.10.20 - arodriguez [07/Aug/2021:00:53:30 -0500] "CONNECT relay-f6106504.net.anydesk.com:80 HTTP/1.1" 200 0 "HTTPS" "outgoing via 192.168.50.30"
192.168.6.34 - amorgado [07/Aug/2021:00:53:51 -0500] "CONNECT arc.msn.com:443 HTTP/1.0" 200 0 "HTTPS" "outgoing via 192.168.50.30"
192.168.6.34 - amorgado [07/Aug/2021:00:53:51 -0500] "CONNECT arc.msn.com:443 HTTP/1.0" 200 0 "HTTPS" "outgoing via 192.168.50.30"
192.168.6.34 - amorgado [07/Aug/2021:00:53:51 -0500] "CONNECT arc.msn.com:443 HTTP/1.0" 200 0 "HTTPS" "outgoing via 192.168.50.30"
192.168.10.20 - arodriguez [07/Aug/2021:00:54:00 -0500] "CONNECT relay-f6106504.net.anydesk.com:80 HTTP/1.1" 200 0 "HTTPS" "outgoing via 192.168.50.30"
192.168.6.34 - amorgado [07/Aug/2021:00:54:23 -0500] "CONNECT 45.142.38.130:9286 HTTP/1.1" 200 0 "HTTPS" "outgoing via 192.168.50.30"
192.168.6.34 - amorgado [07/Aug/2021:00:54:23 -0500] "CONNECT 149.154.175.50:443 HTTP/1.1" 200 0 "HTTPS" "outgoing via 192.168.50.30"
192.168.6.34 - amorgado [07/Aug/2021:00:54:24 -0500] "CONNECT 149.154.175.50:443 HTTP/1.1" 200 0 "HTTPS" "outgoing via 192.168.50.30"
192.168.6.34 - amorgado [07/Aug/2021:00:54:24 -0500] "CONNECT 45.142.38.130:9286 HTTP/1.1" 200 0 "HTTPS" "outgoing via 192.168.50.30"
192.168.10.20 - arodriguez [07/Aug/2021:00:54:29 -0500] "CONNECT relay-f6106504.net.anydesk.com:80 HTTP/1.1" 200 0 "HTTPS" "outgoing via 192.168.50.30"
192.168.10.20 - arodriguez [07/Aug/2021:00:54:42 -0500] "CONNECT relay-5d364c18.net.anydesk.com:80 HTTP/1.1" 200 0 "HTTPS" "outgoing via 192.168.50.30"
192.168.10.20 - arodriguez [07/Aug/2021:00:55:11 -0500] "CONNECT relay-5d364c18.net.anydesk.com:80 HTTP/1.1" 200 0 "HTTPS" "outgoing via 192.168.50.30"
192.168.10.20 - arodriguez [07/Aug/2021:00:55:40 -0500] "CONNECT relay-5d364c18.net.anydesk.com:80 HTTP/1.1" 200 0 "HTTPS" "outgoing via 192.168.50.30"
192.168.10.20 - arodriguez [07/Aug/2021:00:56:09 -0500] "CONNECT relay-5d364c18.net.anydesk.com:80 HTTP/1.1" 200 0 "HTTPS" "outgoing via 192.168.50.30"
192.168.10.20 - arodriguez [07/Aug/2021:00:56:38 -0500] "CONNECT relay-5d364c18.net.anydesk.com:80 HTTP/1.1" 200 0 "HTTPS" "outgoing via 192.168.50.30"
192.168.10.20 - arodriguez [07/Aug/2021:00:57:07 -0500] "CONNECT relay-5d364c18.net.anydesk.com:80 HTTP/1.1" 200 0 "HTTPS" "outgoing via 192.168.50.30"
192.168.10.20 - arodriguez [07/Aug/2021:00:57:36 -0500] "CONNECT relay-5d364c18.net.anydesk.com:80 HTTP/1.1" 200 0 "HTTPS" "outgoing via 192.168.50.30"
192.168.10.20 - arodriguez [07/Aug/2021:00:57:50 -0500] "CONNECT relay-98c2705c.net.anydesk.com:80 HTTP/1.1" 200 0 "HTTPS" "outgoing via 192.168.50.30"
192.168.6.34 - amorgado [07/Aug/2021:00:58:07 -0500] "CONNECT 149.154.175.50:443 HTTP/1.1" 200 0 "HTTPS" "outgoing via 192.168.50.30"
192.168.6.34 - amorgado [07/Aug/2021:00:58:07 -0500] "CONNECT 45.142.38.130:9286 HTTP/1.1" 200 0 "HTTPS" "outgoing via 192.168.50.30"
192.168.10.20 - arodriguez [07/Aug/2021:00:58:19 -0500] "CONNECT relay-98c2705c.net.anydesk.com:80 HTTP/1.1" 200 0 "HTTPS" "outgoing via 192.168.50.30"
192.168.10.20 - arodriguez [07/Aug/2021:00:58:47 -0500] "CONNECT relay-98c2705c.net.anydesk.com:80 HTTP/1.1" 200 0 "HTTPS" "outgoing via 192.168.50.30"
192.168.10.20 - arodriguez [07/Aug/2021:00:59:01 -0500] "CONNECT relay-bfcb38ab.net.anydesk.com:80 HTTP/1.1" 200 0 "HTTPS" "outgoing via 192.168.50.30"
192.168.6.34 - amorgado [07/Aug/2021:00:59:26 -0500] "CONNECT 149.154.175.50:443 HTTP/1.1" 200 0 "HTTPS" "outgoing via 192.168.50.30"
192.168.6.34 - amorgado [07/Aug/2021:00:59:27 -0500] "CONNECT 45.142.38.130:9286 HTTP/1.1" 200 0 "HTTPS" "outgoing via 192.168.50.30"
192.168.10.20 - arodriguez [07/Aug/2021:00:59:30 -0500] "CONNECT relay-bfcb38ab.net.anydesk.com:80 HTTP/1.1" 200 0 "HTTPS" "outgoing via 192.168.50.30"
192.168.10.20 - arodriguez [07/Aug/2021:00:59:59 -0500] "CONNECT relay-bfcb38ab.net.anydesk.com:80 HTTP/1.1" 200 0 "HTTPS" "outgoing via 192.168.50.30"
192.168.10.20 - arodriguez [07/Aug/2021:01:00:28 -0500] "CONNECT relay-bfcb38ab.net.anydesk.com:80 HTTP/1.1" 200 0 "HTTPS" "outgoing via 192.168.50.30"
192.168.10.20 - arodriguez [07/Aug/2021:01:00:41 -0500] "CONNECT relay-5bec465c.net.anydesk.com:80 HTTP/1.1" 200 0 "HTTPS" "outgoing via 192.168.50.30"
192.168.10.20 - arodriguez [07/Aug/2021:01:01:10 -0500] "CONNECT relay-5bec465c.net.anydesk.com:80 HTTP/1.1" 200 0 "HTTPS" "outgoing via 192.168.50.30"
192.168.10.20 - arodriguez [07/Aug/2021:01:01:39 -0500] "CONNECT relay-5bec465c.net.anydesk.com:80 HTTP/1.1" 200 0 "HTTPS" "outgoing via 192.168.50.30"
192.168.10.20 - arodriguez [07/Aug/2021:01:02:08 -0500] "CONNECT relay-5bec465c.net.anydesk.com:80 HTTP/1.1" 200 0 "HTTPS" "outgoing via 192.168.50.30"
192.168.10.20 - arodriguez [07/Aug/2021:01:02:22 -0500] "CONNECT relay-1954f6f5.net.anydesk.com:80 HTTP/1.1" 200 0 "HTTPS" "outgoing via 192.168.50.30"
192.168.10.20 - arodriguez [07/Aug/2021:01:02:51 -0500] "CONNECT relay-1954f6f5.net.anydesk.com:80 HTTP/1.1" 200 0 "HTTPS" "outgoing via 192.168.50.30"
192.168.6.34 - amorgado [07/Aug/2021:01:03:07 -0500] "CONNECT v10.events.data.microsoft.com:443 HTTP/1.1" 200 0 "HTTPS" "outgoing via 192.168.50.30"
192.168.6.34 - amorgado [07/Aug/2021:01:03:09 -0500] "CONNECT 45.142.38.130:9286 HTTP/1.1" 200 0 "HTTPS" "outgoing via 192.168.50.30"
192.168.6.34 - amorgado [07/Aug/2021:01:03:09 -0500] "CONNECT 149.154.175.50:443 HTTP/1.1" 200 0 "HTTPS" "outgoing via 192.168.50.30"
192.168.6.34 - amorgado [07/Aug/2021:01:03:10 -0500] "CONNECT 149.154.175.50:443 HTTP/1.1" 200 0 "HTTPS" "outgoing via 192.168.50.30"
192.168.6.34 - amorgado [07/Aug/2021:01:03:10 -0500] "CONNECT 45.142.38.130:9286 HTTP/1.1" 200 0 "HTTPS" "outgoing via 192.168.50.30"
192.168.10.20 - arodriguez [07/Aug/2021:01:03:20 -0500] "CONNECT relay-1954f6f5.net.anydesk.com:80 HTTP/1.1" 200 0 "HTTPS" "outgoing via 192.168.50.30"
192.168.10.20 - arodriguez [07/Aug/2021:01:03:33 -0500] "CONNECT relay-f6106504.net.anydesk.com:80 HTTP/1.1" 200 0 "HTTPS" "outgoing via 192.168.50.30"
192.168.10.20 - arodriguez [07/Aug/2021:01:04:02 -0500] "CONNECT relay-f6106504.net.anydesk.com:80 HTTP/1.1" 200 0 "HTTPS" "outgoing via 192.168.50.30"
192.168.6.34 - amorgado [07/Aug/2021:01:04:29 -0500] "CONNECT 149.154.175.50:443 HTTP/1.1" 200 0 "HTTPS" "outgoing via 192.168.50.30"
192.168.6.34 - amorgado [07/Aug/2021:01:04:29 -0500] "CONNECT 45.142.38.130:9286 HTTP/1.1" 200 0 "HTTPS" "outgoing via 192.168.50.30"
192.168.6.34 - amorgado [07/Aug/2021:01:04:30 -0500] "CONNECT 149.154.175.50:443 HTTP/1.1" 200 0 "HTTPS" "outgoing via 192.168.50.30"
192.168.6.34 - amorgado [07/Aug/2021:01:04:30 -0500] "CONNECT 45.142.38.130:9286 HTTP/1.1" 200 0 "HTTPS" "outgoing via 192.168.50.30"
192.168.10.20 - arodriguez [07/Aug/2021:01:04:31 -0500] "CONNECT relay-f6106504.net.anydesk.com:80 HTTP/1.1" 200 0 "HTTPS" "outgoing via 192.168.50.30"
192.168.10.20 - arodriguez [07/Aug/2021:01:05:00 -0500] "CONNECT relay-f6106504.net.anydesk.com:80 HTTP/1.1" 200 0 "HTTPS" "outgoing via 192.168.50.30"
192.168.10.20 - arodriguez [07/Aug/2021:01:05:13 -0500] "CONNECT relay-283e3f4a.net.anydesk.com:80 HTTP/1.1" 200 0 "HTTPS" "outgoing via 192.168.50.30"
192.168.10.20 - arodriguez [07/Aug/2021:01:05:42 -0500] "CONNECT relay-283e3f4a.net.anydesk.com:80 HTTP/1.1" 200 0 "HTTPS" "outgoing via 192.168.50.30"
192.168.10.20 - arodriguez [07/Aug/2021:01:06:11 -0500] "CONNECT relay-283e3f4a.net.anydesk.com:80 HTTP/1.1" 200 0 "HTTPS" "outgoing via 192.168.50.30"
192.168.10.20 - arodriguez [07/Aug/2021:01:06:40 -0500] "CONNECT relay-283e3f4a.net.anydesk.com:80 HTTP/1.1" 200 0 "HTTPS" "outgoing via 192.168.50.30"
192.168.10.20 - arodriguez [07/Aug/2021:01:07:09 -0500] "CONNECT relay-283e3f4a.net.anydesk.com:80 HTTP/1.1" 200 0 "HTTPS" "outgoing via 192.168.50.30"
192.168.10.20 - arodriguez [07/Aug/2021:01:07:38 -0500] "CONNECT relay-283e3f4a.net.anydesk.com:80 HTTP/1.1" 200 0 "HTTPS" "outgoing via 192.168.50.30"
192.168.10.20 - arodriguez [07/Aug/2021:01:07:52 -0500] "CONNECT relay-b51eac1f.net.anydesk.com:80 HTTP/1.1" 200 0 "HTTPS" "outgoing via 192.168.50.30"
192.168.6.34 - amorgado [07/Aug/2021:01:08:12 -0500] "CONNECT 45.142.38.130:9286 HTTP/1.1" 200 0 "HTTPS" "outgoing via 192.168.50.30"
192.168.6.34 - amorgado [07/Aug/2021:01:08:12 -0500] "CONNECT 149.154.175.50:443 HTTP/1.1" 200 0 "HTTPS" "outgoing via 192.168.50.30"
192.168.6.34 - amorgado [07/Aug/2021:01:08:13 -0500] "CONNECT 149.154.175.50:443 HTTP/1.1" 200 0 "HTTPS" "outgoing via 192.168.50.30"
192.168.6.34 - amorgado [07/Aug/2021:01:08:14 -0500] "CONNECT 45.142.38.130:9286 HTTP/1.1" 200 0 "HTTPS" "outgoing via 192.168.50.30"
192.168.10.20 - arodriguez [07/Aug/2021:01:08:21 -0500] "CONNECT relay-b51eac1f.net.anydesk.com:80 HTTP/1.1" 200 0 "HTTPS" "outgoing via 192.168.50.30"
192.168.6.34 - amorgado [07/Aug/2021:01:08:37 -0500] "CONNECT settings-win.data.microsoft.com:443 HTTP/1.1" 200 0 "HTTPS" "outgoing via 192.168.50.30"
192.168.10.20 - arodriguez [07/Aug/2021:01:08:50 -0500] "CONNECT relay-b51eac1f.net.anydesk.com:80 HTTP/1.1" 200 0 "HTTPS" "outgoing via 192.168.50.30"
192.168.10.20 - arodriguez [07/Aug/2021:01:09:03 -0500] "CONNECT relay-1c040ae6.net.anydesk.com:80 HTTP/1.1" 200 0 "HTTPS" "outgoing via 192.168.50.30"
192.168.5.107 - jpuñales [07/Aug/2021:01:09:10 -0500] "CONNECT push.services.mozilla.com:443 HTTP/1.1" 200 0 "HTTPS" "outgoing via 192.168.50.30"
192.168.5.107 - jpuñales [07/Aug/2021:01:09:12 -0500] "CONNECT firefox.settings.services.mozilla.com:443 HTTP/1.1" 200 0 "HTTPS" "outgoing via 192.168.50.30"
192.168.10.20 - arodriguez [07/Aug/2021:01:09:32 -0500] "CONNECT relay-1c040ae6.net.anydesk.com:80 HTTP/1.1" 200 0 "HTTPS" "outgoing via 192.168.50.30"
192.168.6.34 - amorgado [07/Aug/2021:01:09:32 -0500] "CONNECT 45.142.38.130:9286 HTTP/1.1" 200 0 "HTTPS" "outgoing via 192.168.50.30"
192.168.6.34 - amorgado [07/Aug/2021:01:09:32 -0500] "CONNECT 149.154.175.50:443 HTTP/1.1" 200 0 "HTTPS" "outgoing via 192.168.50.30"
192.168.6.34 - amorgado [07/Aug/2021:01:09:33 -0500] "CONNECT 149.154.175.50:443 HTTP/1.1" 200 0 "HTTPS" "outgoing via 192.168.50.30"
192.168.6.34 - amorgado [07/Aug/2021:01:09:33 -0500] "CONNECT 45.142.38.130:9286 HTTP/1.1" 200 0 "HTTPS" "outgoing via 192.168.50.30"
192.168.10.20 - arodriguez [07/Aug/2021:01:10:01 -0500] "CONNECT relay-1c040ae6.net.anydesk.com:80 HTTP/1.1" 200 0 "HTTPS" "outgoing via 192.168.50.30"
192.168.10.20 - arodriguez [07/Aug/2021:01:10:14 -0500] "CONNECT relay-2da43234.net.anydesk.com:80 HTTP/1.1" 200 0 "HTTPS" "outgoing via 192.168.50.30"
192.168.10.20 - arodriguez [07/Aug/2021:01:10:43 -0500] "CONNECT relay-2da43234.net.anydesk.com:80 HTTP/1.1" 200 0 "HTTPS" "outgoing via 192.168.50.30"
192.168.10.20 - arodriguez [07/Aug/2021:01:11:12 -0500] "CONNECT relay-2da43234.net.anydesk.com:80 HTTP/1.1" 200 0 "HTTPS" "outgoing via 192.168.50.30"
192.168.10.20 - arodriguez [07/Aug/2021:01:11:25 -0500] "CONNECT relay-0767eec0.net.anydesk.com:80 HTTP/1.1" 200 0 "HTTPS" "outgoing via 192.168.50.30"
192.168.10.20 - arodriguez [07/Aug/2021:01:11:27 -0500] "CONNECT relay-0767eec0.net.anydesk.com:443 HTTP/1.1" 200 0 "HTTPS" "outgoing via 192.168.50.30"
192.168.10.20 - arodriguez [07/Aug/2021:01:11:29 -0500] "CONNECT relay-0767eec0.net.anydesk.com:6568 HTTP/1.1" 200 0 "HTTPS" "outgoing via 192.168.50.30"
192.168.10.20 - arodriguez [07/Aug/2021:01:11:31 -0500] "CONNECT 199.127.62.145:80 HTTP/1.1" 200 0 "HTTPS" "outgoing via 192.168.50.30"
192.168.10.20 - arodriguez [07/Aug/2021:01:11:33 -0500] "CONNECT 199.127.62.145:443 HTTP/1.1" 200 0 "HTTPS" "outgoing via 192.168.50.30"
192.168.10.20 - arodriguez [07/Aug/2021:01:11:35 -0500] "CONNECT 199.127.62.145:6568 HTTP/1.1" 200 0 "HTTPS" "outgoing via 192.168.50.30"
192.168.10.20 - arodriguez [07/Aug/2021:01:11:49 -0500] "CONNECT relay-1954f6f5.net.anydesk.com:80 HTTP/1.1" 200 0 "HTTPS" "outgoing via 192.168.50.30"
192.168.10.20 - arodriguez [07/Aug/2021:01:11:51 -0500] "CONNECT relay-1954f6f5.net.anydesk.com:443 HTTP/1.1" 200 0 "HTTPS" "outgoing via 192.168.50.30"
192.168.10.20 - arodriguez [07/Aug/2021:01:11:53 -0500] "CONNECT relay-1954f6f5.net.anydesk.com:6568 HTTP/1.1" 200 0 "HTTPS" "outgoing via 192.168.50.30"
192.168.10.20 - arodriguez [07/Aug/2021:01:11:54 -0500] "CONNECT 186.233.185.60:80 HTTP/1.1" 200 0 "HTTPS" "outgoing via 192.168.50.30"
192.168.6.34 - amorgado [07/Aug/2021:01:13:16 -0500] "CONNECT 149.154.175.50:443 HTTP/1.1" 200 0 "HTTPS" "outgoing via 192.168.50.30"
192.168.6.34 - amorgado [07/Aug/2021:01:13:16 -0500] "CONNECT 45.142.38.130:9286 HTTP/1.1" 200 0 "HTTPS" "outgoing via 192.168.50.30"
192.168.6.34 - amorgado [07/Aug/2021:01:13:17 -0500] "CONNECT 149.154.175.50:443 HTTP/1.1" 200 0 "HTTPS" "outgoing via 192.168.50.30"
192.168.6.34 - amorgado [07/Aug/2021:01:13:17 -0500] "CONNECT 45.142.38.130:9286 HTTP/1.1" 200 0 "HTTPS" "outgoing via 192.168.50.30"
192.168.6.34 - amorgado [07/Aug/2021:01:13:45 -0500] "CONNECT 45.142.38.130:9286 HTTP/1.1" 200 0 "HTTPS" "outgoing via 192.168.50.30"
192.168.6.34 - amorgado [07/Aug/2021:01:13:45 -0500] "CONNECT 149.154.167.50:443 HTTP/1.1" 200 0 "HTTPS" "outgoing via 192.168.50.30"
192.168.6.34 - amorgado [07/Aug/2021:01:13:46 -0500] "CONNECT 149.154.167.50:443 HTTP/1.1" 200 0 "HTTPS" "outgoing via 192.168.50.30"
192.168.6.34 - amorgado [07/Aug/2021:01:13:46 -0500] "CONNECT 45.142.38.130:9286 HTTP/1.1" 200 0 "HTTPS" "outgoing via 192.168.50.30"
192.168.50.50 - servidores [07/Aug/2021:01:14:13 -0500] "CONNECT mirrors.fedoraproject.org:443 HTTP/1.1" 200 0 "HTTPS" "outgoing via 192.168.50.30"
192.168.5.107 - jpuñales [07/Aug/2021:01:14:15 -0500] "CONNECT safebrowsing.googleapis.com:443 HTTP/1.1" 200 0 "HTTPS" "outgoing via 192.168.50.30"
192.168.50.50 - servidores [07/Aug/2021:01:14:17 -0500] "GET http://mirror.ueb.edu.ec/centos/7.9.2009/os/x86_64/repodata/repomd.xml HTTP/1.1" 200 4142 "HTTP" ""
192.168.50.50 - servidores [07/Aug/2021:01:14:19 -0500] "CONNECT mirrors.ukfast.co.uk:443 HTTP/1.1" 200 0 "HTTPS" "outgoing via 192.168.50.30"
192.168.6.34 - amorgado [07/Aug/2021:01:14:35 -0500] "CONNECT 45.142.38.130:9286 HTTP/1.1" 200 0 "HTTPS" "outgoing via 192.168.50.30"
