192.168.1.15 - rquintanilla [22/Aug/2021:07:19:30 -0500] "CONNECT v-a43jywstln.wc.yahoodns.net:443 HTTP/1.1" 200 0 "HTTPS" "outgoing via 192.168.50.30"
192.168.1.15 - rquintanilla [22/Aug/2021:07:19:30 -0500] "CONNECT v-c1ch5fofbk.wc.yahoodns.net:443 HTTP/1.1" 200 0 "HTTPS" "outgoing via 192.168.50.30"
192.168.1.15 - rquintanilla [22/Aug/2021:07:19:30 -0500] "CONNECT v-b6ly03bye8.wc.yahoodns.net:443 HTTP/1.1" 200 0 "HTTPS" "outgoing via 192.168.50.30"
192.168.1.15 - rquintanilla [22/Aug/2021:07:19:30 -0500] "CONNECT vop-yahoo.secure.footprint.net:443 HTTP/1.1" 200 0 "HTTPS" "outgoing via 192.168.50.30"
192.168.1.15 - rquintanilla [22/Aug/2021:07:19:31 -0500] "CONNECT s1.yimg.com:443 HTTP/1.1" 200 0 "HTTPS" "outgoing via 192.168.50.30"
192.168.1.15 - rquintanilla [22/Aug/2021:07:19:31 -0500] "CONNECT ads.adaptv.advertising.com:443 HTTP/1.1" 200 0 "HTTPS" "outgoing via 192.168.50.30"
192.168.1.15 - rquintanilla [22/Aug/2021:07:19:32 -0500] "CONNECT dms-a43jywstlnreport.wc.yahoodns.net:443 HTTP/1.1" 200 0 "HTTPS" "outgoing via 192.168.50.30"
192.168.1.15 - rquintanilla [22/Aug/2021:07:19:32 -0500] "CONNECT dms-c1ch5fofbkreport.wc.yahoodns.net:443 HTTP/1.1" 200 0 "HTTPS" "outgoing via 192.168.50.30"
192.168.1.15 - rquintanilla [22/Aug/2021:07:19:32 -0500] "CONNECT dms-b6ly03bye8report.wc.yahoodns.net:443 HTTP/1.1" 200 0 "HTTPS" "outgoing via 192.168.50.30"
192.168.1.15 - rquintanilla [22/Aug/2021:07:19:40 -0500] "CONNECT redirector.gvt1.com:443 HTTP/1.1" 200 0 "HTTPS" "outgoing via 192.168.50.30"
192.168.1.15 - rquintanilla [22/Aug/2021:07:19:42 -0500] "CONNECT r2---sn-xuxjn5-i58e.gvt1.com:443 HTTP/1.1" 200 0 "HTTPS" "outgoing via 192.168.50.30"
192.168.10.20 - arodriguez [22/Aug/2021:07:19:49 -0500] "CONNECT relay-8b8e1425.net.anydesk.com:80 HTTP/1.1" 200 0 "HTTPS" "outgoing via 192.168.50.30"
192.168.10.20 - arodriguez [22/Aug/2021:07:20:03 -0500] "CONNECT relay-1c040ae6.net.anydesk.com:80 HTTP/1.1" 200 0 "HTTPS" "outgoing via 192.168.50.30"
192.168.1.15 - rquintanilla [22/Aug/2021:07:20:07 -0500] "CONNECT scontent.xx.fbcdn.net:443 HTTP/1.1" 200 0 "HTTPS" "outgoing via 192.168.50.30"
192.168.50.50 - servidores [22/Aug/2021:07:20:18 -0500] "CONNECT mirrors.fedoraproject.org:443 HTTP/1.1" 200 0 "HTTPS" "outgoing via 192.168.50.30"
192.168.50.50 - servidores [22/Aug/2021:07:20:23 -0500] "CONNECT mir01.syntis.net:443 HTTP/1.1" 200 0 "HTTPS" "outgoing via 192.168.50.30"
192.168.10.20 - arodriguez [22/Aug/2021:07:20:31 -0500] "CONNECT relay-1c040ae6.net.anydesk.com:80 HTTP/1.1" 200 0 "HTTPS" "outgoing via 192.168.50.30"
192.168.1.15 - rquintanilla [22/Aug/2021:07:20:35 -0500] "CONNECT sb.scorecardresearch.com:443 HTTP/1.1" 200 0 "HTTPS" "outgoing via 192.168.50.30"
192.168.1.15 - rquintanilla [22/Aug/2021:07:20:35 -0500] "GET http://detectportal.firefox.com/canonical.html HTTP/1.1" 200 444 "HTTP" ""
192.168.1.15 - rquintanilla [22/Aug/2021:07:20:35 -0500] "GET http://detectportal.firefox.com/success.txt?ipv4 HTTP/1.1" 200 362 "HTTP" ""
192.168.1.15 - rquintanilla [22/Aug/2021:07:20:37 -0500] "CONNECT sb.scorecardresearch.com:443 HTTP/1.1" 200 0 "HTTPS" "outgoing via 192.168.50.30"
192.168.1.15 - rquintanilla [22/Aug/2021:07:20:37 -0500] "CONNECT sb.scorecardresearch.com:443 HTTP/1.1" 200 0 "HTTPS" "outgoing via 192.168.50.30"
192.168.1.15 - rquintanilla [22/Aug/2021:07:20:37 -0500] "CONNECT sb.scorecardresearch.com:443 HTTP/1.1" 200 0 "HTTPS" "outgoing via 192.168.50.30"
192.168.1.15 - rquintanilla [22/Aug/2021:07:20:37 -0500] "CONNECT dns-wfqxmo39t.sombrero.yahoo.net:443 HTTP/1.1" 200 0 "HTTPS" "outgoing via 192.168.50.30"
192.168.1.15 - rquintanilla [22/Aug/2021:07:20:37 -0500] "CONNECT v-cvg59v5jr.wc.yahoodns.net:443 HTTP/1.1" 200 0 "HTTPS" "outgoing via 192.168.50.30"
192.168.1.15 - rquintanilla [22/Aug/2021:07:20:37 -0500] "CONNECT v-bxt560out9.wc.yahoodns.net:443 HTTP/1.1" 200 0 "HTTPS" "outgoing via 192.168.50.30"
192.168.1.15 - rquintanilla [22/Aug/2021:07:20:38 -0500] "CONNECT v-ajvn4hxwdb.wc.yahoodns.net:443 HTTP/1.1" 200 0 "HTTPS" "outgoing via 192.168.50.30"
192.168.1.15 - rquintanilla [22/Aug/2021:07:20:38 -0500] "GET http://detectportal.firefox.com/canonical.html HTTP/1.1" 200 444 "HTTP" ""
192.168.1.15 - rquintanilla [22/Aug/2021:07:20:38 -0500] "CONNECT vop-yahoo.secure.footprint.net:443 HTTP/1.1" 200 0 "HTTPS" "outgoing via 192.168.50.30"
192.168.1.15 - rquintanilla [22/Aug/2021:07:20:39 -0500] "CONNECT sb.scorecardresearch.com:443 HTTP/1.1" 200 0 "HTTPS" "outgoing via 192.168.50.30"
192.168.1.15 - rquintanilla [22/Aug/2021:07:20:40 -0500] "CONNECT ads.adaptv.advertising.com:443 HTTP/1.1" 200 0 "HTTPS" "outgoing via 192.168.50.30"
192.168.1.15 - rquintanilla [22/Aug/2021:07:20:41 -0500] "GET http://detectportal.firefox.com/success.txt?ipv4 HTTP/1.1" 200 362 "HTTP" ""
192.168.1.15 - rquintanilla [22/Aug/2021:07:20:42 -0500] "CONNECT 0.1.0.1:1001 HTTP/1.1" 200 0 "HTTPS" "outgoing via 192.168.50.30"
192.168.1.15 - rquintanilla [22/Aug/2021:07:20:42 -0500] "CONNECT sb.scorecardresearch.com:443 HTTP/1.1" 200 0 "HTTPS" "outgoing via 192.168.50.30"
192.168.1.15 - rquintanilla [22/Aug/2021:07:20:43 -0500] "GET http://detectportal.firefox.com/canonical.html HTTP/1.1" 200 444 "HTTP" ""
192.168.1.15 - rquintanilla [22/Aug/2021:07:20:43 -0500] "GET http://detectportal.firefox.com/success.txt?ipv4 HTTP/1.1" 200 362 "HTTP" ""
192.168.1.15 - rquintanilla [22/Aug/2021:07:20:44 -0500] "CONNECT incoming.telemetry.mozilla.org:443 HTTP/1.1" 200 0 "HTTPS" "outgoing via 192.168.50.30"
192.168.1.15 - rquintanilla [22/Aug/2021:07:20:44 -0500] "CONNECT sb.scorecardresearch.com:443 HTTP/1.1" 200 0 "HTTPS" "outgoing via 192.168.50.30"
192.168.1.15 - rquintanilla [22/Aug/2021:07:20:44 -0500] "CONNECT v-ce8u4r2c4s.wc.yahoodns.net:443 HTTP/1.1" 200 0 "HTTPS" "outgoing via 192.168.50.30"
192.168.1.15 - rquintanilla [22/Aug/2021:07:20:44 -0500] "CONNECT dns-vgqvcqen7.sombrero.yahoo.net:443 HTTP/1.1" 200 0 "HTTPS" "outgoing via 192.168.50.30"
192.168.1.15 - rquintanilla [22/Aug/2021:07:20:44 -0500] "CONNECT v-ax9ux3clqr.wc.yahoodns.net:443 HTTP/1.1" 200 0 "HTTPS" "outgoing via 192.168.50.30"
192.168.1.15 - rquintanilla [22/Aug/2021:07:20:44 -0500] "CONNECT v-bb1n3wsno2.wc.yahoodns.net:443 HTTP/1.1" 200 0 "HTTPS" "outgoing via 192.168.50.30"
192.168.1.15 - rquintanilla [22/Aug/2021:07:20:44 -0500] "CONNECT vop-yahoo.secure.footprint.net:443 HTTP/1.1" 200 0 "HTTPS" "outgoing via 192.168.50.30"
192.168.1.15 - rquintanilla [22/Aug/2021:07:20:45 -0500] "GET http://detectportal.firefox.com/canonical.html HTTP/1.1" 200 444 "HTTP" ""
192.168.1.15 - rquintanilla [22/Aug/2021:07:20:47 -0500] "CONNECT sb.scorecardresearch.com:443 HTTP/1.1" 200 0 "HTTPS" "outgoing via 192.168.50.30"
192.168.1.15 - rquintanilla [22/Aug/2021:07:20:47 -0500] "GET http://detectportal.firefox.com/success.txt?ipv4 HTTP/1.1" 200 362 "HTTP" ""
192.168.1.15 - rquintanilla [22/Aug/2021:07:20:47 -0500] "GET http://detectportal.firefox.com/canonical.html HTTP/1.1" 200 444 "HTTP" ""
192.168.1.15 - rquintanilla [22/Aug/2021:07:20:50 -0500] "POST http://ocsp.digicert.com/ HTTP/1.1" 200 947 "HTTP" ""
192.168.1.15 - rquintanilla [22/Aug/2021:07:20:52 -0500] "CONNECT sb.scorecardresearch.com:443 HTTP/1.1" 200 0 "HTTPS" "outgoing via 192.168.50.30"
192.168.1.15 - rquintanilla [22/Aug/2021:07:20:52 -0500] "POST http://ocsp.digicert.com/ HTTP/1.1" 200 946 "HTTP" ""
192.168.1.15 - rquintanilla [22/Aug/2021:07:20:52 -0500] "POST http://ocsp.digicert.com/ HTTP/1.1" 200 946 "HTTP" ""
192.168.1.15 - rquintanilla [22/Aug/2021:07:20:52 -0500] "GET http://detectportal.firefox.com/canonical.html HTTP/1.1" 200 444 "HTTP" ""
192.168.1.15 - rquintanilla [22/Aug/2021:07:20:52 -0500] "GET http://detectportal.firefox.com/success.txt?ipv4 HTTP/1.1" 200 362 "HTTP" ""
192.168.1.15 - rquintanilla [22/Aug/2021:07:20:54 -0500] "CONNECT sb.scorecardresearch.com:443 HTTP/1.1" 200 0 "HTTPS" "outgoing via 192.168.50.30"
192.168.1.15 - rquintanilla [22/Aug/2021:07:20:54 -0500] "CONNECT dns-xcletcm57.sombrero.yahoo.net:443 HTTP/1.1" 200 0 "HTTPS" "outgoing via 192.168.50.30"
192.168.1.15 - rquintanilla [22/Aug/2021:07:20:54 -0500] "CONNECT v-a5s73dehkr.wc.yahoodns.net:443 HTTP/1.1" 200 0 "HTTPS" "outgoing via 192.168.50.30"
192.168.1.15 - rquintanilla [22/Aug/2021:07:20:54 -0500] "CONNECT v-bpvxfyk9cq.wc.yahoodns.net:443 HTTP/1.1" 200 0 "HTTPS" "outgoing via 192.168.50.30"
192.168.1.15 - rquintanilla [22/Aug/2021:07:20:54 -0500] "CONNECT vop-yahoo.secure.footprint.net:443 HTTP/1.1" 200 0 "HTTPS" "outgoing via 192.168.50.30"
192.168.1.15 - rquintanilla [22/Aug/2021:07:20:54 -0500] "CONNECT v-cfnenl6kbm.wc.yahoodns.net:443 HTTP/1.1" 200 0 "HTTPS" "outgoing via 192.168.50.30"
192.168.1.15 - rquintanilla [22/Aug/2021:07:20:54 -0500] "GET http://detectportal.firefox.com/canonical.html HTTP/1.1" 200 444 "HTTP" ""
192.168.1.15 - rquintanilla [22/Aug/2021:07:20:57 -0500] "CONNECT sb.scorecardresearch.com:443 HTTP/1.1" 200 0 "HTTPS" "outgoing via 192.168.50.30"
192.168.1.15 - rquintanilla [22/Aug/2021:07:21:00 -0500] "GET http://detectportal.firefox.com/success.txt?ipv4 HTTP/1.1" 200 362 "HTTP" ""
192.168.10.20 - arodriguez [22/Aug/2021:07:21:00 -0500] "CONNECT relay-1c040ae6.net.anydesk.com:80 HTTP/1.1" 200 0 "HTTPS" "outgoing via 192.168.50.30"
192.168.1.15 - rquintanilla [22/Aug/2021:07:21:03 -0500] "CONNECT sb.scorecardresearch.com:443 HTTP/1.1" 200 0 "HTTPS" "outgoing via 192.168.50.30"
192.168.1.15 - rquintanilla [22/Aug/2021:07:21:03 -0500] "GET http://detectportal.firefox.com/canonical.html HTTP/1.1" 200 444 "HTTP" ""
192.168.1.15 - rquintanilla [22/Aug/2021:07:21:07 -0500] "GET http://detectportal.firefox.com/success.txt?ipv4 HTTP/1.1" 200 362 "HTTP" ""
192.168.10.20 - arodriguez [22/Aug/2021:07:21:14 -0500] "CONNECT relay-afcf85da.net.anydesk.com:80 HTTP/1.1" 200 0 "HTTPS" "outgoing via 192.168.50.30"
192.168.1.15 - rquintanilla [22/Aug/2021:07:21:19 -0500] "POST http://ocsp.sectigo.com/ HTTP/1.1" 200 1041 "HTTP" ""
192.168.1.15 - rquintanilla [22/Aug/2021:07:21:19 -0500] "POST http://ocsp.sca1b.amazontrust.com/ HTTP/1.1" 200 1125 "HTTP" ""
192.168.1.15 - rquintanilla [22/Aug/2021:07:21:36 -0500] "CONNECT video-mia3-1.xx.fbcdn.net:443 HTTP/1.1" 200 0 "HTTPS" "outgoing via 192.168.50.30"
192.168.10.20 - arodriguez [22/Aug/2021:07:21:43 -0500] "CONNECT relay-afcf85da.net.anydesk.com:80 HTTP/1.1" 200 0 "HTTPS" "outgoing via 192.168.50.30"
192.168.1.15 - rquintanilla [22/Aug/2021:07:22:11 -0500] "CONNECT 0.1.0.1:1001 HTTP/1.1" 200 0 "HTTPS" "outgoing via 192.168.50.30"
192.168.10.20 - arodriguez [22/Aug/2021:07:22:12 -0500] "CONNECT relay-afcf85da.net.anydesk.com:80 HTTP/1.1" 200 0 "HTTPS" "outgoing via 192.168.50.30"
192.168.10.20 - arodriguez [22/Aug/2021:07:22:25 -0500] "CONNECT relay-1cb4b08e.net.anydesk.com:80 HTTP/1.1" 200 0 "HTTPS" "outgoing via 192.168.50.30"
192.168.10.20 - arodriguez [22/Aug/2021:07:22:54 -0500] "CONNECT relay-1cb4b08e.net.anydesk.com:80 HTTP/1.1" 200 0 "HTTPS" "outgoing via 192.168.50.30"
192.168.1.15 - rquintanilla [22/Aug/2021:07:22:57 -0500] "CONNECT safebrowsing.googleapis.com:443 HTTP/1.1" 200 0 "HTTPS" "outgoing via 192.168.50.30"
192.168.1.15 - rquintanilla [22/Aug/2021:07:23:03 -0500] "CONNECT incoming.telemetry.mozilla.org:443 HTTP/1.1" 200 0 "HTTPS" "outgoing via 192.168.50.30"
192.168.10.20 - arodriguez [22/Aug/2021:07:23:23 -0500] "CONNECT relay-1cb4b08e.net.anydesk.com:80 HTTP/1.1" 200 0 "HTTPS" "outgoing via 192.168.50.30"
192.168.1.15 - rquintanilla [22/Aug/2021:07:23:23 -0500] "CONNECT search.yahoo.com:443 HTTP/1.1" 200 0 "HTTPS" "outgoing via 192.168.50.30"
192.168.10.20 - arodriguez [22/Aug/2021:07:23:37 -0500] "CONNECT relay-5bec465c.net.anydesk.com:80 HTTP/1.1" 200 0 "HTTPS" "outgoing via 192.168.50.30"
192.168.1.15 - rquintanilla [22/Aug/2021:07:23:44 -0500] "CONNECT 0.1.0.1:1001 HTTP/1.1" 200 0 "HTTPS" "outgoing via 192.168.50.30"
192.168.50.220 - servidores [22/Aug/2021:07:24:01 -0500] "CONNECT mirrors.fedoraproject.org:443 HTTP/1.1" 200 0 "HTTPS" "outgoing via 192.168.50.30"
192.168.10.20 - arodriguez [22/Aug/2021:07:24:06 -0500] "CONNECT relay-5bec465c.net.anydesk.com:80 HTTP/1.1" 200 0 "HTTPS" "outgoing via 192.168.50.30"
192.168.50.220 - servidores [22/Aug/2021:07:24:06 -0500] "CONNECT repo.ius.io:443 HTTP/1.1" 200 0 "HTTPS" "outgoing via 192.168.50.30"
192.168.50.220 - servidores [22/Aug/2021:07:24:08 -0500] "CONNECT download.postgresql.org:443 HTTP/1.1" 200 0 "HTTPS" "outgoing via 192.168.50.30"
192.168.50.220 - servidores [22/Aug/2021:07:24:28 -0500] "CONNECT download.postgresql.org:443 HTTP/1.1" 200 0 "HTTPS" "outgoing via 192.168.50.30"
192.168.50.220 - servidores [22/Aug/2021:07:24:32 -0500] "GET http://remi.mirrors.arminco.com/enterprise/7/remi/x86_64/repodata/repomd.xml HTTP/1.1" 200 3489 "HTTP" ""
192.168.50.220 - servidores [22/Aug/2021:07:24:32 -0500] "GET http://remi.mirrors.arminco.com/enterprise/7/php72/x86_64/repodata/repomd.xml HTTP/1.1" 200 3575 "HTTP" ""
192.168.50.220 - servidores [22/Aug/2021:07:24:33 -0500] "CONNECT download.rethinkdb.com:443 HTTP/1.1" 200 0 "HTTPS" "outgoing via 192.168.50.30"
192.168.50.220 - servidores [22/Aug/2021:07:24:33 -0500] "GET http://centos.ufes.br/7.9.2009/extras/x86_64/repodata/repomd.xml HTTP/1.1" 200 3383 "HTTP" ""
192.168.10.20 - arodriguez [22/Aug/2021:07:24:35 -0500] "CONNECT relay-5bec465c.net.anydesk.com:80 HTTP/1.1" 200 0 "HTTPS" "outgoing via 192.168.50.30"
192.168.1.15 - rquintanilla [22/Aug/2021:07:24:39 -0500] "CONNECT geo.yahoo.com:443 HTTP/1.1" 200 0 "HTTPS" "outgoing via 192.168.50.30"
192.168.1.15 - rquintanilla [22/Aug/2021:07:24:40 -0500] "CONNECT s.yimg.com:443 HTTP/1.1" 200 0 "HTTPS" "outgoing via 192.168.50.30"
192.168.1.15 - rquintanilla [22/Aug/2021:07:24:41 -0500] "CONNECT video-api.yql.yahoo.com:443 HTTP/1.1" 200 0 "HTTPS" "outgoing via 192.168.50.30"
192.168.1.15 - rquintanilla [22/Aug/2021:07:24:41 -0500] "CONNECT video.adaptv.advertising.com:443 HTTP/1.1" 200 0 "HTTPS" "outgoing via 192.168.50.30"
192.168.1.15 - rquintanilla [22/Aug/2021:07:24:41 -0500] "CONNECT bats.video.yahoo.com:443 HTTP/1.1" 200 0 "HTTPS" "outgoing via 192.168.50.30"
192.168.1.15 - rquintanilla [22/Aug/2021:07:24:41 -0500] "CONNECT video-api.yql.yahoo.com:443 HTTP/1.1" 200 0 "HTTPS" "outgoing via 192.168.50.30"
192.168.1.15 - rquintanilla [22/Aug/2021:07:24:41 -0500] "CONNECT sb.scorecardresearch.com:443 HTTP/1.1" 200 0 "HTTPS" "outgoing via 192.168.50.30"
192.168.1.15 - rquintanilla [22/Aug/2021:07:24:41 -0500] "CONNECT udc.yahoo.com:443 HTTP/1.1" 200 0 "HTTPS" "outgoing via 192.168.50.30"
192.168.1.15 - rquintanilla [22/Aug/2021:07:24:41 -0500] "CONNECT edgecast-vod.yahoo.net:443 HTTP/1.1" 200 0 "HTTPS" "outgoing via 192.168.50.30"
192.168.1.15 - rquintanilla [22/Aug/2021:07:24:41 -0500] "CONNECT yahoovod.hs.llnwd.net:443 HTTP/1.1" 200 0 "HTTPS" "outgoing via 192.168.50.30"
192.168.1.15 - rquintanilla [22/Aug/2021:07:24:41 -0500] "CONNECT d1vl8wytztdz.cloudfront.net:443 HTTP/1.1" 200 0 "HTTPS" "outgoing via 192.168.50.30"
192.168.1.15 - rquintanilla [22/Aug/2021:07:24:41 -0500] "CONNECT dns-o6t044nu4.sombrero.yahoo.net:443 HTTP/1.1" 200 0 "HTTPS" "outgoing via 192.168.50.30"
192.168.1.15 - rquintanilla [22/Aug/2021:07:24:41 -0500] "CONNECT vop-yahoo.akamaized.net:443 HTTP/1.1" 200 0 "HTTPS" "outgoing via 192.168.50.30"
192.168.1.15 - rquintanilla [22/Aug/2021:07:24:41 -0500] "CONNECT v-b6dtfcpc07.wc.yahoodns.net:443 HTTP/1.1" 200 0 "HTTPS" "outgoing via 192.168.50.30"
192.168.1.15 - rquintanilla [22/Aug/2021:07:24:41 -0500] "CONNECT cerebro.edna.yahoo.net:443 HTTP/1.1" 200 0 "HTTPS" "outgoing via 192.168.50.30"
192.168.1.15 - rquintanilla [22/Aug/2021:07:24:41 -0500] "CONNECT v-aldzfpg631.wc.yahoodns.net:443 HTTP/1.1" 200 0 "HTTPS" "outgoing via 192.168.50.30"
192.168.1.15 - rquintanilla [22/Aug/2021:07:24:41 -0500] "CONNECT v-cu1wy3h8pv.wc.yahoodns.net:443 HTTP/1.1" 200 0 "HTTPS" "outgoing via 192.168.50.30"
192.168.1.15 - rquintanilla [22/Aug/2021:07:24:41 -0500] "CONNECT vop-yahoo.secure.footprint.net:443 HTTP/1.1" 200 0 "HTTPS" "outgoing via 192.168.50.30"
192.168.1.15 - rquintanilla [22/Aug/2021:07:24:44 -0500] "CONNECT normandy.cdn.mozilla.net:443 HTTP/1.1" 200 0 "HTTPS" "outgoing via 192.168.50.30"
192.168.1.15 - rquintanilla [22/Aug/2021:07:24:46 -0500] "CONNECT dms-mcdn-report.wc.yahoodns.net:443 HTTP/1.1" 200 0 "HTTPS" "outgoing via 192.168.50.30"
192.168.1.15 - rquintanilla [22/Aug/2021:07:24:46 -0500] "CONNECT dms-b6dtfcpc07report.wc.yahoodns.net:443 HTTP/1.1" 200 0 "HTTPS" "outgoing via 192.168.50.30"
192.168.1.15 - rquintanilla [22/Aug/2021:07:24:46 -0500] "CONNECT dms-aldzfpg631report.wc.yahoodns.net:443 HTTP/1.1" 200 0 "HTTPS" "outgoing via 192.168.50.30"
192.168.1.15 - rquintanilla [22/Aug/2021:07:24:46 -0500] "CONNECT dms-cu1wy3h8pvreport.wc.yahoodns.net:443 HTTP/1.1" 200 0 "HTTPS" "outgoing via 192.168.50.30"
192.168.1.15 - rquintanilla [22/Aug/2021:07:24:47 -0500] "CONNECT s1.yimg.com:443 HTTP/1.1" 200 0 "HTTPS" "outgoing via 192.168.50.30"
192.168.1.15 - rquintanilla [22/Aug/2021:07:24:47 -0500] "CONNECT edgecast-cf-prod.yahoo.net:443 HTTP/1.1" 200 0 "HTTPS" "outgoing via 192.168.50.30"
192.168.1.15 - rquintanilla [22/Aug/2021:07:24:47 -0500] "CONNECT classify-client.services.mozilla.com:443 HTTP/1.1" 200 0 "HTTPS" "outgoing via 192.168.50.30"
192.168.1.15 - rquintanilla [22/Aug/2021:07:24:47 -0500] "CONNECT ads.adaptv.advertising.com:443 HTTP/1.1" 200 0 "HTTPS" "outgoing via 192.168.50.30"
192.168.1.15 - rquintanilla [22/Aug/2021:07:24:47 -0500] "CONNECT trk.vidible.tv:443 HTTP/1.1" 200 0 "HTTPS" "outgoing via 192.168.50.30"
192.168.10.20 - arodriguez [22/Aug/2021:07:24:48 -0500] "CONNECT relay-f4ae83b1.net.anydesk.com:80 HTTP/1.1" 200 0 "HTTPS" "outgoing via 192.168.50.30"
192.168.1.15 - rquintanilla [22/Aug/2021:07:24:50 -0500] "CONNECT video-mia3-2.xx.fbcdn.net:443 HTTP/1.1" 200 0 "HTTPS" "outgoing via 192.168.50.30"
192.168.1.15 - rquintanilla [22/Aug/2021:07:24:50 -0500] "CONNECT content-signature-2.cdn.mozilla.net:443 HTTP/1.1" 200 0 "HTTPS" "outgoing via 192.168.50.30"
192.168.1.15 - rquintanilla [22/Aug/2021:07:24:50 -0500] "CONNECT edgecast-cf-prod.yahoo.net:443 HTTP/1.1" 200 0 "HTTPS" "outgoing via 192.168.50.30"
192.168.1.15 - rquintanilla [22/Aug/2021:07:25:16 -0500] "CONNECT sb.scorecardresearch.com:443 HTTP/1.1" 200 0 "HTTPS" "outgoing via 192.168.50.30"
192.168.10.20 - arodriguez [22/Aug/2021:07:25:17 -0500] "CONNECT relay-f4ae83b1.net.anydesk.com:80 HTTP/1.1" 200 0 "HTTPS" "outgoing via 192.168.50.30"
192.168.1.15 - rquintanilla [22/Aug/2021:07:25:18 -0500] "CONNECT sb.scorecardresearch.com:443 HTTP/1.1" 200 0 "HTTPS" "outgoing via 192.168.50.30"
192.168.1.15 - rquintanilla [22/Aug/2021:07:25:22 -0500] "CONNECT 0.1.0.1:1001 HTTP/1.1" 200 0 "HTTPS" "outgoing via 192.168.50.30"
192.168.1.15 - rquintanilla [22/Aug/2021:07:25:31 -0500] "CONNECT safebrowsing.googleapis.com:443 HTTP/1.1" 200 0 "HTTPS" "outgoing via 192.168.50.30"
192.168.10.20 - arodriguez [22/Aug/2021:07:25:46 -0500] "CONNECT relay-f4ae83b1.net.anydesk.com:80 HTTP/1.1" 200 0 "HTTPS" "outgoing via 192.168.50.30"
192.168.10.20 - arodriguez [22/Aug/2021:07:25:59 -0500] "CONNECT relay-f6106504.net.anydesk.com:80 HTTP/1.1" 200 0 "HTTPS" "outgoing via 192.168.50.30"
192.168.10.20 - arodriguez [22/Aug/2021:07:26:28 -0500] "CONNECT relay-f6106504.net.anydesk.com:80 HTTP/1.1" 200 0 "HTTPS" "outgoing via 192.168.50.30"
192.168.1.15 - rquintanilla [22/Aug/2021:07:26:43 -0500] "POST http://ocsp.sca1b.amazontrust.com/ HTTP/1.1" 200 1125 "HTTP" ""
192.168.1.15 - rquintanilla [22/Aug/2021:07:26:43 -0500] "POST http://ocsp.sectigo.com/ HTTP/1.1" 200 1041 "HTTP" ""
192.168.10.20 - arodriguez [22/Aug/2021:07:26:57 -0500] "CONNECT relay-f6106504.net.anydesk.com:80 HTTP/1.1" 200 0 "HTTPS" "outgoing via 192.168.50.30"
192.168.1.15 - rquintanilla [22/Aug/2021:07:27:06 -0500] "CONNECT 0.1.0.1:1001 HTTP/1.1" 200 0 "HTTPS" "outgoing via 192.168.50.30"
192.168.1.15 - rquintanilla [22/Aug/2021:07:27:08 -0500] "CONNECT safebrowsing.googleapis.com:443 HTTP/1.1" 200 0 "HTTPS" "outgoing via 192.168.50.30"
192.168.1.15 - rquintanilla [22/Aug/2021:07:27:12 -0500] "CONNECT safebrowsing.googleapis.com:443 HTTP/1.1" 200 0 "HTTPS" "outgoing via 192.168.50.30"
192.168.10.20 - arodriguez [22/Aug/2021:07:27:26 -0500] "CONNECT relay-f6106504.net.anydesk.com:80 HTTP/1.1" 200 0 "HTTPS" "outgoing via 192.168.50.30"
192.168.1.15 - rquintanilla [22/Aug/2021:07:27:31 -0500] "GET http://detectportal.firefox.com/success.txt?ipv4 HTTP/1.1" 200 362 "HTTP" ""
192.168.1.15 - rquintanilla [22/Aug/2021:07:27:45 -0500] "CONNECT sb.scorecardresearch.com:443 HTTP/1.1" 200 0 "HTTPS" "outgoing via 192.168.50.30"
192.168.1.15 - rquintanilla [22/Aug/2021:07:27:45 -0500] "CONNECT edgecast-cf-prod.yahoo.net:443 HTTP/1.1" 200 0 "HTTPS" "outgoing via 192.168.50.30"
192.168.1.15 - rquintanilla [22/Aug/2021:07:27:53 -0500] "CONNECT sb.scorecardresearch.com:443 HTTP/1.1" 200 0 "HTTPS" "outgoing via 192.168.50.30"
192.168.10.20 - arodriguez [22/Aug/2021:07:27:55 -0500] "CONNECT relay-f6106504.net.anydesk.com:80 HTTP/1.1" 200 0 "HTTPS" "outgoing via 192.168.50.30"
192.168.1.15 - rquintanilla [22/Aug/2021:07:27:57 -0500] "CONNECT sb.scorecardresearch.com:443 HTTP/1.1" 200 0 "HTTPS" "outgoing via 192.168.50.30"
192.168.1.15 - rquintanilla [22/Aug/2021:07:28:11 -0500] "CONNECT sb.scorecardresearch.com:443 HTTP/1.1" 200 0 "HTTPS" "outgoing via 192.168.50.30"
192.168.1.15 - rquintanilla [22/Aug/2021:07:28:12 -0500] "GET http://detectportal.firefox.com/canonical.html HTTP/1.1" 200 444 "HTTP" ""
192.168.1.15 - rquintanilla [22/Aug/2021:07:28:12 -0500] "GET http://detectportal.firefox.com/success.txt?ipv4 HTTP/1.1" 200 362 "HTTP" ""
192.168.1.15 - rquintanilla [22/Aug/2021:07:28:14 -0500] "CONNECT sb.scorecardresearch.com:443 HTTP/1.1" 200 0 "HTTPS" "outgoing via 192.168.50.30"
192.168.1.15 - rquintanilla [22/Aug/2021:07:28:14 -0500] "CONNECT trk.vidible.tv:443 HTTP/1.1" 200 0 "HTTPS" "outgoing via 192.168.50.30"
192.168.1.15 - rquintanilla [22/Aug/2021:07:28:14 -0500] "GET http://detectportal.firefox.com/canonical.html HTTP/1.1" 200 444 "HTTP" ""
192.168.1.15 - rquintanilla [22/Aug/2021:07:28:14 -0500] "CONNECT sb.scorecardresearch.com:443 HTTP/1.1" 200 0 "HTTPS" "outgoing via 192.168.50.30"
192.168.1.15 - rquintanilla [22/Aug/2021:07:28:14 -0500] "GET http://detectportal.firefox.com/success.txt?ipv4 HTTP/1.1" 200 363 "HTTP" ""
192.168.1.15 - rquintanilla [22/Aug/2021:07:28:17 -0500] "CONNECT sb.scorecardresearch.com:443 HTTP/1.1" 200 0 "HTTPS" "outgoing via 192.168.50.30"
192.168.1.15 - rquintanilla [22/Aug/2021:07:28:18 -0500] "GET http://detectportal.firefox.com/canonical.html HTTP/1.1" 200 444 "HTTP" ""
192.168.1.15 - rquintanilla [22/Aug/2021:07:28:18 -0500] "GET http://detectportal.firefox.com/success.txt?ipv4 HTTP/1.1" 200 363 "HTTP" ""
192.168.1.15 - rquintanilla [22/Aug/2021:07:28:23 -0500] "CONNECT search.yahoo.com:443 HTTP/1.1" 200 0 "HTTPS" "outgoing via 192.168.50.30"
192.168.10.20 - arodriguez [22/Aug/2021:07:28:24 -0500] "CONNECT relay-f6106504.net.anydesk.com:80 HTTP/1.1" 200 0 "HTTPS" "outgoing via 192.168.50.30"
192.168.1.15 - rquintanilla [22/Aug/2021:07:28:28 -0500] "CONNECT sb.scorecardresearch.com:443 HTTP/1.1" 200 0 "HTTPS" "outgoing via 192.168.50.30"
192.168.1.15 - rquintanilla [22/Aug/2021:07:28:28 -0500] "GET http://detectportal.firefox.com/canonical.html HTTP/1.1" 200 444 "HTTP" ""
192.168.1.15 - rquintanilla [22/Aug/2021:07:28:30 -0500] "CONNECT sb.scorecardresearch.com:443 HTTP/1.1" 200 0 "HTTPS" "outgoing via 192.168.50.30"
192.168.1.15 - rquintanilla [22/Aug/2021:07:28:30 -0500] "GET http://detectportal.firefox.com/success.txt?ipv4 HTTP/1.1" 200 363 "HTTP" ""
192.168.1.15 - rquintanilla [22/Aug/2021:07:28:30 -0500] "GET http://detectportal.firefox.com/canonical.html HTTP/1.1" 200 444 "HTTP" ""
192.168.1.15 - rquintanilla [22/Aug/2021:07:28:30 -0500] "GET http://detectportal.firefox.com/success.txt?ipv4 HTTP/1.1" 200 362 "HTTP" ""
192.168.1.15 - rquintanilla [22/Aug/2021:07:28:33 -0500] "CONNECT espanol.yahoo.com:443 HTTP/1.1" 200 0 "HTTPS" "outgoing via 192.168.50.30"
192.168.10.20 - arodriguez [22/Aug/2021:07:28:37 -0500] "CONNECT relay-5f045e20.net.anydesk.com:80 HTTP/1.1" 200 0 "HTTPS" "outgoing via 192.168.50.30"
192.168.1.15 - rquintanilla [22/Aug/2021:07:28:39 -0500] "CONNECT l.facebook.com:443 HTTP/1.1" 200 0 "HTTPS" "outgoing via 192.168.50.30"
192.168.1.15 - rquintanilla [22/Aug/2021:07:28:42 -0500] "CONNECT es.rbth.com:443 HTTP/1.1" 200 0 "HTTPS" "outgoing via 192.168.50.30"
192.168.1.15 - rquintanilla [22/Aug/2021:07:28:44 -0500] "CONNECT cdni.rbth.com:443 HTTP/1.1" 200 0 "HTTPS" "outgoing via 192.168.50.30"
192.168.1.15 - rquintanilla [22/Aug/2021:07:28:44 -0500] "CONNECT cdni.rbth.com:443 HTTP/1.1" 200 0 "HTTPS" "outgoing via 192.168.50.30"
192.168.1.15 - rquintanilla [22/Aug/2021:07:28:44 -0500] "CONNECT cdni.rbth.com:443 HTTP/1.1" 200 0 "HTTPS" "outgoing via 192.168.50.30"
192.168.1.15 - rquintanilla [22/Aug/2021:07:28:44 -0500] "CONNECT cdni.rbth.com:443 HTTP/1.1" 200 0 "HTTPS" "outgoing via 192.168.50.30"
192.168.1.15 - rquintanilla [22/Aug/2021:07:28:44 -0500] "CONNECT cdni.rbth.com:443 HTTP/1.1" 200 0 "HTTPS" "outgoing via 192.168.50.30"
192.168.1.15 - rquintanilla [22/Aug/2021:07:28:44 -0500] "CONNECT code.jquery.com:443 HTTP/1.1" 200 0 "HTTPS" "outgoing via 192.168.50.30"
192.168.1.15 - rquintanilla [22/Aug/2021:07:28:44 -0500] "CONNECT fonts.googleapis.com:443 HTTP/1.1" 200 0 "HTTPS" "outgoing via 192.168.50.30"
192.168.1.15 - rquintanilla [22/Aug/2021:07:28:44 -0500] "CONNECT fonts.googleapis.com:443 HTTP/1.1" 200 0 "HTTPS" "outgoing via 192.168.50.30"
192.168.1.15 - rquintanilla [22/Aug/2021:07:28:44 -0500] "POST http://ocsp.digicert.com/ HTTP/1.1" 200 913 "HTTP" ""
192.168.1.15 - rquintanilla [22/Aug/2021:07:28:50 -0500] "CONNECT fonts.gstatic.com:443 HTTP/1.1" 200 0 "HTTPS" "outgoing via 192.168.50.30"
192.168.1.15 - rquintanilla [22/Aug/2021:07:28:52 -0500] "POST http://ocsp.pki.goog/gts1o1core HTTP/1.1" 200 850 "HTTP" ""
192.168.1.15 - rquintanilla [22/Aug/2021:07:28:53 -0500] "CONNECT fonts.gstatic.com:443 HTTP/1.1" 200 0 "HTTPS" "outgoing via 192.168.50.30"
192.168.1.15 - rquintanilla [22/Aug/2021:07:28:54 -0500] "CONNECT 0.1.0.1:1001 HTTP/1.1" 200 0 "HTTPS" "outgoing via 192.168.50.30"
192.168.1.15 - rquintanilla [22/Aug/2021:07:28:55 -0500] "CONNECT www.google-analytics.com:443 HTTP/1.1" 200 0 "HTTPS" "outgoing via 192.168.50.30"
192.168.1.15 - rquintanilla [22/Aug/2021:07:28:55 -0500] "CONNECT www.googletagservices.com:443 HTTP/1.1" 200 0 "HTTPS" "outgoing via 192.168.50.30"
192.168.1.15 - rquintanilla [22/Aug/2021:07:28:55 -0500] "CONNECT connect.facebook.net:443 HTTP/1.1" 200 0 "HTTPS" "outgoing via 192.168.50.30"
192.168.1.15 - rquintanilla [22/Aug/2021:07:28:57 -0500] "POST http://ocsp.pki.goog/gts1o1core HTTP/1.1" 200 850 "HTTP" ""
192.168.1.15 - rquintanilla [22/Aug/2021:07:29:01 -0500] "CONNECT connect.facebook.net:443 HTTP/1.1" 200 0 "HTTPS" "outgoing via 192.168.50.30"
192.168.1.15 - rquintanilla [22/Aug/2021:07:29:03 -0500] "CONNECT securepubads.g.doubleclick.net:443 HTTP/1.1" 200 0 "HTTPS" "outgoing via 192.168.50.30"
192.168.1.15 - rquintanilla [22/Aug/2021:07:29:05 -0500] "CONNECT stats.g.doubleclick.net:443 HTTP/1.1" 200 0 "HTTPS" "outgoing via 192.168.50.30"
192.168.1.15 - rquintanilla [22/Aug/2021:07:29:05 -0500] "GET http://detectportal.firefox.com/canonical.html HTTP/1.1" 200 444 "HTTP" ""
192.168.10.20 - arodriguez [22/Aug/2021:07:29:06 -0500] "CONNECT relay-5f045e20.net.anydesk.com:80 HTTP/1.1" 200 0 "HTTPS" "outgoing via 192.168.50.30"
192.168.1.15 - rquintanilla [22/Aug/2021:07:29:08 -0500] "CONNECT securepubads.g.doubleclick.net:443 HTTP/1.1" 200 0 "HTTPS" "outgoing via 192.168.50.30"
192.168.1.15 - rquintanilla [22/Aug/2021:07:29:17 -0500] "GET http://detectportal.firefox.com/success.txt?ipv4 HTTP/1.1" 200 362 "HTTP" ""
192.168.1.15 - rquintanilla [22/Aug/2021:07:29:18 -0500] "CONNECT cdni.rbth.com:443 HTTP/1.1" 200 0 "HTTPS" "outgoing via 192.168.50.30"
192.168.10.20 - arodriguez [22/Aug/2021:07:29:35 -0500] "CONNECT relay-5f045e20.net.anydesk.com:80 HTTP/1.1" 200 0 "HTTPS" "outgoing via 192.168.50.30"
192.168.1.15 - rquintanilla [22/Aug/2021:07:29:57 -0500] "CONNECT safebrowsing.googleapis.com:443 HTTP/1.1" 200 0 "HTTPS" "outgoing via 192.168.50.30"
192.168.10.20 - arodriguez [22/Aug/2021:07:30:04 -0500] "CONNECT relay-5f045e20.net.anydesk.com:80 HTTP/1.1" 200 0 "HTTPS" "outgoing via 192.168.50.30"
192.168.1.15 - rquintanilla [22/Aug/2021:07:30:05 -0500] "CONNECT incoming.telemetry.mozilla.org:443 HTTP/1.1" 200 0 "HTTPS" "outgoing via 192.168.50.30"
192.168.10.20 - arodriguez [22/Aug/2021:07:30:17 -0500] "CONNECT relay-f4ae83b1.net.anydesk.com:80 HTTP/1.1" 200 0 "HTTPS" "outgoing via 192.168.50.30"
192.168.1.15 - rquintanilla [22/Aug/2021:07:30:40 -0500] "CONNECT safebrowsing.googleapis.com:443 HTTP/1.1" 200 0 "HTTPS" "outgoing via 192.168.50.30"
192.168.1.15 - rquintanilla [22/Aug/2021:07:30:40 -0500] "CONNECT es.rbth.com:443 HTTP/1.1" 200 0 "HTTPS" "outgoing via 192.168.50.30"
192.168.1.15 - rquintanilla [22/Aug/2021:07:30:42 -0500] "CONNECT cdni.rbth.com:443 HTTP/1.1" 200 0 "HTTPS" "outgoing via 192.168.50.30"
192.168.10.20 - arodriguez [22/Aug/2021:07:30:46 -0500] "CONNECT relay-f4ae83b1.net.anydesk.com:80 HTTP/1.1" 200 0 "HTTPS" "outgoing via 192.168.50.30"
192.168.1.15 - rquintanilla [22/Aug/2021:07:30:49 -0500] "CONNECT 0.1.0.1:1001 HTTP/1.1" 200 0 "HTTPS" "outgoing via 192.168.50.30"
192.168.1.15 - rquintanilla [22/Aug/2021:07:30:52 -0500] "POST http://ocsp.pki.goog/gts1c3 HTTP/1.1" 200 850 "HTTP" ""
192.168.1.15 - rquintanilla [22/Aug/2021:07:30:58 -0500] "POST http://ocsp.pki.goog/gts1c3 HTTP/1.1" 200 849 "HTTP" ""
192.168.1.15 - rquintanilla [22/Aug/2021:07:30:58 -0500] "POST http://ocsp.pki.goog/gts1c3 HTTP/1.1" 200 849 "HTTP" ""
192.168.10.20 - arodriguez [22/Aug/2021:07:31:15 -0500] "CONNECT relay-f4ae83b1.net.anydesk.com:80 HTTP/1.1" 200 0 "HTTPS" "outgoing via 192.168.50.30"
192.168.10.20 - arodriguez [22/Aug/2021:07:31:44 -0500] "CONNECT relay-f4ae83b1.net.anydesk.com:80 HTTP/1.1" 200 0 "HTTPS" "outgoing via 192.168.50.30"
192.168.10.20 - arodriguez [22/Aug/2021:07:31:57 -0500] "CONNECT relay-629d065f.net.anydesk.com:80 HTTP/1.1" 200 0 "HTTPS" "outgoing via 192.168.50.30"
192.168.10.20 - arodriguez [22/Aug/2021:07:32:26 -0500] "CONNECT relay-629d065f.net.anydesk.com:80 HTTP/1.1" 200 0 "HTTPS" "outgoing via 192.168.50.30"
192.168.1.15 - rquintanilla [22/Aug/2021:07:32:47 -0500] "CONNECT 0.1.0.1:1001 HTTP/1.1" 200 0 "HTTPS" "outgoing via 192.168.50.30"
192.168.10.20 - arodriguez [22/Aug/2021:07:32:55 -0500] "CONNECT relay-629d065f.net.anydesk.com:80 HTTP/1.1" 200 0 "HTTPS" "outgoing via 192.168.50.30"
192.168.10.20 - arodriguez [22/Aug/2021:07:33:08 -0500] "CONNECT relay-afcf85da.net.anydesk.com:80 HTTP/1.1" 200 0 "HTTPS" "outgoing via 192.168.50.30"
192.168.1.15 - rquintanilla [22/Aug/2021:07:33:24 -0500] "CONNECT search.yahoo.com:443 HTTP/1.1" 200 0 "HTTPS" "outgoing via 192.168.50.30"
192.168.1.15 - rquintanilla [22/Aug/2021:07:33:33 -0500] "CONNECT espanol.yahoo.com:443 HTTP/1.1" 200 0 "HTTPS" "outgoing via 192.168.50.30"
192.168.10.20 - arodriguez [22/Aug/2021:07:33:37 -0500] "CONNECT relay-afcf85da.net.anydesk.com:80 HTTP/1.1" 200 0 "HTTPS" "outgoing via 192.168.50.30"
192.168.10.20 - arodriguez [22/Aug/2021:07:34:07 -0500] "CONNECT relay-afcf85da.net.anydesk.com:80 HTTP/1.1" 200 0 "HTTPS" "outgoing via 192.168.50.30"
192.168.1.15 - rquintanilla [22/Aug/2021:07:34:34 -0500] "CONNECT edge-chat.facebook.com:443 HTTP/1.1" 200 0 "HTTPS" "outgoing via 192.168.50.30"
192.168.10.20 - arodriguez [22/Aug/2021:07:34:36 -0500] "CONNECT relay-afcf85da.net.anydesk.com:80 HTTP/1.1" 200 0 "HTTPS" "outgoing via 192.168.50.30"
192.168.1.15 - rquintanilla [22/Aug/2021:07:34:38 -0500] "CONNECT mail.google.com:443 HTTP/1.1" 200 0 "HTTPS" "outgoing via 192.168.50.30"
192.168.1.15 - rquintanilla [22/Aug/2021:07:34:38 -0500] "CONNECT www.facebook.com:443 HTTP/1.1" 200 0 "HTTPS" "outgoing via 192.168.50.30"
192.168.1.15 - rquintanilla [22/Aug/2021:07:34:38 -0500] "CONNECT scontent-mia3-2.xx.fbcdn.net:443 HTTP/1.1" 200 0 "HTTPS" "outgoing via 192.168.50.30"
192.168.1.15 - rquintanilla [22/Aug/2021:07:34:38 -0500] "CONNECT safebrowsing.googleapis.com:443 HTTP/1.1" 200 0 "HTTPS" "outgoing via 192.168.50.30"
192.168.1.15 - rquintanilla [22/Aug/2021:07:34:38 -0500] "CONNECT scontent-mia3-2.xx.fbcdn.net:443 HTTP/1.1" 200 0 "HTTPS" "outgoing via 192.168.50.30"
192.168.1.15 - rquintanilla [22/Aug/2021:07:34:39 -0500] "CONNECT scontent-mia3-1.xx.fbcdn.net:443 HTTP/1.1" 200 0 "HTTPS" "outgoing via 192.168.50.30"
192.168.10.20 - arodriguez [22/Aug/2021:07:34:49 -0500] "CONNECT relay-8897650c.net.anydesk.com:80 HTTP/1.1" 200 0 "HTTPS" "outgoing via 192.168.50.30"
192.168.1.15 - rquintanilla [22/Aug/2021:07:34:51 -0500] "CONNECT 0.1.0.1:1001 HTTP/1.1" 200 0 "HTTPS" "outgoing via 192.168.50.30"
192.168.10.20 - arodriguez [22/Aug/2021:07:35:18 -0500] "CONNECT relay-8897650c.net.anydesk.com:80 HTTP/1.1" 200 0 "HTTPS" "outgoing via 192.168.50.30"
192.168.1.15 - rquintanilla [22/Aug/2021:07:35:29 -0500] "CONNECT es.rbth.com:443 HTTP/1.1" 200 0 "HTTPS" "outgoing via 192.168.50.30"
192.168.1.15 - rquintanilla [22/Aug/2021:07:35:30 -0500] "CONNECT es.rbth.com:443 HTTP/1.1" 200 0 "HTTPS" "outgoing via 192.168.50.30"
192.168.1.15 - rquintanilla [22/Aug/2021:07:35:31 -0500] "CONNECT launcher.spot.im:443 HTTP/1.1" 200 0 "HTTPS" "outgoing via 192.168.50.30"
192.168.1.15 - rquintanilla [22/Aug/2021:07:35:31 -0500] "CONNECT www.youtube.com:443 HTTP/1.1" 200 0 "HTTPS" "outgoing via 192.168.50.30"
192.168.1.15 - rquintanilla [22/Aug/2021:07:35:31 -0500] "CONNECT socialstat.rt.com:443 HTTP/1.1" 200 0 "HTTPS" "outgoing via 192.168.50.30"
192.168.1.15 - rquintanilla [22/Aug/2021:07:35:32 -0500] "CONNECT cdni.rbth.com:443 HTTP/1.1" 200 0 "HTTPS" "outgoing via 192.168.50.30"
192.168.1.15 - rquintanilla [22/Aug/2021:07:35:32 -0500] "CONNECT cdni.rbth.com:443 HTTP/1.1" 200 0 "HTTPS" "outgoing via 192.168.50.30"
192.168.1.15 - rquintanilla [22/Aug/2021:07:35:32 -0500] "CONNECT cdni.rbth.com:443 HTTP/1.1" 200 0 "HTTPS" "outgoing via 192.168.50.30"
192.168.1.15 - rquintanilla [22/Aug/2021:07:35:32 -0500] "CONNECT cdni.rbth.com:443 HTTP/1.1" 200 0 "HTTPS" "outgoing via 192.168.50.30"
192.168.1.15 - rquintanilla [22/Aug/2021:07:35:32 -0500] "CONNECT cdni.rbth.com:443 HTTP/1.1" 200 0 "HTTPS" "outgoing via 192.168.50.30"
192.168.1.15 - rquintanilla [22/Aug/2021:07:35:32 -0500] "CONNECT cdni.rbth.com:443 HTTP/1.1" 200 0 "HTTPS" "outgoing via 192.168.50.30"
192.168.1.15 - rquintanilla [22/Aug/2021:07:35:32 -0500] "CONNECT d7d3cf2e81d293050033-3dfc0615b0fd7b49143049256703bfce.ssl.cf1.rackcdn.com:443 HTTP/1.1" 200 0 "HTTPS" "outgoing via 192.168.50.30"
192.168.1.15 - rquintanilla [22/Aug/2021:07:35:32 -0500] "CONNECT embed.playbuzz.com:443 HTTP/1.1" 200 0 "HTTPS" "outgoing via 192.168.50.30"
192.168.1.15 - rquintanilla [22/Aug/2021:07:35:32 -0500] "CONNECT gateway.facebook.com:443 HTTP/1.1" 200 0 "HTTPS" "outgoing via 192.168.50.30"
192.168.1.15 - rquintanilla [22/Aug/2021:07:35:32 -0500] "POST http://ocsp.digicert.com/ HTTP/1.1" 200 946 "HTTP" ""
192.168.1.15 - rquintanilla [22/Aug/2021:07:35:34 -0500] "CONNECT direct-events-collector.spot.im:443 HTTP/1.1" 200 0 "HTTPS" "outgoing via 192.168.50.30"
192.168.1.15 - rquintanilla [22/Aug/2021:07:35:34 -0500] "CONNECT publisher-assets.spot.im:443 HTTP/1.1" 200 0 "HTTPS" "outgoing via 192.168.50.30"
192.168.1.15 - rquintanilla [22/Aug/2021:07:35:34 -0500] "CONNECT api-2-0.spot.im:443 HTTP/1.1" 200 0 "HTTPS" "outgoing via 192.168.50.30"
192.168.1.15 - rquintanilla [22/Aug/2021:07:35:34 -0500] "CONNECT pix.spot.im:443 HTTP/1.1" 200 0 "HTTPS" "outgoing via 192.168.50.30"
192.168.1.15 - rquintanilla [22/Aug/2021:07:35:34 -0500] "CONNECT events-collector.spot.im:443 HTTP/1.1" 200 0 "HTTPS" "outgoing via 192.168.50.30"
192.168.1.15 - rquintanilla [22/Aug/2021:07:35:34 -0500] "CONNECT pix.spot.im:443 HTTP/1.1" 200 0 "HTTPS" "outgoing via 192.168.50.30"
192.168.1.15 - rquintanilla [22/Aug/2021:07:35:34 -0500] "CONNECT metrics-logger.spot.im:443 HTTP/1.1" 200 0 "HTTPS" "outgoing via 192.168.50.30"
192.168.1.15 - rquintanilla [22/Aug/2021:07:35:34 -0500] "CONNECT fonts.gstatic.com:443 HTTP/1.1" 200 0 "HTTPS" "outgoing via 192.168.50.30"
192.168.1.15 - rquintanilla [22/Aug/2021:07:35:36 -0500] "CONNECT platform.instagram.com:443 HTTP/1.1" 200 0 "HTTPS" "outgoing via 192.168.50.30"
192.168.1.15 - rquintanilla [22/Aug/2021:07:35:36 -0500] "CONNECT platform.twitter.com:443 HTTP/1.1" 200 0 "HTTPS" "outgoing via 192.168.50.30"
192.168.1.15 - rquintanilla [22/Aug/2021:07:35:36 -0500] "CONNECT www.google-analytics.com:443 HTTP/1.1" 200 0 "HTTPS" "outgoing via 192.168.50.30"
192.168.1.15 - rquintanilla [22/Aug/2021:07:35:36 -0500] "CONNECT securepubads.g.doubleclick.net:443 HTTP/1.1" 200 0 "HTTPS" "outgoing via 192.168.50.30"
192.168.1.15 - rquintanilla [22/Aug/2021:07:35:36 -0500] "CONNECT www.google-analytics.com:443 HTTP/1.1" 200 0 "HTTPS" "outgoing via 192.168.50.30"
192.168.1.15 - rquintanilla [22/Aug/2021:07:35:36 -0500] "CONNECT ingestion.contentinsights.com:443 HTTP/1.1" 200 0 "HTTPS" "outgoing via 192.168.50.30"
192.168.1.15 - rquintanilla [22/Aug/2021:07:35:37 -0500] "CONNECT static.ex.co:443 HTTP/1.1" 200 0 "HTTPS" "outgoing via 192.168.50.30"
192.168.1.15 - rquintanilla [22/Aug/2021:07:35:38 -0500] "CONNECT direct-events-collector.spot.im:443 HTTP/1.1" 200 0 "HTTPS" "outgoing via 192.168.50.30"
192.168.1.15 - rquintanilla [22/Aug/2021:07:35:38 -0500] "CONNECT publisher-assets.spot.im:443 HTTP/1.1" 200 0 "HTTPS" "outgoing via 192.168.50.30"
192.168.1.15 - rquintanilla [22/Aug/2021:07:35:38 -0500] "CONNECT publisher-assets.spot.im:443 HTTP/1.1" 200 0 "HTTPS" "outgoing via 192.168.50.30"
192.168.1.15 - rquintanilla [22/Aug/2021:07:35:38 -0500] "CONNECT pix.spot.im:443 HTTP/1.1" 200 0 "HTTPS" "outgoing via 192.168.50.30"
192.168.1.15 - rquintanilla [22/Aug/2021:07:35:38 -0500] "CONNECT events-collector.spot.im:443 HTTP/1.1" 200 0 "HTTPS" "outgoing via 192.168.50.30"
192.168.1.15 - rquintanilla [22/Aug/2021:07:35:38 -0500] "CONNECT pix.spot.im:443 HTTP/1.1" 200 0 "HTTPS" "outgoing via 192.168.50.30"
192.168.1.15 - rquintanilla [22/Aug/2021:07:35:38 -0500] "CONNECT metrics-logger.spot.im:443 HTTP/1.1" 200 0 "HTTPS" "outgoing via 192.168.50.30"
192.168.1.15 - rquintanilla [22/Aug/2021:07:35:38 -0500] "CONNECT ingestion.contentinsights.com:443 HTTP/1.1" 200 0 "HTTPS" "outgoing via 192.168.50.30"
192.168.1.15 - rquintanilla [22/Aug/2021:07:35:40 -0500] "CONNECT securepubads.g.doubleclick.net:443 HTTP/1.1" 200 0 "HTTPS" "outgoing via 192.168.50.30"
192.168.1.15 - rquintanilla [22/Aug/2021:07:35:40 -0500] "CONNECT pix.spot.im:443 HTTP/1.1" 200 0 "HTTPS" "outgoing via 192.168.50.30"
192.168.1.15 - rquintanilla [22/Aug/2021:07:35:41 -0500] "CONNECT pix.spot.im:443 HTTP/1.1" 200 0 "HTTPS" "outgoing via 192.168.50.30"
192.168.1.15 - rquintanilla [22/Aug/2021:07:35:41 -0500] "CONNECT platform.instagram.com:443 HTTP/1.1" 200 0 "HTTPS" "outgoing via 192.168.50.30"
192.168.1.15 - rquintanilla [22/Aug/2021:07:35:41 -0500] "CONNECT static-cdn.spot.im:443 HTTP/1.1" 200 0 "HTTPS" "outgoing via 192.168.50.30"
192.168.1.15 - rquintanilla [22/Aug/2021:07:35:41 -0500] "CONNECT securepubads.g.doubleclick.net:443 HTTP/1.1" 200 0 "HTTPS" "outgoing via 192.168.50.30"
192.168.1.15 - rquintanilla [22/Aug/2021:07:35:42 -0500] "CONNECT ingestion.contentinsights.com:443 HTTP/1.1" 200 0 "HTTPS" "outgoing via 192.168.50.30"
192.168.1.15 - rquintanilla [22/Aug/2021:07:35:43 -0500] "CONNECT securepubads.g.doubleclick.net:443 HTTP/1.1" 200 0 "HTTPS" "outgoing via 192.168.50.30"
192.168.1.15 - rquintanilla [22/Aug/2021:07:35:44 -0500] "CONNECT www.instagram.com:443 HTTP/1.1" 200 0 "HTTPS" "outgoing via 192.168.50.30"
192.168.1.15 - rquintanilla [22/Aug/2021:07:35:45 -0500] "CONNECT ingestion.contentinsights.com:443 HTTP/1.1" 200 0 "HTTPS" "outgoing via 192.168.50.30"
192.168.1.15 - rquintanilla [22/Aug/2021:07:35:45 -0500] "CONNECT static-cdn.spot.im:443 HTTP/1.1" 200 0 "HTTPS" "outgoing via 192.168.50.30"
192.168.1.15 - rquintanilla [22/Aug/2021:07:35:45 -0500] "CONNECT stats.g.doubleclick.net:443 HTTP/1.1" 200 0 "HTTPS" "outgoing via 192.168.50.30"
192.168.1.15 - rquintanilla [22/Aug/2021:07:35:47 -0500] "CONNECT ads.pubmatic.com:443 HTTP/1.1" 200 0 "HTTPS" "outgoing via 192.168.50.30"
192.168.10.20 - arodriguez [22/Aug/2021:07:35:47 -0500] "CONNECT relay-8897650c.net.anydesk.com:80 HTTP/1.1" 200 0 "HTTPS" "outgoing via 192.168.50.30"
192.168.1.15 - rquintanilla [22/Aug/2021:07:35:48 -0500] "CONNECT di.rlcdn.com:443 HTTP/1.1" 200 0 "HTTPS" "outgoing via 192.168.50.30"
192.168.1.15 - rquintanilla [22/Aug/2021:07:35:48 -0500] "CONNECT ib.adnxs.com:443 HTTP/1.1" 200 0 "HTTPS" "outgoing via 192.168.50.30"
192.168.1.15 - rquintanilla [22/Aug/2021:07:35:48 -0500] "CONNECT sync.search.spotxchange.com:443 HTTP/1.1" 200 0 "HTTPS" "outgoing via 192.168.50.30"
192.168.1.15 - rquintanilla [22/Aug/2021:07:35:48 -0500] "CONNECT sync.search.spotxchange.com:443 HTTP/1.1" 200 0 "HTTPS" "outgoing via 192.168.50.30"
192.168.1.15 - rquintanilla [22/Aug/2021:07:35:48 -0500] "CONNECT pixel.advertising.com:443 HTTP/1.1" 200 0 "HTTPS" "outgoing via 192.168.50.30"
192.168.1.15 - rquintanilla [22/Aug/2021:07:35:49 -0500] "CONNECT ingestion.contentinsights.com:443 HTTP/1.1" 200 0 "HTTPS" "outgoing via 192.168.50.30"
192.168.1.15 - rquintanilla [22/Aug/2021:07:35:52 -0500] "CONNECT di.rlcdn.com:443 HTTP/1.1" 200 0 "HTTPS" "outgoing via 192.168.50.30"
192.168.1.15 - rquintanilla [22/Aug/2021:07:35:52 -0500] "CONNECT sync.search.spotxchange.com:443 HTTP/1.1" 200 0 "HTTPS" "outgoing via 192.168.50.30"
192.168.1.15 - rquintanilla [22/Aug/2021:07:35:52 -0500] "CONNECT ib.adnxs.com:443 HTTP/1.1" 200 0 "HTTPS" "outgoing via 192.168.50.30"
192.168.1.15 - rquintanilla [22/Aug/2021:07:35:52 -0500] "CONNECT sync.search.spotxchange.com:443 HTTP/1.1" 200 0 "HTTPS" "outgoing via 192.168.50.30"
192.168.1.15 - rquintanilla [22/Aug/2021:07:35:52 -0500] "CONNECT pixel.advertising.com:443 HTTP/1.1" 200 0 "HTTPS" "outgoing via 192.168.50.30"
192.168.1.15 - rquintanilla [22/Aug/2021:07:35:54 -0500] "CONNECT image6.pubmatic.com:443 HTTP/1.1" 200 0 "HTTPS" "outgoing via 192.168.50.30"
192.168.1.15 - rquintanilla [22/Aug/2021:07:35:54 -0500] "CONNECT syndication.twitter.com:443 HTTP/1.1" 200 0 "HTTPS" "outgoing via 192.168.50.30"
192.168.1.15 - rquintanilla [22/Aug/2021:07:35:55 -0500] "CONNECT ib.adnxs.com:443 HTTP/1.1" 200 0 "HTTPS" "outgoing via 192.168.50.30"
192.168.1.15 - rquintanilla [22/Aug/2021:07:35:55 -0500] "CONNECT www.instagram.com:443 HTTP/1.1" 200 0 "HTTPS" "outgoing via 192.168.50.30"
192.168.1.15 - rquintanilla [22/Aug/2021:07:35:56 -0500] "CONNECT googleads.g.doubleclick.net:443 HTTP/1.1" 200 0 "HTTPS" "outgoing via 192.168.50.30"
192.168.1.15 - rquintanilla [22/Aug/2021:07:35:56 -0500] "CONNECT static.doubleclick.net:443 HTTP/1.1" 200 0 "HTTPS" "outgoing via 192.168.50.30"
192.168.1.15 - rquintanilla [22/Aug/2021:07:35:57 -0500] "CONNECT image6.pubmatic.com:443 HTTP/1.1" 200 0 "HTTPS" "outgoing via 192.168.50.30"
192.168.1.15 - rquintanilla [22/Aug/2021:07:35:57 -0500] "CONNECT www.google.com:443 HTTP/1.1" 200 0 "HTTPS" "outgoing via 192.168.50.30"
192.168.1.15 - rquintanilla [22/Aug/2021:07:35:57 -0500] "CONNECT sync.search.spotxchange.com:443 HTTP/1.1" 200 0 "HTTPS" "outgoing via 192.168.50.30"
192.168.1.15 - rquintanilla [22/Aug/2021:07:35:57 -0500] "CONNECT sync.search.spotxchange.com:443 HTTP/1.1" 200 0 "HTTPS" "outgoing via 192.168.50.30"
192.168.1.15 - rquintanilla [22/Aug/2021:07:35:58 -0500] "CONNECT ib.adnxs.com:443 HTTP/1.1" 200 0 "HTTPS" "outgoing via 192.168.50.30"
192.168.1.15 - rquintanilla [22/Aug/2021:07:35:58 -0500] "CONNECT syndication.twitter.com:443 HTTP/1.1" 200 0 "HTTPS" "outgoing via 192.168.50.30"
192.168.1.15 - rquintanilla [22/Aug/2021:07:35:58 -0500] "CONNECT pixel.advertising.com:443 HTTP/1.1" 200 0 "HTTPS" "outgoing via 192.168.50.30"
192.168.1.15 - rquintanilla [22/Aug/2021:07:35:58 -0500] "CONNECT sync.spotim.market:443 HTTP/1.1" 200 0 "HTTPS" "outgoing via 192.168.50.30"
192.168.1.15 - rquintanilla [22/Aug/2021:07:35:59 -0500] "POST http://ocsp.pki.goog/gts1c3 HTTP/1.1" 200 850 "HTTP" ""
192.168.1.15 - rquintanilla [22/Aug/2021:07:35:59 -0500] "CONNECT sync.search.spotxchange.com:443 HTTP/1.1" 200 0 "HTTPS" "outgoing via 192.168.50.30"
192.168.1.15 - rquintanilla [22/Aug/2021:07:35:59 -0500] "CONNECT sync.search.spotxchange.com:443 HTTP/1.1" 200 0 "HTTPS" "outgoing via 192.168.50.30"
192.168.1.15 - rquintanilla [22/Aug/2021:07:36:00 -0500] "POST http://status.geotrust.com/ HTTP/1.1" 200 947 "HTTP" ""
192.168.1.15 - rquintanilla [22/Aug/2021:07:36:00 -0500] "CONNECT sync.spotim.market:443 HTTP/1.1" 200 0 "HTTPS" "outgoing via 192.168.50.30"
192.168.1.15 - rquintanilla [22/Aug/2021:07:36:01 -0500] "CONNECT simage4.pubmatic.com:443 HTTP/1.1" 200 0 "HTTPS" "outgoing via 192.168.50.30"
192.168.1.15 - rquintanilla [22/Aug/2021:07:36:01 -0500] "CONNECT simage4.pubmatic.com:443 HTTP/1.1" 200 0 "HTTPS" "outgoing via 192.168.50.30"
192.168.1.15 - rquintanilla [22/Aug/2021:07:36:01 -0500] "POST http://ocsp.godaddy.com/ HTTP/1.1" 200 2412 "HTTP" ""
192.168.1.15 - rquintanilla [22/Aug/2021:07:36:03 -0500] "CONNECT i.ytimg.com:443 HTTP/1.1" 200 0 "HTTPS" "outgoing via 192.168.50.30"
192.168.1.15 - rquintanilla [22/Aug/2021:07:36:03 -0500] "CONNECT yt3.ggpht.com:443 HTTP/1.1" 200 0 "HTTPS" "outgoing via 192.168.50.30"
192.168.1.15 - rquintanilla [22/Aug/2021:07:36:04 -0500] "POST http://ocsp.pki.goog/gts1c3 HTTP/1.1" 200 849 "HTTP" ""
192.168.1.15 - rquintanilla [22/Aug/2021:07:36:04 -0500] "POST http://ocsp.pki.goog/gts1c3 HTTP/1.1" 200 849 "HTTP" ""
192.168.1.15 - rquintanilla [22/Aug/2021:07:36:05 -0500] "CONNECT sync.spotim.market:443 HTTP/1.1" 200 0 "HTTPS" "outgoing via 192.168.50.30"
192.168.1.15 - rquintanilla [22/Aug/2021:07:36:06 -0500] "CONNECT mathid.mathtag.com:443 HTTP/1.1" 200 0 "HTTPS" "outgoing via 192.168.50.30"
192.168.1.15 - rquintanilla [22/Aug/2021:07:36:06 -0500] "CONNECT socialstat.rt.com:443 HTTP/1.1" 200 0 "HTTPS" "outgoing via 192.168.50.30"
192.168.1.15 - rquintanilla [22/Aug/2021:07:36:07 -0500] "CONNECT mathid.mathtag.com:443 HTTP/1.1" 200 0 "HTTPS" "outgoing via 192.168.50.30"
192.168.1.15 - rquintanilla [22/Aug/2021:07:36:07 -0500] "POST http://ocsp.pki.goog/gts1c3 HTTP/1.1" 200 850 "HTTP" ""
192.168.1.15 - rquintanilla [22/Aug/2021:07:36:08 -0500] "POST http://ocsp.sca1b.amazontrust.com/ HTTP/1.1" 200 1125 "HTTP" ""
192.168.1.15 - rquintanilla [22/Aug/2021:07:36:08 -0500] "CONNECT mathid.mathtag.com:443 HTTP/1.1" 200 0 "HTTPS" "outgoing via 192.168.50.30"
192.168.1.15 - rquintanilla [22/Aug/2021:07:36:08 -0500] "CONNECT cdni.rbth.com:443 HTTP/1.1" 200 0 "HTTPS" "outgoing via 192.168.50.30"
192.168.1.15 - rquintanilla [22/Aug/2021:07:36:09 -0500] "CONNECT platform.instagram.com:443 HTTP/1.1" 200 0 "HTTPS" "outgoing via 192.168.50.30"
192.168.1.15 - rquintanilla [22/Aug/2021:07:36:09 -0500] "CONNECT ib.adnxs.com:443 HTTP/1.1" 200 0 "HTTPS" "outgoing via 192.168.50.30"
192.168.1.15 - rquintanilla [22/Aug/2021:07:36:09 -0500] "CONNECT securepubads.g.doubleclick.net:443 HTTP/1.1" 200 0 "HTTPS" "outgoing via 192.168.50.30"
192.168.1.15 - rquintanilla [22/Aug/2021:07:36:10 -0500] "CONNECT securepubads.g.doubleclick.net:443 HTTP/1.1" 200 0 "HTTPS" "outgoing via 192.168.50.30"
192.168.1.15 - rquintanilla [22/Aug/2021:07:36:11 -0500] "CONNECT ib.adnxs.com:443 HTTP/1.1" 200 0 "HTTPS" "outgoing via 192.168.50.30"
192.168.10.20 - arodriguez [22/Aug/2021:07:36:16 -0500] "CONNECT relay-8897650c.net.anydesk.com:80 HTTP/1.1" 200 0 "HTTPS" "outgoing via 192.168.50.30"
192.168.1.15 - rquintanilla [22/Aug/2021:07:36:16 -0500] "CONNECT socialstat.rt.com:443 HTTP/1.1" 200 0 "HTTPS" "outgoing via 192.168.50.30"
192.168.1.15 - rquintanilla [22/Aug/2021:07:36:18 -0500] "CONNECT googleads.g.doubleclick.net:443 HTTP/1.1" 200 0 "HTTPS" "outgoing via 192.168.50.30"
192.168.1.15 - rquintanilla [22/Aug/2021:07:36:18 -0500] "CONNECT static.doubleclick.net:443 HTTP/1.1" 200 0 "HTTPS" "outgoing via 192.168.50.30"
192.168.1.15 - rquintanilla [22/Aug/2021:07:36:18 -0500] "CONNECT ib.adnxs.com:443 HTTP/1.1" 200 0 "HTTPS" "outgoing via 192.168.50.30"
192.168.1.15 - rquintanilla [22/Aug/2021:07:36:18 -0500] "CONNECT securepubads.g.doubleclick.net:443 HTTP/1.1" 200 0 "HTTPS" "outgoing via 192.168.50.30"
192.168.1.15 - rquintanilla [22/Aug/2021:07:36:19 -0500] "CONNECT securepubads.g.doubleclick.net:443 HTTP/1.1" 200 0 "HTTPS" "outgoing via 192.168.50.30"
192.168.1.15 - rquintanilla [22/Aug/2021:07:36:23 -0500] "CONNECT ib.adnxs.com:443 HTTP/1.1" 200 0 "HTTPS" "outgoing via 192.168.50.30"
192.168.1.15 - rquintanilla [22/Aug/2021:07:36:27 -0500] "CONNECT cdni.rbth.com:443 HTTP/1.1" 200 0 "HTTPS" "outgoing via 192.168.50.30"
192.168.1.15 - rquintanilla [22/Aug/2021:07:36:40 -0500] "CONNECT api-2-0.spot.im:443 HTTP/1.1" 200 0 "HTTPS" "outgoing via 192.168.50.30"
192.168.1.15 - rquintanilla [22/Aug/2021:07:36:40 -0500] "CONNECT socialstat.rt.com:443 HTTP/1.1" 200 0 "HTTPS" "outgoing via 192.168.50.30"
192.168.1.15 - rquintanilla [22/Aug/2021:07:36:41 -0500] "CONNECT googleads.g.doubleclick.net:443 HTTP/1.1" 200 0 "HTTPS" "outgoing via 192.168.50.30"
192.168.1.15 - rquintanilla [22/Aug/2021:07:36:41 -0500] "CONNECT static.doubleclick.net:443 HTTP/1.1" 200 0 "HTTPS" "outgoing via 192.168.50.30"
192.168.1.15 - rquintanilla [22/Aug/2021:07:36:42 -0500] "GET http://detectportal.firefox.com/canonical.html HTTP/1.1" 200 444 "HTTP" ""
192.168.1.15 - rquintanilla [22/Aug/2021:07:36:43 -0500] "CONNECT securepubads.g.doubleclick.net:443 HTTP/1.1" 200 0 "HTTPS" "outgoing via 192.168.50.30"
192.168.1.15 - rquintanilla [22/Aug/2021:07:36:43 -0500] "CONNECT platform.instagram.com:443 HTTP/1.1" 200 0 "HTTPS" "outgoing via 192.168.50.30"
192.168.1.15 - rquintanilla [22/Aug/2021:07:36:43 -0500] "CONNECT securepubads.g.doubleclick.net:443 HTTP/1.1" 200 0 "HTTPS" "outgoing via 192.168.50.30"
