192.168.1.15 - jacome [26/Sep/2021:11:42:32 -0500] "GET http://detectportal.firefox.com/canonical.html HTTP/1.1" 200 1896 "HTTP" "Error 403 (Forbidden)!!1"
192.168.1.15 - jacome [26/Sep/2021:11:42:34 -0500] "GET http://detectportal.firefox.com/canonical.html HTTP/1.1" 200 1896 "HTTP" "Error 403 (Forbidden)!!1"
192.168.10.20 - arodriguez [26/Sep/2021:11:42:35 -0500] "CONNECT relay-94ea071e.net.anydesk.com:80 HTTP/1.1" 200 0 "HTTPS" "outgoing via 192.168.50.30"
192.168.1.15 - jacome [26/Sep/2021:11:42:37 -0500] "GET http://detectportal.firefox.com/canonical.html HTTP/1.1" 200 1896 "HTTP" "Error 403 (Forbidden)!!1"
192.168.1.15 - jacome [26/Sep/2021:11:42:40 -0500] "GET http://detectportal.firefox.com/canonical.html HTTP/1.1" 200 1896 "HTTP" "Error 403 (Forbidden)!!1"
192.168.1.15 - jacome [26/Sep/2021:11:42:44 -0500] "GET http://detectportal.firefox.com/canonical.html HTTP/1.1" 200 1896 "HTTP" "Error 403 (Forbidden)!!1"
192.168.1.15 - jacome [26/Sep/2021:11:42:52 -0500] "CONNECT aus5.mozilla.org:443 HTTP/1.1" 200 0 "HTTPS" "outgoing via 192.168.50.30"
192.168.10.20 - arodriguez [26/Sep/2021:11:43:04 -0500] "CONNECT relay-94ea071e.net.anydesk.com:80 HTTP/1.1" 200 0 "HTTPS" "outgoing via 192.168.50.30"
192.168.1.15 - jacome [26/Sep/2021:11:43:32 -0500] "GET http://detectportal.firefox.com/canonical.html HTTP/1.1" 200 1896 "HTTP" "Error 403 (Forbidden)!!1"
192.168.10.20 - arodriguez [26/Sep/2021:11:43:33 -0500] "CONNECT relay-94ea071e.net.anydesk.com:80 HTTP/1.1" 200 0 "HTTPS" "outgoing via 192.168.50.30"
192.168.1.15 - jacome [26/Sep/2021:11:43:34 -0500] "GET http://detectportal.firefox.com/canonical.html HTTP/1.1" 200 1896 "HTTP" "Error 403 (Forbidden)!!1"
192.168.1.15 - jacome [26/Sep/2021:11:43:37 -0500] "GET http://detectportal.firefox.com/canonical.html HTTP/1.1" 200 1896 "HTTP" "Error 403 (Forbidden)!!1"
192.168.1.15 - jacome [26/Sep/2021:11:43:40 -0500] "GET http://detectportal.firefox.com/canonical.html HTTP/1.1" 200 1896 "HTTP" "Error 403 (Forbidden)!!1"
192.168.1.15 - jacome [26/Sep/2021:11:43:44 -0500] "GET http://detectportal.firefox.com/canonical.html HTTP/1.1" 200 1896 "HTTP" "Error 403 (Forbidden)!!1"
192.168.10.20 - arodriguez [26/Sep/2021:11:44:02 -0500] "CONNECT relay-94ea071e.net.anydesk.com:80 HTTP/1.1" 200 0 "HTTPS" "outgoing via 192.168.50.30"
192.168.1.15 - jacome [26/Sep/2021:11:44:29 -0500] "CONNECT static.xx.fbcdn.net:443 HTTP/1.1" 200 0 "HTTPS" "outgoing via 192.168.50.30"
192.168.1.15 - jacome [26/Sep/2021:11:44:29 -0500] "CONNECT external-mia3-2.xx.fbcdn.net:443 HTTP/1.1" 200 0 "HTTPS" "outgoing via 192.168.50.30"
192.168.1.15 - jacome [26/Sep/2021:11:44:29 -0500] "GET http://detectportal.firefox.com/canonical.html HTTP/1.1" 200 1896 "HTTP" "Error 403 (Forbidden)!!1"
192.168.10.20 - arodriguez [26/Sep/2021:11:44:31 -0500] "CONNECT relay-94ea071e.net.anydesk.com:80 HTTP/1.1" 200 0 "HTTPS" "outgoing via 192.168.50.30"
192.168.1.15 - jacome [26/Sep/2021:11:44:32 -0500] "GET http://detectportal.firefox.com/canonical.html HTTP/1.1" 200 1896 "HTTP" "Error 403 (Forbidden)!!1"
192.168.1.15 - jacome [26/Sep/2021:11:44:32 -0500] "GET http://detectportal.firefox.com/canonical.html HTTP/1.1" 200 1896 "HTTP" "Error 403 (Forbidden)!!1"
192.168.1.15 - jacome [26/Sep/2021:11:44:32 -0500] "GET http://detectportal.firefox.com/canonical.html HTTP/1.1" 200 1896 "HTTP" "Error 403 (Forbidden)!!1"
192.168.1.15 - jacome [26/Sep/2021:11:44:33 -0500] "GET http://detectportal.firefox.com/canonical.html HTTP/1.1" 200 1896 "HTTP" "Error 403 (Forbidden)!!1"
192.168.1.15 - jacome [26/Sep/2021:11:44:33 -0500] "GET http://detectportal.firefox.com/canonical.html HTTP/1.1" 200 1896 "HTTP" "Error 403 (Forbidden)!!1"
192.168.1.15 - jacome [26/Sep/2021:11:44:39 -0500] "CONNECT video-mia3-2.xx.fbcdn.net:443 HTTP/1.1" 200 0 "HTTPS" "outgoing via 192.168.50.30"
192.168.10.20 - arodriguez [26/Sep/2021:11:44:44 -0500] "CONNECT relay-717265af.net.anydesk.com:80 HTTP/1.1" 200 0 "HTTPS" "outgoing via 192.168.50.30"
192.168.1.15 - jacome [26/Sep/2021:11:44:52 -0500] "CONNECT firefox.settings.services.mozilla.com:443 HTTP/1.1" 200 0 "HTTPS" "outgoing via 192.168.50.30"
192.168.1.15 - jacome [26/Sep/2021:11:44:54 -0500] "CONNECT content-signature-2.cdn.mozilla.net:443 HTTP/1.1" 200 0 "HTTPS" "outgoing via 192.168.50.30"
192.168.1.15 - jacome [26/Sep/2021:11:44:58 -0500] "CONNECT firefox.settings.services.mozilla.com:443 HTTP/1.1" 200 0 "HTTPS" "outgoing via 192.168.50.30"
192.168.1.15 - jacome [26/Sep/2021:11:44:58 -0500] "CONNECT scontent-mia3-1.xx.fbcdn.net:443 HTTP/1.1" 200 0 "HTTPS" "outgoing via 192.168.50.30"
192.168.1.15 - jacome [26/Sep/2021:11:45:00 -0500] "CONNECT firefox.settings.services.mozilla.com:443 HTTP/1.1" 200 0 "HTTPS" "outgoing via 192.168.50.30"
192.168.1.15 - jacome [26/Sep/2021:11:45:00 -0500] "CONNECT firefox.settings.services.mozilla.com:443 HTTP/1.1" 200 0 "HTTPS" "outgoing via 192.168.50.30"
192.168.1.15 - jacome [26/Sep/2021:11:45:01 -0500] "CONNECT firefox-settings-attachments.cdn.mozilla.net:443 HTTP/1.1" 200 0 "HTTPS" "outgoing via 192.168.50.30"
192.168.1.15 - jacome [26/Sep/2021:11:45:01 -0500] "CONNECT firefox-settings-attachments.cdn.mozilla.net:443 HTTP/1.1" 200 0 "HTTPS" "outgoing via 192.168.50.30"
192.168.10.20 - arodriguez [26/Sep/2021:11:45:13 -0500] "CONNECT relay-717265af.net.anydesk.com:80 HTTP/1.1" 200 0 "HTTPS" "outgoing via 192.168.50.30"
192.168.1.15 - jacome [26/Sep/2021:11:45:24 -0500] "CONNECT www.facebook.com:443 HTTP/1.1" 200 0 "HTTPS" "outgoing via 192.168.50.30"
192.168.1.15 - jacome [26/Sep/2021:11:45:25 -0500] "CONNECT scontent-mia3-1.xx.fbcdn.net:443 HTTP/1.1" 200 0 "HTTPS" "outgoing via 192.168.50.30"
192.168.1.15 - jacome [26/Sep/2021:11:45:27 -0500] "CONNECT scontent-mia3-2.xx.fbcdn.net:443 HTTP/1.1" 200 0 "HTTPS" "outgoing via 192.168.50.30"
192.168.1.15 - jacome [26/Sep/2021:11:45:29 -0500] "CONNECT gateway.facebook.com:443 HTTP/1.1" 200 0 "HTTPS" "outgoing via 192.168.50.30"
192.168.1.15 - jacome [26/Sep/2021:11:45:30 -0500] "GET http://detectportal.firefox.com/canonical.html HTTP/1.1" 200 1896 "HTTP" "Error 403 (Forbidden)!!1"
192.168.1.15 - jacome [26/Sep/2021:11:45:30 -0500] "GET http://detectportal.firefox.com/canonical.html HTTP/1.1" 200 1896 "HTTP" "Error 403 (Forbidden)!!1"
192.168.1.15 - jacome [26/Sep/2021:11:45:30 -0500] "GET http://detectportal.firefox.com/canonical.html HTTP/1.1" 200 1896 "HTTP" "Error 403 (Forbidden)!!1"
192.168.1.15 - jacome [26/Sep/2021:11:45:30 -0500] "GET http://detectportal.firefox.com/canonical.html HTTP/1.1" 200 1896 "HTTP" "Error 403 (Forbidden)!!1"
192.168.1.15 - jacome [26/Sep/2021:11:45:30 -0500] "GET http://detectportal.firefox.com/canonical.html HTTP/1.1" 200 1896 "HTTP" "Error 403 (Forbidden)!!1"
192.168.10.20 - arodriguez [26/Sep/2021:11:45:42 -0500] "CONNECT relay-717265af.net.anydesk.com:80 HTTP/1.1" 200 0 "HTTPS" "outgoing via 192.168.50.30"
192.168.10.20 - arodriguez [26/Sep/2021:11:45:56 -0500] "CONNECT relay-283e3f4a.net.anydesk.com:80 HTTP/1.1" 200 0 "HTTPS" "outgoing via 192.168.50.30"
192.168.10.20 - arodriguez [26/Sep/2021:11:46:25 -0500] "CONNECT relay-283e3f4a.net.anydesk.com:80 HTTP/1.1" 200 0 "HTTPS" "outgoing via 192.168.50.30"
192.168.1.15 - jacome [26/Sep/2021:11:46:29 -0500] "GET http://detectportal.firefox.com/canonical.html HTTP/1.1" 200 1896 "HTTP" "Error 403 (Forbidden)!!1"
192.168.1.15 - jacome [26/Sep/2021:11:46:30 -0500] "GET http://detectportal.firefox.com/canonical.html HTTP/1.1" 200 1896 "HTTP" "Error 403 (Forbidden)!!1"
192.168.1.15 - jacome [26/Sep/2021:11:46:30 -0500] "GET http://detectportal.firefox.com/canonical.html HTTP/1.1" 200 1896 "HTTP" "Error 403 (Forbidden)!!1"
192.168.1.15 - jacome [26/Sep/2021:11:46:30 -0500] "GET http://detectportal.firefox.com/canonical.html HTTP/1.1" 200 1896 "HTTP" "Error 403 (Forbidden)!!1"
192.168.1.15 - jacome [26/Sep/2021:11:46:30 -0500] "GET http://detectportal.firefox.com/canonical.html HTTP/1.1" 200 1896 "HTTP" "Error 403 (Forbidden)!!1"
192.168.1.15 - jacome [26/Sep/2021:11:46:30 -0500] "GET http://detectportal.firefox.com/canonical.html HTTP/1.1" 200 1896 "HTTP" "Error 403 (Forbidden)!!1"
192.168.1.15 - jacome [26/Sep/2021:11:46:47 -0500] "CONNECT push.services.mozilla.com:443 HTTP/1.1" 200 0 "HTTPS" "outgoing via 192.168.50.30"
192.168.1.15 - jacome [26/Sep/2021:11:46:52 -0500] "CONNECT services.addons.mozilla.org:443 HTTP/1.1" 200 0 "HTTPS" "outgoing via 192.168.50.30"
192.168.10.20 - arodriguez [26/Sep/2021:11:46:54 -0500] "CONNECT relay-283e3f4a.net.anydesk.com:80 HTTP/1.1" 200 0 "HTTPS" "outgoing via 192.168.50.30"
192.168.1.15 - jacome [26/Sep/2021:11:46:54 -0500] "CONNECT versioncheck-bg.addons.mozilla.org:443 HTTP/1.1" 200 0 "HTTPS" "outgoing via 192.168.50.30"
192.168.1.15 - jacome [26/Sep/2021:11:46:54 -0500] "CONNECT versioncheck-bg.addons.mozilla.org:443 HTTP/1.1" 200 0 "HTTPS" "outgoing via 192.168.50.30"
192.168.1.15 - jacome [26/Sep/2021:11:46:54 -0500] "CONNECT versioncheck-bg.addons.mozilla.org:443 HTTP/1.1" 200 0 "HTTPS" "outgoing via 192.168.50.30"
192.168.1.15 - jacome [26/Sep/2021:11:46:54 -0500] "CONNECT versioncheck-bg.addons.mozilla.org:443 HTTP/1.1" 200 0 "HTTPS" "outgoing via 192.168.50.30"
192.168.1.15 - jacome [26/Sep/2021:11:46:54 -0500] "CONNECT versioncheck-bg.addons.mozilla.org:443 HTTP/1.1" 200 0 "HTTPS" "outgoing via 192.168.50.30"
192.168.1.15 - jacome [26/Sep/2021:11:46:54 -0500] "CONNECT versioncheck-bg.addons.mozilla.org:443 HTTP/1.1" 200 0 "HTTPS" "outgoing via 192.168.50.30"
192.168.1.15 - jacome [26/Sep/2021:11:46:56 -0500] "CONNECT aus5.mozilla.org:443 HTTP/1.1" 200 0 "HTTPS" "outgoing via 192.168.50.30"
192.168.1.15 - jacome [26/Sep/2021:11:46:56 -0500] "POST http://ocsp.digicert.com/ HTTP/1.1" 200 886 "HTTP" ""
192.168.10.20 - arodriguez [26/Sep/2021:11:47:23 -0500] "CONNECT relay-283e3f4a.net.anydesk.com:80 HTTP/1.1" 200 0 "HTTPS" "outgoing via 192.168.50.30"
192.168.10.20 - arodriguez [26/Sep/2021:11:47:52 -0500] "CONNECT relay-283e3f4a.net.anydesk.com:80 HTTP/1.1" 200 0 "HTTPS" "outgoing via 192.168.50.30"
192.168.10.20 - arodriguez [26/Sep/2021:11:48:05 -0500] "CONNECT relay-82fc4166.net.anydesk.com:80 HTTP/1.1" 200 0 "HTTPS" "outgoing via 192.168.50.30"
192.168.10.20 - arodriguez [26/Sep/2021:11:48:34 -0500] "CONNECT relay-82fc4166.net.anydesk.com:80 HTTP/1.1" 200 0 "HTTPS" "outgoing via 192.168.50.30"
192.168.10.20 - arodriguez [26/Sep/2021:11:49:03 -0500] "CONNECT relay-82fc4166.net.anydesk.com:80 HTTP/1.1" 200 0 "HTTPS" "outgoing via 192.168.50.30"
192.168.10.20 - arodriguez [26/Sep/2021:11:49:32 -0500] "CONNECT relay-82fc4166.net.anydesk.com:80 HTTP/1.1" 200 0 "HTTPS" "outgoing via 192.168.50.30"
192.168.1.15 - jacome [26/Sep/2021:11:49:34 -0500] "CONNECT incoming.telemetry.mozilla.org:443 HTTP/1.1" 200 0 "HTTPS" "outgoing via 192.168.50.30"
192.168.10.20 - arodriguez [26/Sep/2021:11:49:46 -0500] "CONNECT relay-bf5451a5.net.anydesk.com:80 HTTP/1.1" 200 0 "HTTPS" "outgoing via 192.168.50.30"
192.168.10.20 - arodriguez [26/Sep/2021:11:50:15 -0500] "CONNECT relay-bf5451a5.net.anydesk.com:80 HTTP/1.1" 200 0 "HTTPS" "outgoing via 192.168.50.30"
192.168.10.20 - arodriguez [26/Sep/2021:11:50:44 -0500] "CONNECT relay-bf5451a5.net.anydesk.com:80 HTTP/1.1" 200 0 "HTTPS" "outgoing via 192.168.50.30"
192.168.1.15 - jacome [26/Sep/2021:11:50:52 -0500] "CONNECT incoming.telemetry.mozilla.org:443 HTTP/1.1" 200 0 "HTTPS" "outgoing via 192.168.50.30"
192.168.50.8 - arodriguez [26/Sep/2021:11:50:55 -0500] "HEAD http://update.eset.com/eset_eval/update.ver HTTP/1.1" 200 383 "HTTP" ""
192.168.10.20 - arodriguez [26/Sep/2021:11:50:57 -0500] "CONNECT relay-8897650c.net.anydesk.com:80 HTTP/1.1" 200 0 "HTTPS" "outgoing via 192.168.50.30"
192.168.10.20 - arodriguez [26/Sep/2021:11:51:26 -0500] "CONNECT relay-8897650c.net.anydesk.com:80 HTTP/1.1" 200 0 "HTTPS" "outgoing via 192.168.50.30"
192.168.1.15 - jacome [26/Sep/2021:11:51:28 -0500] "CONNECT scontent-mia3-2.xx.fbcdn.net:443 HTTP/1.1" 200 0 "HTTPS" "outgoing via 192.168.50.30"
192.168.1.15 - jacome [26/Sep/2021:11:51:30 -0500] "GET http://detectportal.firefox.com/canonical.html HTTP/1.1" 200 1896 "HTTP" "Error 403 (Forbidden)!!1"
192.168.1.15 - jacome [26/Sep/2021:11:51:30 -0500] "GET http://detectportal.firefox.com/canonical.html HTTP/1.1" 200 1896 "HTTP" "Error 403 (Forbidden)!!1"
192.168.1.15 - jacome [26/Sep/2021:11:51:30 -0500] "GET http://detectportal.firefox.com/canonical.html HTTP/1.1" 200 1896 "HTTP" "Error 403 (Forbidden)!!1"
192.168.1.15 - jacome [26/Sep/2021:11:51:30 -0500] "GET http://detectportal.firefox.com/canonical.html HTTP/1.1" 200 1896 "HTTP" "Error 403 (Forbidden)!!1"
192.168.1.15 - jacome [26/Sep/2021:11:51:30 -0500] "GET http://detectportal.firefox.com/canonical.html HTTP/1.1" 200 1896 "HTTP" "Error 403 (Forbidden)!!1"
192.168.1.15 - jacome [26/Sep/2021:11:51:32 -0500] "CONNECT static.xx.fbcdn.net:443 HTTP/1.1" 200 0 "HTTPS" "outgoing via 192.168.50.30"
192.168.1.15 - jacome [26/Sep/2021:11:51:32 -0500] "CONNECT cdn.fbsbx.com:443 HTTP/1.1" 200 0 "HTTPS" "outgoing via 192.168.50.30"
192.168.10.20 - arodriguez [26/Sep/2021:11:51:56 -0500] "CONNECT relay-8897650c.net.anydesk.com:80 HTTP/1.1" 200 0 "HTTPS" "outgoing via 192.168.50.30"
192.168.10.20 - arodriguez [26/Sep/2021:11:52:26 -0500] "CONNECT relay-8897650c.net.anydesk.com:80 HTTP/1.1" 200 0 "HTTPS" "outgoing via 192.168.50.30"
192.168.10.20 - arodriguez [26/Sep/2021:11:52:27 -0500] "CONNECT relay-8897650c.net.anydesk.com:443 HTTP/1.1" 200 0 "HTTPS" "outgoing via 192.168.50.30"
192.168.1.15 - jacome [26/Sep/2021:11:52:54 -0500] "CONNECT video-mia3-2.xx.fbcdn.net:443 HTTP/1.1" 200 0 "HTTPS" "outgoing via 192.168.50.30"
192.168.1.15 - jacome [26/Sep/2021:11:52:54 -0500] "CONNECT video-mia3-1.xx.fbcdn.net:443 HTTP/1.1" 200 0 "HTTPS" "outgoing via 192.168.50.30"
192.168.1.15 - jacome [26/Sep/2021:11:52:54 -0500] "CONNECT video-mia3-2.xx.fbcdn.net:443 HTTP/1.1" 200 0 "HTTPS" "outgoing via 192.168.50.30"
192.168.1.15 - jacome [26/Sep/2021:11:52:54 -0500] "CONNECT video-mia3-1.xx.fbcdn.net:443 HTTP/1.1" 200 0 "HTTPS" "outgoing via 192.168.50.30"
192.168.1.15 - jacome [26/Sep/2021:11:52:54 -0500] "CONNECT video-mia3-1.xx.fbcdn.net:443 HTTP/1.1" 200 0 "HTTPS" "outgoing via 192.168.50.30"
192.168.1.15 - jacome [26/Sep/2021:11:52:54 -0500] "CONNECT video-mia3-2.xx.fbcdn.net:443 HTTP/1.1" 200 0 "HTTPS" "outgoing via 192.168.50.30"
192.168.1.15 - jacome [26/Sep/2021:11:52:55 -0500] "CONNECT video-mia3-1.xx.fbcdn.net:443 HTTP/1.1" 200 0 "HTTPS" "outgoing via 192.168.50.30"
192.168.1.15 - jacome [26/Sep/2021:11:52:57 -0500] "CONNECT video-mia3-1.xx.fbcdn.net:443 HTTP/1.1" 200 0 "HTTPS" "outgoing via 192.168.50.30"
192.168.10.20 - arodriguez [26/Sep/2021:11:52:59 -0500] "CONNECT relay-8897650c.net.anydesk.com:80 HTTP/1.1" 200 0 "HTTPS" "outgoing via 192.168.50.30"
192.168.10.20 - arodriguez [26/Sep/2021:11:53:01 -0500] "CONNECT relay-8897650c.net.anydesk.com:443 HTTP/1.1" 200 0 "HTTPS" "outgoing via 192.168.50.30"
192.168.10.20 - arodriguez [26/Sep/2021:11:53:17 -0500] "CONNECT relay-1954f6f5.net.anydesk.com:80 HTTP/1.1" 200 0 "HTTPS" "outgoing via 192.168.50.30"
192.168.10.20 - arodriguez [26/Sep/2021:11:53:18 -0500] "CONNECT relay-1954f6f5.net.anydesk.com:443 HTTP/1.1" 200 0 "HTTPS" "outgoing via 192.168.50.30"
192.168.10.20 - arodriguez [26/Sep/2021:11:53:19 -0500] "CONNECT relay-1954f6f5.net.anydesk.com:6568 HTTP/1.1" 200 0 "HTTPS" "outgoing via 192.168.50.30"
192.168.10.20 - arodriguez [26/Sep/2021:11:53:48 -0500] "CONNECT relay-1954f6f5.net.anydesk.com:80 HTTP/1.1" 200 0 "HTTPS" "outgoing via 192.168.50.30"
192.168.10.20 - arodriguez [26/Sep/2021:11:54:17 -0500] "CONNECT relay-1954f6f5.net.anydesk.com:80 HTTP/1.1" 200 0 "HTTPS" "outgoing via 192.168.50.30"
192.168.1.15 - jacome [26/Sep/2021:11:54:19 -0500] "CONNECT incoming.telemetry.mozilla.org:443 HTTP/1.1" 200 0 "HTTPS" "outgoing via 192.168.50.30"
192.168.10.20 - arodriguez [26/Sep/2021:11:54:47 -0500] "CONNECT relay-1954f6f5.net.anydesk.com:80 HTTP/1.1" 200 0 "HTTPS" "outgoing via 192.168.50.30"
192.168.1.15 - jacome [26/Sep/2021:11:54:56 -0500] "CONNECT incoming.telemetry.mozilla.org:443 HTTP/1.1" 200 0 "HTTPS" "outgoing via 192.168.50.30"
192.168.10.20 - arodriguez [26/Sep/2021:11:55:16 -0500] "CONNECT relay-1954f6f5.net.anydesk.com:80 HTTP/1.1" 200 0 "HTTPS" "outgoing via 192.168.50.30"
192.168.10.20 - arodriguez [26/Sep/2021:11:55:29 -0500] "CONNECT relay-1c040ae6.net.anydesk.com:80 HTTP/1.1" 200 0 "HTTPS" "outgoing via 192.168.50.30"
192.168.10.20 - arodriguez [26/Sep/2021:11:55:58 -0500] "CONNECT relay-1c040ae6.net.anydesk.com:80 HTTP/1.1" 200 0 "HTTPS" "outgoing via 192.168.50.30"
192.168.10.20 - arodriguez [26/Sep/2021:11:56:27 -0500] "CONNECT relay-1c040ae6.net.anydesk.com:80 HTTP/1.1" 200 0 "HTTPS" "outgoing via 192.168.50.30"
192.168.1.15 - jacome [26/Sep/2021:11:56:27 -0500] "CONNECT scontent-mia3-2.xx.fbcdn.net:443 HTTP/1.1" 200 0 "HTTPS" "outgoing via 192.168.50.30"
192.168.1.15 - jacome [26/Sep/2021:11:56:30 -0500] "GET http://detectportal.firefox.com/canonical.html HTTP/1.1" 200 1896 "HTTP" "Error 403 (Forbidden)!!1"
192.168.1.15 - jacome [26/Sep/2021:11:56:30 -0500] "GET http://detectportal.firefox.com/canonical.html HTTP/1.1" 200 1896 "HTTP" "Error 403 (Forbidden)!!1"
192.168.1.15 - jacome [26/Sep/2021:11:56:30 -0500] "GET http://detectportal.firefox.com/canonical.html HTTP/1.1" 200 1896 "HTTP" "Error 403 (Forbidden)!!1"
192.168.1.15 - jacome [26/Sep/2021:11:56:30 -0500] "GET http://detectportal.firefox.com/canonical.html HTTP/1.1" 200 1896 "HTTP" "Error 403 (Forbidden)!!1"
192.168.1.15 - jacome [26/Sep/2021:11:56:30 -0500] "GET http://detectportal.firefox.com/canonical.html HTTP/1.1" 200 1896 "HTTP" "Error 403 (Forbidden)!!1"
192.168.1.15 - jacome [26/Sep/2021:11:56:33 -0500] "CONNECT contile.services.mozilla.com:443 HTTP/1.1" 200 0 "HTTPS" "outgoing via 192.168.50.30"
192.168.1.15 - jacome [26/Sep/2021:11:56:54 -0500] "CONNECT push.services.mozilla.com:443 HTTP/1.1" 200 0 "HTTPS" "outgoing via 192.168.50.30"
192.168.10.20 - arodriguez [26/Sep/2021:11:56:56 -0500] "CONNECT relay-1c040ae6.net.anydesk.com:80 HTTP/1.1" 200 0 "HTTPS" "outgoing via 192.168.50.30"
192.168.10.20 - arodriguez [26/Sep/2021:11:57:10 -0500] "CONNECT relay-922f66f3.net.anydesk.com:80 HTTP/1.1" 200 0 "HTTPS" "outgoing via 192.168.50.30"
192.168.10.20 - arodriguez [26/Sep/2021:11:57:39 -0500] "CONNECT relay-922f66f3.net.anydesk.com:80 HTTP/1.1" 200 0 "HTTPS" "outgoing via 192.168.50.30"
192.168.1.15 - jacome [26/Sep/2021:11:57:47 -0500] "CONNECT scontent-mia3-1.xx.fbcdn.net:443 HTTP/1.1" 200 0 "HTTPS" "outgoing via 192.168.50.30"
192.168.10.20 - arodriguez [26/Sep/2021:11:58:08 -0500] "CONNECT relay-922f66f3.net.anydesk.com:80 HTTP/1.1" 200 0 "HTTPS" "outgoing via 192.168.50.30"
192.168.1.15 - jacome [26/Sep/2021:11:58:11 -0500] "CONNECT scontent.xx.fbcdn.net:443 HTTP/1.1" 200 0 "HTTPS" "outgoing via 192.168.50.30"
192.168.10.20 - arodriguez [26/Sep/2021:11:58:37 -0500] "CONNECT relay-922f66f3.net.anydesk.com:80 HTTP/1.1" 200 0 "HTTPS" "outgoing via 192.168.50.30"
192.168.10.20 - arodriguez [26/Sep/2021:11:59:06 -0500] "CONNECT relay-922f66f3.net.anydesk.com:80 HTTP/1.1" 200 0 "HTTPS" "outgoing via 192.168.50.30"
192.168.10.20 - arodriguez [26/Sep/2021:11:59:35 -0500] "CONNECT relay-922f66f3.net.anydesk.com:80 HTTP/1.1" 200 0 "HTTPS" "outgoing via 192.168.50.30"
192.168.1.15 - jacome [26/Sep/2021:11:59:51 -0500] "CONNECT static.xx.fbcdn.net:443 HTTP/1.1" 200 0 "HTTPS" "outgoing via 192.168.50.30"
192.168.1.15 - jacome [26/Sep/2021:11:59:51 -0500] "CONNECT external-mia3-2.xx.fbcdn.net:443 HTTP/1.1" 200 0 "HTTPS" "outgoing via 192.168.50.30"
192.168.1.15 - jacome [26/Sep/2021:11:59:57 -0500] "CONNECT video-mia3-2.xx.fbcdn.net:443 HTTP/1.1" 200 0 "HTTPS" "outgoing via 192.168.50.30"
192.168.1.15 - jacome [26/Sep/2021:11:59:57 -0500] "CONNECT video-mia3-1.xx.fbcdn.net:443 HTTP/1.1" 200 0 "HTTPS" "outgoing via 192.168.50.30"
192.168.1.15 - jacome [26/Sep/2021:12:01:30 -0500] "GET http://detectportal.firefox.com/canonical.html HTTP/1.1" 200 1896 "HTTP" "Error 403 (Forbidden)!!1"
192.168.1.15 - jacome [26/Sep/2021:12:01:30 -0500] "GET http://detectportal.firefox.com/canonical.html HTTP/1.1" 200 1896 "HTTP" "Error 403 (Forbidden)!!1"
192.168.1.15 - jacome [26/Sep/2021:12:01:30 -0500] "GET http://detectportal.firefox.com/canonical.html HTTP/1.1" 200 1896 "HTTP" "Error 403 (Forbidden)!!1"
192.168.1.15 - jacome [26/Sep/2021:12:01:30 -0500] "GET http://detectportal.firefox.com/canonical.html HTTP/1.1" 200 1896 "HTTP" "Error 403 (Forbidden)!!1"
192.168.1.15 - jacome [26/Sep/2021:12:01:30 -0500] "GET http://detectportal.firefox.com/canonical.html HTTP/1.1" 200 1896 "HTTP" "Error 403 (Forbidden)!!1"
192.168.1.15 - jacome [26/Sep/2021:12:03:05 -0500] "CONNECT incoming.telemetry.mozilla.org:443 HTTP/1.1" 200 0 "HTTPS" "outgoing via 192.168.50.30"
192.168.10.20 - arodriguez [26/Sep/2021:12:04:49 -0500] "CONNECT relay-922f66f3.net.anydesk.com:80 HTTP/1.1" 200 0 "HTTPS" "outgoing via 192.168.50.30"
192.168.10.20 - arodriguez [26/Sep/2021:12:05:18 -0500] "CONNECT relay-922f66f3.net.anydesk.com:80 HTTP/1.1" 200 0 "HTTPS" "outgoing via 192.168.50.30"
192.168.10.20 - arodriguez [26/Sep/2021:12:05:47 -0500] "CONNECT relay-922f66f3.net.anydesk.com:80 HTTP/1.1" 200 0 "HTTPS" "outgoing via 192.168.50.30"
192.168.1.15 - jacome [26/Sep/2021:12:06:06 -0500] "CONNECT video-mia3-1.xx.fbcdn.net:443 HTTP/1.1" 200 0 "HTTPS" "outgoing via 192.168.50.30"
192.168.10.20 - arodriguez [26/Sep/2021:12:06:16 -0500] "CONNECT relay-922f66f3.net.anydesk.com:80 HTTP/1.1" 200 0 "HTTPS" "outgoing via 192.168.50.30"
192.168.1.15 - jacome [26/Sep/2021:12:06:30 -0500] "GET http://detectportal.firefox.com/canonical.html HTTP/1.1" 200 1896 "HTTP" "Error 403 (Forbidden)!!1"
192.168.1.15 - jacome [26/Sep/2021:12:06:30 -0500] "GET http://detectportal.firefox.com/canonical.html HTTP/1.1" 200 1896 "HTTP" "Error 403 (Forbidden)!!1"
192.168.1.15 - jacome [26/Sep/2021:12:06:30 -0500] "GET http://detectportal.firefox.com/canonical.html HTTP/1.1" 200 1896 "HTTP" "Error 403 (Forbidden)!!1"
192.168.1.15 - jacome [26/Sep/2021:12:06:30 -0500] "GET http://detectportal.firefox.com/canonical.html HTTP/1.1" 200 1896 "HTTP" "Error 403 (Forbidden)!!1"
192.168.1.15 - jacome [26/Sep/2021:12:06:30 -0500] "GET http://detectportal.firefox.com/canonical.html HTTP/1.1" 200 1896 "HTTP" "Error 403 (Forbidden)!!1"
192.168.1.15 - jacome [26/Sep/2021:12:06:33 -0500] "CONNECT incoming.telemetry.mozilla.org:443 HTTP/1.1" 200 0 "HTTPS" "outgoing via 192.168.50.30"
192.168.10.20 - arodriguez [26/Sep/2021:12:06:45 -0500] "CONNECT relay-922f66f3.net.anydesk.com:80 HTTP/1.1" 200 0 "HTTPS" "outgoing via 192.168.50.30"
192.168.1.15 - jacome [26/Sep/2021:12:06:57 -0500] "CONNECT safebrowsing.googleapis.com:443 HTTP/1.1" 200 0 "HTTPS" "outgoing via 192.168.50.30"
192.168.10.20 - arodriguez [26/Sep/2021:12:07:14 -0500] "CONNECT relay-922f66f3.net.anydesk.com:80 HTTP/1.1" 200 0 "HTTPS" "outgoing via 192.168.50.30"
192.168.10.20 - arodriguez [26/Sep/2021:12:07:43 -0500] "CONNECT relay-922f66f3.net.anydesk.com:80 HTTP/1.1" 200 0 "HTTPS" "outgoing via 192.168.50.30"
192.168.10.20 - arodriguez [26/Sep/2021:12:08:12 -0500] "CONNECT relay-922f66f3.net.anydesk.com:80 HTTP/1.1" 200 0 "HTTPS" "outgoing via 192.168.50.30"
192.168.1.15 - jacome [26/Sep/2021:12:08:15 -0500] "CONNECT scontent.xx.fbcdn.net:443 HTTP/1.1" 200 0 "HTTPS" "outgoing via 192.168.50.30"
192.168.10.20 - arodriguez [26/Sep/2021:12:08:25 -0500] "CONNECT relay-69c95757.net.anydesk.com:80 HTTP/1.1" 200 0 "HTTPS" "outgoing via 192.168.50.30"
192.168.10.20 - arodriguez [26/Sep/2021:12:08:55 -0500] "CONNECT relay-69c95757.net.anydesk.com:80 HTTP/1.1" 200 0 "HTTPS" "outgoing via 192.168.50.30"
192.168.10.20 - arodriguez [26/Sep/2021:12:09:24 -0500] "CONNECT relay-69c95757.net.anydesk.com:80 HTTP/1.1" 200 0 "HTTPS" "outgoing via 192.168.50.30"
192.168.10.20 - arodriguez [26/Sep/2021:12:09:37 -0500] "CONNECT relay-12d968bc.net.anydesk.com:80 HTTP/1.1" 200 0 "HTTPS" "outgoing via 192.168.50.30"
192.168.10.20 - arodriguez [26/Sep/2021:12:10:06 -0500] "CONNECT relay-12d968bc.net.anydesk.com:80 HTTP/1.1" 200 0 "HTTPS" "outgoing via 192.168.50.30"
192.168.1.15 - jacome [26/Sep/2021:12:10:10 -0500] "CONNECT external-mia3-2.xx.fbcdn.net:443 HTTP/1.1" 200 0 "HTTPS" "outgoing via 192.168.50.30"
192.168.10.20 - arodriguez [26/Sep/2021:12:10:35 -0500] "CONNECT relay-12d968bc.net.anydesk.com:80 HTTP/1.1" 200 0 "HTTPS" "outgoing via 192.168.50.30"
192.168.10.20 - arodriguez [26/Sep/2021:12:10:49 -0500] "CONNECT relay-497b2e35.net.anydesk.com:80 HTTP/1.1" 200 0 "HTTPS" "outgoing via 192.168.50.30"
192.168.10.20 - arodriguez [26/Sep/2021:12:11:18 -0500] "CONNECT relay-497b2e35.net.anydesk.com:80 HTTP/1.1" 200 0 "HTTPS" "outgoing via 192.168.50.30"
192.168.1.15 - jacome [26/Sep/2021:12:11:30 -0500] "GET http://detectportal.firefox.com/canonical.html HTTP/1.1" 200 1896 "HTTP" "Error 403 (Forbidden)!!1"
192.168.1.15 - jacome [26/Sep/2021:12:11:30 -0500] "GET http://detectportal.firefox.com/canonical.html HTTP/1.1" 200 1896 "HTTP" "Error 403 (Forbidden)!!1"
192.168.1.15 - jacome [26/Sep/2021:12:11:30 -0500] "GET http://detectportal.firefox.com/canonical.html HTTP/1.1" 200 1896 "HTTP" "Error 403 (Forbidden)!!1"
192.168.1.15 - jacome [26/Sep/2021:12:11:30 -0500] "GET http://detectportal.firefox.com/canonical.html HTTP/1.1" 200 1896 "HTTP" "Error 403 (Forbidden)!!1"
192.168.1.15 - jacome [26/Sep/2021:12:11:30 -0500] "GET http://detectportal.firefox.com/canonical.html HTTP/1.1" 200 1896 "HTTP" "Error 403 (Forbidden)!!1"
192.168.1.15 - jacome [26/Sep/2021:12:11:33 -0500] "CONNECT contile.services.mozilla.com:443 HTTP/1.1" 200 0 "HTTPS" "outgoing via 192.168.50.30"
192.168.10.20 - arodriguez [26/Sep/2021:12:11:46 -0500] "CONNECT relay-497b2e35.net.anydesk.com:80 HTTP/1.1" 200 0 "HTTPS" "outgoing via 192.168.50.30"
192.168.1.15 - jacome [26/Sep/2021:12:11:53 -0500] "CONNECT incoming.telemetry.mozilla.org:443 HTTP/1.1" 200 0 "HTTPS" "outgoing via 192.168.50.30"
192.168.10.20 - arodriguez [26/Sep/2021:12:12:00 -0500] "CONNECT relay-9ec84ff7.net.anydesk.com:80 HTTP/1.1" 200 0 "HTTPS" "outgoing via 192.168.50.30"
192.168.10.20 - arodriguez [26/Sep/2021:12:12:29 -0500] "CONNECT relay-9ec84ff7.net.anydesk.com:80 HTTP/1.1" 200 0 "HTTPS" "outgoing via 192.168.50.30"
192.168.10.20 - arodriguez [26/Sep/2021:12:12:30 -0500] "CONNECT relay-9ec84ff7.net.anydesk.com:443 HTTP/1.1" 200 0 "HTTPS" "outgoing via 192.168.50.30"
192.168.10.20 - arodriguez [26/Sep/2021:12:12:59 -0500] "CONNECT relay-9ec84ff7.net.anydesk.com:80 HTTP/1.1" 200 0 "HTTPS" "outgoing via 192.168.50.30"
192.168.10.20 - arodriguez [26/Sep/2021:12:13:13 -0500] "CONNECT relay-2da43234.net.anydesk.com:80 HTTP/1.1" 200 0 "HTTPS" "outgoing via 192.168.50.30"
192.168.10.20 - arodriguez [26/Sep/2021:12:13:42 -0500] "CONNECT relay-2da43234.net.anydesk.com:80 HTTP/1.1" 200 0 "HTTPS" "outgoing via 192.168.50.30"
192.168.10.20 - arodriguez [26/Sep/2021:12:14:10 -0500] "CONNECT relay-2da43234.net.anydesk.com:80 HTTP/1.1" 200 0 "HTTPS" "outgoing via 192.168.50.30"
192.168.10.20 - arodriguez [26/Sep/2021:12:14:24 -0500] "CONNECT relay-1954f6f5.net.anydesk.com:80 HTTP/1.1" 200 0 "HTTPS" "outgoing via 192.168.50.30"
192.168.10.20 - arodriguez [26/Sep/2021:12:14:53 -0500] "CONNECT relay-1954f6f5.net.anydesk.com:80 HTTP/1.1" 200 0 "HTTPS" "outgoing via 192.168.50.30"
192.168.50.220 - servidores [26/Sep/2021:12:15:17 -0500] "CONNECT mirrors.fedoraproject.org:443 HTTP/1.1" 200 0 "HTTPS" "outgoing via 192.168.50.30"
192.168.10.20 - arodriguez [26/Sep/2021:12:15:22 -0500] "CONNECT relay-1954f6f5.net.anydesk.com:80 HTTP/1.1" 200 0 "HTTPS" "outgoing via 192.168.50.30"
192.168.50.220 - servidores [26/Sep/2021:12:15:26 -0500] "CONNECT repo.ius.io:443 HTTP/1.1" 200 0 "HTTPS" "outgoing via 192.168.50.30"
192.168.50.50 - servidores [26/Sep/2021:12:15:27 -0500] "CONNECT mirrors.fedoraproject.org:443 HTTP/1.1" 200 0 "HTTPS" "outgoing via 192.168.50.30"
192.168.50.220 - servidores [26/Sep/2021:12:15:27 -0500] "CONNECT download.postgresql.org:443 HTTP/1.1" 200 0 "HTTPS" "outgoing via 192.168.50.30"
192.168.10.20 - arodriguez [26/Sep/2021:12:15:35 -0500] "CONNECT relay-bfb5e868.net.anydesk.com:80 HTTP/1.1" 200 0 "HTTPS" "outgoing via 192.168.50.30"
192.168.50.50 - servidores [26/Sep/2021:12:15:37 -0500] "CONNECT merlin.fit.vutbr.cz:443 HTTP/1.1" 200 0 "HTTPS" "outgoing via 192.168.50.30"
192.168.50.220 - servidores [26/Sep/2021:12:15:45 -0500] "CONNECT download.postgresql.org:443 HTTP/1.1" 200 0 "HTTPS" "outgoing via 192.168.50.30"
192.168.50.220 - servidores [26/Sep/2021:12:15:51 -0500] "CONNECT mirrors.tuna.tsinghua.edu.cn:443 HTTP/1.1" 200 0 "HTTPS" "outgoing via 192.168.50.30"
192.168.50.220 - servidores [26/Sep/2021:12:15:54 -0500] "CONNECT download.rethinkdb.com:443 HTTP/1.1" 200 0 "HTTPS" "outgoing via 192.168.50.30"
192.168.50.220 - servidores [26/Sep/2021:12:15:54 -0500] "GET http://mirror.cedia.org.ec/centos/7.9.2009/extras/x86_64/repodata/repomd.xml HTTP/1.1" 200 3477 "HTTP" ""
192.168.10.20 - arodriguez [26/Sep/2021:12:16:04 -0500] "CONNECT relay-bfb5e868.net.anydesk.com:80 HTTP/1.1" 200 0 "HTTPS" "outgoing via 192.168.50.30"
192.168.1.15 - jacome [26/Sep/2021:12:16:30 -0500] "GET http://detectportal.firefox.com/canonical.html HTTP/1.1" 200 1896 "HTTP" "Error 403 (Forbidden)!!1"
192.168.1.15 - jacome [26/Sep/2021:12:16:30 -0500] "GET http://detectportal.firefox.com/canonical.html HTTP/1.1" 200 1896 "HTTP" "Error 403 (Forbidden)!!1"
192.168.1.15 - jacome [26/Sep/2021:12:16:30 -0500] "GET http://detectportal.firefox.com/canonical.html HTTP/1.1" 200 1896 "HTTP" "Error 403 (Forbidden)!!1"
192.168.1.15 - jacome [26/Sep/2021:12:16:30 -0500] "GET http://detectportal.firefox.com/canonical.html HTTP/1.1" 200 1896 "HTTP" "Error 403 (Forbidden)!!1"
192.168.1.15 - jacome [26/Sep/2021:12:16:30 -0500] "GET http://detectportal.firefox.com/canonical.html HTTP/1.1" 200 1896 "HTTP" "Error 403 (Forbidden)!!1"
192.168.10.20 - arodriguez [26/Sep/2021:12:16:33 -0500] "CONNECT relay-bfb5e868.net.anydesk.com:80 HTTP/1.1" 200 0 "HTTPS" "outgoing via 192.168.50.30"
192.168.10.20 - arodriguez [26/Sep/2021:12:16:47 -0500] "CONNECT relay-717265af.net.anydesk.com:80 HTTP/1.1" 200 0 "HTTPS" "outgoing via 192.168.50.30"
192.168.1.15 - jacome [26/Sep/2021:12:17:01 -0500] "CONNECT push.services.mozilla.com:443 HTTP/1.1" 200 0 "HTTPS" "outgoing via 192.168.50.30"
192.168.1.15 - jacome [26/Sep/2021:12:17:03 -0500] "CONNECT firefox.settings.services.mozilla.com:443 HTTP/1.1" 200 0 "HTTPS" "outgoing via 192.168.50.30"
192.168.10.20 - arodriguez [26/Sep/2021:12:17:15 -0500] "CONNECT relay-717265af.net.anydesk.com:80 HTTP/1.1" 200 0 "HTTPS" "outgoing via 192.168.50.30"
192.168.10.20 - arodriguez [26/Sep/2021:12:17:45 -0500] "CONNECT relay-717265af.net.anydesk.com:80 HTTP/1.1" 200 0 "HTTPS" "outgoing via 192.168.50.30"
192.168.10.20 - arodriguez [26/Sep/2021:12:18:13 -0500] "CONNECT relay-717265af.net.anydesk.com:80 HTTP/1.1" 200 0 "HTTPS" "outgoing via 192.168.50.30"
192.168.1.15 - jacome [26/Sep/2021:12:18:21 -0500] "CONNECT incoming.telemetry.mozilla.org:443 HTTP/1.1" 200 0 "HTTPS" "outgoing via 192.168.50.30"
192.168.10.20 - arodriguez [26/Sep/2021:12:18:42 -0500] "CONNECT relay-717265af.net.anydesk.com:80 HTTP/1.1" 200 0 "HTTPS" "outgoing via 192.168.50.30"
192.168.10.20 - arodriguez [26/Sep/2021:12:19:11 -0500] "CONNECT relay-717265af.net.anydesk.com:80 HTTP/1.1" 200 0 "HTTPS" "outgoing via 192.168.50.30"
192.168.10.20 - arodriguez [26/Sep/2021:12:19:40 -0500] "CONNECT relay-717265af.net.anydesk.com:80 HTTP/1.1" 200 0 "HTTPS" "outgoing via 192.168.50.30"
192.168.1.15 - jacome [26/Sep/2021:12:19:55 -0500] "CONNECT scontent-mia3-1.xx.fbcdn.net:443 HTTP/1.1" 200 0 "HTTPS" "outgoing via 192.168.50.30"
192.168.1.15 - jacome [26/Sep/2021:12:19:57 -0500] "CONNECT scontent-mia3-2.xx.fbcdn.net:443 HTTP/1.1" 200 0 "HTTPS" "outgoing via 192.168.50.30"
192.168.1.15 - jacome [26/Sep/2021:12:19:57 -0500] "CONNECT scontent-mia3-2.xx.fbcdn.net:443 HTTP/1.1" 200 0 "HTTPS" "outgoing via 192.168.50.30"
192.168.10.20 - arodriguez [26/Sep/2021:12:20:08 -0500] "CONNECT relay-717265af.net.anydesk.com:80 HTTP/1.1" 200 0 "HTTPS" "outgoing via 192.168.50.30"
192.168.10.20 - arodriguez [26/Sep/2021:12:20:22 -0500] "CONNECT relay-bfcb38ab.net.anydesk.com:80 HTTP/1.1" 200 0 "HTTPS" "outgoing via 192.168.50.30"
192.168.10.20 - arodriguez [26/Sep/2021:12:20:51 -0500] "CONNECT relay-bfcb38ab.net.anydesk.com:80 HTTP/1.1" 200 0 "HTTPS" "outgoing via 192.168.50.30"
192.168.1.15 - jacome [26/Sep/2021:12:21:18 -0500] "CONNECT incoming.telemetry.mozilla.org:443 HTTP/1.1" 200 0 "HTTPS" "outgoing via 192.168.50.30"
192.168.10.20 - arodriguez [26/Sep/2021:12:21:20 -0500] "CONNECT relay-bfcb38ab.net.anydesk.com:80 HTTP/1.1" 200 0 "HTTPS" "outgoing via 192.168.50.30"
192.168.10.20 - arodriguez [26/Sep/2021:12:21:49 -0500] "CONNECT relay-bfcb38ab.net.anydesk.com:80 HTTP/1.1" 200 0 "HTTPS" "outgoing via 192.168.50.30"
192.168.10.20 - arodriguez [26/Sep/2021:12:22:02 -0500] "CONNECT relay-9ec84ff7.net.anydesk.com:80 HTTP/1.1" 200 0 "HTTPS" "outgoing via 192.168.50.30"
192.168.10.20 - arodriguez [26/Sep/2021:12:22:31 -0500] "CONNECT relay-9ec84ff7.net.anydesk.com:80 HTTP/1.1" 200 0 "HTTPS" "outgoing via 192.168.50.30"
192.168.10.20 - arodriguez [26/Sep/2021:12:23:00 -0500] "CONNECT relay-9ec84ff7.net.anydesk.com:80 HTTP/1.1" 200 0 "HTTPS" "outgoing via 192.168.50.30"
192.168.10.20 - arodriguez [26/Sep/2021:12:23:29 -0500] "CONNECT relay-9ec84ff7.net.anydesk.com:80 HTTP/1.1" 200 0 "HTTPS" "outgoing via 192.168.50.30"
192.168.10.20 - arodriguez [26/Sep/2021:12:23:58 -0500] "CONNECT relay-9ec84ff7.net.anydesk.com:80 HTTP/1.1" 200 0 "HTTPS" "outgoing via 192.168.50.30"
192.168.10.20 - arodriguez [26/Sep/2021:12:24:27 -0500] "CONNECT relay-9ec84ff7.net.anydesk.com:80 HTTP/1.1" 200 0 "HTTPS" "outgoing via 192.168.50.30"
192.168.10.20 - arodriguez [26/Sep/2021:12:24:56 -0500] "CONNECT relay-9ec84ff7.net.anydesk.com:80 HTTP/1.1" 200 0 "HTTPS" "outgoing via 192.168.50.30"
192.168.10.20 - arodriguez [26/Sep/2021:12:25:24 -0500] "CONNECT relay-9ec84ff7.net.anydesk.com:80 HTTP/1.1" 200 0 "HTTPS" "outgoing via 192.168.50.30"
192.168.10.20 - arodriguez [26/Sep/2021:12:25:54 -0500] "CONNECT relay-9ec84ff7.net.anydesk.com:80 HTTP/1.1" 200 0 "HTTPS" "outgoing via 192.168.50.30"
192.168.10.20 - arodriguez [26/Sep/2021:12:26:07 -0500] "CONNECT relay-2da43234.net.anydesk.com:80 HTTP/1.1" 200 0 "HTTPS" "outgoing via 192.168.50.30"
192.168.1.15 - jacome [26/Sep/2021:12:26:30 -0500] "GET http://detectportal.firefox.com/canonical.html HTTP/1.1" 200 1896 "HTTP" "Error 403 (Forbidden)!!1"
192.168.1.15 - jacome [26/Sep/2021:12:26:30 -0500] "GET http://detectportal.firefox.com/canonical.html HTTP/1.1" 200 1896 "HTTP" "Error 403 (Forbidden)!!1"
192.168.1.15 - jacome [26/Sep/2021:12:26:30 -0500] "GET http://detectportal.firefox.com/canonical.html HTTP/1.1" 200 1896 "HTTP" "Error 403 (Forbidden)!!1"
192.168.1.15 - jacome [26/Sep/2021:12:26:30 -0500] "GET http://detectportal.firefox.com/canonical.html HTTP/1.1" 200 1896 "HTTP" "Error 403 (Forbidden)!!1"
192.168.1.15 - jacome [26/Sep/2021:12:26:30 -0500] "GET http://detectportal.firefox.com/canonical.html HTTP/1.1" 200 1896 "HTTP" "Error 403 (Forbidden)!!1"
192.168.1.15 - jacome [26/Sep/2021:12:26:33 -0500] "CONNECT contile.services.mozilla.com:443 HTTP/1.1" 200 0 "HTTPS" "outgoing via 192.168.50.30"
192.168.10.20 - arodriguez [26/Sep/2021:12:26:36 -0500] "CONNECT relay-2da43234.net.anydesk.com:80 HTTP/1.1" 200 0 "HTTPS" "outgoing via 192.168.50.30"
192.168.10.20 - arodriguez [26/Sep/2021:12:27:05 -0500] "CONNECT relay-2da43234.net.anydesk.com:80 HTTP/1.1" 200 0 "HTTPS" "outgoing via 192.168.50.30"
192.168.1.15 - jacome [26/Sep/2021:12:27:09 -0500] "CONNECT push.services.mozilla.com:443 HTTP/1.1" 200 0 "HTTPS" "outgoing via 192.168.50.30"
192.168.10.20 - arodriguez [26/Sep/2021:12:27:33 -0500] "CONNECT relay-2da43234.net.anydesk.com:80 HTTP/1.1" 200 0 "HTTPS" "outgoing via 192.168.50.30"
192.168.10.20 - arodriguez [26/Sep/2021:12:27:47 -0500] "CONNECT relay-9ec84ff7.net.anydesk.com:80 HTTP/1.1" 200 0 "HTTPS" "outgoing via 192.168.50.30"
192.168.10.20 - arodriguez [26/Sep/2021:12:28:16 -0500] "CONNECT relay-9ec84ff7.net.anydesk.com:80 HTTP/1.1" 200 0 "HTTPS" "outgoing via 192.168.50.30"
192.168.10.20 - arodriguez [26/Sep/2021:12:28:45 -0500] "CONNECT relay-9ec84ff7.net.anydesk.com:80 HTTP/1.1" 200 0 "HTTPS" "outgoing via 192.168.50.30"
192.168.10.20 - arodriguez [26/Sep/2021:12:28:58 -0500] "CONNECT relay-096fe6d0.net.anydesk.com:80 HTTP/1.1" 200 0 "HTTPS" "outgoing via 192.168.50.30"
192.168.1.15 - jacome [26/Sep/2021:12:29:00 -0500] "CONNECT scontent-mia3-1.xx.fbcdn.net:443 HTTP/1.1" 200 0 "HTTPS" "outgoing via 192.168.50.30"
192.168.10.20 - arodriguez [26/Sep/2021:12:29:27 -0500] "CONNECT relay-096fe6d0.net.anydesk.com:80 HTTP/1.1" 200 0 "HTTPS" "outgoing via 192.168.50.30"
192.168.1.15 - jacome [26/Sep/2021:12:29:53 -0500] "CONNECT scontent-mia3-2.xx.fbcdn.net:443 HTTP/1.1" 200 0 "HTTPS" "outgoing via 192.168.50.30"
192.168.10.20 - arodriguez [26/Sep/2021:12:29:56 -0500] "CONNECT relay-096fe6d0.net.anydesk.com:80 HTTP/1.1" 200 0 "HTTPS" "outgoing via 192.168.50.30"
192.168.10.20 - arodriguez [26/Sep/2021:12:30:25 -0500] "CONNECT relay-096fe6d0.net.anydesk.com:80 HTTP/1.1" 200 0 "HTTPS" "outgoing via 192.168.50.30"
192.168.10.20 - arodriguez [26/Sep/2021:12:30:38 -0500] "CONNECT relay-69c95757.net.anydesk.com:80 HTTP/1.1" 200 0 "HTTPS" "outgoing via 192.168.50.30"
192.168.10.20 - arodriguez [26/Sep/2021:12:31:07 -0500] "CONNECT relay-69c95757.net.anydesk.com:80 HTTP/1.1" 200 0 "HTTPS" "outgoing via 192.168.50.30"
192.168.1.15 - jacome [26/Sep/2021:12:31:30 -0500] "GET http://detectportal.firefox.com/canonical.html HTTP/1.1" 200 1896 "HTTP" "Error 403 (Forbidden)!!1"
192.168.1.15 - jacome [26/Sep/2021:12:31:30 -0500] "GET http://detectportal.firefox.com/canonical.html HTTP/1.1" 200 1896 "HTTP" "Error 403 (Forbidden)!!1"
192.168.1.15 - jacome [26/Sep/2021:12:31:30 -0500] "GET http://detectportal.firefox.com/canonical.html HTTP/1.1" 200 1896 "HTTP" "Error 403 (Forbidden)!!1"
192.168.1.15 - jacome [26/Sep/2021:12:31:30 -0500] "GET http://detectportal.firefox.com/canonical.html HTTP/1.1" 200 1896 "HTTP" "Error 403 (Forbidden)!!1"
192.168.1.15 - jacome [26/Sep/2021:12:31:30 -0500] "GET http://detectportal.firefox.com/canonical.html HTTP/1.1" 200 1896 "HTTP" "Error 403 (Forbidden)!!1"
192.168.10.20 - arodriguez [26/Sep/2021:12:31:36 -0500] "CONNECT relay-69c95757.net.anydesk.com:80 HTTP/1.1" 200 0 "HTTPS" "outgoing via 192.168.50.30"
192.168.10.20 - arodriguez [26/Sep/2021:12:32:05 -0500] "CONNECT relay-69c95757.net.anydesk.com:80 HTTP/1.1" 200 0 "HTTPS" "outgoing via 192.168.50.30"
192.168.10.20 - arodriguez [26/Sep/2021:12:32:07 -0500] "CONNECT relay-69c95757.net.anydesk.com:443 HTTP/1.1" 200 0 "HTTPS" "outgoing via 192.168.50.30"
192.168.1.15 - jacome [26/Sep/2021:12:32:08 -0500] "CONNECT video-mia3-1.xx.fbcdn.net:443 HTTP/1.1" 200 0 "HTTPS" "outgoing via 192.168.50.30"
192.168.10.20 - arodriguez [26/Sep/2021:12:32:09 -0500] "CONNECT relay-69c95757.net.anydesk.com:6568 HTTP/1.1" 200 0 "HTTPS" "outgoing via 192.168.50.30"
192.168.10.20 - arodriguez [26/Sep/2021:12:32:10 -0500] "CONNECT 92.223.66.44:80 HTTP/1.1" 200 0 "HTTPS" "outgoing via 192.168.50.30"
192.168.10.20 - arodriguez [26/Sep/2021:12:32:24 -0500] "CONNECT relay-32e92e70.net.anydesk.com:80 HTTP/1.1" 200 0 "HTTPS" "outgoing via 192.168.50.30"
192.168.10.20 - arodriguez [26/Sep/2021:12:32:53 -0500] "CONNECT relay-32e92e70.net.anydesk.com:80 HTTP/1.1" 200 0 "HTTPS" "outgoing via 192.168.50.30"
192.168.1.15 - jacome [26/Sep/2021:12:33:04 -0500] "CONNECT static.xx.fbcdn.net:443 HTTP/1.1" 200 0 "HTTPS" "outgoing via 192.168.50.30"
192.168.10.20 - arodriguez [26/Sep/2021:12:33:22 -0500] "CONNECT relay-32e92e70.net.anydesk.com:80 HTTP/1.1" 200 0 "HTTPS" "outgoing via 192.168.50.30"
192.168.1.15 - jacome [26/Sep/2021:12:33:24 -0500] "CONNECT scontent-mia3-2.xx.fbcdn.net:443 HTTP/1.1" 200 0 "HTTPS" "outgoing via 192.168.50.30"
192.168.10.20 - arodriguez [26/Sep/2021:12:33:50 -0500] "CONNECT relay-32e92e70.net.anydesk.com:80 HTTP/1.1" 200 0 "HTTPS" "outgoing via 192.168.50.30"
192.168.10.20 - arodriguez [26/Sep/2021:12:34:19 -0500] "CONNECT relay-32e92e70.net.anydesk.com:80 HTTP/1.1" 200 0 "HTTPS" "outgoing via 192.168.50.30"
192.168.10.20 - arodriguez [26/Sep/2021:12:34:48 -0500] "CONNECT relay-32e92e70.net.anydesk.com:80 HTTP/1.1" 200 0 "HTTPS" "outgoing via 192.168.50.30"
192.168.10.20 - arodriguez [26/Sep/2021:12:35:17 -0500] "CONNECT relay-32e92e70.net.anydesk.com:80 HTTP/1.1" 200 0 "HTTPS" "outgoing via 192.168.50.30"
192.168.10.20 - arodriguez [26/Sep/2021:12:35:31 -0500] "CONNECT relay-82fc4166.net.anydesk.com:80 HTTP/1.1" 200 0 "HTTPS" "outgoing via 192.168.50.30"
192.168.10.20 - arodriguez [26/Sep/2021:12:36:00 -0500] "CONNECT relay-82fc4166.net.anydesk.com:80 HTTP/1.1" 200 0 "HTTPS" "outgoing via 192.168.50.30"
192.168.10.20 - arodriguez [26/Sep/2021:12:36:29 -0500] "CONNECT relay-82fc4166.net.anydesk.com:80 HTTP/1.1" 200 0 "HTTPS" "outgoing via 192.168.50.30"
192.168.1.15 - jacome [26/Sep/2021:12:36:30 -0500] "GET http://detectportal.firefox.com/canonical.html HTTP/1.1" 200 1896 "HTTP" "Error 403 (Forbidden)!!1"
192.168.1.15 - jacome [26/Sep/2021:12:36:30 -0500] "GET http://detectportal.firefox.com/canonical.html HTTP/1.1" 200 1896 "HTTP" "Error 403 (Forbidden)!!1"
192.168.1.15 - jacome [26/Sep/2021:12:36:30 -0500] "GET http://detectportal.firefox.com/canonical.html HTTP/1.1" 200 1896 "HTTP" "Error 403 (Forbidden)!!1"
192.168.1.15 - jacome [26/Sep/2021:12:36:30 -0500] "GET http://detectportal.firefox.com/canonical.html HTTP/1.1" 200 1896 "HTTP" "Error 403 (Forbidden)!!1"
192.168.1.15 - jacome [26/Sep/2021:12:36:30 -0500] "GET http://detectportal.firefox.com/canonical.html HTTP/1.1" 200 1896 "HTTP" "Error 403 (Forbidden)!!1"
192.168.10.20 - arodriguez [26/Sep/2021:12:36:58 -0500] "CONNECT relay-82fc4166.net.anydesk.com:80 HTTP/1.1" 200 0 "HTTPS" "outgoing via 192.168.50.30"
192.168.1.15 - jacome [26/Sep/2021:12:37:09 -0500] "CONNECT safebrowsing.googleapis.com:443 HTTP/1.1" 200 0 "HTTPS" "outgoing via 192.168.50.30"
192.168.1.15 - jacome [26/Sep/2021:12:37:19 -0500] "CONNECT push.services.mozilla.com:443 HTTP/1.1" 200 0 "HTTPS" "outgoing via 192.168.50.30"
192.168.1.15 - jacome [26/Sep/2021:12:37:22 -0500] "CONNECT incoming.telemetry.mozilla.org:443 HTTP/1.1" 200 0 "HTTPS" "outgoing via 192.168.50.30"
192.168.10.20 - arodriguez [26/Sep/2021:12:37:27 -0500] "CONNECT relay-82fc4166.net.anydesk.com:80 HTTP/1.1" 200 0 "HTTPS" "outgoing via 192.168.50.30"
192.168.1.15 - jacome [26/Sep/2021:12:37:44 -0500] "CONNECT scontent-mia3-2.xx.fbcdn.net:443 HTTP/1.1" 200 0 "HTTPS" "outgoing via 192.168.50.30"
192.168.1.15 - jacome [26/Sep/2021:12:37:44 -0500] "CONNECT scontent-mia3-1.xx.fbcdn.net:443 HTTP/1.1" 200 0 "HTTPS" "outgoing via 192.168.50.30"
192.168.10.20 - arodriguez [26/Sep/2021:12:37:56 -0500] "CONNECT relay-82fc4166.net.anydesk.com:80 HTTP/1.1" 200 0 "HTTPS" "outgoing via 192.168.50.30"
192.168.1.15 - jacome [26/Sep/2021:12:37:57 -0500] "CONNECT scontent-mia3-1.xx.fbcdn.net:443 HTTP/1.1" 200 0 "HTTPS" "outgoing via 192.168.50.30"
192.168.10.20 - arodriguez [26/Sep/2021:12:38:27 -0500] "CONNECT relay-82fc4166.net.anydesk.com:80 HTTP/1.1" 200 0 "HTTPS" "outgoing via 192.168.50.30"
192.168.10.20 - arodriguez [26/Sep/2021:12:38:56 -0500] "CONNECT relay-82fc4166.net.anydesk.com:80 HTTP/1.1" 200 0 "HTTPS" "outgoing via 192.168.50.30"
192.168.10.20 - arodriguez [26/Sep/2021:12:39:25 -0500] "CONNECT relay-82fc4166.net.anydesk.com:80 HTTP/1.1" 200 0 "HTTPS" "outgoing via 192.168.50.30"
192.168.10.20 - arodriguez [26/Sep/2021:12:39:54 -0500] "CONNECT relay-82fc4166.net.anydesk.com:80 HTTP/1.1" 200 0 "HTTPS" "outgoing via 192.168.50.30"
192.168.10.20 - arodriguez [26/Sep/2021:12:40:07 -0500] "CONNECT relay-bfcb38ab.net.anydesk.com:80 HTTP/1.1" 200 0 "HTTPS" "outgoing via 192.168.50.30"
192.168.10.20 - arodriguez [26/Sep/2021:12:40:36 -0500] "CONNECT relay-bfcb38ab.net.anydesk.com:80 HTTP/1.1" 200 0 "HTTPS" "outgoing via 192.168.50.30"
192.168.1.15 - jacome [26/Sep/2021:12:40:52 -0500] "CONNECT location.services.mozilla.com:443 HTTP/1.1" 200 0 "HTTPS" "outgoing via 192.168.50.30"
192.168.1.15 - jacome [26/Sep/2021:12:40:58 -0500] "CONNECT scontent-mia3-1.xx.fbcdn.net:443 HTTP/1.1" 200 0 "HTTPS" "outgoing via 192.168.50.30"
192.168.10.20 - arodriguez [26/Sep/2021:12:41:05 -0500] "CONNECT relay-bfcb38ab.net.anydesk.com:80 HTTP/1.1" 200 0 "HTTPS" "outgoing via 192.168.50.30"
192.168.10.20 - arodriguez [26/Sep/2021:12:41:19 -0500] "CONNECT relay-12d968bc.net.anydesk.com:80 HTTP/1.1" 200 0 "HTTPS" "outgoing via 192.168.50.30"
192.168.1.15 - jacome [26/Sep/2021:12:41:33 -0500] "CONNECT contile.services.mozilla.com:443 HTTP/1.1" 200 0 "HTTPS" "outgoing via 192.168.50.30"
192.168.10.20 - arodriguez [26/Sep/2021:12:41:47 -0500] "CONNECT relay-12d968bc.net.anydesk.com:80 HTTP/1.1" 200 0 "HTTPS" "outgoing via 192.168.50.30"
192.168.1.15 - jacome [26/Sep/2021:12:42:14 -0500] "CONNECT scontent-mia3-1.xx.fbcdn.net:443 HTTP/1.1" 200 0 "HTTPS" "outgoing via 192.168.50.30"
192.168.10.20 - arodriguez [26/Sep/2021:12:42:17 -0500] "CONNECT relay-12d968bc.net.anydesk.com:80 HTTP/1.1" 200 0 "HTTPS" "outgoing via 192.168.50.30"
192.168.10.20 - arodriguez [26/Sep/2021:12:42:45 -0500] "CONNECT relay-12d968bc.net.anydesk.com:80 HTTP/1.1" 200 0 "HTTPS" "outgoing via 192.168.50.30"
192.168.10.20 - arodriguez [26/Sep/2021:12:42:59 -0500] "CONNECT relay-0767eec0.net.anydesk.com:80 HTTP/1.1" 200 0 "HTTPS" "outgoing via 192.168.50.30"
192.168.10.20 - arodriguez [26/Sep/2021:12:43:28 -0500] "CONNECT relay-0767eec0.net.anydesk.com:80 HTTP/1.1" 200 0 "HTTPS" "outgoing via 192.168.50.30"
192.168.1.15 - jacome [26/Sep/2021:12:43:35 -0500] "CONNECT video-mia3-2.xx.fbcdn.net:443 HTTP/1.1" 200 0 "HTTPS" "outgoing via 192.168.50.30"
192.168.10.20 - arodriguez [26/Sep/2021:12:43:57 -0500] "CONNECT relay-0767eec0.net.anydesk.com:80 HTTP/1.1" 200 0 "HTTPS" "outgoing via 192.168.50.30"
192.168.10.20 - arodriguez [26/Sep/2021:12:44:26 -0500] "CONNECT relay-0767eec0.net.anydesk.com:80 HTTP/1.1" 200 0 "HTTPS" "outgoing via 192.168.50.30"
192.168.10.20 - arodriguez [26/Sep/2021:12:44:54 -0500] "CONNECT relay-0767eec0.net.anydesk.com:80 HTTP/1.1" 200 0 "HTTPS" "outgoing via 192.168.50.30"
192.168.10.20 - arodriguez [26/Sep/2021:12:45:08 -0500] "CONNECT relay-1954f6f5.net.anydesk.com:80 HTTP/1.1" 200 0 "HTTPS" "outgoing via 192.168.50.30"
192.168.1.15 - jacome [26/Sep/2021:12:45:10 -0500] "CONNECT safebrowsing.googleapis.com:443 HTTP/1.1" 200 0 "HTTPS" "outgoing via 192.168.50.30"
192.168.10.20 - arodriguez [26/Sep/2021:12:45:37 -0500] "CONNECT relay-1954f6f5.net.anydesk.com:80 HTTP/1.1" 200 0 "HTTPS" "outgoing via 192.168.50.30"
192.168.10.20 - arodriguez [26/Sep/2021:12:46:06 -0500] "CONNECT relay-1954f6f5.net.anydesk.com:80 HTTP/1.1" 200 0 "HTTPS" "outgoing via 192.168.50.30"
192.168.10.20 - arodriguez [26/Sep/2021:12:46:20 -0500] "CONNECT relay-32e92e70.net.anydesk.com:80 HTTP/1.1" 200 0 "HTTPS" "outgoing via 192.168.50.30"
192.168.10.20 - arodriguez [26/Sep/2021:12:46:48 -0500] "CONNECT relay-32e92e70.net.anydesk.com:80 HTTP/1.1" 200 0 "HTTPS" "outgoing via 192.168.50.30"
192.168.1.15 - jacome [26/Sep/2021:12:47:14 -0500] "CONNECT safebrowsing.googleapis.com:443 HTTP/1.1" 200 0 "HTTPS" "outgoing via 192.168.50.30"
192.168.10.20 - arodriguez [26/Sep/2021:12:47:18 -0500] "CONNECT relay-32e92e70.net.anydesk.com:80 HTTP/1.1" 200 0 "HTTPS" "outgoing via 192.168.50.30"
192.168.10.20 - arodriguez [26/Sep/2021:12:47:46 -0500] "CONNECT relay-32e92e70.net.anydesk.com:80 HTTP/1.1" 200 0 "HTTPS" "outgoing via 192.168.50.30"
192.168.10.20 - arodriguez [26/Sep/2021:12:48:00 -0500] "CONNECT relay-717265af.net.anydesk.com:80 HTTP/1.1" 200 0 "HTTPS" "outgoing via 192.168.50.30"
192.168.1.15 - jacome [26/Sep/2021:12:48:01 -0500] "CONNECT scontent-mia3-2.xx.fbcdn.net:443 HTTP/1.1" 200 0 "HTTPS" "outgoing via 192.168.50.30"
192.168.1.15 - jacome [26/Sep/2021:12:48:01 -0500] "CONNECT video-mia3-2.xx.fbcdn.net:443 HTTP/1.1" 200 0 "HTTPS" "outgoing via 192.168.50.30"
192.168.1.15 - jacome [26/Sep/2021:12:48:01 -0500] "CONNECT scontent-mia3-1.xx.fbcdn.net:443 HTTP/1.1" 200 0 "HTTPS" "outgoing via 192.168.50.30"
192.168.1.15 - jacome [26/Sep/2021:12:48:01 -0500] "CONNECT static.xx.fbcdn.net:443 HTTP/1.1" 200 0 "HTTPS" "outgoing via 192.168.50.30"
192.168.1.15 - jacome [26/Sep/2021:12:48:02 -0500] "CONNECT safebrowsing.googleapis.com:443 HTTP/1.1" 200 0 "HTTPS" "outgoing via 192.168.50.30"
192.168.1.15 - jacome [26/Sep/2021:12:48:02 -0500] "CONNECT scontent-mia3-2.xx.fbcdn.net:443 HTTP/1.1" 200 0 "HTTPS" "outgoing via 192.168.50.30"
192.168.10.20 - arodriguez [26/Sep/2021:12:48:29 -0500] "CONNECT relay-717265af.net.anydesk.com:80 HTTP/1.1" 200 0 "HTTPS" "outgoing via 192.168.50.30"
192.168.10.20 - arodriguez [26/Sep/2021:12:48:58 -0500] "CONNECT relay-717265af.net.anydesk.com:80 HTTP/1.1" 200 0 "HTTPS" "outgoing via 192.168.50.30"
192.168.10.20 - arodriguez [26/Sep/2021:12:49:11 -0500] "CONNECT relay-5bec465c.net.anydesk.com:80 HTTP/1.1" 200 0 "HTTPS" "outgoing via 192.168.50.30"
192.168.10.20 - arodriguez [26/Sep/2021:12:49:40 -0500] "CONNECT relay-5bec465c.net.anydesk.com:80 HTTP/1.1" 200 0 "HTTPS" "outgoing via 192.168.50.30"
192.168.10.20 - arodriguez [26/Sep/2021:12:50:09 -0500] "CONNECT relay-5bec465c.net.anydesk.com:80 HTTP/1.1" 200 0 "HTTPS" "outgoing via 192.168.50.30"
192.168.10.20 - arodriguez [26/Sep/2021:12:50:22 -0500] "CONNECT relay-0767eec0.net.anydesk.com:80 HTTP/1.1" 200 0 "HTTPS" "outgoing via 192.168.50.30"
192.168.10.20 - arodriguez [26/Sep/2021:12:50:51 -0500] "CONNECT relay-0767eec0.net.anydesk.com:80 HTTP/1.1" 200 0 "HTTPS" "outgoing via 192.168.50.30"
192.168.50.8 - arodriguez [26/Sep/2021:12:50:55 -0500] "HEAD http://update.eset.com/eset_eval/update.ver HTTP/1.1" 200 383 "HTTP" ""
