192.168.1.2 - lorena [21/Aug/2021:05:59:39 -0500] "CONNECT edge-chat.facebook.com:443 HTTP/1.1" 200 0 "HTTPS" "outgoing via 192.168.50.30"
192.168.1.2 - lorena [21/Aug/2021:05:59:44 -0500] "CONNECT scontent-mia3-2.xx.fbcdn.net:443 HTTP/1.1" 200 0 "HTTPS" "outgoing via 192.168.50.30"
192.168.1.2 - lorena [21/Aug/2021:05:59:44 -0500] "CONNECT scontent-mia3-1.xx.fbcdn.net:443 HTTP/1.1" 200 0 "HTTPS" "outgoing via 192.168.50.30"
192.168.10.20 - arodriguez [21/Aug/2021:05:59:48 -0500] "CONNECT relay-32e92e70.net.anydesk.com:80 HTTP/1.1" 200 0 "HTTPS" "outgoing via 192.168.50.30"
192.168.1.2 - lorena [21/Aug/2021:05:59:48 -0500] "CONNECT client-office365-tas.msedge.net:443 HTTP/1.1" 200 0 "HTTPS" "outgoing via 192.168.50.30"
192.168.1.2 - lorena [21/Aug/2021:05:59:49 -0500] "CONNECT nexusrules.officeapps.live.com:443 HTTP/1.1" 200 0 "HTTPS" "outgoing via 192.168.50.30"
192.168.1.2 - lorena [21/Aug/2021:05:59:49 -0500] "CONNECT nexusrules.officeapps.live.com:443 HTTP/1.1" 200 0 "HTTPS" "outgoing via 192.168.50.30"
192.168.1.2 - lorena [21/Aug/2021:05:59:49 -0500] "CONNECT web.whatsapp.com:443 HTTP/1.1" 200 0 "HTTPS" "outgoing via 192.168.50.30"
192.168.10.20 - arodriguez [21/Aug/2021:06:00:17 -0500] "CONNECT relay-32e92e70.net.anydesk.com:80 HTTP/1.1" 200 0 "HTTPS" "outgoing via 192.168.50.30"
192.168.1.2 - lorena [21/Aug/2021:06:00:24 -0500] "CONNECT d8acj0vnzc7s9.cloudfront.net:443 HTTP/1.0" 200 0 "HTTPS" "outgoing via 192.168.50.30"
192.168.1.2 - lorena [21/Aug/2021:06:00:24 -0500] "CONNECT d8acj0vnzc7s9.cloudfront.net:443 HTTP/1.0" 200 0 "HTTPS" "outgoing via 192.168.50.30"
192.168.1.2 - lorena [21/Aug/2021:06:00:24 -0500] "CONNECT d8acj0vnzc7s9.cloudfront.net:443 HTTP/1.0" 200 0 "HTTPS" "outgoing via 192.168.50.30"
192.168.1.2 - lorena [21/Aug/2021:06:00:24 -0500] "CONNECT d8acj0vnzc7s9.cloudfront.net:443 HTTP/1.0" 200 0 "HTTPS" "outgoing via 192.168.50.30"
192.168.1.2 - lorena [21/Aug/2021:06:00:26 -0500] "CONNECT campaigns.avira.com:443 HTTP/1.0" 200 0 "HTTPS" "outgoing via 192.168.50.30"
192.168.1.2 - lorena [21/Aug/2021:06:00:26 -0500] "CONNECT www.avira.com:443 HTTP/1.0" 200 0 "HTTPS" "outgoing via 192.168.50.30"
192.168.1.2 - lorena [21/Aug/2021:06:00:26 -0500] "CONNECT www.avira.com:443 HTTP/1.0" 200 0 "HTTPS" "outgoing via 192.168.50.30"
192.168.1.2 - lorena [21/Aug/2021:06:00:26 -0500] "CONNECT assets.prod.cms.avira.com:443 HTTP/1.0" 200 0 "HTTPS" "outgoing via 192.168.50.30"
192.168.1.2 - lorena [21/Aug/2021:06:00:27 -0500] "CONNECT campaigns.avira.com:443 HTTP/1.0" 200 0 "HTTPS" "outgoing via 192.168.50.30"
192.168.1.2 - lorena [21/Aug/2021:06:00:27 -0500] "CONNECT campaigns.avira.com:443 HTTP/1.0" 200 0 "HTTPS" "outgoing via 192.168.50.30"
192.168.1.2 - lorena [21/Aug/2021:06:00:28 -0500] "CONNECT www.webassetscdn.com:443 HTTP/1.0" 200 0 "HTTPS" "outgoing via 192.168.50.30"
192.168.1.2 - lorena [21/Aug/2021:06:00:30 -0500] "CONNECT ame.avira.com:443 HTTP/1.0" 200 0 "HTTPS" "outgoing via 192.168.50.30"
192.168.10.20 - arodriguez [21/Aug/2021:06:00:30 -0500] "CONNECT relay-1cb4b08e.net.anydesk.com:80 HTTP/1.1" 200 0 "HTTPS" "outgoing via 192.168.50.30"
192.168.1.2 - lorena [21/Aug/2021:06:00:42 -0500] "CONNECT client-office365-tas.msedge.net:443 HTTP/1.1" 200 0 "HTTPS" "outgoing via 192.168.50.30"
192.168.1.2 - lorena [21/Aug/2021:06:00:42 -0500] "CONNECT nexusrules.officeapps.live.com:443 HTTP/1.1" 200 0 "HTTPS" "outgoing via 192.168.50.30"
192.168.10.20 - arodriguez [21/Aug/2021:06:00:59 -0500] "CONNECT relay-1cb4b08e.net.anydesk.com:80 HTTP/1.1" 200 0 "HTTPS" "outgoing via 192.168.50.30"
192.168.1.2 - lorena [21/Aug/2021:06:01:06 -0500] "CONNECT aus5.mozilla.org:443 HTTP/1.1" 200 0 "HTTPS" "outgoing via 192.168.50.30"
192.168.10.20 - arodriguez [21/Aug/2021:06:01:28 -0500] "CONNECT relay-1cb4b08e.net.anydesk.com:80 HTTP/1.1" 200 0 "HTTPS" "outgoing via 192.168.50.30"
192.168.10.20 - arodriguez [21/Aug/2021:06:01:57 -0500] "CONNECT relay-1cb4b08e.net.anydesk.com:80 HTTP/1.1" 200 0 "HTTPS" "outgoing via 192.168.50.30"
192.168.10.20 - arodriguez [21/Aug/2021:06:02:26 -0500] "CONNECT relay-1cb4b08e.net.anydesk.com:80 HTTP/1.1" 200 0 "HTTPS" "outgoing via 192.168.50.30"
192.168.10.20 - arodriguez [21/Aug/2021:06:02:55 -0500] "CONNECT relay-1cb4b08e.net.anydesk.com:80 HTTP/1.1" 200 0 "HTTPS" "outgoing via 192.168.50.30"
192.168.10.20 - arodriguez [21/Aug/2021:06:03:08 -0500] "CONNECT relay-54e66660.net.anydesk.com:80 HTTP/1.1" 200 0 "HTTPS" "outgoing via 192.168.50.30"
192.168.10.20 - arodriguez [21/Aug/2021:06:03:37 -0500] "CONNECT relay-54e66660.net.anydesk.com:80 HTTP/1.1" 200 0 "HTTPS" "outgoing via 192.168.50.30"
192.168.10.20 - arodriguez [21/Aug/2021:06:04:06 -0500] "CONNECT relay-54e66660.net.anydesk.com:80 HTTP/1.1" 200 0 "HTTPS" "outgoing via 192.168.50.30"
192.168.10.20 - arodriguez [21/Aug/2021:06:04:36 -0500] "CONNECT relay-54e66660.net.anydesk.com:80 HTTP/1.1" 200 0 "HTTPS" "outgoing via 192.168.50.30"
192.168.10.20 - arodriguez [21/Aug/2021:06:05:05 -0500] "CONNECT relay-54e66660.net.anydesk.com:80 HTTP/1.1" 200 0 "HTTPS" "outgoing via 192.168.50.30"
192.168.10.20 - arodriguez [21/Aug/2021:06:05:34 -0500] "CONNECT relay-54e66660.net.anydesk.com:80 HTTP/1.1" 200 0 "HTTPS" "outgoing via 192.168.50.30"
192.168.10.20 - arodriguez [21/Aug/2021:06:05:47 -0500] "CONNECT relay-8b8e1425.net.anydesk.com:80 HTTP/1.1" 200 0 "HTTPS" "outgoing via 192.168.50.30"
192.168.1.2 - lorena [21/Aug/2021:06:05:59 -0500] "CONNECT nexusrules.officeapps.live.com:443 HTTP/1.1" 200 0 "HTTPS" "outgoing via 192.168.50.30"
192.168.10.20 - arodriguez [21/Aug/2021:06:06:17 -0500] "CONNECT relay-8b8e1425.net.anydesk.com:80 HTTP/1.1" 200 0 "HTTPS" "outgoing via 192.168.50.30"
192.168.10.20 - arodriguez [21/Aug/2021:06:06:46 -0500] "CONNECT relay-8b8e1425.net.anydesk.com:80 HTTP/1.1" 200 0 "HTTPS" "outgoing via 192.168.50.30"
192.168.1.2 - lorena [21/Aug/2021:06:07:07 -0500] "CONNECT normandy.cdn.mozilla.net:443 HTTP/1.1" 200 0 "HTTPS" "outgoing via 192.168.50.30"
192.168.1.2 - lorena [21/Aug/2021:06:07:08 -0500] "CONNECT classify-client.services.mozilla.com:443 HTTP/1.1" 200 0 "HTTPS" "outgoing via 192.168.50.30"
192.168.10.20 - arodriguez [21/Aug/2021:06:07:15 -0500] "CONNECT relay-8b8e1425.net.anydesk.com:80 HTTP/1.1" 200 0 "HTTPS" "outgoing via 192.168.50.30"
192.168.10.20 - arodriguez [21/Aug/2021:06:07:44 -0500] "CONNECT relay-8b8e1425.net.anydesk.com:80 HTTP/1.1" 200 0 "HTTPS" "outgoing via 192.168.50.30"
192.168.10.20 - arodriguez [21/Aug/2021:06:07:57 -0500] "CONNECT relay-54e66660.net.anydesk.com:80 HTTP/1.1" 200 0 "HTTPS" "outgoing via 192.168.50.30"
192.168.10.20 - arodriguez [21/Aug/2021:06:08:26 -0500] "CONNECT relay-54e66660.net.anydesk.com:80 HTTP/1.1" 200 0 "HTTPS" "outgoing via 192.168.50.30"
192.168.10.20 - arodriguez [21/Aug/2021:06:08:55 -0500] "CONNECT relay-54e66660.net.anydesk.com:80 HTTP/1.1" 200 0 "HTTPS" "outgoing via 192.168.50.30"
192.168.10.20 - arodriguez [21/Aug/2021:06:09:24 -0500] "CONNECT relay-54e66660.net.anydesk.com:80 HTTP/1.1" 200 0 "HTTPS" "outgoing via 192.168.50.30"
192.168.10.20 - arodriguez [21/Aug/2021:06:09:53 -0500] "CONNECT relay-54e66660.net.anydesk.com:80 HTTP/1.1" 200 0 "HTTPS" "outgoing via 192.168.50.30"
192.168.1.2 - lorena [21/Aug/2021:06:10:02 -0500] "CONNECT update.googleapis.com:443 HTTP/1.1" 200 0 "HTTPS" "outgoing via 192.168.50.30"
192.168.1.2 - lorena [21/Aug/2021:06:10:03 -0500] "CONNECT scontent-mia3-1.xx.fbcdn.net:443 HTTP/1.1" 200 0 "HTTPS" "outgoing via 192.168.50.30"
192.168.10.20 - arodriguez [21/Aug/2021:06:10:07 -0500] "CONNECT relay-49726057.net.anydesk.com:80 HTTP/1.1" 200 0 "HTTPS" "outgoing via 192.168.50.30"
192.168.10.20 - arodriguez [21/Aug/2021:06:10:36 -0500] "CONNECT relay-49726057.net.anydesk.com:80 HTTP/1.1" 200 0 "HTTPS" "outgoing via 192.168.50.30"
192.168.1.2 - lorena [21/Aug/2021:06:10:37 -0500] "CONNECT web.whatsapp.com:443 HTTP/1.1" 200 0 "HTTPS" "outgoing via 192.168.50.30"
192.168.10.20 - arodriguez [21/Aug/2021:06:11:05 -0500] "CONNECT relay-49726057.net.anydesk.com:80 HTTP/1.1" 200 0 "HTTPS" "outgoing via 192.168.50.30"
192.168.10.20 - arodriguez [21/Aug/2021:06:11:18 -0500] "CONNECT relay-1c040ae6.net.anydesk.com:80 HTTP/1.1" 200 0 "HTTPS" "outgoing via 192.168.50.30"
192.168.10.20 - arodriguez [21/Aug/2021:06:11:47 -0500] "CONNECT relay-1c040ae6.net.anydesk.com:80 HTTP/1.1" 200 0 "HTTPS" "outgoing via 192.168.50.30"
192.168.10.20 - arodriguez [21/Aug/2021:06:12:16 -0500] "CONNECT relay-1c040ae6.net.anydesk.com:80 HTTP/1.1" 200 0 "HTTPS" "outgoing via 192.168.50.30"
192.168.10.20 - arodriguez [21/Aug/2021:06:12:30 -0500] "CONNECT relay-d3705b18.net.anydesk.com:80 HTTP/1.1" 200 0 "HTTPS" "outgoing via 192.168.50.30"
192.168.1.2 - lorena [21/Aug/2021:06:12:32 -0500] "CONNECT scontent-mia3-2.xx.fbcdn.net:443 HTTP/1.1" 200 0 "HTTPS" "outgoing via 192.168.50.30"
192.168.10.20 - arodriguez [21/Aug/2021:06:12:58 -0500] "CONNECT relay-d3705b18.net.anydesk.com:80 HTTP/1.1" 200 0 "HTTPS" "outgoing via 192.168.50.30"
192.168.10.20 - arodriguez [21/Aug/2021:06:13:28 -0500] "CONNECT relay-d3705b18.net.anydesk.com:80 HTTP/1.1" 200 0 "HTTPS" "outgoing via 192.168.50.30"
192.168.10.20 - arodriguez [21/Aug/2021:06:13:41 -0500] "CONNECT relay-497b2e35.net.anydesk.com:80 HTTP/1.1" 200 0 "HTTPS" "outgoing via 192.168.50.30"
192.168.1.2 - lorena [21/Aug/2021:06:13:49 -0500] "CONNECT nexusrules.officeapps.live.com:443 HTTP/1.1" 200 0 "HTTPS" "outgoing via 192.168.50.30"
192.168.10.20 - arodriguez [21/Aug/2021:06:14:10 -0500] "CONNECT relay-497b2e35.net.anydesk.com:80 HTTP/1.1" 200 0 "HTTPS" "outgoing via 192.168.50.30"
192.168.10.20 - arodriguez [21/Aug/2021:06:14:39 -0500] "CONNECT relay-497b2e35.net.anydesk.com:80 HTTP/1.1" 200 0 "HTTPS" "outgoing via 192.168.50.30"
192.168.10.20 - arodriguez [21/Aug/2021:06:14:53 -0500] "CONNECT relay-54e66660.net.anydesk.com:80 HTTP/1.1" 200 0 "HTTPS" "outgoing via 192.168.50.30"
192.168.10.20 - arodriguez [21/Aug/2021:06:15:21 -0500] "CONNECT relay-54e66660.net.anydesk.com:80 HTTP/1.1" 200 0 "HTTPS" "outgoing via 192.168.50.30"
192.168.10.20 - arodriguez [21/Aug/2021:06:15:50 -0500] "CONNECT relay-54e66660.net.anydesk.com:80 HTTP/1.1" 200 0 "HTTPS" "outgoing via 192.168.50.30"
192.168.10.20 - arodriguez [21/Aug/2021:06:16:19 -0500] "CONNECT relay-54e66660.net.anydesk.com:80 HTTP/1.1" 200 0 "HTTPS" "outgoing via 192.168.50.30"
192.168.10.20 - arodriguez [21/Aug/2021:06:16:48 -0500] "CONNECT relay-54e66660.net.anydesk.com:80 HTTP/1.1" 200 0 "HTTPS" "outgoing via 192.168.50.30"
192.168.50.50 - servidores [21/Aug/2021:06:17:01 -0500] "CONNECT mirrors.fedoraproject.org:443 HTTP/1.1" 200 0 "HTTPS" "outgoing via 192.168.50.30"
192.168.10.20 - arodriguez [21/Aug/2021:06:17:02 -0500] "CONNECT relay-1cb4b08e.net.anydesk.com:80 HTTP/1.1" 200 0 "HTTPS" "outgoing via 192.168.50.30"
192.168.50.50 - servidores [21/Aug/2021:06:17:04 -0500] "CONNECT mir01.syntis.net:443 HTTP/1.1" 200 0 "HTTPS" "outgoing via 192.168.50.30"
192.168.50.50 - servidores [21/Aug/2021:06:17:05 -0500] "GET http://centos.mirror.letscloud.io/7.9.2009/extras/x86_64/repodata/repomd.xml HTTP/1.1" 200 3513 "HTTP" ""
192.168.10.20 - arodriguez [21/Aug/2021:06:17:31 -0500] "CONNECT relay-1cb4b08e.net.anydesk.com:80 HTTP/1.1" 200 0 "HTTPS" "outgoing via 192.168.50.30"
192.168.10.20 - arodriguez [21/Aug/2021:06:18:00 -0500] "CONNECT relay-1cb4b08e.net.anydesk.com:80 HTTP/1.1" 200 0 "HTTPS" "outgoing via 192.168.50.30"
192.168.10.20 - arodriguez [21/Aug/2021:06:18:13 -0500] "CONNECT relay-d3705b18.net.anydesk.com:80 HTTP/1.1" 200 0 "HTTPS" "outgoing via 192.168.50.30"
192.168.1.2 - lorena [21/Aug/2021:06:18:21 -0500] "CONNECT nexusrules.officeapps.live.com:443 HTTP/1.1" 200 0 "HTTPS" "outgoing via 192.168.50.30"
192.168.10.20 - arodriguez [21/Aug/2021:06:18:42 -0500] "CONNECT relay-d3705b18.net.anydesk.com:80 HTTP/1.1" 200 0 "HTTPS" "outgoing via 192.168.50.30"
192.168.1.2 - lorena [21/Aug/2021:06:19:05 -0500] "CONNECT scontent-mia3-2.xx.fbcdn.net:443 HTTP/1.1" 200 0 "HTTPS" "outgoing via 192.168.50.30"
192.168.10.20 - arodriguez [21/Aug/2021:06:19:11 -0500] "CONNECT relay-d3705b18.net.anydesk.com:80 HTTP/1.1" 200 0 "HTTPS" "outgoing via 192.168.50.30"
192.168.1.2 - lorena [21/Aug/2021:06:19:14 -0500] "CONNECT config.edge.skype.com:443 HTTP/1.1" 200 0 "HTTPS" "outgoing via 192.168.50.30"
192.168.1.2 - lorena [21/Aug/2021:06:19:17 -0500] "CONNECT login.windows.net:443 HTTP/1.0" 200 0 "HTTPS" "outgoing via 192.168.50.30"
192.168.1.2 - lorena [21/Aug/2021:06:19:22 -0500] "CONNECT login.windows.net:443 HTTP/1.0" 200 0 "HTTPS" "outgoing via 192.168.50.30"
192.168.1.2 - lorena [21/Aug/2021:06:19:22 -0500] "CONNECT login.windows.net:443 HTTP/1.0" 200 0 "HTTPS" "outgoing via 192.168.50.30"
192.168.10.20 - arodriguez [21/Aug/2021:06:19:40 -0500] "CONNECT relay-d3705b18.net.anydesk.com:80 HTTP/1.1" 200 0 "HTTPS" "outgoing via 192.168.50.30"
192.168.10.20 - arodriguez [21/Aug/2021:06:19:53 -0500] "CONNECT relay-1cb4b08e.net.anydesk.com:80 HTTP/1.1" 200 0 "HTTPS" "outgoing via 192.168.50.30"
192.168.10.20 - arodriguez [21/Aug/2021:06:20:23 -0500] "CONNECT relay-1cb4b08e.net.anydesk.com:80 HTTP/1.1" 200 0 "HTTPS" "outgoing via 192.168.50.30"
192.168.10.20 - arodriguez [21/Aug/2021:06:20:52 -0500] "CONNECT relay-1cb4b08e.net.anydesk.com:80 HTTP/1.1" 200 0 "HTTPS" "outgoing via 192.168.50.30"
192.168.10.20 - arodriguez [21/Aug/2021:06:21:20 -0500] "CONNECT relay-1cb4b08e.net.anydesk.com:80 HTTP/1.1" 200 0 "HTTPS" "outgoing via 192.168.50.30"
192.168.10.20 - arodriguez [21/Aug/2021:06:21:34 -0500] "CONNECT relay-629d065f.net.anydesk.com:80 HTTP/1.1" 200 0 "HTTPS" "outgoing via 192.168.50.30"
192.168.10.20 - arodriguez [21/Aug/2021:06:22:03 -0500] "CONNECT relay-629d065f.net.anydesk.com:80 HTTP/1.1" 200 0 "HTTPS" "outgoing via 192.168.50.30"
192.168.10.20 - arodriguez [21/Aug/2021:06:22:31 -0500] "CONNECT relay-629d065f.net.anydesk.com:80 HTTP/1.1" 200 0 "HTTPS" "outgoing via 192.168.50.30"
192.168.10.20 - arodriguez [21/Aug/2021:06:23:01 -0500] "CONNECT relay-629d065f.net.anydesk.com:80 HTTP/1.1" 200 0 "HTTPS" "outgoing via 192.168.50.30"
192.168.10.20 - arodriguez [21/Aug/2021:06:23:30 -0500] "CONNECT relay-629d065f.net.anydesk.com:80 HTTP/1.1" 200 0 "HTTPS" "outgoing via 192.168.50.30"
192.168.10.20 - arodriguez [21/Aug/2021:06:23:59 -0500] "CONNECT relay-629d065f.net.anydesk.com:80 HTTP/1.1" 200 0 "HTTPS" "outgoing via 192.168.50.30"
192.168.1.2 - lorena [21/Aug/2021:06:24:17 -0500] "CONNECT nexusrules.officeapps.live.com:443 HTTP/1.1" 200 0 "HTTPS" "outgoing via 192.168.50.30"
192.168.10.20 - arodriguez [21/Aug/2021:06:24:28 -0500] "CONNECT relay-629d065f.net.anydesk.com:80 HTTP/1.1" 200 0 "HTTPS" "outgoing via 192.168.50.30"
192.168.10.20 - arodriguez [21/Aug/2021:06:24:41 -0500] "CONNECT relay-f6106504.net.anydesk.com:80 HTTP/1.1" 200 0 "HTTPS" "outgoing via 192.168.50.30"
192.168.50.220 - servidores [21/Aug/2021:06:24:50 -0500] "CONNECT mirrors.fedoraproject.org:443 HTTP/1.1" 200 0 "HTTPS" "outgoing via 192.168.50.30"
192.168.50.220 - servidores [21/Aug/2021:06:24:55 -0500] "CONNECT repos.eggycrew.com:443 HTTP/1.1" 200 0 "HTTPS" "outgoing via 192.168.50.30"
192.168.50.220 - servidores [21/Aug/2021:06:24:56 -0500] "CONNECT repo.ius.io:443 HTTP/1.1" 200 0 "HTTPS" "outgoing via 192.168.50.30"
192.168.50.220 - servidores [21/Aug/2021:06:24:58 -0500] "CONNECT download.postgresql.org:443 HTTP/1.1" 200 0 "HTTPS" "outgoing via 192.168.50.30"
192.168.10.20 - arodriguez [21/Aug/2021:06:25:10 -0500] "CONNECT relay-f6106504.net.anydesk.com:80 HTTP/1.1" 200 0 "HTTPS" "outgoing via 192.168.50.30"
192.168.50.220 - servidores [21/Aug/2021:06:25:18 -0500] "CONNECT download.postgresql.org:443 HTTP/1.1" 200 0 "HTTPS" "outgoing via 192.168.50.30"
192.168.50.220 - servidores [21/Aug/2021:06:25:21 -0500] "GET http://remi.mirrors.arminco.com/enterprise/7/remi/x86_64/repodata/repomd.xml HTTP/1.1" 200 3489 "HTTP" ""
192.168.50.220 - servidores [21/Aug/2021:06:25:21 -0500] "GET http://remi.mirrors.arminco.com/enterprise/7/php72/x86_64/repodata/repomd.xml HTTP/1.1" 200 3476 "HTTP" ""
192.168.50.220 - servidores [21/Aug/2021:06:25:22 -0500] "CONNECT download.rethinkdb.com:443 HTTP/1.1" 200 0 "HTTPS" "outgoing via 192.168.50.30"
192.168.50.220 - servidores [21/Aug/2021:06:25:23 -0500] "GET http://mirror-centos-jpa.hostdime.com.br/centos/7.9.2009/extras/x86_64/repodata/repomd.xml HTTP/1.1" 200 3508 "HTTP" ""
192.168.1.2 - lorena [21/Aug/2021:06:25:36 -0500] "CONNECT web.whatsapp.com:443 HTTP/1.1" 200 0 "HTTPS" "outgoing via 192.168.50.30"
192.168.10.20 - arodriguez [21/Aug/2021:06:25:39 -0500] "CONNECT relay-f6106504.net.anydesk.com:80 HTTP/1.1" 200 0 "HTTPS" "outgoing via 192.168.50.30"
192.168.10.20 - arodriguez [21/Aug/2021:06:25:52 -0500] "CONNECT relay-82fc4166.net.anydesk.com:80 HTTP/1.1" 200 0 "HTTPS" "outgoing via 192.168.50.30"
192.168.10.20 - arodriguez [21/Aug/2021:06:26:21 -0500] "CONNECT relay-82fc4166.net.anydesk.com:80 HTTP/1.1" 200 0 "HTTPS" "outgoing via 192.168.50.30"
192.168.1.2 - lorena [21/Aug/2021:06:26:38 -0500] "CONNECT scontent-mia3-2.xx.fbcdn.net:443 HTTP/1.1" 200 0 "HTTPS" "outgoing via 192.168.50.30"
192.168.10.20 - arodriguez [21/Aug/2021:06:26:50 -0500] "CONNECT relay-82fc4166.net.anydesk.com:80 HTTP/1.1" 200 0 "HTTPS" "outgoing via 192.168.50.30"
192.168.1.2 - lorena [21/Aug/2021:06:27:02 -0500] "CONNECT scontent-mia3-1.xx.fbcdn.net:443 HTTP/1.1" 200 0 "HTTPS" "outgoing via 192.168.50.30"
192.168.1.2 - lorena [21/Aug/2021:06:27:03 -0500] "CONNECT scontent.xx.fbcdn.net:443 HTTP/1.1" 200 0 "HTTPS" "outgoing via 192.168.50.30"
192.168.10.20 - arodriguez [21/Aug/2021:06:27:19 -0500] "CONNECT relay-82fc4166.net.anydesk.com:80 HTTP/1.1" 200 0 "HTTPS" "outgoing via 192.168.50.30"
192.168.10.20 - arodriguez [21/Aug/2021:06:27:33 -0500] "CONNECT relay-f6106504.net.anydesk.com:80 HTTP/1.1" 200 0 "HTTPS" "outgoing via 192.168.50.30"
192.168.10.20 - arodriguez [21/Aug/2021:06:28:02 -0500] "CONNECT relay-f6106504.net.anydesk.com:80 HTTP/1.1" 200 0 "HTTPS" "outgoing via 192.168.50.30"
192.168.10.20 - arodriguez [21/Aug/2021:06:28:31 -0500] "CONNECT relay-f6106504.net.anydesk.com:80 HTTP/1.1" 200 0 "HTTPS" "outgoing via 192.168.50.30"
192.168.10.20 - arodriguez [21/Aug/2021:06:29:00 -0500] "CONNECT relay-f6106504.net.anydesk.com:80 HTTP/1.1" 200 0 "HTTPS" "outgoing via 192.168.50.30"
192.168.1.2 - lorena [21/Aug/2021:06:29:23 -0500] "CONNECT safebrowsing.googleapis.com:443 HTTP/1.1" 200 0 "HTTPS" "outgoing via 192.168.50.30"
192.168.1.2 - lorena [21/Aug/2021:06:29:26 -0500] "CONNECT www.youtube.com:443 HTTP/1.1" 200 0 "HTTPS" "outgoing via 192.168.50.30"
192.168.10.20 - arodriguez [21/Aug/2021:06:29:29 -0500] "CONNECT relay-f6106504.net.anydesk.com:80 HTTP/1.1" 200 0 "HTTPS" "outgoing via 192.168.50.30"
192.168.10.20 - arodriguez [21/Aug/2021:06:29:42 -0500] "CONNECT relay-8b8e1425.net.anydesk.com:80 HTTP/1.1" 200 0 "HTTPS" "outgoing via 192.168.50.30"
192.168.10.20 - arodriguez [21/Aug/2021:06:30:11 -0500] "CONNECT relay-8b8e1425.net.anydesk.com:80 HTTP/1.1" 200 0 "HTTPS" "outgoing via 192.168.50.30"
192.168.1.2 - lorena [21/Aug/2021:06:30:18 -0500] "CONNECT nexusrules.officeapps.live.com:443 HTTP/1.1" 200 0 "HTTPS" "outgoing via 192.168.50.30"
192.168.10.20 - arodriguez [21/Aug/2021:06:30:40 -0500] "CONNECT relay-8b8e1425.net.anydesk.com:80 HTTP/1.1" 200 0 "HTTPS" "outgoing via 192.168.50.30"
192.168.10.20 - arodriguez [21/Aug/2021:06:31:09 -0500] "CONNECT relay-8b8e1425.net.anydesk.com:80 HTTP/1.1" 200 0 "HTTPS" "outgoing via 192.168.50.30"
192.168.10.20 - arodriguez [21/Aug/2021:06:31:38 -0500] "CONNECT relay-8b8e1425.net.anydesk.com:80 HTTP/1.1" 200 0 "HTTPS" "outgoing via 192.168.50.30"
192.168.10.20 - arodriguez [21/Aug/2021:06:32:07 -0500] "CONNECT relay-8b8e1425.net.anydesk.com:80 HTTP/1.1" 200 0 "HTTPS" "outgoing via 192.168.50.30"
192.168.10.20 - arodriguez [21/Aug/2021:06:32:36 -0500] "CONNECT relay-8b8e1425.net.anydesk.com:80 HTTP/1.1" 200 0 "HTTPS" "outgoing via 192.168.50.30"
192.168.10.20 - arodriguez [21/Aug/2021:06:32:49 -0500] "CONNECT relay-2057a8b4.net.anydesk.com:80 HTTP/1.1" 200 0 "HTTPS" "outgoing via 192.168.50.30"
192.168.10.20 - arodriguez [21/Aug/2021:06:33:19 -0500] "CONNECT relay-2057a8b4.net.anydesk.com:80 HTTP/1.1" 200 0 "HTTPS" "outgoing via 192.168.50.30"
192.168.10.20 - arodriguez [21/Aug/2021:06:33:47 -0500] "CONNECT relay-2057a8b4.net.anydesk.com:80 HTTP/1.1" 200 0 "HTTPS" "outgoing via 192.168.50.30"
192.168.10.20 - arodriguez [21/Aug/2021:06:34:17 -0500] "CONNECT relay-2057a8b4.net.anydesk.com:80 HTTP/1.1" 200 0 "HTTPS" "outgoing via 192.168.50.30"
192.168.10.20 - arodriguez [21/Aug/2021:06:34:30 -0500] "CONNECT relay-1c040ae6.net.anydesk.com:80 HTTP/1.1" 200 0 "HTTPS" "outgoing via 192.168.50.30"
192.168.10.20 - arodriguez [21/Aug/2021:06:34:59 -0500] "CONNECT relay-1c040ae6.net.anydesk.com:80 HTTP/1.1" 200 0 "HTTPS" "outgoing via 192.168.50.30"
192.168.1.2 - lorena [21/Aug/2021:06:35:12 -0500] "CONNECT scontent-mia3-1.xx.fbcdn.net:443 HTTP/1.1" 200 0 "HTTPS" "outgoing via 192.168.50.30"
192.168.10.20 - arodriguez [21/Aug/2021:06:35:28 -0500] "CONNECT relay-1c040ae6.net.anydesk.com:80 HTTP/1.1" 200 0 "HTTPS" "outgoing via 192.168.50.30"
192.168.10.20 - arodriguez [21/Aug/2021:06:35:41 -0500] "CONNECT relay-54e66660.net.anydesk.com:80 HTTP/1.1" 200 0 "HTTPS" "outgoing via 192.168.50.30"
192.168.10.20 - arodriguez [21/Aug/2021:06:36:10 -0500] "CONNECT relay-54e66660.net.anydesk.com:80 HTTP/1.1" 200 0 "HTTPS" "outgoing via 192.168.50.30"
192.168.1.2 - lorena [21/Aug/2021:06:36:19 -0500] "CONNECT nexusrules.officeapps.live.com:443 HTTP/1.1" 200 0 "HTTPS" "outgoing via 192.168.50.30"
192.168.10.20 - arodriguez [21/Aug/2021:06:36:40 -0500] "CONNECT relay-54e66660.net.anydesk.com:80 HTTP/1.1" 200 0 "HTTPS" "outgoing via 192.168.50.30"
192.168.10.20 - arodriguez [21/Aug/2021:06:37:08 -0500] "CONNECT relay-54e66660.net.anydesk.com:80 HTTP/1.1" 200 0 "HTTPS" "outgoing via 192.168.50.30"
192.168.10.20 - arodriguez [21/Aug/2021:06:37:38 -0500] "CONNECT relay-54e66660.net.anydesk.com:80 HTTP/1.1" 200 0 "HTTPS" "outgoing via 192.168.50.30"
192.168.1.2 - lorena [21/Aug/2021:06:37:42 -0500] "CONNECT scontent-mia3-2.xx.fbcdn.net:443 HTTP/1.1" 200 0 "HTTPS" "outgoing via 192.168.50.30"
192.168.10.20 - arodriguez [21/Aug/2021:06:37:51 -0500] "CONNECT relay-32e92e70.net.anydesk.com:80 HTTP/1.1" 200 0 "HTTPS" "outgoing via 192.168.50.30"
192.168.10.20 - arodriguez [21/Aug/2021:06:38:20 -0500] "CONNECT relay-32e92e70.net.anydesk.com:80 HTTP/1.1" 200 0 "HTTPS" "outgoing via 192.168.50.30"
192.168.10.20 - arodriguez [21/Aug/2021:06:38:49 -0500] "CONNECT relay-32e92e70.net.anydesk.com:80 HTTP/1.1" 200 0 "HTTPS" "outgoing via 192.168.50.30"
192.168.10.20 - arodriguez [21/Aug/2021:06:39:18 -0500] "CONNECT relay-32e92e70.net.anydesk.com:80 HTTP/1.1" 200 0 "HTTPS" "outgoing via 192.168.50.30"
192.168.10.20 - arodriguez [21/Aug/2021:06:39:32 -0500] "CONNECT relay-54e66660.net.anydesk.com:80 HTTP/1.1" 200 0 "HTTPS" "outgoing via 192.168.50.30"
192.168.10.20 - arodriguez [21/Aug/2021:06:40:01 -0500] "CONNECT relay-54e66660.net.anydesk.com:80 HTTP/1.1" 200 0 "HTTPS" "outgoing via 192.168.50.30"
192.168.10.20 - arodriguez [21/Aug/2021:06:40:30 -0500] "CONNECT relay-54e66660.net.anydesk.com:80 HTTP/1.1" 200 0 "HTTPS" "outgoing via 192.168.50.30"
192.168.1.2 - lorena [21/Aug/2021:06:40:36 -0500] "CONNECT web.whatsapp.com:443 HTTP/1.1" 200 0 "HTTPS" "outgoing via 192.168.50.30"
192.168.10.20 - arodriguez [21/Aug/2021:06:40:43 -0500] "CONNECT relay-a54c6d92.net.anydesk.com:80 HTTP/1.1" 200 0 "HTTPS" "outgoing via 192.168.50.30"
192.168.10.20 - arodriguez [21/Aug/2021:06:41:12 -0500] "CONNECT relay-a54c6d92.net.anydesk.com:80 HTTP/1.1" 200 0 "HTTPS" "outgoing via 192.168.50.30"
192.168.10.20 - arodriguez [21/Aug/2021:06:41:41 -0500] "CONNECT relay-a54c6d92.net.anydesk.com:80 HTTP/1.1" 200 0 "HTTPS" "outgoing via 192.168.50.30"
192.168.10.20 - arodriguez [21/Aug/2021:06:42:10 -0500] "CONNECT relay-a54c6d92.net.anydesk.com:80 HTTP/1.1" 200 0 "HTTPS" "outgoing via 192.168.50.30"
192.168.1.2 - lorena [21/Aug/2021:06:42:23 -0500] "CONNECT nexusrules.officeapps.live.com:443 HTTP/1.1" 200 0 "HTTPS" "outgoing via 192.168.50.30"
192.168.10.20 - arodriguez [21/Aug/2021:06:42:23 -0500] "CONNECT relay-dbede8d2.net.anydesk.com:80 HTTP/1.1" 200 0 "HTTPS" "outgoing via 192.168.50.30"
192.168.1.2 - lorena [21/Aug/2021:06:42:44 -0500] "CONNECT scontent-mia3-1.xx.fbcdn.net:443 HTTP/1.1" 200 0 "HTTPS" "outgoing via 192.168.50.30"
192.168.1.2 - lorena [21/Aug/2021:06:42:44 -0500] "CONNECT scontent-mia3-2.xx.fbcdn.net:443 HTTP/1.1" 200 0 "HTTPS" "outgoing via 192.168.50.30"
192.168.10.20 - arodriguez [21/Aug/2021:06:42:53 -0500] "CONNECT relay-dbede8d2.net.anydesk.com:80 HTTP/1.1" 200 0 "HTTPS" "outgoing via 192.168.50.30"
192.168.10.20 - arodriguez [21/Aug/2021:06:43:22 -0500] "CONNECT relay-dbede8d2.net.anydesk.com:80 HTTP/1.1" 200 0 "HTTPS" "outgoing via 192.168.50.30"
192.168.10.20 - arodriguez [21/Aug/2021:06:43:50 -0500] "CONNECT relay-dbede8d2.net.anydesk.com:80 HTTP/1.1" 200 0 "HTTPS" "outgoing via 192.168.50.30"
192.168.10.20 - arodriguez [21/Aug/2021:06:44:19 -0500] "CONNECT relay-dbede8d2.net.anydesk.com:80 HTTP/1.1" 200 0 "HTTPS" "outgoing via 192.168.50.30"
192.168.10.20 - arodriguez [21/Aug/2021:06:44:33 -0500] "CONNECT relay-bfcb38ab.net.anydesk.com:80 HTTP/1.1" 200 0 "HTTPS" "outgoing via 192.168.50.30"
192.168.10.20 - arodriguez [21/Aug/2021:06:45:02 -0500] "CONNECT relay-bfcb38ab.net.anydesk.com:80 HTTP/1.1" 200 0 "HTTPS" "outgoing via 192.168.50.30"
192.168.10.20 - arodriguez [21/Aug/2021:06:45:31 -0500] "CONNECT relay-bfcb38ab.net.anydesk.com:80 HTTP/1.1" 200 0 "HTTPS" "outgoing via 192.168.50.30"
192.168.10.20 - arodriguez [21/Aug/2021:06:45:44 -0500] "CONNECT relay-bd01ff02.net.anydesk.com:80 HTTP/1.1" 200 0 "HTTPS" "outgoing via 192.168.50.30"
192.168.10.20 - arodriguez [21/Aug/2021:06:46:13 -0500] "CONNECT relay-bd01ff02.net.anydesk.com:80 HTTP/1.1" 200 0 "HTTPS" "outgoing via 192.168.50.30"
192.168.10.20 - arodriguez [21/Aug/2021:06:46:42 -0500] "CONNECT relay-bd01ff02.net.anydesk.com:80 HTTP/1.1" 200 0 "HTTPS" "outgoing via 192.168.50.30"
192.168.10.20 - arodriguez [21/Aug/2021:06:47:11 -0500] "CONNECT relay-bd01ff02.net.anydesk.com:80 HTTP/1.1" 200 0 "HTTPS" "outgoing via 192.168.50.30"
192.168.10.20 - arodriguez [21/Aug/2021:06:47:40 -0500] "CONNECT relay-bd01ff02.net.anydesk.com:80 HTTP/1.1" 200 0 "HTTPS" "outgoing via 192.168.50.30"
192.168.10.20 - arodriguez [21/Aug/2021:06:48:09 -0500] "CONNECT relay-bd01ff02.net.anydesk.com:80 HTTP/1.1" 200 0 "HTTPS" "outgoing via 192.168.50.30"
192.168.1.2 - lorena [21/Aug/2021:06:48:14 -0500] "CONNECT nexusrules.officeapps.live.com:443 HTTP/1.1" 200 0 "HTTPS" "outgoing via 192.168.50.30"
192.168.10.20 - arodriguez [21/Aug/2021:06:48:37 -0500] "CONNECT relay-bd01ff02.net.anydesk.com:80 HTTP/1.1" 200 0 "HTTPS" "outgoing via 192.168.50.30"
192.168.10.20 - arodriguez [21/Aug/2021:06:48:51 -0500] "CONNECT relay-54e66660.net.anydesk.com:80 HTTP/1.1" 200 0 "HTTPS" "outgoing via 192.168.50.30"
192.168.10.20 - arodriguez [21/Aug/2021:06:49:20 -0500] "CONNECT relay-54e66660.net.anydesk.com:80 HTTP/1.1" 200 0 "HTTPS" "outgoing via 192.168.50.30"
192.168.10.20 - arodriguez [21/Aug/2021:06:49:49 -0500] "CONNECT relay-54e66660.net.anydesk.com:80 HTTP/1.1" 200 0 "HTTPS" "outgoing via 192.168.50.30"
192.168.10.20 - arodriguez [21/Aug/2021:06:50:03 -0500] "CONNECT relay-629d065f.net.anydesk.com:80 HTTP/1.1" 200 0 "HTTPS" "outgoing via 192.168.50.30"
192.168.1.2 - lorena [21/Aug/2021:06:50:18 -0500] "CONNECT scontent-mia3-2.xx.fbcdn.net:443 HTTP/1.1" 200 0 "HTTPS" "outgoing via 192.168.50.30"
192.168.10.20 - arodriguez [21/Aug/2021:06:50:31 -0500] "CONNECT relay-629d065f.net.anydesk.com:80 HTTP/1.1" 200 0 "HTTPS" "outgoing via 192.168.50.30"
192.168.10.20 - arodriguez [21/Aug/2021:06:51:01 -0500] "CONNECT relay-629d065f.net.anydesk.com:80 HTTP/1.1" 200 0 "HTTPS" "outgoing via 192.168.50.30"
192.168.10.20 - arodriguez [21/Aug/2021:06:51:30 -0500] "CONNECT relay-629d065f.net.anydesk.com:80 HTTP/1.1" 200 0 "HTTPS" "outgoing via 192.168.50.30"
192.168.10.20 - arodriguez [21/Aug/2021:06:51:58 -0500] "CONNECT relay-629d065f.net.anydesk.com:80 HTTP/1.1" 200 0 "HTTPS" "outgoing via 192.168.50.30"
192.168.10.20 - arodriguez [21/Aug/2021:06:52:27 -0500] "CONNECT relay-629d065f.net.anydesk.com:80 HTTP/1.1" 200 0 "HTTPS" "outgoing via 192.168.50.30"
192.168.10.20 - arodriguez [21/Aug/2021:06:52:56 -0500] "CONNECT relay-629d065f.net.anydesk.com:80 HTTP/1.1" 200 0 "HTTPS" "outgoing via 192.168.50.30"
192.168.10.20 - arodriguez [21/Aug/2021:06:53:25 -0500] "CONNECT relay-629d065f.net.anydesk.com:80 HTTP/1.1" 200 0 "HTTPS" "outgoing via 192.168.50.30"
192.168.10.20 - arodriguez [21/Aug/2021:06:53:39 -0500] "CONNECT relay-bf5451a5.net.anydesk.com:80 HTTP/1.1" 200 0 "HTTPS" "outgoing via 192.168.50.30"
192.168.1.2 - lorena [21/Aug/2021:06:54:06 -0500] "CONNECT nexusrules.officeapps.live.com:443 HTTP/1.1" 200 0 "HTTPS" "outgoing via 192.168.50.30"
192.168.10.20 - arodriguez [21/Aug/2021:06:54:08 -0500] "CONNECT relay-bf5451a5.net.anydesk.com:80 HTTP/1.1" 200 0 "HTTPS" "outgoing via 192.168.50.30"
192.168.10.20 - arodriguez [21/Aug/2021:06:54:37 -0500] "CONNECT relay-bf5451a5.net.anydesk.com:80 HTTP/1.1" 200 0 "HTTPS" "outgoing via 192.168.50.30"
192.168.1.2 - lorena [21/Aug/2021:06:54:45 -0500] "CONNECT incoming.telemetry.mozilla.org:443 HTTP/1.1" 200 0 "HTTPS" "outgoing via 192.168.50.30"
192.168.10.20 - arodriguez [21/Aug/2021:06:54:51 -0500] "CONNECT relay-5bec465c.net.anydesk.com:80 HTTP/1.1" 200 0 "HTTPS" "outgoing via 192.168.50.30"
192.168.10.20 - arodriguez [21/Aug/2021:06:55:19 -0500] "CONNECT relay-5bec465c.net.anydesk.com:80 HTTP/1.1" 200 0 "HTTPS" "outgoing via 192.168.50.30"
192.168.1.2 - lorena [21/Aug/2021:06:55:36 -0500] "CONNECT web.whatsapp.com:443 HTTP/1.1" 200 0 "HTTPS" "outgoing via 192.168.50.30"
192.168.10.20 - arodriguez [21/Aug/2021:06:55:48 -0500] "CONNECT relay-5bec465c.net.anydesk.com:80 HTTP/1.1" 200 0 "HTTPS" "outgoing via 192.168.50.30"
192.168.10.20 - arodriguez [21/Aug/2021:06:56:02 -0500] "CONNECT relay-1cb4b08e.net.anydesk.com:80 HTTP/1.1" 200 0 "HTTPS" "outgoing via 192.168.50.30"
192.168.10.20 - arodriguez [21/Aug/2021:06:56:31 -0500] "CONNECT relay-1cb4b08e.net.anydesk.com:80 HTTP/1.1" 200 0 "HTTPS" "outgoing via 192.168.50.30"
192.168.10.20 - arodriguez [21/Aug/2021:06:57:00 -0500] "CONNECT relay-1cb4b08e.net.anydesk.com:80 HTTP/1.1" 200 0 "HTTPS" "outgoing via 192.168.50.30"
192.168.10.20 - arodriguez [21/Aug/2021:06:57:13 -0500] "CONNECT relay-bf5451a5.net.anydesk.com:80 HTTP/1.1" 200 0 "HTTPS" "outgoing via 192.168.50.30"
192.168.10.20 - arodriguez [21/Aug/2021:06:57:42 -0500] "CONNECT relay-bf5451a5.net.anydesk.com:80 HTTP/1.1" 200 0 "HTTPS" "outgoing via 192.168.50.30"
192.168.10.20 - arodriguez [21/Aug/2021:06:58:11 -0500] "CONNECT relay-bf5451a5.net.anydesk.com:80 HTTP/1.1" 200 0 "HTTPS" "outgoing via 192.168.50.30"
192.168.10.20 - arodriguez [21/Aug/2021:06:58:24 -0500] "CONNECT relay-89970c8c.net.anydesk.com:80 HTTP/1.1" 200 0 "HTTPS" "outgoing via 192.168.50.30"
192.168.10.20 - arodriguez [21/Aug/2021:06:58:54 -0500] "CONNECT relay-89970c8c.net.anydesk.com:80 HTTP/1.1" 200 0 "HTTPS" "outgoing via 192.168.50.30"
192.168.1.2 - lorena [21/Aug/2021:06:59:03 -0500] "CONNECT safebrowsing.googleapis.com:443 HTTP/1.1" 200 0 "HTTPS" "outgoing via 192.168.50.30"
192.168.1.2 - lorena [21/Aug/2021:06:59:07 -0500] "CONNECT incoming.telemetry.mozilla.org:443 HTTP/1.1" 200 0 "HTTPS" "outgoing via 192.168.50.30"
192.168.10.20 - arodriguez [21/Aug/2021:06:59:23 -0500] "CONNECT relay-89970c8c.net.anydesk.com:80 HTTP/1.1" 200 0 "HTTPS" "outgoing via 192.168.50.30"
192.168.1.2 - lorena [21/Aug/2021:06:59:30 -0500] "CONNECT www.youtube.com:443 HTTP/1.1" 200 0 "HTTPS" "outgoing via 192.168.50.30"
192.168.10.20 - arodriguez [21/Aug/2021:06:59:51 -0500] "CONNECT relay-89970c8c.net.anydesk.com:80 HTTP/1.1" 200 0 "HTTPS" "outgoing via 192.168.50.30"
192.168.10.20 - arodriguez [21/Aug/2021:07:00:21 -0500] "CONNECT relay-89970c8c.net.anydesk.com:80 HTTP/1.1" 200 0 "HTTPS" "outgoing via 192.168.50.30"
192.168.1.2 - lorena [21/Aug/2021:07:00:29 -0500] "CONNECT nexusrules.officeapps.live.com:443 HTTP/1.1" 200 0 "HTTPS" "outgoing via 192.168.50.30"
192.168.50.8 - arodriguez [21/Aug/2021:07:00:39 -0500] "HEAD http://update.eset.com/eset_eval/update.ver HTTP/1.1" 200 383 "HTTP" ""
192.168.1.2 - lorena [21/Aug/2021:07:00:45 -0500] "CONNECT client-office365-tas.msedge.net:443 HTTP/1.1" 200 0 "HTTPS" "outgoing via 192.168.50.30"
192.168.50.8 - arodriguez [21/Aug/2021:07:00:49 -0500] "GET http://update.eset.com/eset_eval/update.ver HTTP/1.1" 200 119472 "HTTP" ""
192.168.50.8 - arodriguez [21/Aug/2021:07:00:49 -0500] "HEAD http://update.eset.com/v3-eval-sta/mod_002_engine_50561/em002_32_n1.nup HTTP/1.1" 200 372 "HTTP" ""
192.168.50.8 - arodriguez [21/Aug/2021:07:00:50 -0500] "GET http://update.eset.com/v3-eval-sta/mod_002_engine_50561/em002_32_n1.nup HTTP/1.1" 200 6925 "HTTP" ""
192.168.10.20 - arodriguez [21/Aug/2021:07:00:50 -0500] "CONNECT relay-89970c8c.net.anydesk.com:80 HTTP/1.1" 200 0 "HTTPS" "outgoing via 192.168.50.30"
192.168.50.8 - arodriguez [21/Aug/2021:07:00:50 -0500] "HEAD http://update.eset.com/v3-eval-sta/mod_023_pegasus_25616/em023_32_n1.nup HTTP/1.1" 200 373 "HTTP" ""
192.168.50.8 - arodriguez [21/Aug/2021:07:00:50 -0500] "GET http://update.eset.com/v3-eval-sta/mod_023_pegasus_25616/em023_32_n1.nup HTTP/1.1" 200 43978 "HTTP" ""
192.168.50.8 - arodriguez [21/Aug/2021:07:00:50 -0500] "HEAD http://update.eset.com/v3-eval-sta/mod_002_engine_50561/em002_32_l2.nup HTTP/1.1" 200 377 "HTTP" ""
192.168.10.20 - arodriguez [21/Aug/2021:07:01:19 -0500] "CONNECT relay-89970c8c.net.anydesk.com:80 HTTP/1.1" 200 0 "HTTPS" "outgoing via 192.168.50.30"
192.168.10.20 - arodriguez [21/Aug/2021:07:01:48 -0500] "CONNECT relay-89970c8c.net.anydesk.com:80 HTTP/1.1" 200 0 "HTTPS" "outgoing via 192.168.50.30"
192.168.10.20 - arodriguez [21/Aug/2021:07:02:01 -0500] "CONNECT relay-8b8e1425.net.anydesk.com:80 HTTP/1.1" 200 0 "HTTPS" "outgoing via 192.168.50.30"
192.168.10.20 - arodriguez [21/Aug/2021:07:02:30 -0500] "CONNECT relay-8b8e1425.net.anydesk.com:80 HTTP/1.1" 200 0 "HTTPS" "outgoing via 192.168.50.30"
192.168.1.2 - lorena [21/Aug/2021:07:02:52 -0500] "CONNECT scontent-mia3-2.xx.fbcdn.net:443 HTTP/1.1" 200 0 "HTTPS" "outgoing via 192.168.50.30"
192.168.1.2 - lorena [21/Aug/2021:07:02:55 -0500] "CONNECT scontent-mia3-1.xx.fbcdn.net:443 HTTP/1.1" 200 0 "HTTPS" "outgoing via 192.168.50.30"
192.168.10.20 - arodriguez [21/Aug/2021:07:02:59 -0500] "CONNECT relay-8b8e1425.net.anydesk.com:80 HTTP/1.1" 200 0 "HTTPS" "outgoing via 192.168.50.30"
192.168.10.20 - arodriguez [21/Aug/2021:07:03:28 -0500] "CONNECT relay-8b8e1425.net.anydesk.com:80 HTTP/1.1" 200 0 "HTTPS" "outgoing via 192.168.50.30"
192.168.1.2 - lorena [21/Aug/2021:07:03:41 -0500] "CONNECT web.whatsapp.com:443 HTTP/1.1" 200 0 "HTTPS" "outgoing via 192.168.50.30"
192.168.10.20 - arodriguez [21/Aug/2021:07:03:57 -0500] "CONNECT relay-8b8e1425.net.anydesk.com:80 HTTP/1.1" 200 0 "HTTPS" "outgoing via 192.168.50.30"
192.168.10.20 - arodriguez [21/Aug/2021:07:04:26 -0500] "CONNECT relay-8b8e1425.net.anydesk.com:80 HTTP/1.1" 200 0 "HTTPS" "outgoing via 192.168.50.30"
192.168.10.20 - arodriguez [21/Aug/2021:07:04:56 -0500] "CONNECT relay-8b8e1425.net.anydesk.com:80 HTTP/1.1" 200 0 "HTTPS" "outgoing via 192.168.50.30"
192.168.10.20 - arodriguez [21/Aug/2021:07:05:09 -0500] "CONNECT relay-096fe6d0.net.anydesk.com:80 HTTP/1.1" 200 0 "HTTPS" "outgoing via 192.168.50.30"
192.168.10.20 - arodriguez [21/Aug/2021:07:05:38 -0500] "CONNECT relay-096fe6d0.net.anydesk.com:80 HTTP/1.1" 200 0 "HTTPS" "outgoing via 192.168.50.30"
192.168.10.20 - arodriguez [21/Aug/2021:07:06:07 -0500] "CONNECT relay-096fe6d0.net.anydesk.com:80 HTTP/1.1" 200 0 "HTTPS" "outgoing via 192.168.50.30"
192.168.1.2 - lorena [21/Aug/2021:07:06:19 -0500] "CONNECT nexusrules.officeapps.live.com:443 HTTP/1.1" 200 0 "HTTPS" "outgoing via 192.168.50.30"
192.168.10.20 - arodriguez [21/Aug/2021:07:06:36 -0500] "CONNECT relay-096fe6d0.net.anydesk.com:80 HTTP/1.1" 200 0 "HTTPS" "outgoing via 192.168.50.30"
192.168.10.20 - arodriguez [21/Aug/2021:07:07:05 -0500] "CONNECT relay-096fe6d0.net.anydesk.com:80 HTTP/1.1" 200 0 "HTTPS" "outgoing via 192.168.50.30"
192.168.1.2 - lorena [21/Aug/2021:07:07:18 -0500] "CONNECT scontent-mia3-1.xx.fbcdn.net:443 HTTP/1.1" 200 0 "HTTPS" "outgoing via 192.168.50.30"
192.168.10.20 - arodriguez [21/Aug/2021:07:07:34 -0500] "CONNECT relay-096fe6d0.net.anydesk.com:80 HTTP/1.1" 200 0 "HTTPS" "outgoing via 192.168.50.30"
192.168.10.20 - arodriguez [21/Aug/2021:07:07:47 -0500] "CONNECT relay-1c040ae6.net.anydesk.com:80 HTTP/1.1" 200 0 "HTTPS" "outgoing via 192.168.50.30"
192.168.1.2 - lorena [21/Aug/2021:07:07:54 -0500] "CONNECT scontent-mia3-2.xx.fbcdn.net:443 HTTP/1.1" 200 0 "HTTPS" "outgoing via 192.168.50.30"
192.168.10.20 - arodriguez [21/Aug/2021:07:08:16 -0500] "CONNECT relay-1c040ae6.net.anydesk.com:80 HTTP/1.1" 200 0 "HTTPS" "outgoing via 192.168.50.30"
192.168.10.20 - arodriguez [21/Aug/2021:07:08:45 -0500] "CONNECT relay-1c040ae6.net.anydesk.com:80 HTTP/1.1" 200 0 "HTTPS" "outgoing via 192.168.50.30"
192.168.10.20 - arodriguez [21/Aug/2021:07:08:59 -0500] "CONNECT relay-5f045e20.net.anydesk.com:80 HTTP/1.1" 200 0 "HTTPS" "outgoing via 192.168.50.30"
192.168.10.20 - arodriguez [21/Aug/2021:07:09:28 -0500] "CONNECT relay-5f045e20.net.anydesk.com:80 HTTP/1.1" 200 0 "HTTPS" "outgoing via 192.168.50.30"
192.168.10.20 - arodriguez [21/Aug/2021:07:09:57 -0500] "CONNECT relay-5f045e20.net.anydesk.com:80 HTTP/1.1" 200 0 "HTTPS" "outgoing via 192.168.50.30"
192.168.1.2 - lorena [21/Aug/2021:07:10:26 -0500] "CONNECT scontent-mia3-1.xx.fbcdn.net:443 HTTP/1.1" 200 0 "HTTPS" "outgoing via 192.168.50.30"
192.168.10.20 - arodriguez [21/Aug/2021:07:10:26 -0500] "CONNECT relay-5f045e20.net.anydesk.com:80 HTTP/1.1" 200 0 "HTTPS" "outgoing via 192.168.50.30"
192.168.1.2 - lorena [21/Aug/2021:07:10:36 -0500] "CONNECT web.whatsapp.com:443 HTTP/1.1" 200 0 "HTTPS" "outgoing via 192.168.50.30"
192.168.10.20 - arodriguez [21/Aug/2021:07:10:40 -0500] "CONNECT relay-f4ae83b1.net.anydesk.com:80 HTTP/1.1" 200 0 "HTTPS" "outgoing via 192.168.50.30"
192.168.10.20 - arodriguez [21/Aug/2021:07:11:09 -0500] "CONNECT relay-f4ae83b1.net.anydesk.com:80 HTTP/1.1" 200 0 "HTTPS" "outgoing via 192.168.50.30"
192.168.10.20 - arodriguez [21/Aug/2021:07:11:38 -0500] "CONNECT relay-f4ae83b1.net.anydesk.com:80 HTTP/1.1" 200 0 "HTTPS" "outgoing via 192.168.50.30"
192.168.10.20 - arodriguez [21/Aug/2021:07:11:51 -0500] "CONNECT relay-54e66660.net.anydesk.com:80 HTTP/1.1" 200 0 "HTTPS" "outgoing via 192.168.50.30"
192.168.1.2 - lorena [21/Aug/2021:07:12:13 -0500] "CONNECT nexusrules.officeapps.live.com:443 HTTP/1.1" 200 0 "HTTPS" "outgoing via 192.168.50.30"
192.168.10.20 - arodriguez [21/Aug/2021:07:12:20 -0500] "CONNECT relay-54e66660.net.anydesk.com:80 HTTP/1.1" 200 0 "HTTPS" "outgoing via 192.168.50.30"
192.168.10.20 - arodriguez [21/Aug/2021:07:12:49 -0500] "CONNECT relay-54e66660.net.anydesk.com:80 HTTP/1.1" 200 0 "HTTPS" "outgoing via 192.168.50.30"
192.168.10.20 - arodriguez [21/Aug/2021:07:13:03 -0500] "CONNECT relay-afcf85da.net.anydesk.com:80 HTTP/1.1" 200 0 "HTTPS" "outgoing via 192.168.50.30"
192.168.50.50 - servidores [21/Aug/2021:07:13:20 -0500] "CONNECT mirrors.fedoraproject.org:443 HTTP/1.1" 200 0 "HTTPS" "outgoing via 192.168.50.30"
192.168.50.50 - servidores [21/Aug/2021:07:13:22 -0500] "CONNECT mir01.syntis.net:443 HTTP/1.1" 200 0 "HTTPS" "outgoing via 192.168.50.30"
192.168.50.50 - servidores [21/Aug/2021:07:13:23 -0500] "GET http://centos.mirror.letscloud.io/7.9.2009/extras/x86_64/repodata/repomd.xml HTTP/1.1" 200 3513 "HTTP" ""
192.168.10.20 - arodriguez [21/Aug/2021:07:13:32 -0500] "CONNECT relay-afcf85da.net.anydesk.com:80 HTTP/1.1" 200 0 "HTTPS" "outgoing via 192.168.50.30"
192.168.10.20 - arodriguez [21/Aug/2021:07:14:01 -0500] "CONNECT relay-afcf85da.net.anydesk.com:80 HTTP/1.1" 200 0 "HTTPS" "outgoing via 192.168.50.30"
192.168.10.20 - arodriguez [21/Aug/2021:07:14:30 -0500] "CONNECT relay-afcf85da.net.anydesk.com:80 HTTP/1.1" 200 0 "HTTPS" "outgoing via 192.168.50.30"
192.168.10.20 - arodriguez [21/Aug/2021:07:14:43 -0500] "CONNECT relay-a54c6d92.net.anydesk.com:80 HTTP/1.1" 200 0 "HTTPS" "outgoing via 192.168.50.30"
192.168.10.20 - arodriguez [21/Aug/2021:07:15:12 -0500] "CONNECT relay-a54c6d92.net.anydesk.com:80 HTTP/1.1" 200 0 "HTTPS" "outgoing via 192.168.50.30"
192.168.10.20 - arodriguez [21/Aug/2021:07:15:41 -0500] "CONNECT relay-a54c6d92.net.anydesk.com:80 HTTP/1.1" 200 0 "HTTPS" "outgoing via 192.168.50.30"
192.168.10.20 - arodriguez [21/Aug/2021:07:16:10 -0500] "CONNECT relay-a54c6d92.net.anydesk.com:80 HTTP/1.1" 200 0 "HTTPS" "outgoing via 192.168.50.30"
192.168.10.20 - arodriguez [21/Aug/2021:07:16:39 -0500] "CONNECT relay-a54c6d92.net.anydesk.com:80 HTTP/1.1" 200 0 "HTTPS" "outgoing via 192.168.50.30"
192.168.10.20 - arodriguez [21/Aug/2021:07:17:08 -0500] "CONNECT relay-a54c6d92.net.anydesk.com:80 HTTP/1.1" 200 0 "HTTPS" "outgoing via 192.168.50.30"
192.168.10.20 - arodriguez [21/Aug/2021:07:17:37 -0500] "CONNECT relay-a54c6d92.net.anydesk.com:80 HTTP/1.1" 200 0 "HTTPS" "outgoing via 192.168.50.30"
192.168.10.20 - arodriguez [21/Aug/2021:07:17:50 -0500] "CONNECT relay-1cb4b08e.net.anydesk.com:80 HTTP/1.1" 200 0 "HTTPS" "outgoing via 192.168.50.30"
192.168.10.20 - arodriguez [21/Aug/2021:07:18:19 -0500] "CONNECT relay-1cb4b08e.net.anydesk.com:80 HTTP/1.1" 200 0 "HTTPS" "outgoing via 192.168.50.30"
192.168.10.20 - arodriguez [21/Aug/2021:07:18:48 -0500] "CONNECT relay-1cb4b08e.net.anydesk.com:80 HTTP/1.1" 200 0 "HTTPS" "outgoing via 192.168.50.30"
192.168.10.20 - arodriguez [21/Aug/2021:07:19:18 -0500] "CONNECT relay-1cb4b08e.net.anydesk.com:80 HTTP/1.1" 200 0 "HTTPS" "outgoing via 192.168.50.30"
192.168.10.20 - arodriguez [21/Aug/2021:07:19:31 -0500] "CONNECT relay-629d065f.net.anydesk.com:80 HTTP/1.1" 200 0 "HTTPS" "outgoing via 192.168.50.30"
192.168.10.20 - arodriguez [21/Aug/2021:07:20:00 -0500] "CONNECT relay-629d065f.net.anydesk.com:80 HTTP/1.1" 200 0 "HTTPS" "outgoing via 192.168.50.30"
192.168.10.20 - arodriguez [21/Aug/2021:07:20:29 -0500] "CONNECT relay-629d065f.net.anydesk.com:80 HTTP/1.1" 200 0 "HTTPS" "outgoing via 192.168.50.30"
192.168.50.220 - servidores [21/Aug/2021:07:20:33 -0500] "CONNECT mirrors.fedoraproject.org:443 HTTP/1.1" 200 0 "HTTPS" "outgoing via 192.168.50.30"
192.168.50.220 - servidores [21/Aug/2021:07:20:38 -0500] "CONNECT repos.eggycrew.com:443 HTTP/1.1" 200 0 "HTTPS" "outgoing via 192.168.50.30"
192.168.50.220 - servidores [21/Aug/2021:07:20:40 -0500] "CONNECT repo.ius.io:443 HTTP/1.1" 200 0 "HTTPS" "outgoing via 192.168.50.30"
192.168.50.220 - servidores [21/Aug/2021:07:20:42 -0500] "CONNECT download.postgresql.org:443 HTTP/1.1" 200 0 "HTTPS" "outgoing via 192.168.50.30"
192.168.10.20 - arodriguez [21/Aug/2021:07:20:42 -0500] "CONNECT relay-8b8e1425.net.anydesk.com:80 HTTP/1.1" 200 0 "HTTPS" "outgoing via 192.168.50.30"
192.168.50.220 - servidores [21/Aug/2021:07:21:00 -0500] "CONNECT download.postgresql.org:443 HTTP/1.1" 200 0 "HTTPS" "outgoing via 192.168.50.30"
192.168.50.220 - servidores [21/Aug/2021:07:21:04 -0500] "GET http://remi.mirrors.arminco.com/enterprise/7/remi/x86_64/repodata/repomd.xml HTTP/1.1" 200 3489 "HTTP" ""
192.168.50.220 - servidores [21/Aug/2021:07:21:04 -0500] "GET http://remi.mirrors.arminco.com/enterprise/7/php72/x86_64/repodata/repomd.xml HTTP/1.1" 200 3476 "HTTP" ""
192.168.50.220 - servidores [21/Aug/2021:07:21:05 -0500] "CONNECT download.rethinkdb.com:443 HTTP/1.1" 200 0 "HTTPS" "outgoing via 192.168.50.30"
192.168.50.220 - servidores [21/Aug/2021:07:21:05 -0500] "GET http://mirror-centos-jpa.hostdime.com.br/centos/7.9.2009/extras/x86_64/repodata/repomd.xml HTTP/1.1" 200 3508 "HTTP" ""
192.168.10.20 - arodriguez [21/Aug/2021:07:21:11 -0500] "CONNECT relay-8b8e1425.net.anydesk.com:80 HTTP/1.1" 200 0 "HTTPS" "outgoing via 192.168.50.30"
192.168.10.20 - arodriguez [21/Aug/2021:07:21:40 -0500] "CONNECT relay-8b8e1425.net.anydesk.com:80 HTTP/1.1" 200 0 "HTTPS" "outgoing via 192.168.50.30"
192.168.10.20 - arodriguez [21/Aug/2021:07:22:09 -0500] "CONNECT relay-8b8e1425.net.anydesk.com:80 HTTP/1.1" 200 0 "HTTPS" "outgoing via 192.168.50.30"
192.168.10.20 - arodriguez [21/Aug/2021:07:22:39 -0500] "CONNECT relay-8b8e1425.net.anydesk.com:80 HTTP/1.1" 200 0 "HTTPS" "outgoing via 192.168.50.30"
192.168.10.20 - arodriguez [21/Aug/2021:07:22:52 -0500] "CONNECT relay-0767eec0.net.anydesk.com:80 HTTP/1.1" 200 0 "HTTPS" "outgoing via 192.168.50.30"
192.168.10.20 - arodriguez [21/Aug/2021:07:23:21 -0500] "CONNECT relay-0767eec0.net.anydesk.com:80 HTTP/1.1" 200 0 "HTTPS" "outgoing via 192.168.50.30"
192.168.10.20 - arodriguez [21/Aug/2021:07:23:50 -0500] "CONNECT relay-0767eec0.net.anydesk.com:80 HTTP/1.1" 200 0 "HTTPS" "outgoing via 192.168.50.30"
192.168.10.20 - arodriguez [21/Aug/2021:07:24:19 -0500] "CONNECT relay-0767eec0.net.anydesk.com:80 HTTP/1.1" 200 0 "HTTPS" "outgoing via 192.168.50.30"
192.168.10.20 - arodriguez [21/Aug/2021:07:24:32 -0500] "CONNECT relay-82fc4166.net.anydesk.com:80 HTTP/1.1" 200 0 "HTTPS" "outgoing via 192.168.50.30"
192.168.10.20 - arodriguez [21/Aug/2021:07:25:01 -0500] "CONNECT relay-82fc4166.net.anydesk.com:80 HTTP/1.1" 200 0 "HTTPS" "outgoing via 192.168.50.30"
192.168.10.20 - arodriguez [21/Aug/2021:07:25:31 -0500] "CONNECT relay-82fc4166.net.anydesk.com:80 HTTP/1.1" 200 0 "HTTPS" "outgoing via 192.168.50.30"
192.168.10.20 - arodriguez [21/Aug/2021:07:26:00 -0500] "CONNECT relay-82fc4166.net.anydesk.com:80 HTTP/1.1" 200 0 "HTTPS" "outgoing via 192.168.50.30"
192.168.10.20 - arodriguez [21/Aug/2021:07:26:28 -0500] "CONNECT relay-82fc4166.net.anydesk.com:80 HTTP/1.1" 200 0 "HTTPS" "outgoing via 192.168.50.30"
192.168.10.20 - arodriguez [21/Aug/2021:07:26:57 -0500] "CONNECT relay-82fc4166.net.anydesk.com:80 HTTP/1.1" 200 0 "HTTPS" "outgoing via 192.168.50.30"
192.168.10.20 - arodriguez [21/Aug/2021:07:27:26 -0500] "CONNECT relay-82fc4166.net.anydesk.com:80 HTTP/1.1" 200 0 "HTTPS" "outgoing via 192.168.50.30"
192.168.10.20 - arodriguez [21/Aug/2021:07:27:40 -0500] "CONNECT relay-1cb4b08e.net.anydesk.com:80 HTTP/1.1" 200 0 "HTTPS" "outgoing via 192.168.50.30"
192.168.10.20 - arodriguez [21/Aug/2021:07:28:08 -0500] "CONNECT relay-1cb4b08e.net.anydesk.com:80 HTTP/1.1" 200 0 "HTTPS" "outgoing via 192.168.50.30"
192.168.10.20 - arodriguez [21/Aug/2021:07:28:37 -0500] "CONNECT relay-1cb4b08e.net.anydesk.com:80 HTTP/1.1" 200 0 "HTTPS" "outgoing via 192.168.50.30"
192.168.10.20 - arodriguez [21/Aug/2021:07:29:06 -0500] "CONNECT relay-1cb4b08e.net.anydesk.com:80 HTTP/1.1" 200 0 "HTTPS" "outgoing via 192.168.50.30"
192.168.10.20 - arodriguez [21/Aug/2021:07:29:19 -0500] "CONNECT relay-096fe6d0.net.anydesk.com:80 HTTP/1.1" 200 0 "HTTPS" "outgoing via 192.168.50.30"
192.168.10.20 - arodriguez [21/Aug/2021:07:29:48 -0500] "CONNECT relay-096fe6d0.net.anydesk.com:80 HTTP/1.1" 200 0 "HTTPS" "outgoing via 192.168.50.30"
192.168.10.20 - arodriguez [21/Aug/2021:07:30:17 -0500] "CONNECT relay-096fe6d0.net.anydesk.com:80 HTTP/1.1" 200 0 "HTTPS" "outgoing via 192.168.50.30"
192.168.10.20 - arodriguez [21/Aug/2021:07:30:46 -0500] "CONNECT relay-096fe6d0.net.anydesk.com:80 HTTP/1.1" 200 0 "HTTPS" "outgoing via 192.168.50.30"
192.168.10.20 - arodriguez [21/Aug/2021:07:31:15 -0500] "CONNECT relay-096fe6d0.net.anydesk.com:80 HTTP/1.1" 200 0 "HTTPS" "outgoing via 192.168.50.30"
192.168.10.20 - arodriguez [21/Aug/2021:07:31:44 -0500] "CONNECT relay-096fe6d0.net.anydesk.com:80 HTTP/1.1" 200 0 "HTTPS" "outgoing via 192.168.50.30"
192.168.10.20 - arodriguez [21/Aug/2021:07:32:13 -0500] "CONNECT relay-096fe6d0.net.anydesk.com:80 HTTP/1.1" 200 0 "HTTPS" "outgoing via 192.168.50.30"
192.168.10.20 - arodriguez [21/Aug/2021:07:32:42 -0500] "CONNECT relay-096fe6d0.net.anydesk.com:80 HTTP/1.1" 200 0 "HTTPS" "outgoing via 192.168.50.30"
192.168.10.20 - arodriguez [21/Aug/2021:07:33:11 -0500] "CONNECT relay-096fe6d0.net.anydesk.com:80 HTTP/1.1" 200 0 "HTTPS" "outgoing via 192.168.50.30"
192.168.10.20 - arodriguez [21/Aug/2021:07:33:40 -0500] "CONNECT relay-096fe6d0.net.anydesk.com:80 HTTP/1.1" 200 0 "HTTPS" "outgoing via 192.168.50.30"
192.168.10.20 - arodriguez [21/Aug/2021:07:34:09 -0500] "CONNECT relay-096fe6d0.net.anydesk.com:80 HTTP/1.1" 200 0 "HTTPS" "outgoing via 192.168.50.30"
192.168.10.20 - arodriguez [21/Aug/2021:07:34:38 -0500] "CONNECT relay-096fe6d0.net.anydesk.com:80 HTTP/1.1" 200 0 "HTTPS" "outgoing via 192.168.50.30"
192.168.10.20 - arodriguez [21/Aug/2021:07:35:07 -0500] "CONNECT relay-096fe6d0.net.anydesk.com:80 HTTP/1.1" 200 0 "HTTPS" "outgoing via 192.168.50.30"
192.168.10.20 - arodriguez [21/Aug/2021:07:35:36 -0500] "CONNECT relay-096fe6d0.net.anydesk.com:80 HTTP/1.1" 200 0 "HTTPS" "outgoing via 192.168.50.30"
192.168.10.20 - arodriguez [21/Aug/2021:07:36:05 -0500] "CONNECT relay-096fe6d0.net.anydesk.com:80 HTTP/1.1" 200 0 "HTTPS" "outgoing via 192.168.50.30"
192.168.10.20 - arodriguez [21/Aug/2021:07:36:18 -0500] "CONNECT relay-bf8a115f.net.anydesk.com:80 HTTP/1.1" 200 0 "HTTPS" "outgoing via 192.168.50.30"
192.168.10.20 - arodriguez [21/Aug/2021:07:36:48 -0500] "CONNECT relay-bf8a115f.net.anydesk.com:80 HTTP/1.1" 200 0 "HTTPS" "outgoing via 192.168.50.30"
192.168.10.20 - arodriguez [21/Aug/2021:07:37:17 -0500] "CONNECT relay-bf8a115f.net.anydesk.com:80 HTTP/1.1" 200 0 "HTTPS" "outgoing via 192.168.50.30"
192.168.10.20 - arodriguez [21/Aug/2021:07:37:46 -0500] "CONNECT relay-bf8a115f.net.anydesk.com:80 HTTP/1.1" 200 0 "HTTPS" "outgoing via 192.168.50.30"
192.168.10.20 - arodriguez [21/Aug/2021:07:37:59 -0500] "CONNECT relay-2057a8b4.net.anydesk.com:80 HTTP/1.1" 200 0 "HTTPS" "outgoing via 192.168.50.30"
192.168.10.20 - arodriguez [21/Aug/2021:07:38:28 -0500] "CONNECT relay-2057a8b4.net.anydesk.com:80 HTTP/1.1" 200 0 "HTTPS" "outgoing via 192.168.50.30"
