192.168.1.29 - rquintanilla [10/Jul/2021:05:09:32 -0500] "POST http://ocsp.digicert.com/ HTTP/1.1" 200 947 "HTTP" ""
192.168.1.29 - rquintanilla [10/Jul/2021:05:09:37 -0500] "CONNECT www.facebook.com:443 HTTP/1.1" 200 0 "HTTPS" "outgoing via 192.168.50.30"
192.168.1.29 - rquintanilla [10/Jul/2021:05:09:39 -0500] "CONNECT www.google.com:443 HTTP/1.1" 200 0 "HTTPS" "outgoing via 192.168.50.30"
192.168.1.29 - rquintanilla [10/Jul/2021:05:09:39 -0500] "CONNECT googleads.g.doubleclick.net:443 HTTP/1.1" 200 0 "HTTPS" "outgoing via 192.168.50.30"
192.168.1.29 - rquintanilla [10/Jul/2021:05:09:39 -0500] "GET http://detectportal.firefox.com/canonical.html HTTP/1.1" 200 444 "HTTP" ""
192.168.1.29 - rquintanilla [10/Jul/2021:05:09:39 -0500] "GET http://detectportal.firefox.com/success.txt?ipv4 HTTP/1.1" 200 362 "HTTP" ""
192.168.1.29 - rquintanilla [10/Jul/2021:05:09:39 -0500] "CONNECT yt3.ggpht.com:443 HTTP/1.1" 200 0 "HTTPS" "outgoing via 192.168.50.30"
192.168.1.29 - rquintanilla [10/Jul/2021:05:09:39 -0500] "CONNECT i.ytimg.com:443 HTTP/1.1" 200 0 "HTTPS" "outgoing via 192.168.50.30"
192.168.1.29 - rquintanilla [10/Jul/2021:05:09:40 -0500] "CONNECT static.doubleclick.net:443 HTTP/1.1" 200 0 "HTTPS" "outgoing via 192.168.50.30"
192.168.1.29 - rquintanilla [10/Jul/2021:05:09:40 -0500] "GET http://detectportal.firefox.com/canonical.html HTTP/1.1" 200 444 "HTTP" ""
192.168.1.29 - rquintanilla [10/Jul/2021:05:09:40 -0500] "GET http://www.cubadebate.cu/cubadebate-ipad.png HTTP/1.1" 200 6859 "HTTP" ""
192.168.1.29 - rquintanilla [10/Jul/2021:05:09:40 -0500] "GET http://detectportal.firefox.com/success.txt?ipv4 HTTP/1.1" 200 362 "HTTP" ""
192.168.1.29 - rquintanilla [10/Jul/2021:05:09:41 -0500] "CONNECT sync-1-us-west1-g.sync.services.mozilla.com:443 HTTP/1.1" 200 0 "HTTPS" "outgoing via 192.168.50.30"
192.168.1.29 - rquintanilla [10/Jul/2021:05:09:41 -0500] "CONNECT profile.accounts.firefox.com:443 HTTP/1.1" 200 0 "HTTPS" "outgoing via 192.168.50.30"
192.168.1.29 - rquintanilla [10/Jul/2021:05:09:41 -0500] "CONNECT profile.accounts.firefox.com:443 HTTP/1.1" 200 0 "HTTPS" "outgoing via 192.168.50.30"
192.168.1.29 - rquintanilla [10/Jul/2021:05:09:41 -0500] "POST http://ocsp.pki.goog/gts1o1core HTTP/1.1" 200 849 "HTTP" ""
192.168.1.29 - rquintanilla [10/Jul/2021:05:09:43 -0500] "CONNECT scontent-mia3-1.xx.fbcdn.net:443 HTTP/1.1" 200 0 "HTTPS" "outgoing via 192.168.50.30"
192.168.1.29 - rquintanilla [10/Jul/2021:05:09:43 -0500] "CONNECT scontent-mia3-2.xx.fbcdn.net:443 HTTP/1.1" 200 0 "HTTPS" "outgoing via 192.168.50.30"
192.168.1.29 - rquintanilla [10/Jul/2021:05:09:43 -0500] "POST http://ocsp.pki.goog/gts1o1core HTTP/1.1" 200 849 "HTTP" ""
192.168.1.29 - rquintanilla [10/Jul/2021:05:09:46 -0500] "CONNECT mail.google.com:443 HTTP/1.1" 200 0 "HTTPS" "outgoing via 192.168.50.30"
192.168.10.20 - arodriguez [10/Jul/2021:05:09:46 -0500] "CONNECT relay-89970c8c.net.anydesk.com:80 HTTP/1.1" 200 0 "HTTPS" "outgoing via 192.168.50.30"
192.168.1.29 - rquintanilla [10/Jul/2021:05:09:50 -0500] "GET http://media.cubadebate.cu/wp-content/themes/cd2.1/scripts/select2/select2.png HTTP/1.1" 200 4904 "HTTP" ""
192.168.1.29 - rquintanilla [10/Jul/2021:05:10:04 -0500] "GET http://media.cubadebate.cu/wp-content/themes/cd2.1/images/cubadebate-css-sprite.png?v=2.4 HTTP/1.1" 200 115686 "HTTP" ""
192.168.1.29 - rquintanilla [10/Jul/2021:05:10:04 -0500] "CONNECT shepherd.ff.avast.com:443 HTTP/1.1" 200 0 "HTTPS" "outgoing via 192.168.50.30"
192.168.1.29 - rquintanilla [10/Jul/2021:05:10:04 -0500] "CONNECT shepherd.ff.avast.com:443 HTTP/1.1" 200 0 "HTTPS" "outgoing via 192.168.50.30"
192.168.1.29 - rquintanilla [10/Jul/2021:05:10:04 -0500] "CONNECT shepherd.ff.avast.com:443 HTTP/1.1" 200 0 "HTTPS" "outgoing via 192.168.50.30"
192.168.1.29 - rquintanilla [10/Jul/2021:05:10:04 -0500] "CONNECT shepherd.ff.avast.com:443 HTTP/1.1" 200 0 "HTTPS" "outgoing via 192.168.50.30"
192.168.1.29 - rquintanilla [10/Jul/2021:05:10:04 -0500] "CONNECT shepherd.ff.avast.com:443 HTTP/1.1" 200 0 "HTTPS" "outgoing via 192.168.50.30"
192.168.1.29 - rquintanilla [10/Jul/2021:05:10:04 -0500] "CONNECT shepherd.ff.avast.com:443 HTTP/1.1" 200 0 "HTTPS" "outgoing via 192.168.50.30"
192.168.1.29 - rquintanilla [10/Jul/2021:05:10:04 -0500] "GET http://www.cubadebate.cu/favicon.ico HTTP/1.1" 200 4902 "HTTP" ""
192.168.1.29 - rquintanilla [10/Jul/2021:05:10:06 -0500] "GET http://www.cubadebate.cu/ HTTP/1.1" 200 147524 "HTTP" "Cubadebate, Contra el Terrorismo Mediático"
192.168.1.29 - rquintanilla [10/Jul/2021:05:10:06 -0500] "GET http://www.cubadebate.cu/wp-content/plugins/bwp-minify/min/?f=wp-includes/js/jquery/jquery.js&ver=4.10 HTTP/1.1" 200 49069 "HTTP" ""
192.168.1.29 - rquintanilla [10/Jul/2021:05:10:06 -0500] "GET http://www.cubadebate.cu/wp-content/plugins/bwp-minify/min/?f=wp-content/plugins/wp_covid19/css/styles.css&ver=4.10 HTTP/1.1" 200 1869 "HTTP" ""
192.168.1.29 - rquintanilla [10/Jul/2021:05:10:06 -0500] "GET http://www.cubadebate.cu/wp-content/plugins/bwp-minify/min/?f=wp-content/plugins/serie-nacional-beisbol/css/widget-snb.css,wp-content/plugins/wp-anexos/css/styles.css,wp-content/plugins/wp-fidelcastro-cu/css/styles.css,wp-content/plugins/wp-minuto-minuto/css/styles.css,wp-content/plugins/nextgen-gallery/css/nggallery.css&ver=4.10 HTTP/1.1" 200 4266 "HTTP" ""
192.168.1.29 - rquintanilla [10/Jul/2021:05:10:07 -0500] "GET http://www.cubadebate.cu/wp-content/plugins/bwp-minify/min/?f=wp-content/plugins/my-videotag/css/mvt-styles.css,wp-includes/css/dist/block-library/style.min.css,wp-content/plugins/fancybox-for-wordpress/assets/css/fancybox.css,wp-content/plugins/twitter-embed/twett-embed-styles.css,wp-content/plugins/wp-polls/polls-css.css,wp-content/themes/cd2.1/scripts/select2/select2.css,wp-content/themes/cd2.1/style.css&ver=4.10 HTTP/1.1" 200 40522 "HTTP" ""
192.168.1.29 - rquintanilla [10/Jul/2021:05:10:07 -0500] "GET http://www.cubadebate.cu/wp-content/plugins/portada/js/cycle2/build/jquery.cycle2.min.js?ver=5.1.1 HTTP/1.1" 200 10559 "HTTP" ""
192.168.1.29 - rquintanilla [10/Jul/2021:05:10:07 -0500] "GET http://www.cubadebate.cu/wp-content/themes/cd2.1/scripts/modernizr.js?ver=5.1.1 HTTP/1.1" 200 8485 "HTTP" ""
192.168.1.29 - rquintanilla [10/Jul/2021:05:10:08 -0500] "GET http://media.cubadebate.cu/wp-content/gallery/palma-real/thumbs/thumbs_jose-fuster_sin-titulo_acrilico-sobre-tela.jpg HTTP/1.1" 200 6982 "HTTP" ""
192.168.1.29 - rquintanilla [10/Jul/2021:05:10:09 -0500] "GET http://www.cubadebate.cu/wp-content/plugins/bwp-minify/min/?f=wp-content/plugins/wp-minuto-minuto/js/scripts.js,wp-content/plugins/wp-polls/polls-js.js,wp-content/themes/cd2.1/scripts/select2/select2.min.js,wp-content/themes/cd2.1/scripts/main.js,wp-content/plugins/wp_covid19/js/covid19.js,wp-includes/js/wp-embed.min.js&ver=4.10 HTTP/1.1" 200 33328 "HTTP" ""
192.168.1.29 - rquintanilla [10/Jul/2021:05:10:10 -0500] "GET http://media.cubadebate.cu/wp-content/gallery/palma-real/thumbs/thumbs_paisaje_aguedo-alonso_laca-sobre-madera_1980.jpg HTTP/1.1" 200 5518 "HTTP" ""
192.168.1.29 - rquintanilla [10/Jul/2021:05:10:10 -0500] "GET http://media.cubadebate.cu/wp-content/uploads/2021/06/1bfbb841-89d6-4990-a649-ad8a1a651d7f.jpg HTTP/1.1" 200 81888 "HTTP" ""
192.168.1.29 - rquintanilla [10/Jul/2021:05:10:10 -0500] "CONNECT googleads.g.doubleclick.net:443 HTTP/1.1" 200 0 "HTTPS" "outgoing via 192.168.50.30"
192.168.1.29 - rquintanilla [10/Jul/2021:05:10:10 -0500] "GET http://www.cubadebate.cu/wp-content/plugins/bwp-minify/min/?f=wp-includes/js/jquery/jquery-migrate.min.js,wp-content/plugins/fancybox-for-wordpress/assets/js/jquery.fancybox.js,wp-includes/js/jquery/ui/core.min.js,wp-includes/js/jquery/ui/widget.min.js,wp-includes/js/jquery/ui/tabs.min.js,wp-content/plugins/serie-nacional-beisbol/js/widget-snb.js,wp-content/plugins/wp-anexos/js/scripts.js&ver=4.10 HTTP/1.1" 200 52446 "HTTP" ""
192.168.1.29 - rquintanilla [10/Jul/2021:05:10:10 -0500] "GET http://media.cubadebate.cu/wp-content/uploads/2021/07/diaz-canel-matanzas-300x250.jpg HTTP/1.1" 200 16068 "HTTP" ""
192.168.1.29 - rquintanilla [10/Jul/2021:05:10:10 -0500] "GET http://detectportal.firefox.com/canonical.html HTTP/1.1" 200 444 "HTTP" ""
192.168.1.29 - rquintanilla [10/Jul/2021:05:10:10 -0500] "GET http://media.cubadebate.cu/wp-content/gallery/palma-real/thumbs/thumbs_paisaje-criollo-carlos-enriquez.jpg HTTP/1.1" 200 6923 "HTTP" ""
192.168.1.29 - rquintanilla [10/Jul/2021:05:10:10 -0500] "GET http://media.cubadebate.cu/wp-content/gallery/autores/sunamis-fabelo-concepcion.jpg HTTP/1.1" 200 4692 "HTTP" ""
192.168.1.29 - rquintanilla [10/Jul/2021:05:10:10 -0500] "CONNECT static.doubleclick.net:443 HTTP/1.1" 200 0 "HTTPS" "outgoing via 192.168.50.30"
192.168.1.29 - rquintanilla [10/Jul/2021:05:10:11 -0500] "GET http://media.cubadebate.cu/wp-content/gallery/palma-real/thumbs/thumbs_armando-menocal_puente-del-tren-de-la-palma-rio-cristal-1930.jpg HTTP/1.1" 200 5748 "HTTP" ""
192.168.1.29 - rquintanilla [10/Jul/2021:05:10:11 -0500] "GET http://media.cubadebate.cu/wp-content/gallery/palma-real/thumbs/thumbs_la-expectacion-de-la-aurora_ernesto-estevez.jpg HTTP/1.1" 200 5789 "HTTP" ""
192.168.1.29 - rquintanilla [10/Jul/2021:05:10:11 -0500] "GET http://media.cubadebate.cu/wp-content/uploads/2021/07/abanderamiento_juegos_olimpicos_tokio-2-180x150.jpg HTTP/1.1" 200 8952 "HTTP" ""
192.168.1.29 - rquintanilla [10/Jul/2021:05:10:11 -0500] "GET http://media.cubadebate.cu/wp-content/uploads/2021/07/window-1.jpeg HTTP/1.1" 200 50949 "HTTP" ""
192.168.1.29 - rquintanilla [10/Jul/2021:05:10:11 -0500] "CONNECT incoming.telemetry.mozilla.org:443 HTTP/1.1" 200 0 "HTTPS" "outgoing via 192.168.50.30"
192.168.1.29 - rquintanilla [10/Jul/2021:05:10:11 -0500] "CONNECT mail.google.com:443 HTTP/1.1" 200 0 "HTTPS" "outgoing via 192.168.50.30"
192.168.1.29 - rquintanilla [10/Jul/2021:05:10:12 -0500] "GET http://media.cubadebate.cu/wp-content/uploads/2021/07/CECMED-3-150x125.png HTTP/1.1" 200 38070 "HTTP" ""
192.168.1.29 - rquintanilla [10/Jul/2021:05:10:12 -0500] "GET http://media.cubadebate.cu/wp-content/uploads/2021/07/variante-delta-coronavirus-150x125.jpg HTTP/1.1" 200 10084 "HTTP" ""
192.168.1.29 - rquintanilla [10/Jul/2021:05:10:12 -0500] "GET http://media.cubadebate.cu/wp-content/themes/cd2.1/images/logo.png HTTP/1.1" 200 3866 "HTTP" ""
192.168.1.29 - rquintanilla [10/Jul/2021:05:10:12 -0500] "GET http://media.cubadebate.cu/wp-content/gallery/noticias/mesa-redonda.jpg HTTP/1.1" 200 5257 "HTTP" ""
192.168.1.29 - rquintanilla [10/Jul/2021:05:10:12 -0500] "POST http://ocsp.digicert.com/ HTTP/1.1" 200 947 "HTTP" ""
192.168.1.29 - rquintanilla [10/Jul/2021:05:10:13 -0500] "GET http://media.cubadebate.cu/wp-content/uploads/2021/07/bannerCUBADEBATE202100706_750x433-e1625682381745-580x304.jpg HTTP/1.1" 200 35082 "HTTP" ""
192.168.1.29 - rquintanilla [10/Jul/2021:05:10:13 -0500] "GET http://media.cubadebate.cu/wp-content/gallery/palma-real/thumbs/thumbs_giosvany-echevarria_dorado-amanecer_2008.jpg HTTP/1.1" 200 4356 "HTTP" ""
192.168.1.29 - rquintanilla [10/Jul/2021:05:10:13 -0500] "GET http://media.cubadebate.cu/wp-content/gallery/autores/luis-toledo-sande.jpg HTTP/1.1" 200 2387 "HTTP" ""
192.168.1.29 - rquintanilla [10/Jul/2021:05:10:13 -0500] "GET http://media.cubadebate.cu/wp-content/gallery/palma-real/thumbs/thumbs_paisajes_lester-campa.jpg HTTP/1.1" 200 3775 "HTTP" ""
192.168.1.29 - rquintanilla [10/Jul/2021:05:10:13 -0500] "GET http://media.cubadebate.cu/wp-content/uploads/2021/01/podcast_cd.png HTTP/1.1" 200 11329 "HTTP" ""
192.168.1.29 - rquintanilla [10/Jul/2021:05:10:13 -0500] "GET http://media.cubadebate.cu/wp-content/uploads/2021/07/reunion-coronavirus-9-julio-300x250.jpg HTTP/1.1" 200 17365 "HTTP" ""
192.168.1.29 - rquintanilla [10/Jul/2021:05:10:13 -0500] "GET http://media.cubadebate.cu/wp-content/gallery/palma-real/thumbs/thumbs_a-buen-recaudo_diego-torres_2000_oleo-70-x-100.jpg HTTP/1.1" 200 4470 "HTTP" ""
192.168.1.29 - rquintanilla [10/Jul/2021:05:10:13 -0500] "GET http://media.cubadebate.cu/wp-content/gallery/autores/andy-jorge-blanco.jpg HTTP/1.1" 200 5713 "HTTP" ""
192.168.10.20 - arodriguez [10/Jul/2021:05:10:15 -0500] "CONNECT relay-89970c8c.net.anydesk.com:80 HTTP/1.1" 200 0 "HTTPS" "outgoing via 192.168.50.30"
192.168.1.29 - rquintanilla [10/Jul/2021:05:10:16 -0500] "CONNECT googleads.g.doubleclick.net:443 HTTP/1.1" 200 0 "HTTPS" "outgoing via 192.168.50.30"
192.168.1.29 - rquintanilla [10/Jul/2021:05:10:16 -0500] "CONNECT static.doubleclick.net:443 HTTP/1.1" 200 0 "HTTPS" "outgoing via 192.168.50.30"
192.168.1.29 - rquintanilla [10/Jul/2021:05:10:17 -0500] "GET http://detectportal.firefox.com/success.txt?ipv4 HTTP/1.1" 200 362 "HTTP" ""
192.168.1.29 - rquintanilla [10/Jul/2021:05:10:18 -0500] "GET http://media.cubadebate.cu/wp-content/uploads/2020/03/coronavirus-banner-300px.png HTTP/1.1" 200 58338 "HTTP" ""
192.168.1.29 - rquintanilla [10/Jul/2021:05:10:22 -0500] "GET http://media.cubadebate.cu/wp-content/uploads/2021/04/cinta-vacunas-cubadebate.png HTTP/1.1" 200 161713 "HTTP" ""
192.168.1.29 - rquintanilla [10/Jul/2021:05:10:22 -0500] "GET http://media.cubadebate.cu/wp-content/uploads/2021/07/colombia-copa-america-efe.jpg HTTP/1.1" 200 77153 "HTTP" ""
192.168.1.29 - rquintanilla [10/Jul/2021:05:10:22 -0500] "GET http://media.cubadebate.cu/wp-content/uploads/2020/07/bruno-rodriguez_2-1.jpg HTTP/1.1" 200 24316 "HTTP" ""
192.168.1.29 - rquintanilla [10/Jul/2021:05:10:23 -0500] "GET http://www.cubadebate.cu/noticias/2021/07/09/aprueba-el-cecmed-autorizo-de-uso-de-emergencias-del-candidato-vacunal-cubano-abdala/ HTTP/1.1" 200 124431 "HTTP" "Aprueba el Cecmed autorizo de uso de emergencias a la vacuna cubana Abdala | Cubadebate"
192.168.1.29 - rquintanilla [10/Jul/2021:05:10:23 -0500] "GET http://media.cubadebate.cu/wp-content/uploads/2021/06/juegos-olimpicos-atletas-portada-2-150x125.png HTTP/1.1" 200 30804 "HTTP" ""
192.168.1.29 - rquintanilla [10/Jul/2021:05:10:23 -0500] "GET http://media.cubadebate.cu/wp-content/gallery/youtubechannel/default.jpg?v=N52wJXicfhA HTTP/1.1" 200 17128 "HTTP" ""
192.168.1.29 - rquintanilla [10/Jul/2021:05:10:23 -0500] "GET http://media.cubadebate.cu/wp-content/uploads/2021/06/Abdala-vacuna-bulbo-grande-e1624398240623.jpg HTTP/1.1" 200 12179 "HTTP" ""
192.168.1.29 - rquintanilla [10/Jul/2021:05:10:23 -0500] "GET http://www.cubadebate.cu/wp-content/plugins/bwp-minify/min/?f=wp-content/plugins/serie-nacional-beisbol/css/styles.css,wp-content/plugins/serie-nacional-beisbol/css/widget-snb.css,wp-content/plugins/wp-anexos/css/styles.css,wp-content/plugins/wp-fidelcastro-cu/css/styles.css,wp-content/plugins/wp-minuto-minuto/css/styles.css,wp-content/plugins/nextgen-gallery/css/nggallery.css&ver=4.10 HTTP/1.1" 200 5132 "HTTP" ""
192.168.1.29 - rquintanilla [10/Jul/2021:05:10:23 -0500] "GET http://www.cubadebate.cu/wp-content/plugins/bwp-minify/min/?f=wp-content/plugins/akismet/_inc/form.js&ver=4.10 HTTP/1.1" 200 1011 "HTTP" ""
192.168.1.29 - rquintanilla [10/Jul/2021:05:10:23 -0500] "GET http://media.cubadebate.cu/wp-content/gallery/palma-real/thumbs/thumbs_la-palma_manuel-mendive_2004.jpg HTTP/1.1" 200 4627 "HTTP" ""
192.168.1.29 - rquintanilla [10/Jul/2021:05:10:24 -0500] "GET http://www.cubadebate.cu/wp-content/plugins/bwp-minify/min/?f=wp-content/plugins/wp-minuto-minuto/js/scripts.js,wp-content/plugins/wp-polls/polls-js.js,wp-content/themes/cd2.1/scripts/select2/select2.min.js,wp-content/themes/cd2.1/scripts/main.js,wp-content/themes/cd2.1/scripts/jscroll-master/jquery.jscroll.min.js,wp-content/plugins/wp_covid19/js/covid19.js,wp-includes/js/wp-embed.min.js&ver=4.10 HTTP/1.1" 200 24080 "HTTP" ""
192.168.1.29 - rquintanilla [10/Jul/2021:05:10:25 -0500] "CONNECT platform.twitter.com:443 HTTP/1.1" 200 0 "HTTPS" "outgoing via 192.168.50.30"
192.168.1.29 - rquintanilla [10/Jul/2021:05:10:25 -0500] "GET http://media.cubadebate.cu/wp-content/uploads/2021/06/abdala-cigb-caracteristicas-580x341-580x341.png HTTP/1.1" 200 114043 "HTTP" ""
192.168.1.29 - rquintanilla [10/Jul/2021:05:10:25 -0500] "GET http://media.cubadebate.cu/wp-content/uploads/2021/06/abdala-580x580.jpg HTTP/1.1" 200 70815 "HTTP" ""
192.168.1.29 - rquintanilla [10/Jul/2021:05:10:25 -0500] "GET http://media.cubadebate.cu/wp-content/themes/cd2.1/images/share-sprite.png HTTP/1.1" 200 5870 "HTTP" ""
192.168.1.29 - rquintanilla [10/Jul/2021:05:10:25 -0500] "GET http://www.cubadebate.cu/wp-content/themes/cd2.1/images/loading_comment.gif HTTP/1.1" 200 957 "HTTP" "301 Moved Permanently"
192.168.1.29 - rquintanilla [10/Jul/2021:05:10:25 -0500] "GET http://www.cubadebate.cu/noticias/2021/06/21/candidato-vacunal-abdala-muestra-9228-de-eficacia-en-su-esquema-unico-de-tres-dosis/embed/ HTTP/1.1" 200 8997 "HTTP" "Candidato vacunal Abdala muestra 92,28% de eficacia en su esquema único de tres dosis | Cubadebate"
192.168.1.29 - rquintanilla [10/Jul/2021:05:10:27 -0500] "GET http://media.cubadebate.cu/wp-content/themes/cd2.1/images/loading_comment.gif HTTP/1.1" 200 5322 "HTTP" ""
192.168.1.29 - rquintanilla [10/Jul/2021:05:10:27 -0500] "GET http://www.cubadebate.cu/wp-content/uploads/2021/03/vacuna-abdala-acn-580x330.png HTTP/1.1" 200 970 "HTTP" "301 Moved Permanently"
192.168.1.29 - rquintanilla [10/Jul/2021:05:10:27 -0500] "GET http://www.cubadebate.cu/wp-content/themes/cd2.1/images/cubadebate-logo-small.png HTTP/1.1" 200 970 "HTTP" "301 Moved Permanently"
192.168.1.29 - rquintanilla [10/Jul/2021:05:10:28 -0500] "CONNECT syndication.twitter.com:443 HTTP/1.1" 200 0 "HTTPS" "outgoing via 192.168.50.30"
192.168.1.29 - rquintanilla [10/Jul/2021:05:10:28 -0500] "POST http://ocsp.digicert.com/ HTTP/1.1" 200 947 "HTTP" ""
192.168.1.29 - rquintanilla [10/Jul/2021:05:10:31 -0500] "CONNECT 0.1.0.1:1001 HTTP/1.1" 200 0 "HTTPS" "outgoing via 192.168.50.30"
192.168.1.29 - rquintanilla [10/Jul/2021:05:10:32 -0500] "CONNECT mail.google.com:443 HTTP/1.1" 200 0 "HTTPS" "outgoing via 192.168.50.30"
192.168.1.29 - rquintanilla [10/Jul/2021:05:10:32 -0500] "CONNECT platform.twitter.com:443 HTTP/1.1" 200 0 "HTTPS" "outgoing via 192.168.50.30"
192.168.1.29 - rquintanilla [10/Jul/2021:05:10:32 -0500] "CONNECT platform.twitter.com:443 HTTP/1.1" 200 0 "HTTPS" "outgoing via 192.168.50.30"
192.168.1.29 - rquintanilla [10/Jul/2021:05:10:32 -0500] "CONNECT platform.twitter.com:443 HTTP/1.1" 200 0 "HTTPS" "outgoing via 192.168.50.30"
192.168.1.29 - rquintanilla [10/Jul/2021:05:10:33 -0500] "CONNECT mail.google.com:443 HTTP/1.1" 200 0 "HTTPS" "outgoing via 192.168.50.30"
192.168.1.29 - rquintanilla [10/Jul/2021:05:10:35 -0500] "CONNECT mail.google.com:443 HTTP/1.1" 200 0 "HTTPS" "outgoing via 192.168.50.30"
192.168.1.29 - rquintanilla [10/Jul/2021:05:10:36 -0500] "CONNECT cdn.syndication.twimg.com:443 HTTP/1.1" 200 0 "HTTPS" "outgoing via 192.168.50.30"
192.168.1.29 - rquintanilla [10/Jul/2021:05:10:36 -0500] "CONNECT mail.google.com:443 HTTP/1.1" 200 0 "HTTPS" "outgoing via 192.168.50.30"
192.168.1.29 - rquintanilla [10/Jul/2021:05:10:38 -0500] "CONNECT pbs.twimg.com:443 HTTP/1.1" 200 0 "HTTPS" "outgoing via 192.168.50.30"
192.168.1.29 - rquintanilla [10/Jul/2021:05:10:38 -0500] "CONNECT pbs.twimg.com:443 HTTP/1.1" 200 0 "HTTPS" "outgoing via 192.168.50.30"
192.168.1.29 - rquintanilla [10/Jul/2021:05:10:38 -0500] "CONNECT pbs.twimg.com:443 HTTP/1.1" 200 0 "HTTPS" "outgoing via 192.168.50.30"
192.168.1.29 - rquintanilla [10/Jul/2021:05:10:38 -0500] "CONNECT pbs.twimg.com:443 HTTP/1.1" 200 0 "HTTPS" "outgoing via 192.168.50.30"
192.168.1.29 - rquintanilla [10/Jul/2021:05:10:38 -0500] "CONNECT mail.google.com:443 HTTP/1.1" 200 0 "HTTPS" "outgoing via 192.168.50.30"
192.168.1.29 - rquintanilla [10/Jul/2021:05:10:39 -0500] "CONNECT mail.google.com:443 HTTP/1.1" 200 0 "HTTPS" "outgoing via 192.168.50.30"
192.168.10.20 - arodriguez [10/Jul/2021:05:10:44 -0500] "CONNECT relay-89970c8c.net.anydesk.com:80 HTTP/1.1" 200 0 "HTTPS" "outgoing via 192.168.50.30"
192.168.1.29 - rquintanilla [10/Jul/2021:05:11:04 -0500] "CONNECT stats.g.doubleclick.net:443 HTTP/1.1" 200 0 "HTTPS" "outgoing via 192.168.50.30"
192.168.1.29 - rquintanilla [10/Jul/2021:05:11:04 -0500] "GET http://detectportal.firefox.com/canonical.html HTTP/1.1" 200 444 "HTTP" ""
192.168.1.29 - rquintanilla [10/Jul/2021:05:11:04 -0500] "GET http://detectportal.firefox.com/success.txt?ipv4 HTTP/1.1" 200 362 "HTTP" ""
192.168.1.29 - rquintanilla [10/Jul/2021:05:11:04 -0500] "CONNECT googleads.g.doubleclick.net:443 HTTP/1.1" 200 0 "HTTPS" "outgoing via 192.168.50.30"
192.168.1.29 - rquintanilla [10/Jul/2021:05:11:04 -0500] "GET http://detectportal.firefox.com/canonical.html HTTP/1.1" 200 444 "HTTP" ""
192.168.1.29 - rquintanilla [10/Jul/2021:05:11:05 -0500] "GET http://detectportal.firefox.com/success.txt?ipv4 HTTP/1.1" 200 362 "HTTP" ""
192.168.1.29 - rquintanilla [10/Jul/2021:05:11:05 -0500] "CONNECT static.doubleclick.net:443 HTTP/1.1" 200 0 "HTTPS" "outgoing via 192.168.50.30"
192.168.1.29 - rquintanilla [10/Jul/2021:05:11:05 -0500] "GET http://detectportal.firefox.com/canonical.html HTTP/1.1" 200 444 "HTTP" ""
192.168.1.29 - rquintanilla [10/Jul/2021:05:11:05 -0500] "GET http://detectportal.firefox.com/success.txt?ipv4 HTTP/1.1" 200 362 "HTTP" ""
192.168.10.20 - arodriguez [10/Jul/2021:05:11:13 -0500] "CONNECT relay-89970c8c.net.anydesk.com:80 HTTP/1.1" 200 0 "HTTPS" "outgoing via 192.168.50.30"
192.168.1.29 - rquintanilla [10/Jul/2021:05:11:13 -0500] "CONNECT mail.google.com:443 HTTP/1.1" 200 0 "HTTPS" "outgoing via 192.168.50.30"
192.168.1.29 - rquintanilla [10/Jul/2021:05:11:22 -0500] "GET http://media.cubadebate.cu/wp-content/uploads/2021/03/vacuna-abdala-acn-580x330.png HTTP/1.1" 200 289849 "HTTP" ""
192.168.1.29 - rquintanilla [10/Jul/2021:05:11:23 -0500] "GET http://media.cubadebate.cu/wp-content/themes/cd2.1/images/cubadebate-logo-small.png HTTP/1.1" 200 2628 "HTTP" ""
192.168.1.29 - rquintanilla [10/Jul/2021:05:11:23 -0500] "GET http://media.cubadebate.cu/wp-content/themes/cd2.1/images/cubadebate-css-sprite.png HTTP/1.1" 200 115785 "HTTP" ""
192.168.1.29 - rquintanilla [10/Jul/2021:05:11:23 -0500] "GET http://www.cubadebate.cu/wp-includes/js/wp-emoji-release.min.js?ver=5.1.1 HTTP/1.1" 200 6758 "HTTP" ""
192.168.1.29 - rquintanilla [10/Jul/2021:05:11:24 -0500] "GET http://www.cubadebate.cu/noticias/2021/07/10/las-3-del-dia-autorizo-de-uso-de-emergencia-de-abdala-eficacia-de-soberana-02-soberana-plus-y-resumen-semanal-podcast/ HTTP/1.1" 200 113909 "HTTP" "Las 3 del día: Autorizo de uso de emergencia de Abdala, eficacia de Soberana 02 + Soberana Plus, y resumen semanal (+Podcast) | Cubadebate"
192.168.1.29 - rquintanilla [10/Jul/2021:05:11:24 -0500] "CONNECT widget.spreaker.com:443 HTTP/1.1" 200 0 "HTTPS" "outgoing via 192.168.50.30"
192.168.10.20 - arodriguez [10/Jul/2021:05:11:27 -0500] "CONNECT relay-1c040ae6.net.anydesk.com:80 HTTP/1.1" 200 0 "HTTPS" "outgoing via 192.168.50.30"
192.168.1.29 - rquintanilla [10/Jul/2021:05:11:29 -0500] "CONNECT d3770qakewhkht.cloudfront.net:443 HTTP/1.1" 200 0 "HTTPS" "outgoing via 192.168.50.30"
192.168.1.29 - rquintanilla [10/Jul/2021:05:11:29 -0500] "CONNECT d3wo5wojvuv7l.cloudfront.net:443 HTTP/1.1" 200 0 "HTTPS" "outgoing via 192.168.50.30"
192.168.1.29 - rquintanilla [10/Jul/2021:05:11:32 -0500] "CONNECT mail.google.com:443 HTTP/1.1" 200 0 "HTTPS" "outgoing via 192.168.50.30"
192.168.1.29 - rquintanilla [10/Jul/2021:05:11:33 -0500] "CONNECT mail.google.com:443 HTTP/1.1" 200 0 "HTTPS" "outgoing via 192.168.50.30"
192.168.1.29 - rquintanilla [10/Jul/2021:05:11:35 -0500] "CONNECT mail.google.com:443 HTTP/1.1" 200 0 "HTTPS" "outgoing via 192.168.50.30"
192.168.1.29 - rquintanilla [10/Jul/2021:05:11:36 -0500] "CONNECT mail.google.com:443 HTTP/1.1" 200 0 "HTTPS" "outgoing via 192.168.50.30"
192.168.1.29 - rquintanilla [10/Jul/2021:05:11:37 -0500] "CONNECT mail.google.com:443 HTTP/1.1" 200 0 "HTTPS" "outgoing via 192.168.50.30"
192.168.1.29 - rquintanilla [10/Jul/2021:05:11:38 -0500] "CONNECT 0.1.0.1:1001 HTTP/1.1" 200 0 "HTTPS" "outgoing via 192.168.50.30"
192.168.1.29 - rquintanilla [10/Jul/2021:05:11:39 -0500] "GET http://platform.twitter.com/widgets.js HTTP/1.1" 200 29528 "HTTP" ""
192.168.1.29 - rquintanilla [10/Jul/2021:05:11:39 -0500] "CONNECT mail.google.com:443 HTTP/1.1" 200 0 "HTTPS" "outgoing via 192.168.50.30"
192.168.1.29 - rquintanilla [10/Jul/2021:05:11:39 -0500] "GET http://media.cubadebate.cu/wp-content/uploads/2021/03/podcast-3-del-dia-segunda-temporada-580x151-580x151.png HTTP/1.1" 200 66948 "HTTP" ""
192.168.1.29 - rquintanilla [10/Jul/2021:05:11:41 -0500] "CONNECT googleads.g.doubleclick.net:443 HTTP/1.1" 200 0 "HTTPS" "outgoing via 192.168.50.30"
192.168.1.29 - rquintanilla [10/Jul/2021:05:11:41 -0500] "GET http://detectportal.firefox.com/canonical.html HTTP/1.1" 200 444 "HTTP" ""
192.168.1.29 - rquintanilla [10/Jul/2021:05:11:41 -0500] "GET http://detectportal.firefox.com/success.txt?ipv4 HTTP/1.1" 200 362 "HTTP" ""
192.168.1.29 - rquintanilla [10/Jul/2021:05:11:41 -0500] "CONNECT static.doubleclick.net:443 HTTP/1.1" 200 0 "HTTPS" "outgoing via 192.168.50.30"
192.168.1.29 - rquintanilla [10/Jul/2021:05:11:41 -0500] "GET http://detectportal.firefox.com/canonical.html HTTP/1.1" 200 444 "HTTP" ""
192.168.1.29 - rquintanilla [10/Jul/2021:05:11:41 -0500] "GET http://detectportal.firefox.com/success.txt?ipv4 HTTP/1.1" 200 362 "HTTP" ""
192.168.1.29 - rquintanilla [10/Jul/2021:05:11:45 -0500] "GET http://media.cubadebate.cu/wp-content/gallery/autores/jorge-sunol-robles.jpg HTTP/1.1" 200 18817 "HTTP" ""
192.168.1.29 - rquintanilla [10/Jul/2021:05:11:46 -0500] "GET http://www.cubadebate.cu/wp-content/themes/cd2.1/images/cubadebate-css-sprite.png HTTP/1.1" 200 970 "HTTP" "301 Moved Permanently"
192.168.1.29 - rquintanilla [10/Jul/2021:05:11:46 -0500] "GET http://media.cubadebate.cu/wp-content/gallery/autores/karina-rodriguez-martinez.jpg HTTP/1.1" 200 20193 "HTTP" ""
192.168.10.20 - arodriguez [10/Jul/2021:05:11:55 -0500] "CONNECT relay-1c040ae6.net.anydesk.com:80 HTTP/1.1" 200 0 "HTTPS" "outgoing via 192.168.50.30"
192.168.1.29 - rquintanilla [10/Jul/2021:05:12:12 -0500] "GET http://media.cubadebate.cu/wp-content/uploads/2021/07/abanderamiento_juegos_olimpicos_tokio-4-180x150.jpg HTTP/1.1" 200 11183 "HTTP" ""
192.168.1.29 - rquintanilla [10/Jul/2021:05:12:12 -0500] "GET http://media.cubadebate.cu/wp-content/uploads/2021/07/presidente-argentina-alberto-fernandez-150x125.jpg HTTP/1.1" 200 4968 "HTTP" ""
192.168.1.29 - rquintanilla [10/Jul/2021:05:12:12 -0500] "GET http://media.cubadebate.cu/wp-content/uploads/2021/07/robot-150x125.jpg HTTP/1.1" 200 4349 "HTTP" ""
192.168.1.29 - rquintanilla [10/Jul/2021:05:12:12 -0500] "GET http://media.cubadebate.cu/wp-content/uploads/2021/02/podcast-3-del-dia-segunda-temporada-580x151.png HTTP/1.1" 200 1415 "HTTP" ""
192.168.1.29 - rquintanilla [10/Jul/2021:05:12:12 -0500] "GET http://media.cubadebate.cu/wp-content/gallery/autores/ania-terrero.jpg HTTP/1.1" 200 4117 "HTTP" ""
192.168.1.29 - rquintanilla [10/Jul/2021:05:12:12 -0500] "GET http://www.cubadebate.cu/wp-content/plugins/bwp-minify/min/?f=wp-content/themes/cd2.1/print.css&ver=4.10 HTTP/1.1" 200 992 "HTTP" ""
192.168.1.29 - rquintanilla [10/Jul/2021:05:12:12 -0500] "GET http://media.cubadebate.cu/wp-content/gallery/autores/guille-vilar.jpg HTTP/1.1" 200 3543 "HTTP" ""
192.168.1.29 - rquintanilla [10/Jul/2021:05:12:12 -0500] "GET http://media.cubadebate.cu/wp-content/gallery/autores/gracziella-pogolotti.jpg HTTP/1.1" 200 2634 "HTTP" ""
192.168.1.29 - rquintanilla [10/Jul/2021:05:12:13 -0500] "CONNECT mail.google.com:443 HTTP/1.1" 200 0 "HTTPS" "outgoing via 192.168.50.30"
192.168.10.20 - arodriguez [10/Jul/2021:05:12:25 -0500] "CONNECT relay-1c040ae6.net.anydesk.com:80 HTTP/1.1" 200 0 "HTTPS" "outgoing via 192.168.50.30"
192.168.1.29 - rquintanilla [10/Jul/2021:05:12:32 -0500] "CONNECT mail.google.com:443 HTTP/1.1" 200 0 "HTTPS" "outgoing via 192.168.50.30"
192.168.1.29 - rquintanilla [10/Jul/2021:05:12:33 -0500] "CONNECT mail.google.com:443 HTTP/1.1" 200 0 "HTTPS" "outgoing via 192.168.50.30"
192.168.1.29 - rquintanilla [10/Jul/2021:05:12:35 -0500] "CONNECT mail.google.com:443 HTTP/1.1" 200 0 "HTTPS" "outgoing via 192.168.50.30"
192.168.1.29 - rquintanilla [10/Jul/2021:05:12:36 -0500] "CONNECT mail.google.com:443 HTTP/1.1" 200 0 "HTTPS" "outgoing via 192.168.50.30"
192.168.1.29 - rquintanilla [10/Jul/2021:05:12:37 -0500] "CONNECT mail.google.com:443 HTTP/1.1" 200 0 "HTTPS" "outgoing via 192.168.50.30"
192.168.1.29 - rquintanilla [10/Jul/2021:05:12:38 -0500] "CONNECT mail.google.com:443 HTTP/1.1" 200 0 "HTTPS" "outgoing via 192.168.50.30"
192.168.1.29 - rquintanilla [10/Jul/2021:05:12:51 -0500] "CONNECT 0.1.0.1:1001 HTTP/1.1" 200 0 "HTTPS" "outgoing via 192.168.50.30"
192.168.10.20 - arodriguez [10/Jul/2021:05:12:54 -0500] "CONNECT relay-1c040ae6.net.anydesk.com:80 HTTP/1.1" 200 0 "HTTPS" "outgoing via 192.168.50.30"
192.168.1.29 - rquintanilla [10/Jul/2021:05:13:13 -0500] "CONNECT mail.google.com:443 HTTP/1.1" 200 0 "HTTPS" "outgoing via 192.168.50.30"
192.168.10.20 - arodriguez [10/Jul/2021:05:13:23 -0500] "CONNECT relay-1c040ae6.net.anydesk.com:80 HTTP/1.1" 200 0 "HTTPS" "outgoing via 192.168.50.30"
192.168.1.29 - rquintanilla [10/Jul/2021:05:13:23 -0500] "CONNECT stats.g.doubleclick.net:443 HTTP/1.1" 200 0 "HTTPS" "outgoing via 192.168.50.30"
192.168.1.29 - rquintanilla [10/Jul/2021:05:13:23 -0500] "GET http://detectportal.firefox.com/canonical.html HTTP/1.1" 200 444 "HTTP" ""
192.168.1.29 - rquintanilla [10/Jul/2021:05:13:23 -0500] "GET http://detectportal.firefox.com/success.txt?ipv4 HTTP/1.1" 200 362 "HTTP" ""
192.168.1.29 - rquintanilla [10/Jul/2021:05:13:23 -0500] "CONNECT googleads.g.doubleclick.net:443 HTTP/1.1" 200 0 "HTTPS" "outgoing via 192.168.50.30"
192.168.1.29 - rquintanilla [10/Jul/2021:05:13:23 -0500] "GET http://detectportal.firefox.com/canonical.html HTTP/1.1" 200 444 "HTTP" ""
192.168.1.29 - rquintanilla [10/Jul/2021:05:13:23 -0500] "GET http://detectportal.firefox.com/success.txt?ipv4 HTTP/1.1" 200 362 "HTTP" ""
192.168.1.29 - rquintanilla [10/Jul/2021:05:13:23 -0500] "CONNECT static.doubleclick.net:443 HTTP/1.1" 200 0 "HTTPS" "outgoing via 192.168.50.30"
192.168.1.29 - rquintanilla [10/Jul/2021:05:13:23 -0500] "GET http://detectportal.firefox.com/canonical.html HTTP/1.1" 200 444 "HTTP" ""
192.168.1.29 - rquintanilla [10/Jul/2021:05:13:23 -0500] "GET http://detectportal.firefox.com/success.txt?ipv4 HTTP/1.1" 200 362 "HTTP" ""
192.168.1.29 - rquintanilla [10/Jul/2021:05:13:32 -0500] "CONNECT mail.google.com:443 HTTP/1.1" 200 0 "HTTPS" "outgoing via 192.168.50.30"
192.168.1.29 - rquintanilla [10/Jul/2021:05:13:33 -0500] "CONNECT mail.google.com:443 HTTP/1.1" 200 0 "HTTPS" "outgoing via 192.168.50.30"
192.168.1.29 - rquintanilla [10/Jul/2021:05:13:35 -0500] "CONNECT mail.google.com:443 HTTP/1.1" 200 0 "HTTPS" "outgoing via 192.168.50.30"
192.168.10.20 - arodriguez [10/Jul/2021:05:13:36 -0500] "CONNECT relay-283e3f4a.net.anydesk.com:80 HTTP/1.1" 200 0 "HTTPS" "outgoing via 192.168.50.30"
192.168.1.29 - rquintanilla [10/Jul/2021:05:13:36 -0500] "CONNECT mail.google.com:443 HTTP/1.1" 200 0 "HTTPS" "outgoing via 192.168.50.30"
192.168.1.29 - rquintanilla [10/Jul/2021:05:13:37 -0500] "CONNECT mail.google.com:443 HTTP/1.1" 200 0 "HTTPS" "outgoing via 192.168.50.30"
192.168.1.29 - rquintanilla [10/Jul/2021:05:13:39 -0500] "CONNECT mail.google.com:443 HTTP/1.1" 200 0 "HTTPS" "outgoing via 192.168.50.30"
192.168.3.3 - fausto [10/Jul/2021:05:13:54 -0500] "CONNECT www.google.com:443 HTTP/1.1" 200 0 "HTTPS" "outgoing via 192.168.50.30"
192.168.10.20 - arodriguez [10/Jul/2021:05:14:05 -0500] "CONNECT relay-283e3f4a.net.anydesk.com:80 HTTP/1.1" 200 0 "HTTPS" "outgoing via 192.168.50.30"
192.168.1.29 - rquintanilla [10/Jul/2021:05:14:08 -0500] "CONNECT 0.1.0.1:1001 HTTP/1.1" 200 0 "HTTPS" "outgoing via 192.168.50.30"
192.168.1.29 - rquintanilla [10/Jul/2021:05:14:13 -0500] "CONNECT mail.google.com:443 HTTP/1.1" 200 0 "HTTPS" "outgoing via 192.168.50.30"
192.168.1.29 - rquintanilla [10/Jul/2021:05:14:14 -0500] "CONNECT googleads.g.doubleclick.net:443 HTTP/1.1" 200 0 "HTTPS" "outgoing via 192.168.50.30"
192.168.1.29 - rquintanilla [10/Jul/2021:05:14:15 -0500] "CONNECT i.ytimg.com:443 HTTP/1.1" 200 0 "HTTPS" "outgoing via 192.168.50.30"
192.168.1.29 - rquintanilla [10/Jul/2021:05:14:16 -0500] "CONNECT googleads.g.doubleclick.net:443 HTTP/1.1" 200 0 "HTTPS" "outgoing via 192.168.50.30"
192.168.1.29 - rquintanilla [10/Jul/2021:05:14:16 -0500] "GET http://detectportal.firefox.com/canonical.html HTTP/1.1" 200 444 "HTTP" ""
192.168.1.29 - rquintanilla [10/Jul/2021:05:14:16 -0500] "GET http://detectportal.firefox.com/success.txt?ipv4 HTTP/1.1" 200 362 "HTTP" ""
192.168.1.29 - rquintanilla [10/Jul/2021:05:14:17 -0500] "CONNECT static.doubleclick.net:443 HTTP/1.1" 200 0 "HTTPS" "outgoing via 192.168.50.30"
192.168.1.29 - rquintanilla [10/Jul/2021:05:14:17 -0500] "GET http://detectportal.firefox.com/canonical.html HTTP/1.1" 200 444 "HTTP" ""
192.168.1.29 - rquintanilla [10/Jul/2021:05:14:17 -0500] "GET http://detectportal.firefox.com/success.txt?ipv4 HTTP/1.1" 200 362 "HTTP" ""
192.168.1.29 - rquintanilla [10/Jul/2021:05:14:19 -0500] "CONNECT googleads.g.doubleclick.net:443 HTTP/1.1" 200 0 "HTTPS" "outgoing via 192.168.50.30"
192.168.1.29 - rquintanilla [10/Jul/2021:05:14:19 -0500] "GET http://detectportal.firefox.com/canonical.html HTTP/1.1" 200 444 "HTTP" ""
192.168.1.29 - rquintanilla [10/Jul/2021:05:14:19 -0500] "GET http://detectportal.firefox.com/success.txt?ipv4 HTTP/1.1" 200 362 "HTTP" ""
192.168.1.29 - rquintanilla [10/Jul/2021:05:14:19 -0500] "CONNECT static.doubleclick.net:443 HTTP/1.1" 200 0 "HTTPS" "outgoing via 192.168.50.30"
192.168.1.29 - rquintanilla [10/Jul/2021:05:14:19 -0500] "GET http://detectportal.firefox.com/canonical.html HTTP/1.1" 200 444 "HTTP" ""
192.168.1.29 - rquintanilla [10/Jul/2021:05:14:19 -0500] "GET http://detectportal.firefox.com/success.txt?ipv4 HTTP/1.1" 200 362 "HTTP" ""
192.168.1.29 - rquintanilla [10/Jul/2021:05:14:31 -0500] "CONNECT syndication.twitter.com:443 HTTP/1.1" 200 0 "HTTPS" "outgoing via 192.168.50.30"
192.168.1.29 - rquintanilla [10/Jul/2021:05:14:31 -0500] "CONNECT stats.g.doubleclick.net:443 HTTP/1.1" 200 0 "HTTPS" "outgoing via 192.168.50.30"
192.168.1.29 - rquintanilla [10/Jul/2021:05:14:31 -0500] "GET http://detectportal.firefox.com/canonical.html HTTP/1.1" 200 444 "HTTP" ""
192.168.1.29 - rquintanilla [10/Jul/2021:05:14:32 -0500] "GET http://detectportal.firefox.com/success.txt?ipv4 HTTP/1.1" 200 362 "HTTP" ""
192.168.1.29 - rquintanilla [10/Jul/2021:05:14:32 -0500] "CONNECT mail.google.com:443 HTTP/1.1" 200 0 "HTTPS" "outgoing via 192.168.50.30"
192.168.1.29 - rquintanilla [10/Jul/2021:05:14:33 -0500] "CONNECT platform.twitter.com:443 HTTP/1.1" 200 0 "HTTPS" "outgoing via 192.168.50.30"
192.168.1.29 - rquintanilla [10/Jul/2021:05:14:33 -0500] "CONNECT platform.twitter.com:443 HTTP/1.1" 200 0 "HTTPS" "outgoing via 192.168.50.30"
192.168.1.29 - rquintanilla [10/Jul/2021:05:14:33 -0500] "CONNECT platform.twitter.com:443 HTTP/1.1" 200 0 "HTTPS" "outgoing via 192.168.50.30"
192.168.1.29 - rquintanilla [10/Jul/2021:05:14:33 -0500] "CONNECT mail.google.com:443 HTTP/1.1" 200 0 "HTTPS" "outgoing via 192.168.50.30"
192.168.10.20 - arodriguez [10/Jul/2021:05:14:34 -0500] "CONNECT relay-283e3f4a.net.anydesk.com:80 HTTP/1.1" 200 0 "HTTPS" "outgoing via 192.168.50.30"
192.168.1.29 - rquintanilla [10/Jul/2021:05:14:35 -0500] "CONNECT mail.google.com:443 HTTP/1.1" 200 0 "HTTPS" "outgoing via 192.168.50.30"
192.168.1.29 - rquintanilla [10/Jul/2021:05:14:35 -0500] "CONNECT cdn.syndication.twimg.com:443 HTTP/1.1" 200 0 "HTTPS" "outgoing via 192.168.50.30"
192.168.1.29 - rquintanilla [10/Jul/2021:05:14:36 -0500] "CONNECT mail.google.com:443 HTTP/1.1" 200 0 "HTTPS" "outgoing via 192.168.50.30"
192.168.1.29 - rquintanilla [10/Jul/2021:05:14:36 -0500] "CONNECT pbs.twimg.com:443 HTTP/1.1" 200 0 "HTTPS" "outgoing via 192.168.50.30"
192.168.1.29 - rquintanilla [10/Jul/2021:05:14:37 -0500] "CONNECT mail.google.com:443 HTTP/1.1" 200 0 "HTTPS" "outgoing via 192.168.50.30"
192.168.1.29 - rquintanilla [10/Jul/2021:05:14:39 -0500] "CONNECT mail.google.com:443 HTTP/1.1" 200 0 "HTTPS" "outgoing via 192.168.50.30"
192.168.10.20 - arodriguez [10/Jul/2021:05:14:48 -0500] "CONNECT relay-1cb4b08e.net.anydesk.com:80 HTTP/1.1" 200 0 "HTTPS" "outgoing via 192.168.50.30"
192.168.1.29 - rquintanilla [10/Jul/2021:05:15:12 -0500] "CONNECT mail.google.com:443 HTTP/1.1" 200 0 "HTTPS" "outgoing via 192.168.50.30"
192.168.1.29 - rquintanilla [10/Jul/2021:05:15:12 -0500] "CONNECT googleads.g.doubleclick.net:443 HTTP/1.1" 200 0 "HTTPS" "outgoing via 192.168.50.30"
192.168.1.29 - rquintanilla [10/Jul/2021:05:15:12 -0500] "GET http://detectportal.firefox.com/canonical.html HTTP/1.1" 200 444 "HTTP" ""
192.168.1.29 - rquintanilla [10/Jul/2021:05:15:12 -0500] "GET http://detectportal.firefox.com/success.txt?ipv4 HTTP/1.1" 200 362 "HTTP" ""
192.168.1.29 - rquintanilla [10/Jul/2021:05:15:12 -0500] "CONNECT static.doubleclick.net:443 HTTP/1.1" 200 0 "HTTPS" "outgoing via 192.168.50.30"
192.168.1.29 - rquintanilla [10/Jul/2021:05:15:12 -0500] "GET http://detectportal.firefox.com/canonical.html HTTP/1.1" 200 444 "HTTP" ""
192.168.1.29 - rquintanilla [10/Jul/2021:05:15:12 -0500] "GET http://detectportal.firefox.com/success.txt?ipv4 HTTP/1.1" 200 362 "HTTP" ""
192.168.1.29 - rquintanilla [10/Jul/2021:05:15:13 -0500] "CONNECT mail.google.com:443 HTTP/1.1" 200 0 "HTTPS" "outgoing via 192.168.50.30"
192.168.10.20 - arodriguez [10/Jul/2021:05:15:17 -0500] "CONNECT relay-1cb4b08e.net.anydesk.com:80 HTTP/1.1" 200 0 "HTTPS" "outgoing via 192.168.50.30"
192.168.1.29 - rquintanilla [10/Jul/2021:05:15:19 -0500] "GET http://www.cubadebate.cu/noticias/2021/07/10/cuba-no-rechaza-solidaridad-pero-si-el-oportunismo-de-los-que-propugnan-el-bloqueo/ HTTP/1.1" 200 108799 "HTTP" "Cuba no rechaza solidaridad, pero sí el oportunismo de los que propugnan el Bloqueo | Cubadebate"
192.168.1.29 - rquintanilla [10/Jul/2021:05:15:20 -0500] "GET http://media.cubadebate.cu/wp-content/uploads/2020/07/bruno-rodriguez_2.jpg HTTP/1.1" 200 44700 "HTTP" ""
192.168.1.29 - rquintanilla [10/Jul/2021:05:15:23 -0500] "GET http://www.cubadebate.cu/noticias/2021/07/09/abdala-es-la-primera-vacuna-desarrollada-y-producida-en-latinoamerica-y-que-logra-obtener-uso-de-emergencia/ HTTP/1.1" 200 128045 "HTTP" "Abdala es la primera vacuna desarrollada y producida en Latinoamérica y que logra obtener uso de emergencia | Cubadebate"
192.168.1.29 - rquintanilla [10/Jul/2021:05:15:30 -0500] "CONNECT 0.1.0.1:1001 HTTP/1.1" 200 0 "HTTPS" "outgoing via 192.168.50.30"
192.168.1.29 - rquintanilla [10/Jul/2021:05:15:32 -0500] "CONNECT mail.google.com:443 HTTP/1.1" 200 0 "HTTPS" "outgoing via 192.168.50.30"
192.168.1.29 - rquintanilla [10/Jul/2021:05:15:35 -0500] "CONNECT mail.google.com:443 HTTP/1.1" 200 0 "HTTPS" "outgoing via 192.168.50.30"
192.168.1.29 - rquintanilla [10/Jul/2021:05:15:35 -0500] "GET http://media.cubadebate.cu/wp-content/uploads/2021/07/CECMED-580x708.png HTTP/1.1" 200 561945 "HTTP" ""
192.168.1.29 - rquintanilla [10/Jul/2021:05:15:35 -0500] "GET http://media.cubadebate.cu/wp-content/uploads/2021/07/CECMED-3-580x334.png HTTP/1.1" 200 307164 "HTTP" ""
192.168.1.29 - rquintanilla [10/Jul/2021:05:15:35 -0500] "GET http://media.cubadebate.cu/wp-content/uploads/2021/07/CECMED-2-580x263.png HTTP/1.1" 200 253452 "HTTP" ""
192.168.1.29 - rquintanilla [10/Jul/2021:05:15:36 -0500] "GET http://www.cubadebate.cu/wp-content/uploads/2021/07/biocubafarma_vacuna_cuba-580x384.jpg HTTP/1.1" 200 984 "HTTP" "301 Moved Permanently"
192.168.1.29 - rquintanilla [10/Jul/2021:05:15:36 -0500] "CONNECT mail.google.com:443 HTTP/1.1" 200 0 "HTTPS" "outgoing via 192.168.50.30"
192.168.1.29 - rquintanilla [10/Jul/2021:05:15:38 -0500] "CONNECT mail.google.com:443 HTTP/1.1" 200 0 "HTTPS" "outgoing via 192.168.50.30"
192.168.1.29 - rquintanilla [10/Jul/2021:05:15:39 -0500] "CONNECT mail.google.com:443 HTTP/1.1" 200 0 "HTTPS" "outgoing via 192.168.50.30"
192.168.1.29 - rquintanilla [10/Jul/2021:05:15:40 -0500] "CONNECT mail.google.com:443 HTTP/1.1" 200 0 "HTTPS" "outgoing via 192.168.50.30"
192.168.10.20 - arodriguez [10/Jul/2021:05:15:46 -0500] "CONNECT relay-1cb4b08e.net.anydesk.com:80 HTTP/1.1" 200 0 "HTTPS" "outgoing via 192.168.50.30"
192.168.1.29 - rquintanilla [10/Jul/2021:05:15:59 -0500] "GET http://www.cubadebate.cu/wp-content/themes/cd2.1/images/cubadebate-logo-small.png HTTP/1.1" 200 969 "HTTP" "301 Moved Permanently"
192.168.1.29 - rquintanilla [10/Jul/2021:05:15:59 -0500] "GET http://media.cubadebate.cu/wp-content/uploads/2021/07/biocubafarma_vacuna_cuba-580x384.jpg HTTP/1.1" 200 46670 "HTTP" ""
192.168.1.29 - rquintanilla [10/Jul/2021:05:15:59 -0500] "GET http://www.cubadebate.cu/wp-content/themes/cd2.1/images/cubadebate-css-sprite.png HTTP/1.1" 200 969 "HTTP" "301 Moved Permanently"
192.168.10.20 - arodriguez [10/Jul/2021:05:15:59 -0500] "CONNECT relay-1954f6f5.net.anydesk.com:80 HTTP/1.1" 200 0 "HTTPS" "outgoing via 192.168.50.30"
192.168.1.29 - rquintanilla [10/Jul/2021:05:16:13 -0500] "CONNECT mail.google.com:443 HTTP/1.1" 200 0 "HTTPS" "outgoing via 192.168.50.30"
192.168.10.20 - arodriguez [10/Jul/2021:05:16:28 -0500] "CONNECT relay-1954f6f5.net.anydesk.com:80 HTTP/1.1" 200 0 "HTTPS" "outgoing via 192.168.50.30"
192.168.1.29 - rquintanilla [10/Jul/2021:05:16:32 -0500] "CONNECT mail.google.com:443 HTTP/1.1" 200 0 "HTTPS" "outgoing via 192.168.50.30"
192.168.1.29 - rquintanilla [10/Jul/2021:05:16:33 -0500] "CONNECT mail.google.com:443 HTTP/1.1" 200 0 "HTTPS" "outgoing via 192.168.50.30"
192.168.1.29 - rquintanilla [10/Jul/2021:05:16:35 -0500] "CONNECT mail.google.com:443 HTTP/1.1" 200 0 "HTTPS" "outgoing via 192.168.50.30"
192.168.1.29 - rquintanilla [10/Jul/2021:05:16:36 -0500] "CONNECT mail.google.com:443 HTTP/1.1" 200 0 "HTTPS" "outgoing via 192.168.50.30"
192.168.1.29 - rquintanilla [10/Jul/2021:05:16:37 -0500] "CONNECT mail.google.com:443 HTTP/1.1" 200 0 "HTTPS" "outgoing via 192.168.50.30"
192.168.1.29 - rquintanilla [10/Jul/2021:05:16:39 -0500] "CONNECT mail.google.com:443 HTTP/1.1" 200 0 "HTTPS" "outgoing via 192.168.50.30"
192.168.50.220 - servidores [10/Jul/2021:05:16:40 -0500] "CONNECT mirrors.fedoraproject.org:443 HTTP/1.1" 200 0 "HTTPS" "outgoing via 192.168.50.30"
192.168.50.220 - servidores [10/Jul/2021:05:16:44 -0500] "GET http://mirror.ueb.edu.ec/centos/7.9.2009/os/x86_64/repodata/repomd.xml HTTP/1.1" 200 4240 "HTTP" ""
192.168.50.220 - servidores [10/Jul/2021:05:16:45 -0500] "CONNECT repo.ius.io:443 HTTP/1.1" 200 0 "HTTPS" "outgoing via 192.168.50.30"
192.168.50.220 - servidores [10/Jul/2021:05:16:46 -0500] "CONNECT download.postgresql.org:443 HTTP/1.1" 200 0 "HTTPS" "outgoing via 192.168.50.30"
192.168.10.20 - arodriguez [10/Jul/2021:05:16:57 -0500] "CONNECT relay-1954f6f5.net.anydesk.com:80 HTTP/1.1" 200 0 "HTTPS" "outgoing via 192.168.50.30"
192.168.1.29 - rquintanilla [10/Jul/2021:05:16:59 -0500] "CONNECT 0.1.0.1:1001 HTTP/1.1" 200 0 "HTTPS" "outgoing via 192.168.50.30"
192.168.50.220 - servidores [10/Jul/2021:05:17:05 -0500] "CONNECT download.postgresql.org:443 HTTP/1.1" 200 0 "HTTPS" "outgoing via 192.168.50.30"
192.168.50.220 - servidores [10/Jul/2021:05:17:08 -0500] "GET http://mirrors.bytes.ua/remi/enterprise/7/remi/x86_64/repodata/repomd.xml HTTP/1.1" 200 3482 "HTTP" ""
192.168.50.220 - servidores [10/Jul/2021:05:17:08 -0500] "GET http://mirrors.bytes.ua/remi/enterprise/7/php72/x86_64/repodata/repomd.xml HTTP/1.1" 200 3469 "HTTP" ""
192.168.50.220 - servidores [10/Jul/2021:05:17:09 -0500] "CONNECT download.rethinkdb.com:443 HTTP/1.1" 200 0 "HTTPS" "outgoing via 192.168.50.30"
192.168.50.220 - servidores [10/Jul/2021:05:17:10 -0500] "GET http://mirror.ueb.edu.ec/centos/7.9.2009/extras/x86_64/repodata/repomd.xml HTTP/1.1" 200 3362 "HTTP" ""
192.168.1.29 - rquintanilla [10/Jul/2021:05:17:13 -0500] "CONNECT mail.google.com:443 HTTP/1.1" 200 0 "HTTPS" "outgoing via 192.168.50.30"
192.168.1.29 - rquintanilla [10/Jul/2021:05:17:19 -0500] "GET http://media.cubadebate.cu/wp-content/uploads/2021/07/cigb-cuba-09-580x338.jpg HTTP/1.1" 200 38912 "HTTP" ""
192.168.1.29 - rquintanilla [10/Jul/2021:05:17:20 -0500] "GET http://media.cubadebate.cu/wp-content/gallery/autores/lissett-izquierdo-ferrer.jpg HTTP/1.1" 200 3838 "HTTP" ""
192.168.1.29 - rquintanilla [10/Jul/2021:05:17:21 -0500] "GET http://www.cubadebate.cu/noticias/2021/07/09/cientificos-cubanos-actualizan-informacion-sobre-eficacia-de-soberana-02-soberana-plus-y-el-autorizo-de-uso-de-emergencia-de-abdala/embed/ HTTP/1.1" 200 9133 "HTTP" "Científicos cubanos actualizan información sobre eficacia de Soberana 02 + Soberana Plus y el autorizo de uso de emergencia de Abdala | Cubadebate"
192.168.10.20 - arodriguez [10/Jul/2021:05:17:26 -0500] "CONNECT relay-1954f6f5.net.anydesk.com:80 HTTP/1.1" 200 0 "HTTPS" "outgoing via 192.168.50.30"
192.168.1.29 - rquintanilla [10/Jul/2021:05:17:32 -0500] "CONNECT mail.google.com:443 HTTP/1.1" 200 0 "HTTPS" "outgoing via 192.168.50.30"
192.168.1.29 - rquintanilla [10/Jul/2021:05:17:33 -0500] "CONNECT mail.google.com:443 HTTP/1.1" 200 0 "HTTPS" "outgoing via 192.168.50.30"
192.168.1.29 - rquintanilla [10/Jul/2021:05:17:35 -0500] "CONNECT mail.google.com:443 HTTP/1.1" 200 0 "HTTPS" "outgoing via 192.168.50.30"
192.168.1.29 - rquintanilla [10/Jul/2021:05:17:36 -0500] "CONNECT mail.google.com:443 HTTP/1.1" 200 0 "HTTPS" "outgoing via 192.168.50.30"
192.168.1.29 - rquintanilla [10/Jul/2021:05:17:37 -0500] "CONNECT mail.google.com:443 HTTP/1.1" 200 0 "HTTPS" "outgoing via 192.168.50.30"
192.168.1.29 - rquintanilla [10/Jul/2021:05:17:39 -0500] "CONNECT mail.google.com:443 HTTP/1.1" 200 0 "HTTPS" "outgoing via 192.168.50.30"
192.168.1.29 - rquintanilla [10/Jul/2021:05:17:40 -0500] "CONNECT incoming.telemetry.mozilla.org:443 HTTP/1.1" 200 0 "HTTPS" "outgoing via 192.168.50.30"
192.168.10.20 - arodriguez [10/Jul/2021:05:17:55 -0500] "CONNECT relay-1954f6f5.net.anydesk.com:80 HTTP/1.1" 200 0 "HTTPS" "outgoing via 192.168.50.30"
192.168.1.29 - rquintanilla [10/Jul/2021:05:18:00 -0500] "GET http://media.cubadebate.cu/wp-content/uploads/2021/07/CECMED.png HTTP/1.1" 200 1210775 "HTTP" ""
192.168.1.29 - rquintanilla [10/Jul/2021:05:18:02 -0500] "POST http://www.cubadebate.cu/wp-comments-post.php HTTP/1.1" 200 1082 "HTTP" ""
192.168.1.29 - rquintanilla [10/Jul/2021:05:18:06 -0500] "GET http://media.cubadebate.cu/wp-content/uploads/2021/07/CECMED-3.png HTTP/1.1" 200 1008455 "HTTP" ""
192.168.1.29 - rquintanilla [10/Jul/2021:05:18:06 -0500] "GET http://www.cubadebate.cu/noticias/2021/07/09/cientificos-cubanos-actualizan-informacion-sobre-eficacia-de-soberana-02-soberana-plus-y-el-autorizo-de-uso-de-emergencia-de-abdala/embed/ HTTP/1.1" 200 9131 "HTTP" "Científicos cubanos actualizan información sobre eficacia de Soberana 02 + Soberana Plus y el autorizo de uso de emergencia de Abdala | Cubadebate"
192.168.1.29 - rquintanilla [10/Jul/2021:05:18:07 -0500] "GET http://www.cubadebate.cu/noticias/2021/07/09/abdala-es-la-primera-vacuna-desarrollada-y-producida-en-latinoamerica-y-que-logra-obtener-uso-de-emergencia/?unapproved=9660645&moderation-hash=26aeb0f032efea1281a3911cd46d7eae HTTP/1.1" 200 128152 "HTTP" "Abdala es la primera vacuna desarrollada y producida en Latinoamérica y que logra obtener uso de emergencia | Cubadebate"
192.168.1.29 - rquintanilla [10/Jul/2021:05:18:07 -0500] "GET http://www.cubadebate.cu/wp-content/uploads/2021/07/biocubafarma_vacuna_cuba-580x384.jpg HTTP/1.1" 200 984 "HTTP" "301 Moved Permanently"
192.168.10.20 - arodriguez [10/Jul/2021:05:18:08 -0500] "CONNECT relay-0767eec0.net.anydesk.com:80 HTTP/1.1" 200 0 "HTTPS" "outgoing via 192.168.50.30"
192.168.1.29 - rquintanilla [10/Jul/2021:05:18:08 -0500] "CONNECT stats.g.doubleclick.net:443 HTTP/1.1" 200 0 "HTTPS" "outgoing via 192.168.50.30"
192.168.1.29 - rquintanilla [10/Jul/2021:05:18:10 -0500] "GET http://media.cubadebate.cu/wp-content/uploads/2021/07/CECMED-2.png HTTP/1.1" 200 820869 "HTTP" ""
192.168.1.29 - rquintanilla [10/Jul/2021:05:18:13 -0500] "CONNECT mail.google.com:443 HTTP/1.1" 200 0 "HTTPS" "outgoing via 192.168.50.30"
192.168.10.20 - arodriguez [10/Jul/2021:05:18:37 -0500] "CONNECT relay-0767eec0.net.anydesk.com:80 HTTP/1.1" 200 0 "HTTPS" "outgoing via 192.168.50.30"
192.168.10.20 - arodriguez [10/Jul/2021:05:19:06 -0500] "CONNECT relay-0767eec0.net.anydesk.com:80 HTTP/1.1" 200 0 "HTTPS" "outgoing via 192.168.50.30"
192.168.10.20 - arodriguez [10/Jul/2021:05:19:19 -0500] "CONNECT relay-922f66f3.net.anydesk.com:80 HTTP/1.1" 200 0 "HTTPS" "outgoing via 192.168.50.30"
192.168.10.20 - arodriguez [10/Jul/2021:05:19:48 -0500] "CONNECT relay-922f66f3.net.anydesk.com:80 HTTP/1.1" 200 0 "HTTPS" "outgoing via 192.168.50.30"
192.168.1.29 - rquintanilla [10/Jul/2021:05:20:06 -0500] "CONNECT content-signature-2.cdn.mozilla.net:443 HTTP/1.1" 200 0 "HTTPS" "outgoing via 192.168.50.30"
192.168.1.29 - rquintanilla [10/Jul/2021:05:20:06 -0500] "CONNECT incoming.telemetry.mozilla.org:443 HTTP/1.1" 200 0 "HTTPS" "outgoing via 192.168.50.30"
192.168.1.29 - rquintanilla [10/Jul/2021:05:20:07 -0500] "CONNECT firefox.settings.services.mozilla.com:443 HTTP/1.1" 200 0 "HTTPS" "outgoing via 192.168.50.30"
192.168.1.29 - rquintanilla [10/Jul/2021:05:20:07 -0500] "CONNECT push.services.mozilla.com:443 HTTP/1.1" 200 0 "HTTPS" "outgoing via 192.168.50.30"
192.168.1.29 - rquintanilla [10/Jul/2021:05:20:07 -0500] "CONNECT profile.accounts.firefox.com:443 HTTP/1.1" 200 0 "HTTPS" "outgoing via 192.168.50.30"
192.168.1.29 - rquintanilla [10/Jul/2021:05:20:07 -0500] "CONNECT incoming.telemetry.mozilla.org:443 HTTP/1.1" 200 0 "HTTPS" "outgoing via 192.168.50.30"
192.168.1.29 - rquintanilla [10/Jul/2021:05:20:07 -0500] "CONNECT api.accounts.firefox.com:443 HTTP/1.1" 200 0 "HTTPS" "outgoing via 192.168.50.30"
192.168.1.29 - rquintanilla [10/Jul/2021:05:20:07 -0500] "POST http://ocsp.digicert.com/ HTTP/1.1" 200 947 "HTTP" ""
192.168.1.29 - rquintanilla [10/Jul/2021:05:20:07 -0500] "POST http://ocsp.digicert.com/ HTTP/1.1" 200 947 "HTTP" ""
