192.168.50.220 - servidores [26/Jul/2021:05:21:24 -0500] "CONNECT download.postgresql.org:443 HTTP/1.1" 200 0 "HTTPS" "outgoing via 192.168.50.30"
192.168.10.20 - arodriguez [26/Jul/2021:05:21:27 -0500] "CONNECT relay-94ea071e.net.anydesk.com:80 HTTP/1.1" 200 0 "HTTPS" "outgoing via 192.168.50.30"
192.168.50.220 - servidores [26/Jul/2021:05:21:30 -0500] "CONNECT mirror.sjc02.svwh.net:443 HTTP/1.1" 200 0 "HTTPS" "outgoing via 192.168.50.30"
192.168.50.220 - servidores [26/Jul/2021:05:21:32 -0500] "CONNECT download.rethinkdb.com:443 HTTP/1.1" 200 0 "HTTPS" "outgoing via 192.168.50.30"
192.168.50.220 - servidores [26/Jul/2021:05:21:33 -0500] "GET http://mirror.ueb.edu.ec/centos/7.9.2009/os/x86_64/repodata/repomd.xml HTTP/1.1" 200 4241 "HTTP" ""
192.168.50.220 - servidores [26/Jul/2021:05:21:34 -0500] "CONNECT dfw.mirror.rackspace.com:443 HTTP/1.1" 200 0 "HTTPS" "outgoing via 192.168.50.30"
192.168.50.220 - servidores [26/Jul/2021:05:21:34 -0500] "CONNECT epel.mirror.shastacoe.net:443 HTTP/1.1" 200 0 "HTTPS" "outgoing via 192.168.50.30"
192.168.50.220 - servidores [26/Jul/2021:05:21:35 -0500] "CONNECT download-ib01.fedoraproject.org:443 HTTP/1.1" 200 0 "HTTPS" "outgoing via 192.168.50.30"
192.168.10.20 - arodriguez [26/Jul/2021:05:21:56 -0500] "CONNECT relay-94ea071e.net.anydesk.com:80 HTTP/1.1" 200 0 "HTTPS" "outgoing via 192.168.50.30"
192.168.10.20 - arodriguez [26/Jul/2021:05:22:26 -0500] "CONNECT relay-94ea071e.net.anydesk.com:80 HTTP/1.1" 200 0 "HTTPS" "outgoing via 192.168.50.30"
192.168.1.29 - lazaro [26/Jul/2021:05:22:47 -0500] "CONNECT content-signature-2.cdn.mozilla.net:443 HTTP/1.1" 200 0 "HTTPS" "outgoing via 192.168.50.30"
192.168.1.29 - lazaro [26/Jul/2021:05:22:48 -0500] "CONNECT incoming.telemetry.mozilla.org:443 HTTP/1.1" 200 0 "HTTPS" "outgoing via 192.168.50.30"
192.168.1.29 - lazaro [26/Jul/2021:05:22:48 -0500] "CONNECT push.services.mozilla.com:443 HTTP/1.1" 200 0 "HTTPS" "outgoing via 192.168.50.30"
192.168.1.29 - lazaro [26/Jul/2021:05:22:49 -0500] "POST http://ocsp.digicert.com/ HTTP/1.1" 200 947 "HTTP" ""
192.168.1.29 - lazaro [26/Jul/2021:05:22:49 -0500] "CONNECT incoming.telemetry.mozilla.org:443 HTTP/1.1" 200 0 "HTTPS" "outgoing via 192.168.50.30"
192.168.1.29 - lazaro [26/Jul/2021:05:22:50 -0500] "CONNECT firefox.settings.services.mozilla.com:443 HTTP/1.1" 200 0 "HTTPS" "outgoing via 192.168.50.30"
192.168.1.29 - lazaro [26/Jul/2021:05:22:50 -0500] "CONNECT safebrowsing.googleapis.com:443 HTTP/1.1" 200 0 "HTTPS" "outgoing via 192.168.50.30"
192.168.1.29 - lazaro [26/Jul/2021:05:22:50 -0500] "CONNECT safebrowsing.googleapis.com:443 HTTP/1.1" 200 0 "HTTPS" "outgoing via 192.168.50.30"
192.168.1.29 - lazaro [26/Jul/2021:05:22:50 -0500] "CONNECT firefox.settings.services.mozilla.com:443 HTTP/1.1" 200 0 "HTTPS" "outgoing via 192.168.50.30"
192.168.10.20 - arodriguez [26/Jul/2021:05:22:55 -0500] "CONNECT relay-94ea071e.net.anydesk.com:80 HTTP/1.1" 200 0 "HTTPS" "outgoing via 192.168.50.30"
192.168.50.220 - servidores [26/Jul/2021:05:22:57 -0500] "GET http://download.draios.com/stable/rpm/x86_64/repodata/repomd.xml HTTP/1.1" 200 3636 "HTTP" ""
192.168.1.29 - lazaro [26/Jul/2021:05:22:58 -0500] "CONNECT shavar.services.mozilla.com:443 HTTP/1.1" 200 0 "HTTPS" "outgoing via 192.168.50.30"
192.168.1.29 - lazaro [26/Jul/2021:05:22:58 -0500] "POST http://ocsp.pki.goog/gts1o1core HTTP/1.1" 200 849 "HTTP" ""
192.168.50.220 - servidores [26/Jul/2021:05:22:58 -0500] "GET http://mirror.globo.com/centos/7.9.2009/extras/x86_64/repodata/repomd.xml HTTP/1.1" 200 3425 "HTTP" ""
192.168.1.29 - lazaro [26/Jul/2021:05:23:07 -0500] "CONNECT www.google-analytics.com:443 HTTP/1.1" 200 0 "HTTPS" "outgoing via 192.168.50.30"
192.168.1.29 - lazaro [26/Jul/2021:05:23:07 -0500] "POST http://ocsp.digicert.com/ HTTP/1.1" 200 947 "HTTP" ""
192.168.10.20 - arodriguez [26/Jul/2021:05:23:08 -0500] "CONNECT relay-b51eac1f.net.anydesk.com:80 HTTP/1.1" 200 0 "HTTPS" "outgoing via 192.168.50.30"
192.168.1.29 - lazaro [26/Jul/2021:05:23:18 -0500] "CONNECT www.youtube.com:443 HTTP/1.1" 200 0 "HTTPS" "outgoing via 192.168.50.30"
192.168.1.29 - lazaro [26/Jul/2021:05:23:19 -0500] "CONNECT www.youtube.com:443 HTTP/1.1" 200 0 "HTTPS" "outgoing via 192.168.50.30"
192.168.1.29 - lazaro [26/Jul/2021:05:23:19 -0500] "POST http://ocsp.pki.goog/gts1o1core HTTP/1.1" 200 849 "HTTP" ""
192.168.1.29 - lazaro [26/Jul/2021:05:23:20 -0500] "CONNECT www.youtube.com:443 HTTP/1.1" 200 0 "HTTPS" "outgoing via 192.168.50.30"
192.168.1.29 - lazaro [26/Jul/2021:05:23:20 -0500] "CONNECT www.youtube.com:443 HTTP/1.1" 200 0 "HTTPS" "outgoing via 192.168.50.30"
192.168.1.29 - lazaro [26/Jul/2021:05:23:20 -0500] "CONNECT www.youtube.com:443 HTTP/1.1" 200 0 "HTTPS" "outgoing via 192.168.50.30"
192.168.1.29 - lazaro [26/Jul/2021:05:23:20 -0500] "CONNECT www.youtube.com:443 HTTP/1.1" 200 0 "HTTPS" "outgoing via 192.168.50.30"
192.168.1.29 - lazaro [26/Jul/2021:05:23:23 -0500] "CONNECT fonts.googleapis.com:443 HTTP/1.1" 200 0 "HTTPS" "outgoing via 192.168.50.30"
192.168.1.29 - lazaro [26/Jul/2021:05:23:23 -0500] "CONNECT i.ytimg.com:443 HTTP/1.1" 200 0 "HTTPS" "outgoing via 192.168.50.30"
192.168.1.29 - lazaro [26/Jul/2021:05:23:23 -0500] "POST http://ocsp.pki.goog/gts1o1core HTTP/1.1" 200 849 "HTTP" ""
192.168.1.29 - lazaro [26/Jul/2021:05:23:25 -0500] "CONNECT fonts.gstatic.com:443 HTTP/1.1" 200 0 "HTTPS" "outgoing via 192.168.50.30"
192.168.1.29 - lazaro [26/Jul/2021:05:23:25 -0500] "CONNECT accounts.google.com:443 HTTP/1.1" 200 0 "HTTPS" "outgoing via 192.168.50.30"
192.168.1.29 - lazaro [26/Jul/2021:05:23:25 -0500] "CONNECT googleads.g.doubleclick.net:443 HTTP/1.1" 200 0 "HTTPS" "outgoing via 192.168.50.30"
192.168.1.29 - lazaro [26/Jul/2021:05:23:25 -0500] "POST http://ocsp.pki.goog/gts1o1core HTTP/1.1" 200 849 "HTTP" ""
192.168.1.29 - lazaro [26/Jul/2021:05:23:25 -0500] "CONNECT fonts.gstatic.com:443 HTTP/1.1" 200 0 "HTTPS" "outgoing via 192.168.50.30"
192.168.1.29 - lazaro [26/Jul/2021:05:23:25 -0500] "CONNECT fonts.gstatic.com:443 HTTP/1.1" 200 0 "HTTPS" "outgoing via 192.168.50.30"
192.168.1.29 - lazaro [26/Jul/2021:05:23:25 -0500] "CONNECT www.google.com:443 HTTP/1.1" 200 0 "HTTPS" "outgoing via 192.168.50.30"
192.168.1.29 - lazaro [26/Jul/2021:05:23:25 -0500] "CONNECT www.google.com.cu:443 HTTP/1.1" 200 0 "HTTPS" "outgoing via 192.168.50.30"
192.168.1.29 - lazaro [26/Jul/2021:05:23:25 -0500] "CONNECT yt3.ggpht.com:443 HTTP/1.1" 200 0 "HTTPS" "outgoing via 192.168.50.30"
192.168.1.29 - lazaro [26/Jul/2021:05:23:25 -0500] "CONNECT yt3.ggpht.com:443 HTTP/1.1" 200 0 "HTTPS" "outgoing via 192.168.50.30"
192.168.1.29 - lazaro [26/Jul/2021:05:23:25 -0500] "CONNECT yt3.ggpht.com:443 HTTP/1.1" 200 0 "HTTPS" "outgoing via 192.168.50.30"
192.168.1.29 - lazaro [26/Jul/2021:05:23:25 -0500] "CONNECT yt3.ggpht.com:443 HTTP/1.1" 200 0 "HTTPS" "outgoing via 192.168.50.30"
192.168.1.29 - lazaro [26/Jul/2021:05:23:26 -0500] "CONNECT safebrowsing.googleapis.com:443 HTTP/1.1" 200 0 "HTTPS" "outgoing via 192.168.50.30"
192.168.1.29 - lazaro [26/Jul/2021:05:23:26 -0500] "CONNECT yt3.ggpht.com:443 HTTP/1.1" 200 0 "HTTPS" "outgoing via 192.168.50.30"
192.168.1.29 - lazaro [26/Jul/2021:05:23:26 -0500] "CONNECT yt3.ggpht.com:443 HTTP/1.1" 200 0 "HTTPS" "outgoing via 192.168.50.30"
192.168.1.29 - lazaro [26/Jul/2021:05:23:26 -0500] "POST http://ocsp.pki.goog/gts1o1core HTTP/1.1" 200 849 "HTTP" ""
192.168.1.29 - lazaro [26/Jul/2021:05:23:26 -0500] "GET http://detectportal.firefox.com/canonical.html HTTP/1.1" 200 444 "HTTP" ""
192.168.10.20 - arodriguez [26/Jul/2021:05:23:37 -0500] "CONNECT relay-b51eac1f.net.anydesk.com:80 HTTP/1.1" 200 0 "HTTPS" "outgoing via 192.168.50.30"
192.168.1.29 - lazaro [26/Jul/2021:05:23:44 -0500] "GET http://detectportal.firefox.com/success.txt?ipv4 HTTP/1.1" 200 362 "HTTP" ""
192.168.1.29 - lazaro [26/Jul/2021:05:23:44 -0500] "CONNECT incoming.telemetry.mozilla.org:443 HTTP/1.1" 200 0 "HTTPS" "outgoing via 192.168.50.30"
192.168.1.29 - lazaro [26/Jul/2021:05:23:44 -0500] "CONNECT incoming.telemetry.mozilla.org:443 HTTP/1.1" 200 0 "HTTPS" "outgoing via 192.168.50.30"
192.168.1.29 - lazaro [26/Jul/2021:05:23:44 -0500] "CONNECT incoming.telemetry.mozilla.org:443 HTTP/1.1" 200 0 "HTTPS" "outgoing via 192.168.50.30"
192.168.1.29 - lazaro [26/Jul/2021:05:23:44 -0500] "CONNECT incoming.telemetry.mozilla.org:443 HTTP/1.1" 200 0 "HTTPS" "outgoing via 192.168.50.30"
192.168.1.29 - lazaro [26/Jul/2021:05:23:44 -0500] "CONNECT incoming.telemetry.mozilla.org:443 HTTP/1.1" 200 0 "HTTPS" "outgoing via 192.168.50.30"
192.168.1.29 - lazaro [26/Jul/2021:05:23:46 -0500] "CONNECT static.doubleclick.net:443 HTTP/1.1" 200 0 "HTTPS" "outgoing via 192.168.50.30"
192.168.1.29 - lazaro [26/Jul/2021:05:23:46 -0500] "GET http://detectportal.firefox.com/canonical.html HTTP/1.1" 200 444 "HTTP" ""
192.168.1.29 - lazaro [26/Jul/2021:05:23:46 -0500] "GET http://detectportal.firefox.com/success.txt?ipv4 HTTP/1.1" 200 362 "HTTP" ""
192.168.10.20 - arodriguez [26/Jul/2021:05:24:06 -0500] "CONNECT relay-b51eac1f.net.anydesk.com:80 HTTP/1.1" 200 0 "HTTPS" "outgoing via 192.168.50.30"
192.168.1.29 - lazaro [26/Jul/2021:05:24:19 -0500] "CONNECT safebrowsing.googleapis.com:443 HTTP/1.1" 200 0 "HTTPS" "outgoing via 192.168.50.30"
192.168.10.20 - arodriguez [26/Jul/2021:05:24:19 -0500] "CONNECT relay-096fe6d0.net.anydesk.com:80 HTTP/1.1" 200 0 "HTTPS" "outgoing via 192.168.50.30"
192.168.10.20 - arodriguez [26/Jul/2021:05:24:48 -0500] "CONNECT relay-096fe6d0.net.anydesk.com:80 HTTP/1.1" 200 0 "HTTPS" "outgoing via 192.168.50.30"
192.168.10.20 - arodriguez [26/Jul/2021:05:25:17 -0500] "CONNECT relay-096fe6d0.net.anydesk.com:80 HTTP/1.1" 200 0 "HTTPS" "outgoing via 192.168.50.30"
192.168.1.29 - lazaro [26/Jul/2021:05:25:25 -0500] "POST http://ocsp.pki.goog/gts1o1core HTTP/1.1" 200 849 "HTTP" ""
192.168.1.29 - lazaro [26/Jul/2021:05:25:26 -0500] "POST http://ocsp.pki.goog/gts1o1core HTTP/1.1" 200 849 "HTTP" ""
192.168.1.29 - lazaro [26/Jul/2021:05:25:26 -0500] "POST http://ocsp.pki.goog/gts1o1core HTTP/1.1" 200 849 "HTTP" ""
192.168.1.29 - lazaro [26/Jul/2021:05:25:26 -0500] "POST http://ocsp.pki.goog/gts1o1core HTTP/1.1" 200 849 "HTTP" ""
192.168.1.29 - lazaro [26/Jul/2021:05:25:26 -0500] "POST http://ocsp.pki.goog/gts1o1core HTTP/1.1" 200 849 "HTTP" ""
192.168.1.29 - lazaro [26/Jul/2021:05:25:27 -0500] "POST http://ocsp.pki.goog/gts1o1core HTTP/1.1" 200 849 "HTTP" ""
192.168.1.29 - lazaro [26/Jul/2021:05:25:27 -0500] "CONNECT googleads.g.doubleclick.net:443 HTTP/1.1" 200 0 "HTTPS" "outgoing via 192.168.50.30"
192.168.1.29 - lazaro [26/Jul/2021:05:25:27 -0500] "GET http://detectportal.firefox.com/canonical.html HTTP/1.1" 200 444 "HTTP" ""
192.168.1.29 - lazaro [26/Jul/2021:05:25:27 -0500] "GET http://detectportal.firefox.com/success.txt?ipv4 HTTP/1.1" 200 362 "HTTP" ""
192.168.1.29 - lazaro [26/Jul/2021:05:25:28 -0500] "POST http://ocsp.pki.goog/gts1o1core HTTP/1.1" 200 849 "HTTP" ""
192.168.1.29 - lazaro [26/Jul/2021:05:25:28 -0500] "POST http://ocsp.pki.goog/gts1o1core HTTP/1.1" 200 849 "HTTP" ""
192.168.1.29 - lazaro [26/Jul/2021:05:25:28 -0500] "POST http://ocsp.pki.goog/gts1o1core HTTP/1.1" 200 849 "HTTP" ""
192.168.1.29 - lazaro [26/Jul/2021:05:25:28 -0500] "POST http://ocsp.pki.goog/gts1o1core HTTP/1.1" 200 849 "HTTP" ""
192.168.1.29 - lazaro [26/Jul/2021:05:25:29 -0500] "POST http://ocsp.pki.goog/gts1o1core HTTP/1.1" 200 849 "HTTP" ""
192.168.1.29 - lazaro [26/Jul/2021:05:25:32 -0500] "CONNECT r2---sn-xuxjn5-i58e.googlevideo.com:443 HTTP/1.1" 200 0 "HTTPS" "outgoing via 192.168.50.30"
192.168.1.29 - lazaro [26/Jul/2021:05:25:34 -0500] "CONNECT r2---sn-xuxjn5-i58e.googlevideo.com:443 HTTP/1.1" 200 0 "HTTPS" "outgoing via 192.168.50.30"
192.168.1.29 - lazaro [26/Jul/2021:05:25:34 -0500] "CONNECT r2---sn-xuxjn5-i58e.googlevideo.com:443 HTTP/1.1" 200 0 "HTTPS" "outgoing via 192.168.50.30"
192.168.1.29 - lazaro [26/Jul/2021:05:25:34 -0500] "POST http://ocsp.pki.goog/gts1c3 HTTP/1.1" 200 850 "HTTP" ""
192.168.1.29 - lazaro [26/Jul/2021:05:25:37 -0500] "CONNECT r2---sn-hp57kn6r.googlevideo.com:443 HTTP/1.1" 200 0 "HTTPS" "outgoing via 192.168.50.30"
192.168.1.29 - lazaro [26/Jul/2021:05:25:38 -0500] "POST http://ocsp.pki.goog/gts1c3 HTTP/1.1" 200 850 "HTTP" ""
192.168.10.20 - arodriguez [26/Jul/2021:05:25:46 -0500] "CONNECT relay-096fe6d0.net.anydesk.com:80 HTTP/1.1" 200 0 "HTTPS" "outgoing via 192.168.50.30"
192.168.50.8 - arodriguez [26/Jul/2021:05:25:55 -0500] "HEAD http://update.eset.com/eset_eval/update.ver HTTP/1.1" 200 383 "HTTP" ""
192.168.50.8 - arodriguez [26/Jul/2021:05:26:05 -0500] "GET http://update.eset.com/eset_eval/update.ver HTTP/1.1" 200 118942 "HTTP" ""
192.168.50.8 - arodriguez [26/Jul/2021:05:26:05 -0500] "HEAD http://update.eset.com/v3-eval-sta/mod_001_perseus_2217/em001_32_n1.nup HTTP/1.1" 200 375 "HTTP" ""
192.168.50.8 - arodriguez [26/Jul/2021:05:26:05 -0500] "GET http://update.eset.com/v3-eval-sta/mod_001_perseus_2217/em001_32_n1.nup HTTP/1.1" 200 103491 "HTTP" ""
192.168.50.8 - arodriguez [26/Jul/2021:05:26:05 -0500] "HEAD http://update.eset.com/v3-eval-sta/mod_002_engine_50265/em002_32_n1.nup HTTP/1.1" 200 373 "HTTP" ""
192.168.50.8 - arodriguez [26/Jul/2021:05:26:05 -0500] "GET http://update.eset.com/v3-eval-sta/mod_002_engine_50265/em002_32_n1.nup HTTP/1.1" 200 24463 "HTTP" ""
192.168.50.8 - arodriguez [26/Jul/2021:05:26:05 -0500] "HEAD http://update.eset.com/v3-eval-sta/mod_023_pegasus_25324/em023_32_n1.nup HTTP/1.1" 200 373 "HTTP" ""
192.168.50.8 - arodriguez [26/Jul/2021:05:26:05 -0500] "GET http://update.eset.com/v3-eval-sta/mod_023_pegasus_25324/em023_32_n1.nup HTTP/1.1" 200 65827 "HTTP" ""
192.168.50.8 - arodriguez [26/Jul/2021:05:26:06 -0500] "HEAD http://update.eset.com/v3-eval-sta/mod_024_iris_1115/em024_32_n4.nup HTTP/1.1" 200 373 "HTTP" ""
192.168.50.8 - arodriguez [26/Jul/2021:05:26:06 -0500] "GET http://update.eset.com/v3-eval-sta/mod_024_iris_1115/em024_32_n4.nup HTTP/1.1" 200 42161 "HTTP" ""
192.168.50.8 - arodriguez [26/Jul/2021:05:26:06 -0500] "HEAD http://update.eset.com/v3-eval-sta/mod_001_perseus_2217/em001_32_l2.nup HTTP/1.1" 200 375 "HTTP" ""
192.168.50.8 - arodriguez [26/Jul/2021:05:26:06 -0500] "GET http://update.eset.com/v3-eval-sta/mod_001_perseus_2217/em001_32_l2.nup HTTP/1.1" 200 107293 "HTTP" ""
192.168.50.8 - arodriguez [26/Jul/2021:05:26:06 -0500] "HEAD http://update.eset.com/v3-eval-sta/mod_002_engine_50265/em002_32_l2.nup HTTP/1.1" 200 375 "HTTP" ""
192.168.50.8 - arodriguez [26/Jul/2021:05:26:06 -0500] "GET http://update.eset.com/v3-eval-sta/mod_002_engine_50265/em002_32_l2.nup HTTP/1.1" 200 203657 "HTTP" ""
192.168.50.8 - arodriguez [26/Jul/2021:05:26:06 -0500] "HEAD http://update.eset.com/v3-eval-sta/mod_023_pegasus_25324/em023_32_l1.nup HTTP/1.1" 200 377 "HTTP" ""
192.168.10.20 - arodriguez [26/Jul/2021:05:26:15 -0500] "CONNECT relay-096fe6d0.net.anydesk.com:80 HTTP/1.1" 200 0 "HTTPS" "outgoing via 192.168.50.30"
192.168.10.20 - arodriguez [26/Jul/2021:05:26:44 -0500] "CONNECT relay-096fe6d0.net.anydesk.com:80 HTTP/1.1" 200 0 "HTTPS" "outgoing via 192.168.50.30"
192.168.10.20 - arodriguez [26/Jul/2021:05:26:57 -0500] "CONNECT relay-89970c8c.net.anydesk.com:80 HTTP/1.1" 200 0 "HTTPS" "outgoing via 192.168.50.30"
192.168.1.29 - lazaro [26/Jul/2021:05:27:13 -0500] "CONNECT normandy.cdn.mozilla.net:443 HTTP/1.1" 200 0 "HTTPS" "outgoing via 192.168.50.30"
192.168.1.29 - lazaro [26/Jul/2021:05:27:15 -0500] "CONNECT classify-client.services.mozilla.com:443 HTTP/1.1" 200 0 "HTTPS" "outgoing via 192.168.50.30"
192.168.1.29 - lazaro [26/Jul/2021:05:27:15 -0500] "POST http://ocsp.pki.goog/gts1c3 HTTP/1.1" 200 850 "HTTP" ""
192.168.1.29 - lazaro [26/Jul/2021:05:27:16 -0500] "CONNECT content-signature-2.cdn.mozilla.net:443 HTTP/1.1" 200 0 "HTTPS" "outgoing via 192.168.50.30"
192.168.10.20 - arodriguez [26/Jul/2021:05:27:26 -0500] "CONNECT relay-89970c8c.net.anydesk.com:80 HTTP/1.1" 200 0 "HTTPS" "outgoing via 192.168.50.30"
192.168.1.29 - lazaro [26/Jul/2021:05:27:28 -0500] "CONNECT googleads.g.doubleclick.net:443 HTTP/1.1" 200 0 "HTTPS" "outgoing via 192.168.50.30"
192.168.10.20 - arodriguez [26/Jul/2021:05:27:55 -0500] "CONNECT relay-89970c8c.net.anydesk.com:80 HTTP/1.1" 200 0 "HTTPS" "outgoing via 192.168.50.30"
192.168.10.20 - arodriguez [26/Jul/2021:05:28:09 -0500] "CONNECT relay-1cb4b08e.net.anydesk.com:80 HTTP/1.1" 200 0 "HTTPS" "outgoing via 192.168.50.30"
192.168.10.20 - arodriguez [26/Jul/2021:05:28:37 -0500] "CONNECT relay-1cb4b08e.net.anydesk.com:80 HTTP/1.1" 200 0 "HTTPS" "outgoing via 192.168.50.30"
192.168.50.8 - arodriguez [26/Jul/2021:05:28:53 -0500] "GET http://update.eset.com/v3-eval-sta/mod_023_pegasus_25324/em023_32_l1.nup HTTP/1.1" 200 124519 "HTTP" ""
192.168.1.29 - lazaro [26/Jul/2021:05:29:06 -0500] "CONNECT yt3.ggpht.com:443 HTTP/1.1" 200 0 "HTTPS" "outgoing via 192.168.50.30"
192.168.10.20 - arodriguez [26/Jul/2021:05:29:06 -0500] "CONNECT relay-1cb4b08e.net.anydesk.com:80 HTTP/1.1" 200 0 "HTTPS" "outgoing via 192.168.50.30"
192.168.1.29 - lazaro [26/Jul/2021:05:29:13 -0500] "CONNECT aus5.mozilla.org:443 HTTP/1.1" 200 0 "HTTPS" "outgoing via 192.168.50.30"
192.168.1.29 - lazaro [26/Jul/2021:05:29:15 -0500] "CONNECT download.mozilla.org:443 HTTP/1.1" 200 0 "HTTPS" "outgoing via 192.168.50.30"
192.168.1.29 - lazaro [26/Jul/2021:05:29:15 -0500] "POST http://ocsp.digicert.com/ HTTP/1.1" 200 947 "HTTP" ""
192.168.1.29 - lazaro [26/Jul/2021:05:29:16 -0500] "CONNECT download-installer.cdn.mozilla.net:443 HTTP/1.1" 200 0 "HTTPS" "outgoing via 192.168.50.30"
192.168.1.29 - lazaro [26/Jul/2021:05:29:27 -0500] "CONNECT safebrowsing.googleapis.com:443 HTTP/1.1" 200 0 "HTTPS" "outgoing via 192.168.50.30"
192.168.10.20 - arodriguez [26/Jul/2021:05:29:35 -0500] "CONNECT relay-1cb4b08e.net.anydesk.com:80 HTTP/1.1" 200 0 "HTTPS" "outgoing via 192.168.50.30"
192.168.50.8 - arodriguez [26/Jul/2021:05:29:40 -0500] "HEAD http://update.eset.com/v3-eval-sta/mod_024_iris_1115/em024_32_l2.nup HTTP/1.1" 200 373 "HTTP" ""
192.168.50.8 - arodriguez [26/Jul/2021:05:29:40 -0500] "GET http://update.eset.com/v3-eval-sta/mod_024_iris_1115/em024_32_l2.nup HTTP/1.1" 200 29984 "HTTP" ""
192.168.50.8 - arodriguez [26/Jul/2021:05:29:41 -0500] "HEAD http://update.eset.com/v3-eval-sta/mod_001_perseus_2217/em001_32_n2.nup HTTP/1.1" 200 375 "HTTP" ""
192.168.50.8 - arodriguez [26/Jul/2021:05:29:41 -0500] "GET http://update.eset.com/v3-eval-sta/mod_001_perseus_2217/em001_32_n2.nup HTTP/1.1" 200 107293 "HTTP" ""
192.168.50.8 - arodriguez [26/Jul/2021:05:29:41 -0500] "HEAD http://update.eset.com/v3-eval-sta/mod_001_perseus_2217/em001_32_n3.nup HTTP/1.1" 200 375 "HTTP" ""
192.168.50.8 - arodriguez [26/Jul/2021:05:29:41 -0500] "GET http://update.eset.com/v3-eval-sta/mod_001_perseus_2217/em001_32_n3.nup HTTP/1.1" 200 152920 "HTTP" ""
192.168.50.8 - arodriguez [26/Jul/2021:05:29:41 -0500] "HEAD http://update.eset.com/v3-eval-sta/mod_001_perseus_2217/em001_32_n4.nup HTTP/1.1" 200 375 "HTTP" ""
192.168.50.8 - arodriguez [26/Jul/2021:05:29:41 -0500] "GET http://update.eset.com/v3-eval-sta/mod_001_perseus_2217/em001_32_n4.nup HTTP/1.1" 200 219886 "HTTP" ""
192.168.50.8 - arodriguez [26/Jul/2021:05:29:41 -0500] "HEAD http://update.eset.com/v3-eval-sta/mod_001_perseus_2217/em001_32_n5.nup HTTP/1.1" 200 375 "HTTP" ""
192.168.50.8 - arodriguez [26/Jul/2021:05:29:41 -0500] "GET http://update.eset.com/v3-eval-sta/mod_001_perseus_2217/em001_32_n5.nup HTTP/1.1" 200 223802 "HTTP" ""
192.168.50.8 - arodriguez [26/Jul/2021:05:29:42 -0500] "HEAD http://update.eset.com/v3-eval-sta/mod_001_perseus_2217/em001_32_n6.nup HTTP/1.1" 200 375 "HTTP" ""
192.168.50.8 - arodriguez [26/Jul/2021:05:29:42 -0500] "GET http://update.eset.com/v3-eval-sta/mod_001_perseus_2217/em001_32_n6.nup HTTP/1.1" 200 223784 "HTTP" ""
192.168.50.8 - arodriguez [26/Jul/2021:05:29:42 -0500] "HEAD http://update.eset.com/v3-eval-sta/mod_001_perseus_2217/em001_32_n7.nup HTTP/1.1" 200 375 "HTTP" ""
192.168.50.8 - arodriguez [26/Jul/2021:05:29:42 -0500] "GET http://update.eset.com/v3-eval-sta/mod_001_perseus_2217/em001_32_n7.nup HTTP/1.1" 200 230048 "HTTP" ""
192.168.50.8 - arodriguez [26/Jul/2021:05:29:42 -0500] "HEAD http://update.eset.com/v3-eval-sta/mod_001_perseus_2217/em001_32_n8.nup HTTP/1.1" 200 375 "HTTP" ""
192.168.50.8 - arodriguez [26/Jul/2021:05:29:42 -0500] "GET http://update.eset.com/v3-eval-sta/mod_001_perseus_2217/em001_32_n8.nup HTTP/1.1" 200 229647 "HTTP" ""
192.168.50.8 - arodriguez [26/Jul/2021:05:29:42 -0500] "HEAD http://update.eset.com/v3-eval-sta/mod_001_perseus_2217/em001_32_n9.nup HTTP/1.1" 200 375 "HTTP" ""
192.168.50.8 - arodriguez [26/Jul/2021:05:29:42 -0500] "GET http://update.eset.com/v3-eval-sta/mod_001_perseus_2217/em001_32_n9.nup HTTP/1.1" 200 229340 "HTTP" ""
192.168.50.8 - arodriguez [26/Jul/2021:05:29:43 -0500] "HEAD http://update.eset.com/v3-eval-sta/mod_001_perseus_2217/em001_32_n10.nup HTTP/1.1" 200 375 "HTTP" ""
192.168.50.8 - arodriguez [26/Jul/2021:05:29:43 -0500] "GET http://update.eset.com/v3-eval-sta/mod_001_perseus_2217/em001_32_n10.nup HTTP/1.1" 200 287129 "HTTP" ""
192.168.50.8 - arodriguez [26/Jul/2021:05:29:43 -0500] "HEAD http://update.eset.com/v3-eval-sta/mod_002_engine_50265/em002_32_n2.nup HTTP/1.1" 200 373 "HTTP" ""
192.168.50.8 - arodriguez [26/Jul/2021:05:29:43 -0500] "GET http://update.eset.com/v3-eval-sta/mod_002_engine_50265/em002_32_n2.nup HTTP/1.1" 200 28831 "HTTP" ""
192.168.50.8 - arodriguez [26/Jul/2021:05:29:43 -0500] "HEAD http://update.eset.com/v3-eval-sta/mod_002_engine_50265/em002_32_n3.nup HTTP/1.1" 200 373 "HTTP" ""
192.168.50.8 - arodriguez [26/Jul/2021:05:29:43 -0500] "GET http://update.eset.com/v3-eval-sta/mod_002_engine_50265/em002_32_n3.nup HTTP/1.1" 200 33480 "HTTP" ""
192.168.50.8 - arodriguez [26/Jul/2021:05:29:43 -0500] "HEAD http://update.eset.com/v3-eval-sta/mod_002_engine_50265/em002_32_n4.nup HTTP/1.1" 200 373 "HTTP" ""
192.168.50.8 - arodriguez [26/Jul/2021:05:29:43 -0500] "GET http://update.eset.com/v3-eval-sta/mod_002_engine_50265/em002_32_n4.nup HTTP/1.1" 200 36578 "HTTP" ""
192.168.50.8 - arodriguez [26/Jul/2021:05:29:44 -0500] "HEAD http://update.eset.com/v3-eval-sta/mod_002_engine_50265/em002_32_n5.nup HTTP/1.1" 200 373 "HTTP" ""
192.168.50.8 - arodriguez [26/Jul/2021:05:29:44 -0500] "GET http://update.eset.com/v3-eval-sta/mod_002_engine_50265/em002_32_n5.nup HTTP/1.1" 200 38328 "HTTP" ""
192.168.50.8 - arodriguez [26/Jul/2021:05:29:44 -0500] "HEAD http://update.eset.com/v3-eval-sta/mod_002_engine_50265/em002_32_n6.nup HTTP/1.1" 200 373 "HTTP" ""
192.168.50.8 - arodriguez [26/Jul/2021:05:29:44 -0500] "GET http://update.eset.com/v3-eval-sta/mod_002_engine_50265/em002_32_n6.nup HTTP/1.1" 200 43281 "HTTP" ""
192.168.50.8 - arodriguez [26/Jul/2021:05:29:44 -0500] "HEAD http://update.eset.com/v3-eval-sta/mod_002_engine_50265/em002_32_n7.nup HTTP/1.1" 200 373 "HTTP" ""
192.168.50.8 - arodriguez [26/Jul/2021:05:29:44 -0500] "GET http://update.eset.com/v3-eval-sta/mod_002_engine_50265/em002_32_n7.nup HTTP/1.1" 200 46715 "HTTP" ""
192.168.50.8 - arodriguez [26/Jul/2021:05:29:44 -0500] "HEAD http://update.eset.com/v3-eval-sta/mod_002_engine_50265/em002_32_n8.nup HTTP/1.1" 200 373 "HTTP" ""
192.168.50.8 - arodriguez [26/Jul/2021:05:29:44 -0500] "GET http://update.eset.com/v3-eval-sta/mod_002_engine_50265/em002_32_n8.nup HTTP/1.1" 200 49415 "HTTP" ""
192.168.50.8 - arodriguez [26/Jul/2021:05:29:45 -0500] "HEAD http://update.eset.com/v3-eval-sta/mod_002_engine_50265/em002_32_n9.nup HTTP/1.1" 200 373 "HTTP" ""
192.168.50.8 - arodriguez [26/Jul/2021:05:29:45 -0500] "GET http://update.eset.com/v3-eval-sta/mod_002_engine_50265/em002_32_n9.nup HTTP/1.1" 200 50688 "HTTP" ""
192.168.50.8 - arodriguez [26/Jul/2021:05:29:45 -0500] "HEAD http://update.eset.com/v3-eval-sta/mod_002_engine_50265/em002_32_n10.nup HTTP/1.1" 200 373 "HTTP" ""
192.168.50.8 - arodriguez [26/Jul/2021:05:29:45 -0500] "GET http://update.eset.com/v3-eval-sta/mod_002_engine_50265/em002_32_n10.nup HTTP/1.1" 200 53765 "HTTP" ""
192.168.50.8 - arodriguez [26/Jul/2021:05:29:45 -0500] "HEAD http://update.eset.com/v3-eval-sta/mod_002_engine_50265/em002_32_n11.nup HTTP/1.1" 200 373 "HTTP" ""
192.168.50.8 - arodriguez [26/Jul/2021:05:29:45 -0500] "GET http://update.eset.com/v3-eval-sta/mod_002_engine_50265/em002_32_n11.nup HTTP/1.1" 200 57527 "HTTP" ""
192.168.50.8 - arodriguez [26/Jul/2021:05:29:45 -0500] "HEAD http://update.eset.com/v3-eval-sta/mod_002_engine_50265/em002_32_n12.nup HTTP/1.1" 200 373 "HTTP" ""
192.168.50.8 - arodriguez [26/Jul/2021:05:29:45 -0500] "GET http://update.eset.com/v3-eval-sta/mod_002_engine_50265/em002_32_n12.nup HTTP/1.1" 200 62675 "HTTP" ""
192.168.50.8 - arodriguez [26/Jul/2021:05:29:45 -0500] "HEAD http://update.eset.com/v3-eval-sta/mod_002_engine_50265/em002_32_n13.nup HTTP/1.1" 200 374 "HTTP" ""
192.168.50.8 - arodriguez [26/Jul/2021:05:29:46 -0500] "GET http://update.eset.com/v3-eval-sta/mod_002_engine_50265/em002_32_n13.nup HTTP/1.1" 200 71706 "HTTP" ""
192.168.50.8 - arodriguez [26/Jul/2021:05:29:46 -0500] "HEAD http://update.eset.com/v3-eval-sta/mod_002_engine_50265/em002_32_n14.nup HTTP/1.1" 200 374 "HTTP" ""
192.168.50.8 - arodriguez [26/Jul/2021:05:29:46 -0500] "GET http://update.eset.com/v3-eval-sta/mod_002_engine_50265/em002_32_n14.nup HTTP/1.1" 200 79484 "HTTP" ""
192.168.50.8 - arodriguez [26/Jul/2021:05:29:46 -0500] "HEAD http://update.eset.com/v3-eval-sta/mod_002_engine_50265/em002_32_n15.nup HTTP/1.1" 200 374 "HTTP" ""
192.168.50.8 - arodriguez [26/Jul/2021:05:29:46 -0500] "GET http://update.eset.com/v3-eval-sta/mod_002_engine_50265/em002_32_n15.nup HTTP/1.1" 200 83499 "HTTP" ""
192.168.50.8 - arodriguez [26/Jul/2021:05:29:46 -0500] "HEAD http://update.eset.com/v3-eval-sta/mod_002_engine_50265/em002_32_n16.nup HTTP/1.1" 200 374 "HTTP" ""
192.168.50.8 - arodriguez [26/Jul/2021:05:29:46 -0500] "GET http://update.eset.com/v3-eval-sta/mod_002_engine_50265/em002_32_n16.nup HTTP/1.1" 200 86862 "HTTP" ""
192.168.50.8 - arodriguez [26/Jul/2021:05:29:46 -0500] "HEAD http://update.eset.com/v3-eval-sta/mod_002_engine_50265/em002_32_n17.nup HTTP/1.1" 200 374 "HTTP" ""
192.168.50.8 - arodriguez [26/Jul/2021:05:29:46 -0500] "GET http://update.eset.com/v3-eval-sta/mod_002_engine_50265/em002_32_n17.nup HTTP/1.1" 200 89675 "HTTP" ""
192.168.50.8 - arodriguez [26/Jul/2021:05:29:47 -0500] "HEAD http://update.eset.com/v3-eval-sta/mod_002_engine_50265/em002_32_n18.nup HTTP/1.1" 200 374 "HTTP" ""
192.168.50.8 - arodriguez [26/Jul/2021:05:29:47 -0500] "GET http://update.eset.com/v3-eval-sta/mod_002_engine_50265/em002_32_n18.nup HTTP/1.1" 200 95900 "HTTP" ""
192.168.50.8 - arodriguez [26/Jul/2021:05:29:47 -0500] "HEAD http://update.eset.com/v3-eval-sta/mod_002_engine_50265/em002_32_n19.nup HTTP/1.1" 200 375 "HTTP" ""
192.168.50.8 - arodriguez [26/Jul/2021:05:29:47 -0500] "GET http://update.eset.com/v3-eval-sta/mod_002_engine_50265/em002_32_n19.nup HTTP/1.1" 200 103885 "HTTP" ""
192.168.50.8 - arodriguez [26/Jul/2021:05:29:47 -0500] "HEAD http://update.eset.com/v3-eval-sta/mod_002_engine_50265/em002_32_n20.nup HTTP/1.1" 200 375 "HTTP" ""
192.168.50.8 - arodriguez [26/Jul/2021:05:29:47 -0500] "GET http://update.eset.com/v3-eval-sta/mod_002_engine_50265/em002_32_n20.nup HTTP/1.1" 200 116146 "HTTP" ""
192.168.50.8 - arodriguez [26/Jul/2021:05:29:48 -0500] "HEAD http://update.eset.com/v3-eval-sta/mod_023_pegasus_25324/em023_32_n2.nup HTTP/1.1" 200 375 "HTTP" ""
192.168.50.8 - arodriguez [26/Jul/2021:05:29:48 -0500] "GET http://update.eset.com/v3-eval-sta/mod_023_pegasus_25324/em023_32_n2.nup HTTP/1.1" 200 145981 "HTTP" ""
192.168.50.8 - arodriguez [26/Jul/2021:05:29:48 -0500] "HEAD http://update.eset.com/v3-eval-sta/mod_023_pegasus_25324/em023_32_n3.nup HTTP/1.1" 200 375 "HTTP" ""
192.168.50.8 - arodriguez [26/Jul/2021:05:29:48 -0500] "GET http://update.eset.com/v3-eval-sta/mod_023_pegasus_25324/em023_32_n3.nup HTTP/1.1" 200 199537 "HTTP" ""
192.168.50.8 - arodriguez [26/Jul/2021:05:29:48 -0500] "HEAD http://update.eset.com/v3-eval-sta/mod_023_pegasus_25324/em023_32_n4.nup HTTP/1.1" 200 375 "HTTP" ""
192.168.50.8 - arodriguez [26/Jul/2021:05:29:48 -0500] "GET http://update.eset.com/v3-eval-sta/mod_023_pegasus_25324/em023_32_n4.nup HTTP/1.1" 200 273626 "HTTP" ""
192.168.50.8 - arodriguez [26/Jul/2021:05:29:48 -0500] "HEAD http://update.eset.com/v3-eval-sta/mod_023_pegasus_25324/em023_32_n5.nup HTTP/1.1" 200 375 "HTTP" ""
192.168.50.8 - arodriguez [26/Jul/2021:05:29:48 -0500] "GET http://update.eset.com/v3-eval-sta/mod_023_pegasus_25324/em023_32_n5.nup HTTP/1.1" 200 278167 "HTTP" ""
192.168.50.8 - arodriguez [26/Jul/2021:05:29:49 -0500] "HEAD http://update.eset.com/v3-eval-sta/mod_023_pegasus_25324/em023_32_n6.nup HTTP/1.1" 200 375 "HTTP" ""
192.168.50.8 - arodriguez [26/Jul/2021:05:29:49 -0500] "GET http://update.eset.com/v3-eval-sta/mod_023_pegasus_25324/em023_32_n6.nup HTTP/1.1" 200 383174 "HTTP" ""
192.168.50.8 - arodriguez [26/Jul/2021:05:29:49 -0500] "HEAD http://update.eset.com/v3-eval-sta/mod_023_pegasus_25324/em023_32_n7.nup HTTP/1.1" 200 375 "HTTP" ""
192.168.50.8 - arodriguez [26/Jul/2021:05:29:49 -0500] "GET http://update.eset.com/v3-eval-sta/mod_023_pegasus_25324/em023_32_n7.nup HTTP/1.1" 200 440139 "HTTP" ""
192.168.50.8 - arodriguez [26/Jul/2021:05:29:49 -0500] "HEAD http://update.eset.com/v3-eval-sta/mod_023_pegasus_25324/em023_32_n8.nup HTTP/1.1" 200 375 "HTTP" ""
192.168.50.8 - arodriguez [26/Jul/2021:05:29:49 -0500] "GET http://update.eset.com/v3-eval-sta/mod_023_pegasus_25324/em023_32_n8.nup HTTP/1.1" 200 490009 "HTTP" ""
192.168.50.8 - arodriguez [26/Jul/2021:05:29:49 -0500] "HEAD http://update.eset.com/v3-eval-sta/mod_023_pegasus_25324/em023_32_n9.nup HTTP/1.1" 200 375 "HTTP" ""
192.168.50.8 - arodriguez [26/Jul/2021:05:29:50 -0500] "GET http://update.eset.com/v3-eval-sta/mod_023_pegasus_25324/em023_32_n9.nup HTTP/1.1" 200 515396 "HTTP" ""
192.168.50.8 - arodriguez [26/Jul/2021:05:29:50 -0500] "HEAD http://update.eset.com/v3-eval-sta/mod_023_pegasus_25324/em023_32_n10.nup HTTP/1.1" 200 375 "HTTP" ""
192.168.50.8 - arodriguez [26/Jul/2021:05:29:50 -0500] "GET http://update.eset.com/v3-eval-sta/mod_023_pegasus_25324/em023_32_n10.nup HTTP/1.1" 200 579670 "HTTP" ""
192.168.50.8 - arodriguez [26/Jul/2021:05:29:50 -0500] "HEAD http://update.eset.com/v3-eval-sta/mod_023_pegasus_25324/em023_32_n11.nup HTTP/1.1" 200 375 "HTTP" ""
192.168.50.8 - arodriguez [26/Jul/2021:05:29:50 -0500] "GET http://update.eset.com/v3-eval-sta/mod_023_pegasus_25324/em023_32_n11.nup HTTP/1.1" 200 621559 "HTTP" ""
192.168.50.8 - arodriguez [26/Jul/2021:05:29:50 -0500] "HEAD http://update.eset.com/v3-eval-sta/mod_023_pegasus_25324/em023_32_n12.nup HTTP/1.1" 200 375 "HTTP" ""
192.168.50.8 - arodriguez [26/Jul/2021:05:29:51 -0500] "GET http://update.eset.com/v3-eval-sta/mod_023_pegasus_25324/em023_32_n12.nup HTTP/1.1" 200 641182 "HTTP" ""
192.168.50.8 - arodriguez [26/Jul/2021:05:29:51 -0500] "HEAD http://update.eset.com/v3-eval-sta/mod_023_pegasus_25324/em023_32_n13.nup HTTP/1.1" 200 375 "HTTP" ""
192.168.50.8 - arodriguez [26/Jul/2021:05:29:51 -0500] "GET http://update.eset.com/v3-eval-sta/mod_023_pegasus_25324/em023_32_n13.nup HTTP/1.1" 200 670022 "HTTP" ""
192.168.50.8 - arodriguez [26/Jul/2021:05:29:51 -0500] "HEAD http://update.eset.com/v3-eval-sta/mod_023_pegasus_25324/em023_32_n14.nup HTTP/1.1" 200 375 "HTTP" ""
192.168.50.8 - arodriguez [26/Jul/2021:05:29:52 -0500] "GET http://update.eset.com/v3-eval-sta/mod_023_pegasus_25324/em023_32_n14.nup HTTP/1.1" 200 704488 "HTTP" ""
192.168.50.8 - arodriguez [26/Jul/2021:05:29:52 -0500] "HEAD http://update.eset.com/v3-eval-sta/mod_023_pegasus_25324/em023_32_n15.nup HTTP/1.1" 200 375 "HTTP" ""
192.168.50.8 - arodriguez [26/Jul/2021:05:29:52 -0500] "GET http://update.eset.com/v3-eval-sta/mod_023_pegasus_25324/em023_32_n15.nup HTTP/1.1" 200 741260 "HTTP" ""
192.168.50.8 - arodriguez [26/Jul/2021:05:29:52 -0500] "HEAD http://update.eset.com/v3-eval-sta/mod_023_pegasus_25324/em023_32_n16.nup HTTP/1.1" 200 375 "HTTP" ""
192.168.50.8 - arodriguez [26/Jul/2021:05:29:53 -0500] "GET http://update.eset.com/v3-eval-sta/mod_023_pegasus_25324/em023_32_n16.nup HTTP/1.1" 200 787056 "HTTP" ""
192.168.50.8 - arodriguez [26/Jul/2021:05:29:53 -0500] "HEAD http://update.eset.com/v3-eval-sta/mod_023_pegasus_25324/em023_32_n17.nup HTTP/1.1" 200 375 "HTTP" ""
192.168.50.8 - arodriguez [26/Jul/2021:05:29:53 -0500] "GET http://update.eset.com/v3-eval-sta/mod_023_pegasus_25324/em023_32_n17.nup HTTP/1.1" 200 829362 "HTTP" ""
192.168.50.8 - arodriguez [26/Jul/2021:05:29:53 -0500] "HEAD http://update.eset.com/v3-eval-sta/mod_023_pegasus_25324/em023_32_n18.nup HTTP/1.1" 200 375 "HTTP" ""
192.168.50.8 - arodriguez [26/Jul/2021:05:29:54 -0500] "GET http://update.eset.com/v3-eval-sta/mod_023_pegasus_25324/em023_32_n18.nup HTTP/1.1" 200 831733 "HTTP" ""
192.168.50.8 - arodriguez [26/Jul/2021:05:29:54 -0500] "HEAD http://update.eset.com/v3-eval-sta/mod_023_pegasus_25324/em023_32_n19.nup HTTP/1.1" 200 375 "HTTP" ""
192.168.50.8 - arodriguez [26/Jul/2021:05:29:54 -0500] "GET http://update.eset.com/v3-eval-sta/mod_023_pegasus_25324/em023_32_n19.nup HTTP/1.1" 200 862229 "HTTP" ""
192.168.50.8 - arodriguez [26/Jul/2021:05:29:54 -0500] "HEAD http://update.eset.com/v3-eval-sta/mod_023_pegasus_25324/em023_32_n20.nup HTTP/1.1" 200 375 "HTTP" ""
192.168.50.8 - arodriguez [26/Jul/2021:05:29:55 -0500] "GET http://update.eset.com/v3-eval-sta/mod_023_pegasus_25324/em023_32_n20.nup HTTP/1.1" 200 887920 "HTTP" ""
192.168.50.8 - arodriguez [26/Jul/2021:05:29:55 -0500] "HEAD http://update.eset.com/v3-eval-sta/mod_024_iris_1115/em024_32_n1.nup HTTP/1.1" 200 373 "HTTP" ""
192.168.50.8 - arodriguez [26/Jul/2021:05:29:55 -0500] "GET http://update.eset.com/v3-eval-sta/mod_024_iris_1115/em024_32_n1.nup HTTP/1.1" 200 29989 "HTTP" ""
192.168.50.8 - arodriguez [26/Jul/2021:05:29:55 -0500] "HEAD http://update.eset.com/v3-eval-sta/mod_024_iris_1115/em024_32_n2.nup HTTP/1.1" 200 374 "HTTP" ""
192.168.50.8 - arodriguez [26/Jul/2021:05:29:55 -0500] "GET http://update.eset.com/v3-eval-sta/mod_024_iris_1115/em024_32_n2.nup HTTP/1.1" 200 88690 "HTTP" ""
192.168.50.8 - arodriguez [26/Jul/2021:05:29:55 -0500] "HEAD http://update.eset.com/v3-eval-sta/mod_024_iris_1115/em024_32_n3.nup HTTP/1.1" 200 374 "HTTP" ""
192.168.50.8 - arodriguez [26/Jul/2021:05:29:55 -0500] "GET http://update.eset.com/v3-eval-sta/mod_024_iris_1115/em024_32_n3.nup HTTP/1.1" 200 87895 "HTTP" ""
192.168.50.8 - arodriguez [26/Jul/2021:05:29:55 -0500] "HEAD http://update.eset.com/v3-eval-sta/mod_024_iris_1115/em024_32_n5.nup HTTP/1.1" 200 373 "HTTP" ""
192.168.50.8 - arodriguez [26/Jul/2021:05:29:55 -0500] "GET http://update.eset.com/v3-eval-sta/mod_024_iris_1115/em024_32_n5.nup HTTP/1.1" 200 63843 "HTTP" ""
192.168.50.8 - arodriguez [26/Jul/2021:05:29:56 -0500] "HEAD http://update.eset.com/v3-eval-sta/mod_024_iris_1115/em024_32_n6.nup HTTP/1.1" 200 373 "HTTP" ""
192.168.50.8 - arodriguez [26/Jul/2021:05:29:56 -0500] "GET http://update.eset.com/v3-eval-sta/mod_024_iris_1115/em024_32_n6.nup HTTP/1.1" 200 63935 "HTTP" ""
192.168.50.8 - arodriguez [26/Jul/2021:05:29:56 -0500] "HEAD http://update.eset.com/v3-eval-sta/mod_024_iris_1115/em024_32_n7.nup HTTP/1.1" 200 374 "HTTP" ""
192.168.10.20 - arodriguez [26/Jul/2021:05:30:04 -0500] "CONNECT relay-1cb4b08e.net.anydesk.com:80 HTTP/1.1" 200 0 "HTTPS" "outgoing via 192.168.50.30"
192.168.10.20 - arodriguez [26/Jul/2021:05:30:33 -0500] "CONNECT relay-1cb4b08e.net.anydesk.com:80 HTTP/1.1" 200 0 "HTTPS" "outgoing via 192.168.50.30"
192.168.10.20 - arodriguez [26/Jul/2021:05:31:02 -0500] "CONNECT relay-1cb4b08e.net.anydesk.com:80 HTTP/1.1" 200 0 "HTTPS" "outgoing via 192.168.50.30"
192.168.5.58 - dunia.glez [26/Jul/2021:05:31:12 -0500] "CONNECT scontent-mia3-1.xx.fbcdn.net:443 HTTP/1.1" 200 0 "HTTPS" "outgoing via 192.168.50.30"
192.168.10.20 - arodriguez [26/Jul/2021:05:31:31 -0500] "CONNECT relay-1cb4b08e.net.anydesk.com:80 HTTP/1.1" 200 0 "HTTPS" "outgoing via 192.168.50.30"
192.168.10.20 - arodriguez [26/Jul/2021:05:32:00 -0500] "CONNECT relay-1cb4b08e.net.anydesk.com:80 HTTP/1.1" 200 0 "HTTPS" "outgoing via 192.168.50.30"
192.168.10.20 - arodriguez [26/Jul/2021:05:32:29 -0500] "CONNECT relay-1cb4b08e.net.anydesk.com:80 HTTP/1.1" 200 0 "HTTPS" "outgoing via 192.168.50.30"
192.168.10.20 - arodriguez [26/Jul/2021:05:32:58 -0500] "CONNECT relay-1cb4b08e.net.anydesk.com:80 HTTP/1.1" 200 0 "HTTPS" "outgoing via 192.168.50.30"
192.168.10.20 - arodriguez [26/Jul/2021:05:33:27 -0500] "CONNECT relay-1cb4b08e.net.anydesk.com:80 HTTP/1.1" 200 0 "HTTPS" "outgoing via 192.168.50.30"
192.168.1.29 - lazaro [26/Jul/2021:05:33:41 -0500] "CONNECT fonts.gstatic.com:443 HTTP/1.1" 200 0 "HTTPS" "outgoing via 192.168.50.30"
192.168.5.58 - dunia.glez [26/Jul/2021:05:33:42 -0500] "CONNECT scontent-mia3-2.xx.fbcdn.net:443 HTTP/1.1" 200 0 "HTTPS" "outgoing via 192.168.50.30"
192.168.10.20 - arodriguez [26/Jul/2021:05:33:56 -0500] "CONNECT relay-1cb4b08e.net.anydesk.com:80 HTTP/1.1" 200 0 "HTTPS" "outgoing via 192.168.50.30"
192.168.10.20 - arodriguez [26/Jul/2021:05:34:24 -0500] "CONNECT relay-1cb4b08e.net.anydesk.com:80 HTTP/1.1" 200 0 "HTTPS" "outgoing via 192.168.50.30"
192.168.1.29 - lazaro [26/Jul/2021:05:34:42 -0500] "CONNECT safebrowsing.googleapis.com:443 HTTP/1.1" 200 0 "HTTPS" "outgoing via 192.168.50.30"
192.168.10.20 - arodriguez [26/Jul/2021:05:34:53 -0500] "CONNECT relay-1cb4b08e.net.anydesk.com:80 HTTP/1.1" 200 0 "HTTPS" "outgoing via 192.168.50.30"
192.168.10.20 - arodriguez [26/Jul/2021:05:35:22 -0500] "CONNECT relay-1cb4b08e.net.anydesk.com:80 HTTP/1.1" 200 0 "HTTPS" "outgoing via 192.168.50.30"
192.168.10.20 - arodriguez [26/Jul/2021:05:35:51 -0500] "CONNECT relay-1cb4b08e.net.anydesk.com:80 HTTP/1.1" 200 0 "HTTPS" "outgoing via 192.168.50.30"
192.168.10.20 - arodriguez [26/Jul/2021:05:36:05 -0500] "CONNECT relay-f6106504.net.anydesk.com:80 HTTP/1.1" 200 0 "HTTPS" "outgoing via 192.168.50.30"
192.168.1.29 - lazaro [26/Jul/2021:05:36:07 -0500] "CONNECT safebrowsing.googleapis.com:443 HTTP/1.1" 200 0 "HTTPS" "outgoing via 192.168.50.30"
192.168.10.20 - arodriguez [26/Jul/2021:05:36:34 -0500] "CONNECT relay-f6106504.net.anydesk.com:80 HTTP/1.1" 200 0 "HTTPS" "outgoing via 192.168.50.30"
192.168.1.29 - lazaro [26/Jul/2021:05:36:41 -0500] "CONNECT r3---sn-xuxjn5-i58e.googlevideo.com:443 HTTP/1.1" 200 0 "HTTPS" "outgoing via 192.168.50.30"
192.168.1.29 - lazaro [26/Jul/2021:05:36:41 -0500] "CONNECT r3---sn-xuxjn5-i58e.googlevideo.com:443 HTTP/1.1" 200 0 "HTTPS" "outgoing via 192.168.50.30"
192.168.1.29 - lazaro [26/Jul/2021:05:36:41 -0500] "CONNECT r3---sn-xuxjn5-i58e.googlevideo.com:443 HTTP/1.1" 200 0 "HTTPS" "outgoing via 192.168.50.30"
192.168.1.29 - lazaro [26/Jul/2021:05:36:45 -0500] "CONNECT r3---sn-hp57ynl6.googlevideo.com:443 HTTP/1.1" 200 0 "HTTPS" "outgoing via 192.168.50.30"
192.168.1.29 - lazaro [26/Jul/2021:05:36:46 -0500] "CONNECT www.google.com:443 HTTP/1.1" 200 0 "HTTPS" "outgoing via 192.168.50.30"
192.168.1.29 - lazaro [26/Jul/2021:05:36:47 -0500] "CONNECT googleads.g.doubleclick.net:443 HTTP/1.1" 200 0 "HTTPS" "outgoing via 192.168.50.30"
192.168.1.29 - lazaro [26/Jul/2021:05:36:49 -0500] "CONNECT www.google.com.cu:443 HTTP/1.1" 200 0 "HTTPS" "outgoing via 192.168.50.30"
192.168.10.20 - arodriguez [26/Jul/2021:05:37:03 -0500] "CONNECT relay-f6106504.net.anydesk.com:80 HTTP/1.1" 200 0 "HTTPS" "outgoing via 192.168.50.30"
192.168.10.20 - arodriguez [26/Jul/2021:05:37:32 -0500] "CONNECT relay-f6106504.net.anydesk.com:80 HTTP/1.1" 200 0 "HTTPS" "outgoing via 192.168.50.30"
192.168.5.58 - dunia.glez [26/Jul/2021:05:37:44 -0500] "CONNECT safebrowsing.googleapis.com:443 HTTP/1.1" 200 0 "HTTPS" "outgoing via 192.168.50.30"
192.168.10.20 - arodriguez [26/Jul/2021:05:38:01 -0500] "CONNECT relay-f6106504.net.anydesk.com:80 HTTP/1.1" 200 0 "HTTPS" "outgoing via 192.168.50.30"
192.168.10.20 - arodriguez [26/Jul/2021:05:38:29 -0500] "CONNECT relay-f6106504.net.anydesk.com:80 HTTP/1.1" 200 0 "HTTPS" "outgoing via 192.168.50.30"
192.168.1.29 - lazaro [26/Jul/2021:05:38:41 -0500] "CONNECT i1.ytimg.com:443 HTTP/1.1" 200 0 "HTTPS" "outgoing via 192.168.50.30"
192.168.10.20 - arodriguez [26/Jul/2021:05:38:58 -0500] "CONNECT relay-f6106504.net.anydesk.com:80 HTTP/1.1" 200 0 "HTTPS" "outgoing via 192.168.50.30"
192.168.10.20 - arodriguez [26/Jul/2021:05:39:27 -0500] "CONNECT relay-f6106504.net.anydesk.com:80 HTTP/1.1" 200 0 "HTTPS" "outgoing via 192.168.50.30"
192.168.1.29 - lazaro [26/Jul/2021:05:39:50 -0500] "CONNECT r1---sn-xuxjn5-i58e.googlevideo.com:443 HTTP/1.1" 200 0 "HTTPS" "outgoing via 192.168.50.30"
192.168.1.29 - lazaro [26/Jul/2021:05:39:51 -0500] "CONNECT r1---sn-xuxjn5-i58e.googlevideo.com:443 HTTP/1.1" 200 0 "HTTPS" "outgoing via 192.168.50.30"
192.168.1.29 - lazaro [26/Jul/2021:05:39:51 -0500] "CONNECT r1---sn-xuxjn5-i58e.googlevideo.com:443 HTTP/1.1" 200 0 "HTTPS" "outgoing via 192.168.50.30"
192.168.1.29 - lazaro [26/Jul/2021:05:39:55 -0500] "CONNECT r1---sn-hp57kn6l.googlevideo.com:443 HTTP/1.1" 200 0 "HTTPS" "outgoing via 192.168.50.30"
192.168.1.29 - lazaro [26/Jul/2021:05:39:56 -0500] "CONNECT www.google.com:443 HTTP/1.1" 200 0 "HTTPS" "outgoing via 192.168.50.30"
192.168.1.29 - lazaro [26/Jul/2021:05:39:56 -0500] "CONNECT safebrowsing.googleapis.com:443 HTTP/1.1" 200 0 "HTTPS" "outgoing via 192.168.50.30"
192.168.10.20 - arodriguez [26/Jul/2021:05:39:56 -0500] "CONNECT relay-f6106504.net.anydesk.com:80 HTTP/1.1" 200 0 "HTTPS" "outgoing via 192.168.50.30"
192.168.1.29 - lazaro [26/Jul/2021:05:39:58 -0500] "CONNECT www.google.com.cu:443 HTTP/1.1" 200 0 "HTTPS" "outgoing via 192.168.50.30"
192.168.1.29 - lazaro [26/Jul/2021:05:39:58 -0500] "CONNECT googleads.g.doubleclick.net:443 HTTP/1.1" 200 0 "HTTPS" "outgoing via 192.168.50.30"
192.168.10.20 - arodriguez [26/Jul/2021:05:40:25 -0500] "CONNECT relay-f6106504.net.anydesk.com:80 HTTP/1.1" 200 0 "HTTPS" "outgoing via 192.168.50.30"
192.168.10.20 - arodriguez [26/Jul/2021:05:40:38 -0500] "CONNECT relay-bfb5e868.net.anydesk.com:80 HTTP/1.1" 200 0 "HTTPS" "outgoing via 192.168.50.30"
192.168.10.20 - arodriguez [26/Jul/2021:05:41:07 -0500] "CONNECT relay-bfb5e868.net.anydesk.com:80 HTTP/1.1" 200 0 "HTTPS" "outgoing via 192.168.50.30"
192.168.10.20 - arodriguez [26/Jul/2021:05:41:36 -0500] "CONNECT relay-bfb5e868.net.anydesk.com:80 HTTP/1.1" 200 0 "HTTPS" "outgoing via 192.168.50.30"
192.168.10.20 - arodriguez [26/Jul/2021:05:42:05 -0500] "CONNECT relay-bfb5e868.net.anydesk.com:80 HTTP/1.1" 200 0 "HTTPS" "outgoing via 192.168.50.30"
192.168.10.20 - arodriguez [26/Jul/2021:05:42:19 -0500] "CONNECT relay-0767eec0.net.anydesk.com:80 HTTP/1.1" 200 0 "HTTPS" "outgoing via 192.168.50.30"
192.168.10.20 - arodriguez [26/Jul/2021:05:42:48 -0500] "CONNECT relay-0767eec0.net.anydesk.com:80 HTTP/1.1" 200 0 "HTTPS" "outgoing via 192.168.50.30"
192.168.1.29 - lazaro [26/Jul/2021:05:43:08 -0500] "CONNECT yt3.ggpht.com:443 HTTP/1.1" 200 0 "HTTPS" "outgoing via 192.168.50.30"
192.168.1.29 - lazaro [26/Jul/2021:05:43:08 -0500] "CONNECT safebrowsing.googleapis.com:443 HTTP/1.1" 200 0 "HTTPS" "outgoing via 192.168.50.30"
192.168.1.29 - lazaro [26/Jul/2021:05:43:12 -0500] "CONNECT safebrowsing.googleapis.com:443 HTTP/1.1" 200 0 "HTTPS" "outgoing via 192.168.50.30"
192.168.10.20 - arodriguez [26/Jul/2021:05:43:17 -0500] "CONNECT relay-0767eec0.net.anydesk.com:80 HTTP/1.1" 200 0 "HTTPS" "outgoing via 192.168.50.30"
192.168.10.20 - arodriguez [26/Jul/2021:05:43:46 -0500] "CONNECT relay-0767eec0.net.anydesk.com:80 HTTP/1.1" 200 0 "HTTPS" "outgoing via 192.168.50.30"
192.168.5.58 - dunia.glez [26/Jul/2021:05:43:47 -0500] "CONNECT scontent-mia3-1.xx.fbcdn.net:443 HTTP/1.1" 200 0 "HTTPS" "outgoing via 192.168.50.30"
192.168.1.29 - lazaro [26/Jul/2021:05:43:55 -0500] "CONNECT safebrowsing.googleapis.com:443 HTTP/1.1" 200 0 "HTTPS" "outgoing via 192.168.50.30"
192.168.10.20 - arodriguez [26/Jul/2021:05:43:59 -0500] "CONNECT relay-49726057.net.anydesk.com:80 HTTP/1.1" 200 0 "HTTPS" "outgoing via 192.168.50.30"
192.168.1.29 - lazaro [26/Jul/2021:05:44:15 -0500] "CONNECT www.gstatic.com:443 HTTP/1.1" 200 0 "HTTPS" "outgoing via 192.168.50.30"
192.168.10.20 - arodriguez [26/Jul/2021:05:44:29 -0500] "CONNECT relay-49726057.net.anydesk.com:80 HTTP/1.1" 200 0 "HTTPS" "outgoing via 192.168.50.30"
192.168.1.29 - lazaro [26/Jul/2021:05:44:55 -0500] "CONNECT incoming.telemetry.mozilla.org:443 HTTP/1.1" 200 0 "HTTPS" "outgoing via 192.168.50.30"
192.168.10.20 - arodriguez [26/Jul/2021:05:44:58 -0500] "CONNECT relay-49726057.net.anydesk.com:80 HTTP/1.1" 200 0 "HTTPS" "outgoing via 192.168.50.30"
192.168.10.20 - arodriguez [26/Jul/2021:05:45:27 -0500] "CONNECT relay-49726057.net.anydesk.com:80 HTTP/1.1" 200 0 "HTTPS" "outgoing via 192.168.50.30"
192.168.10.20 - arodriguez [26/Jul/2021:05:45:55 -0500] "CONNECT relay-49726057.net.anydesk.com:80 HTTP/1.1" 200 0 "HTTPS" "outgoing via 192.168.50.30"
192.168.1.29 - lazaro [26/Jul/2021:05:46:15 -0500] "POST http://ocsp.pki.goog/gts1o1core HTTP/1.1" 200 849 "HTTP" ""
192.168.10.20 - arodriguez [26/Jul/2021:05:46:24 -0500] "CONNECT relay-49726057.net.anydesk.com:80 HTTP/1.1" 200 0 "HTTPS" "outgoing via 192.168.50.30"
192.168.10.20 - arodriguez [26/Jul/2021:05:46:38 -0500] "CONNECT relay-f4ae83b1.net.anydesk.com:80 HTTP/1.1" 200 0 "HTTPS" "outgoing via 192.168.50.30"
192.168.1.29 - lazaro [26/Jul/2021:05:46:51 -0500] "CONNECT incoming.telemetry.mozilla.org:443 HTTP/1.1" 200 0 "HTTPS" "outgoing via 192.168.50.30"
192.168.1.29 - lazaro [26/Jul/2021:05:46:51 -0500] "CONNECT incoming.telemetry.mozilla.org:443 HTTP/1.1" 200 0 "HTTPS" "outgoing via 192.168.50.30"
192.168.1.29 - lazaro [26/Jul/2021:05:46:55 -0500] "CONNECT www.youtube.com:443 HTTP/1.1" 200 0 "HTTPS" "outgoing via 192.168.50.30"
192.168.10.20 - arodriguez [26/Jul/2021:05:47:07 -0500] "CONNECT relay-f4ae83b1.net.anydesk.com:80 HTTP/1.1" 200 0 "HTTPS" "outgoing via 192.168.50.30"
192.168.1.29 - lazaro [26/Jul/2021:05:47:31 -0500] "CONNECT i.ytimg.com:443 HTTP/1.1" 200 0 "HTTPS" "outgoing via 192.168.50.30"
192.168.1.29 - lazaro [26/Jul/2021:05:47:31 -0500] "CONNECT i.ytimg.com:443 HTTP/1.1" 200 0 "HTTPS" "outgoing via 192.168.50.30"
192.168.1.29 - lazaro [26/Jul/2021:05:47:33 -0500] "CONNECT i.ytimg.com:443 HTTP/1.1" 200 0 "HTTPS" "outgoing via 192.168.50.30"
192.168.1.29 - lazaro [26/Jul/2021:05:47:34 -0500] "CONNECT i.ytimg.com:443 HTTP/1.1" 200 0 "HTTPS" "outgoing via 192.168.50.30"
192.168.1.29 - lazaro [26/Jul/2021:05:47:34 -0500] "CONNECT i.ytimg.com:443 HTTP/1.1" 200 0 "HTTPS" "outgoing via 192.168.50.30"
192.168.1.29 - lazaro [26/Jul/2021:05:47:34 -0500] "CONNECT i.ytimg.com:443 HTTP/1.1" 200 0 "HTTPS" "outgoing via 192.168.50.30"
192.168.10.20 - arodriguez [26/Jul/2021:05:47:36 -0500] "CONNECT relay-f4ae83b1.net.anydesk.com:80 HTTP/1.1" 200 0 "HTTPS" "outgoing via 192.168.50.30"
192.168.1.29 - lazaro [26/Jul/2021:05:47:37 -0500] "CONNECT i.ytimg.com:443 HTTP/1.1" 200 0 "HTTPS" "outgoing via 192.168.50.30"
192.168.1.29 - lazaro [26/Jul/2021:05:47:37 -0500] "CONNECT i.ytimg.com:443 HTTP/1.1" 200 0 "HTTPS" "outgoing via 192.168.50.30"
192.168.1.29 - lazaro [26/Jul/2021:05:47:38 -0500] "CONNECT i.ytimg.com:443 HTTP/1.1" 200 0 "HTTPS" "outgoing via 192.168.50.30"
192.168.1.29 - lazaro [26/Jul/2021:05:47:39 -0500] "CONNECT i.ytimg.com:443 HTTP/1.1" 200 0 "HTTPS" "outgoing via 192.168.50.30"
192.168.1.29 - lazaro [26/Jul/2021:05:47:57 -0500] "CONNECT yt3.ggpht.com:443 HTTP/1.1" 200 0 "HTTPS" "outgoing via 192.168.50.30"
192.168.1.29 - lazaro [26/Jul/2021:05:47:59 -0500] "CONNECT yt3.ggpht.com:443 HTTP/1.1" 200 0 "HTTPS" "outgoing via 192.168.50.30"
192.168.10.20 - arodriguez [26/Jul/2021:05:48:05 -0500] "CONNECT relay-f4ae83b1.net.anydesk.com:80 HTTP/1.1" 200 0 "HTTPS" "outgoing via 192.168.50.30"
192.168.10.20 - arodriguez [26/Jul/2021:05:48:33 -0500] "CONNECT relay-f4ae83b1.net.anydesk.com:80 HTTP/1.1" 200 0 "HTTPS" "outgoing via 192.168.50.30"
192.168.1.29 - lazaro [26/Jul/2021:05:48:51 -0500] "CONNECT safebrowsing.googleapis.com:443 HTTP/1.1" 200 0 "HTTPS" "outgoing via 192.168.50.30"
192.168.1.29 - lazaro [26/Jul/2021:05:48:52 -0500] "CONNECT incoming.telemetry.mozilla.org:443 HTTP/1.1" 200 0 "HTTPS" "outgoing via 192.168.50.30"
192.168.1.29 - lazaro [26/Jul/2021:05:48:52 -0500] "CONNECT incoming.telemetry.mozilla.org:443 HTTP/1.1" 200 0 "HTTPS" "outgoing via 192.168.50.30"
192.168.10.20 - arodriguez [26/Jul/2021:05:49:04 -0500] "CONNECT relay-f4ae83b1.net.anydesk.com:443 HTTP/1.1" 200 0 "HTTPS" "outgoing via 192.168.50.30"
192.168.1.29 - lazaro [26/Jul/2021:05:49:10 -0500] "CONNECT safebrowsing.googleapis.com:443 HTTP/1.1" 200 0 "HTTPS" "outgoing via 192.168.50.30"
192.168.1.29 - lazaro [26/Jul/2021:05:50:08 -0500] "CONNECT safebrowsing.googleapis.com:443 HTTP/1.1" 200 0 "HTTPS" "outgoing via 192.168.50.30"
192.168.10.20 - arodriguez [26/Jul/2021:05:54:18 -0500] "CONNECT relay-f4ae83b1.net.anydesk.com:80 HTTP/1.1" 200 0 "HTTPS" "outgoing via 192.168.50.30"
192.168.10.20 - arodriguez [26/Jul/2021:05:54:47 -0500] "CONNECT relay-f4ae83b1.net.anydesk.com:80 HTTP/1.1" 200 0 "HTTPS" "outgoing via 192.168.50.30"
192.168.10.20 - arodriguez [26/Jul/2021:05:55:16 -0500] "CONNECT relay-f4ae83b1.net.anydesk.com:80 HTTP/1.1" 200 0 "HTTPS" "outgoing via 192.168.50.30"
192.168.10.20 - arodriguez [26/Jul/2021:05:55:45 -0500] "CONNECT relay-f4ae83b1.net.anydesk.com:80 HTTP/1.1" 200 0 "HTTPS" "outgoing via 192.168.50.30"
192.168.10.20 - arodriguez [26/Jul/2021:05:56:14 -0500] "CONNECT relay-f4ae83b1.net.anydesk.com:80 HTTP/1.1" 200 0 "HTTPS" "outgoing via 192.168.50.30"
192.168.10.20 - arodriguez [26/Jul/2021:05:56:28 -0500] "CONNECT relay-89970c8c.net.anydesk.com:80 HTTP/1.1" 200 0 "HTTPS" "outgoing via 192.168.50.30"
192.168.10.20 - arodriguez [26/Jul/2021:05:56:56 -0500] "CONNECT relay-89970c8c.net.anydesk.com:80 HTTP/1.1" 200 0 "HTTPS" "outgoing via 192.168.50.30"
192.168.10.20 - arodriguez [26/Jul/2021:05:57:25 -0500] "CONNECT relay-89970c8c.net.anydesk.com:80 HTTP/1.1" 200 0 "HTTPS" "outgoing via 192.168.50.30"
