192.168.1.14 - herminio [13/Aug/2021:08:42:00 -0500] "CONNECT googleads.g.doubleclick.net:443 HTTP/1.1" 200 0 "HTTPS" "outgoing via 192.168.50.30"
192.168.5.75 - rosa [13/Aug/2021:08:42:01 -0500] "CONNECT video-mia3-1.xx.fbcdn.net:443 HTTP/1.1" 200 0 "HTTPS" "outgoing via 192.168.50.30"
192.168.5.75 - rosa [13/Aug/2021:08:42:01 -0500] "CONNECT video-mia3-1.xx.fbcdn.net:443 HTTP/1.1" 200 0 "HTTPS" "outgoing via 192.168.50.30"
192.168.5.75 - rosa [13/Aug/2021:08:42:01 -0500] "CONNECT video-mia3-1.xx.fbcdn.net:443 HTTP/1.1" 200 0 "HTTPS" "outgoing via 192.168.50.30"
192.168.6.34 - amorgado [13/Aug/2021:08:42:03 -0500] "CONNECT ssl.gstatic.com:443 HTTP/1.1" 200 0 "HTTPS" "outgoing via 192.168.50.30"
192.168.1.31 - eileen [13/Aug/2021:08:42:04 -0500] "CONNECT sb.scorecardresearch.com:443 HTTP/1.1" 200 0 "HTTPS" "outgoing via 192.168.50.30"
192.168.1.31 - eileen [13/Aug/2021:08:42:04 -0500] "GET http://detectportal.firefox.com/success.txt HTTP/1.1" 200 362 "HTTP" ""
192.168.1.31 - eileen [13/Aug/2021:08:42:04 -0500] "CONNECT fc.yahoo.com:443 HTTP/1.1" 200 0 "HTTPS" "outgoing via 192.168.50.30"
192.168.5.75 - rosa [13/Aug/2021:08:42:05 -0500] "CONNECT scontent.xx.fbcdn.net:443 HTTP/1.1" 200 0 "HTTPS" "outgoing via 192.168.50.30"
192.168.5.75 - rosa [13/Aug/2021:08:42:05 -0500] "CONNECT scontent.xx.fbcdn.net:443 HTTP/1.1" 200 0 "HTTPS" "outgoing via 192.168.50.30"
192.168.5.75 - rosa [13/Aug/2021:08:42:05 -0500] "CONNECT scontent.xx.fbcdn.net:443 HTTP/1.1" 200 0 "HTTPS" "outgoing via 192.168.50.30"
192.168.5.75 - rosa [13/Aug/2021:08:42:05 -0500] "CONNECT scontent.xx.fbcdn.net:443 HTTP/1.1" 200 0 "HTTPS" "outgoing via 192.168.50.30"
192.168.5.75 - rosa [13/Aug/2021:08:42:05 -0500] "CONNECT scontent.xx.fbcdn.net:443 HTTP/1.1" 200 0 "HTTPS" "outgoing via 192.168.50.30"
192.168.5.75 - rosa [13/Aug/2021:08:42:05 -0500] "CONNECT scontent.xx.fbcdn.net:443 HTTP/1.1" 200 0 "HTTPS" "outgoing via 192.168.50.30"
192.168.1.31 - eileen [13/Aug/2021:08:42:05 -0500] "CONNECT sb.scorecardresearch.com:443 HTTP/1.1" 200 0 "HTTPS" "outgoing via 192.168.50.30"
192.168.1.31 - eileen [13/Aug/2021:08:42:05 -0500] "GET http://detectportal.firefox.com/success.txt HTTP/1.1" 200 362 "HTTP" ""
192.168.1.31 - eileen [13/Aug/2021:08:42:06 -0500] "CONNECT 24.at.atwola.com:443 HTTP/1.1" 200 0 "HTTPS" "outgoing via 192.168.50.30"
192.168.1.31 - eileen [13/Aug/2021:08:42:06 -0500] "CONNECT pr-bh.ybp.yahoo.com:443 HTTP/1.1" 200 0 "HTTPS" "outgoing via 192.168.50.30"
192.168.1.31 - eileen [13/Aug/2021:08:42:06 -0500] "CONNECT cms.analytics.yahoo.com:443 HTTP/1.1" 200 0 "HTTPS" "outgoing via 192.168.50.30"
192.168.1.31 - eileen [13/Aug/2021:08:42:07 -0500] "CONNECT pixel.advertising.com:443 HTTP/1.1" 200 0 "HTTPS" "outgoing via 192.168.50.30"
192.168.1.14 - herminio [13/Aug/2021:08:42:08 -0500] "CONNECT adservice.google.com:443 HTTP/1.1" 200 0 "HTTPS" "outgoing via 192.168.50.30"
192.168.1.31 - eileen [13/Aug/2021:08:42:08 -0500] "CONNECT audex.userreport.com:443 HTTP/1.1" 200 0 "HTTPS" "outgoing via 192.168.50.30"
192.168.1.31 - eileen [13/Aug/2021:08:42:08 -0500] "CONNECT apis.mail.yahoo.com:443 HTTP/1.1" 200 0 "HTTPS" "outgoing via 192.168.50.30"
192.168.1.31 - eileen [13/Aug/2021:08:42:08 -0500] "CONNECT tags.bluekai.com:443 HTTP/1.1" 200 0 "HTTPS" "outgoing via 192.168.50.30"
192.168.1.31 - eileen [13/Aug/2021:08:42:08 -0500] "CONNECT dpm.demdex.net:443 HTTP/1.1" 200 0 "HTTPS" "outgoing via 192.168.50.30"
192.168.1.31 - eileen [13/Aug/2021:08:42:08 -0500] "CONNECT aa.agkn.com:443 HTTP/1.1" 200 0 "HTTPS" "outgoing via 192.168.50.30"
192.168.1.31 - eileen [13/Aug/2021:08:42:08 -0500] "GET http://detectportal.firefox.com/success.txt HTTP/1.1" 200 362 "HTTP" ""
192.168.1.31 - eileen [13/Aug/2021:08:42:09 -0500] "POST http://ocsp.digicert.com/ HTTP/1.1" 200 947 "HTTP" ""
192.168.1.14 - herminio [13/Aug/2021:08:42:09 -0500] "CONNECT es-la.facebook.com:443 HTTP/1.1" 200 0 "HTTPS" "outgoing via 192.168.50.30"
192.168.1.31 - eileen [13/Aug/2021:08:42:09 -0500] "CONNECT ups.analytics.yahoo.com:443 HTTP/1.1" 200 0 "HTTPS" "outgoing via 192.168.50.30"
192.168.1.14 - herminio [13/Aug/2021:08:42:09 -0500] "POST http://ocsp.pki.goog/gts1c3 HTTP/1.1" 200 850 "HTTP" ""
192.168.1.31 - eileen [13/Aug/2021:08:42:10 -0500] "CONNECT cms.analytics.yahoo.com:443 HTTP/1.1" 200 0 "HTTPS" "outgoing via 192.168.50.30"
192.168.1.14 - herminio [13/Aug/2021:08:42:10 -0500] "CONNECT www.facebook.com:443 HTTP/1.1" 200 0 "HTTPS" "outgoing via 192.168.50.30"
192.168.1.31 - eileen [13/Aug/2021:08:42:10 -0500] "CONNECT pr-bh.ybp.yahoo.com:443 HTTP/1.1" 200 0 "HTTPS" "outgoing via 192.168.50.30"
192.168.1.14 - herminio [13/Aug/2021:08:42:12 -0500] "CONNECT static.xx.fbcdn.net:443 HTTP/1.1" 200 0 "HTTPS" "outgoing via 192.168.50.30"
192.168.1.14 - herminio [13/Aug/2021:08:42:12 -0500] "CONNECT static.xx.fbcdn.net:443 HTTP/1.1" 200 0 "HTTPS" "outgoing via 192.168.50.30"
192.168.1.14 - herminio [13/Aug/2021:08:42:12 -0500] "CONNECT static.xx.fbcdn.net:443 HTTP/1.1" 200 0 "HTTPS" "outgoing via 192.168.50.30"
192.168.1.14 - herminio [13/Aug/2021:08:42:12 -0500] "CONNECT static.xx.fbcdn.net:443 HTTP/1.1" 200 0 "HTTPS" "outgoing via 192.168.50.30"
192.168.1.14 - herminio [13/Aug/2021:08:42:12 -0500] "CONNECT static.xx.fbcdn.net:443 HTTP/1.1" 200 0 "HTTPS" "outgoing via 192.168.50.30"
192.168.1.14 - herminio [13/Aug/2021:08:42:12 -0500] "CONNECT static.xx.fbcdn.net:443 HTTP/1.1" 200 0 "HTTPS" "outgoing via 192.168.50.30"
192.168.1.31 - eileen [13/Aug/2021:08:42:14 -0500] "CONNECT pixel.advertising.com:443 HTTP/1.1" 200 0 "HTTPS" "outgoing via 192.168.50.30"
192.168.10.20 - arodriguez [13/Aug/2021:08:42:15 -0500] "CONNECT relay-bfcb38ab.net.anydesk.com:80 HTTP/1.1" 200 0 "HTTPS" "outgoing via 192.168.50.30"
192.168.6.34 - amorgado [13/Aug/2021:08:42:15 -0500] "CONNECT mtalk.google.com:5228 HTTP/1.1" 200 0 "HTTPS" "outgoing via 192.168.50.30"
192.168.1.31 - eileen [13/Aug/2021:08:42:16 -0500] "CONNECT ups.analytics.yahoo.com:443 HTTP/1.1" 200 0 "HTTPS" "outgoing via 192.168.50.30"
192.168.6.34 - amorgado [13/Aug/2021:08:42:21 -0500] "CONNECT stats.g.doubleclick.net:443 HTTP/1.1" 200 0 "HTTPS" "outgoing via 192.168.50.30"
192.168.1.14 - herminio [13/Aug/2021:08:42:22 -0500] "CONNECT scontent-mia3-2.xx.fbcdn.net:443 HTTP/1.1" 200 0 "HTTPS" "outgoing via 192.168.50.30"
192.168.1.14 - herminio [13/Aug/2021:08:42:22 -0500] "CONNECT scontent-mia3-1.xx.fbcdn.net:443 HTTP/1.1" 200 0 "HTTPS" "outgoing via 192.168.50.30"
192.168.1.14 - herminio [13/Aug/2021:08:42:22 -0500] "CONNECT scontent-mia3-1.xx.fbcdn.net:443 HTTP/1.1" 200 0 "HTTPS" "outgoing via 192.168.50.30"
192.168.1.14 - herminio [13/Aug/2021:08:42:22 -0500] "CONNECT scontent-mia3-1.xx.fbcdn.net:443 HTTP/1.1" 200 0 "HTTPS" "outgoing via 192.168.50.30"
192.168.1.14 - herminio [13/Aug/2021:08:42:22 -0500] "CONNECT scontent-mia3-1.xx.fbcdn.net:443 HTTP/1.1" 200 0 "HTTPS" "outgoing via 192.168.50.30"
192.168.1.14 - herminio [13/Aug/2021:08:42:22 -0500] "CONNECT scontent-mia3-2.xx.fbcdn.net:443 HTTP/1.1" 200 0 "HTTPS" "outgoing via 192.168.50.30"
192.168.1.14 - herminio [13/Aug/2021:08:42:22 -0500] "CONNECT scontent-mia3-2.xx.fbcdn.net:443 HTTP/1.1" 200 0 "HTTPS" "outgoing via 192.168.50.30"
192.168.1.14 - herminio [13/Aug/2021:08:42:22 -0500] "CONNECT scontent-mia3-1.xx.fbcdn.net:443 HTTP/1.1" 200 0 "HTTPS" "outgoing via 192.168.50.30"
192.168.1.14 - herminio [13/Aug/2021:08:42:22 -0500] "CONNECT scontent-mia3-1.xx.fbcdn.net:443 HTTP/1.1" 200 0 "HTTPS" "outgoing via 192.168.50.30"
192.168.1.14 - herminio [13/Aug/2021:08:42:22 -0500] "CONNECT scontent-mia3-2.xx.fbcdn.net:443 HTTP/1.1" 200 0 "HTTPS" "outgoing via 192.168.50.30"
192.168.1.14 - herminio [13/Aug/2021:08:42:22 -0500] "CONNECT scontent-mia3-2.xx.fbcdn.net:443 HTTP/1.1" 200 0 "HTTPS" "outgoing via 192.168.50.30"
192.168.1.14 - herminio [13/Aug/2021:08:42:22 -0500] "CONNECT scontent-mia3-2.xx.fbcdn.net:443 HTTP/1.1" 200 0 "HTTPS" "outgoing via 192.168.50.30"
192.168.6.34 - amorgado [13/Aug/2021:08:42:22 -0500] "GET http://toolbarqueries.google.com/tbr?client=navclient-auto&features=Rank&ch=61529054447&q=info:cafelafm.com HTTP/1.1" 200 1867 "HTTP" "Error 404 (Not Found)!!1"
192.168.1.14 - herminio [13/Aug/2021:08:42:23 -0500] "POST http://ocsp.digicert.com/ HTTP/1.1" 200 947 "HTTP" ""
192.168.6.34 - amorgado [13/Aug/2021:08:42:23 -0500] "CONNECT stats.g.doubleclick.net:443 HTTP/1.1" 200 0 "HTTPS" "outgoing via 192.168.50.30"
192.168.1.14 - herminio [13/Aug/2021:08:42:25 -0500] "CONNECT scontent.xx.fbcdn.net:443 HTTP/1.1" 200 0 "HTTPS" "outgoing via 192.168.50.30"
192.168.6.34 - amorgado [13/Aug/2021:08:42:25 -0500] "CONNECT secure.gravatar.com:443 HTTP/1.1" 200 0 "HTTPS" "outgoing via 192.168.50.30"
192.168.6.34 - amorgado [13/Aug/2021:08:42:26 -0500] "CONNECT safebrowsing.googleapis.com:443 HTTP/1.1" 200 0 "HTTPS" "outgoing via 192.168.50.30"
192.168.6.34 - amorgado [13/Aug/2021:08:42:26 -0500] "CONNECT safebrowsing.googleapis.com:443 HTTP/1.1" 200 0 "HTTPS" "outgoing via 192.168.50.30"
192.168.6.34 - amorgado [13/Aug/2021:08:42:34 -0500] "GET http://toolbarqueries.google.com/tbr?client=navclient-auto&features=Rank&ch=6565329338&q=info:https://cafelafm.com/wp-admin/post.php?post=451&action=edit&message=1 HTTP/1.1" 200 1867 "HTTP" "Error 404 (Not Found)!!1"
192.168.5.75 - rosa [13/Aug/2021:08:42:36 -0500] "CONNECT external-mia3-2.xx.fbcdn.net:443 HTTP/1.1" 200 0 "HTTPS" "outgoing via 192.168.50.30"
192.168.1.31 - eileen [13/Aug/2021:08:42:41 -0500] "CONNECT pr-bh.ybp.yahoo.com:443 HTTP/1.1" 200 0 "HTTPS" "outgoing via 192.168.50.30"
192.168.1.31 - eileen [13/Aug/2021:08:42:42 -0500] "CONNECT uipglob.semasio.net:443 HTTP/1.1" 200 0 "HTTPS" "outgoing via 192.168.50.30"
192.168.1.31 - eileen [13/Aug/2021:08:42:42 -0500] "POST http://status.rapidssl.com/ HTTP/1.1" 200 947 "HTTP" ""
192.168.1.31 - eileen [13/Aug/2021:08:42:43 -0500] "CONNECT uipglob.semasio.net:443 HTTP/1.1" 200 0 "HTTPS" "outgoing via 192.168.50.30"
192.168.10.20 - arodriguez [13/Aug/2021:08:42:44 -0500] "CONNECT relay-bfcb38ab.net.anydesk.com:80 HTTP/1.1" 200 0 "HTTPS" "outgoing via 192.168.50.30"
192.168.1.14 - herminio [13/Aug/2021:08:42:45 -0500] "CONNECT api.accounts.firefox.com:443 HTTP/1.1" 200 0 "HTTPS" "outgoing via 192.168.50.30"
192.168.6.34 - amorgado [13/Aug/2021:08:42:46 -0500] "GET http://toolbarqueries.google.com/tbr?client=navclient-auto&features=Rank&ch=61529054447&q=info:cafelafm.com HTTP/1.1" 200 1867 "HTTP" "Error 404 (Not Found)!!1"
192.168.1.14 - herminio [13/Aug/2021:08:42:47 -0500] "CONNECT scontent.xx.fbcdn.net:443 HTTP/1.1" 200 0 "HTTPS" "outgoing via 192.168.50.30"
192.168.1.14 - herminio [13/Aug/2021:08:42:47 -0500] "CONNECT scontent.xx.fbcdn.net:443 HTTP/1.1" 200 0 "HTTPS" "outgoing via 192.168.50.30"
192.168.1.14 - herminio [13/Aug/2021:08:42:47 -0500] "CONNECT scontent.xx.fbcdn.net:443 HTTP/1.1" 200 0 "HTTPS" "outgoing via 192.168.50.30"
192.168.1.14 - herminio [13/Aug/2021:08:42:47 -0500] "CONNECT scontent.xx.fbcdn.net:443 HTTP/1.1" 200 0 "HTTPS" "outgoing via 192.168.50.30"
192.168.1.14 - herminio [13/Aug/2021:08:42:47 -0500] "CONNECT scontent.xx.fbcdn.net:443 HTTP/1.1" 200 0 "HTTPS" "outgoing via 192.168.50.30"
192.168.1.14 - herminio [13/Aug/2021:08:42:47 -0500] "CONNECT scontent.xx.fbcdn.net:443 HTTP/1.1" 200 0 "HTTPS" "outgoing via 192.168.50.30"
192.168.5.75 - rosa [13/Aug/2021:08:42:52 -0500] "CONNECT safebrowsing.googleapis.com:443 HTTP/1.1" 200 0 "HTTPS" "outgoing via 192.168.50.30"
192.168.1.14 - herminio [13/Aug/2021:08:42:55 -0500] "CONNECT googleads.g.doubleclick.net:443 HTTP/1.1" 200 0 "HTTPS" "outgoing via 192.168.50.30"
192.168.1.14 - herminio [13/Aug/2021:08:42:55 -0500] "GET http://detectportal.firefox.com/canonical.html HTTP/1.1" 200 444 "HTTP" ""
192.168.1.14 - herminio [13/Aug/2021:08:42:55 -0500] "GET http://detectportal.firefox.com/success.txt?ipv4 HTTP/1.1" 200 362 "HTTP" ""
192.168.6.34 - amorgado [13/Aug/2021:08:42:57 -0500] "GET http://toolbarqueries.google.com/tbr?client=navclient-auto&features=Rank&ch=63717615871&q=info:https://cafelafm.com/wp-admin/post.php?post=451&action=edit HTTP/1.1" 200 1867 "HTTP" "Error 404 (Not Found)!!1"
192.168.5.75 - rosa [13/Aug/2021:08:42:58 -0500] "CONNECT edge-chat.facebook.com:443 HTTP/1.1" 200 0 "HTTPS" "outgoing via 192.168.50.30"
192.168.1.3 - madai [13/Aug/2021:08:42:59 -0500] "CONNECT video-mia3-1.xx.fbcdn.net:443 HTTP/1.1" 200 0 "HTTPS" "outgoing via 192.168.50.30"
192.168.1.3 - madai [13/Aug/2021:08:42:59 -0500] "CONNECT video-mia3-2.xx.fbcdn.net:443 HTTP/1.1" 200 0 "HTTPS" "outgoing via 192.168.50.30"
192.168.1.14 - herminio [13/Aug/2021:08:43:02 -0500] "CONNECT safebrowsing.googleapis.com:443 HTTP/1.1" 200 0 "HTTPS" "outgoing via 192.168.50.30"
192.168.6.34 - amorgado [13/Aug/2021:08:43:03 -0500] "CONNECT www.facebook.com:443 HTTP/1.1" 200 0 "HTTPS" "outgoing via 192.168.50.30"
192.168.6.34 - amorgado [13/Aug/2021:08:43:09 -0500] "GET http://toolbarqueries.google.com/tbr?client=navclient-auto&features=Rank&ch=61529054447&q=info:cafelafm.com HTTP/1.1" 200 1867 "HTTP" "Error 404 (Not Found)!!1"
192.168.1.14 - herminio [13/Aug/2021:08:43:11 -0500] "CONNECT aus5.mozilla.org:443 HTTP/1.1" 200 0 "HTTPS" "outgoing via 192.168.50.30"
192.168.1.14 - herminio [13/Aug/2021:08:43:11 -0500] "POST http://ocsp.digicert.com/ HTTP/1.1" 200 947 "HTTP" ""
192.168.1.14 - herminio [13/Aug/2021:08:43:12 -0500] "CONNECT download.mozilla.org:443 HTTP/1.1" 200 0 "HTTPS" "outgoing via 192.168.50.30"
192.168.1.14 - herminio [13/Aug/2021:08:43:12 -0500] "POST http://ocsp.digicert.com/ HTTP/1.1" 200 947 "HTTP" ""
192.168.10.20 - arodriguez [13/Aug/2021:08:43:13 -0500] "CONNECT relay-bfcb38ab.net.anydesk.com:80 HTTP/1.1" 200 0 "HTTPS" "outgoing via 192.168.50.30"
192.168.1.14 - herminio [13/Aug/2021:08:43:14 -0500] "CONNECT download-installer.cdn.mozilla.net:443 HTTP/1.1" 200 0 "HTTPS" "outgoing via 192.168.50.30"
192.168.6.34 - amorgado [13/Aug/2021:08:43:19 -0500] "CONNECT secure.gravatar.com:443 HTTP/1.1" 200 0 "HTTPS" "outgoing via 192.168.50.30"
192.168.6.34 - amorgado [13/Aug/2021:08:43:23 -0500] "GET http://toolbarqueries.google.com/tbr?client=navclient-auto&features=Rank&ch=6565329338&q=info:https://cafelafm.com/wp-admin/post.php?post=451&action=edit&message=1 HTTP/1.1" 200 1867 "HTTP" "Error 404 (Not Found)!!1"
192.168.1.3 - madai [13/Aug/2021:08:43:25 -0500] "CONNECT blocklists.settings.services.mozilla.com:443 HTTP/1.1" 200 0 "HTTPS" "outgoing via 192.168.50.30"
192.168.10.20 - arodriguez [13/Aug/2021:08:43:26 -0500] "CONNECT relay-9ec84ff7.net.anydesk.com:80 HTTP/1.1" 200 0 "HTTPS" "outgoing via 192.168.50.30"
192.168.1.3 - madai [13/Aug/2021:08:43:27 -0500] "CONNECT blocklists.settings.services.mozilla.com:443 HTTP/1.1" 200 0 "HTTPS" "outgoing via 192.168.50.30"
192.168.1.14 - herminio [13/Aug/2021:08:43:28 -0500] "CONNECT edge-chat.facebook.com:443 HTTP/1.1" 200 0 "HTTPS" "outgoing via 192.168.50.30"
192.168.5.75 - rosa [13/Aug/2021:08:43:32 -0500] "POST http://ocsp.digicert.com/ HTTP/1.1" 200 947 "HTTP" ""
192.168.6.34 - amorgado [13/Aug/2021:08:43:34 -0500] "GET http://toolbarqueries.google.com/tbr?client=navclient-auto&features=Rank&ch=61529054447&q=info:cafelafm.com HTTP/1.1" 200 1867 "HTTP" "Error 404 (Not Found)!!1"
192.168.5.75 - rosa [13/Aug/2021:08:43:39 -0500] "POST http://ocsp.digicert.com/ HTTP/1.1" 200 947 "HTTP" ""
192.168.5.75 - rosa [13/Aug/2021:08:43:39 -0500] "POST http://ocsp.digicert.com/ HTTP/1.1" 200 947 "HTTP" ""
192.168.5.75 - rosa [13/Aug/2021:08:43:39 -0500] "POST http://ocsp.digicert.com/ HTTP/1.1" 200 947 "HTTP" ""
192.168.5.75 - rosa [13/Aug/2021:08:43:39 -0500] "POST http://ocsp.digicert.com/ HTTP/1.1" 200 947 "HTTP" ""
192.168.5.75 - rosa [13/Aug/2021:08:43:39 -0500] "POST http://ocsp.digicert.com/ HTTP/1.1" 200 947 "HTTP" ""
192.168.1.31 - eileen [13/Aug/2021:08:43:41 -0500] "CONNECT x.bidswitch.net:443 HTTP/1.1" 200 0 "HTTPS" "outgoing via 192.168.50.30"
192.168.6.34 - amorgado [13/Aug/2021:08:43:47 -0500] "GET http://toolbarqueries.google.com/tbr?client=navclient-auto&features=Rank&ch=63717615871&q=info:https://cafelafm.com/wp-admin/post.php?post=451&action=edit HTTP/1.1" 200 1867 "HTTP" "Error 404 (Not Found)!!1"
192.168.1.3 - madai [13/Aug/2021:08:43:50 -0500] "CONNECT external-mia3-2.xx.fbcdn.net:443 HTTP/1.1" 200 0 "HTTPS" "outgoing via 192.168.50.30"
192.168.1.31 - eileen [13/Aug/2021:08:43:52 -0500] "CONNECT pr-bh.ybp.yahoo.com:443 HTTP/1.1" 200 0 "HTTPS" "outgoing via 192.168.50.30"
192.168.1.31 - eileen [13/Aug/2021:08:43:53 -0500] "CONNECT token.rubiconproject.com:443 HTTP/1.1" 200 0 "HTTPS" "outgoing via 192.168.50.30"
192.168.1.31 - eileen [13/Aug/2021:08:43:54 -0500] "POST http://ocsp.globalsign.com/gsgccr3dvtlsca2020 HTTP/1.1" 200 2028 "HTTP" ""
192.168.6.34 - amorgado [13/Aug/2021:08:43:58 -0500] "CONNECT signaler-pa.googleapis.com:443 HTTP/1.1" 200 0 "HTTPS" "outgoing via 192.168.50.30"
192.168.6.34 - amorgado [13/Aug/2021:08:43:59 -0500] "GET http://toolbarqueries.google.com/tbr?client=navclient-auto&features=Rank&ch=61529054447&q=info:cafelafm.com HTTP/1.1" 200 1867 "HTTP" "Error 404 (Not Found)!!1"
192.168.1.3 - madai [13/Aug/2021:08:44:08 -0500] "CONNECT scontent.xx.fbcdn.net:443 HTTP/1.1" 200 0 "HTTPS" "outgoing via 192.168.50.30"
192.168.6.34 - amorgado [13/Aug/2021:08:44:10 -0500] "GET http://toolbarqueries.google.com/tbr?client=navclient-auto&features=Rank&ch=61960281292&q=info:https://cafelafm.com/wp-admin/post.php?post=448&action=edit&message=1 HTTP/1.1" 200 1867 "HTTP" "Error 404 (Not Found)!!1"
192.168.6.34 - amorgado [13/Aug/2021:08:44:14 -0500] "CONNECT www.facebook.com:443 HTTP/1.1" 200 0 "HTTPS" "outgoing via 192.168.50.30"
192.168.6.34 - amorgado [13/Aug/2021:08:44:16 -0500] "CONNECT www.facebook.com:443 HTTP/1.1" 200 0 "HTTPS" "outgoing via 192.168.50.30"
192.168.6.34 - amorgado [13/Aug/2021:08:44:19 -0500] "CONNECT orion.managewp.com:443 HTTP/1.1" 200 0 "HTTPS" "outgoing via 192.168.50.30"
192.168.6.34 - amorgado [13/Aug/2021:08:44:22 -0500] "GET http://toolbarqueries.google.com/tbr?client=navclient-auto&features=Rank&ch=61529054447&q=info:cafelafm.com HTTP/1.1" 200 1867 "HTTP" "Error 404 (Not Found)!!1"
192.168.1.14 - herminio [13/Aug/2021:08:44:23 -0500] "POST http://ocsp.digicert.com/ HTTP/1.1" 200 947 "HTTP" ""
192.168.1.14 - herminio [13/Aug/2021:08:44:23 -0500] "POST http://ocsp.digicert.com/ HTTP/1.1" 200 947 "HTTP" ""
192.168.1.14 - herminio [13/Aug/2021:08:44:23 -0500] "POST http://ocsp.digicert.com/ HTTP/1.1" 200 947 "HTTP" ""
192.168.1.14 - herminio [13/Aug/2021:08:44:24 -0500] "POST http://ocsp.digicert.com/ HTTP/1.1" 200 947 "HTTP" ""
192.168.1.31 - eileen [13/Aug/2021:08:44:33 -0500] "CONNECT sb.scorecardresearch.com:443 HTTP/1.1" 200 0 "HTTPS" "outgoing via 192.168.50.30"
192.168.1.31 - eileen [13/Aug/2021:08:44:33 -0500] "POST http://ocsp.digicert.com/ HTTP/1.1" 200 947 "HTTP" ""
192.168.6.34 - amorgado [13/Aug/2021:08:44:34 -0500] "GET http://toolbarqueries.google.com/tbr?client=navclient-auto&features=Rank&ch=61099075459&q=info:https://cafelafm.com/wp-admin/post.php?post=448&action=edit HTTP/1.1" 200 1867 "HTTP" "Error 404 (Not Found)!!1"
192.168.1.31 - eileen [13/Aug/2021:08:44:36 -0500] "CONNECT apis.mail.yahoo.com:443 HTTP/1.1" 200 0 "HTTPS" "outgoing via 192.168.50.30"
192.168.6.34 - amorgado [13/Aug/2021:08:44:38 -0500] "CONNECT secure.gravatar.com:443 HTTP/1.1" 200 0 "HTTPS" "outgoing via 192.168.50.30"
192.168.6.34 - amorgado [13/Aug/2021:08:44:38 -0500] "CONNECT ad.wappalyzer.com:443 HTTP/1.1" 200 0 "HTTPS" "outgoing via 192.168.50.30"
192.168.6.34 - amorgado [13/Aug/2021:08:44:48 -0500] "GET http://toolbarqueries.google.com/tbr?client=navclient-auto&features=Rank&ch=61529054447&q=info:cafelafm.com HTTP/1.1" 200 1867 "HTTP" "Error 404 (Not Found)!!1"
192.168.1.31 - eileen [13/Aug/2021:08:44:54 -0500] "CONNECT s.yimg.com:443 HTTP/1.1" 200 0 "HTTPS" "outgoing via 192.168.50.30"
192.168.1.31 - eileen [13/Aug/2021:08:44:55 -0500] "CONNECT pr-bh.ybp.yahoo.com:443 HTTP/1.1" 200 0 "HTTPS" "outgoing via 192.168.50.30"
192.168.1.31 - eileen [13/Aug/2021:08:44:56 -0500] "CONNECT tags.bluekai.com:443 HTTP/1.1" 200 0 "HTTPS" "outgoing via 192.168.50.30"
192.168.1.31 - eileen [13/Aug/2021:08:44:56 -0500] "CONNECT dpm.demdex.net:443 HTTP/1.1" 200 0 "HTTPS" "outgoing via 192.168.50.30"
192.168.1.31 - eileen [13/Aug/2021:08:44:56 -0500] "CONNECT aa.agkn.com:443 HTTP/1.1" 200 0 "HTTPS" "outgoing via 192.168.50.30"
192.168.1.31 - eileen [13/Aug/2021:08:44:57 -0500] "CONNECT ib.adnxs.com:443 HTTP/1.1" 200 0 "HTTPS" "outgoing via 192.168.50.30"
192.168.1.31 - eileen [13/Aug/2021:08:44:58 -0500] "CONNECT ib.adnxs.com:443 HTTP/1.1" 200 0 "HTTPS" "outgoing via 192.168.50.30"
192.168.1.31 - eileen [13/Aug/2021:08:45:00 -0500] "CONNECT pr-bh.ybp.yahoo.com:443 HTTP/1.1" 200 0 "HTTPS" "outgoing via 192.168.50.30"
192.168.6.34 - amorgado [13/Aug/2021:08:45:01 -0500] "CONNECT api.languagetool.org:443 HTTP/1.1" 200 0 "HTTPS" "outgoing via 192.168.50.30"
192.168.6.34 - amorgado [13/Aug/2021:08:45:01 -0500] "CONNECT api.languagetool.org:443 HTTP/1.1" 200 0 "HTTPS" "outgoing via 192.168.50.30"
192.168.1.14 - herminio [13/Aug/2021:08:45:01 -0500] "CONNECT aus5.mozilla.org:443 HTTP/1.1" 200 0 "HTTPS" "outgoing via 192.168.50.30"
192.168.6.34 - amorgado [13/Aug/2021:08:45:01 -0500] "GET http://toolbarqueries.google.com/tbr?client=navclient-auto&features=Rank&ch=63971847485&q=info:https://cafelafm.com/wp-admin/edit-tags.php?taxonomy=product_tag&post_type=product HTTP/1.1" 200 1867 "HTTP" "Error 404 (Not Found)!!1"
192.168.1.14 - herminio [13/Aug/2021:08:45:03 -0500] "CONNECT edge-chat.facebook.com:443 HTTP/1.1" 200 0 "HTTPS" "outgoing via 192.168.50.30"
192.168.1.14 - herminio [13/Aug/2021:08:45:05 -0500] "CONNECT redirector.gvt1.com:443 HTTP/1.1" 200 0 "HTTPS" "outgoing via 192.168.50.30"
192.168.5.75 - rosa [13/Aug/2021:08:45:05 -0500] "CONNECT aus5.mozilla.org:443 HTTP/1.1" 200 0 "HTTPS" "outgoing via 192.168.50.30"
192.168.5.30 - naisy [13/Aug/2021:08:45:08 -0500] "CONNECT safebrowsing.googleapis.com:443 HTTP/1.1" 200 0 "HTTPS" "outgoing via 192.168.50.30"
192.168.1.14 - herminio [13/Aug/2021:08:45:08 -0500] "CONNECT r2---sn-xuxjn5-i58e.gvt1.com:443 HTTP/1.1" 200 0 "HTTPS" "outgoing via 192.168.50.30"
192.168.1.14 - herminio [13/Aug/2021:08:45:11 -0500] "CONNECT services.addons.mozilla.org:443 HTTP/1.1" 200 0 "HTTPS" "outgoing via 192.168.50.30"
192.168.1.14 - herminio [13/Aug/2021:08:45:13 -0500] "CONNECT dl.google.com:443 HTTP/1.1" 200 0 "HTTPS" "outgoing via 192.168.50.30"
192.168.6.34 - amorgado [13/Aug/2021:08:45:13 -0500] "GET http://toolbarqueries.google.com/tbr?client=navclient-auto&features=Rank&ch=61529054447&q=info:cafelafm.com HTTP/1.1" 200 1867 "HTTP" "Error 404 (Not Found)!!1"
192.168.1.14 - herminio [13/Aug/2021:08:45:14 -0500] "CONNECT external-mia3-2.xx.fbcdn.net:443 HTTP/1.1" 200 0 "HTTPS" "outgoing via 192.168.50.30"
192.168.1.14 - herminio [13/Aug/2021:08:45:16 -0500] "CONNECT versioncheck-bg.addons.mozilla.org:443 HTTP/1.1" 200 0 "HTTPS" "outgoing via 192.168.50.30"
192.168.5.30 - naisy [13/Aug/2021:08:45:19 -0500] "CONNECT push.services.mozilla.com:443 HTTP/1.1" 200 0 "HTTPS" "outgoing via 192.168.50.30"
192.168.5.30 - naisy [13/Aug/2021:08:45:21 -0500] "CONNECT firefox.settings.services.mozilla.com:443 HTTP/1.1" 200 0 "HTTPS" "outgoing via 192.168.50.30"
192.168.10.20 - arodriguez [13/Aug/2021:08:45:22 -0500] "CONNECT relay-9ec84ff7.net.anydesk.com:443 HTTP/1.1" 200 0 "HTTPS" "outgoing via 192.168.50.30"
192.168.6.34 - amorgado [13/Aug/2021:08:45:24 -0500] "GET http://toolbarqueries.google.com/tbr?client=navclient-auto&features=Rank&ch=63474622810&q=info:https://cafelafm.com/wp-admin/edit.php?post_type=product HTTP/1.1" 200 1867 "HTTP" "Error 404 (Not Found)!!1"
192.168.6.34 - amorgado [13/Aug/2021:08:45:25 -0500] "CONNECT www.facebook.com:443 HTTP/1.1" 200 0 "HTTPS" "outgoing via 192.168.50.30"
192.168.6.34 - amorgado [13/Aug/2021:08:45:26 -0500] "CONNECT www.facebook.com:443 HTTP/1.1" 200 0 "HTTPS" "outgoing via 192.168.50.30"
192.168.5.75 - rosa [13/Aug/2021:08:45:30 -0500] "CONNECT aus5.mozilla.org:443 HTTP/1.1" 200 0 "HTTPS" "outgoing via 192.168.50.30"
192.168.6.34 - amorgado [13/Aug/2021:08:45:32 -0500] "CONNECT twitter.com:443 HTTP/1.1" 200 0 "HTTPS" "outgoing via 192.168.50.30"
192.168.6.34 - amorgado [13/Aug/2021:08:45:32 -0500] "CONNECT pbs.twimg.com:443 HTTP/1.1" 200 0 "HTTPS" "outgoing via 192.168.50.30"
192.168.1.31 - eileen [13/Aug/2021:08:45:32 -0500] "CONNECT firefox.settings.services.mozilla.com:443 HTTP/1.1" 200 0 "HTTPS" "outgoing via 192.168.50.30"
192.168.6.34 - amorgado [13/Aug/2021:08:45:34 -0500] "GET http://toolbarqueries.google.com/tbr?client=navclient-auto&features=Rank&ch=61529054447&q=info:cafelafm.com HTTP/1.1" 200 1867 "HTTP" "Error 404 (Not Found)!!1"
192.168.6.34 - amorgado [13/Aug/2021:08:45:45 -0500] "GET http://toolbarqueries.google.com/tbr?client=navclient-auto&features=Rank&ch=61473421079&q=info:https://cafelafm.com/wp-admin/post-new.php?post_type=product HTTP/1.1" 200 1867 "HTTP" "Error 404 (Not Found)!!1"
192.168.6.34 - amorgado [13/Aug/2021:08:45:57 -0500] "GET http://toolbarqueries.google.com/tbr?client=navclient-auto&features=Rank&ch=61529054447&q=info:cafelafm.com HTTP/1.1" 200 1867 "HTTP" "Error 404 (Not Found)!!1"
192.168.6.34 - amorgado [13/Aug/2021:08:46:08 -0500] "GET http://toolbarqueries.google.com/tbr?client=navclient-auto&features=Rank&ch=61473421079&q=info:https://cafelafm.com/wp-admin/post-new.php?post_type=product HTTP/1.1" 200 1867 "HTTP" "Error 404 (Not Found)!!1"
192.168.1.3 - madai [13/Aug/2021:08:46:12 -0500] "CONNECT firefox.settings.services.mozilla.com:443 HTTP/1.1" 200 0 "HTTPS" "outgoing via 192.168.50.30"
192.168.6.34 - amorgado [13/Aug/2021:08:46:19 -0500] "GET http://toolbarqueries.google.com/tbr?client=navclient-auto&features=Rank&ch=61529054447&q=info:cafelafm.com HTTP/1.1" 200 1867 "HTTP" "Error 404 (Not Found)!!1"
192.168.6.34 - amorgado [13/Aug/2021:08:46:21 -0500] "CONNECT stats.g.doubleclick.net:443 HTTP/1.1" 200 0 "HTTPS" "outgoing via 192.168.50.30"
192.168.6.34 - amorgado [13/Aug/2021:08:46:23 -0500] "CONNECT stats.g.doubleclick.net:443 HTTP/1.1" 200 0 "HTTPS" "outgoing via 192.168.50.30"
192.168.6.34 - amorgado [13/Aug/2021:08:46:26 -0500] "CONNECT visuales.uclv.cu:443 HTTP/1.1" 200 0 "HTTPS" "outgoing via 192.168.50.30"
192.168.6.34 - amorgado [13/Aug/2021:08:46:31 -0500] "GET http://toolbarqueries.google.com/tbr?client=navclient-auto&features=Rank&ch=61473421079&q=info:https://cafelafm.com/wp-admin/post-new.php?post_type=product HTTP/1.1" 200 1867 "HTTP" "Error 404 (Not Found)!!1"
192.168.6.34 - amorgado [13/Aug/2021:08:46:42 -0500] "CONNECT checkappexec.microsoft.com:443 HTTP/1.0" 200 0 "HTTPS" "outgoing via 192.168.50.30"
192.168.6.34 - amorgado [13/Aug/2021:08:47:03 -0500] "CONNECT ssl.gstatic.com:443 HTTP/1.1" 200 0 "HTTPS" "outgoing via 192.168.50.30"
192.168.50.8 - arodriguez [13/Aug/2021:08:47:03 -0500] "HEAD http://update.eset.com/eset_eval/update.ver HTTP/1.1" 200 384 "HTTP" ""
192.168.6.34 - amorgado [13/Aug/2021:08:47:08 -0500] "CONNECT clients6.google.com:443 HTTP/1.1" 200 0 "HTTPS" "outgoing via 192.168.50.30"
192.168.6.34 - amorgado [13/Aug/2021:08:47:08 -0500] "CONNECT clients6.google.com:443 HTTP/1.1" 200 0 "HTTPS" "outgoing via 192.168.50.30"
192.168.1.14 - herminio [13/Aug/2021:08:47:09 -0500] "POST http://ocsp.pki.goog/gts1c3 HTTP/1.1" 200 849 "HTTP" ""
192.168.1.14 - herminio [13/Aug/2021:08:47:12 -0500] "POST http://ocsp.digicert.com/ HTTP/1.1" 200 947 "HTTP" ""
192.168.50.8 - arodriguez [13/Aug/2021:08:47:13 -0500] "GET http://update.eset.com/eset_eval/update.ver HTTP/1.1" 200 119708 "HTTP" ""
192.168.50.8 - arodriguez [13/Aug/2021:08:47:13 -0500] "HEAD http://update.eset.com/v3-eval-sta/mod_002_engine_50474/em002_32_n1.nup HTTP/1.1" 200 373 "HTTP" ""
192.168.50.8 - arodriguez [13/Aug/2021:08:47:13 -0500] "GET http://update.eset.com/v3-eval-sta/mod_002_engine_50474/em002_32_n1.nup HTTP/1.1" 200 11364 "HTTP" ""
192.168.50.8 - arodriguez [13/Aug/2021:08:47:13 -0500] "HEAD http://update.eset.com/v3-eval-sta/mod_023_pegasus_25530/em023_32_n1.nup HTTP/1.1" 200 373 "HTTP" ""
192.168.50.8 - arodriguez [13/Aug/2021:08:47:13 -0500] "GET http://update.eset.com/v3-eval-sta/mod_023_pegasus_25530/em023_32_n1.nup HTTP/1.1" 200 42404 "HTTP" ""
192.168.50.8 - arodriguez [13/Aug/2021:08:47:13 -0500] "HEAD http://update.eset.com/v3-eval-sta/mod_002_engine_50474/em002_32_l2.nup HTTP/1.1" 200 377 "HTTP" ""
192.168.5.75 - rosa [13/Aug/2021:08:47:30 -0500] "CONNECT normandy.cdn.mozilla.net:443 HTTP/1.1" 200 0 "HTTPS" "outgoing via 192.168.50.30"
192.168.5.75 - rosa [13/Aug/2021:08:47:31 -0500] "CONNECT classify-client.services.mozilla.com:443 HTTP/1.1" 200 0 "HTTPS" "outgoing via 192.168.50.30"
192.168.5.75 - rosa [13/Aug/2021:08:47:33 -0500] "CONNECT content-signature-2.cdn.mozilla.net:443 HTTP/1.1" 200 0 "HTTPS" "outgoing via 192.168.50.30"
192.168.6.34 - amorgado [13/Aug/2021:08:47:38 -0500] "GET http://toolbarqueries.google.com/tbr?client=navclient-auto&features=Rank&ch=61529054447&q=info:cafelafm.com HTTP/1.1" 200 1867 "HTTP" "Error 404 (Not Found)!!1"
192.168.6.34 - amorgado [13/Aug/2021:08:47:40 -0500] "CONNECT az725175.vo.msecnd.net:443 HTTP/1.1" 200 0 "HTTPS" "outgoing via 192.168.50.30"
192.168.6.34 - amorgado [13/Aug/2021:08:47:44 -0500] "CONNECT www.facebook.com:443 HTTP/1.1" 200 0 "HTTPS" "outgoing via 192.168.50.30"
192.168.6.34 - amorgado [13/Aug/2021:08:47:44 -0500] "CONNECT beacons.gcp.gvt2.com:443 HTTP/1.1" 200 0 "HTTPS" "outgoing via 192.168.50.30"
192.168.6.34 - amorgado [13/Aug/2021:08:47:46 -0500] "CONNECT www.facebook.com:443 HTTP/1.1" 200 0 "HTTPS" "outgoing via 192.168.50.30"
192.168.1.14 - herminio [13/Aug/2021:08:47:46 -0500] "CONNECT video-mia3-1.xx.fbcdn.net:443 HTTP/1.1" 200 0 "HTTPS" "outgoing via 192.168.50.30"
192.168.1.14 - herminio [13/Aug/2021:08:47:46 -0500] "CONNECT video-mia3-1.xx.fbcdn.net:443 HTTP/1.1" 200 0 "HTTPS" "outgoing via 192.168.50.30"
192.168.1.14 - herminio [13/Aug/2021:08:47:46 -0500] "CONNECT video-mia3-1.xx.fbcdn.net:443 HTTP/1.1" 200 0 "HTTPS" "outgoing via 192.168.50.30"
192.168.1.14 - herminio [13/Aug/2021:08:47:46 -0500] "CONNECT video-mia3-1.xx.fbcdn.net:443 HTTP/1.1" 200 0 "HTTPS" "outgoing via 192.168.50.30"
192.168.1.14 - herminio [13/Aug/2021:08:47:46 -0500] "CONNECT video-mia3-1.xx.fbcdn.net:443 HTTP/1.1" 200 0 "HTTPS" "outgoing via 192.168.50.30"
192.168.1.14 - herminio [13/Aug/2021:08:47:46 -0500] "CONNECT video-mia3-1.xx.fbcdn.net:443 HTTP/1.1" 200 0 "HTTPS" "outgoing via 192.168.50.30"
192.168.6.34 - amorgado [13/Aug/2021:08:47:47 -0500] "CONNECT secure.gravatar.com:443 HTTP/1.1" 200 0 "HTTPS" "outgoing via 192.168.50.30"
192.168.1.14 - herminio [13/Aug/2021:08:47:48 -0500] "CONNECT api.accounts.firefox.com:443 HTTP/1.1" 200 0 "HTTPS" "outgoing via 192.168.50.30"
192.168.1.14 - herminio [13/Aug/2021:08:47:48 -0500] "CONNECT video-mia3-2.xx.fbcdn.net:443 HTTP/1.1" 200 0 "HTTPS" "outgoing via 192.168.50.30"
192.168.1.14 - herminio [13/Aug/2021:08:47:48 -0500] "CONNECT video-mia3-2.xx.fbcdn.net:443 HTTP/1.1" 200 0 "HTTPS" "outgoing via 192.168.50.30"
192.168.1.14 - herminio [13/Aug/2021:08:47:48 -0500] "CONNECT video-mia3-2.xx.fbcdn.net:443 HTTP/1.1" 200 0 "HTTPS" "outgoing via 192.168.50.30"
192.168.6.34 - amorgado [13/Aug/2021:08:47:49 -0500] "CONNECT safebrowsing.googleapis.com:443 HTTP/1.1" 200 0 "HTTPS" "outgoing via 192.168.50.30"
192.168.6.34 - amorgado [13/Aug/2021:08:47:50 -0500] "CONNECT safebrowsing.googleapis.com:443 HTTP/1.1" 200 0 "HTTPS" "outgoing via 192.168.50.30"
192.168.6.34 - amorgado [13/Aug/2021:08:47:52 -0500] "CONNECT beacons.gvt2.com:443 HTTP/1.1" 200 0 "HTTPS" "outgoing via 192.168.50.30"
192.168.6.34 - amorgado [13/Aug/2021:08:47:53 -0500] "GET http://toolbarqueries.google.com/tbr?client=navclient-auto&features=Rank&ch=6687566994&q=info:https://cafelafm.com/wp-admin/post-new.php?post_type=product&wp-post-new-reload=true HTTP/1.1" 200 1867 "HTTP" "Error 404 (Not Found)!!1"
192.168.6.34 - amorgado [13/Aug/2021:08:47:58 -0500] "CONNECT api.languagetool.org:443 HTTP/1.1" 200 0 "HTTPS" "outgoing via 192.168.50.30"
192.168.6.34 - amorgado [13/Aug/2021:08:47:58 -0500] "CONNECT api.languagetool.org:443 HTTP/1.1" 200 0 "HTTPS" "outgoing via 192.168.50.30"
192.168.6.34 - amorgado [13/Aug/2021:08:48:01 -0500] "CONNECT api.languagetool.org:443 HTTP/1.1" 200 0 "HTTPS" "outgoing via 192.168.50.30"
192.168.6.34 - amorgado [13/Aug/2021:08:48:01 -0500] "CONNECT api.languagetool.org:443 HTTP/1.1" 200 0 "HTTPS" "outgoing via 192.168.50.30"
192.168.1.14 - herminio [13/Aug/2021:08:48:02 -0500] "CONNECT safebrowsing.googleapis.com:443 HTTP/1.1" 200 0 "HTTPS" "outgoing via 192.168.50.30"
192.168.6.34 - amorgado [13/Aug/2021:08:48:07 -0500] "GET http://toolbarqueries.google.com/tbr?client=navclient-auto&features=Rank&ch=61529054447&q=info:cafelafm.com HTTP/1.1" 200 1867 "HTTP" "Error 404 (Not Found)!!1"
192.168.6.34 - amorgado [13/Aug/2021:08:48:08 -0500] "CONNECT nexusrules.officeapps.live.com:443 HTTP/1.1" 200 0 "HTTPS" "outgoing via 192.168.50.30"
192.168.6.34 - amorgado [13/Aug/2021:08:48:08 -0500] "CONNECT nexusrules.officeapps.live.com:443 HTTP/1.1" 200 0 "HTTPS" "outgoing via 192.168.50.30"
192.168.1.14 - herminio [13/Aug/2021:08:48:10 -0500] "CONNECT scontent.xx.fbcdn.net:443 HTTP/1.1" 200 0 "HTTPS" "outgoing via 192.168.50.30"
192.168.1.14 - herminio [13/Aug/2021:08:48:19 -0500] "CONNECT safebrowsing.googleapis.com:443 HTTP/1.1" 200 0 "HTTPS" "outgoing via 192.168.50.30"
192.168.1.14 - herminio [13/Aug/2021:08:48:19 -0500] "CONNECT external-mia3-2.xx.fbcdn.net:443 HTTP/1.1" 200 0 "HTTPS" "outgoing via 192.168.50.30"
192.168.6.34 - amorgado [13/Aug/2021:08:48:21 -0500] "GET http://toolbarqueries.google.com/tbr?client=navclient-auto&features=Rank&ch=61958440535&q=info:https://cafelafm.com/wp-admin/post.php?post=712&action=edit&message=6 HTTP/1.1" 200 1867 "HTTP" "Error 404 (Not Found)!!1"
192.168.6.34 - amorgado [13/Aug/2021:08:48:35 -0500] "GET http://toolbarqueries.google.com/tbr?client=navclient-auto&features=Rank&ch=61529054447&q=info:cafelafm.com HTTP/1.1" 200 1867 "HTTP" "Error 404 (Not Found)!!1"
192.168.6.34 - amorgado [13/Aug/2021:08:48:47 -0500] "CONNECT secure.gravatar.com:443 HTTP/1.1" 200 0 "HTTPS" "outgoing via 192.168.50.30"
192.168.6.34 - amorgado [13/Aug/2021:08:48:49 -0500] "GET http://toolbarqueries.google.com/tbr?client=navclient-auto&features=Rank&ch=61082365536&q=info:https://cafelafm.com/wp-admin/post.php?post=712&action=edit HTTP/1.1" 200 1867 "HTTP" "Error 404 (Not Found)!!1"
192.168.6.34 - amorgado [13/Aug/2021:08:48:50 -0500] "CONNECT secure.gravatar.com:443 HTTP/1.1" 200 0 "HTTPS" "outgoing via 192.168.50.30"
192.168.6.34 - amorgado [13/Aug/2021:08:48:51 -0500] "CONNECT secure.gravatar.com:443 HTTP/1.1" 200 0 "HTTPS" "outgoing via 192.168.50.30"
192.168.1.3 - madai [13/Aug/2021:08:49:01 -0500] "CONNECT external-mia3-2.xx.fbcdn.net:443 HTTP/1.1" 200 0 "HTTPS" "outgoing via 192.168.50.30"
192.168.6.34 - amorgado [13/Aug/2021:08:49:03 -0500] "GET http://toolbarqueries.google.com/tbr?client=navclient-auto&features=Rank&ch=61529054447&q=info:cafelafm.com HTTP/1.1" 200 1867 "HTTP" "Error 404 (Not Found)!!1"
192.168.6.34 - amorgado [13/Aug/2021:08:49:07 -0500] "CONNECT visuales.uclv.cu:443 HTTP/1.1" 200 0 "HTTPS" "outgoing via 192.168.50.30"
192.168.6.34 - amorgado [13/Aug/2021:08:49:11 -0500] "CONNECT v10.events.data.microsoft.com:443 HTTP/1.1" 200 0 "HTTPS" "outgoing via 192.168.50.30"
192.168.6.34 - amorgado [13/Aug/2021:08:49:18 -0500] "GET http://toolbarqueries.google.com/tbr?client=navclient-auto&features=Rank&ch=62867602627&q=info:https://cafelafm.com/wp-admin/post.php?post=712&action=edit&message=1 HTTP/1.1" 200 1867 "HTTP" "Error 404 (Not Found)!!1"
192.168.6.34 - amorgado [13/Aug/2021:08:49:19 -0500] "CONNECT orion.managewp.com:443 HTTP/1.1" 200 0 "HTTPS" "outgoing via 192.168.50.30"
192.168.6.34 - amorgado [13/Aug/2021:08:49:22 -0500] "CONNECT visuales.uclv.cu:443 HTTP/1.1" 200 0 "HTTPS" "outgoing via 192.168.50.30"
192.168.6.34 - amorgado [13/Aug/2021:08:49:31 -0500] "CONNECT visuales.uclv.cu:443 HTTP/1.1" 200 0 "HTTPS" "outgoing via 192.168.50.30"
192.168.6.34 - amorgado [13/Aug/2021:08:49:33 -0500] "GET http://toolbarqueries.google.com/tbr?client=navclient-auto&features=Rank&ch=61529054447&q=info:cafelafm.com HTTP/1.1" 200 1867 "HTTP" "Error 404 (Not Found)!!1"
192.168.6.34 - amorgado [13/Aug/2021:08:49:37 -0500] "CONNECT visuales.uclv.cu:443 HTTP/1.1" 200 0 "HTTPS" "outgoing via 192.168.50.30"
192.168.6.34 - amorgado [13/Aug/2021:08:49:37 -0500] "CONNECT visuales.uclv.cu:443 HTTP/1.1" 200 0 "HTTPS" "outgoing via 192.168.50.30"
192.168.6.34 - amorgado [13/Aug/2021:08:49:43 -0500] "CONNECT visuales.uclv.cu:443 HTTP/1.1" 200 0 "HTTPS" "outgoing via 192.168.50.30"
192.168.6.34 - amorgado [13/Aug/2021:08:49:43 -0500] "CONNECT visuales.uclv.cu:443 HTTP/1.1" 200 0 "HTTPS" "outgoing via 192.168.50.30"
192.168.6.34 - amorgado [13/Aug/2021:08:49:43 -0500] "CONNECT visuales.uclv.cu:443 HTTP/1.1" 200 0 "HTTPS" "outgoing via 192.168.50.30"
192.168.1.3 - madai [13/Aug/2021:08:49:45 -0500] "CONNECT scontent.xx.fbcdn.net:443 HTTP/1.1" 200 0 "HTTPS" "outgoing via 192.168.50.30"
192.168.1.14 - herminio [13/Aug/2021:08:49:48 -0500] "POST http://ocsp.digicert.com/ HTTP/1.1" 200 947 "HTTP" ""
192.168.1.14 - herminio [13/Aug/2021:08:49:48 -0500] "POST http://ocsp.digicert.com/ HTTP/1.1" 200 947 "HTTP" ""
192.168.1.14 - herminio [13/Aug/2021:08:49:48 -0500] "POST http://ocsp.digicert.com/ HTTP/1.1" 200 947 "HTTP" ""
192.168.1.14 - herminio [13/Aug/2021:08:49:48 -0500] "POST http://ocsp.digicert.com/ HTTP/1.1" 200 947 "HTTP" ""
192.168.6.34 - amorgado [13/Aug/2021:08:49:50 -0500] "CONNECT visuales.uclv.cu:443 HTTP/1.1" 200 0 "HTTPS" "outgoing via 192.168.50.30"
192.168.6.34 - amorgado [13/Aug/2021:08:49:54 -0500] "GET http://toolbarqueries.google.com/tbr?client=navclient-auto&features=Rank&ch=61082365536&q=info:https://cafelafm.com/wp-admin/post.php?post=712&action=edit HTTP/1.1" 200 1867 "HTTP" "Error 404 (Not Found)!!1"
192.168.1.31 - eileen [13/Aug/2021:08:49:57 -0500] "CONNECT geo.yahoo.com:443 HTTP/1.1" 200 0 "HTTPS" "outgoing via 192.168.50.30"
192.168.1.31 - eileen [13/Aug/2021:08:49:57 -0500] "CONNECT fc.yahoo.com:443 HTTP/1.1" 200 0 "HTTPS" "outgoing via 192.168.50.30"
192.168.1.31 - eileen [13/Aug/2021:08:49:59 -0500] "CONNECT 24.at.atwola.com:443 HTTP/1.1" 200 0 "HTTPS" "outgoing via 192.168.50.30"
192.168.6.34 - amorgado [13/Aug/2021:08:50:04 -0500] "CONNECT www.facebook.com:443 HTTP/1.1" 200 0 "HTTPS" "outgoing via 192.168.50.30"
192.168.6.34 - amorgado [13/Aug/2021:08:50:06 -0500] "CONNECT www.facebook.com:443 HTTP/1.1" 200 0 "HTTPS" "outgoing via 192.168.50.30"
192.168.1.3 - madai [13/Aug/2021:08:50:07 -0500] "CONNECT l.facebook.com:443 HTTP/1.1" 200 0 "HTTPS" "outgoing via 192.168.50.30"
192.168.1.14 - herminio [13/Aug/2021:08:50:08 -0500] "CONNECT safebrowsing.googleapis.com:443 HTTP/1.1" 200 0 "HTTPS" "outgoing via 192.168.50.30"
192.168.1.3 - madai [13/Aug/2021:08:50:08 -0500] "CONNECT bit.ly:443 HTTP/1.1" 200 0 "HTTPS" "outgoing via 192.168.50.30"
192.168.1.3 - madai [13/Aug/2021:08:50:10 -0500] "CONNECT trib.al:443 HTTP/1.1" 200 0 "HTTPS" "outgoing via 192.168.50.30"
192.168.1.3 - madai [13/Aug/2021:08:50:10 -0500] "POST http://ocsp.digicert.com/ HTTP/1.1" 200 947 "HTTP" ""
192.168.1.3 - madai [13/Aug/2021:08:50:12 -0500] "CONNECT www.glamour.mx:443 HTTP/1.1" 200 0 "HTTPS" "outgoing via 192.168.50.30"
192.168.1.3 - madai [13/Aug/2021:08:50:12 -0500] "POST http://ocsp.sca1b.amazontrust.com/ HTTP/1.1" 200 1125 "HTTP" ""
192.168.1.3 - madai [13/Aug/2021:08:50:14 -0500] "CONNECT fonts.googleapis.com:443 HTTP/1.1" 200 0 "HTTPS" "outgoing via 192.168.50.30"
192.168.1.3 - madai [13/Aug/2021:08:50:14 -0500] "CONNECT cdn.cookielaw.org:443 HTTP/1.1" 200 0 "HTTPS" "outgoing via 192.168.50.30"
192.168.1.3 - madai [13/Aug/2021:08:50:14 -0500] "CONNECT assets.glamour.mx:443 HTTP/1.1" 200 0 "HTTPS" "outgoing via 192.168.50.30"
192.168.1.3 - madai [13/Aug/2021:08:50:14 -0500] "CONNECT assets.glamour.mx:443 HTTP/1.1" 200 0 "HTTPS" "outgoing via 192.168.50.30"
192.168.1.3 - madai [13/Aug/2021:08:50:14 -0500] "CONNECT assets.glamour.mx:443 HTTP/1.1" 200 0 "HTTPS" "outgoing via 192.168.50.30"
192.168.1.3 - madai [13/Aug/2021:08:50:14 -0500] "CONNECT cdn.onesignal.com:443 HTTP/1.1" 200 0 "HTTPS" "outgoing via 192.168.50.30"
192.168.1.3 - madai [13/Aug/2021:08:50:14 -0500] "CONNECT assets.glamour.mx:443 HTTP/1.1" 200 0 "HTTPS" "outgoing via 192.168.50.30"
192.168.1.3 - madai [13/Aug/2021:08:50:14 -0500] "CONNECT assets.glamour.mx:443 HTTP/1.1" 200 0 "HTTPS" "outgoing via 192.168.50.30"
192.168.1.3 - madai [13/Aug/2021:08:50:14 -0500] "CONNECT assets.glamour.mx:443 HTTP/1.1" 200 0 "HTTPS" "outgoing via 192.168.50.30"
192.168.1.3 - madai [13/Aug/2021:08:50:14 -0500] "POST http://ocsp.sca1b.amazontrust.com/ HTTP/1.1" 200 1105 "HTTP" ""
192.168.1.3 - madai [13/Aug/2021:08:50:14 -0500] "CONNECT aws.glamour.mx:443 HTTP/1.1" 200 0 "HTTPS" "outgoing via 192.168.50.30"
192.168.1.3 - madai [13/Aug/2021:08:50:17 -0500] "CONNECT fonts.gstatic.com:443 HTTP/1.1" 200 0 "HTTPS" "outgoing via 192.168.50.30"
192.168.1.3 - madai [13/Aug/2021:08:50:17 -0500] "CONNECT fonts.gstatic.com:443 HTTP/1.1" 200 0 "HTTPS" "outgoing via 192.168.50.30"
192.168.1.3 - madai [13/Aug/2021:08:50:17 -0500] "CONNECT fonts.gstatic.com:443 HTTP/1.1" 200 0 "HTTPS" "outgoing via 192.168.50.30"
192.168.1.3 - madai [13/Aug/2021:08:50:17 -0500] "CONNECT fonts.gstatic.com:443 HTTP/1.1" 200 0 "HTTPS" "outgoing via 192.168.50.30"
192.168.1.3 - madai [13/Aug/2021:08:50:17 -0500] "CONNECT fonts.gstatic.com:443 HTTP/1.1" 200 0 "HTTPS" "outgoing via 192.168.50.30"
192.168.1.3 - madai [13/Aug/2021:08:50:17 -0500] "CONNECT www.youtube.com:443 HTTP/1.1" 200 0 "HTTPS" "outgoing via 192.168.50.30"
192.168.1.3 - madai [13/Aug/2021:08:50:17 -0500] "POST http://ocsp.pki.goog/gts1c3 HTTP/1.1" 200 849 "HTTP" ""
192.168.1.3 - madai [13/Aug/2021:08:50:18 -0500] "CONNECT graph.facebook.com:443 HTTP/1.1" 200 0 "HTTPS" "outgoing via 192.168.50.30"
192.168.1.3 - madai [13/Aug/2021:08:50:18 -0500] "POST http://ocsp.pki.goog/gts1c3 HTTP/1.1" 200 849 "HTTP" ""
192.168.1.3 - madai [13/Aug/2021:08:50:18 -0500] "POST http://ocsp.pki.goog/gts1c3 HTTP/1.1" 200 849 "HTTP" ""
192.168.1.3 - madai [13/Aug/2021:08:50:18 -0500] "CONNECT cdn.permutive.app:443 HTTP/1.1" 200 0 "HTTPS" "outgoing via 192.168.50.30"
192.168.1.3 - madai [13/Aug/2021:08:50:18 -0500] "CONNECT ak.sail-horizon.com:443 HTTP/1.1" 200 0 "HTTPS" "outgoing via 192.168.50.30"
192.168.1.3 - madai [13/Aug/2021:08:50:19 -0500] "CONNECT www.google-analytics.com:443 HTTP/1.1" 200 0 "HTTPS" "outgoing via 192.168.50.30"
192.168.1.3 - madai [13/Aug/2021:08:50:19 -0500] "CONNECT www.googletagservices.com:443 HTTP/1.1" 200 0 "HTTPS" "outgoing via 192.168.50.30"
192.168.1.3 - madai [13/Aug/2021:08:50:19 -0500] "CONNECT connect.facebook.net:443 HTTP/1.1" 200 0 "HTTPS" "outgoing via 192.168.50.30"
192.168.1.3 - madai [13/Aug/2021:08:50:19 -0500] "CONNECT sb.scorecardresearch.com:443 HTTP/1.1" 200 0 "HTTPS" "outgoing via 192.168.50.30"
192.168.1.3 - madai [13/Aug/2021:08:50:19 -0500] "CONNECT amplify.outbrain.com:443 HTTP/1.1" 200 0 "HTTPS" "outgoing via 192.168.50.30"
192.168.1.3 - madai [13/Aug/2021:08:50:20 -0500] "POST http://ocsp.pki.goog/gts1c3 HTTP/1.1" 200 849 "HTTP" ""
192.168.1.3 - madai [13/Aug/2021:08:50:20 -0500] "POST http://ocsp.pki.goog/gts1c3 HTTP/1.1" 200 849 "HTTP" ""
192.168.6.34 - amorgado [13/Aug/2021:08:50:22 -0500] "GET http://toolbarqueries.google.com/tbr?client=navclient-auto&features=Rank&ch=61529054447&q=info:cafelafm.com HTTP/1.1" 200 1867 "HTTP" "Error 404 (Not Found)!!1"
192.168.1.3 - madai [13/Aug/2021:08:50:23 -0500] "CONNECT api.sail-personalize.com:443 HTTP/1.1" 200 0 "HTTPS" "outgoing via 192.168.50.30"
192.168.1.3 - madai [13/Aug/2021:08:50:23 -0500] "CONNECT cdn.permutive.com:443 HTTP/1.1" 200 0 "HTTPS" "outgoing via 192.168.50.30"
192.168.1.3 - madai [13/Aug/2021:08:50:23 -0500] "CONNECT bd1cec50-00d1-4ce9-9572-785857419a1e.prmutv.co:443 HTTP/1.1" 200 0 "HTTPS" "outgoing via 192.168.50.30"
192.168.1.3 - madai [13/Aug/2021:08:50:23 -0500] "CONNECT ib.adnxs.com:443 HTTP/1.1" 200 0 "HTTPS" "outgoing via 192.168.50.30"
192.168.6.34 - amorgado [13/Aug/2021:08:50:24 -0500] "CONNECT stats.g.doubleclick.net:443 HTTP/1.1" 200 0 "HTTPS" "outgoing via 192.168.50.30"
192.168.1.3 - madai [13/Aug/2021:08:50:24 -0500] "CONNECT securepubads.g.doubleclick.net:443 HTTP/1.1" 200 0 "HTTPS" "outgoing via 192.168.50.30"
192.168.1.3 - madai [13/Aug/2021:08:50:25 -0500] "CONNECT securepubads.g.doubleclick.net:443 HTTP/1.1" 200 0 "HTTPS" "outgoing via 192.168.50.30"
192.168.1.3 - madai [13/Aug/2021:08:50:25 -0500] "POST http://ocsp.pki.goog/gts1c3 HTTP/1.1" 200 849 "HTTP" ""
192.168.1.3 - madai [13/Aug/2021:08:50:25 -0500] "CONNECT stats.g.doubleclick.net:443 HTTP/1.1" 200 0 "HTTPS" "outgoing via 192.168.50.30"
192.168.1.3 - madai [13/Aug/2021:08:50:25 -0500] "CONNECT api.permutive.com:443 HTTP/1.1" 200 0 "HTTPS" "outgoing via 192.168.50.30"
192.168.1.3 - madai [13/Aug/2021:08:50:25 -0500] "CONNECT api.permutive.com:443 HTTP/1.1" 200 0 "HTTPS" "outgoing via 192.168.50.30"
192.168.1.3 - madai [13/Aug/2021:08:50:25 -0500] "CONNECT api.permutive.com:443 HTTP/1.1" 200 0 "HTTPS" "outgoing via 192.168.50.30"
192.168.1.3 - madai [13/Aug/2021:08:50:27 -0500] "CONNECT tr.outbrain.com:443 HTTP/1.1" 200 0 "HTTPS" "outgoing via 192.168.50.30"
192.168.1.3 - madai [13/Aug/2021:08:50:27 -0500] "CONNECT tr.outbrain.com:443 HTTP/1.1" 200 0 "HTTPS" "outgoing via 192.168.50.30"
192.168.6.34 - amorgado [13/Aug/2021:08:50:28 -0500] "CONNECT stats.g.doubleclick.net:443 HTTP/1.1" 200 0 "HTTPS" "outgoing via 192.168.50.30"
192.168.1.3 - madai [13/Aug/2021:08:50:28 -0500] "POST http://ocsp.pki.goog/gts1c3 HTTP/1.1" 200 849 "HTTP" ""
192.168.1.3 - madai [13/Aug/2021:08:50:29 -0500] "CONNECT www.facebook.com:443 HTTP/1.1" 200 0 "HTTPS" "outgoing via 192.168.50.30"
192.168.1.3 - madai [13/Aug/2021:08:50:30 -0500] "CONNECT www.facebook.com:443 HTTP/1.1" 200 0 "HTTPS" "outgoing via 192.168.50.30"
192.168.6.34 - amorgado [13/Aug/2021:08:50:31 -0500] "CONNECT mtalk.google.com:5228 HTTP/1.1" 200 0 "HTTPS" "outgoing via 192.168.50.30"
192.168.1.3 - madai [13/Aug/2021:08:50:32 -0500] "CONNECT googleads.g.doubleclick.net:443 HTTP/1.1" 200 0 "HTTPS" "outgoing via 192.168.50.30"
192.168.1.3 - madai [13/Aug/2021:08:50:32 -0500] "CONNECT www.google.com:443 HTTP/1.1" 200 0 "HTTPS" "outgoing via 192.168.50.30"
192.168.1.3 - madai [13/Aug/2021:08:50:32 -0500] "CONNECT static.doubleclick.net:443 HTTP/1.1" 200 0 "HTTPS" "outgoing via 192.168.50.30"
192.168.1.3 - madai [13/Aug/2021:08:50:32 -0500] "CONNECT i.ytimg.com:443 HTTP/1.1" 200 0 "HTTPS" "outgoing via 192.168.50.30"
192.168.1.3 - madai [13/Aug/2021:08:50:32 -0500] "CONNECT yt3.ggpht.com:443 HTTP/1.1" 200 0 "HTTPS" "outgoing via 192.168.50.30"
192.168.1.3 - madai [13/Aug/2021:08:50:32 -0500] "CONNECT cm.g.doubleclick.net:443 HTTP/1.1" 200 0 "HTTPS" "outgoing via 192.168.50.30"
192.168.1.3 - madai [13/Aug/2021:08:50:33 -0500] "CONNECT ct.pinterest.com:443 HTTP/1.1" 200 0 "HTTPS" "outgoing via 192.168.50.30"
192.168.1.3 - madai [13/Aug/2021:08:50:33 -0500] "POST http://ocsp.pki.goog/gts1c3 HTTP/1.1" 200 850 "HTTP" ""
192.168.1.3 - madai [13/Aug/2021:08:50:33 -0500] "POST http://ocsp.pki.goog/gts1c3 HTTP/1.1" 200 850 "HTTP" ""
192.168.1.3 - madai [13/Aug/2021:08:50:33 -0500] "GET http://detectportal.firefox.com/success.txt HTTP/1.1" 200 362 "HTTP" ""
192.168.1.3 - madai [13/Aug/2021:08:50:33 -0500] "POST http://ocsp.digicert.com/ HTTP/1.1" 200 947 "HTTP" ""
192.168.1.3 - madai [13/Aug/2021:08:50:34 -0500] "GET http://detectportal.firefox.com/success.txt?ipv4 HTTP/1.1" 200 362 "HTTP" ""
192.168.6.34 - amorgado [13/Aug/2021:08:50:35 -0500] "CONNECT secure.gravatar.com:443 HTTP/1.1" 200 0 "HTTPS" "outgoing via 192.168.50.30"
192.168.10.20 - arodriguez [13/Aug/2021:08:50:36 -0500] "CONNECT relay-9ec84ff7.net.anydesk.com:80 HTTP/1.1" 200 0 "HTTPS" "outgoing via 192.168.50.30"
192.168.6.34 - amorgado [13/Aug/2021:08:50:51 -0500] "GET http://toolbarqueries.google.com/tbr?client=navclient-auto&features=Rank&ch=6687566994&q=info:https://cafelafm.com/wp-admin/post-new.php?post_type=product&wp-post-new-reload=true HTTP/1.1" 200 1867 "HTTP" "Error 404 (Not Found)!!1"
192.168.6.34 - amorgado [13/Aug/2021:08:50:53 -0500] "CONNECT adservice.google.com:443 HTTP/1.1" 200 0 "HTTPS" "outgoing via 192.168.50.30"
192.168.1.3 - madai [13/Aug/2021:08:50:57 -0500] "CONNECT aws.glamour.mx:443 HTTP/1.1" 200 0 "HTTPS" "outgoing via 192.168.50.30"
192.168.1.31 - eileen [13/Aug/2021:08:50:59 -0500] "CONNECT sb-ssl.google.com:443 HTTP/1.1" 200 0 "HTTPS" "outgoing via 192.168.50.30"
192.168.10.20 - arodriguez [13/Aug/2021:08:51:05 -0500] "CONNECT relay-9ec84ff7.net.anydesk.com:80 HTTP/1.1" 200 0 "HTTPS" "outgoing via 192.168.50.30"
192.168.6.34 - amorgado [13/Aug/2021:08:51:05 -0500] "CONNECT api.languagetool.org:443 HTTP/1.1" 200 0 "HTTPS" "outgoing via 192.168.50.30"
192.168.6.34 - amorgado [13/Aug/2021:08:51:05 -0500] "CONNECT api.languagetool.org:443 HTTP/1.1" 200 0 "HTTPS" "outgoing via 192.168.50.30"
192.168.6.34 - amorgado [13/Aug/2021:08:51:09 -0500] "CONNECT api.languagetool.org:443 HTTP/1.1" 200 0 "HTTPS" "outgoing via 192.168.50.30"
192.168.6.34 - amorgado [13/Aug/2021:08:51:09 -0500] "CONNECT api.languagetool.org:443 HTTP/1.1" 200 0 "HTTPS" "outgoing via 192.168.50.30"
192.168.1.14 - herminio [13/Aug/2021:08:51:10 -0500] "CONNECT safebrowsing.googleapis.com:443 HTTP/1.1" 200 0 "HTTPS" "outgoing via 192.168.50.30"
192.168.1.14 - herminio [13/Aug/2021:08:51:19 -0500] "CONNECT incoming.telemetry.mozilla.org:443 HTTP/1.1" 200 0 "HTTPS" "outgoing via 192.168.50.30"
192.168.6.34 - amorgado [13/Aug/2021:08:51:19 -0500] "GET http://toolbarqueries.google.com/tbr?client=navclient-auto&features=Rank&ch=61529054447&q=info:cafelafm.com HTTP/1.1" 200 1867 "HTTP" "Error 404 (Not Found)!!1"
