192.168.10.20 - arodriguez [08/Aug/2021:05:40:02 -0500] "CONNECT relay-a54c6d92.net.anydesk.com:80 HTTP/1.1" 200 0 "HTTPS" "outgoing via 192.168.50.30"
192.168.6.34 - amorgado [08/Aug/2021:05:40:07 -0500] "CONNECT 149.154.175.50:443 HTTP/1.1" 200 0 "HTTPS" "outgoing via 192.168.50.30"
192.168.6.34 - amorgado [08/Aug/2021:05:40:07 -0500] "CONNECT 45.142.38.130:9286 HTTP/1.1" 200 0 "HTTPS" "outgoing via 192.168.50.30"
192.168.10.20 - arodriguez [08/Aug/2021:05:40:16 -0500] "CONNECT relay-f6106504.net.anydesk.com:80 HTTP/1.1" 200 0 "HTTPS" "outgoing via 192.168.50.30"
192.168.6.34 - amorgado [08/Aug/2021:05:40:26 -0500] "POST http://149.154.175.50:80/api HTTP/1.1" 200 408 "HTTP" ""
192.168.10.20 - arodriguez [08/Aug/2021:05:40:45 -0500] "CONNECT relay-f6106504.net.anydesk.com:80 HTTP/1.1" 200 0 "HTTPS" "outgoing via 192.168.50.30"
192.168.6.34 - amorgado [08/Aug/2021:05:40:52 -0500] "POST http://149.154.175.50:80/api HTTP/1.1" 200 403 "HTTP" ""
192.168.10.20 - arodriguez [08/Aug/2021:05:41:14 -0500] "CONNECT relay-f6106504.net.anydesk.com:80 HTTP/1.1" 200 0 "HTTPS" "outgoing via 192.168.50.30"
192.168.6.34 - amorgado [08/Aug/2021:05:41:17 -0500] "POST http://149.154.175.50:80/api HTTP/1.1" 200 403 "HTTP" ""
192.168.50.8 - arodriguez [08/Aug/2021:05:41:17 -0500] "HEAD http://update.eset.com/eset_eval/update.ver HTTP/1.1" 200 383 "HTTP" ""
192.168.50.8 - arodriguez [08/Aug/2021:05:41:26 -0500] "GET http://update.eset.com/eset_eval/update.ver HTTP/1.1" 200 119163 "HTTP" ""
192.168.50.8 - arodriguez [08/Aug/2021:05:41:26 -0500] "HEAD http://update.eset.com/v3-eval-sta/mod_002_engine_50413/em002_32_l2.nup HTTP/1.1" 200 377 "HTTP" ""
192.168.50.8 - arodriguez [08/Aug/2021:05:41:28 -0500] "GET http://update.eset.com/v3-eval-sta/mod_002_engine_50413/em002_32_l2.nup HTTP/1.1" 200 1532369 "HTTP" ""
192.168.50.8 - arodriguez [08/Aug/2021:05:41:28 -0500] "HEAD http://update.eset.com/v3-eval-sta/mod_023_pegasus_25470/em023_32_l1.nup HTTP/1.1" 200 377 "HTTP" ""
192.168.50.8 - arodriguez [08/Aug/2021:05:41:28 -0500] "GET http://update.eset.com/v3-eval-sta/mod_023_pegasus_25470/em023_32_l1.nup HTTP/1.1" 200 1894036 "HTTP" ""
192.168.50.8 - arodriguez [08/Aug/2021:05:41:28 -0500] "HEAD http://update.eset.com/v3-eval-sta/mod_002_engine_50413/em002_32_n1.nup HTTP/1.1" 200 371 "HTTP" ""
192.168.50.8 - arodriguez [08/Aug/2021:05:41:28 -0500] "GET http://update.eset.com/v3-eval-sta/mod_002_engine_50413/em002_32_n1.nup HTTP/1.1" 200 10403 "HTTP" ""
192.168.50.8 - arodriguez [08/Aug/2021:05:41:29 -0500] "HEAD http://update.eset.com/v3-eval-sta/mod_002_engine_50413/em002_32_n2.nup HTTP/1.1" 200 373 "HTTP" ""
192.168.50.8 - arodriguez [08/Aug/2021:05:41:29 -0500] "GET http://update.eset.com/v3-eval-sta/mod_002_engine_50413/em002_32_n2.nup HTTP/1.1" 200 13035 "HTTP" ""
192.168.50.8 - arodriguez [08/Aug/2021:05:41:29 -0500] "HEAD http://update.eset.com/v3-eval-sta/mod_002_engine_50413/em002_32_n3.nup HTTP/1.1" 200 373 "HTTP" ""
192.168.50.8 - arodriguez [08/Aug/2021:05:41:29 -0500] "GET http://update.eset.com/v3-eval-sta/mod_002_engine_50413/em002_32_n3.nup HTTP/1.1" 200 16855 "HTTP" ""
192.168.50.8 - arodriguez [08/Aug/2021:05:41:29 -0500] "HEAD http://update.eset.com/v3-eval-sta/mod_002_engine_50413/em002_32_n4.nup HTTP/1.1" 200 373 "HTTP" ""
192.168.50.8 - arodriguez [08/Aug/2021:05:41:29 -0500] "GET http://update.eset.com/v3-eval-sta/mod_002_engine_50413/em002_32_n4.nup HTTP/1.1" 200 19266 "HTTP" ""
192.168.50.8 - arodriguez [08/Aug/2021:05:41:29 -0500] "HEAD http://update.eset.com/v3-eval-sta/mod_002_engine_50413/em002_32_n5.nup HTTP/1.1" 200 373 "HTTP" ""
192.168.50.8 - arodriguez [08/Aug/2021:05:41:30 -0500] "GET http://update.eset.com/v3-eval-sta/mod_002_engine_50413/em002_32_n5.nup HTTP/1.1" 200 23939 "HTTP" ""
192.168.50.8 - arodriguez [08/Aug/2021:05:41:30 -0500] "HEAD http://update.eset.com/v3-eval-sta/mod_002_engine_50413/em002_32_n6.nup HTTP/1.1" 200 373 "HTTP" ""
192.168.50.8 - arodriguez [08/Aug/2021:05:41:30 -0500] "GET http://update.eset.com/v3-eval-sta/mod_002_engine_50413/em002_32_n6.nup HTTP/1.1" 200 29103 "HTTP" ""
192.168.50.8 - arodriguez [08/Aug/2021:05:41:30 -0500] "HEAD http://update.eset.com/v3-eval-sta/mod_002_engine_50413/em002_32_n7.nup HTTP/1.1" 200 373 "HTTP" ""
192.168.50.8 - arodriguez [08/Aug/2021:05:41:31 -0500] "GET http://update.eset.com/v3-eval-sta/mod_002_engine_50413/em002_32_n7.nup HTTP/1.1" 200 34466 "HTTP" ""
192.168.50.8 - arodriguez [08/Aug/2021:05:41:31 -0500] "HEAD http://update.eset.com/v3-eval-sta/mod_002_engine_50413/em002_32_n8.nup HTTP/1.1" 200 373 "HTTP" ""
192.168.50.8 - arodriguez [08/Aug/2021:05:41:31 -0500] "GET http://update.eset.com/v3-eval-sta/mod_002_engine_50413/em002_32_n8.nup HTTP/1.1" 200 41334 "HTTP" ""
192.168.50.8 - arodriguez [08/Aug/2021:05:41:31 -0500] "HEAD http://update.eset.com/v3-eval-sta/mod_002_engine_50413/em002_32_n9.nup HTTP/1.1" 200 373 "HTTP" ""
192.168.50.8 - arodriguez [08/Aug/2021:05:41:31 -0500] "GET http://update.eset.com/v3-eval-sta/mod_002_engine_50413/em002_32_n9.nup HTTP/1.1" 200 51396 "HTTP" ""
192.168.50.8 - arodriguez [08/Aug/2021:05:41:31 -0500] "HEAD http://update.eset.com/v3-eval-sta/mod_002_engine_50413/em002_32_n10.nup HTTP/1.1" 200 373 "HTTP" ""
192.168.50.8 - arodriguez [08/Aug/2021:05:41:31 -0500] "GET http://update.eset.com/v3-eval-sta/mod_002_engine_50413/em002_32_n10.nup HTTP/1.1" 200 58674 "HTTP" ""
192.168.50.8 - arodriguez [08/Aug/2021:05:41:31 -0500] "HEAD http://update.eset.com/v3-eval-sta/mod_002_engine_50413/em002_32_n11.nup HTTP/1.1" 200 373 "HTTP" ""
192.168.50.8 - arodriguez [08/Aug/2021:05:41:31 -0500] "GET http://update.eset.com/v3-eval-sta/mod_002_engine_50413/em002_32_n11.nup HTTP/1.1" 200 63544 "HTTP" ""
192.168.50.8 - arodriguez [08/Aug/2021:05:41:32 -0500] "HEAD http://update.eset.com/v3-eval-sta/mod_002_engine_50413/em002_32_n12.nup HTTP/1.1" 200 374 "HTTP" ""
192.168.50.8 - arodriguez [08/Aug/2021:05:41:32 -0500] "GET http://update.eset.com/v3-eval-sta/mod_002_engine_50413/em002_32_n12.nup HTTP/1.1" 200 66989 "HTTP" ""
192.168.50.8 - arodriguez [08/Aug/2021:05:41:32 -0500] "HEAD http://update.eset.com/v3-eval-sta/mod_002_engine_50413/em002_32_n13.nup HTTP/1.1" 200 374 "HTTP" ""
192.168.50.8 - arodriguez [08/Aug/2021:05:41:32 -0500] "GET http://update.eset.com/v3-eval-sta/mod_002_engine_50413/em002_32_n13.nup HTTP/1.1" 200 74622 "HTTP" ""
192.168.50.8 - arodriguez [08/Aug/2021:05:41:32 -0500] "HEAD http://update.eset.com/v3-eval-sta/mod_002_engine_50413/em002_32_n14.nup HTTP/1.1" 200 374 "HTTP" ""
192.168.50.8 - arodriguez [08/Aug/2021:05:41:32 -0500] "GET http://update.eset.com/v3-eval-sta/mod_002_engine_50413/em002_32_n14.nup HTTP/1.1" 200 81456 "HTTP" ""
192.168.50.8 - arodriguez [08/Aug/2021:05:41:32 -0500] "HEAD http://update.eset.com/v3-eval-sta/mod_002_engine_50413/em002_32_n15.nup HTTP/1.1" 200 375 "HTTP" ""
192.168.50.8 - arodriguez [08/Aug/2021:05:41:32 -0500] "GET http://update.eset.com/v3-eval-sta/mod_002_engine_50413/em002_32_n15.nup HTTP/1.1" 200 131230 "HTTP" ""
192.168.50.8 - arodriguez [08/Aug/2021:05:41:33 -0500] "HEAD http://update.eset.com/v3-eval-sta/mod_002_engine_50413/em002_32_n16.nup HTTP/1.1" 200 375 "HTTP" ""
192.168.50.8 - arodriguez [08/Aug/2021:05:41:33 -0500] "GET http://update.eset.com/v3-eval-sta/mod_002_engine_50413/em002_32_n16.nup HTTP/1.1" 200 137592 "HTTP" ""
192.168.50.8 - arodriguez [08/Aug/2021:05:41:33 -0500] "HEAD http://update.eset.com/v3-eval-sta/mod_002_engine_50413/em002_32_n17.nup HTTP/1.1" 200 375 "HTTP" ""
192.168.50.8 - arodriguez [08/Aug/2021:05:41:34 -0500] "GET http://update.eset.com/v3-eval-sta/mod_002_engine_50413/em002_32_n17.nup HTTP/1.1" 200 141826 "HTTP" ""
192.168.50.8 - arodriguez [08/Aug/2021:05:41:34 -0500] "HEAD http://update.eset.com/v3-eval-sta/mod_002_engine_50413/em002_32_n18.nup HTTP/1.1" 200 375 "HTTP" ""
192.168.50.8 - arodriguez [08/Aug/2021:05:41:34 -0500] "GET http://update.eset.com/v3-eval-sta/mod_002_engine_50413/em002_32_n18.nup HTTP/1.1" 200 147035 "HTTP" ""
192.168.50.8 - arodriguez [08/Aug/2021:05:41:34 -0500] "HEAD http://update.eset.com/v3-eval-sta/mod_002_engine_50413/em002_32_n19.nup HTTP/1.1" 200 375 "HTTP" ""
192.168.50.8 - arodriguez [08/Aug/2021:05:41:34 -0500] "GET http://update.eset.com/v3-eval-sta/mod_002_engine_50413/em002_32_n19.nup HTTP/1.1" 200 155186 "HTTP" ""
192.168.50.8 - arodriguez [08/Aug/2021:05:41:34 -0500] "HEAD http://update.eset.com/v3-eval-sta/mod_002_engine_50413/em002_32_n20.nup HTTP/1.1" 200 375 "HTTP" ""
192.168.50.8 - arodriguez [08/Aug/2021:05:41:35 -0500] "GET http://update.eset.com/v3-eval-sta/mod_002_engine_50413/em002_32_n20.nup HTTP/1.1" 200 162585 "HTTP" ""
192.168.50.8 - arodriguez [08/Aug/2021:05:41:35 -0500] "HEAD http://update.eset.com/v3-eval-sta/mod_023_pegasus_25470/em023_32_n1.nup HTTP/1.1" 200 374 "HTTP" ""
192.168.50.8 - arodriguez [08/Aug/2021:05:41:35 -0500] "GET http://update.eset.com/v3-eval-sta/mod_023_pegasus_25470/em023_32_n1.nup HTTP/1.1" 200 130532 "HTTP" ""
192.168.50.8 - arodriguez [08/Aug/2021:05:41:35 -0500] "HEAD http://update.eset.com/v3-eval-sta/mod_023_pegasus_25470/em023_32_n2.nup HTTP/1.1" 200 375 "HTTP" ""
192.168.50.8 - arodriguez [08/Aug/2021:05:41:35 -0500] "GET http://update.eset.com/v3-eval-sta/mod_023_pegasus_25470/em023_32_n2.nup HTTP/1.1" 200 187717 "HTTP" ""
192.168.50.8 - arodriguez [08/Aug/2021:05:41:36 -0500] "HEAD http://update.eset.com/v3-eval-sta/mod_023_pegasus_25470/em023_32_n3.nup HTTP/1.1" 200 375 "HTTP" ""
192.168.50.8 - arodriguez [08/Aug/2021:05:41:36 -0500] "GET http://update.eset.com/v3-eval-sta/mod_023_pegasus_25470/em023_32_n3.nup HTTP/1.1" 200 237722 "HTTP" ""
192.168.50.8 - arodriguez [08/Aug/2021:05:41:36 -0500] "HEAD http://update.eset.com/v3-eval-sta/mod_023_pegasus_25470/em023_32_n4.nup HTTP/1.1" 200 375 "HTTP" ""
192.168.50.8 - arodriguez [08/Aug/2021:05:41:36 -0500] "GET http://update.eset.com/v3-eval-sta/mod_023_pegasus_25470/em023_32_n4.nup HTTP/1.1" 200 276814 "HTTP" ""
192.168.50.8 - arodriguez [08/Aug/2021:05:41:36 -0500] "HEAD http://update.eset.com/v3-eval-sta/mod_023_pegasus_25470/em023_32_n5.nup HTTP/1.1" 200 375 "HTTP" ""
192.168.50.8 - arodriguez [08/Aug/2021:05:41:36 -0500] "GET http://update.eset.com/v3-eval-sta/mod_023_pegasus_25470/em023_32_n5.nup HTTP/1.1" 200 366540 "HTTP" ""
192.168.50.8 - arodriguez [08/Aug/2021:05:41:36 -0500] "HEAD http://update.eset.com/v3-eval-sta/mod_023_pegasus_25470/em023_32_n6.nup HTTP/1.1" 200 375 "HTTP" ""
192.168.50.8 - arodriguez [08/Aug/2021:05:41:37 -0500] "GET http://update.eset.com/v3-eval-sta/mod_023_pegasus_25470/em023_32_n6.nup HTTP/1.1" 200 414606 "HTTP" ""
192.168.50.8 - arodriguez [08/Aug/2021:05:41:37 -0500] "HEAD http://update.eset.com/v3-eval-sta/mod_023_pegasus_25470/em023_32_n7.nup HTTP/1.1" 200 375 "HTTP" ""
192.168.50.8 - arodriguez [08/Aug/2021:05:41:37 -0500] "GET http://update.eset.com/v3-eval-sta/mod_023_pegasus_25470/em023_32_n7.nup HTTP/1.1" 200 452912 "HTTP" ""
192.168.50.8 - arodriguez [08/Aug/2021:05:41:37 -0500] "HEAD http://update.eset.com/v3-eval-sta/mod_023_pegasus_25470/em023_32_n8.nup HTTP/1.1" 200 375 "HTTP" ""
192.168.50.8 - arodriguez [08/Aug/2021:05:41:38 -0500] "GET http://update.eset.com/v3-eval-sta/mod_023_pegasus_25470/em023_32_n8.nup HTTP/1.1" 200 498815 "HTTP" ""
192.168.50.8 - arodriguez [08/Aug/2021:05:41:38 -0500] "HEAD http://update.eset.com/v3-eval-sta/mod_023_pegasus_25470/em023_32_n9.nup HTTP/1.1" 200 375 "HTTP" ""
192.168.50.8 - arodriguez [08/Aug/2021:05:41:38 -0500] "GET http://update.eset.com/v3-eval-sta/mod_023_pegasus_25470/em023_32_n9.nup HTTP/1.1" 200 557649 "HTTP" ""
192.168.50.8 - arodriguez [08/Aug/2021:05:41:38 -0500] "HEAD http://update.eset.com/v3-eval-sta/mod_023_pegasus_25470/em023_32_n10.nup HTTP/1.1" 200 375 "HTTP" ""
192.168.50.8 - arodriguez [08/Aug/2021:05:41:39 -0500] "GET http://update.eset.com/v3-eval-sta/mod_023_pegasus_25470/em023_32_n10.nup HTTP/1.1" 200 604011 "HTTP" ""
192.168.50.8 - arodriguez [08/Aug/2021:05:41:39 -0500] "HEAD http://update.eset.com/v3-eval-sta/mod_023_pegasus_25470/em023_32_n11.nup HTTP/1.1" 200 375 "HTTP" ""
192.168.50.8 - arodriguez [08/Aug/2021:05:41:39 -0500] "GET http://update.eset.com/v3-eval-sta/mod_023_pegasus_25470/em023_32_n11.nup HTTP/1.1" 200 695346 "HTTP" ""
192.168.50.8 - arodriguez [08/Aug/2021:05:41:39 -0500] "HEAD http://update.eset.com/v3-eval-sta/mod_023_pegasus_25470/em023_32_n12.nup HTTP/1.1" 200 375 "HTTP" ""
192.168.50.8 - arodriguez [08/Aug/2021:05:41:40 -0500] "GET http://update.eset.com/v3-eval-sta/mod_023_pegasus_25470/em023_32_n12.nup HTTP/1.1" 200 704161 "HTTP" ""
192.168.50.8 - arodriguez [08/Aug/2021:05:41:40 -0500] "HEAD http://update.eset.com/v3-eval-sta/mod_023_pegasus_25470/em023_32_n13.nup HTTP/1.1" 200 375 "HTTP" ""
192.168.50.8 - arodriguez [08/Aug/2021:05:41:40 -0500] "GET http://update.eset.com/v3-eval-sta/mod_023_pegasus_25470/em023_32_n13.nup HTTP/1.1" 200 754635 "HTTP" ""
192.168.50.8 - arodriguez [08/Aug/2021:05:41:40 -0500] "HEAD http://update.eset.com/v3-eval-sta/mod_023_pegasus_25470/em023_32_n14.nup HTTP/1.1" 200 375 "HTTP" ""
192.168.50.8 - arodriguez [08/Aug/2021:05:41:40 -0500] "GET http://update.eset.com/v3-eval-sta/mod_023_pegasus_25470/em023_32_n14.nup HTTP/1.1" 200 786139 "HTTP" ""
192.168.50.8 - arodriguez [08/Aug/2021:05:41:41 -0500] "HEAD http://update.eset.com/v3-eval-sta/mod_023_pegasus_25470/em023_32_n15.nup HTTP/1.1" 200 375 "HTTP" ""
192.168.50.8 - arodriguez [08/Aug/2021:05:41:41 -0500] "GET http://update.eset.com/v3-eval-sta/mod_023_pegasus_25470/em023_32_n15.nup HTTP/1.1" 200 845060 "HTTP" ""
192.168.50.8 - arodriguez [08/Aug/2021:05:41:41 -0500] "HEAD http://update.eset.com/v3-eval-sta/mod_023_pegasus_25470/em023_32_n16.nup HTTP/1.1" 200 375 "HTTP" ""
192.168.50.8 - arodriguez [08/Aug/2021:05:41:42 -0500] "GET http://update.eset.com/v3-eval-sta/mod_023_pegasus_25470/em023_32_n16.nup HTTP/1.1" 200 852572 "HTTP" ""
192.168.6.34 - amorgado [08/Aug/2021:05:41:42 -0500] "POST http://149.154.175.50:80/api HTTP/1.1" 200 395 "HTTP" ""
192.168.50.8 - arodriguez [08/Aug/2021:05:41:42 -0500] "HEAD http://update.eset.com/v3-eval-sta/mod_023_pegasus_25470/em023_32_n17.nup HTTP/1.1" 200 375 "HTTP" ""
192.168.50.8 - arodriguez [08/Aug/2021:05:41:42 -0500] "GET http://update.eset.com/v3-eval-sta/mod_023_pegasus_25470/em023_32_n17.nup HTTP/1.1" 200 896567 "HTTP" ""
192.168.50.8 - arodriguez [08/Aug/2021:05:41:43 -0500] "HEAD http://update.eset.com/v3-eval-sta/mod_023_pegasus_25470/em023_32_n18.nup HTTP/1.1" 200 375 "HTTP" ""
192.168.50.8 - arodriguez [08/Aug/2021:05:41:43 -0500] "GET http://update.eset.com/v3-eval-sta/mod_023_pegasus_25470/em023_32_n18.nup HTTP/1.1" 200 937715 "HTTP" ""
192.168.10.20 - arodriguez [08/Aug/2021:05:41:43 -0500] "CONNECT relay-f6106504.net.anydesk.com:80 HTTP/1.1" 200 0 "HTTPS" "outgoing via 192.168.50.30"
192.168.50.8 - arodriguez [08/Aug/2021:05:41:43 -0500] "HEAD http://update.eset.com/v3-eval-sta/mod_023_pegasus_25470/em023_32_n19.nup HTTP/1.1" 200 375 "HTTP" ""
192.168.50.8 - arodriguez [08/Aug/2021:05:41:43 -0500] "GET http://update.eset.com/v3-eval-sta/mod_023_pegasus_25470/em023_32_n19.nup HTTP/1.1" 200 980625 "HTTP" ""
192.168.50.8 - arodriguez [08/Aug/2021:05:41:43 -0500] "HEAD http://update.eset.com/v3-eval-sta/mod_023_pegasus_25470/em023_32_n20.nup HTTP/1.1" 200 377 "HTTP" ""
192.168.10.20 - arodriguez [08/Aug/2021:05:41:56 -0500] "CONNECT relay-12d968bc.net.anydesk.com:80 HTTP/1.1" 200 0 "HTTPS" "outgoing via 192.168.50.30"
192.168.6.34 - amorgado [08/Aug/2021:05:42:07 -0500] "POST http://149.154.175.50:80/api HTTP/1.1" 200 399 "HTTP" ""
192.168.10.20 - arodriguez [08/Aug/2021:05:42:25 -0500] "CONNECT relay-12d968bc.net.anydesk.com:80 HTTP/1.1" 200 0 "HTTPS" "outgoing via 192.168.50.30"
192.168.6.34 - amorgado [08/Aug/2021:05:42:32 -0500] "POST http://149.154.175.50:80/api HTTP/1.1" 200 408 "HTTP" ""
192.168.10.20 - arodriguez [08/Aug/2021:05:42:54 -0500] "CONNECT relay-12d968bc.net.anydesk.com:80 HTTP/1.1" 200 0 "HTTPS" "outgoing via 192.168.50.30"
192.168.6.34 - amorgado [08/Aug/2021:05:42:58 -0500] "POST http://149.154.175.50:80/api HTTP/1.1" 200 403 "HTTP" ""
192.168.10.20 - arodriguez [08/Aug/2021:05:43:08 -0500] "CONNECT relay-49726057.net.anydesk.com:80 HTTP/1.1" 200 0 "HTTPS" "outgoing via 192.168.50.30"
192.168.6.34 - amorgado [08/Aug/2021:05:43:23 -0500] "POST http://149.154.175.50:80/api HTTP/1.1" 200 403 "HTTP" ""
192.168.10.20 - arodriguez [08/Aug/2021:05:43:37 -0500] "CONNECT relay-49726057.net.anydesk.com:80 HTTP/1.1" 200 0 "HTTPS" "outgoing via 192.168.50.30"
192.168.6.34 - amorgado [08/Aug/2021:05:43:48 -0500] "POST http://149.154.175.50:80/api HTTP/1.1" 200 399 "HTTP" ""
192.168.10.20 - arodriguez [08/Aug/2021:05:44:06 -0500] "CONNECT relay-49726057.net.anydesk.com:80 HTTP/1.1" 200 0 "HTTPS" "outgoing via 192.168.50.30"
192.168.6.34 - amorgado [08/Aug/2021:05:44:13 -0500] "POST http://149.154.175.50:80/api HTTP/1.1" 200 403 "HTTP" ""
192.168.10.20 - arodriguez [08/Aug/2021:05:44:19 -0500] "CONNECT relay-69c95757.net.anydesk.com:80 HTTP/1.1" 200 0 "HTTPS" "outgoing via 192.168.50.30"
192.168.6.34 - amorgado [08/Aug/2021:05:44:38 -0500] "POST http://149.154.175.50:80/api HTTP/1.1" 200 399 "HTTP" ""
192.168.10.20 - arodriguez [08/Aug/2021:05:44:48 -0500] "CONNECT relay-69c95757.net.anydesk.com:80 HTTP/1.1" 200 0 "HTTPS" "outgoing via 192.168.50.30"
192.168.6.34 - amorgado [08/Aug/2021:05:45:03 -0500] "POST http://149.154.175.50:80/api HTTP/1.1" 200 395 "HTTP" ""
192.168.6.34 - amorgado [08/Aug/2021:05:45:09 -0500] "CONNECT 149.154.175.50:443 HTTP/1.1" 200 0 "HTTPS" "outgoing via 192.168.50.30"
192.168.6.34 - amorgado [08/Aug/2021:05:45:09 -0500] "CONNECT 45.142.38.130:9286 HTTP/1.1" 200 0 "HTTPS" "outgoing via 192.168.50.30"
192.168.10.20 - arodriguez [08/Aug/2021:05:45:17 -0500] "CONNECT relay-69c95757.net.anydesk.com:80 HTTP/1.1" 200 0 "HTTPS" "outgoing via 192.168.50.30"
192.168.6.34 - amorgado [08/Aug/2021:05:45:29 -0500] "POST http://149.154.175.50:80/api HTTP/1.1" 200 399 "HTTP" ""
192.168.10.20 - arodriguez [08/Aug/2021:05:45:46 -0500] "CONNECT relay-69c95757.net.anydesk.com:80 HTTP/1.1" 200 0 "HTTPS" "outgoing via 192.168.50.30"
192.168.6.34 - amorgado [08/Aug/2021:05:45:54 -0500] "POST http://149.154.175.50:80/api HTTP/1.1" 200 395 "HTTP" ""
192.168.10.20 - arodriguez [08/Aug/2021:05:46:00 -0500] "CONNECT relay-bfb5e868.net.anydesk.com:80 HTTP/1.1" 200 0 "HTTPS" "outgoing via 192.168.50.30"
192.168.6.34 - amorgado [08/Aug/2021:05:46:19 -0500] "POST http://149.154.175.50:80/api HTTP/1.1" 200 408 "HTTP" ""
192.168.10.20 - arodriguez [08/Aug/2021:05:46:29 -0500] "CONNECT relay-bfb5e868.net.anydesk.com:80 HTTP/1.1" 200 0 "HTTPS" "outgoing via 192.168.50.30"
192.168.5.107 - jpuñales [08/Aug/2021:05:46:42 -0500] "CONNECT safebrowsing.googleapis.com:443 HTTP/1.1" 200 0 "HTTPS" "outgoing via 192.168.50.30"
192.168.6.34 - amorgado [08/Aug/2021:05:46:44 -0500] "POST http://149.154.175.50:80/api HTTP/1.1" 200 399 "HTTP" ""
192.168.10.20 - arodriguez [08/Aug/2021:05:46:58 -0500] "CONNECT relay-bfb5e868.net.anydesk.com:80 HTTP/1.1" 200 0 "HTTPS" "outgoing via 192.168.50.30"
192.168.6.34 - amorgado [08/Aug/2021:05:47:09 -0500] "POST http://149.154.175.50:80/api HTTP/1.1" 200 395 "HTTP" ""
192.168.10.20 - arodriguez [08/Aug/2021:05:47:27 -0500] "CONNECT relay-bfb5e868.net.anydesk.com:80 HTTP/1.1" 200 0 "HTTPS" "outgoing via 192.168.50.30"
192.168.6.34 - amorgado [08/Aug/2021:05:47:34 -0500] "POST http://149.154.175.50:80/api HTTP/1.1" 200 403 "HTTP" ""
192.168.10.20 - arodriguez [08/Aug/2021:05:47:56 -0500] "CONNECT relay-bfb5e868.net.anydesk.com:80 HTTP/1.1" 200 0 "HTTPS" "outgoing via 192.168.50.30"
192.168.6.34 - amorgado [08/Aug/2021:05:48:00 -0500] "POST http://149.154.175.50:80/api HTTP/1.1" 200 399 "HTTP" ""
192.168.10.20 - arodriguez [08/Aug/2021:05:48:09 -0500] "CONNECT relay-0767eec0.net.anydesk.com:80 HTTP/1.1" 200 0 "HTTPS" "outgoing via 192.168.50.30"
192.168.6.34 - amorgado [08/Aug/2021:05:48:25 -0500] "POST http://149.154.175.50:80/api HTTP/1.1" 200 403 "HTTP" ""
192.168.10.20 - arodriguez [08/Aug/2021:05:48:38 -0500] "CONNECT relay-0767eec0.net.anydesk.com:80 HTTP/1.1" 200 0 "HTTPS" "outgoing via 192.168.50.30"
192.168.6.34 - amorgado [08/Aug/2021:05:48:50 -0500] "POST http://149.154.175.50:80/api HTTP/1.1" 200 408 "HTTP" ""
192.168.10.20 - arodriguez [08/Aug/2021:05:49:07 -0500] "CONNECT relay-0767eec0.net.anydesk.com:80 HTTP/1.1" 200 0 "HTTPS" "outgoing via 192.168.50.30"
192.168.6.34 - amorgado [08/Aug/2021:05:49:15 -0500] "POST http://149.154.175.50:80/api HTTP/1.1" 200 399 "HTTP" ""
192.168.10.20 - arodriguez [08/Aug/2021:05:49:36 -0500] "CONNECT relay-0767eec0.net.anydesk.com:80 HTTP/1.1" 200 0 "HTTPS" "outgoing via 192.168.50.30"
192.168.6.34 - amorgado [08/Aug/2021:05:49:40 -0500] "POST http://149.154.175.50:80/api HTTP/1.1" 200 403 "HTTP" ""
192.168.10.20 - arodriguez [08/Aug/2021:05:50:05 -0500] "CONNECT relay-0767eec0.net.anydesk.com:80 HTTP/1.1" 200 0 "HTTPS" "outgoing via 192.168.50.30"
192.168.6.34 - amorgado [08/Aug/2021:05:50:06 -0500] "POST http://149.154.175.50:80/api HTTP/1.1" 200 395 "HTTP" ""
192.168.6.34 - amorgado [08/Aug/2021:05:50:11 -0500] "CONNECT 149.154.175.50:443 HTTP/1.1" 200 0 "HTTPS" "outgoing via 192.168.50.30"
192.168.6.34 - amorgado [08/Aug/2021:05:50:11 -0500] "CONNECT 45.142.38.130:9286 HTTP/1.1" 200 0 "HTTPS" "outgoing via 192.168.50.30"
192.168.10.20 - arodriguez [08/Aug/2021:05:50:18 -0500] "CONNECT relay-bd01ff02.net.anydesk.com:80 HTTP/1.1" 200 0 "HTTPS" "outgoing via 192.168.50.30"
192.168.6.34 - amorgado [08/Aug/2021:05:50:31 -0500] "POST http://149.154.175.50:80/api HTTP/1.1" 200 399 "HTTP" ""
192.168.10.20 - arodriguez [08/Aug/2021:05:50:47 -0500] "CONNECT relay-bd01ff02.net.anydesk.com:80 HTTP/1.1" 200 0 "HTTPS" "outgoing via 192.168.50.30"
192.168.6.34 - amorgado [08/Aug/2021:05:50:56 -0500] "POST http://149.154.175.50:80/api HTTP/1.1" 200 395 "HTTP" ""
192.168.10.20 - arodriguez [08/Aug/2021:05:51:16 -0500] "CONNECT relay-bd01ff02.net.anydesk.com:80 HTTP/1.1" 200 0 "HTTPS" "outgoing via 192.168.50.30"
192.168.6.34 - amorgado [08/Aug/2021:05:51:21 -0500] "POST http://149.154.175.50:80/api HTTP/1.1" 200 399 "HTTP" ""
192.168.10.20 - arodriguez [08/Aug/2021:05:51:30 -0500] "CONNECT relay-2da43234.net.anydesk.com:80 HTTP/1.1" 200 0 "HTTPS" "outgoing via 192.168.50.30"
192.168.6.34 - amorgado [08/Aug/2021:05:51:46 -0500] "POST http://149.154.175.50:80/api HTTP/1.1" 200 399 "HTTP" ""
192.168.10.20 - arodriguez [08/Aug/2021:05:51:59 -0500] "CONNECT relay-2da43234.net.anydesk.com:80 HTTP/1.1" 200 0 "HTTPS" "outgoing via 192.168.50.30"
192.168.6.34 - amorgado [08/Aug/2021:05:52:11 -0500] "POST http://149.154.175.50:80/api HTTP/1.1" 200 399 "HTTP" ""
192.168.10.20 - arodriguez [08/Aug/2021:05:52:28 -0500] "CONNECT relay-2da43234.net.anydesk.com:80 HTTP/1.1" 200 0 "HTTPS" "outgoing via 192.168.50.30"
192.168.6.34 - amorgado [08/Aug/2021:05:52:37 -0500] "POST http://149.154.175.50:80/api HTTP/1.1" 200 403 "HTTP" ""
192.168.10.20 - arodriguez [08/Aug/2021:05:52:57 -0500] "CONNECT relay-2da43234.net.anydesk.com:80 HTTP/1.1" 200 0 "HTTPS" "outgoing via 192.168.50.30"
192.168.6.34 - amorgado [08/Aug/2021:05:53:02 -0500] "POST http://149.154.175.50:80/api HTTP/1.1" 200 395 "HTTP" ""
192.168.10.20 - arodriguez [08/Aug/2021:05:53:26 -0500] "CONNECT relay-2da43234.net.anydesk.com:80 HTTP/1.1" 200 0 "HTTPS" "outgoing via 192.168.50.30"
192.168.6.34 - amorgado [08/Aug/2021:05:53:27 -0500] "POST http://149.154.175.50:80/api HTTP/1.1" 200 395 "HTTP" ""
192.168.10.20 - arodriguez [08/Aug/2021:05:53:39 -0500] "CONNECT relay-922f66f3.net.anydesk.com:80 HTTP/1.1" 200 0 "HTTPS" "outgoing via 192.168.50.30"
192.168.6.34 - amorgado [08/Aug/2021:05:53:52 -0500] "POST http://149.154.175.50:80/api HTTP/1.1" 200 403 "HTTP" ""
192.168.10.20 - arodriguez [08/Aug/2021:05:54:08 -0500] "CONNECT relay-922f66f3.net.anydesk.com:80 HTTP/1.1" 200 0 "HTTPS" "outgoing via 192.168.50.30"
192.168.6.34 - amorgado [08/Aug/2021:05:54:17 -0500] "POST http://149.154.175.50:80/api HTTP/1.1" 200 408 "HTTP" ""
192.168.10.20 - arodriguez [08/Aug/2021:05:54:37 -0500] "CONNECT relay-922f66f3.net.anydesk.com:80 HTTP/1.1" 200 0 "HTTPS" "outgoing via 192.168.50.30"
192.168.6.34 - amorgado [08/Aug/2021:05:54:42 -0500] "POST http://149.154.175.50:80/api HTTP/1.1" 200 403 "HTTP" ""
192.168.10.20 - arodriguez [08/Aug/2021:05:54:50 -0500] "CONNECT relay-497b2e35.net.anydesk.com:80 HTTP/1.1" 200 0 "HTTPS" "outgoing via 192.168.50.30"
192.168.6.34 - amorgado [08/Aug/2021:05:55:08 -0500] "POST http://149.154.175.50:80/api HTTP/1.1" 200 408 "HTTP" ""
192.168.6.34 - amorgado [08/Aug/2021:05:55:13 -0500] "CONNECT 149.154.175.50:443 HTTP/1.1" 200 0 "HTTPS" "outgoing via 192.168.50.30"
192.168.6.34 - amorgado [08/Aug/2021:05:55:13 -0500] "CONNECT 45.142.38.130:9286 HTTP/1.1" 200 0 "HTTPS" "outgoing via 192.168.50.30"
192.168.10.20 - arodriguez [08/Aug/2021:05:55:19 -0500] "CONNECT relay-497b2e35.net.anydesk.com:80 HTTP/1.1" 200 0 "HTTPS" "outgoing via 192.168.50.30"
192.168.6.34 - amorgado [08/Aug/2021:05:55:33 -0500] "POST http://149.154.175.50:80/api HTTP/1.1" 200 403 "HTTP" ""
192.168.10.20 - arodriguez [08/Aug/2021:05:55:48 -0500] "CONNECT relay-497b2e35.net.anydesk.com:80 HTTP/1.1" 200 0 "HTTPS" "outgoing via 192.168.50.30"
192.168.6.34 - amorgado [08/Aug/2021:05:55:58 -0500] "POST http://149.154.175.50:80/api HTTP/1.1" 200 395 "HTTP" ""
192.168.10.20 - arodriguez [08/Aug/2021:05:56:02 -0500] "CONNECT relay-1954f6f5.net.anydesk.com:80 HTTP/1.1" 200 0 "HTTPS" "outgoing via 192.168.50.30"
192.168.6.34 - amorgado [08/Aug/2021:05:56:23 -0500] "POST http://149.154.175.50:80/api HTTP/1.1" 200 399 "HTTP" ""
192.168.10.20 - arodriguez [08/Aug/2021:05:56:31 -0500] "CONNECT relay-1954f6f5.net.anydesk.com:80 HTTP/1.1" 200 0 "HTTPS" "outgoing via 192.168.50.30"
192.168.6.34 - amorgado [08/Aug/2021:05:56:48 -0500] "POST http://149.154.175.50:80/api HTTP/1.1" 200 399 "HTTP" ""
192.168.10.20 - arodriguez [08/Aug/2021:05:56:59 -0500] "CONNECT relay-1954f6f5.net.anydesk.com:80 HTTP/1.1" 200 0 "HTTPS" "outgoing via 192.168.50.30"
192.168.6.34 - amorgado [08/Aug/2021:05:57:13 -0500] "POST http://149.154.175.50:80/api HTTP/1.1" 200 403 "HTTP" ""
192.168.10.20 - arodriguez [08/Aug/2021:05:57:28 -0500] "CONNECT relay-1954f6f5.net.anydesk.com:80 HTTP/1.1" 200 0 "HTTPS" "outgoing via 192.168.50.30"
192.168.6.34 - amorgado [08/Aug/2021:05:57:33 -0500] "CONNECT update.googleapis.com:443 HTTP/1.1" 200 0 "HTTPS" "outgoing via 192.168.50.30"
192.168.6.34 - amorgado [08/Aug/2021:05:57:39 -0500] "POST http://149.154.175.50:80/api HTTP/1.1" 200 403 "HTTP" ""
192.168.10.20 - arodriguez [08/Aug/2021:05:57:42 -0500] "CONNECT relay-bd01ff02.net.anydesk.com:80 HTTP/1.1" 200 0 "HTTPS" "outgoing via 192.168.50.30"
192.168.6.34 - amorgado [08/Aug/2021:05:58:04 -0500] "POST http://149.154.175.50:80/api HTTP/1.1" 200 403 "HTTP" ""
192.168.10.20 - arodriguez [08/Aug/2021:05:58:10 -0500] "CONNECT relay-bd01ff02.net.anydesk.com:80 HTTP/1.1" 200 0 "HTTPS" "outgoing via 192.168.50.30"
192.168.6.34 - amorgado [08/Aug/2021:05:58:29 -0500] "POST http://149.154.175.50:80/api HTTP/1.1" 200 403 "HTTP" ""
192.168.10.20 - arodriguez [08/Aug/2021:05:58:39 -0500] "CONNECT relay-bd01ff02.net.anydesk.com:80 HTTP/1.1" 200 0 "HTTPS" "outgoing via 192.168.50.30"
192.168.6.34 - amorgado [08/Aug/2021:05:58:54 -0500] "POST http://149.154.175.50:80/api HTTP/1.1" 200 399 "HTTP" ""
192.168.10.20 - arodriguez [08/Aug/2021:05:59:08 -0500] "CONNECT relay-bd01ff02.net.anydesk.com:80 HTTP/1.1" 200 0 "HTTPS" "outgoing via 192.168.50.30"
192.168.6.34 - amorgado [08/Aug/2021:05:59:19 -0500] "POST http://149.154.175.50:80/api HTTP/1.1" 200 403 "HTTP" ""
192.168.10.20 - arodriguez [08/Aug/2021:05:59:38 -0500] "CONNECT relay-bd01ff02.net.anydesk.com:80 HTTP/1.1" 200 0 "HTTPS" "outgoing via 192.168.50.30"
192.168.6.34 - amorgado [08/Aug/2021:05:59:45 -0500] "POST http://149.154.175.50:80/api HTTP/1.1" 200 395 "HTTP" ""
192.168.10.20 - arodriguez [08/Aug/2021:05:59:51 -0500] "CONNECT relay-a54c6d92.net.anydesk.com:80 HTTP/1.1" 200 0 "HTTPS" "outgoing via 192.168.50.30"
192.168.6.34 - amorgado [08/Aug/2021:06:00:10 -0500] "POST http://149.154.175.50:80/api HTTP/1.1" 200 395 "HTTP" ""
192.168.6.34 - amorgado [08/Aug/2021:06:00:16 -0500] "CONNECT 149.154.175.50:443 HTTP/1.1" 200 0 "HTTPS" "outgoing via 192.168.50.30"
192.168.6.34 - amorgado [08/Aug/2021:06:00:16 -0500] "CONNECT 45.142.38.130:9286 HTTP/1.1" 200 0 "HTTPS" "outgoing via 192.168.50.30"
192.168.10.20 - arodriguez [08/Aug/2021:06:00:20 -0500] "CONNECT relay-a54c6d92.net.anydesk.com:80 HTTP/1.1" 200 0 "HTTPS" "outgoing via 192.168.50.30"
192.168.6.34 - amorgado [08/Aug/2021:06:00:35 -0500] "POST http://149.154.175.50:80/api HTTP/1.1" 200 395 "HTTP" ""
192.168.10.20 - arodriguez [08/Aug/2021:06:00:49 -0500] "CONNECT relay-a54c6d92.net.anydesk.com:80 HTTP/1.1" 200 0 "HTTPS" "outgoing via 192.168.50.30"
192.168.6.34 - amorgado [08/Aug/2021:06:01:00 -0500] "POST http://149.154.175.50:80/api HTTP/1.1" 200 408 "HTTP" ""
192.168.6.34 - amorgado [08/Aug/2021:06:01:06 -0500] "CONNECT settings-win.data.microsoft.com:443 HTTP/1.1" 200 0 "HTTPS" "outgoing via 192.168.50.30"
192.168.10.20 - arodriguez [08/Aug/2021:06:01:18 -0500] "CONNECT relay-a54c6d92.net.anydesk.com:80 HTTP/1.1" 200 0 "HTTPS" "outgoing via 192.168.50.30"
192.168.6.34 - amorgado [08/Aug/2021:06:01:25 -0500] "POST http://149.154.175.50:80/api HTTP/1.1" 200 408 "HTTP" ""
192.168.10.20 - arodriguez [08/Aug/2021:06:01:47 -0500] "CONNECT relay-a54c6d92.net.anydesk.com:80 HTTP/1.1" 200 0 "HTTPS" "outgoing via 192.168.50.30"
192.168.6.34 - amorgado [08/Aug/2021:06:01:50 -0500] "POST http://149.154.175.50:80/api HTTP/1.1" 200 395 "HTTP" ""
192.168.10.20 - arodriguez [08/Aug/2021:06:02:00 -0500] "CONNECT relay-629d065f.net.anydesk.com:80 HTTP/1.1" 200 0 "HTTPS" "outgoing via 192.168.50.30"
192.168.6.34 - amorgado [08/Aug/2021:06:02:16 -0500] "POST http://149.154.175.50:80/api HTTP/1.1" 200 399 "HTTP" ""
192.168.10.20 - arodriguez [08/Aug/2021:06:02:29 -0500] "CONNECT relay-629d065f.net.anydesk.com:80 HTTP/1.1" 200 0 "HTTPS" "outgoing via 192.168.50.30"
192.168.6.34 - amorgado [08/Aug/2021:06:02:41 -0500] "POST http://149.154.175.50:80/api HTTP/1.1" 200 399 "HTTP" ""
192.168.10.20 - arodriguez [08/Aug/2021:06:02:58 -0500] "CONNECT relay-629d065f.net.anydesk.com:80 HTTP/1.1" 200 0 "HTTPS" "outgoing via 192.168.50.30"
192.168.6.34 - amorgado [08/Aug/2021:06:03:06 -0500] "POST http://149.154.175.50:80/api HTTP/1.1" 200 395 "HTTP" ""
192.168.10.20 - arodriguez [08/Aug/2021:06:03:27 -0500] "CONNECT relay-629d065f.net.anydesk.com:80 HTTP/1.1" 200 0 "HTTPS" "outgoing via 192.168.50.30"
192.168.6.34 - amorgado [08/Aug/2021:06:03:31 -0500] "POST http://149.154.175.50:80/api HTTP/1.1" 200 395 "HTTP" ""
192.168.10.20 - arodriguez [08/Aug/2021:06:03:41 -0500] "CONNECT relay-82fc4166.net.anydesk.com:80 HTTP/1.1" 200 0 "HTTPS" "outgoing via 192.168.50.30"
192.168.6.34 - amorgado [08/Aug/2021:06:03:56 -0500] "POST http://149.154.175.50:80/api HTTP/1.1" 200 399 "HTTP" ""
192.168.6.34 - amorgado [08/Aug/2021:06:04:09 -0500] "CONNECT v10.events.data.microsoft.com:443 HTTP/1.1" 200 0 "HTTPS" "outgoing via 192.168.50.30"
192.168.10.20 - arodriguez [08/Aug/2021:06:04:10 -0500] "CONNECT relay-82fc4166.net.anydesk.com:80 HTTP/1.1" 200 0 "HTTPS" "outgoing via 192.168.50.30"
192.168.6.34 - amorgado [08/Aug/2021:06:04:21 -0500] "POST http://149.154.175.50:80/api HTTP/1.1" 200 395 "HTTP" ""
192.168.10.20 - arodriguez [08/Aug/2021:06:04:39 -0500] "CONNECT relay-82fc4166.net.anydesk.com:80 HTTP/1.1" 200 0 "HTTPS" "outgoing via 192.168.50.30"
192.168.6.34 - amorgado [08/Aug/2021:06:04:47 -0500] "POST http://149.154.175.50:80/api HTTP/1.1" 200 399 "HTTP" ""
192.168.10.20 - arodriguez [08/Aug/2021:06:04:52 -0500] "CONNECT relay-717265af.net.anydesk.com:80 HTTP/1.1" 200 0 "HTTPS" "outgoing via 192.168.50.30"
192.168.6.34 - amorgado [08/Aug/2021:06:05:12 -0500] "POST http://149.154.175.50:80/api HTTP/1.1" 200 408 "HTTP" ""
192.168.6.34 - amorgado [08/Aug/2021:06:05:18 -0500] "CONNECT 149.154.175.50:443 HTTP/1.1" 200 0 "HTTPS" "outgoing via 192.168.50.30"
192.168.6.34 - amorgado [08/Aug/2021:06:05:18 -0500] "CONNECT 45.142.38.130:9286 HTTP/1.1" 200 0 "HTTPS" "outgoing via 192.168.50.30"
192.168.10.20 - arodriguez [08/Aug/2021:06:05:21 -0500] "CONNECT relay-717265af.net.anydesk.com:80 HTTP/1.1" 200 0 "HTTPS" "outgoing via 192.168.50.30"
192.168.6.34 - amorgado [08/Aug/2021:06:05:37 -0500] "POST http://149.154.175.50:80/api HTTP/1.1" 200 399 "HTTP" ""
192.168.6.34 - amorgado [08/Aug/2021:06:05:46 -0500] "CONNECT www.bing.com:443 HTTP/1.0" 200 0 "HTTPS" "outgoing via 192.168.50.30"
192.168.10.20 - arodriguez [08/Aug/2021:06:05:50 -0500] "CONNECT relay-717265af.net.anydesk.com:80 HTTP/1.1" 200 0 "HTTPS" "outgoing via 192.168.50.30"
192.168.6.34 - amorgado [08/Aug/2021:06:06:02 -0500] "POST http://149.154.175.50:80/api HTTP/1.1" 200 408 "HTTP" ""
192.168.10.20 - arodriguez [08/Aug/2021:06:06:04 -0500] "CONNECT relay-f4ae83b1.net.anydesk.com:80 HTTP/1.1" 200 0 "HTTPS" "outgoing via 192.168.50.30"
192.168.6.34 - amorgado [08/Aug/2021:06:06:27 -0500] "POST http://149.154.175.50:80/api HTTP/1.1" 200 399 "HTTP" ""
192.168.10.20 - arodriguez [08/Aug/2021:06:06:33 -0500] "CONNECT relay-f4ae83b1.net.anydesk.com:80 HTTP/1.1" 200 0 "HTTPS" "outgoing via 192.168.50.30"
192.168.6.34 - amorgado [08/Aug/2021:06:06:53 -0500] "POST http://149.154.175.50:80/api HTTP/1.1" 200 403 "HTTP" ""
192.168.10.20 - arodriguez [08/Aug/2021:06:07:01 -0500] "CONNECT relay-f4ae83b1.net.anydesk.com:80 HTTP/1.1" 200 0 "HTTPS" "outgoing via 192.168.50.30"
192.168.10.20 - arodriguez [08/Aug/2021:06:07:15 -0500] "CONNECT relay-bf5451a5.net.anydesk.com:80 HTTP/1.1" 200 0 "HTTPS" "outgoing via 192.168.50.30"
192.168.6.34 - amorgado [08/Aug/2021:06:07:18 -0500] "POST http://149.154.175.50:80/api HTTP/1.1" 200 403 "HTTP" ""
192.168.6.34 - amorgado [08/Aug/2021:06:07:43 -0500] "POST http://149.154.175.50:80/api HTTP/1.1" 200 395 "HTTP" ""
192.168.10.20 - arodriguez [08/Aug/2021:06:07:44 -0500] "CONNECT relay-bf5451a5.net.anydesk.com:80 HTTP/1.1" 200 0 "HTTPS" "outgoing via 192.168.50.30"
192.168.6.34 - amorgado [08/Aug/2021:06:08:08 -0500] "POST http://149.154.175.50:80/api HTTP/1.1" 200 403 "HTTP" ""
192.168.10.20 - arodriguez [08/Aug/2021:06:08:13 -0500] "CONNECT relay-bf5451a5.net.anydesk.com:80 HTTP/1.1" 200 0 "HTTPS" "outgoing via 192.168.50.30"
192.168.6.34 - amorgado [08/Aug/2021:06:08:33 -0500] "POST http://149.154.175.50:80/api HTTP/1.1" 200 403 "HTTP" ""
192.168.10.20 - arodriguez [08/Aug/2021:06:08:42 -0500] "CONNECT relay-bf5451a5.net.anydesk.com:80 HTTP/1.1" 200 0 "HTTPS" "outgoing via 192.168.50.30"
192.168.6.34 - amorgado [08/Aug/2021:06:08:58 -0500] "POST http://149.154.175.50:80/api HTTP/1.1" 200 408 "HTTP" ""
192.168.10.20 - arodriguez [08/Aug/2021:06:09:11 -0500] "CONNECT relay-bf5451a5.net.anydesk.com:80 HTTP/1.1" 200 0 "HTTPS" "outgoing via 192.168.50.30"
192.168.6.34 - amorgado [08/Aug/2021:06:09:24 -0500] "POST http://149.154.175.50:80/api HTTP/1.1" 200 403 "HTTP" ""
192.168.10.20 - arodriguez [08/Aug/2021:06:09:40 -0500] "CONNECT relay-bf5451a5.net.anydesk.com:80 HTTP/1.1" 200 0 "HTTPS" "outgoing via 192.168.50.30"
192.168.6.34 - amorgado [08/Aug/2021:06:09:49 -0500] "POST http://149.154.175.50:80/api HTTP/1.1" 200 408 "HTTP" ""
192.168.10.20 - arodriguez [08/Aug/2021:06:09:53 -0500] "CONNECT relay-bf8a115f.net.anydesk.com:80 HTTP/1.1" 200 0 "HTTPS" "outgoing via 192.168.50.30"
192.168.6.34 - amorgado [08/Aug/2021:06:10:14 -0500] "POST http://149.154.175.50:80/api HTTP/1.1" 200 395 "HTTP" ""
192.168.6.34 - amorgado [08/Aug/2021:06:10:20 -0500] "CONNECT 149.154.175.50:443 HTTP/1.1" 200 0 "HTTPS" "outgoing via 192.168.50.30"
192.168.6.34 - amorgado [08/Aug/2021:06:10:21 -0500] "CONNECT 45.142.38.130:9286 HTTP/1.1" 200 0 "HTTPS" "outgoing via 192.168.50.30"
192.168.10.20 - arodriguez [08/Aug/2021:06:10:22 -0500] "CONNECT relay-bf8a115f.net.anydesk.com:80 HTTP/1.1" 200 0 "HTTPS" "outgoing via 192.168.50.30"
192.168.6.34 - amorgado [08/Aug/2021:06:10:39 -0500] "POST http://149.154.175.50:80/api HTTP/1.1" 200 395 "HTTP" ""
192.168.10.20 - arodriguez [08/Aug/2021:06:10:51 -0500] "CONNECT relay-bf8a115f.net.anydesk.com:80 HTTP/1.1" 200 0 "HTTPS" "outgoing via 192.168.50.30"
192.168.6.34 - amorgado [08/Aug/2021:06:11:04 -0500] "POST http://149.154.175.50:80/api HTTP/1.1" 200 408 "HTTP" ""
192.168.10.20 - arodriguez [08/Aug/2021:06:11:05 -0500] "CONNECT relay-5d364c18.net.anydesk.com:80 HTTP/1.1" 200 0 "HTTPS" "outgoing via 192.168.50.30"
192.168.6.34 - amorgado [08/Aug/2021:06:11:29 -0500] "POST http://149.154.175.50:80/api HTTP/1.1" 200 408 "HTTP" ""
192.168.10.20 - arodriguez [08/Aug/2021:06:11:34 -0500] "CONNECT relay-5d364c18.net.anydesk.com:80 HTTP/1.1" 200 0 "HTTPS" "outgoing via 192.168.50.30"
192.168.6.34 - amorgado [08/Aug/2021:06:11:55 -0500] "POST http://149.154.175.50:80/api HTTP/1.1" 200 395 "HTTP" ""
192.168.10.20 - arodriguez [08/Aug/2021:06:12:03 -0500] "CONNECT relay-5d364c18.net.anydesk.com:80 HTTP/1.1" 200 0 "HTTPS" "outgoing via 192.168.50.30"
192.168.10.20 - arodriguez [08/Aug/2021:06:12:16 -0500] "CONNECT relay-82fc4166.net.anydesk.com:80 HTTP/1.1" 200 0 "HTTPS" "outgoing via 192.168.50.30"
192.168.6.34 - amorgado [08/Aug/2021:06:12:20 -0500] "POST http://149.154.175.50:80/api HTTP/1.1" 200 395 "HTTP" ""
192.168.6.34 - amorgado [08/Aug/2021:06:12:45 -0500] "POST http://149.154.175.50:80/api HTTP/1.1" 200 395 "HTTP" ""
192.168.10.20 - arodriguez [08/Aug/2021:06:12:45 -0500] "CONNECT relay-82fc4166.net.anydesk.com:80 HTTP/1.1" 200 0 "HTTPS" "outgoing via 192.168.50.30"
192.168.6.34 - amorgado [08/Aug/2021:06:13:10 -0500] "POST http://149.154.175.50:80/api HTTP/1.1" 200 408 "HTTP" ""
192.168.10.20 - arodriguez [08/Aug/2021:06:13:14 -0500] "CONNECT relay-82fc4166.net.anydesk.com:80 HTTP/1.1" 200 0 "HTTPS" "outgoing via 192.168.50.30"
192.168.10.20 - arodriguez [08/Aug/2021:06:13:28 -0500] "CONNECT relay-1954f6f5.net.anydesk.com:80 HTTP/1.1" 200 0 "HTTPS" "outgoing via 192.168.50.30"
192.168.6.34 - amorgado [08/Aug/2021:06:13:35 -0500] "POST http://149.154.175.50:80/api HTTP/1.1" 200 399 "HTTP" ""
192.168.50.50 - servidores [08/Aug/2021:06:13:46 -0500] "CONNECT mirrors.fedoraproject.org:443 HTTP/1.1" 200 0 "HTTPS" "outgoing via 192.168.50.30"
192.168.50.50 - servidores [08/Aug/2021:06:13:56 -0500] "CONNECT remi.mirror.digitalpacific.com.au:443 HTTP/1.1" 200 0 "HTTPS" "outgoing via 192.168.50.30"
192.168.10.20 - arodriguez [08/Aug/2021:06:13:57 -0500] "CONNECT relay-1954f6f5.net.anydesk.com:80 HTTP/1.1" 200 0 "HTTPS" "outgoing via 192.168.50.30"
192.168.50.50 - servidores [08/Aug/2021:06:13:58 -0500] "GET http://mirror.uepg.br/centos/7.9.2009/os/x86_64/repodata/repomd.xml HTTP/1.1" 200 4249 "HTTP" ""
192.168.6.34 - amorgado [08/Aug/2021:06:14:00 -0500] "POST http://149.154.175.50:80/api HTTP/1.1" 200 399 "HTTP" ""
192.168.6.34 - amorgado [08/Aug/2021:06:14:26 -0500] "POST http://149.154.175.50:80/api HTTP/1.1" 200 408 "HTTP" ""
192.168.10.20 - arodriguez [08/Aug/2021:06:14:26 -0500] "CONNECT relay-1954f6f5.net.anydesk.com:80 HTTP/1.1" 200 0 "HTTPS" "outgoing via 192.168.50.30"
192.168.10.20 - arodriguez [08/Aug/2021:06:14:40 -0500] "CONNECT relay-a54c6d92.net.anydesk.com:80 HTTP/1.1" 200 0 "HTTPS" "outgoing via 192.168.50.30"
192.168.6.34 - amorgado [08/Aug/2021:06:14:51 -0500] "POST http://149.154.175.50:80/api HTTP/1.1" 200 403 "HTTP" ""
192.168.10.20 - arodriguez [08/Aug/2021:06:15:09 -0500] "CONNECT relay-a54c6d92.net.anydesk.com:80 HTTP/1.1" 200 0 "HTTPS" "outgoing via 192.168.50.30"
192.168.6.34 - amorgado [08/Aug/2021:06:15:16 -0500] "POST http://149.154.175.50:80/api HTTP/1.1" 200 403 "HTTP" ""
192.168.6.34 - amorgado [08/Aug/2021:06:15:23 -0500] "CONNECT 149.154.175.50:443 HTTP/1.1" 200 0 "HTTPS" "outgoing via 192.168.50.30"
192.168.6.34 - amorgado [08/Aug/2021:06:15:23 -0500] "CONNECT 45.142.38.130:9286 HTTP/1.1" 200 0 "HTTPS" "outgoing via 192.168.50.30"
192.168.10.20 - arodriguez [08/Aug/2021:06:15:38 -0500] "CONNECT relay-a54c6d92.net.anydesk.com:80 HTTP/1.1" 200 0 "HTTPS" "outgoing via 192.168.50.30"
192.168.6.34 - amorgado [08/Aug/2021:06:15:41 -0500] "POST http://149.154.175.50:80/api HTTP/1.1" 200 408 "HTTP" ""
192.168.10.20 - arodriguez [08/Aug/2021:06:15:51 -0500] "CONNECT relay-bf8a115f.net.anydesk.com:80 HTTP/1.1" 200 0 "HTTPS" "outgoing via 192.168.50.30"
192.168.6.34 - amorgado [08/Aug/2021:06:16:06 -0500] "POST http://149.154.175.50:80/api HTTP/1.1" 200 395 "HTTP" ""
192.168.6.34 - amorgado [08/Aug/2021:06:16:08 -0500] "CONNECT settings-win.data.microsoft.com:443 HTTP/1.1" 200 0 "HTTPS" "outgoing via 192.168.50.30"
192.168.10.20 - arodriguez [08/Aug/2021:06:16:20 -0500] "CONNECT relay-bf8a115f.net.anydesk.com:80 HTTP/1.1" 200 0 "HTTPS" "outgoing via 192.168.50.30"
192.168.6.34 - amorgado [08/Aug/2021:06:16:32 -0500] "POST http://149.154.175.50:80/api HTTP/1.1" 200 395 "HTTP" ""
192.168.10.20 - arodriguez [08/Aug/2021:06:16:49 -0500] "CONNECT relay-bf8a115f.net.anydesk.com:80 HTTP/1.1" 200 0 "HTTPS" "outgoing via 192.168.50.30"
192.168.5.107 - jpuñales [08/Aug/2021:06:16:55 -0500] "CONNECT safebrowsing.googleapis.com:443 HTTP/1.1" 200 0 "HTTPS" "outgoing via 192.168.50.30"
192.168.6.34 - amorgado [08/Aug/2021:06:16:57 -0500] "POST http://149.154.175.50:80/api HTTP/1.1" 200 399 "HTTP" ""
192.168.10.20 - arodriguez [08/Aug/2021:06:17:18 -0500] "CONNECT relay-bf8a115f.net.anydesk.com:80 HTTP/1.1" 200 0 "HTTPS" "outgoing via 192.168.50.30"
192.168.6.34 - amorgado [08/Aug/2021:06:17:22 -0500] "POST http://149.154.175.50:80/api HTTP/1.1" 200 395 "HTTP" ""
192.168.10.20 - arodriguez [08/Aug/2021:06:17:32 -0500] "CONNECT relay-b51eac1f.net.anydesk.com:80 HTTP/1.1" 200 0 "HTTPS" "outgoing via 192.168.50.30"
192.168.6.34 - amorgado [08/Aug/2021:06:17:47 -0500] "POST http://149.154.175.50:80/api HTTP/1.1" 200 403 "HTTP" ""
192.168.10.20 - arodriguez [08/Aug/2021:06:18:01 -0500] "CONNECT relay-b51eac1f.net.anydesk.com:80 HTTP/1.1" 200 0 "HTTPS" "outgoing via 192.168.50.30"
192.168.6.34 - amorgado [08/Aug/2021:06:18:12 -0500] "POST http://149.154.175.50:80/api HTTP/1.1" 200 403 "HTTP" ""
192.168.10.20 - arodriguez [08/Aug/2021:06:18:30 -0500] "CONNECT relay-b51eac1f.net.anydesk.com:80 HTTP/1.1" 200 0 "HTTPS" "outgoing via 192.168.50.30"
192.168.6.34 - amorgado [08/Aug/2021:06:18:37 -0500] "POST http://149.154.175.50:80/api HTTP/1.1" 200 395 "HTTP" ""
192.168.10.20 - arodriguez [08/Aug/2021:06:18:59 -0500] "CONNECT relay-b51eac1f.net.anydesk.com:80 HTTP/1.1" 200 0 "HTTPS" "outgoing via 192.168.50.30"
192.168.6.34 - amorgado [08/Aug/2021:06:19:03 -0500] "POST http://149.154.175.50:80/api HTTP/1.1" 200 403 "HTTP" ""
192.168.5.107 - jpuñales [08/Aug/2021:06:19:27 -0500] "CONNECT push.services.mozilla.com:443 HTTP/1.1" 200 0 "HTTPS" "outgoing via 192.168.50.30"
192.168.10.20 - arodriguez [08/Aug/2021:06:19:28 -0500] "CONNECT relay-b51eac1f.net.anydesk.com:80 HTTP/1.1" 200 0 "HTTPS" "outgoing via 192.168.50.30"
192.168.6.34 - amorgado [08/Aug/2021:06:19:28 -0500] "POST http://149.154.175.50:80/api HTTP/1.1" 200 395 "HTTP" ""
192.168.10.20 - arodriguez [08/Aug/2021:06:19:41 -0500] "CONNECT relay-8b8e1425.net.anydesk.com:80 HTTP/1.1" 200 0 "HTTPS" "outgoing via 192.168.50.30"
192.168.6.34 - amorgado [08/Aug/2021:06:19:53 -0500] "POST http://149.154.175.50:80/api HTTP/1.1" 200 403 "HTTP" ""
192.168.50.100 - servidores [08/Aug/2021:06:20:04 -0500] "GET http://mirror.facom.ufms.br/centos/7.9.2009/os/x86_64/repodata/repomd.xml HTTP/1.1" 200 4137 "HTTP" ""
192.168.10.20 - arodriguez [08/Aug/2021:06:20:10 -0500] "CONNECT relay-8b8e1425.net.anydesk.com:80 HTTP/1.1" 200 0 "HTTPS" "outgoing via 192.168.50.30"
192.168.6.34 - amorgado [08/Aug/2021:06:20:18 -0500] "POST http://149.154.175.50:80/api HTTP/1.1" 200 403 "HTTP" ""
192.168.6.34 - amorgado [08/Aug/2021:06:20:25 -0500] "CONNECT 149.154.175.50:443 HTTP/1.1" 200 0 "HTTPS" "outgoing via 192.168.50.30"
192.168.6.34 - amorgado [08/Aug/2021:06:20:25 -0500] "CONNECT 45.142.38.130:9286 HTTP/1.1" 200 0 "HTTPS" "outgoing via 192.168.50.30"
192.168.50.220 - servidores [08/Aug/2021:06:20:29 -0500] "CONNECT mirrors.fedoraproject.org:443 HTTP/1.1" 200 0 "HTTPS" "outgoing via 192.168.50.30"
192.168.50.220 - servidores [08/Aug/2021:06:20:34 -0500] "CONNECT repo.ius.io:443 HTTP/1.1" 200 0 "HTTPS" "outgoing via 192.168.50.30"
192.168.50.220 - servidores [08/Aug/2021:06:20:36 -0500] "CONNECT download.postgresql.org:443 HTTP/1.1" 200 0 "HTTPS" "outgoing via 192.168.50.30"
192.168.10.20 - arodriguez [08/Aug/2021:06:20:39 -0500] "CONNECT relay-8b8e1425.net.anydesk.com:80 HTTP/1.1" 200 0 "HTTPS" "outgoing via 192.168.50.30"
192.168.6.34 - amorgado [08/Aug/2021:06:20:43 -0500] "POST http://149.154.175.50:80/api HTTP/1.1" 200 395 "HTTP" ""
192.168.10.20 - arodriguez [08/Aug/2021:06:20:53 -0500] "CONNECT relay-d3705b18.net.anydesk.com:80 HTTP/1.1" 200 0 "HTTPS" "outgoing via 192.168.50.30"
192.168.50.220 - servidores [08/Aug/2021:06:20:54 -0500] "CONNECT download.postgresql.org:443 HTTP/1.1" 200 0 "HTTPS" "outgoing via 192.168.50.30"
192.168.50.220 - servidores [08/Aug/2021:06:20:59 -0500] "CONNECT mirrors.upr.edu:443 HTTP/1.1" 200 0 "HTTPS" "outgoing via 192.168.50.30"
192.168.50.220 - servidores [08/Aug/2021:06:21:00 -0500] "CONNECT download.rethinkdb.com:443 HTTP/1.1" 200 0 "HTTPS" "outgoing via 192.168.50.30"
192.168.50.220 - servidores [08/Aug/2021:06:21:01 -0500] "GET http://mirror.uepg.br/centos/7.9.2009/os/x86_64/repodata/repomd.xml HTTP/1.1" 200 4249 "HTTP" ""
192.168.6.34 - amorgado [08/Aug/2021:06:21:08 -0500] "POST http://149.154.175.50:80/api HTTP/1.1" 200 408 "HTTP" ""
192.168.10.20 - arodriguez [08/Aug/2021:06:21:22 -0500] "CONNECT relay-d3705b18.net.anydesk.com:80 HTTP/1.1" 200 0 "HTTPS" "outgoing via 192.168.50.30"
192.168.6.34 - amorgado [08/Aug/2021:06:21:34 -0500] "POST http://149.154.175.50:80/api HTTP/1.1" 200 403 "HTTP" ""
192.168.10.20 - arodriguez [08/Aug/2021:06:21:51 -0500] "CONNECT relay-d3705b18.net.anydesk.com:80 HTTP/1.1" 200 0 "HTTPS" "outgoing via 192.168.50.30"
192.168.6.34 - amorgado [08/Aug/2021:06:21:59 -0500] "POST http://149.154.175.50:80/api HTTP/1.1" 200 399 "HTTP" ""
192.168.10.20 - arodriguez [08/Aug/2021:06:22:20 -0500] "CONNECT relay-d3705b18.net.anydesk.com:80 HTTP/1.1" 200 0 "HTTPS" "outgoing via 192.168.50.30"
192.168.6.34 - amorgado [08/Aug/2021:06:22:24 -0500] "POST http://149.154.175.50:80/api HTTP/1.1" 200 399 "HTTP" ""
192.168.10.20 - arodriguez [08/Aug/2021:06:22:33 -0500] "CONNECT relay-5d364c18.net.anydesk.com:80 HTTP/1.1" 200 0 "HTTPS" "outgoing via 192.168.50.30"
192.168.6.34 - amorgado [08/Aug/2021:06:22:49 -0500] "POST http://149.154.175.50:80/api HTTP/1.1" 200 395 "HTTP" ""
192.168.10.20 - arodriguez [08/Aug/2021:06:23:02 -0500] "CONNECT relay-5d364c18.net.anydesk.com:80 HTTP/1.1" 200 0 "HTTPS" "outgoing via 192.168.50.30"
192.168.6.34 - amorgado [08/Aug/2021:06:23:14 -0500] "POST http://149.154.175.50:80/api HTTP/1.1" 200 408 "HTTP" ""
192.168.10.20 - arodriguez [08/Aug/2021:06:23:31 -0500] "CONNECT relay-5d364c18.net.anydesk.com:80 HTTP/1.1" 200 0 "HTTPS" "outgoing via 192.168.50.30"
192.168.6.34 - amorgado [08/Aug/2021:06:23:40 -0500] "POST http://149.154.175.50:80/api HTTP/1.1" 200 399 "HTTP" ""
192.168.10.20 - arodriguez [08/Aug/2021:06:23:44 -0500] "CONNECT relay-f6106504.net.anydesk.com:80 HTTP/1.1" 200 0 "HTTPS" "outgoing via 192.168.50.30"
192.168.6.34 - amorgado [08/Aug/2021:06:24:05 -0500] "POST http://149.154.175.50:80/api HTTP/1.1" 200 408 "HTTP" ""
192.168.10.20 - arodriguez [08/Aug/2021:06:24:13 -0500] "CONNECT relay-f6106504.net.anydesk.com:80 HTTP/1.1" 200 0 "HTTPS" "outgoing via 192.168.50.30"
192.168.6.34 - amorgado [08/Aug/2021:06:24:30 -0500] "POST http://149.154.175.50:80/api HTTP/1.1" 200 408 "HTTP" ""
192.168.10.20 - arodriguez [08/Aug/2021:06:24:42 -0500] "CONNECT relay-f6106504.net.anydesk.com:80 HTTP/1.1" 200 0 "HTTPS" "outgoing via 192.168.50.30"
192.168.6.34 - amorgado [08/Aug/2021:06:24:55 -0500] "POST http://149.154.175.50:80/api HTTP/1.1" 200 395 "HTTP" ""
192.168.10.20 - arodriguez [08/Aug/2021:06:24:56 -0500] "CONNECT relay-1954f6f5.net.anydesk.com:80 HTTP/1.1" 200 0 "HTTPS" "outgoing via 192.168.50.30"
192.168.6.34 - amorgado [08/Aug/2021:06:25:20 -0500] "POST http://149.154.175.50:80/api HTTP/1.1" 200 399 "HTTP" ""
192.168.10.20 - arodriguez [08/Aug/2021:06:25:25 -0500] "CONNECT relay-1954f6f5.net.anydesk.com:80 HTTP/1.1" 200 0 "HTTPS" "outgoing via 192.168.50.30"
192.168.6.34 - amorgado [08/Aug/2021:06:25:27 -0500] "CONNECT 149.154.175.50:443 HTTP/1.1" 200 0 "HTTPS" "outgoing via 192.168.50.30"
192.168.6.34 - amorgado [08/Aug/2021:06:25:27 -0500] "CONNECT 45.142.38.130:9286 HTTP/1.1" 200 0 "HTTPS" "outgoing via 192.168.50.30"
192.168.6.34 - amorgado [08/Aug/2021:06:25:45 -0500] "POST http://149.154.175.50:80/api HTTP/1.1" 200 403 "HTTP" ""
192.168.10.20 - arodriguez [08/Aug/2021:06:25:53 -0500] "CONNECT relay-1954f6f5.net.anydesk.com:80 HTTP/1.1" 200 0 "HTTPS" "outgoing via 192.168.50.30"
192.168.10.20 - arodriguez [08/Aug/2021:06:26:07 -0500] "CONNECT relay-bd01ff02.net.anydesk.com:80 HTTP/1.1" 200 0 "HTTPS" "outgoing via 192.168.50.30"
192.168.6.34 - amorgado [08/Aug/2021:06:26:11 -0500] "POST http://149.154.175.50:80/api HTTP/1.1" 200 408 "HTTP" ""
192.168.6.34 - amorgado [08/Aug/2021:06:26:36 -0500] "POST http://149.154.175.50:80/api HTTP/1.1" 200 403 "HTTP" ""
192.168.10.20 - arodriguez [08/Aug/2021:06:26:36 -0500] "CONNECT relay-bd01ff02.net.anydesk.com:80 HTTP/1.1" 200 0 "HTTPS" "outgoing via 192.168.50.30"
192.168.6.34 - amorgado [08/Aug/2021:06:27:01 -0500] "POST http://149.154.175.50:80/api HTTP/1.1" 200 395 "HTTP" ""
192.168.10.20 - arodriguez [08/Aug/2021:06:27:05 -0500] "CONNECT relay-bd01ff02.net.anydesk.com:80 HTTP/1.1" 200 0 "HTTPS" "outgoing via 192.168.50.30"
192.168.10.20 - arodriguez [08/Aug/2021:06:27:18 -0500] "CONNECT relay-bfcb38ab.net.anydesk.com:80 HTTP/1.1" 200 0 "HTTPS" "outgoing via 192.168.50.30"
