192.168.10.20 - arodriguez [13/Aug/2021:07:31:49 -0500] "CONNECT relay-5d364c18.net.anydesk.com:80 HTTP/1.1" 200 0 "HTTPS" "outgoing via 192.168.50.30"
192.168.10.20 - arodriguez [13/Aug/2021:07:32:18 -0500] "CONNECT relay-5d364c18.net.anydesk.com:80 HTTP/1.1" 200 0 "HTTPS" "outgoing via 192.168.50.30"
192.168.10.20 - arodriguez [13/Aug/2021:07:32:31 -0500] "CONNECT relay-5bec465c.net.anydesk.com:80 HTTP/1.1" 200 0 "HTTPS" "outgoing via 192.168.50.30"
192.168.10.20 - arodriguez [13/Aug/2021:07:33:00 -0500] "CONNECT relay-5bec465c.net.anydesk.com:80 HTTP/1.1" 200 0 "HTTPS" "outgoing via 192.168.50.30"
192.168.10.20 - arodriguez [13/Aug/2021:07:33:29 -0500] "CONNECT relay-5bec465c.net.anydesk.com:80 HTTP/1.1" 200 0 "HTTPS" "outgoing via 192.168.50.30"
192.168.10.20 - arodriguez [13/Aug/2021:07:33:58 -0500] "CONNECT relay-5bec465c.net.anydesk.com:80 HTTP/1.1" 200 0 "HTTPS" "outgoing via 192.168.50.30"
192.168.10.20 - arodriguez [13/Aug/2021:07:34:12 -0500] "CONNECT relay-1c040ae6.net.anydesk.com:80 HTTP/1.1" 200 0 "HTTPS" "outgoing via 192.168.50.30"
192.168.10.20 - arodriguez [13/Aug/2021:07:34:41 -0500] "CONNECT relay-1c040ae6.net.anydesk.com:80 HTTP/1.1" 200 0 "HTTPS" "outgoing via 192.168.50.30"
192.168.10.20 - arodriguez [13/Aug/2021:07:35:10 -0500] "CONNECT relay-1c040ae6.net.anydesk.com:80 HTTP/1.1" 200 0 "HTTPS" "outgoing via 192.168.50.30"
192.168.10.20 - arodriguez [13/Aug/2021:07:35:23 -0500] "CONNECT relay-5f045e20.net.anydesk.com:80 HTTP/1.1" 200 0 "HTTPS" "outgoing via 192.168.50.30"
192.168.10.20 - arodriguez [13/Aug/2021:07:35:52 -0500] "CONNECT relay-5f045e20.net.anydesk.com:80 HTTP/1.1" 200 0 "HTTPS" "outgoing via 192.168.50.30"
192.168.10.20 - arodriguez [13/Aug/2021:07:36:22 -0500] "CONNECT relay-5f045e20.net.anydesk.com:80 HTTP/1.1" 200 0 "HTTPS" "outgoing via 192.168.50.30"
192.168.10.20 - arodriguez [13/Aug/2021:07:36:51 -0500] "CONNECT relay-5f045e20.net.anydesk.com:80 HTTP/1.1" 200 0 "HTTPS" "outgoing via 192.168.50.30"
192.168.10.20 - arodriguez [13/Aug/2021:07:37:20 -0500] "CONNECT relay-5f045e20.net.anydesk.com:80 HTTP/1.1" 200 0 "HTTPS" "outgoing via 192.168.50.30"
192.168.10.20 - arodriguez [13/Aug/2021:07:37:33 -0500] "CONNECT relay-afcf85da.net.anydesk.com:80 HTTP/1.1" 200 0 "HTTPS" "outgoing via 192.168.50.30"
192.168.10.20 - arodriguez [13/Aug/2021:07:38:02 -0500] "CONNECT relay-afcf85da.net.anydesk.com:80 HTTP/1.1" 200 0 "HTTPS" "outgoing via 192.168.50.30"
192.168.10.20 - arodriguez [13/Aug/2021:07:38:31 -0500] "CONNECT relay-afcf85da.net.anydesk.com:80 HTTP/1.1" 200 0 "HTTPS" "outgoing via 192.168.50.30"
192.168.10.20 - arodriguez [13/Aug/2021:07:39:00 -0500] "CONNECT relay-afcf85da.net.anydesk.com:80 HTTP/1.1" 200 0 "HTTPS" "outgoing via 192.168.50.30"
192.168.10.20 - arodriguez [13/Aug/2021:07:39:29 -0500] "CONNECT relay-afcf85da.net.anydesk.com:80 HTTP/1.1" 200 0 "HTTPS" "outgoing via 192.168.50.30"
192.168.10.20 - arodriguez [13/Aug/2021:07:39:43 -0500] "CONNECT relay-dbede8d2.net.anydesk.com:80 HTTP/1.1" 200 0 "HTTPS" "outgoing via 192.168.50.30"
192.168.10.20 - arodriguez [13/Aug/2021:07:40:12 -0500] "CONNECT relay-dbede8d2.net.anydesk.com:80 HTTP/1.1" 200 0 "HTTPS" "outgoing via 192.168.50.30"
192.168.10.20 - arodriguez [13/Aug/2021:07:40:41 -0500] "CONNECT relay-dbede8d2.net.anydesk.com:80 HTTP/1.1" 200 0 "HTTPS" "outgoing via 192.168.50.30"
192.168.10.20 - arodriguez [13/Aug/2021:07:40:54 -0500] "CONNECT relay-922f66f3.net.anydesk.com:80 HTTP/1.1" 200 0 "HTTPS" "outgoing via 192.168.50.30"
192.168.5.57 - laura.rivas [13/Aug/2021:07:41:15 -0500] "CONNECT tiles.services.mozilla.com:443 HTTP/1.1" 200 0 "HTTPS" "outgoing via 192.168.50.30"
192.168.5.57 - laura.rivas [13/Aug/2021:07:41:15 -0500] "GET http://detectportal.firefox.com/success.txt HTTP/1.1" 200 362 "HTTP" ""
192.168.5.57 - laura.rivas [13/Aug/2021:07:41:15 -0500] "CONNECT snippets.cdn.mozilla.net:443 HTTP/1.1" 200 0 "HTTPS" "outgoing via 192.168.50.30"
192.168.5.57 - laura.rivas [13/Aug/2021:07:41:16 -0500] "CONNECT safebrowsing.googleapis.com:443 HTTP/1.1" 200 0 "HTTPS" "outgoing via 192.168.50.30"
192.168.5.57 - laura.rivas [13/Aug/2021:07:41:17 -0500] "CONNECT tiles.services.mozilla.com:443 HTTP/1.1" 200 0 "HTTPS" "outgoing via 192.168.50.30"
192.168.5.57 - laura.rivas [13/Aug/2021:07:41:17 -0500] "GET http://detectportal.firefox.com/success.txt HTTP/1.1" 200 362 "HTTP" ""
192.168.5.57 - laura.rivas [13/Aug/2021:07:41:18 -0500] "CONNECT tiles.services.mozilla.com:443 HTTP/1.1" 200 0 "HTTPS" "outgoing via 192.168.50.30"
192.168.5.57 - laura.rivas [13/Aug/2021:07:41:18 -0500] "GET http://detectportal.firefox.com/success.txt HTTP/1.1" 200 362 "HTTP" ""
192.168.5.57 - laura.rivas [13/Aug/2021:07:41:21 -0500] "CONNECT shavar.services.mozilla.com:443 HTTP/1.1" 200 0 "HTTPS" "outgoing via 192.168.50.30"
192.168.5.57 - laura.rivas [13/Aug/2021:07:41:21 -0500] "POST http://ocsp.pki.goog/gts1c3 HTTP/1.1" 200 849 "HTTP" ""
192.168.10.20 - arodriguez [13/Aug/2021:07:41:23 -0500] "CONNECT relay-922f66f3.net.anydesk.com:80 HTTP/1.1" 200 0 "HTTPS" "outgoing via 192.168.50.30"
192.168.10.20 - arodriguez [13/Aug/2021:07:41:52 -0500] "CONNECT relay-922f66f3.net.anydesk.com:80 HTTP/1.1" 200 0 "HTTPS" "outgoing via 192.168.50.30"
192.168.5.57 - laura.rivas [13/Aug/2021:07:42:12 -0500] "CONNECT snippets.cdn.mozilla.net:443 HTTP/1.1" 200 0 "HTTPS" "outgoing via 192.168.50.30"
192.168.5.57 - laura.rivas [13/Aug/2021:07:42:12 -0500] "CONNECT snippets.cdn.mozilla.net:443 HTTP/1.1" 200 0 "HTTPS" "outgoing via 192.168.50.30"
192.168.5.57 - laura.rivas [13/Aug/2021:07:42:13 -0500] "CONNECT incoming.telemetry.mozilla.org:443 HTTP/1.1" 200 0 "HTTPS" "outgoing via 192.168.50.30"
192.168.5.57 - laura.rivas [13/Aug/2021:07:42:14 -0500] "GET http://detectportal.firefox.com/success.txt HTTP/1.1" 200 362 "HTTP" ""
192.168.5.57 - laura.rivas [13/Aug/2021:07:42:18 -0500] "CONNECT tiles.services.mozilla.com:443 HTTP/1.1" 200 0 "HTTPS" "outgoing via 192.168.50.30"
192.168.5.57 - laura.rivas [13/Aug/2021:07:42:18 -0500] "POST http://ocsp.digicert.com/ HTTP/1.1" 200 947 "HTTP" ""
192.168.5.57 - laura.rivas [13/Aug/2021:07:42:18 -0500] "CONNECT www.facebook.com:443 HTTP/1.1" 200 0 "HTTPS" "outgoing via 192.168.50.30"
192.168.5.57 - laura.rivas [13/Aug/2021:07:42:18 -0500] "GET http://detectportal.firefox.com/success.txt HTTP/1.1" 200 362 "HTTP" ""
192.168.5.57 - laura.rivas [13/Aug/2021:07:42:19 -0500] "CONNECT tiles.services.mozilla.com:443 HTTP/1.1" 200 0 "HTTPS" "outgoing via 192.168.50.30"
192.168.5.57 - laura.rivas [13/Aug/2021:07:42:19 -0500] "POST http://ocsp.digicert.com/ HTTP/1.1" 200 947 "HTTP" ""
192.168.5.57 - laura.rivas [13/Aug/2021:07:42:19 -0500] "CONNECT static.xx.fbcdn.net:443 HTTP/1.1" 200 0 "HTTPS" "outgoing via 192.168.50.30"
192.168.5.57 - laura.rivas [13/Aug/2021:07:42:19 -0500] "CONNECT static.xx.fbcdn.net:443 HTTP/1.1" 200 0 "HTTPS" "outgoing via 192.168.50.30"
192.168.5.57 - laura.rivas [13/Aug/2021:07:42:19 -0500] "CONNECT static.xx.fbcdn.net:443 HTTP/1.1" 200 0 "HTTPS" "outgoing via 192.168.50.30"
192.168.5.57 - laura.rivas [13/Aug/2021:07:42:19 -0500] "CONNECT static.xx.fbcdn.net:443 HTTP/1.1" 200 0 "HTTPS" "outgoing via 192.168.50.30"
192.168.5.57 - laura.rivas [13/Aug/2021:07:42:19 -0500] "CONNECT static.xx.fbcdn.net:443 HTTP/1.1" 200 0 "HTTPS" "outgoing via 192.168.50.30"
192.168.5.57 - laura.rivas [13/Aug/2021:07:42:19 -0500] "CONNECT static.xx.fbcdn.net:443 HTTP/1.1" 200 0 "HTTPS" "outgoing via 192.168.50.30"
192.168.5.57 - laura.rivas [13/Aug/2021:07:42:20 -0500] "GET http://detectportal.firefox.com/success.txt HTTP/1.1" 200 362 "HTTP" ""
192.168.5.57 - laura.rivas [13/Aug/2021:07:42:21 -0500] "CONNECT scontent-mia3-2.xx.fbcdn.net:443 HTTP/1.1" 200 0 "HTTPS" "outgoing via 192.168.50.30"
192.168.5.57 - laura.rivas [13/Aug/2021:07:42:21 -0500] "CONNECT scontent-mia3-2.xx.fbcdn.net:443 HTTP/1.1" 200 0 "HTTPS" "outgoing via 192.168.50.30"
192.168.5.57 - laura.rivas [13/Aug/2021:07:42:21 -0500] "CONNECT scontent-mia3-2.xx.fbcdn.net:443 HTTP/1.1" 200 0 "HTTPS" "outgoing via 192.168.50.30"
192.168.5.57 - laura.rivas [13/Aug/2021:07:42:21 -0500] "CONNECT scontent-mia3-2.xx.fbcdn.net:443 HTTP/1.1" 200 0 "HTTPS" "outgoing via 192.168.50.30"
192.168.5.57 - laura.rivas [13/Aug/2021:07:42:21 -0500] "CONNECT scontent-mia3-2.xx.fbcdn.net:443 HTTP/1.1" 200 0 "HTTPS" "outgoing via 192.168.50.30"
192.168.5.57 - laura.rivas [13/Aug/2021:07:42:21 -0500] "CONNECT scontent-mia3-2.xx.fbcdn.net:443 HTTP/1.1" 200 0 "HTTPS" "outgoing via 192.168.50.30"
192.168.5.57 - laura.rivas [13/Aug/2021:07:42:21 -0500] "CONNECT scontent-mia3-1.xx.fbcdn.net:443 HTTP/1.1" 200 0 "HTTPS" "outgoing via 192.168.50.30"
192.168.5.57 - laura.rivas [13/Aug/2021:07:42:21 -0500] "CONNECT scontent-mia3-1.xx.fbcdn.net:443 HTTP/1.1" 200 0 "HTTPS" "outgoing via 192.168.50.30"
192.168.5.57 - laura.rivas [13/Aug/2021:07:42:21 -0500] "CONNECT scontent-mia3-1.xx.fbcdn.net:443 HTTP/1.1" 200 0 "HTTPS" "outgoing via 192.168.50.30"
192.168.5.57 - laura.rivas [13/Aug/2021:07:42:21 -0500] "CONNECT static.xx.fbcdn.net:443 HTTP/1.1" 200 0 "HTTPS" "outgoing via 192.168.50.30"
192.168.5.57 - laura.rivas [13/Aug/2021:07:42:21 -0500] "CONNECT static.xx.fbcdn.net:443 HTTP/1.1" 200 0 "HTTPS" "outgoing via 192.168.50.30"
192.168.5.57 - laura.rivas [13/Aug/2021:07:42:21 -0500] "CONNECT static.xx.fbcdn.net:443 HTTP/1.1" 200 0 "HTTPS" "outgoing via 192.168.50.30"
192.168.5.57 - laura.rivas [13/Aug/2021:07:42:21 -0500] "CONNECT static.xx.fbcdn.net:443 HTTP/1.1" 200 0 "HTTPS" "outgoing via 192.168.50.30"
192.168.5.57 - laura.rivas [13/Aug/2021:07:42:21 -0500] "CONNECT static.xx.fbcdn.net:443 HTTP/1.1" 200 0 "HTTPS" "outgoing via 192.168.50.30"
192.168.5.57 - laura.rivas [13/Aug/2021:07:42:21 -0500] "CONNECT static.xx.fbcdn.net:443 HTTP/1.1" 200 0 "HTTPS" "outgoing via 192.168.50.30"
192.168.5.57 - laura.rivas [13/Aug/2021:07:42:21 -0500] "CONNECT scontent-mia3-1.xx.fbcdn.net:443 HTTP/1.1" 200 0 "HTTPS" "outgoing via 192.168.50.30"
192.168.5.57 - laura.rivas [13/Aug/2021:07:42:21 -0500] "CONNECT scontent-mia3-1.xx.fbcdn.net:443 HTTP/1.1" 200 0 "HTTPS" "outgoing via 192.168.50.30"
192.168.5.57 - laura.rivas [13/Aug/2021:07:42:21 -0500] "CONNECT scontent-mia3-1.xx.fbcdn.net:443 HTTP/1.1" 200 0 "HTTPS" "outgoing via 192.168.50.30"
192.168.10.20 - arodriguez [13/Aug/2021:07:42:21 -0500] "CONNECT relay-922f66f3.net.anydesk.com:80 HTTP/1.1" 200 0 "HTTPS" "outgoing via 192.168.50.30"
192.168.10.20 - arodriguez [13/Aug/2021:07:42:35 -0500] "CONNECT relay-54e66660.net.anydesk.com:80 HTTP/1.1" 200 0 "HTTPS" "outgoing via 192.168.50.30"
192.168.5.57 - laura.rivas [13/Aug/2021:07:42:36 -0500] "CONNECT scontent.xx.fbcdn.net:443 HTTP/1.1" 200 0 "HTTPS" "outgoing via 192.168.50.30"
192.168.5.57 - laura.rivas [13/Aug/2021:07:42:37 -0500] "CONNECT edge-chat.facebook.com:443 HTTP/1.1" 200 0 "HTTPS" "outgoing via 192.168.50.30"
192.168.5.57 - laura.rivas [13/Aug/2021:07:42:48 -0500] "CONNECT video-mia3-2.xx.fbcdn.net:443 HTTP/1.1" 200 0 "HTTPS" "outgoing via 192.168.50.30"
192.168.5.57 - laura.rivas [13/Aug/2021:07:42:48 -0500] "CONNECT video-mia3-2.xx.fbcdn.net:443 HTTP/1.1" 200 0 "HTTPS" "outgoing via 192.168.50.30"
192.168.5.57 - laura.rivas [13/Aug/2021:07:42:48 -0500] "CONNECT video-mia3-2.xx.fbcdn.net:443 HTTP/1.1" 200 0 "HTTPS" "outgoing via 192.168.50.30"
192.168.5.57 - laura.rivas [13/Aug/2021:07:42:48 -0500] "CONNECT video-mia3-2.xx.fbcdn.net:443 HTTP/1.1" 200 0 "HTTPS" "outgoing via 192.168.50.30"
192.168.5.57 - laura.rivas [13/Aug/2021:07:42:48 -0500] "CONNECT video-mia3-2.xx.fbcdn.net:443 HTTP/1.1" 200 0 "HTTPS" "outgoing via 192.168.50.30"
192.168.5.57 - laura.rivas [13/Aug/2021:07:42:48 -0500] "CONNECT video-mia3-2.xx.fbcdn.net:443 HTTP/1.1" 200 0 "HTTPS" "outgoing via 192.168.50.30"
192.168.5.57 - laura.rivas [13/Aug/2021:07:42:49 -0500] "CONNECT gateway.facebook.com:443 HTTP/1.1" 200 0 "HTTPS" "outgoing via 192.168.50.30"
192.168.5.57 - laura.rivas [13/Aug/2021:07:42:55 -0500] "CONNECT gateway.facebook.com:443 HTTP/1.1" 200 0 "HTTPS" "outgoing via 192.168.50.30"
192.168.5.57 - laura.rivas [13/Aug/2021:07:42:58 -0500] "CONNECT video-mia3-1.xx.fbcdn.net:443 HTTP/1.1" 200 0 "HTTPS" "outgoing via 192.168.50.30"
192.168.5.57 - laura.rivas [13/Aug/2021:07:42:58 -0500] "CONNECT video-mia3-1.xx.fbcdn.net:443 HTTP/1.1" 200 0 "HTTPS" "outgoing via 192.168.50.30"
192.168.5.57 - laura.rivas [13/Aug/2021:07:43:00 -0500] "CONNECT googleads.g.doubleclick.net:443 HTTP/1.1" 200 0 "HTTPS" "outgoing via 192.168.50.30"
192.168.5.57 - laura.rivas [13/Aug/2021:07:43:01 -0500] "CONNECT gateway.facebook.com:443 HTTP/1.1" 200 0 "HTTPS" "outgoing via 192.168.50.30"
192.168.5.57 - laura.rivas [13/Aug/2021:07:43:02 -0500] "POST http://ocsp.digicert.com/ HTTP/1.1" 200 945 "HTTP" ""
192.168.10.20 - arodriguez [13/Aug/2021:07:43:04 -0500] "CONNECT relay-54e66660.net.anydesk.com:80 HTTP/1.1" 200 0 "HTTPS" "outgoing via 192.168.50.30"
192.168.10.20 - arodriguez [13/Aug/2021:07:43:33 -0500] "CONNECT relay-54e66660.net.anydesk.com:80 HTTP/1.1" 200 0 "HTTPS" "outgoing via 192.168.50.30"
192.168.5.57 - laura.rivas [13/Aug/2021:07:44:01 -0500] "CONNECT external-mia3-2.xx.fbcdn.net:443 HTTP/1.1" 200 0 "HTTPS" "outgoing via 192.168.50.30"
192.168.10.20 - arodriguez [13/Aug/2021:07:44:02 -0500] "CONNECT relay-54e66660.net.anydesk.com:80 HTTP/1.1" 200 0 "HTTPS" "outgoing via 192.168.50.30"
192.168.10.20 - arodriguez [13/Aug/2021:07:44:30 -0500] "CONNECT relay-54e66660.net.anydesk.com:80 HTTP/1.1" 200 0 "HTTPS" "outgoing via 192.168.50.30"
192.168.10.20 - arodriguez [13/Aug/2021:07:44:44 -0500] "CONNECT relay-283e3f4a.net.anydesk.com:80 HTTP/1.1" 200 0 "HTTPS" "outgoing via 192.168.50.30"
192.168.5.57 - laura.rivas [13/Aug/2021:07:45:02 -0500] "GET http://detectportal.firefox.com/success.txt HTTP/1.1" 200 362 "HTTP" ""
192.168.10.20 - arodriguez [13/Aug/2021:07:45:13 -0500] "CONNECT relay-283e3f4a.net.anydesk.com:80 HTTP/1.1" 200 0 "HTTPS" "outgoing via 192.168.50.30"
192.168.5.57 - laura.rivas [13/Aug/2021:07:45:32 -0500] "CONNECT gateway.facebook.com:443 HTTP/1.1" 200 0 "HTTPS" "outgoing via 192.168.50.30"
192.168.5.57 - laura.rivas [13/Aug/2021:07:45:33 -0500] "CONNECT gateway.facebook.com:443 HTTP/1.1" 200 0 "HTTPS" "outgoing via 192.168.50.30"
192.168.5.57 - laura.rivas [13/Aug/2021:07:45:35 -0500] "CONNECT gateway.facebook.com:443 HTTP/1.1" 200 0 "HTTPS" "outgoing via 192.168.50.30"
192.168.5.57 - laura.rivas [13/Aug/2021:07:45:36 -0500] "CONNECT gateway.facebook.com:443 HTTP/1.1" 200 0 "HTTPS" "outgoing via 192.168.50.30"
192.168.5.57 - laura.rivas [13/Aug/2021:07:45:37 -0500] "CONNECT gateway.facebook.com:443 HTTP/1.1" 200 0 "HTTPS" "outgoing via 192.168.50.30"
192.168.5.57 - laura.rivas [13/Aug/2021:07:45:39 -0500] "CONNECT gateway.facebook.com:443 HTTP/1.1" 200 0 "HTTPS" "outgoing via 192.168.50.30"
192.168.5.57 - laura.rivas [13/Aug/2021:07:45:40 -0500] "CONNECT gateway.facebook.com:443 HTTP/1.1" 200 0 "HTTPS" "outgoing via 192.168.50.30"
192.168.10.20 - arodriguez [13/Aug/2021:07:45:42 -0500] "CONNECT relay-283e3f4a.net.anydesk.com:80 HTTP/1.1" 200 0 "HTTPS" "outgoing via 192.168.50.30"
192.168.10.20 - arodriguez [13/Aug/2021:07:45:56 -0500] "CONNECT relay-5f045e20.net.anydesk.com:80 HTTP/1.1" 200 0 "HTTPS" "outgoing via 192.168.50.30"
192.168.5.57 - laura.rivas [13/Aug/2021:07:46:05 -0500] "CONNECT gateway.facebook.com:443 HTTP/1.1" 200 0 "HTTPS" "outgoing via 192.168.50.30"
192.168.10.20 - arodriguez [13/Aug/2021:07:46:25 -0500] "CONNECT relay-5f045e20.net.anydesk.com:80 HTTP/1.1" 200 0 "HTTPS" "outgoing via 192.168.50.30"
192.168.5.57 - laura.rivas [13/Aug/2021:07:46:46 -0500] "CONNECT gateway.facebook.com:443 HTTP/1.1" 200 0 "HTTPS" "outgoing via 192.168.50.30"
192.168.10.20 - arodriguez [13/Aug/2021:07:46:54 -0500] "CONNECT relay-5f045e20.net.anydesk.com:80 HTTP/1.1" 200 0 "HTTPS" "outgoing via 192.168.50.30"
192.168.50.8 - arodriguez [13/Aug/2021:07:47:02 -0500] "HEAD http://update.eset.com/eset_eval/update.ver HTTP/1.1" 200 384 "HTTP" ""
192.168.10.20 - arodriguez [13/Aug/2021:07:47:07 -0500] "CONNECT relay-bfb5e868.net.anydesk.com:80 HTTP/1.1" 200 0 "HTTPS" "outgoing via 192.168.50.30"
192.168.10.20 - arodriguez [13/Aug/2021:07:47:36 -0500] "CONNECT relay-bfb5e868.net.anydesk.com:80 HTTP/1.1" 200 0 "HTTPS" "outgoing via 192.168.50.30"
192.168.5.57 - laura.rivas [13/Aug/2021:07:47:44 -0500] "CONNECT normandy.cdn.mozilla.net:443 HTTP/1.1" 200 0 "HTTPS" "outgoing via 192.168.50.30"
192.168.5.57 - laura.rivas [13/Aug/2021:07:47:45 -0500] "CONNECT classify-client.services.mozilla.com:443 HTTP/1.1" 200 0 "HTTPS" "outgoing via 192.168.50.30"
192.168.5.57 - laura.rivas [13/Aug/2021:07:47:47 -0500] "CONNECT content-signature-2.cdn.mozilla.net:443 HTTP/1.1" 200 0 "HTTPS" "outgoing via 192.168.50.30"
192.168.10.20 - arodriguez [13/Aug/2021:07:48:05 -0500] "CONNECT relay-bfb5e868.net.anydesk.com:80 HTTP/1.1" 200 0 "HTTPS" "outgoing via 192.168.50.30"
192.168.5.57 - laura.rivas [13/Aug/2021:07:48:27 -0500] "CONNECT gateway.facebook.com:443 HTTP/1.1" 200 0 "HTTPS" "outgoing via 192.168.50.30"
192.168.5.57 - laura.rivas [13/Aug/2021:07:48:29 -0500] "CONNECT gateway.facebook.com:443 HTTP/1.1" 200 0 "HTTPS" "outgoing via 192.168.50.30"
192.168.5.57 - laura.rivas [13/Aug/2021:07:48:30 -0500] "CONNECT gateway.facebook.com:443 HTTP/1.1" 200 0 "HTTPS" "outgoing via 192.168.50.30"
192.168.10.20 - arodriguez [13/Aug/2021:07:48:34 -0500] "CONNECT relay-bfb5e868.net.anydesk.com:80 HTTP/1.1" 200 0 "HTTPS" "outgoing via 192.168.50.30"
192.168.10.20 - arodriguez [13/Aug/2021:07:48:48 -0500] "CONNECT relay-32e92e70.net.anydesk.com:80 HTTP/1.1" 200 0 "HTTPS" "outgoing via 192.168.50.30"
192.168.10.20 - arodriguez [13/Aug/2021:07:49:17 -0500] "CONNECT relay-32e92e70.net.anydesk.com:80 HTTP/1.1" 200 0 "HTTPS" "outgoing via 192.168.50.30"
192.168.5.57 - laura.rivas [13/Aug/2021:07:49:17 -0500] "CONNECT safebrowsing.googleapis.com:443 HTTP/1.1" 200 0 "HTTPS" "outgoing via 192.168.50.30"
192.168.5.57 - laura.rivas [13/Aug/2021:07:49:17 -0500] "CONNECT video-mia3-2.xx.fbcdn.net:443 HTTP/1.1" 200 0 "HTTPS" "outgoing via 192.168.50.30"
192.168.5.57 - laura.rivas [13/Aug/2021:07:49:17 -0500] "CONNECT gateway.facebook.com:443 HTTP/1.1" 200 0 "HTTPS" "outgoing via 192.168.50.30"
192.168.5.57 - laura.rivas [13/Aug/2021:07:49:39 -0500] "CONNECT gateway.facebook.com:443 HTTP/1.1" 200 0 "HTTPS" "outgoing via 192.168.50.30"
192.168.5.57 - laura.rivas [13/Aug/2021:07:49:41 -0500] "CONNECT gateway.facebook.com:443 HTTP/1.1" 200 0 "HTTPS" "outgoing via 192.168.50.30"
192.168.10.20 - arodriguez [13/Aug/2021:07:49:46 -0500] "CONNECT relay-32e92e70.net.anydesk.com:80 HTTP/1.1" 200 0 "HTTPS" "outgoing via 192.168.50.30"
192.168.5.57 - laura.rivas [13/Aug/2021:07:49:49 -0500] "CONNECT gateway.facebook.com:443 HTTP/1.1" 200 0 "HTTPS" "outgoing via 192.168.50.30"
192.168.5.57 - laura.rivas [13/Aug/2021:07:50:01 -0500] "CONNECT gateway.facebook.com:443 HTTP/1.1" 200 0 "HTTPS" "outgoing via 192.168.50.30"
192.168.5.57 - laura.rivas [13/Aug/2021:07:50:04 -0500] "CONNECT gateway.facebook.com:443 HTTP/1.1" 200 0 "HTTPS" "outgoing via 192.168.50.30"
192.168.5.57 - laura.rivas [13/Aug/2021:07:50:09 -0500] "CONNECT gateway.facebook.com:443 HTTP/1.1" 200 0 "HTTPS" "outgoing via 192.168.50.30"
192.168.5.57 - laura.rivas [13/Aug/2021:07:50:12 -0500] "CONNECT gateway.facebook.com:443 HTTP/1.1" 200 0 "HTTPS" "outgoing via 192.168.50.30"
192.168.5.57 - laura.rivas [13/Aug/2021:07:50:14 -0500] "CONNECT gateway.facebook.com:443 HTTP/1.1" 200 0 "HTTPS" "outgoing via 192.168.50.30"
192.168.10.20 - arodriguez [13/Aug/2021:07:50:14 -0500] "CONNECT relay-32e92e70.net.anydesk.com:80 HTTP/1.1" 200 0 "HTTPS" "outgoing via 192.168.50.30"
192.168.5.57 - laura.rivas [13/Aug/2021:07:50:16 -0500] "CONNECT gateway.facebook.com:443 HTTP/1.1" 200 0 "HTTPS" "outgoing via 192.168.50.30"
192.168.10.20 - arodriguez [13/Aug/2021:07:50:43 -0500] "CONNECT relay-32e92e70.net.anydesk.com:80 HTTP/1.1" 200 0 "HTTPS" "outgoing via 192.168.50.30"
192.168.5.57 - laura.rivas [13/Aug/2021:07:51:00 -0500] "CONNECT external-mia3-2.xx.fbcdn.net:443 HTTP/1.1" 200 0 "HTTPS" "outgoing via 192.168.50.30"
192.168.10.20 - arodriguez [13/Aug/2021:07:51:12 -0500] "CONNECT relay-32e92e70.net.anydesk.com:80 HTTP/1.1" 200 0 "HTTPS" "outgoing via 192.168.50.30"
192.168.10.20 - arodriguez [13/Aug/2021:07:51:41 -0500] "CONNECT relay-32e92e70.net.anydesk.com:80 HTTP/1.1" 200 0 "HTTPS" "outgoing via 192.168.50.30"
192.168.10.20 - arodriguez [13/Aug/2021:07:51:55 -0500] "CONNECT relay-497b2e35.net.anydesk.com:80 HTTP/1.1" 200 0 "HTTPS" "outgoing via 192.168.50.30"
192.168.5.57 - laura.rivas [13/Aug/2021:07:52:11 -0500] "CONNECT scontent.xx.fbcdn.net:443 HTTP/1.1" 200 0 "HTTPS" "outgoing via 192.168.50.30"
192.168.10.20 - arodriguez [13/Aug/2021:07:52:24 -0500] "CONNECT relay-497b2e35.net.anydesk.com:80 HTTP/1.1" 200 0 "HTTPS" "outgoing via 192.168.50.30"
192.168.10.20 - arodriguez [13/Aug/2021:07:52:53 -0500] "CONNECT relay-497b2e35.net.anydesk.com:80 HTTP/1.1" 200 0 "HTTPS" "outgoing via 192.168.50.30"
192.168.10.20 - arodriguez [13/Aug/2021:07:53:21 -0500] "CONNECT relay-497b2e35.net.anydesk.com:80 HTTP/1.1" 200 0 "HTTPS" "outgoing via 192.168.50.30"
192.168.10.20 - arodriguez [13/Aug/2021:07:53:50 -0500] "CONNECT relay-497b2e35.net.anydesk.com:80 HTTP/1.1" 200 0 "HTTPS" "outgoing via 192.168.50.30"
192.168.5.57 - laura.rivas [13/Aug/2021:07:54:00 -0500] "CONNECT gateway.facebook.com:443 HTTP/1.1" 200 0 "HTTPS" "outgoing via 192.168.50.30"
192.168.10.20 - arodriguez [13/Aug/2021:07:54:04 -0500] "CONNECT relay-69c95757.net.anydesk.com:80 HTTP/1.1" 200 0 "HTTPS" "outgoing via 192.168.50.30"
192.168.10.20 - arodriguez [13/Aug/2021:07:54:33 -0500] "CONNECT relay-69c95757.net.anydesk.com:80 HTTP/1.1" 200 0 "HTTPS" "outgoing via 192.168.50.30"
192.168.10.20 - arodriguez [13/Aug/2021:07:55:01 -0500] "CONNECT relay-69c95757.net.anydesk.com:80 HTTP/1.1" 200 0 "HTTPS" "outgoing via 192.168.50.30"
192.168.10.20 - arodriguez [13/Aug/2021:07:55:30 -0500] "CONNECT relay-69c95757.net.anydesk.com:80 HTTP/1.1" 200 0 "HTTPS" "outgoing via 192.168.50.30"
192.168.10.20 - arodriguez [13/Aug/2021:07:55:59 -0500] "CONNECT relay-69c95757.net.anydesk.com:80 HTTP/1.1" 200 0 "HTTPS" "outgoing via 192.168.50.30"
192.168.10.20 - arodriguez [13/Aug/2021:07:56:01 -0500] "CONNECT relay-69c95757.net.anydesk.com:443 HTTP/1.1" 200 0 "HTTPS" "outgoing via 192.168.50.30"
192.168.10.20 - arodriguez [13/Aug/2021:07:56:03 -0500] "CONNECT relay-69c95757.net.anydesk.com:6568 HTTP/1.1" 200 0 "HTTPS" "outgoing via 192.168.50.30"
192.168.10.20 - arodriguez [13/Aug/2021:07:56:05 -0500] "CONNECT 92.223.66.44:80 HTTP/1.1" 200 0 "HTTPS" "outgoing via 192.168.50.30"
192.168.10.20 - arodriguez [13/Aug/2021:07:56:07 -0500] "CONNECT 92.223.66.44:443 HTTP/1.1" 200 0 "HTTPS" "outgoing via 192.168.50.30"
192.168.10.20 - arodriguez [13/Aug/2021:07:56:09 -0500] "CONNECT 92.223.66.44:6568 HTTP/1.1" 200 0 "HTTPS" "outgoing via 192.168.50.30"
192.168.10.20 - arodriguez [13/Aug/2021:07:56:28 -0500] "CONNECT relay-9ec84ff7.net.anydesk.com:80 HTTP/1.1" 200 0 "HTTPS" "outgoing via 192.168.50.30"
192.168.10.20 - arodriguez [13/Aug/2021:07:56:57 -0500] "CONNECT relay-9ec84ff7.net.anydesk.com:80 HTTP/1.1" 200 0 "HTTPS" "outgoing via 192.168.50.30"
192.168.10.20 - arodriguez [13/Aug/2021:07:57:26 -0500] "CONNECT relay-9ec84ff7.net.anydesk.com:80 HTTP/1.1" 200 0 "HTTPS" "outgoing via 192.168.50.30"
192.168.10.20 - arodriguez [13/Aug/2021:07:57:55 -0500] "CONNECT relay-9ec84ff7.net.anydesk.com:80 HTTP/1.1" 200 0 "HTTPS" "outgoing via 192.168.50.30"
192.168.10.20 - arodriguez [13/Aug/2021:07:58:08 -0500] "CONNECT relay-dbede8d2.net.anydesk.com:80 HTTP/1.1" 200 0 "HTTPS" "outgoing via 192.168.50.30"
192.168.10.20 - arodriguez [13/Aug/2021:07:58:37 -0500] "CONNECT relay-dbede8d2.net.anydesk.com:80 HTTP/1.1" 200 0 "HTTPS" "outgoing via 192.168.50.30"
192.168.10.20 - arodriguez [13/Aug/2021:07:59:06 -0500] "CONNECT relay-dbede8d2.net.anydesk.com:80 HTTP/1.1" 200 0 "HTTPS" "outgoing via 192.168.50.30"
192.168.10.20 - arodriguez [13/Aug/2021:07:59:20 -0500] "CONNECT relay-8897650c.net.anydesk.com:80 HTTP/1.1" 200 0 "HTTPS" "outgoing via 192.168.50.30"
192.168.10.20 - arodriguez [13/Aug/2021:07:59:21 -0500] "CONNECT relay-8897650c.net.anydesk.com:443 HTTP/1.1" 200 0 "HTTPS" "outgoing via 192.168.50.30"
192.168.10.20 - arodriguez [13/Aug/2021:07:59:34 -0500] "CONNECT relay-69c95757.net.anydesk.com:80 HTTP/1.1" 200 0 "HTTPS" "outgoing via 192.168.50.30"
192.168.10.20 - arodriguez [13/Aug/2021:08:00:03 -0500] "CONNECT relay-69c95757.net.anydesk.com:80 HTTP/1.1" 200 0 "HTTPS" "outgoing via 192.168.50.30"
192.168.10.20 - arodriguez [13/Aug/2021:08:00:32 -0500] "CONNECT relay-69c95757.net.anydesk.com:80 HTTP/1.1" 200 0 "HTTPS" "outgoing via 192.168.50.30"
192.168.10.20 - arodriguez [13/Aug/2021:08:01:02 -0500] "CONNECT relay-69c95757.net.anydesk.com:80 HTTP/1.1" 200 0 "HTTPS" "outgoing via 192.168.50.30"
192.168.10.20 - arodriguez [13/Aug/2021:08:01:30 -0500] "CONNECT relay-69c95757.net.anydesk.com:80 HTTP/1.1" 200 0 "HTTPS" "outgoing via 192.168.50.30"
192.168.10.20 - arodriguez [13/Aug/2021:08:01:44 -0500] "CONNECT relay-94ea071e.net.anydesk.com:80 HTTP/1.1" 200 0 "HTTPS" "outgoing via 192.168.50.30"
192.168.10.20 - arodriguez [13/Aug/2021:08:02:13 -0500] "CONNECT relay-94ea071e.net.anydesk.com:80 HTTP/1.1" 200 0 "HTTPS" "outgoing via 192.168.50.30"
192.168.10.20 - arodriguez [13/Aug/2021:08:02:42 -0500] "CONNECT relay-94ea071e.net.anydesk.com:80 HTTP/1.1" 200 0 "HTTPS" "outgoing via 192.168.50.30"
192.168.10.20 - arodriguez [13/Aug/2021:08:03:11 -0500] "CONNECT relay-94ea071e.net.anydesk.com:80 HTTP/1.1" 200 0 "HTTPS" "outgoing via 192.168.50.30"
192.168.10.20 - arodriguez [13/Aug/2021:08:03:24 -0500] "CONNECT relay-1c040ae6.net.anydesk.com:80 HTTP/1.1" 200 0 "HTTPS" "outgoing via 192.168.50.30"
192.168.10.20 - arodriguez [13/Aug/2021:08:03:53 -0500] "CONNECT relay-1c040ae6.net.anydesk.com:80 HTTP/1.1" 200 0 "HTTPS" "outgoing via 192.168.50.30"
192.168.10.20 - arodriguez [13/Aug/2021:08:04:22 -0500] "CONNECT relay-1c040ae6.net.anydesk.com:80 HTTP/1.1" 200 0 "HTTPS" "outgoing via 192.168.50.30"
192.168.10.20 - arodriguez [13/Aug/2021:08:04:51 -0500] "CONNECT relay-1c040ae6.net.anydesk.com:80 HTTP/1.1" 200 0 "HTTPS" "outgoing via 192.168.50.30"
192.168.10.20 - arodriguez [13/Aug/2021:08:05:05 -0500] "CONNECT relay-717265af.net.anydesk.com:80 HTTP/1.1" 200 0 "HTTPS" "outgoing via 192.168.50.30"
192.168.10.20 - arodriguez [13/Aug/2021:08:05:34 -0500] "CONNECT relay-717265af.net.anydesk.com:80 HTTP/1.1" 200 0 "HTTPS" "outgoing via 192.168.50.30"
192.168.10.20 - arodriguez [13/Aug/2021:08:06:03 -0500] "CONNECT relay-717265af.net.anydesk.com:80 HTTP/1.1" 200 0 "HTTPS" "outgoing via 192.168.50.30"
192.168.10.20 - arodriguez [13/Aug/2021:08:06:31 -0500] "CONNECT relay-717265af.net.anydesk.com:80 HTTP/1.1" 200 0 "HTTPS" "outgoing via 192.168.50.30"
192.168.6.34 - amorgado [13/Aug/2021:08:06:48 -0500] "CONNECT www.gstatic.com:443 HTTP/1.1" 200 0 "HTTPS" "outgoing via 192.168.50.30"
192.168.6.34 - amorgado [13/Aug/2021:08:06:48 -0500] "CONNECT play.google.com:443 HTTP/1.1" 200 0 "HTTPS" "outgoing via 192.168.50.30"
192.168.6.34 - amorgado [13/Aug/2021:08:06:48 -0500] "CONNECT analytics.google.com:443 HTTP/1.1" 200 0 "HTTPS" "outgoing via 192.168.50.30"
192.168.6.34 - amorgado [13/Aug/2021:08:06:48 -0500] "CONNECT clients2.google.com:443 HTTP/1.1" 200 0 "HTTPS" "outgoing via 192.168.50.30"
192.168.6.34 - amorgado [13/Aug/2021:08:06:48 -0500] "CONNECT analytics.google.com:443 HTTP/1.1" 200 0 "HTTPS" "outgoing via 192.168.50.30"
192.168.6.34 - amorgado [13/Aug/2021:08:06:48 -0500] "CONNECT clients4.google.com:443 HTTP/1.1" 200 0 "HTTPS" "outgoing via 192.168.50.30"
192.168.6.34 - amorgado [13/Aug/2021:08:06:48 -0500] "CONNECT analytics.google.com:443 HTTP/1.1" 200 0 "HTTPS" "outgoing via 192.168.50.30"
192.168.6.34 - amorgado [13/Aug/2021:08:06:48 -0500] "CONNECT cdn.jsdelivr.net:443 HTTP/1.1" 200 0 "HTTPS" "outgoing via 192.168.50.30"
192.168.6.34 - amorgado [13/Aug/2021:08:06:48 -0500] "CONNECT www.googleapis.com:443 HTTP/1.1" 200 0 "HTTPS" "outgoing via 192.168.50.30"
192.168.6.34 - amorgado [13/Aug/2021:08:06:48 -0500] "CONNECT analytics.google.com:443 HTTP/1.1" 200 0 "HTTPS" "outgoing via 192.168.50.30"
192.168.6.34 - amorgado [13/Aug/2021:08:06:48 -0500] "CONNECT signaler-pa.googleapis.com:443 HTTP/1.1" 200 0 "HTTPS" "outgoing via 192.168.50.30"
192.168.6.34 - amorgado [13/Aug/2021:08:06:48 -0500] "CONNECT www.googleapis.com:443 HTTP/1.1" 200 0 "HTTPS" "outgoing via 192.168.50.30"
192.168.6.34 - amorgado [13/Aug/2021:08:06:48 -0500] "CONNECT edge-chat.facebook.com:443 HTTP/1.1" 200 0 "HTTPS" "outgoing via 192.168.50.30"
192.168.6.34 - amorgado [13/Aug/2021:08:06:48 -0500] "CONNECT analytics.google.com:443 HTTP/1.1" 200 0 "HTTPS" "outgoing via 192.168.50.30"
192.168.6.34 - amorgado [13/Aug/2021:08:06:48 -0500] "CONNECT clients4.google.com:443 HTTP/1.1" 200 0 "HTTPS" "outgoing via 192.168.50.30"
192.168.6.34 - amorgado [13/Aug/2021:08:06:48 -0500] "CONNECT analytics.google.com:443 HTTP/1.1" 200 0 "HTTPS" "outgoing via 192.168.50.30"
192.168.6.34 - amorgado [13/Aug/2021:08:06:48 -0500] "CONNECT update.googleapis.com:443 HTTP/1.1" 200 0 "HTTPS" "outgoing via 192.168.50.30"
192.168.6.34 - amorgado [13/Aug/2021:08:06:48 -0500] "CONNECT ssl.gstatic.com:443 HTTP/1.1" 200 0 "HTTPS" "outgoing via 192.168.50.30"
192.168.6.34 - amorgado [13/Aug/2021:08:06:48 -0500] "CONNECT update.googleapis.com:443 HTTP/1.1" 200 0 "HTTPS" "outgoing via 192.168.50.30"
192.168.6.34 - amorgado [13/Aug/2021:08:06:48 -0500] "CONNECT languagetool.org:443 HTTP/1.1" 200 0 "HTTPS" "outgoing via 192.168.50.30"
192.168.6.34 - amorgado [13/Aug/2021:08:06:48 -0500] "CONNECT twitter.com:443 HTTP/1.1" 200 0 "HTTPS" "outgoing via 192.168.50.30"
192.168.6.34 - amorgado [13/Aug/2021:08:06:48 -0500] "CONNECT mtalk.google.com:5228 HTTP/1.1" 200 0 "HTTPS" "outgoing via 192.168.50.30"
192.168.6.34 - amorgado [13/Aug/2021:08:06:48 -0500] "CONNECT twitter.com:443 HTTP/1.1" 200 0 "HTTPS" "outgoing via 192.168.50.30"
192.168.6.34 - amorgado [13/Aug/2021:08:06:48 -0500] "CONNECT www.facebook.com:443 HTTP/1.1" 200 0 "HTTPS" "outgoing via 192.168.50.30"
192.168.6.34 - amorgado [13/Aug/2021:08:06:48 -0500] "CONNECT www.facebook.com:443 HTTP/1.1" 200 0 "HTTPS" "outgoing via 192.168.50.30"
192.168.6.34 - amorgado [13/Aug/2021:08:06:48 -0500] "CONNECT www.facebook.com:443 HTTP/1.1" 200 0 "HTTPS" "outgoing via 192.168.50.30"
192.168.6.34 - amorgado [13/Aug/2021:08:06:48 -0500] "CONNECT www.facebook.com:443 HTTP/1.1" 200 0 "HTTPS" "outgoing via 192.168.50.30"
192.168.6.34 - amorgado [13/Aug/2021:08:06:48 -0500] "CONNECT orion.managewp.com:443 HTTP/1.1" 200 0 "HTTPS" "outgoing via 192.168.50.30"
192.168.6.34 - amorgado [13/Aug/2021:08:06:48 -0500] "CONNECT cafelafm.com:443 HTTP/1.1" 200 0 "HTTPS" "outgoing via 192.168.50.30"
192.168.6.34 - amorgado [13/Aug/2021:08:06:48 -0500] "CONNECT cafelafm.com:443 HTTP/1.1" 200 0 "HTTPS" "outgoing via 192.168.50.30"
192.168.6.34 - amorgado [13/Aug/2021:08:06:50 -0500] "CONNECT oauthaccountmanager.googleapis.com:443 HTTP/1.1" 200 0 "HTTPS" "outgoing via 192.168.50.30"
192.168.6.34 - amorgado [13/Aug/2021:08:06:51 -0500] "CONNECT www.google-analytics.com:443 HTTP/1.1" 200 0 "HTTPS" "outgoing via 192.168.50.30"
192.168.6.34 - amorgado [13/Aug/2021:08:06:51 -0500] "CONNECT www.google-analytics.com:443 HTTP/1.1" 200 0 "HTTPS" "outgoing via 192.168.50.30"
192.168.6.34 - amorgado [13/Aug/2021:08:06:51 -0500] "CONNECT www.google-analytics.com:443 HTTP/1.1" 200 0 "HTTPS" "outgoing via 192.168.50.30"
192.168.6.34 - amorgado [13/Aug/2021:08:06:51 -0500] "CONNECT www.google-analytics.com:443 HTTP/1.1" 200 0 "HTTPS" "outgoing via 192.168.50.30"
192.168.6.34 - amorgado [13/Aug/2021:08:06:51 -0500] "CONNECT www.google-analytics.com:443 HTTP/1.1" 200 0 "HTTPS" "outgoing via 192.168.50.30"
192.168.6.34 - amorgado [13/Aug/2021:08:06:51 -0500] "CONNECT www.google-analytics.com:443 HTTP/1.1" 200 0 "HTTPS" "outgoing via 192.168.50.30"
192.168.6.34 - amorgado [13/Aug/2021:08:06:54 -0500] "CONNECT docs.google.com:443 HTTP/1.1" 200 0 "HTTPS" "outgoing via 192.168.50.30"
192.168.6.34 - amorgado [13/Aug/2021:08:06:54 -0500] "CONNECT docs.google.com:443 HTTP/1.1" 200 0 "HTTPS" "outgoing via 192.168.50.30"
192.168.6.34 - amorgado [13/Aug/2021:08:06:54 -0500] "CONNECT az725175.vo.msecnd.net:443 HTTP/1.1" 200 0 "HTTPS" "outgoing via 192.168.50.30"
192.168.6.34 - amorgado [13/Aug/2021:08:06:54 -0500] "CONNECT stats.g.doubleclick.net:443 HTTP/1.1" 200 0 "HTTPS" "outgoing via 192.168.50.30"
192.168.6.34 - amorgado [13/Aug/2021:08:06:54 -0500] "CONNECT abs.twimg.com:443 HTTP/1.1" 200 0 "HTTPS" "outgoing via 192.168.50.30"
192.168.6.34 - amorgado [13/Aug/2021:08:06:55 -0500] "CONNECT stats.g.doubleclick.net:443 HTTP/1.1" 200 0 "HTTPS" "outgoing via 192.168.50.30"
192.168.6.34 - amorgado [13/Aug/2021:08:06:55 -0500] "CONNECT settings-win.data.microsoft.com:443 HTTP/1.1" 200 0 "HTTPS" "outgoing via 192.168.50.30"
192.168.6.34 - amorgado [13/Aug/2021:08:06:58 -0500] "CONNECT pbs.twimg.com:443 HTTP/1.1" 200 0 "HTTPS" "outgoing via 192.168.50.30"
192.168.6.34 - amorgado [13/Aug/2021:08:06:58 -0500] "CONNECT pbs.twimg.com:443 HTTP/1.1" 200 0 "HTTPS" "outgoing via 192.168.50.30"
192.168.6.34 - amorgado [13/Aug/2021:08:06:59 -0500] "CONNECT pbs.twimg.com:443 HTTP/1.1" 200 0 "HTTPS" "outgoing via 192.168.50.30"
192.168.10.20 - arodriguez [13/Aug/2021:08:07:00 -0500] "CONNECT relay-717265af.net.anydesk.com:80 HTTP/1.1" 200 0 "HTTPS" "outgoing via 192.168.50.30"
192.168.6.34 - amorgado [13/Aug/2021:08:07:04 -0500] "CONNECT drive.google.com:443 HTTP/1.1" 200 0 "HTTPS" "outgoing via 192.168.50.30"
192.168.6.34 - amorgado [13/Aug/2021:08:07:08 -0500] "CONNECT cdn.onenote.net:443 HTTP/1.1" 200 0 "HTTPS" "outgoing via 192.168.50.30"
192.168.6.34 - amorgado [13/Aug/2021:08:07:14 -0500] "CONNECT lh3.googleusercontent.com:443 HTTP/1.1" 200 0 "HTTPS" "outgoing via 192.168.50.30"
192.168.6.34 - amorgado [13/Aug/2021:08:07:14 -0500] "CONNECT lh3.googleusercontent.com:443 HTTP/1.1" 200 0 "HTTPS" "outgoing via 192.168.50.30"
192.168.6.34 - amorgado [13/Aug/2021:08:07:15 -0500] "CONNECT lh3.googleusercontent.com:443 HTTP/1.1" 200 0 "HTTPS" "outgoing via 192.168.50.30"
192.168.6.34 - amorgado [13/Aug/2021:08:07:16 -0500] "CONNECT www.gstatic.com:443 HTTP/1.1" 200 0 "HTTPS" "outgoing via 192.168.50.30"
192.168.6.34 - amorgado [13/Aug/2021:08:07:17 -0500] "CONNECT www.gstatic.com:443 HTTP/1.1" 200 0 "HTTPS" "outgoing via 192.168.50.30"
192.168.6.34 - amorgado [13/Aug/2021:08:07:17 -0500] "CONNECT www.gstatic.com:443 HTTP/1.1" 200 0 "HTTPS" "outgoing via 192.168.50.30"
192.168.6.34 - amorgado [13/Aug/2021:08:07:18 -0500] "CONNECT ssl.gstatic.com:443 HTTP/1.1" 200 0 "HTTPS" "outgoing via 192.168.50.30"
192.168.6.34 - amorgado [13/Aug/2021:08:07:18 -0500] "CONNECT ssl.gstatic.com:443 HTTP/1.1" 200 0 "HTTPS" "outgoing via 192.168.50.30"
192.168.6.34 - amorgado [13/Aug/2021:08:07:19 -0500] "CONNECT ssl.gstatic.com:443 HTTP/1.1" 200 0 "HTTPS" "outgoing via 192.168.50.30"
192.168.6.34 - amorgado [13/Aug/2021:08:07:21 -0500] "CONNECT firebaseperusertopics-pa.googleapis.com:443 HTTP/1.1" 200 0 "HTTPS" "outgoing via 192.168.50.30"
192.168.6.34 - amorgado [13/Aug/2021:08:07:21 -0500] "CONNECT firebaseperusertopics-pa.googleapis.com:443 HTTP/1.1" 200 0 "HTTPS" "outgoing via 192.168.50.30"
192.168.6.34 - amorgado [13/Aug/2021:08:07:21 -0500] "CONNECT firebaseperusertopics-pa.googleapis.com:443 HTTP/1.1" 200 0 "HTTPS" "outgoing via 192.168.50.30"
192.168.6.34 - amorgado [13/Aug/2021:08:07:21 -0500] "CONNECT firebaseperusertopics-pa.googleapis.com:443 HTTP/1.1" 200 0 "HTTPS" "outgoing via 192.168.50.30"
192.168.6.34 - amorgado [13/Aug/2021:08:07:21 -0500] "CONNECT firebaseperusertopics-pa.googleapis.com:443 HTTP/1.1" 200 0 "HTTPS" "outgoing via 192.168.50.30"
192.168.6.34 - amorgado [13/Aug/2021:08:07:21 -0500] "CONNECT firebaseperusertopics-pa.googleapis.com:443 HTTP/1.1" 200 0 "HTTPS" "outgoing via 192.168.50.30"
192.168.6.34 - amorgado [13/Aug/2021:08:07:26 -0500] "CONNECT storage.googleapis.com:443 HTTP/1.1" 200 0 "HTTPS" "outgoing via 192.168.50.30"
192.168.6.34 - amorgado [13/Aug/2021:08:07:27 -0500] "CONNECT v10.events.data.microsoft.com:443 HTTP/1.1" 200 0 "HTTPS" "outgoing via 192.168.50.30"
192.168.6.34 - amorgado [13/Aug/2021:08:07:29 -0500] "CONNECT update.googleapis.com:443 HTTP/1.1" 200 0 "HTTPS" "outgoing via 192.168.50.30"
192.168.6.34 - amorgado [13/Aug/2021:08:07:29 -0500] "CONNECT armmf.adobe.com:443 HTTP/1.0" 200 0 "HTTPS" "outgoing via 192.168.50.30"
192.168.10.20 - arodriguez [13/Aug/2021:08:07:29 -0500] "CONNECT relay-717265af.net.anydesk.com:80 HTTP/1.1" 200 0 "HTTPS" "outgoing via 192.168.50.30"
192.168.6.34 - amorgado [13/Aug/2021:08:07:30 -0500] "CONNECT drive-thirdparty.googleusercontent.com:443 HTTP/1.1" 200 0 "HTTPS" "outgoing via 192.168.50.30"
192.168.6.34 - amorgado [13/Aug/2021:08:07:30 -0500] "CONNECT drive-thirdparty.googleusercontent.com:443 HTTP/1.1" 200 0 "HTTPS" "outgoing via 192.168.50.30"
192.168.6.34 - amorgado [13/Aug/2021:08:07:30 -0500] "CONNECT drive-thirdparty.googleusercontent.com:443 HTTP/1.1" 200 0 "HTTPS" "outgoing via 192.168.50.30"
192.168.6.34 - amorgado [13/Aug/2021:08:07:31 -0500] "CONNECT msedge.api.cdp.microsoft.com:443 HTTP/1.1" 200 0 "HTTPS" "outgoing via 192.168.50.30"
192.168.6.34 - amorgado [13/Aug/2021:08:07:35 -0500] "CONNECT www.bing.com:443 HTTP/1.0" 200 0 "HTTPS" "outgoing via 192.168.50.30"
192.168.6.34 - amorgado [13/Aug/2021:08:07:36 -0500] "CONNECT abs.twimg.com:443 HTTP/1.1" 200 0 "HTTPS" "outgoing via 192.168.50.30"
192.168.6.34 - amorgado [13/Aug/2021:08:07:37 -0500] "CONNECT fonts.gstatic.com:443 HTTP/1.1" 200 0 "HTTPS" "outgoing via 192.168.50.30"
192.168.6.34 - amorgado [13/Aug/2021:08:07:37 -0500] "CONNECT fonts.gstatic.com:443 HTTP/1.1" 200 0 "HTTPS" "outgoing via 192.168.50.30"
192.168.6.34 - amorgado [13/Aug/2021:08:07:37 -0500] "CONNECT fonts.gstatic.com:443 HTTP/1.1" 200 0 "HTTPS" "outgoing via 192.168.50.30"
192.168.6.34 - amorgado [13/Aug/2021:08:07:39 -0500] "CONNECT safebrowsing.googleapis.com:443 HTTP/1.1" 200 0 "HTTPS" "outgoing via 192.168.50.30"
192.168.6.34 - amorgado [13/Aug/2021:08:07:41 -0500] "CONNECT browser.pipe.aria.microsoft.com:443 HTTP/1.0" 200 0 "HTTPS" "outgoing via 192.168.50.30"
192.168.6.34 - amorgado [13/Aug/2021:08:07:53 -0500] "HEAD http://msedge.b.tlu.dl.delivery.mp.microsoft.com/filestreamingservice/files/9e029db0-7fbe-47b2-9483-1d65db1548bc?P1=1629461252&P2=404&P3=2&P4=Soqp6%2bEo%2fmP8bswADxUrf8Zh1jFxajCBTMDW1bq3ukCLu1czk%2fkJwuBoEbjuq87cx8utoxxOPq903ejSvCpAsQ%3d%3d HTTP/1.1" 200 454 "HTTP" ""
192.168.6.34 - amorgado [13/Aug/2021:08:07:57 -0500] "CONNECT 149.154.175.50:443 HTTP/1.1" 200 0 "HTTPS" "outgoing via 192.168.50.30"
192.168.6.34 - amorgado [13/Aug/2021:08:07:57 -0500] "CONNECT 45.142.38.130:9286 HTTP/1.1" 200 0 "HTTPS" "outgoing via 192.168.50.30"
192.168.6.34 - amorgado [13/Aug/2021:08:07:58 -0500] "CONNECT updates.tdesktop.com:443 HTTP/1.1" 200 0 "HTTPS" "outgoing via 192.168.50.30"
192.168.10.20 - arodriguez [13/Aug/2021:08:07:58 -0500] "CONNECT relay-717265af.net.anydesk.com:80 HTTP/1.1" 200 0 "HTTPS" "outgoing via 192.168.50.30"
192.168.6.34 - amorgado [13/Aug/2021:08:07:59 -0500] "CONNECT armmf.adobe.com:443 HTTP/1.1" 200 0 "HTTPS" "outgoing via 192.168.50.30"
192.168.6.34 - amorgado [13/Aug/2021:08:07:59 -0500] "GET http://msedge.b.tlu.dl.delivery.mp.microsoft.com/filestreamingservice/files/9e029db0-7fbe-47b2-9483-1d65db1548bc?P1=1629461252&P2=404&P3=2&P4=Soqp6%2bEo%2fmP8bswADxUrf8Zh1jFxajCBTMDW1bq3ukCLu1czk%2fkJwuBoEbjuq87cx8utoxxOPq903ejSvCpAsQ%3d%3d HTTP/1.1" 200 1664 "HTTP" ""
192.168.6.34 - amorgado [13/Aug/2021:08:08:02 -0500] "GET http://msedge.b.tlu.dl.delivery.mp.microsoft.com/filestreamingservice/files/9e029db0-7fbe-47b2-9483-1d65db1548bc?P1=1629461252&P2=404&P3=2&P4=Soqp6%2bEo%2fmP8bswADxUrf8Zh1jFxajCBTMDW1bq3ukCLu1czk%2fkJwuBoEbjuq87cx8utoxxOPq903ejSvCpAsQ%3d%3d HTTP/1.1" 200 1664 "HTTP" ""
192.168.6.34 - amorgado [13/Aug/2021:08:08:03 -0500] "CONNECT 45.142.38.130:9286 HTTP/1.1" 200 0 "HTTPS" "outgoing via 192.168.50.30"
192.168.6.34 - amorgado [13/Aug/2021:08:08:03 -0500] "CONNECT 149.154.167.92:443 HTTP/1.1" 200 0 "HTTPS" "outgoing via 192.168.50.30"
192.168.6.34 - amorgado [13/Aug/2021:08:08:03 -0500] "CONNECT 149.154.175.50:443 HTTP/1.1" 200 0 "HTTPS" "outgoing via 192.168.50.30"
192.168.6.34 - amorgado [13/Aug/2021:08:08:04 -0500] "CONNECT 45.142.38.130:9286 HTTP/1.1" 200 0 "HTTPS" "outgoing via 192.168.50.30"
192.168.6.34 - amorgado [13/Aug/2021:08:08:07 -0500] "CONNECT beacons.gcp.gvt2.com:443 HTTP/1.1" 200 0 "HTTPS" "outgoing via 192.168.50.30"
192.168.6.34 - amorgado [13/Aug/2021:08:08:08 -0500] "CONNECT 149.154.167.50:443 HTTP/1.1" 200 0 "HTTPS" "outgoing via 192.168.50.30"
192.168.6.34 - amorgado [13/Aug/2021:08:08:08 -0500] "CONNECT 45.142.38.130:9286 HTTP/1.1" 200 0 "HTTPS" "outgoing via 192.168.50.30"
192.168.6.34 - amorgado [13/Aug/2021:08:08:08 -0500] "CONNECT updates.tdesktop.com:443 HTTP/1.1" 200 0 "HTTPS" "outgoing via 192.168.50.30"
192.168.6.34 - amorgado [13/Aug/2021:08:08:09 -0500] "CONNECT 149.154.167.50:443 HTTP/1.1" 200 0 "HTTPS" "outgoing via 192.168.50.30"
192.168.6.34 - amorgado [13/Aug/2021:08:08:09 -0500] "CONNECT 45.142.38.130:9286 HTTP/1.1" 200 0 "HTTPS" "outgoing via 192.168.50.30"
192.168.6.34 - amorgado [13/Aug/2021:08:08:11 -0500] "CONNECT armmf.adobe.com:443 HTTP/1.1" 200 0 "HTTPS" "outgoing via 192.168.50.30"
192.168.6.34 - amorgado [13/Aug/2021:08:08:13 -0500] "CONNECT 45.142.38.130:9286 HTTP/1.1" 200 0 "HTTPS" "outgoing via 192.168.50.30"
192.168.6.34 - amorgado [13/Aug/2021:08:08:13 -0500] "CONNECT 149.154.175.50:443 HTTP/1.1" 200 0 "HTTPS" "outgoing via 192.168.50.30"
192.168.6.34 - amorgado [13/Aug/2021:08:08:14 -0500] "CONNECT 149.154.175.50:443 HTTP/1.1" 200 0 "HTTPS" "outgoing via 192.168.50.30"
192.168.6.34 - amorgado [13/Aug/2021:08:08:14 -0500] "CONNECT 45.142.38.130:9286 HTTP/1.1" 200 0 "HTTPS" "outgoing via 192.168.50.30"
192.168.6.34 - amorgado [13/Aug/2021:08:08:16 -0500] "CONNECT 91.108.56.126:443 HTTP/1.1" 200 0 "HTTPS" "outgoing via 192.168.50.30"
192.168.6.34 - amorgado [13/Aug/2021:08:08:16 -0500] "CONNECT 45.142.38.130:9286 HTTP/1.1" 200 0 "HTTPS" "outgoing via 192.168.50.30"
192.168.6.34 - amorgado [13/Aug/2021:08:08:17 -0500] "CONNECT 45.142.38.130:9286 HTTP/1.1" 200 0 "HTTPS" "outgoing via 192.168.50.30"
192.168.6.34 - amorgado [13/Aug/2021:08:08:17 -0500] "CONNECT 91.108.56.126:443 HTTP/1.1" 200 0 "HTTPS" "outgoing via 192.168.50.30"
192.168.6.34 - amorgado [13/Aug/2021:08:08:21 -0500] "CONNECT 149.154.175.50:443 HTTP/1.1" 200 0 "HTTPS" "outgoing via 192.168.50.30"
192.168.6.34 - amorgado [13/Aug/2021:08:08:21 -0500] "CONNECT 45.142.38.130:9286 HTTP/1.1" 200 0 "HTTPS" "outgoing via 192.168.50.30"
192.168.6.34 - amorgado [13/Aug/2021:08:08:22 -0500] "CONNECT 149.154.175.50:443 HTTP/1.1" 200 0 "HTTPS" "outgoing via 192.168.50.30"
192.168.6.34 - amorgado [13/Aug/2021:08:08:22 -0500] "CONNECT 45.142.38.130:9286 HTTP/1.1" 200 0 "HTTPS" "outgoing via 192.168.50.30"
192.168.6.34 - amorgado [13/Aug/2021:08:08:23 -0500] "CONNECT 149.154.175.50:443 HTTP/1.1" 200 0 "HTTPS" "outgoing via 192.168.50.30"
192.168.6.34 - amorgado [13/Aug/2021:08:08:23 -0500] "CONNECT 45.142.38.130:9286 HTTP/1.1" 200 0 "HTTPS" "outgoing via 192.168.50.30"
192.168.6.34 - amorgado [13/Aug/2021:08:08:23 -0500] "CONNECT 149.154.175.50:443 HTTP/1.1" 200 0 "HTTPS" "outgoing via 192.168.50.30"
192.168.6.34 - amorgado [13/Aug/2021:08:08:23 -0500] "CONNECT 45.142.38.130:9286 HTTP/1.1" 200 0 "HTTPS" "outgoing via 192.168.50.30"
192.168.10.20 - arodriguez [13/Aug/2021:08:08:27 -0500] "CONNECT relay-717265af.net.anydesk.com:80 HTTP/1.1" 200 0 "HTTPS" "outgoing via 192.168.50.30"
192.168.6.34 - amorgado [13/Aug/2021:08:08:38 -0500] "CONNECT officeclient.microsoft.com:443 HTTP/1.1" 200 0 "HTTPS" "outgoing via 192.168.50.30"
192.168.6.34 - amorgado [13/Aug/2021:08:08:38 -0500] "CONNECT officeclient.microsoft.com:443 HTTP/1.1" 200 0 "HTTPS" "outgoing via 192.168.50.30"
192.168.6.34 - amorgado [13/Aug/2021:08:08:41 -0500] "CONNECT config.edge.skype.com:443 HTTP/1.1" 200 0 "HTTPS" "outgoing via 192.168.50.30"
192.168.6.34 - amorgado [13/Aug/2021:08:08:41 -0500] "CONNECT config.edge.skype.com:443 HTTP/1.1" 200 0 "HTTPS" "outgoing via 192.168.50.30"
192.168.6.34 - amorgado [13/Aug/2021:08:08:42 -0500] "CONNECT nexusrules.officeapps.live.com:443 HTTP/1.1" 200 0 "HTTPS" "outgoing via 192.168.50.30"
192.168.6.34 - amorgado [13/Aug/2021:08:08:42 -0500] "CONNECT nexusrules.officeapps.live.com:443 HTTP/1.1" 200 0 "HTTPS" "outgoing via 192.168.50.30"
192.168.6.34 - amorgado [13/Aug/2021:08:08:42 -0500] "CONNECT nexusrules.officeapps.live.com:443 HTTP/1.1" 200 0 "HTTPS" "outgoing via 192.168.50.30"
192.168.6.34 - amorgado [13/Aug/2021:08:08:42 -0500] "CONNECT nexusrules.officeapps.live.com:443 HTTP/1.1" 200 0 "HTTPS" "outgoing via 192.168.50.30"
192.168.6.34 - amorgado [13/Aug/2021:08:08:46 -0500] "GET http://clientservices.googleapis.com/chrome-variations/seed?osname=win&channel=stable&milestone=92 HTTP/1.1" 200 1285 "HTTP" ""
192.168.6.34 - amorgado [13/Aug/2021:08:08:50 -0500] "CONNECT arc.msn.com:443 HTTP/1.0" 200 0 "HTTPS" "outgoing via 192.168.50.30"
192.168.6.34 - amorgado [13/Aug/2021:08:08:50 -0500] "CONNECT arc.msn.com:443 HTTP/1.0" 200 0 "HTTPS" "outgoing via 192.168.50.30"
192.168.6.34 - amorgado [13/Aug/2021:08:08:50 -0500] "CONNECT arc.msn.com:443 HTTP/1.0" 200 0 "HTTPS" "outgoing via 192.168.50.30"
192.168.6.34 - amorgado [13/Aug/2021:08:08:52 -0500] "CONNECT clients6.google.com:443 HTTP/1.1" 200 0 "HTTPS" "outgoing via 192.168.50.30"
192.168.6.34 - amorgado [13/Aug/2021:08:08:54 -0500] "CONNECT clients6.google.com:443 HTTP/1.1" 200 0 "HTTPS" "outgoing via 192.168.50.30"
192.168.6.34 - amorgado [13/Aug/2021:08:08:55 -0500] "CONNECT play.google.com:443 HTTP/1.1" 200 0 "HTTPS" "outgoing via 192.168.50.30"
192.168.10.20 - arodriguez [13/Aug/2021:08:08:56 -0500] "CONNECT relay-717265af.net.anydesk.com:80 HTTP/1.1" 200 0 "HTTPS" "outgoing via 192.168.50.30"
192.168.10.20 - arodriguez [13/Aug/2021:08:09:09 -0500] "CONNECT relay-0767eec0.net.anydesk.com:80 HTTP/1.1" 200 0 "HTTPS" "outgoing via 192.168.50.30"
192.168.6.34 - amorgado [13/Aug/2021:08:09:26 -0500] "CONNECT 149.154.175.50:443 HTTP/1.1" 200 0 "HTTPS" "outgoing via 192.168.50.30"
192.168.6.34 - amorgado [13/Aug/2021:08:09:26 -0500] "CONNECT 45.142.38.130:9286 HTTP/1.1" 200 0 "HTTPS" "outgoing via 192.168.50.30"
192.168.6.34 - amorgado [13/Aug/2021:08:09:36 -0500] "CONNECT config.edge.skype.com:443 HTTP/1.1" 200 0 "HTTPS" "outgoing via 192.168.50.30"
192.168.6.34 - amorgado [13/Aug/2021:08:09:38 -0500] "CONNECT clients2.google.com:443 HTTP/1.1" 200 0 "HTTPS" "outgoing via 192.168.50.30"
192.168.6.34 - amorgado [13/Aug/2021:08:09:38 -0500] "CONNECT pbs.twimg.com:443 HTTP/1.1" 200 0 "HTTPS" "outgoing via 192.168.50.30"
192.168.6.34 - amorgado [13/Aug/2021:08:09:38 -0500] "CONNECT app.link:443 HTTP/1.1" 200 0 "HTTPS" "outgoing via 192.168.50.30"
192.168.6.34 - amorgado [13/Aug/2021:08:09:38 -0500] "CONNECT api2.branch.io:443 HTTP/1.1" 200 0 "HTTPS" "outgoing via 192.168.50.30"
192.168.10.20 - arodriguez [13/Aug/2021:08:09:38 -0500] "CONNECT relay-0767eec0.net.anydesk.com:80 HTTP/1.1" 200 0 "HTTPS" "outgoing via 192.168.50.30"
192.168.6.34 - amorgado [13/Aug/2021:08:09:39 -0500] "CONNECT api.twitter.com:443 HTTP/1.1" 200 0 "HTTPS" "outgoing via 192.168.50.30"
192.168.6.34 - amorgado [13/Aug/2021:08:09:39 -0500] "CONNECT api.twitter.com:443 HTTP/1.1" 200 0 "HTTPS" "outgoing via 192.168.50.30"
192.168.6.34 - amorgado [13/Aug/2021:08:09:39 -0500] "CONNECT api.twitter.com:443 HTTP/1.1" 200 0 "HTTPS" "outgoing via 192.168.50.30"
192.168.6.34 - amorgado [13/Aug/2021:08:09:39 -0500] "CONNECT pbs.twimg.com:443 HTTP/1.1" 200 0 "HTTPS" "outgoing via 192.168.50.30"
192.168.6.34 - amorgado [13/Aug/2021:08:09:39 -0500] "CONNECT api.twitter.com:443 HTTP/1.1" 200 0 "HTTPS" "outgoing via 192.168.50.30"
192.168.6.34 - amorgado [13/Aug/2021:08:09:40 -0500] "CONNECT api.twitter.com:443 HTTP/1.1" 200 0 "HTTPS" "outgoing via 192.168.50.30"
192.168.6.34 - amorgado [13/Aug/2021:08:09:41 -0500] "CONNECT www.google-analytics.com:443 HTTP/1.1" 200 0 "HTTPS" "outgoing via 192.168.50.30"
192.168.6.34 - amorgado [13/Aug/2021:08:09:41 -0500] "CONNECT app.link:443 HTTP/1.1" 200 0 "HTTPS" "outgoing via 192.168.50.30"
192.168.6.34 - amorgado [13/Aug/2021:08:09:41 -0500] "CONNECT api2.branch.io:443 HTTP/1.1" 200 0 "HTTPS" "outgoing via 192.168.50.30"
192.168.6.34 - amorgado [13/Aug/2021:08:09:41 -0500] "CONNECT api.twitter.com:443 HTTP/1.1" 200 0 "HTTPS" "outgoing via 192.168.50.30"
192.168.6.34 - amorgado [13/Aug/2021:08:09:41 -0500] "CONNECT api.twitter.com:443 HTTP/1.1" 200 0 "HTTPS" "outgoing via 192.168.50.30"
192.168.6.34 - amorgado [13/Aug/2021:08:09:42 -0500] "CONNECT pbs.twimg.com:443 HTTP/1.1" 200 0 "HTTPS" "outgoing via 192.168.50.30"
192.168.6.34 - amorgado [13/Aug/2021:08:09:42 -0500] "CONNECT pbs.twimg.com:443 HTTP/1.1" 200 0 "HTTPS" "outgoing via 192.168.50.30"
192.168.6.34 - amorgado [13/Aug/2021:08:09:42 -0500] "CONNECT pbs.twimg.com:443 HTTP/1.1" 200 0 "HTTPS" "outgoing via 192.168.50.30"
192.168.6.34 - amorgado [13/Aug/2021:08:09:42 -0500] "GET http://toolbarqueries.google.com/tbr?client=navclient-auto&features=Rank&ch=62123508297&q=info:https://twitter.com/notifications HTTP/1.1" 200 1867 "HTTP" "Error 404 (Not Found)!!1"
192.168.6.34 - amorgado [13/Aug/2021:08:09:44 -0500] "CONNECT abs-0.twimg.com:443 HTTP/1.1" 200 0 "HTTPS" "outgoing via 192.168.50.30"
192.168.6.34 - amorgado [13/Aug/2021:08:09:45 -0500] "CONNECT armmf.adobe.com:443 HTTP/1.1" 200 0 "HTTPS" "outgoing via 192.168.50.30"
192.168.6.34 - amorgado [13/Aug/2021:08:09:45 -0500] "GET http://toolbarqueries.google.com/tbr?client=navclient-auto&features=Rank&ch=6848178081&q=info:twitter.com HTTP/1.1" 200 1867 "HTTP" "Error 404 (Not Found)!!1"
