192.168.6.34 - amorgado [17/Sep/2021:08:23:08 -0500] "CONNECT googleads.g.doubleclick.net:443 HTTP/1.1" 200 0 "HTTPS" "outgoing via 192.168.50.30"
192.168.6.34 - amorgado [17/Sep/2021:08:23:10 -0500] "CONNECT googleads.g.doubleclick.net:443 HTTP/1.1" 200 0 "HTTPS" "outgoing via 192.168.50.30"
192.168.6.34 - amorgado [17/Sep/2021:08:23:10 -0500] "CONNECT beacons.gcp.gvt2.com:443 HTTP/1.1" 200 0 "HTTPS" "outgoing via 192.168.50.30"
192.168.10.20 - arodriguez [17/Sep/2021:08:23:23 -0500] "CONNECT relay-5d364c18.net.anydesk.com:80 HTTP/1.1" 200 0 "HTTPS" "outgoing via 192.168.50.30"
192.168.6.34 - amorgado [17/Sep/2021:08:23:23 -0500] "CONNECT play.google.com:443 HTTP/1.1" 200 0 "HTTPS" "outgoing via 192.168.50.30"
192.168.6.34 - amorgado [17/Sep/2021:08:23:24 -0500] "CONNECT docs.google.com:443 HTTP/1.1" 200 0 "HTTPS" "outgoing via 192.168.50.30"
192.168.6.34 - amorgado [17/Sep/2021:08:23:25 -0500] "CONNECT 85.208.126.162:7551 HTTP/1.1" 200 0 "HTTPS" "outgoing via 192.168.50.30"
192.168.6.34 - amorgado [17/Sep/2021:08:23:25 -0500] "CONNECT 149.154.167.92:443 HTTP/1.1" 200 0 "HTTPS" "outgoing via 192.168.50.30"
192.168.6.34 - amorgado [17/Sep/2021:08:23:26 -0500] "CONNECT signaler-pa.googleapis.com:443 HTTP/1.1" 200 0 "HTTPS" "outgoing via 192.168.50.30"
192.168.1.17 - aracelys [17/Sep/2021:08:23:29 -0500] "CONNECT signaler-pa.clients6.google.com:443 HTTP/1.1" 200 0 "HTTPS" "outgoing via 192.168.50.30"
192.168.6.34 - amorgado [17/Sep/2021:08:23:31 -0500] "CONNECT beacons.gcp.gvt2.com:443 HTTP/1.1" 200 0 "HTTPS" "outgoing via 192.168.50.30"
192.168.6.34 - amorgado [17/Sep/2021:08:23:40 -0500] "CONNECT beacons.gcp.gvt2.com:443 HTTP/1.1" 200 0 "HTTPS" "outgoing via 192.168.50.30"
192.168.6.34 - amorgado [17/Sep/2021:08:23:43 -0500] "CONNECT beacons.gcp.gvt2.com:443 HTTP/1.1" 200 0 "HTTPS" "outgoing via 192.168.50.30"
192.168.6.34 - amorgado [17/Sep/2021:08:23:44 -0500] "CONNECT ssl.getfireshot.com:443 HTTP/1.1" 200 0 "HTTPS" "outgoing via 192.168.50.30"
192.168.6.34 - amorgado [17/Sep/2021:08:23:45 -0500] "CONNECT clients6.google.com:443 HTTP/1.1" 200 0 "HTTPS" "outgoing via 192.168.50.30"
192.168.6.34 - amorgado [17/Sep/2021:08:23:47 -0500] "CONNECT clients6.google.com:443 HTTP/1.1" 200 0 "HTTPS" "outgoing via 192.168.50.30"
192.168.6.34 - amorgado [17/Sep/2021:08:23:48 -0500] "CONNECT play.google.com:443 HTTP/1.1" 200 0 "HTTPS" "outgoing via 192.168.50.30"
192.168.6.34 - amorgado [17/Sep/2021:08:23:49 -0500] "CONNECT play.google.com:443 HTTP/1.1" 200 0 "HTTPS" "outgoing via 192.168.50.30"
192.168.6.34 - amorgado [17/Sep/2021:08:23:50 -0500] "GET http://www.granma.cu/static/fonts/glyphicons-halflings-regular.woff HTTP/1.1" 200 24424 "HTTP" ""
192.168.6.34 - amorgado [17/Sep/2021:08:23:50 -0500] "CONNECT play.google.com:443 HTTP/1.1" 200 0 "HTTPS" "outgoing via 192.168.50.30"
192.168.6.34 - amorgado [17/Sep/2021:08:23:51 -0500] "CONNECT drive.google.com:443 HTTP/1.1" 200 0 "HTTPS" "outgoing via 192.168.50.30"
192.168.10.20 - arodriguez [17/Sep/2021:08:23:52 -0500] "CONNECT relay-5d364c18.net.anydesk.com:80 HTTP/1.1" 200 0 "HTTPS" "outgoing via 192.168.50.30"
192.168.6.34 - amorgado [17/Sep/2021:08:23:53 -0500] "CONNECT drive.google.com:443 HTTP/1.1" 200 0 "HTTPS" "outgoing via 192.168.50.30"
192.168.5.109 - cvarela [17/Sep/2021:08:23:54 -0500] "CONNECT correo.cecmed.cu:443 HTTP/1.1" 200 0 "HTTPS" "outgoing via 192.168.50.30"
192.168.6.34 - amorgado [17/Sep/2021:08:23:56 -0500] "CONNECT r4---sn-hp57ynee.googlevideo.com:443 HTTP/1.1" 200 0 "HTTPS" "outgoing via 192.168.50.30"
192.168.6.34 - amorgado [17/Sep/2021:08:23:58 -0500] "CONNECT arc.msn.com:443 HTTP/1.0" 200 0 "HTTPS" "outgoing via 192.168.50.30"
192.168.6.34 - amorgado [17/Sep/2021:08:23:58 -0500] "CONNECT arc.msn.com:443 HTTP/1.0" 200 0 "HTTPS" "outgoing via 192.168.50.30"
192.168.6.34 - amorgado [17/Sep/2021:08:24:00 -0500] "CONNECT fonts.gstatic.com:443 HTTP/1.1" 200 0 "HTTPS" "outgoing via 192.168.50.30"
192.168.6.34 - amorgado [17/Sep/2021:08:24:00 -0500] "CONNECT fonts.gstatic.com:443 HTTP/1.1" 200 0 "HTTPS" "outgoing via 192.168.50.30"
192.168.6.34 - amorgado [17/Sep/2021:08:24:00 -0500] "CONNECT fonts.gstatic.com:443 HTTP/1.1" 200 0 "HTTPS" "outgoing via 192.168.50.30"
192.168.6.34 - amorgado [17/Sep/2021:08:24:00 -0500] "CONNECT fonts.gstatic.com:443 HTTP/1.1" 200 0 "HTTPS" "outgoing via 192.168.50.30"
192.168.6.34 - amorgado [17/Sep/2021:08:24:00 -0500] "CONNECT fonts.gstatic.com:443 HTTP/1.1" 200 0 "HTTPS" "outgoing via 192.168.50.30"
192.168.6.34 - amorgado [17/Sep/2021:08:24:00 -0500] "CONNECT fonts.gstatic.com:443 HTTP/1.1" 200 0 "HTTPS" "outgoing via 192.168.50.30"
192.168.6.34 - amorgado [17/Sep/2021:08:24:02 -0500] "CONNECT www.youtube.com:443 HTTP/1.1" 200 0 "HTTPS" "outgoing via 192.168.50.30"
192.168.6.34 - amorgado [17/Sep/2021:08:24:02 -0500] "CONNECT www.youtube.com:443 HTTP/1.1" 200 0 "HTTPS" "outgoing via 192.168.50.30"
192.168.6.34 - amorgado [17/Sep/2021:08:24:04 -0500] "CONNECT login.live.com:443 HTTP/1.1" 200 0 "HTTPS" "outgoing via 192.168.50.30"
192.168.10.20 - arodriguez [17/Sep/2021:08:24:05 -0500] "CONNECT relay-8897650c.net.anydesk.com:80 HTTP/1.1" 200 0 "HTTPS" "outgoing via 192.168.50.30"
192.168.6.34 - amorgado [17/Sep/2021:08:24:06 -0500] "CONNECT clients6.google.com:443 HTTP/1.1" 200 0 "HTTPS" "outgoing via 192.168.50.30"
192.168.6.34 - amorgado [17/Sep/2021:08:24:06 -0500] "CONNECT clients6.google.com:443 HTTP/1.1" 200 0 "HTTPS" "outgoing via 192.168.50.30"
192.168.6.34 - amorgado [17/Sep/2021:08:24:08 -0500] "CONNECT clients6.google.com:443 HTTP/1.1" 200 0 "HTTPS" "outgoing via 192.168.50.30"
192.168.6.34 - amorgado [17/Sep/2021:08:24:08 -0500] "CONNECT clients6.google.com:443 HTTP/1.1" 200 0 "HTTPS" "outgoing via 192.168.50.30"
192.168.6.34 - amorgado [17/Sep/2021:08:24:08 -0500] "CONNECT r4---sn-hp57ynee.googlevideo.com:443 HTTP/1.1" 200 0 "HTTPS" "outgoing via 192.168.50.30"
192.168.6.34 - amorgado [17/Sep/2021:08:24:15 -0500] "GET http://storage.googleapis.com/update-delta/jflookgnkcckhobaglndicnbbgbonegd/2698/2697/c303064415f0f6401c934cfb54ff33e6e5425ae6bf2d043d61adcb7d11ec68d3.crxd HTTP/1.1" 200 4852 "HTTP" ""
192.168.6.34 - amorgado [17/Sep/2021:08:24:19 -0500] "CONNECT beacons.gcp.gvt2.com:443 HTTP/1.1" 200 0 "HTTPS" "outgoing via 192.168.50.30"
192.168.6.34 - amorgado [17/Sep/2021:08:24:22 -0500] "CONNECT beacons.gcp.gvt2.com:443 HTTP/1.1" 200 0 "HTTPS" "outgoing via 192.168.50.30"
192.168.6.34 - amorgado [17/Sep/2021:08:24:23 -0500] "CONNECT play.google.com:443 HTTP/1.1" 200 0 "HTTPS" "outgoing via 192.168.50.30"
192.168.6.34 - amorgado [17/Sep/2021:08:24:24 -0500] "CONNECT play.google.com:443 HTTP/1.1" 200 0 "HTTPS" "outgoing via 192.168.50.30"
192.168.6.34 - amorgado [17/Sep/2021:08:24:30 -0500] "CONNECT googleads.g.doubleclick.net:443 HTTP/1.1" 200 0 "HTTPS" "outgoing via 192.168.50.30"
192.168.6.34 - amorgado [17/Sep/2021:08:24:30 -0500] "CONNECT beacons.gvt2.com:443 HTTP/1.1" 200 0 "HTTPS" "outgoing via 192.168.50.30"
192.168.6.34 - amorgado [17/Sep/2021:08:24:30 -0500] "CONNECT beacons.gvt2.com:443 HTTP/1.1" 200 0 "HTTPS" "outgoing via 192.168.50.30"
192.168.6.34 - amorgado [17/Sep/2021:08:24:31 -0500] "CONNECT googleads.g.doubleclick.net:443 HTTP/1.1" 200 0 "HTTPS" "outgoing via 192.168.50.30"
192.168.6.34 - amorgado [17/Sep/2021:08:24:33 -0500] "CONNECT googleads.g.doubleclick.net:443 HTTP/1.1" 200 0 "HTTPS" "outgoing via 192.168.50.30"
192.168.10.20 - arodriguez [17/Sep/2021:08:24:34 -0500] "CONNECT relay-8897650c.net.anydesk.com:80 HTTP/1.1" 200 0 "HTTPS" "outgoing via 192.168.50.30"
192.168.6.34 - amorgado [17/Sep/2021:08:24:34 -0500] "CONNECT googleads.g.doubleclick.net:443 HTTP/1.1" 200 0 "HTTPS" "outgoing via 192.168.50.30"
192.168.5.56 - dorian [17/Sep/2021:08:24:34 -0500] "CONNECT www.google.com.cu:443 HTTP/1.1" 200 0 "HTTPS" "outgoing via 192.168.50.30"
192.168.6.34 - amorgado [17/Sep/2021:08:24:36 -0500] "CONNECT 149.154.167.92:443 HTTP/1.1" 200 0 "HTTPS" "outgoing via 192.168.50.30"
192.168.6.34 - amorgado [17/Sep/2021:08:24:36 -0500] "CONNECT 85.208.126.162:7551 HTTP/1.1" 200 0 "HTTPS" "outgoing via 192.168.50.30"
192.168.6.34 - amorgado [17/Sep/2021:08:24:37 -0500] "CONNECT 85.208.126.162:7551 HTTP/1.1" 200 0 "HTTPS" "outgoing via 192.168.50.30"
192.168.6.34 - amorgado [17/Sep/2021:08:24:37 -0500] "CONNECT 149.154.167.92:443 HTTP/1.1" 200 0 "HTTPS" "outgoing via 192.168.50.30"
192.168.6.34 - amorgado [17/Sep/2021:08:24:41 -0500] "CONNECT googleads.g.doubleclick.net:443 HTTP/1.1" 200 0 "HTTPS" "outgoing via 192.168.50.30"
192.168.6.34 - amorgado [17/Sep/2021:08:24:42 -0500] "CONNECT googleads.g.doubleclick.net:443 HTTP/1.1" 200 0 "HTTPS" "outgoing via 192.168.50.30"
192.168.6.34 - amorgado [17/Sep/2021:08:24:44 -0500] "CONNECT storage.live.com:443 HTTP/1.0" 200 0 "HTTPS" "outgoing via 192.168.50.30"
192.168.6.34 - amorgado [17/Sep/2021:08:24:47 -0500] "CONNECT login.live.com:443 HTTP/1.0" 200 0 "HTTPS" "outgoing via 192.168.50.30"
192.168.5.97 - erich [17/Sep/2021:08:24:47 -0500] "CONNECT normandy.cdn.mozilla.net:443 HTTP/1.1" 200 0 "HTTPS" "outgoing via 192.168.50.30"
192.168.5.97 - erich [17/Sep/2021:08:24:48 -0500] "CONNECT classify-client.services.mozilla.com:443 HTTP/1.1" 200 0 "HTTPS" "outgoing via 192.168.50.30"
192.168.5.97 - erich [17/Sep/2021:08:24:50 -0500] "CONNECT content-signature-2.cdn.mozilla.net:443 HTTP/1.1" 200 0 "HTTPS" "outgoing via 192.168.50.30"
192.168.6.34 - amorgado [17/Sep/2021:08:24:53 -0500] "CONNECT google.com:443 HTTP/1.1" 200 0 "HTTPS" "outgoing via 192.168.50.30"
192.168.5.109 - cvarela [17/Sep/2021:08:24:54 -0500] "CONNECT correo.cecmed.cu:443 HTTP/1.1" 200 0 "HTTPS" "outgoing via 192.168.50.30"
192.168.6.34 - amorgado [17/Sep/2021:08:24:55 -0500] "GET http://redirector.gvt1.com/edgedl/chromewebstore/L2Nocm9tZV9leHRlbnNpb24vYmxvYnMvODZmQUFYS2VOaGowdjdSeVBvWFBSTDIxdw/1.0.0.9_llkgjffcdpffmhiakmfcdcblohccpfmo.crx HTTP/1.1" 200 1407 "HTTP" "302 Moved"
192.168.6.34 - amorgado [17/Sep/2021:08:24:55 -0500] "CONNECT beacons.gcp.gvt2.com:443 HTTP/1.1" 200 0 "HTTPS" "outgoing via 192.168.50.30"
192.168.6.34 - amorgado [17/Sep/2021:08:24:55 -0500] "CONNECT beacons.gcp.gvt2.com:443 HTTP/1.1" 200 0 "HTTPS" "outgoing via 192.168.50.30"
192.168.6.34 - amorgado [17/Sep/2021:08:24:56 -0500] "GET http://r1---sn-xuxjn5-i58e.gvt1.com/edgedl/chromewebstore/L2Nocm9tZV9leHRlbnNpb24vYmxvYnMvODZmQUFYS2VOaGowdjdSeVBvWFBSTDIxdw/1.0.0.9_llkgjffcdpffmhiakmfcdcblohccpfmo.crx?cms_redirect=yes&mh=3e&mip=200.55.144.170&mm=28&mn=sn-xuxjn5-i58e&ms=nvh&mt=1631880986&mv=m&mvi=1&pcm2cms=yes&pl=21&rmhost=r3---sn-xuxjn5-i58e.gvt1.com&shardbypass=yes HTTP/1.1" 200 815 "HTTP" ""
192.168.5.97 - olga [17/Sep/2021:08:25:02 -0500] "CONNECT 163.172.182.26:443 HTTP/1.1" 200 0 "HTTPS" "outgoing via 192.168.50.30"
192.168.5.97 - olga [17/Sep/2021:08:25:02 -0500] "CONNECT 46.166.182.20:443 HTTP/1.1" 200 0 "HTTPS" "outgoing via 192.168.50.30"
192.168.5.56 - dorian [17/Sep/2021:08:25:03 -0500] "CONNECT firefox.settings.services.mozilla.com:443 HTTP/1.1" 200 0 "HTTPS" "outgoing via 192.168.50.30"
192.168.10.20 - arodriguez [17/Sep/2021:08:25:03 -0500] "CONNECT relay-8897650c.net.anydesk.com:80 HTTP/1.1" 200 0 "HTTPS" "outgoing via 192.168.50.30"
192.168.5.56 - dorian [17/Sep/2021:08:25:04 -0500] "CONNECT content-signature-2.cdn.mozilla.net:443 HTTP/1.1" 200 0 "HTTPS" "outgoing via 192.168.50.30"
192.168.5.97 - olga [17/Sep/2021:08:25:04 -0500] "CONNECT 87.139.33.217:443 HTTP/1.1" 200 0 "HTTPS" "outgoing via 192.168.50.30"
192.168.5.97 - erich [17/Sep/2021:08:25:07 -0500] "CONNECT safebrowsing.googleapis.com:443 HTTP/1.1" 200 0 "HTTPS" "outgoing via 192.168.50.30"
192.168.5.56 - dorian [17/Sep/2021:08:25:07 -0500] "CONNECT firefox.settings.services.mozilla.com:443 HTTP/1.1" 200 0 "HTTPS" "outgoing via 192.168.50.30"
192.168.5.56 - dorian [17/Sep/2021:08:25:09 -0500] "CONNECT firefox.settings.services.mozilla.com:443 HTTP/1.1" 200 0 "HTTPS" "outgoing via 192.168.50.30"
192.168.5.56 - dorian [17/Sep/2021:08:25:09 -0500] "CONNECT firefox.settings.services.mozilla.com:443 HTTP/1.1" 200 0 "HTTPS" "outgoing via 192.168.50.30"
192.168.5.56 - dorian [17/Sep/2021:08:25:09 -0500] "CONNECT firefox.settings.services.mozilla.com:443 HTTP/1.1" 200 0 "HTTPS" "outgoing via 192.168.50.30"
192.168.5.56 - dorian [17/Sep/2021:08:25:09 -0500] "CONNECT firefox.settings.services.mozilla.com:443 HTTP/1.1" 200 0 "HTTPS" "outgoing via 192.168.50.30"
192.168.5.56 - dorian [17/Sep/2021:08:25:09 -0500] "CONNECT firefox.settings.services.mozilla.com:443 HTTP/1.1" 200 0 "HTTPS" "outgoing via 192.168.50.30"
192.168.5.56 - dorian [17/Sep/2021:08:25:09 -0500] "CONNECT firefox.settings.services.mozilla.com:443 HTTP/1.1" 200 0 "HTTPS" "outgoing via 192.168.50.30"
192.168.6.34 - amorgado [17/Sep/2021:08:25:11 -0500] "CONNECT beacons.gcp.gvt2.com:443 HTTP/1.1" 200 0 "HTTPS" "outgoing via 192.168.50.30"
192.168.5.56 - dorian [17/Sep/2021:08:25:11 -0500] "CONNECT firefox-settings-attachments.cdn.mozilla.net:443 HTTP/1.1" 200 0 "HTTPS" "outgoing via 192.168.50.30"
192.168.5.56 - dorian [17/Sep/2021:08:25:11 -0500] "CONNECT firefox-settings-attachments.cdn.mozilla.net:443 HTTP/1.1" 200 0 "HTTPS" "outgoing via 192.168.50.30"
192.168.5.56 - dorian [17/Sep/2021:08:25:11 -0500] "CONNECT firefox-settings-attachments.cdn.mozilla.net:443 HTTP/1.1" 200 0 "HTTPS" "outgoing via 192.168.50.30"
192.168.5.56 - dorian [17/Sep/2021:08:25:11 -0500] "CONNECT firefox-settings-attachments.cdn.mozilla.net:443 HTTP/1.1" 200 0 "HTTPS" "outgoing via 192.168.50.30"
192.168.5.56 - dorian [17/Sep/2021:08:25:11 -0500] "CONNECT firefox-settings-attachments.cdn.mozilla.net:443 HTTP/1.1" 200 0 "HTTPS" "outgoing via 192.168.50.30"
192.168.5.56 - dorian [17/Sep/2021:08:25:11 -0500] "CONNECT firefox-settings-attachments.cdn.mozilla.net:443 HTTP/1.1" 200 0 "HTTPS" "outgoing via 192.168.50.30"
192.168.6.34 - amorgado [17/Sep/2021:08:25:11 -0500] "CONNECT googleads.g.doubleclick.net:443 HTTP/1.1" 200 0 "HTTPS" "outgoing via 192.168.50.30"
192.168.6.34 - amorgado [17/Sep/2021:08:25:12 -0500] "CONNECT googleads.g.doubleclick.net:443 HTTP/1.1" 200 0 "HTTPS" "outgoing via 192.168.50.30"
192.168.6.34 - amorgado [17/Sep/2021:08:25:24 -0500] "CONNECT beacons.gcp.gvt2.com:443 HTTP/1.1" 200 0 "HTTPS" "outgoing via 192.168.50.30"
192.168.10.20 - arodriguez [17/Sep/2021:08:25:32 -0500] "CONNECT relay-8897650c.net.anydesk.com:80 HTTP/1.1" 200 0 "HTTPS" "outgoing via 192.168.50.30"
192.168.6.34 - amorgado [17/Sep/2021:08:25:36 -0500] "CONNECT beacons.gvt2.com:443 HTTP/1.1" 200 0 "HTTPS" "outgoing via 192.168.50.30"
192.168.6.34 - amorgado [17/Sep/2021:08:25:50 -0500] "CONNECT 149.154.167.92:443 HTTP/1.1" 200 0 "HTTPS" "outgoing via 192.168.50.30"
192.168.6.34 - amorgado [17/Sep/2021:08:25:50 -0500] "CONNECT 85.208.126.162:7551 HTTP/1.1" 200 0 "HTTPS" "outgoing via 192.168.50.30"
192.168.6.34 - amorgado [17/Sep/2021:08:25:52 -0500] "CONNECT 85.208.126.162:7551 HTTP/1.1" 200 0 "HTTPS" "outgoing via 192.168.50.30"
192.168.6.34 - amorgado [17/Sep/2021:08:25:52 -0500] "CONNECT 149.154.167.92:443 HTTP/1.1" 200 0 "HTTPS" "outgoing via 192.168.50.30"
192.168.5.109 - cvarela [17/Sep/2021:08:25:54 -0500] "CONNECT correo.cecmed.cu:443 HTTP/1.1" 200 0 "HTTPS" "outgoing via 192.168.50.30"
192.168.6.34 - amorgado [17/Sep/2021:08:25:58 -0500] "CONNECT beacons.gvt2.com:443 HTTP/1.1" 200 0 "HTTPS" "outgoing via 192.168.50.30"
192.168.6.34 - amorgado [17/Sep/2021:08:26:01 -0500] "CONNECT watson.telemetry.microsoft.com:443 HTTP/1.1" 200 0 "HTTPS" "outgoing via 192.168.50.30"
192.168.10.20 - arodriguez [17/Sep/2021:08:26:01 -0500] "CONNECT relay-8897650c.net.anydesk.com:80 HTTP/1.1" 200 0 "HTTPS" "outgoing via 192.168.50.30"
192.168.10.20 - arodriguez [17/Sep/2021:08:26:30 -0500] "CONNECT relay-8897650c.net.anydesk.com:80 HTTP/1.1" 200 0 "HTTPS" "outgoing via 192.168.50.30"
192.168.10.20 - arodriguez [17/Sep/2021:08:26:44 -0500] "CONNECT relay-0767eec0.net.anydesk.com:80 HTTP/1.1" 200 0 "HTTPS" "outgoing via 192.168.50.30"
192.168.5.109 - cvarela [17/Sep/2021:08:26:54 -0500] "CONNECT correo.cecmed.cu:443 HTTP/1.1" 200 0 "HTTPS" "outgoing via 192.168.50.30"
192.168.6.34 - amorgado [17/Sep/2021:08:27:01 -0500] "CONNECT cdn.onenote.net:443 HTTP/1.1" 200 0 "HTTPS" "outgoing via 192.168.50.30"
192.168.5.56 - dorian [17/Sep/2021:08:27:03 -0500] "CONNECT services.addons.mozilla.org:443 HTTP/1.1" 200 0 "HTTPS" "outgoing via 192.168.50.30"
192.168.5.56 - dorian [17/Sep/2021:08:27:05 -0500] "CONNECT versioncheck-bg.addons.mozilla.org:443 HTTP/1.1" 200 0 "HTTPS" "outgoing via 192.168.50.30"
192.168.5.56 - dorian [17/Sep/2021:08:27:05 -0500] "CONNECT versioncheck-bg.addons.mozilla.org:443 HTTP/1.1" 200 0 "HTTPS" "outgoing via 192.168.50.30"
192.168.5.56 - dorian [17/Sep/2021:08:27:05 -0500] "CONNECT secure-apnmedia.ask.com:443 HTTP/1.1" 200 0 "HTTPS" "outgoing via 192.168.50.30"
192.168.5.56 - dorian [17/Sep/2021:08:27:05 -0500] "CONNECT www.zotero.org:443 HTTP/1.1" 200 0 "HTTPS" "outgoing via 192.168.50.30"
192.168.5.56 - dorian [17/Sep/2021:08:27:05 -0500] "POST http://ocsp.digicert.com/ HTTP/1.1" 200 947 "HTTP" ""
192.168.1.17 - aracelys [17/Sep/2021:08:27:05 -0500] "CONNECT signaler-pa.clients6.google.com:443 HTTP/1.1" 200 0 "HTTPS" "outgoing via 192.168.50.30"
192.168.5.56 - dorian [17/Sep/2021:08:27:07 -0500] "CONNECT aus5.mozilla.org:443 HTTP/1.1" 200 0 "HTTPS" "outgoing via 192.168.50.30"
192.168.6.34 - amorgado [17/Sep/2021:08:27:07 -0500] "CONNECT 149.154.175.50:443 HTTP/1.1" 200 0 "HTTPS" "outgoing via 192.168.50.30"
192.168.6.34 - amorgado [17/Sep/2021:08:27:07 -0500] "CONNECT 85.208.126.162:7551 HTTP/1.1" 200 0 "HTTPS" "outgoing via 192.168.50.30"
192.168.5.56 - dorian [17/Sep/2021:08:27:08 -0500] "CONNECT ftp.mozilla.org:443 HTTP/1.1" 200 0 "HTTPS" "outgoing via 192.168.50.30"
192.168.5.56 - dorian [17/Sep/2021:08:27:08 -0500] "CONNECT ftp.mozilla.org:443 HTTP/1.1" 200 0 "HTTPS" "outgoing via 192.168.50.30"
192.168.5.56 - dorian [17/Sep/2021:08:27:10 -0500] "CONNECT incoming.telemetry.mozilla.org:443 HTTP/1.1" 200 0 "HTTPS" "outgoing via 192.168.50.30"
192.168.10.20 - arodriguez [17/Sep/2021:08:27:13 -0500] "CONNECT relay-0767eec0.net.anydesk.com:80 HTTP/1.1" 200 0 "HTTPS" "outgoing via 192.168.50.30"
192.168.6.34 - amorgado [17/Sep/2021:08:27:14 -0500] "CONNECT suggestqueries-clients6.youtube.com:443 HTTP/1.1" 200 0 "HTTPS" "outgoing via 192.168.50.30"
192.168.6.34 - amorgado [17/Sep/2021:08:27:17 -0500] "CONNECT v10.events.data.microsoft.com:443 HTTP/1.1" 200 0 "HTTPS" "outgoing via 192.168.50.30"
192.168.1.17 - aracelys [17/Sep/2021:08:27:27 -0500] "CONNECT chat-pa.clients6.google.com:443 HTTP/1.1" 200 0 "HTTPS" "outgoing via 192.168.50.30"
192.168.6.34 - amorgado [17/Sep/2021:08:27:32 -0500] "CONNECT beacons.gcp.gvt2.com:443 HTTP/1.1" 200 0 "HTTPS" "outgoing via 192.168.50.30"
192.168.10.20 - arodriguez [17/Sep/2021:08:27:42 -0500] "CONNECT relay-0767eec0.net.anydesk.com:80 HTTP/1.1" 200 0 "HTTPS" "outgoing via 192.168.50.30"
192.168.1.17 - aracelys [17/Sep/2021:08:27:42 -0500] "CONNECT signaler-pa.clients6.google.com:443 HTTP/1.1" 200 0 "HTTPS" "outgoing via 192.168.50.30"
192.168.5.109 - cvarela [17/Sep/2021:08:27:54 -0500] "CONNECT correo.cecmed.cu:443 HTTP/1.1" 200 0 "HTTPS" "outgoing via 192.168.50.30"
192.168.5.56 - dorian [17/Sep/2021:08:27:56 -0500] "CONNECT translate.google.com.cu:443 HTTP/1.1" 200 0 "HTTPS" "outgoing via 192.168.50.30"
192.168.5.56 - dorian [17/Sep/2021:08:28:01 -0500] "CONNECT play.google.com:443 HTTP/1.1" 200 0 "HTTPS" "outgoing via 192.168.50.30"
192.168.6.34 - amorgado [17/Sep/2021:08:28:01 -0500] "CONNECT r4---sn-hp57ynee.googlevideo.com:443 HTTP/1.1" 200 0 "HTTPS" "outgoing via 192.168.50.30"
192.168.6.34 - amorgado [17/Sep/2021:08:28:03 -0500] "CONNECT ssl.gstatic.com:443 HTTP/1.1" 200 0 "HTTPS" "outgoing via 192.168.50.30"
192.168.6.34 - amorgado [17/Sep/2021:08:28:07 -0500] "CONNECT mtalk.google.com:5228 HTTP/1.1" 200 0 "HTTPS" "outgoing via 192.168.50.30"
192.168.5.56 - dorian [17/Sep/2021:08:28:10 -0500] "CONNECT www.pmda-atc-elearning.site:443 HTTP/1.1" 200 0 "HTTPS" "outgoing via 192.168.50.30"
192.168.10.20 - arodriguez [17/Sep/2021:08:28:11 -0500] "CONNECT relay-0767eec0.net.anydesk.com:80 HTTP/1.1" 200 0 "HTTPS" "outgoing via 192.168.50.30"
192.168.10.20 - arodriguez [17/Sep/2021:08:28:24 -0500] "CONNECT relay-717265af.net.anydesk.com:80 HTTP/1.1" 200 0 "HTTPS" "outgoing via 192.168.50.30"
192.168.6.34 - amorgado [17/Sep/2021:08:28:51 -0500] "CONNECT i.ytimg.com:443 HTTP/1.1" 200 0 "HTTPS" "outgoing via 192.168.50.30"
192.168.10.20 - arodriguez [17/Sep/2021:08:28:53 -0500] "CONNECT relay-717265af.net.anydesk.com:80 HTTP/1.1" 200 0 "HTTPS" "outgoing via 192.168.50.30"
192.168.5.109 - cvarela [17/Sep/2021:08:28:54 -0500] "CONNECT correo.cecmed.cu:443 HTTP/1.1" 200 0 "HTTPS" "outgoing via 192.168.50.30"
192.168.6.34 - amorgado [17/Sep/2021:08:29:03 -0500] "CONNECT signaler-pa.googleapis.com:443 HTTP/1.1" 200 0 "HTTPS" "outgoing via 192.168.50.30"
192.168.6.34 - amorgado [17/Sep/2021:08:29:08 -0500] "CONNECT api.unsplash.com:443 HTTP/1.1" 200 0 "HTTPS" "outgoing via 192.168.50.30"
192.168.6.34 - amorgado [17/Sep/2021:08:29:08 -0500] "CONNECT images.unsplash.com:443 HTTP/1.1" 200 0 "HTTPS" "outgoing via 192.168.50.30"
192.168.6.34 - amorgado [17/Sep/2021:08:29:08 -0500] "CONNECT images.unsplash.com:443 HTTP/1.1" 200 0 "HTTPS" "outgoing via 192.168.50.30"
192.168.6.34 - amorgado [17/Sep/2021:08:29:08 -0500] "CONNECT images.unsplash.com:443 HTTP/1.1" 200 0 "HTTPS" "outgoing via 192.168.50.30"
192.168.6.34 - amorgado [17/Sep/2021:08:29:08 -0500] "CONNECT images.unsplash.com:443 HTTP/1.1" 200 0 "HTTPS" "outgoing via 192.168.50.30"
192.168.6.34 - amorgado [17/Sep/2021:08:29:09 -0500] "CONNECT www.google-analytics.com:443 HTTP/1.1" 200 0 "HTTPS" "outgoing via 192.168.50.30"
192.168.6.34 - amorgado [17/Sep/2021:08:29:11 -0500] "CONNECT stats.g.doubleclick.net:443 HTTP/1.1" 200 0 "HTTPS" "outgoing via 192.168.50.30"
192.168.6.34 - amorgado [17/Sep/2021:08:29:12 -0500] "CONNECT stats.g.doubleclick.net:443 HTTP/1.1" 200 0 "HTTPS" "outgoing via 192.168.50.30"
192.168.6.34 - amorgado [17/Sep/2021:08:29:13 -0500] "CONNECT safebrowsing.google.com:443 HTTP/1.1" 200 0 "HTTPS" "outgoing via 192.168.50.30"
192.168.6.34 - amorgado [17/Sep/2021:08:29:19 -0500] "CONNECT clients4.google.com:443 HTTP/1.1" 200 0 "HTTPS" "outgoing via 192.168.50.30"
192.168.10.20 - arodriguez [17/Sep/2021:08:29:22 -0500] "CONNECT relay-717265af.net.anydesk.com:80 HTTP/1.1" 200 0 "HTTPS" "outgoing via 192.168.50.30"
192.168.1.17 - aracelys [17/Sep/2021:08:29:22 -0500] "CONNECT mail.google.com:443 HTTP/1.1" 200 0 "HTTPS" "outgoing via 192.168.50.30"
192.168.6.34 - amorgado [17/Sep/2021:08:29:25 -0500] "CONNECT fonts.googleapis.com:443 HTTP/1.1" 200 0 "HTTPS" "outgoing via 192.168.50.30"
192.168.6.34 - amorgado [17/Sep/2021:08:29:26 -0500] "GET http://toolbarqueries.google.com/tbr?client=navclient-auto&features=Rank&ch=652995644&q=info:http://intranet.cecmed.local/directorio HTTP/1.1" 200 1867 "HTTP" "Error 404 (Not Found)!!1"
192.168.6.34 - amorgado [17/Sep/2021:08:29:27 -0500] "CONNECT v10.events.data.microsoft.com:443 HTTP/1.1" 200 0 "HTTPS" "outgoing via 192.168.50.30"
192.168.6.34 - amorgado [17/Sep/2021:08:29:30 -0500] "CONNECT query.yahooapis.com:443 HTTP/1.1" 200 0 "HTTPS" "outgoing via 192.168.50.30"
192.168.6.34 - amorgado [17/Sep/2021:08:29:31 -0500] "CONNECT query.yahooapis.com:443 HTTP/1.1" 200 0 "HTTPS" "outgoing via 192.168.50.30"
192.168.6.34 - amorgado [17/Sep/2021:08:29:40 -0500] "CONNECT v10.events.data.microsoft.com:443 HTTP/1.1" 200 0 "HTTPS" "outgoing via 192.168.50.30"
192.168.10.20 - arodriguez [17/Sep/2021:08:29:51 -0500] "CONNECT relay-717265af.net.anydesk.com:80 HTTP/1.1" 200 0 "HTTPS" "outgoing via 192.168.50.30"
192.168.1.17 - aracelys [17/Sep/2021:08:29:53 -0500] "CONNECT signaler-pa.clients6.google.com:443 HTTP/1.1" 200 0 "HTTPS" "outgoing via 192.168.50.30"
192.168.5.109 - cvarela [17/Sep/2021:08:29:54 -0500] "CONNECT correo.cecmed.cu:443 HTTP/1.1" 200 0 "HTTPS" "outgoing via 192.168.50.30"
192.168.10.20 - arodriguez [17/Sep/2021:08:30:20 -0500] "CONNECT relay-717265af.net.anydesk.com:80 HTTP/1.1" 200 0 "HTTPS" "outgoing via 192.168.50.30"
192.168.6.34 - amorgado [17/Sep/2021:08:30:21 -0500] "CONNECT beacons.gcp.gvt2.com:443 HTTP/1.1" 200 0 "HTTPS" "outgoing via 192.168.50.30"
192.168.6.34 - amorgado [17/Sep/2021:08:30:29 -0500] "CONNECT google.com:443 HTTP/1.1" 200 0 "HTTPS" "outgoing via 192.168.50.30"
192.168.6.34 - amorgado [17/Sep/2021:08:30:32 -0500] "CONNECT 149.154.175.50:443 HTTP/1.1" 200 0 "HTTPS" "outgoing via 192.168.50.30"
192.168.6.34 - amorgado [17/Sep/2021:08:30:32 -0500] "CONNECT 85.208.126.162:7551 HTTP/1.1" 200 0 "HTTPS" "outgoing via 192.168.50.30"
192.168.6.34 - amorgado [17/Sep/2021:08:30:39 -0500] "CONNECT beacons.gcp.gvt2.com:443 HTTP/1.1" 200 0 "HTTPS" "outgoing via 192.168.50.30"
192.168.6.34 - amorgado [17/Sep/2021:08:30:40 -0500] "GET http://toolbarqueries.google.com/tbr?client=navclient-auto&features=Rank&ch=63745252209&q=info:intranet.cecmed.local HTTP/1.1" 200 1867 "HTTP" "Error 404 (Not Found)!!1"
192.168.6.34 - amorgado [17/Sep/2021:08:30:42 -0500] "GET http://toolbarqueries.google.com/tbr?client=navclient-auto&features=Rank&ch=64128004968&q=info:http://intranet.cecmed.local/directorio HTTP/1.1" 200 1867 "HTTP" "Error 404 (Not Found)!!1"
192.168.10.20 - arodriguez [17/Sep/2021:08:30:49 -0500] "CONNECT relay-717265af.net.anydesk.com:80 HTTP/1.1" 200 0 "HTTPS" "outgoing via 192.168.50.30"
192.168.1.17 - aracelys [17/Sep/2021:08:30:51 -0500] "CONNECT safebrowsing.googleapis.com:443 HTTP/1.1" 200 0 "HTTPS" "outgoing via 192.168.50.30"
192.168.5.109 - cvarela [17/Sep/2021:08:30:54 -0500] "CONNECT correo.cecmed.cu:443 HTTP/1.1" 200 0 "HTTPS" "outgoing via 192.168.50.30"
192.168.6.34 - amorgado [17/Sep/2021:08:31:01 -0500] "GET http://toolbarqueries.google.com/tbr?client=navclient-auto&features=Rank&ch=63745252209&q=info:intranet.cecmed.local HTTP/1.1" 200 1867 "HTTP" "Error 404 (Not Found)!!1"
192.168.6.34 - amorgado [17/Sep/2021:08:31:02 -0500] "CONNECT query.yahooapis.com:443 HTTP/1.1" 200 0 "HTTPS" "outgoing via 192.168.50.30"
192.168.6.34 - amorgado [17/Sep/2021:08:31:03 -0500] "GET http://toolbarqueries.google.com/tbr?client=navclient-auto&features=Rank&ch=63262753880&q=info:http://intranet.cecmed.local/directorio?title=olga&field__rea_de_trabajo_tid=All&field_cargo_tid=All&field_sexo_value=All HTTP/1.1" 200 1867 "HTTP" "Error 404 (Not Found)!!1"
192.168.6.34 - amorgado [17/Sep/2021:08:31:03 -0500] "CONNECT query.yahooapis.com:443 HTTP/1.1" 200 0 "HTTPS" "outgoing via 192.168.50.30"
192.168.10.20 - arodriguez [17/Sep/2021:08:31:18 -0500] "CONNECT relay-717265af.net.anydesk.com:80 HTTP/1.1" 200 0 "HTTPS" "outgoing via 192.168.50.30"
192.168.6.34 - amorgado [17/Sep/2021:08:31:21 -0500] "CONNECT 85.208.126.162:7551 HTTP/1.1" 200 0 "HTTPS" "outgoing via 192.168.50.30"
192.168.6.34 - amorgado [17/Sep/2021:08:31:21 -0500] "CONNECT 149.154.167.92:443 HTTP/1.1" 200 0 "HTTPS" "outgoing via 192.168.50.30"
192.168.6.34 - amorgado [17/Sep/2021:08:31:29 -0500] "CONNECT 85.208.126.162:7551 HTTP/1.1" 200 0 "HTTPS" "outgoing via 192.168.50.30"
192.168.6.34 - amorgado [17/Sep/2021:08:31:29 -0500] "CONNECT 149.154.167.92:443 HTTP/1.1" 200 0 "HTTPS" "outgoing via 192.168.50.30"
192.168.1.17 - aracelys [17/Sep/2021:08:31:38 -0500] "CONNECT signaler-pa.clients6.google.com:443 HTTP/1.1" 200 0 "HTTPS" "outgoing via 192.168.50.30"
192.168.5.56 - dorian [17/Sep/2021:08:31:45 -0500] "CONNECT contile.services.mozilla.com:443 HTTP/1.1" 200 0 "HTTPS" "outgoing via 192.168.50.30"
192.168.5.56 - dorian [17/Sep/2021:08:31:45 -0500] "CONNECT incoming.telemetry.mozilla.org:443 HTTP/1.1" 200 0 "HTTPS" "outgoing via 192.168.50.30"
192.168.5.56 - dorian [17/Sep/2021:08:31:45 -0500] "POST http://r3.o.lencr.org/ HTTP/1.1" 200 1012 "HTTP" ""
192.168.5.56 - dorian [17/Sep/2021:08:31:45 -0500] "CONNECT incoming.telemetry.mozilla.org:443 HTTP/1.1" 200 0 "HTTPS" "outgoing via 192.168.50.30"
192.168.5.56 - dorian [17/Sep/2021:08:31:45 -0500] "CONNECT profile.accounts.firefox.com:443 HTTP/1.1" 200 0 "HTTPS" "outgoing via 192.168.50.30"
192.168.5.56 - dorian [17/Sep/2021:08:31:45 -0500] "CONNECT api.accounts.firefox.com:443 HTTP/1.1" 200 0 "HTTPS" "outgoing via 192.168.50.30"
192.168.5.56 - dorian [17/Sep/2021:08:31:46 -0500] "POST http://ocsp.digicert.com/ HTTP/1.1" 200 947 "HTTP" ""
192.168.10.20 - arodriguez [17/Sep/2021:08:31:47 -0500] "CONNECT relay-717265af.net.anydesk.com:80 HTTP/1.1" 200 0 "HTTPS" "outgoing via 192.168.50.30"
192.168.6.34 - amorgado [17/Sep/2021:08:31:49 -0500] "CONNECT settings-win.data.microsoft.com:443 HTTP/1.1" 200 0 "HTTPS" "outgoing via 192.168.50.30"
192.168.5.56 - dorian [17/Sep/2021:08:31:49 -0500] "CONNECT www.pmda-atc-elearning.site:443 HTTP/1.1" 200 0 "HTTPS" "outgoing via 192.168.50.30"
192.168.5.56 - dorian [17/Sep/2021:08:31:49 -0500] "POST http://ocsp.digicert.com/ HTTP/1.1" 200 947 "HTTP" ""
192.168.5.56 - dorian [17/Sep/2021:08:31:50 -0500] "CONNECT repo.zotero.org:443 HTTP/1.1" 200 0 "HTTPS" "outgoing via 192.168.50.30"
192.168.5.56 - dorian [17/Sep/2021:08:31:50 -0500] "POST http://ocsp.sca1b.amazontrust.com/ HTTP/1.1" 200 1104 "HTTP" ""
192.168.5.56 - dorian [17/Sep/2021:08:31:51 -0500] "CONNECT zotero-repo.s3.amazonaws.com:443 HTTP/1.1" 200 0 "HTTPS" "outgoing via 192.168.50.30"
192.168.5.56 - dorian [17/Sep/2021:08:31:52 -0500] "POST http://ocsp.sca1b.amazontrust.com/ HTTP/1.1" 200 1124 "HTTP" ""
192.168.1.17 - aracelys [17/Sep/2021:08:31:53 -0500] "CONNECT push.services.mozilla.com:443 HTTP/1.1" 200 0 "HTTPS" "outgoing via 192.168.50.30"
192.168.5.109 - cvarela [17/Sep/2021:08:31:54 -0500] "CONNECT correo.cecmed.cu:443 HTTP/1.1" 200 0 "HTTPS" "outgoing via 192.168.50.30"
192.168.5.56 - dorian [17/Sep/2021:08:31:54 -0500] "CONNECT repo.zotero.org:443 HTTP/1.1" 200 0 "HTTPS" "outgoing via 192.168.50.30"
192.168.5.56 - dorian [17/Sep/2021:08:31:59 -0500] "CONNECT token.services.mozilla.com:443 HTTP/1.1" 200 0 "HTTPS" "outgoing via 192.168.50.30"
192.168.5.56 - dorian [17/Sep/2021:08:31:59 -0500] "POST http://ocsp.digicert.com/ HTTP/1.1" 200 947 "HTTP" ""
192.168.5.56 - dorian [17/Sep/2021:08:32:00 -0500] "CONNECT sync-1-us-west1-g.sync.services.mozilla.com:443 HTTP/1.1" 200 0 "HTTPS" "outgoing via 192.168.50.30"
192.168.5.56 - dorian [17/Sep/2021:08:32:00 -0500] "POST http://ocsp.digicert.com/ HTTP/1.1" 200 947 "HTTP" ""
192.168.6.34 - amorgado [17/Sep/2021:08:32:02 -0500] "CONNECT officeclient.microsoft.com:443 HTTP/1.1" 200 0 "HTTPS" "outgoing via 192.168.50.30"
192.168.6.34 - amorgado [17/Sep/2021:08:32:03 -0500] "CONNECT officeclient.microsoft.com:443 HTTP/1.1" 200 0 "HTTPS" "outgoing via 192.168.50.30"
192.168.6.34 - amorgado [17/Sep/2021:08:32:05 -0500] "CONNECT config.edge.skype.com:443 HTTP/1.1" 200 0 "HTTPS" "outgoing via 192.168.50.30"
192.168.6.34 - amorgado [17/Sep/2021:08:32:05 -0500] "CONNECT config.edge.skype.com:443 HTTP/1.1" 200 0 "HTTPS" "outgoing via 192.168.50.30"
192.168.6.34 - amorgado [17/Sep/2021:08:32:05 -0500] "CONNECT config.edge.skype.com:443 HTTP/1.1" 200 0 "HTTPS" "outgoing via 192.168.50.30"
192.168.6.34 - amorgado [17/Sep/2021:08:32:05 -0500] "CONNECT config.edge.skype.com:443 HTTP/1.1" 200 0 "HTTPS" "outgoing via 192.168.50.30"
192.168.6.34 - amorgado [17/Sep/2021:08:32:05 -0500] "CONNECT config.edge.skype.com:443 HTTP/1.1" 200 0 "HTTPS" "outgoing via 192.168.50.30"
192.168.6.34 - amorgado [17/Sep/2021:08:32:05 -0500] "CONNECT config.edge.skype.com:443 HTTP/1.1" 200 0 "HTTPS" "outgoing via 192.168.50.30"
192.168.6.34 - amorgado [17/Sep/2021:08:32:06 -0500] "CONNECT mrodevicemgr.officeapps.live.com:443 HTTP/1.1" 200 0 "HTTPS" "outgoing via 192.168.50.30"
192.168.6.34 - amorgado [17/Sep/2021:08:32:09 -0500] "CONNECT officecdn.microsoft.com:443 HTTP/1.1" 200 0 "HTTPS" "outgoing via 192.168.50.30"
192.168.6.34 - amorgado [17/Sep/2021:08:32:09 -0500] "CONNECT officecdn.microsoft.com:443 HTTP/1.1" 200 0 "HTTPS" "outgoing via 192.168.50.30"
192.168.6.34 - amorgado [17/Sep/2021:08:32:09 -0500] "CONNECT officecdn.microsoft.com:443 HTTP/1.1" 200 0 "HTTPS" "outgoing via 192.168.50.30"
192.168.6.34 - amorgado [17/Sep/2021:08:32:09 -0500] "CONNECT officecdn.microsoft.com:443 HTTP/1.1" 200 0 "HTTPS" "outgoing via 192.168.50.30"
192.168.6.34 - amorgado [17/Sep/2021:08:32:11 -0500] "CONNECT 85.208.126.162:7551 HTTP/1.1" 200 0 "HTTPS" "outgoing via 192.168.50.30"
192.168.6.34 - amorgado [17/Sep/2021:08:32:11 -0500] "CONNECT 149.154.175.50:443 HTTP/1.1" 200 0 "HTTPS" "outgoing via 192.168.50.30"
192.168.6.34 - amorgado [17/Sep/2021:08:32:12 -0500] "CONNECT 149.154.175.50:443 HTTP/1.1" 200 0 "HTTPS" "outgoing via 192.168.50.30"
192.168.6.34 - amorgado [17/Sep/2021:08:32:12 -0500] "CONNECT 85.208.126.162:7551 HTTP/1.1" 200 0 "HTTPS" "outgoing via 192.168.50.30"
192.168.10.20 - arodriguez [17/Sep/2021:08:32:16 -0500] "CONNECT relay-717265af.net.anydesk.com:80 HTTP/1.1" 200 0 "HTTPS" "outgoing via 192.168.50.30"
192.168.6.34 - amorgado [17/Sep/2021:08:32:36 -0500] "CONNECT v10.events.data.microsoft.com:443 HTTP/1.1" 200 0 "HTTPS" "outgoing via 192.168.50.30"
192.168.1.17 - aracelys [17/Sep/2021:08:32:43 -0500] "CONNECT mail.google.com:443 HTTP/1.1" 200 0 "HTTPS" "outgoing via 192.168.50.30"
192.168.5.56 - dorian [17/Sep/2021:08:32:43 -0500] "GET http://detectportal.firefox.com/canonical.html HTTP/1.1" 200 444 "HTTP" ""
192.168.5.56 - dorian [17/Sep/2021:08:32:44 -0500] "CONNECT incoming.telemetry.mozilla.org:443 HTTP/1.1" 200 0 "HTTPS" "outgoing via 192.168.50.30"
192.168.5.56 - dorian [17/Sep/2021:08:32:44 -0500] "CONNECT incoming.telemetry.mozilla.org:443 HTTP/1.1" 200 0 "HTTPS" "outgoing via 192.168.50.30"
192.168.10.20 - arodriguez [17/Sep/2021:08:32:45 -0500] "CONNECT relay-717265af.net.anydesk.com:80 HTTP/1.1" 200 0 "HTTPS" "outgoing via 192.168.50.30"
192.168.5.56 - dorian [17/Sep/2021:08:32:48 -0500] "GET http://detectportal.firefox.com/success.txt?ipv4 HTTP/1.1" 200 362 "HTTP" ""
192.168.6.34 - amorgado [17/Sep/2021:08:32:50 -0500] "CONNECT 85.208.126.162:7551 HTTP/1.1" 200 0 "HTTPS" "outgoing via 192.168.50.30"
192.168.6.34 - amorgado [17/Sep/2021:08:32:50 -0500] "CONNECT 149.154.167.92:443 HTTP/1.1" 200 0 "HTTPS" "outgoing via 192.168.50.30"
192.168.6.34 - amorgado [17/Sep/2021:08:32:51 -0500] "CONNECT 85.208.126.162:7551 HTTP/1.1" 200 0 "HTTPS" "outgoing via 192.168.50.30"
192.168.6.34 - amorgado [17/Sep/2021:08:32:51 -0500] "CONNECT 149.154.167.92:443 HTTP/1.1" 200 0 "HTTPS" "outgoing via 192.168.50.30"
192.168.5.109 - cvarela [17/Sep/2021:08:32:54 -0500] "CONNECT correo.cecmed.cu:443 HTTP/1.1" 200 0 "HTTPS" "outgoing via 192.168.50.30"
192.168.6.34 - amorgado [17/Sep/2021:08:33:02 -0500] "CONNECT ssl.gstatic.com:443 HTTP/1.1" 200 0 "HTTPS" "outgoing via 192.168.50.30"
192.168.6.34 - amorgado [17/Sep/2021:08:33:03 -0500] "GET http://toolbarqueries.google.com/tbr?client=navclient-auto&features=Rank&ch=63745252209&q=info:intranet.cecmed.local HTTP/1.1" 200 1867 "HTTP" "Error 404 (Not Found)!!1"
192.168.1.17 - aracelys [17/Sep/2021:08:33:09 -0500] "CONNECT signaler-pa.clients6.google.com:443 HTTP/1.1" 200 0 "HTTPS" "outgoing via 192.168.50.30"
192.168.6.34 - amorgado [17/Sep/2021:08:33:09 -0500] "CONNECT mtalk.google.com:5228 HTTP/1.1" 200 0 "HTTPS" "outgoing via 192.168.50.30"
192.168.10.20 - arodriguez [17/Sep/2021:08:33:14 -0500] "CONNECT relay-717265af.net.anydesk.com:80 HTTP/1.1" 200 0 "HTTPS" "outgoing via 192.168.50.30"
192.168.6.34 - amorgado [17/Sep/2021:08:33:18 -0500] "CONNECT i.ytimg.com:443 HTTP/1.1" 200 0 "HTTPS" "outgoing via 192.168.50.30"
192.168.6.34 - amorgado [17/Sep/2021:08:33:22 -0500] "CONNECT www.google-analytics.com:443 HTTP/1.1" 200 0 "HTTPS" "outgoing via 192.168.50.30"
192.168.1.14 - herminio [17/Sep/2021:08:33:26 -0500] "CONNECT contile.services.mozilla.com:443 HTTP/1.1" 200 0 "HTTPS" "outgoing via 192.168.50.30"
192.168.1.14 - herminio [17/Sep/2021:08:33:26 -0500] "CONNECT firefox.settings.services.mozilla.com:443 HTTP/1.1" 200 0 "HTTPS" "outgoing via 192.168.50.30"
192.168.1.14 - herminio [17/Sep/2021:08:33:26 -0500] "CONNECT content-signature-2.cdn.mozilla.net:443 HTTP/1.1" 200 0 "HTTPS" "outgoing via 192.168.50.30"
192.168.1.14 - herminio [17/Sep/2021:08:33:26 -0500] "CONNECT firefox.settings.services.mozilla.com:443 HTTP/1.1" 200 0 "HTTPS" "outgoing via 192.168.50.30"
192.168.6.34 - amorgado [17/Sep/2021:08:33:27 -0500] "CONNECT www.google.com:443 HTTP/1.1" 200 0 "HTTPS" "outgoing via 192.168.50.30"
192.168.1.14 - herminio [17/Sep/2021:08:33:28 -0500] "CONNECT incoming.telemetry.mozilla.org:443 HTTP/1.1" 200 0 "HTTPS" "outgoing via 192.168.50.30"
192.168.1.14 - herminio [17/Sep/2021:08:33:29 -0500] "CONNECT api.accounts.firefox.com:443 HTTP/1.1" 200 0 "HTTPS" "outgoing via 192.168.50.30"
192.168.1.14 - herminio [17/Sep/2021:08:33:29 -0500] "CONNECT api.accounts.firefox.com:443 HTTP/1.1" 200 0 "HTTPS" "outgoing via 192.168.50.30"
192.168.1.14 - herminio [17/Sep/2021:08:33:29 -0500] "POST http://r3.o.lencr.org/ HTTP/1.1" 200 1013 "HTTP" ""
192.168.1.14 - herminio [17/Sep/2021:08:33:29 -0500] "POST http://ocsp.digicert.com/ HTTP/1.1" 200 947 "HTTP" ""
192.168.1.14 - herminio [17/Sep/2021:08:33:29 -0500] "POST http://ocsp.digicert.com/ HTTP/1.1" 200 947 "HTTP" ""
192.168.1.14 - herminio [17/Sep/2021:08:33:30 -0500] "CONNECT safebrowsing.googleapis.com:443 HTTP/1.1" 200 0 "HTTPS" "outgoing via 192.168.50.30"
192.168.1.14 - herminio [17/Sep/2021:08:33:30 -0500] "CONNECT incoming.telemetry.mozilla.org:443 HTTP/1.1" 200 0 "HTTPS" "outgoing via 192.168.50.30"
192.168.1.14 - herminio [17/Sep/2021:08:33:30 -0500] "CONNECT incoming.telemetry.mozilla.org:443 HTTP/1.1" 200 0 "HTTPS" "outgoing via 192.168.50.30"
192.168.1.14 - herminio [17/Sep/2021:08:33:30 -0500] "CONNECT incoming.telemetry.mozilla.org:443 HTTP/1.1" 200 0 "HTTPS" "outgoing via 192.168.50.30"
192.168.6.34 - amorgado [17/Sep/2021:08:33:31 -0500] "CONNECT id.google.com:443 HTTP/1.1" 200 0 "HTTPS" "outgoing via 192.168.50.30"
192.168.6.34 - amorgado [17/Sep/2021:08:33:32 -0500] "GET http://toolbarqueries.google.com/tbr?client=navclient-auto&features=Rank&ch=61084163864&q=info:https://www.google.com/search?q=como+mudarse+a+LIECHTENSTEIN&rlz=1C1GCEU_esCU890CU890&oq=como+mudarse+a+LIECHTENSTEIN&aqs=chrome..69i57.4991j0j1&sourceid=chrome&ie=UTF-8 HTTP/1.1" 200 1867 "HTTP" "Error 404 (Not Found)!!1"
192.168.6.34 - amorgado [17/Sep/2021:08:33:33 -0500] "CONNECT lh3.googleusercontent.com:443 HTTP/1.1" 200 0 "HTTPS" "outgoing via 192.168.50.30"
192.168.6.34 - amorgado [17/Sep/2021:08:33:33 -0500] "CONNECT apis.google.com:443 HTTP/1.1" 200 0 "HTTPS" "outgoing via 192.168.50.30"
192.168.6.34 - amorgado [17/Sep/2021:08:33:33 -0500] "CONNECT i.ytimg.com:443 HTTP/1.1" 200 0 "HTTPS" "outgoing via 192.168.50.30"
192.168.6.34 - amorgado [17/Sep/2021:08:33:33 -0500] "CONNECT i.ytimg.com:443 HTTP/1.1" 200 0 "HTTPS" "outgoing via 192.168.50.30"
192.168.6.34 - amorgado [17/Sep/2021:08:33:34 -0500] "CONNECT i.ytimg.com:443 HTTP/1.1" 200 0 "HTTPS" "outgoing via 192.168.50.30"
192.168.6.34 - amorgado [17/Sep/2021:08:33:35 -0500] "CONNECT adservice.google.com:443 HTTP/1.1" 200 0 "HTTPS" "outgoing via 192.168.50.30"
192.168.6.34 - amorgado [17/Sep/2021:08:33:36 -0500] "CONNECT safebrowsing.google.com:443 HTTP/1.1" 200 0 "HTTPS" "outgoing via 192.168.50.30"
192.168.6.34 - amorgado [17/Sep/2021:08:33:36 -0500] "CONNECT www.mites.gob.es:443 HTTP/1.1" 200 0 "HTTPS" "outgoing via 192.168.50.30"
192.168.6.34 - amorgado [17/Sep/2021:08:33:36 -0500] "CONNECT www.mites.gob.es:443 HTTP/1.1" 200 0 "HTTPS" "outgoing via 192.168.50.30"
192.168.6.34 - amorgado [17/Sep/2021:08:33:37 -0500] "GET http://toolbarqueries.google.com/tbr?client=navclient-auto&features=Rank&ch=6340563836&q=info:www.google.com HTTP/1.1" 200 1867 "HTTP" "Error 404 (Not Found)!!1"
192.168.6.34 - amorgado [17/Sep/2021:08:33:37 -0500] "CONNECT ogs.google.com:443 HTTP/1.1" 200 0 "HTTPS" "outgoing via 192.168.50.30"
192.168.6.34 - amorgado [17/Sep/2021:08:33:38 -0500] "GET http://toolbarqueries.google.com/tbr?client=navclient-auto&features=Rank&ch=6182364453&q=info:https://www.mites.gob.es/es/mundo/consejerias/suiza/residir/contenidos/residirliechtenstein.htm HTTP/1.1" 200 1867 "HTTP" "Error 404 (Not Found)!!1"
192.168.6.34 - amorgado [17/Sep/2021:08:33:39 -0500] "CONNECT safebrowsing.googleapis.com:443 HTTP/1.1" 200 0 "HTTPS" "outgoing via 192.168.50.30"
192.168.6.34 - amorgado [17/Sep/2021:08:33:39 -0500] "CONNECT s.go-mpulse.net:443 HTTP/1.1" 200 0 "HTTPS" "outgoing via 192.168.50.30"
192.168.6.34 - amorgado [17/Sep/2021:08:33:41 -0500] "CONNECT c.go-mpulse.net:443 HTTP/1.1" 200 0 "HTTPS" "outgoing via 192.168.50.30"
192.168.6.34 - amorgado [17/Sep/2021:08:33:41 -0500] "CONNECT play.google.com:443 HTTP/1.1" 200 0 "HTTPS" "outgoing via 192.168.50.30"
192.168.6.34 - amorgado [17/Sep/2021:08:33:41 -0500] "CONNECT www.google-analytics.com:443 HTTP/1.1" 200 0 "HTTPS" "outgoing via 192.168.50.30"
192.168.6.34 - amorgado [17/Sep/2021:08:33:41 -0500] "CONNECT siteimproveanalytics.com:443 HTTP/1.1" 200 0 "HTTPS" "outgoing via 192.168.50.30"
192.168.6.34 - amorgado [17/Sep/2021:08:33:43 -0500] "CONNECT play.google.com:443 HTTP/1.1" 200 0 "HTTPS" "outgoing via 192.168.50.30"
192.168.10.20 - arodriguez [17/Sep/2021:08:33:43 -0500] "CONNECT relay-717265af.net.anydesk.com:80 HTTP/1.1" 200 0 "HTTPS" "outgoing via 192.168.50.30"
192.168.6.34 - amorgado [17/Sep/2021:08:33:43 -0500] "CONNECT 17d09917.akstat.io:443 HTTP/1.1" 200 0 "HTTPS" "outgoing via 192.168.50.30"
192.168.1.14 - herminio [17/Sep/2021:08:33:45 -0500] "CONNECT shavar.services.mozilla.com:443 HTTP/1.1" 200 0 "HTTPS" "outgoing via 192.168.50.30"
192.168.1.14 - herminio [17/Sep/2021:08:33:46 -0500] "POST http://ocsp.pki.goog/gts1o1core HTTP/1.1" 200 849 "HTTP" ""
192.168.6.34 - amorgado [17/Sep/2021:08:33:46 -0500] "GET http://toolbarqueries.google.com/tbr?client=navclient-auto&features=Rank&ch=61623510058&q=info:www.mites.gob.es HTTP/1.1" 200 1867 "HTTP" "Error 404 (Not Found)!!1"
192.168.6.34 - amorgado [17/Sep/2021:08:33:47 -0500] "GET http://toolbarqueries.google.com/tbr?client=navclient-auto&features=Rank&ch=62021689902&q=info:https://www.mites.gob.es/es/mundo/consejerias/suiza/trabajar/liechtenstein/contenidos/ReqTrab.htm HTTP/1.1" 200 1867 "HTTP" "Error 404 (Not Found)!!1"
192.168.1.14 - herminio [17/Sep/2021:08:33:47 -0500] "CONNECT www.google.com:443 HTTP/1.1" 200 0 "HTTPS" "outgoing via 192.168.50.30"
192.168.6.34 - amorgado [17/Sep/2021:08:33:48 -0500] "CONNECT 17d0991a.akstat.io:443 HTTP/1.1" 200 0 "HTTPS" "outgoing via 192.168.50.30"
192.168.6.34 - amorgado [17/Sep/2021:08:33:49 -0500] "CONNECT trial-eum-clientnsv4-s.akamaihd.net:443 HTTP/1.1" 200 0 "HTTPS" "outgoing via 192.168.50.30"
192.168.6.34 - amorgado [17/Sep/2021:08:33:49 -0500] "CONNECT trial-eum-clienttons-s.akamaihd.net:443 HTTP/1.1" 200 0 "HTTPS" "outgoing via 192.168.50.30"
192.168.6.34 - amorgado [17/Sep/2021:08:33:51 -0500] "CONNECT za3zbkvydj6zoykermwa-pdnerw-5d7baf6bf-clientnsv4-s.akamaihd.net:443 HTTP/1.1" 200 0 "HTTPS" "outgoing via 192.168.50.30"
192.168.6.34 - amorgado [17/Sep/2021:08:33:51 -0500] "CONNECT 200-55-144-170_s-23-62-152-73_ts-1631882028-clienttons-s.akamaihd.net:443 HTTP/1.1" 200 0 "HTTPS" "outgoing via 192.168.50.30"
192.168.1.14 - herminio [17/Sep/2021:08:33:51 -0500] "CONNECT www.google.com:443 HTTP/1.1" 200 0 "HTTPS" "outgoing via 192.168.50.30"
192.168.1.14 - herminio [17/Sep/2021:08:33:52 -0500] "POST http://ocsp.digicert.com/ HTTP/1.1" 200 947 "HTTP" ""
192.168.1.14 - herminio [17/Sep/2021:08:33:53 -0500] "CONNECT id.google.com:443 HTTP/1.1" 200 0 "HTTPS" "outgoing via 192.168.50.30"
192.168.1.14 - herminio [17/Sep/2021:08:33:54 -0500] "POST http://ocsp.pki.goog/gts1c3 HTTP/1.1" 200 850 "HTTP" ""
192.168.5.109 - cvarela [17/Sep/2021:08:33:54 -0500] "CONNECT correo.cecmed.cu:443 HTTP/1.1" 200 0 "HTTPS" "outgoing via 192.168.50.30"
192.168.1.14 - herminio [17/Sep/2021:08:33:56 -0500] "CONNECT www.gstatic.com:443 HTTP/1.1" 200 0 "HTTPS" "outgoing via 192.168.50.30"
192.168.1.14 - herminio [17/Sep/2021:08:33:56 -0500] "CONNECT safebrowsing.googleapis.com:443 HTTP/1.1" 200 0 "HTTPS" "outgoing via 192.168.50.30"
192.168.1.14 - herminio [17/Sep/2021:08:33:56 -0500] "POST http://ocsp.pki.goog/gts1c3 HTTP/1.1" 200 849 "HTTP" ""
192.168.1.14 - herminio [17/Sep/2021:08:33:56 -0500] "CONNECT apis.google.com:443 HTTP/1.1" 200 0 "HTTPS" "outgoing via 192.168.50.30"
192.168.1.14 - herminio [17/Sep/2021:08:33:57 -0500] "POST http://ocsp.pki.goog/gts1c3 HTTP/1.1" 200 849 "HTTP" ""
192.168.1.14 - herminio [17/Sep/2021:08:33:58 -0500] "CONNECT adservice.google.com:443 HTTP/1.1" 200 0 "HTTPS" "outgoing via 192.168.50.30"
192.168.1.14 - herminio [17/Sep/2021:08:34:00 -0500] "CONNECT adservice.google.com.cu:443 HTTP/1.1" 200 0 "HTTPS" "outgoing via 192.168.50.30"
192.168.1.14 - herminio [17/Sep/2021:08:34:00 -0500] "POST http://ocsp.pki.goog/gts1c3 HTTP/1.1" 200 850 "HTTP" ""
192.168.1.14 - herminio [17/Sep/2021:08:34:01 -0500] "CONNECT googleads.g.doubleclick.net:443 HTTP/1.1" 200 0 "HTTPS" "outgoing via 192.168.50.30"
192.168.1.14 - herminio [17/Sep/2021:08:34:01 -0500] "GET http://detectportal.firefox.com/canonical.html HTTP/1.1" 200 444 "HTTP" ""
192.168.1.14 - herminio [17/Sep/2021:08:34:01 -0500] "GET http://detectportal.firefox.com/success.txt?ipv4 HTTP/1.1" 200 362 "HTTP" ""
192.168.1.14 - herminio [17/Sep/2021:08:34:02 -0500] "CONNECT www.telemundo51.com:443 HTTP/1.1" 200 0 "HTTPS" "outgoing via 192.168.50.30"
192.168.1.14 - herminio [17/Sep/2021:08:34:03 -0500] "CONNECT www.telemundo51.com:443 HTTP/1.1" 200 0 "HTTPS" "outgoing via 192.168.50.30"
192.168.1.14 - herminio [17/Sep/2021:08:34:05 -0500] "CONNECT safebrowsing.googleapis.com:443 HTTP/1.1" 200 0 "HTTPS" "outgoing via 192.168.50.30"
192.168.1.14 - herminio [17/Sep/2021:08:34:05 -0500] "CONNECT cdn.cookielaw.org:443 HTTP/1.1" 200 0 "HTTPS" "outgoing via 192.168.50.30"
192.168.1.14 - herminio [17/Sep/2021:08:34:06 -0500] "CONNECT media.telemundo51.com:443 HTTP/1.1" 200 0 "HTTPS" "outgoing via 192.168.50.30"
192.168.1.14 - herminio [17/Sep/2021:08:34:06 -0500] "CONNECT native.sharethrough.com:443 HTTP/1.1" 200 0 "HTTPS" "outgoing via 192.168.50.30"
192.168.1.14 - herminio [17/Sep/2021:08:34:06 -0500] "CONNECT js-sec.indexww.com:443 HTTP/1.1" 200 0 "HTTPS" "outgoing via 192.168.50.30"
192.168.1.14 - herminio [17/Sep/2021:08:34:06 -0500] "CONNECT z.moatads.com:443 HTTP/1.1" 200 0 "HTTPS" "outgoing via 192.168.50.30"
192.168.6.34 - amorgado [17/Sep/2021:08:34:09 -0500] "CONNECT 17d09917.akstat.io:443 HTTP/1.1" 200 0 "HTTPS" "outgoing via 192.168.50.30"
192.168.1.14 - herminio [17/Sep/2021:08:34:10 -0500] "CONNECT cdn.cookielaw.org:443 HTTP/1.1" 200 0 "HTTPS" "outgoing via 192.168.50.30"
192.168.10.20 - arodriguez [17/Sep/2021:08:34:12 -0500] "CONNECT relay-717265af.net.anydesk.com:80 HTTP/1.1" 200 0 "HTTPS" "outgoing via 192.168.50.30"
192.168.1.14 - herminio [17/Sep/2021:08:34:13 -0500] "CONNECT dpm.demdex.net:443 HTTP/1.1" 200 0 "HTTPS" "outgoing via 192.168.50.30"
192.168.1.14 - herminio [17/Sep/2021:08:34:13 -0500] "CONNECT dpm.demdex.net:443 HTTP/1.1" 200 0 "HTTPS" "outgoing via 192.168.50.30"
192.168.6.34 - amorgado [17/Sep/2021:08:34:13 -0500] "CONNECT 17d0991a.akstat.io:443 HTTP/1.1" 200 0 "HTTPS" "outgoing via 192.168.50.30"
192.168.1.14 - herminio [17/Sep/2021:08:34:15 -0500] "POST http://ocsp.pki.goog/gts1c3 HTTP/1.1" 200 849 "HTTP" ""
192.168.1.14 - herminio [17/Sep/2021:08:34:19 -0500] "CONNECT nbcu.demdex.net:443 HTTP/1.1" 200 0 "HTTPS" "outgoing via 192.168.50.30"
192.168.1.14 - herminio [17/Sep/2021:08:34:21 -0500] "CONNECT sb.scorecardresearch.com:443 HTTP/1.1" 200 0 "HTTPS" "outgoing via 192.168.50.30"
192.168.1.14 - herminio [17/Sep/2021:08:34:21 -0500] "GET http://detectportal.firefox.com/canonical.html HTTP/1.1" 200 444 "HTTP" ""
192.168.1.14 - herminio [17/Sep/2021:08:34:21 -0500] "CONNECT nbcume.sc.omtrdc.net:443 HTTP/1.1" 200 0 "HTTPS" "outgoing via 192.168.50.30"
192.168.1.14 - herminio [17/Sep/2021:08:34:21 -0500] "GET http://detectportal.firefox.com/success.txt?ipv4 HTTP/1.1" 200 362 "HTTP" ""
192.168.1.14 - herminio [17/Sep/2021:08:34:21 -0500] "POST http://ocsp.digicert.com/ HTTP/1.1" 200 947 "HTTP" ""
192.168.1.14 - herminio [17/Sep/2021:08:34:21 -0500] "CONNECT cdn.taboola.com:443 HTTP/1.1" 200 0 "HTTPS" "outgoing via 192.168.50.30"
192.168.1.14 - herminio [17/Sep/2021:08:34:21 -0500] "CONNECT c2.taboola.com:443 HTTP/1.1" 200 0 "HTTPS" "outgoing via 192.168.50.30"
192.168.1.14 - herminio [17/Sep/2021:08:34:21 -0500] "CONNECT www.googletagservices.com:443 HTTP/1.1" 200 0 "HTTPS" "outgoing via 192.168.50.30"
192.168.1.14 - herminio [17/Sep/2021:08:34:21 -0500] "CONNECT static.chartbeat.com:443 HTTP/1.1" 200 0 "HTTPS" "outgoing via 192.168.50.30"
192.168.1.14 - herminio [17/Sep/2021:08:34:21 -0500] "POST http://ocsp.digicert.com/ HTTP/1.1" 200 947 "HTTP" ""
192.168.1.14 - herminio [17/Sep/2021:08:34:22 -0500] "CONNECT api.rlcdn.com:443 HTTP/1.1" 200 0 "HTTPS" "outgoing via 192.168.50.30"
192.168.1.14 - herminio [17/Sep/2021:08:34:22 -0500] "CONNECT id.sv.rkdms.com:443 HTTP/1.1" 200 0 "HTTPS" "outgoing via 192.168.50.30"
192.168.1.14 - herminio [17/Sep/2021:08:34:22 -0500] "POST http://ocsp.pki.goog/gts1c3 HTTP/1.1" 200 850 "HTTP" ""
192.168.1.14 - herminio [17/Sep/2021:08:34:23 -0500] "CONNECT mb.moatads.com:443 HTTP/1.1" 200 0 "HTTPS" "outgoing via 192.168.50.30"
192.168.1.14 - herminio [17/Sep/2021:08:34:23 -0500] "CONNECT static.criteo.net:443 HTTP/1.1" 200 0 "HTTPS" "outgoing via 192.168.50.30"
192.168.1.14 - herminio [17/Sep/2021:08:34:23 -0500] "POST http://ocsp.digicert.com/ HTTP/1.1" 200 947 "HTTP" ""
192.168.1.14 - herminio [17/Sep/2021:08:34:23 -0500] "CONNECT ping.chartbeat.net:443 HTTP/1.1" 200 0 "HTTPS" "outgoing via 192.168.50.30"
192.168.1.14 - herminio [17/Sep/2021:08:34:23 -0500] "CONNECT securepubads.g.doubleclick.net:443 HTTP/1.1" 200 0 "HTTPS" "outgoing via 192.168.50.30"
