192.168.1.15 - jacome [18/Sep/2021:08:45:12 -0500] "CONNECT firefox.settings.services.mozilla.com:443 HTTP/1.1" 200 0 "HTTPS" "outgoing via 192.168.50.30"
192.168.1.15 - jacome [18/Sep/2021:08:45:12 -0500] "CONNECT firefox.settings.services.mozilla.com:443 HTTP/1.1" 200 0 "HTTPS" "outgoing via 192.168.50.30"
192.168.1.15 - jacome [18/Sep/2021:08:45:13 -0500] "CONNECT firefox-settings-attachments.cdn.mozilla.net:443 HTTP/1.1" 200 0 "HTTPS" "outgoing via 192.168.50.30"
192.168.1.15 - jacome [18/Sep/2021:08:45:13 -0500] "CONNECT firefox-settings-attachments.cdn.mozilla.net:443 HTTP/1.1" 200 0 "HTTPS" "outgoing via 192.168.50.30"
192.168.1.15 - jacome [18/Sep/2021:08:45:13 -0500] "CONNECT firefox-settings-attachments.cdn.mozilla.net:443 HTTP/1.1" 200 0 "HTTPS" "outgoing via 192.168.50.30"
192.168.1.15 - jacome [18/Sep/2021:08:45:13 -0500] "CONNECT firefox-settings-attachments.cdn.mozilla.net:443 HTTP/1.1" 200 0 "HTTPS" "outgoing via 192.168.50.30"
192.168.1.15 - jacome [18/Sep/2021:08:45:13 -0500] "CONNECT firefox-settings-attachments.cdn.mozilla.net:443 HTTP/1.1" 200 0 "HTTPS" "outgoing via 192.168.50.30"
192.168.1.15 - jacome [18/Sep/2021:08:45:13 -0500] "CONNECT firefox-settings-attachments.cdn.mozilla.net:443 HTTP/1.1" 200 0 "HTTPS" "outgoing via 192.168.50.30"
192.168.1.15 - jacome [18/Sep/2021:08:45:16 -0500] "CONNECT www.facebook.com:443 HTTP/1.1" 200 0 "HTTPS" "outgoing via 192.168.50.30"
192.168.1.15 - jacome [18/Sep/2021:08:45:18 -0500] "CONNECT video-mia3-2.xx.fbcdn.net:443 HTTP/1.1" 200 0 "HTTPS" "outgoing via 192.168.50.30"
192.168.10.20 - arodriguez [18/Sep/2021:08:45:26 -0500] "CONNECT relay-b51eac1f.net.anydesk.com:80 HTTP/1.1" 200 0 "HTTPS" "outgoing via 192.168.50.30"
192.168.10.20 - arodriguez [18/Sep/2021:08:45:55 -0500] "CONNECT relay-b51eac1f.net.anydesk.com:80 HTTP/1.1" 200 0 "HTTPS" "outgoing via 192.168.50.30"
192.168.1.15 - jacome [18/Sep/2021:08:46:18 -0500] "CONNECT scontent-mia3-2.xx.fbcdn.net:443 HTTP/1.1" 200 0 "HTTPS" "outgoing via 192.168.50.30"
192.168.10.20 - arodriguez [18/Sep/2021:08:46:24 -0500] "CONNECT relay-b51eac1f.net.anydesk.com:80 HTTP/1.1" 200 0 "HTTPS" "outgoing via 192.168.50.30"
192.168.1.15 - jacome [18/Sep/2021:08:46:30 -0500] "CONNECT scontent-mia3-1.xx.fbcdn.net:443 HTTP/1.1" 200 0 "HTTPS" "outgoing via 192.168.50.30"
192.168.10.20 - arodriguez [18/Sep/2021:08:46:53 -0500] "CONNECT relay-b51eac1f.net.anydesk.com:80 HTTP/1.1" 200 0 "HTTPS" "outgoing via 192.168.50.30"
192.168.1.15 - jacome [18/Sep/2021:08:47:04 -0500] "CONNECT services.addons.mozilla.org:443 HTTP/1.1" 200 0 "HTTPS" "outgoing via 192.168.50.30"
192.168.1.15 - jacome [18/Sep/2021:08:47:06 -0500] "CONNECT versioncheck-bg.addons.mozilla.org:443 HTTP/1.1" 200 0 "HTTPS" "outgoing via 192.168.50.30"
192.168.1.15 - jacome [18/Sep/2021:08:47:06 -0500] "CONNECT versioncheck-bg.addons.mozilla.org:443 HTTP/1.1" 200 0 "HTTPS" "outgoing via 192.168.50.30"
192.168.1.15 - jacome [18/Sep/2021:08:47:06 -0500] "CONNECT versioncheck-bg.addons.mozilla.org:443 HTTP/1.1" 200 0 "HTTPS" "outgoing via 192.168.50.30"
192.168.1.15 - jacome [18/Sep/2021:08:47:06 -0500] "CONNECT versioncheck-bg.addons.mozilla.org:443 HTTP/1.1" 200 0 "HTTPS" "outgoing via 192.168.50.30"
192.168.1.15 - jacome [18/Sep/2021:08:47:06 -0500] "CONNECT versioncheck-bg.addons.mozilla.org:443 HTTP/1.1" 200 0 "HTTPS" "outgoing via 192.168.50.30"
192.168.1.15 - jacome [18/Sep/2021:08:47:06 -0500] "CONNECT versioncheck-bg.addons.mozilla.org:443 HTTP/1.1" 200 0 "HTTPS" "outgoing via 192.168.50.30"
192.168.1.15 - jacome [18/Sep/2021:08:47:07 -0500] "CONNECT aus5.mozilla.org:443 HTTP/1.1" 200 0 "HTTPS" "outgoing via 192.168.50.30"
192.168.10.20 - arodriguez [18/Sep/2021:08:47:22 -0500] "CONNECT relay-b51eac1f.net.anydesk.com:80 HTTP/1.1" 200 0 "HTTPS" "outgoing via 192.168.50.30"
192.168.1.15 - jacome [18/Sep/2021:08:47:46 -0500] "CONNECT safebrowsing.googleapis.com:443 HTTP/1.1" 200 0 "HTTPS" "outgoing via 192.168.50.30"
192.168.10.20 - arodriguez [18/Sep/2021:08:47:51 -0500] "CONNECT relay-b51eac1f.net.anydesk.com:80 HTTP/1.1" 200 0 "HTTPS" "outgoing via 192.168.50.30"
192.168.1.15 - jacome [18/Sep/2021:08:48:06 -0500] "CONNECT external-mia3-2.xx.fbcdn.net:443 HTTP/1.1" 200 0 "HTTPS" "outgoing via 192.168.50.30"
192.168.1.15 - jacome [18/Sep/2021:08:48:10 -0500] "CONNECT static.xx.fbcdn.net:443 HTTP/1.1" 200 0 "HTTPS" "outgoing via 192.168.50.30"
192.168.1.15 - jacome [18/Sep/2021:08:48:13 -0500] "CONNECT incoming.telemetry.mozilla.org:443 HTTP/1.1" 200 0 "HTTPS" "outgoing via 192.168.50.30"
192.168.10.20 - arodriguez [18/Sep/2021:08:48:20 -0500] "CONNECT relay-b51eac1f.net.anydesk.com:80 HTTP/1.1" 200 0 "HTTPS" "outgoing via 192.168.50.30"
192.168.1.15 - jacome [18/Sep/2021:08:48:29 -0500] "CONNECT search.yahoo.com:443 HTTP/1.1" 200 0 "HTTPS" "outgoing via 192.168.50.30"
192.168.1.15 - jacome [18/Sep/2021:08:48:31 -0500] "CONNECT guce.yahoo.com:443 HTTP/1.1" 200 0 "HTTPS" "outgoing via 192.168.50.30"
192.168.1.15 - jacome [18/Sep/2021:08:48:31 -0500] "POST http://ocsp.digicert.com/ HTTP/1.1" 200 947 "HTTP" ""
192.168.1.15 - jacome [18/Sep/2021:08:48:33 -0500] "CONNECT search.yahoo.com:443 HTTP/1.1" 200 0 "HTTPS" "outgoing via 192.168.50.30"
192.168.1.15 - jacome [18/Sep/2021:08:48:34 -0500] "CONNECT us.search.yahoo.com:443 HTTP/1.1" 200 0 "HTTPS" "outgoing via 192.168.50.30"
192.168.1.15 - jacome [18/Sep/2021:08:48:35 -0500] "CONNECT scontent.xx.fbcdn.net:443 HTTP/1.1" 200 0 "HTTPS" "outgoing via 192.168.50.30"
192.168.1.15 - jacome [18/Sep/2021:08:48:36 -0500] "CONNECT s.yimg.com:443 HTTP/1.1" 200 0 "HTTPS" "outgoing via 192.168.50.30"
192.168.1.15 - jacome [18/Sep/2021:08:48:36 -0500] "CONNECT tse1.mm.bing.net:443 HTTP/1.1" 200 0 "HTTPS" "outgoing via 192.168.50.30"
192.168.1.15 - jacome [18/Sep/2021:08:48:36 -0500] "CONNECT tse1.mm.bing.net:443 HTTP/1.1" 200 0 "HTTPS" "outgoing via 192.168.50.30"
192.168.1.15 - jacome [18/Sep/2021:08:48:36 -0500] "CONNECT tse1.mm.bing.net:443 HTTP/1.1" 200 0 "HTTPS" "outgoing via 192.168.50.30"
192.168.1.15 - jacome [18/Sep/2021:08:48:36 -0500] "CONNECT tse1.mm.bing.net:443 HTTP/1.1" 200 0 "HTTPS" "outgoing via 192.168.50.30"
192.168.1.15 - jacome [18/Sep/2021:08:48:36 -0500] "CONNECT s.yimg.com:443 HTTP/1.1" 200 0 "HTTPS" "outgoing via 192.168.50.30"
192.168.1.15 - jacome [18/Sep/2021:08:48:39 -0500] "CONNECT c.bing.com:443 HTTP/1.1" 200 0 "HTTPS" "outgoing via 192.168.50.30"
192.168.1.15 - jacome [18/Sep/2021:08:48:40 -0500] "CONNECT search.yahoo.com:443 HTTP/1.1" 200 0 "HTTPS" "outgoing via 192.168.50.30"
192.168.10.20 - arodriguez [18/Sep/2021:08:48:48 -0500] "CONNECT relay-b51eac1f.net.anydesk.com:80 HTTP/1.1" 200 0 "HTTPS" "outgoing via 192.168.50.30"
192.168.1.15 - jacome [18/Sep/2021:08:48:51 -0500] "CONNECT geo.yahoo.com:443 HTTP/1.1" 200 0 "HTTPS" "outgoing via 192.168.50.30"
192.168.1.15 - jacome [18/Sep/2021:08:48:59 -0500] "CONNECT video.search.yahoo.com:443 HTTP/1.1" 200 0 "HTTPS" "outgoing via 192.168.50.30"
192.168.1.15 - jacome [18/Sep/2021:08:49:01 -0500] "CONNECT tse4.mm.bing.net:443 HTTP/1.1" 200 0 "HTTPS" "outgoing via 192.168.50.30"
192.168.1.15 - jacome [18/Sep/2021:08:49:01 -0500] "CONNECT tse4.mm.bing.net:443 HTTP/1.1" 200 0 "HTTPS" "outgoing via 192.168.50.30"
192.168.1.15 - jacome [18/Sep/2021:08:49:01 -0500] "CONNECT tse4.mm.bing.net:443 HTTP/1.1" 200 0 "HTTPS" "outgoing via 192.168.50.30"
192.168.1.15 - jacome [18/Sep/2021:08:49:01 -0500] "CONNECT tse4.mm.bing.net:443 HTTP/1.1" 200 0 "HTTPS" "outgoing via 192.168.50.30"
192.168.1.15 - jacome [18/Sep/2021:08:49:01 -0500] "CONNECT tse3.mm.bing.net:443 HTTP/1.1" 200 0 "HTTPS" "outgoing via 192.168.50.30"
192.168.1.15 - jacome [18/Sep/2021:08:49:01 -0500] "CONNECT tse4.mm.bing.net:443 HTTP/1.1" 200 0 "HTTPS" "outgoing via 192.168.50.30"
192.168.1.15 - jacome [18/Sep/2021:08:49:01 -0500] "CONNECT tse2.mm.bing.net:443 HTTP/1.1" 200 0 "HTTPS" "outgoing via 192.168.50.30"
192.168.1.15 - jacome [18/Sep/2021:08:49:01 -0500] "CONNECT tse4.mm.bing.net:443 HTTP/1.1" 200 0 "HTTPS" "outgoing via 192.168.50.30"
192.168.1.15 - jacome [18/Sep/2021:08:49:01 -0500] "CONNECT tse2.mm.bing.net:443 HTTP/1.1" 200 0 "HTTPS" "outgoing via 192.168.50.30"
192.168.1.15 - jacome [18/Sep/2021:08:49:01 -0500] "CONNECT tse2.mm.bing.net:443 HTTP/1.1" 200 0 "HTTPS" "outgoing via 192.168.50.30"
192.168.1.15 - jacome [18/Sep/2021:08:49:07 -0500] "CONNECT tse2.explicit.bing.net:443 HTTP/1.1" 200 0 "HTTPS" "outgoing via 192.168.50.30"
192.168.10.20 - arodriguez [18/Sep/2021:08:49:17 -0500] "CONNECT relay-b51eac1f.net.anydesk.com:80 HTTP/1.1" 200 0 "HTTPS" "outgoing via 192.168.50.30"
192.168.10.20 - arodriguez [18/Sep/2021:08:49:46 -0500] "CONNECT relay-b51eac1f.net.anydesk.com:80 HTTP/1.1" 200 0 "HTTPS" "outgoing via 192.168.50.30"
192.168.10.20 - arodriguez [18/Sep/2021:08:50:15 -0500] "CONNECT relay-b51eac1f.net.anydesk.com:80 HTTP/1.1" 200 0 "HTTPS" "outgoing via 192.168.50.30"
192.168.10.20 - arodriguez [18/Sep/2021:08:50:17 -0500] "CONNECT relay-b51eac1f.net.anydesk.com:443 HTTP/1.1" 200 0 "HTTPS" "outgoing via 192.168.50.30"
192.168.10.20 - arodriguez [18/Sep/2021:08:50:46 -0500] "CONNECT relay-b51eac1f.net.anydesk.com:80 HTTP/1.1" 200 0 "HTTPS" "outgoing via 192.168.50.30"
192.168.1.15 - jacome [18/Sep/2021:08:50:53 -0500] "CONNECT www.youtube.com:443 HTTP/1.1" 200 0 "HTTPS" "outgoing via 192.168.50.30"
192.168.1.15 - jacome [18/Sep/2021:08:50:57 -0500] "CONNECT incoming.telemetry.mozilla.org:443 HTTP/1.1" 200 0 "HTTPS" "outgoing via 192.168.50.30"
192.168.1.15 - jacome [18/Sep/2021:08:51:03 -0500] "CONNECT fonts.gstatic.com:443 HTTP/1.1" 200 0 "HTTPS" "outgoing via 192.168.50.30"
192.168.1.15 - jacome [18/Sep/2021:08:51:04 -0500] "CONNECT incoming.telemetry.mozilla.org:443 HTTP/1.1" 200 0 "HTTPS" "outgoing via 192.168.50.30"
192.168.10.20 - arodriguez [18/Sep/2021:08:51:14 -0500] "CONNECT relay-b51eac1f.net.anydesk.com:80 HTTP/1.1" 200 0 "HTTPS" "outgoing via 192.168.50.30"
192.168.1.15 - jacome [18/Sep/2021:08:51:29 -0500] "CONNECT us.search.yahoo.com:443 HTTP/1.1" 200 0 "HTTPS" "outgoing via 192.168.50.30"
192.168.1.15 - jacome [18/Sep/2021:08:51:36 -0500] "CONNECT googleads.g.doubleclick.net:443 HTTP/1.1" 200 0 "HTTPS" "outgoing via 192.168.50.30"
192.168.1.15 - jacome [18/Sep/2021:08:51:36 -0500] "CONNECT static.doubleclick.net:443 HTTP/1.1" 200 0 "HTTPS" "outgoing via 192.168.50.30"
192.168.1.15 - jacome [18/Sep/2021:08:51:37 -0500] "CONNECT www.google.com:443 HTTP/1.1" 200 0 "HTTPS" "outgoing via 192.168.50.30"
192.168.1.15 - jacome [18/Sep/2021:08:51:38 -0500] "CONNECT yt3.ggpht.com:443 HTTP/1.1" 200 0 "HTTPS" "outgoing via 192.168.50.30"
192.168.1.15 - jacome [18/Sep/2021:08:51:40 -0500] "CONNECT googleads.g.doubleclick.net:443 HTTP/1.1" 200 0 "HTTPS" "outgoing via 192.168.50.30"
192.168.1.15 - jacome [18/Sep/2021:08:51:40 -0500] "CONNECT static.doubleclick.net:443 HTTP/1.1" 200 0 "HTTPS" "outgoing via 192.168.50.30"
192.168.1.15 - jacome [18/Sep/2021:08:51:41 -0500] "POST http://ocsp.pki.goog/gts1c3 HTTP/1.1" 200 849 "HTTP" ""
192.168.1.15 - jacome [18/Sep/2021:08:51:41 -0500] "CONNECT www.google.com:443 HTTP/1.1" 200 0 "HTTPS" "outgoing via 192.168.50.30"
192.168.1.15 - jacome [18/Sep/2021:08:51:43 -0500] "CONNECT r3---sn-xuxjn5-i58e.googlevideo.com:443 HTTP/1.1" 200 0 "HTTPS" "outgoing via 192.168.50.30"
192.168.1.15 - jacome [18/Sep/2021:08:51:43 -0500] "CONNECT r3---sn-xuxjn5-i58e.googlevideo.com:443 HTTP/1.1" 200 0 "HTTPS" "outgoing via 192.168.50.30"
192.168.10.20 - arodriguez [18/Sep/2021:08:51:43 -0500] "CONNECT relay-b51eac1f.net.anydesk.com:80 HTTP/1.1" 200 0 "HTTPS" "outgoing via 192.168.50.30"
192.168.1.15 - jacome [18/Sep/2021:08:51:43 -0500] "CONNECT yt3.ggpht.com:443 HTTP/1.1" 200 0 "HTTPS" "outgoing via 192.168.50.30"
192.168.1.15 - jacome [18/Sep/2021:08:51:45 -0500] "CONNECT r1---sn-xuxjn5-i58e.googlevideo.com:443 HTTP/1.1" 200 0 "HTTPS" "outgoing via 192.168.50.30"
192.168.1.15 - jacome [18/Sep/2021:08:51:45 -0500] "CONNECT r1---sn-xuxjn5-i58e.googlevideo.com:443 HTTP/1.1" 200 0 "HTTPS" "outgoing via 192.168.50.30"
192.168.1.15 - jacome [18/Sep/2021:08:51:45 -0500] "CONNECT googleads.g.doubleclick.net:443 HTTP/1.1" 200 0 "HTTPS" "outgoing via 192.168.50.30"
192.168.1.15 - jacome [18/Sep/2021:08:51:45 -0500] "CONNECT static.doubleclick.net:443 HTTP/1.1" 200 0 "HTTPS" "outgoing via 192.168.50.30"
192.168.1.15 - jacome [18/Sep/2021:08:51:46 -0500] "CONNECT safebrowsing.googleapis.com:443 HTTP/1.1" 200 0 "HTTPS" "outgoing via 192.168.50.30"
192.168.1.15 - jacome [18/Sep/2021:08:51:47 -0500] "CONNECT i.ytimg.com:443 HTTP/1.1" 200 0 "HTTPS" "outgoing via 192.168.50.30"
192.168.1.15 - jacome [18/Sep/2021:08:51:47 -0500] "CONNECT i.ytimg.com:443 HTTP/1.1" 200 0 "HTTPS" "outgoing via 192.168.50.30"
192.168.1.15 - jacome [18/Sep/2021:08:51:47 -0500] "CONNECT i.ytimg.com:443 HTTP/1.1" 200 0 "HTTPS" "outgoing via 192.168.50.30"
192.168.1.15 - jacome [18/Sep/2021:08:51:47 -0500] "CONNECT i.ytimg.com:443 HTTP/1.1" 200 0 "HTTPS" "outgoing via 192.168.50.30"
192.168.1.15 - jacome [18/Sep/2021:08:51:47 -0500] "CONNECT r3---sn-hp57kn6y.googlevideo.com:443 HTTP/1.1" 200 0 "HTTPS" "outgoing via 192.168.50.30"
192.168.1.15 - jacome [18/Sep/2021:08:51:48 -0500] "GET http://detectportal.firefox.com/canonical.html HTTP/1.1" 200 1896 "HTTP" "Error 403 (Forbidden)!!1"
192.168.1.15 - jacome [18/Sep/2021:08:51:48 -0500] "POST http://ocsp.pki.goog/gts1c3 HTTP/1.1" 200 850 "HTTP" ""
192.168.1.15 - jacome [18/Sep/2021:08:51:48 -0500] "POST http://ocsp.pki.goog/gts1c3 HTTP/1.1" 200 850 "HTTP" ""
192.168.1.15 - jacome [18/Sep/2021:08:51:48 -0500] "POST http://ocsp.pki.goog/gts1c3 HTTP/1.1" 200 849 "HTTP" ""
192.168.1.15 - jacome [18/Sep/2021:08:51:48 -0500] "POST http://ocsp.pki.goog/gts1c3 HTTP/1.1" 200 849 "HTTP" ""
192.168.1.15 - jacome [18/Sep/2021:08:51:48 -0500] "GET http://detectportal.firefox.com/canonical.html HTTP/1.1" 200 1896 "HTTP" "Error 403 (Forbidden)!!1"
192.168.1.15 - jacome [18/Sep/2021:08:51:48 -0500] "GET http://detectportal.firefox.com/canonical.html HTTP/1.1" 200 1896 "HTTP" "Error 403 (Forbidden)!!1"
192.168.1.15 - jacome [18/Sep/2021:08:51:48 -0500] "CONNECT r1---sn-xuxjn5-i58e.googlevideo.com:443 HTTP/1.1" 200 0 "HTTPS" "outgoing via 192.168.50.30"
192.168.1.15 - jacome [18/Sep/2021:08:51:48 -0500] "CONNECT r1---sn-xuxjn5-i58e.googlevideo.com:443 HTTP/1.1" 200 0 "HTTPS" "outgoing via 192.168.50.30"
192.168.1.15 - jacome [18/Sep/2021:08:51:48 -0500] "CONNECT i.ytimg.com:443 HTTP/1.1" 200 0 "HTTPS" "outgoing via 192.168.50.30"
192.168.1.15 - jacome [18/Sep/2021:08:51:49 -0500] "CONNECT r3---sn-hp57yne6.googlevideo.com:443 HTTP/1.1" 200 0 "HTTPS" "outgoing via 192.168.50.30"
192.168.1.15 - jacome [18/Sep/2021:08:51:49 -0500] "CONNECT r3---sn-hp57yne6.googlevideo.com:443 HTTP/1.1" 200 0 "HTTPS" "outgoing via 192.168.50.30"
192.168.1.15 - jacome [18/Sep/2021:08:51:49 -0500] "CONNECT r1---sn-hp57knz6.googlevideo.com:443 HTTP/1.1" 200 0 "HTTPS" "outgoing via 192.168.50.30"
192.168.1.15 - jacome [18/Sep/2021:08:51:49 -0500] "CONNECT r1---sn-hp57knz6.googlevideo.com:443 HTTP/1.1" 200 0 "HTTPS" "outgoing via 192.168.50.30"
192.168.1.15 - jacome [18/Sep/2021:08:51:50 -0500] "POST http://ocsp.pki.goog/gts1c3 HTTP/1.1" 200 850 "HTTP" ""
192.168.1.15 - jacome [18/Sep/2021:08:51:51 -0500] "POST http://ocsp.pki.goog/gts1c3 HTTP/1.1" 200 850 "HTTP" ""
192.168.1.15 - jacome [18/Sep/2021:08:51:52 -0500] "CONNECT r2---sn-hp57kn6y.googlevideo.com:443 HTTP/1.1" 200 0 "HTTPS" "outgoing via 192.168.50.30"
192.168.1.15 - jacome [18/Sep/2021:08:51:52 -0500] "CONNECT r1---sn-hp57knz6.googlevideo.com:443 HTTP/1.1" 200 0 "HTTPS" "outgoing via 192.168.50.30"
192.168.1.15 - jacome [18/Sep/2021:08:51:52 -0500] "CONNECT scontent-mia3-2.xx.fbcdn.net:443 HTTP/1.1" 200 0 "HTTPS" "outgoing via 192.168.50.30"
192.168.1.15 - jacome [18/Sep/2021:08:51:57 -0500] "CONNECT r1---sn-q4flrnee.googlevideo.com:443 HTTP/1.1" 200 0 "HTTPS" "outgoing via 192.168.50.30"
192.168.1.15 - jacome [18/Sep/2021:08:52:04 -0500] "CONNECT i.ytimg.com:443 HTTP/1.1" 200 0 "HTTPS" "outgoing via 192.168.50.30"
192.168.1.15 - jacome [18/Sep/2021:08:52:09 -0500] "CONNECT incoming.telemetry.mozilla.org:443 HTTP/1.1" 200 0 "HTTPS" "outgoing via 192.168.50.30"
192.168.10.20 - arodriguez [18/Sep/2021:08:52:12 -0500] "CONNECT relay-b51eac1f.net.anydesk.com:80 HTTP/1.1" 200 0 "HTTPS" "outgoing via 192.168.50.30"
192.168.1.15 - jacome [18/Sep/2021:08:52:22 -0500] "CONNECT r1---sn-q4flrnee.googlevideo.com:443 HTTP/1.1" 200 0 "HTTPS" "outgoing via 192.168.50.30"
192.168.1.15 - jacome [18/Sep/2021:08:52:31 -0500] "CONNECT r.search.yahoo.com:443 HTTP/1.1" 200 0 "HTTPS" "outgoing via 192.168.50.30"
192.168.10.20 - arodriguez [18/Sep/2021:08:52:41 -0500] "CONNECT relay-b51eac1f.net.anydesk.com:80 HTTP/1.1" 200 0 "HTTPS" "outgoing via 192.168.50.30"
192.168.1.15 - jacome [18/Sep/2021:08:52:42 -0500] "CONNECT fonts.googleapis.com:443 HTTP/1.1" 200 0 "HTTPS" "outgoing via 192.168.50.30"
192.168.1.15 - jacome [18/Sep/2021:08:52:43 -0500] "POST http://ocsp.pki.goog/gts1c3 HTTP/1.1" 200 850 "HTTP" ""
192.168.10.20 - arodriguez [18/Sep/2021:08:53:10 -0500] "CONNECT relay-b51eac1f.net.anydesk.com:80 HTTP/1.1" 200 0 "HTTPS" "outgoing via 192.168.50.30"
192.168.1.15 - jacome [18/Sep/2021:08:53:21 -0500] "CONNECT r4---sn-xuxjn5-i58e.googlevideo.com:443 HTTP/1.1" 200 0 "HTTPS" "outgoing via 192.168.50.30"
192.168.1.15 - jacome [18/Sep/2021:08:53:21 -0500] "CONNECT r4---sn-xuxjn5-i58e.googlevideo.com:443 HTTP/1.1" 200 0 "HTTPS" "outgoing via 192.168.50.30"
192.168.1.15 - jacome [18/Sep/2021:08:53:21 -0500] "CONNECT static.doubleclick.net:443 HTTP/1.1" 200 0 "HTTPS" "outgoing via 192.168.50.30"
192.168.1.15 - jacome [18/Sep/2021:08:53:21 -0500] "CONNECT i1.ytimg.com:443 HTTP/1.1" 200 0 "HTTPS" "outgoing via 192.168.50.30"
192.168.1.15 - jacome [18/Sep/2021:08:53:25 -0500] "POST http://ocsp.pki.goog/gts1c3 HTTP/1.1" 200 850 "HTTP" ""
192.168.1.15 - jacome [18/Sep/2021:08:53:25 -0500] "POST http://ocsp.pki.goog/gts1c3 HTTP/1.1" 200 850 "HTTP" ""
192.168.1.15 - jacome [18/Sep/2021:08:53:26 -0500] "CONNECT r4---sn-hp57kn6e.googlevideo.com:443 HTTP/1.1" 200 0 "HTTPS" "outgoing via 192.168.50.30"
192.168.1.15 - jacome [18/Sep/2021:08:53:32 -0500] "CONNECT r2---sn-xuxjn5-i58e.googlevideo.com:443 HTTP/1.1" 200 0 "HTTPS" "outgoing via 192.168.50.30"
192.168.1.15 - jacome [18/Sep/2021:08:53:32 -0500] "CONNECT r2---sn-xuxjn5-i58e.googlevideo.com:443 HTTP/1.1" 200 0 "HTTPS" "outgoing via 192.168.50.30"
192.168.1.15 - jacome [18/Sep/2021:08:53:35 -0500] "POST http://ocsp.pki.goog/gts1c3 HTTP/1.1" 200 849 "HTTP" ""
192.168.10.20 - arodriguez [18/Sep/2021:08:53:39 -0500] "CONNECT relay-b51eac1f.net.anydesk.com:80 HTTP/1.1" 200 0 "HTTPS" "outgoing via 192.168.50.30"
192.168.1.15 - jacome [18/Sep/2021:08:53:39 -0500] "CONNECT googleads.g.doubleclick.net:443 HTTP/1.1" 200 0 "HTTPS" "outgoing via 192.168.50.30"
192.168.1.15 - jacome [18/Sep/2021:08:53:41 -0500] "CONNECT googleads.g.doubleclick.net:443 HTTP/1.1" 200 0 "HTTPS" "outgoing via 192.168.50.30"
192.168.1.15 - jacome [18/Sep/2021:08:53:42 -0500] "CONNECT www.google.com.cu:443 HTTP/1.1" 200 0 "HTTPS" "outgoing via 192.168.50.30"
192.168.1.15 - jacome [18/Sep/2021:08:53:43 -0500] "CONNECT googleads.g.doubleclick.net:443 HTTP/1.1" 200 0 "HTTPS" "outgoing via 192.168.50.30"
192.168.1.15 - jacome [18/Sep/2021:08:53:46 -0500] "POST http://ocsp.pki.goog/gts1c3 HTTP/1.1" 200 849 "HTTP" ""
192.168.1.15 - jacome [18/Sep/2021:08:53:48 -0500] "CONNECT googleads.g.doubleclick.net:443 HTTP/1.1" 200 0 "HTTPS" "outgoing via 192.168.50.30"
192.168.10.20 - arodriguez [18/Sep/2021:08:54:08 -0500] "CONNECT relay-b51eac1f.net.anydesk.com:80 HTTP/1.1" 200 0 "HTTPS" "outgoing via 192.168.50.30"
192.168.10.20 - arodriguez [18/Sep/2021:08:54:37 -0500] "CONNECT relay-b51eac1f.net.anydesk.com:80 HTTP/1.1" 200 0 "HTTPS" "outgoing via 192.168.50.30"
192.168.1.15 - jacome [18/Sep/2021:08:54:43 -0500] "POST http://ocsp.pki.goog/gts1o1core HTTP/1.1" 200 849 "HTTP" ""
192.168.1.15 - jacome [18/Sep/2021:08:54:52 -0500] "CONNECT r2---sn-xuxjn5-i58e.googlevideo.com:443 HTTP/1.1" 200 0 "HTTPS" "outgoing via 192.168.50.30"
192.168.1.15 - jacome [18/Sep/2021:08:54:52 -0500] "POST http://ocsp.pki.goog/gts1c3 HTTP/1.1" 200 849 "HTTP" ""
192.168.10.20 - arodriguez [18/Sep/2021:08:55:06 -0500] "CONNECT relay-b51eac1f.net.anydesk.com:80 HTTP/1.1" 200 0 "HTTPS" "outgoing via 192.168.50.30"
192.168.1.15 - jacome [18/Sep/2021:08:55:09 -0500] "CONNECT incoming.telemetry.mozilla.org:443 HTTP/1.1" 200 0 "HTTPS" "outgoing via 192.168.50.30"
192.168.1.15 - jacome [18/Sep/2021:08:55:25 -0500] "POST http://ocsp.pki.goog/gts1c3 HTTP/1.1" 200 849 "HTTP" ""
192.168.10.20 - arodriguez [18/Sep/2021:08:55:35 -0500] "CONNECT relay-b51eac1f.net.anydesk.com:80 HTTP/1.1" 200 0 "HTTPS" "outgoing via 192.168.50.30"
192.168.1.15 - jacome [18/Sep/2021:08:55:36 -0500] "POST http://ocsp.pki.goog/gts1c3 HTTP/1.1" 200 849 "HTTP" ""
192.168.1.15 - jacome [18/Sep/2021:08:55:36 -0500] "CONNECT y2mate.com:443 HTTP/1.1" 200 0 "HTTPS" "outgoing via 192.168.50.30"
192.168.1.15 - jacome [18/Sep/2021:08:55:39 -0500] "CONNECT www.y2mate.com:443 HTTP/1.1" 200 0 "HTTPS" "outgoing via 192.168.50.30"
192.168.1.15 - jacome [18/Sep/2021:08:55:43 -0500] "CONNECT www.y2mate.com:443 HTTP/1.1" 200 0 "HTTPS" "outgoing via 192.168.50.30"
192.168.1.15 - jacome [18/Sep/2021:08:55:43 -0500] "CONNECT www.y2mate.com:443 HTTP/1.1" 200 0 "HTTPS" "outgoing via 192.168.50.30"
192.168.1.15 - jacome [18/Sep/2021:08:55:43 -0500] "CONNECT www.y2mate.com:443 HTTP/1.1" 200 0 "HTTPS" "outgoing via 192.168.50.30"
192.168.1.15 - jacome [18/Sep/2021:08:55:43 -0500] "CONNECT www.y2mate.com:443 HTTP/1.1" 200 0 "HTTPS" "outgoing via 192.168.50.30"
192.168.1.15 - jacome [18/Sep/2021:08:55:43 -0500] "CONNECT www.y2mate.com:443 HTTP/1.1" 200 0 "HTTPS" "outgoing via 192.168.50.30"
192.168.1.15 - jacome [18/Sep/2021:08:55:43 -0500] "CONNECT www.googletagmanager.com:443 HTTP/1.1" 200 0 "HTTPS" "outgoing via 192.168.50.30"
192.168.1.15 - jacome [18/Sep/2021:08:55:43 -0500] "CONNECT content-cdn.y2mate.com:443 HTTP/1.1" 200 0 "HTTPS" "outgoing via 192.168.50.30"
192.168.1.15 - jacome [18/Sep/2021:08:55:44 -0500] "POST http://ocsp.pki.goog/gts1c3 HTTP/1.1" 200 849 "HTTP" ""
192.168.1.15 - jacome [18/Sep/2021:08:55:44 -0500] "CONNECT googleads.g.doubleclick.net:443 HTTP/1.1" 200 0 "HTTPS" "outgoing via 192.168.50.30"
192.168.1.15 - jacome [18/Sep/2021:08:55:44 -0500] "CONNECT googleads.g.doubleclick.net:443 HTTP/1.1" 200 0 "HTTPS" "outgoing via 192.168.50.30"
192.168.1.15 - jacome [18/Sep/2021:08:55:44 -0500] "GET http://detectportal.firefox.com/canonical.html HTTP/1.1" 200 1896 "HTTP" "Error 403 (Forbidden)!!1"
192.168.1.15 - jacome [18/Sep/2021:08:55:44 -0500] "GET http://detectportal.firefox.com/canonical.html HTTP/1.1" 200 1896 "HTTP" "Error 403 (Forbidden)!!1"
192.168.1.15 - jacome [18/Sep/2021:08:55:45 -0500] "GET http://detectportal.firefox.com/canonical.html HTTP/1.1" 200 1896 "HTTP" "Error 403 (Forbidden)!!1"
192.168.1.15 - jacome [18/Sep/2021:08:55:45 -0500] "GET http://detectportal.firefox.com/canonical.html HTTP/1.1" 200 1896 "HTTP" "Error 403 (Forbidden)!!1"
192.168.1.15 - jacome [18/Sep/2021:08:55:45 -0500] "GET http://detectportal.firefox.com/canonical.html HTTP/1.1" 200 1896 "HTTP" "Error 403 (Forbidden)!!1"
192.168.1.15 - jacome [18/Sep/2021:08:55:46 -0500] "CONNECT googleads.g.doubleclick.net:443 HTTP/1.1" 200 0 "HTTPS" "outgoing via 192.168.50.30"
192.168.1.15 - jacome [18/Sep/2021:08:55:46 -0500] "GET http://detectportal.firefox.com/canonical.html HTTP/1.1" 200 1896 "HTTP" "Error 403 (Forbidden)!!1"
192.168.1.15 - jacome [18/Sep/2021:08:55:46 -0500] "GET http://detectportal.firefox.com/canonical.html HTTP/1.1" 200 1896 "HTTP" "Error 403 (Forbidden)!!1"
192.168.1.15 - jacome [18/Sep/2021:08:55:46 -0500] "GET http://detectportal.firefox.com/canonical.html HTTP/1.1" 200 1896 "HTTP" "Error 403 (Forbidden)!!1"
192.168.1.15 - jacome [18/Sep/2021:08:55:46 -0500] "GET http://detectportal.firefox.com/canonical.html HTTP/1.1" 200 1896 "HTTP" "Error 403 (Forbidden)!!1"
192.168.1.15 - jacome [18/Sep/2021:08:55:46 -0500] "GET http://detectportal.firefox.com/canonical.html HTTP/1.1" 200 1896 "HTTP" "Error 403 (Forbidden)!!1"
192.168.1.15 - jacome [18/Sep/2021:08:55:47 -0500] "GET http://detectportal.firefox.com/canonical.html HTTP/1.1" 200 1896 "HTTP" "Error 403 (Forbidden)!!1"
192.168.1.15 - jacome [18/Sep/2021:08:55:47 -0500] "CONNECT jsc.mgid.com:443 HTTP/1.1" 200 0 "HTTPS" "outgoing via 192.168.50.30"
192.168.1.15 - jacome [18/Sep/2021:08:55:47 -0500] "CONNECT whazugho.com:443 HTTP/1.1" 200 0 "HTTPS" "outgoing via 192.168.50.30"
192.168.1.15 - jacome [18/Sep/2021:08:55:47 -0500] "CONNECT besmeargleor.com:443 HTTP/1.1" 200 0 "HTTPS" "outgoing via 192.168.50.30"
192.168.1.15 - jacome [18/Sep/2021:08:55:48 -0500] "POST http://ocsp.pki.goog/gts1c3 HTTP/1.1" 200 849 "HTTP" ""
192.168.1.15 - jacome [18/Sep/2021:08:55:48 -0500] "POST http://ocsp.pki.goog/gts1c3 HTTP/1.1" 200 849 "HTTP" ""
192.168.1.15 - jacome [18/Sep/2021:08:55:48 -0500] "CONNECT www.google-analytics.com:443 HTTP/1.1" 200 0 "HTTPS" "outgoing via 192.168.50.30"
192.168.1.15 - jacome [18/Sep/2021:08:55:50 -0500] "CONNECT c.mgid.com:443 HTTP/1.1" 200 0 "HTTPS" "outgoing via 192.168.50.30"
192.168.1.15 - jacome [18/Sep/2021:08:55:50 -0500] "CONNECT cdn.betgorebysson.club:443 HTTP/1.1" 200 0 "HTTPS" "outgoing via 192.168.50.30"
192.168.1.15 - jacome [18/Sep/2021:08:55:50 -0500] "CONNECT servicer.mgid.com:443 HTTP/1.1" 200 0 "HTTPS" "outgoing via 192.168.50.30"
192.168.1.15 - jacome [18/Sep/2021:08:55:50 -0500] "CONNECT my.rtmark.net:443 HTTP/1.1" 200 0 "HTTPS" "outgoing via 192.168.50.30"
192.168.1.15 - jacome [18/Sep/2021:08:55:50 -0500] "POST http://r3.o.lencr.org/ HTTP/1.1" 200 1013 "HTTP" ""
192.168.1.15 - jacome [18/Sep/2021:08:55:50 -0500] "POST http://r3.o.lencr.org/ HTTP/1.1" 200 1012 "HTTP" ""
192.168.1.15 - jacome [18/Sep/2021:08:55:51 -0500] "CONNECT my.rtmark.net:443 HTTP/1.1" 200 0 "HTTPS" "outgoing via 192.168.50.30"
192.168.1.15 - jacome [18/Sep/2021:08:55:51 -0500] "CONNECT s-img.steepto.com:443 HTTP/1.1" 200 0 "HTTPS" "outgoing via 192.168.50.30"
192.168.1.15 - jacome [18/Sep/2021:08:55:51 -0500] "CONNECT s-img.steepto.com:443 HTTP/1.1" 200 0 "HTTPS" "outgoing via 192.168.50.30"
192.168.1.15 - jacome [18/Sep/2021:08:55:52 -0500] "CONNECT cm.steepto.com:443 HTTP/1.1" 200 0 "HTTPS" "outgoing via 192.168.50.30"
192.168.1.15 - jacome [18/Sep/2021:08:55:52 -0500] "CONNECT cm.steepto.com:443 HTTP/1.1" 200 0 "HTTPS" "outgoing via 192.168.50.30"
192.168.1.15 - jacome [18/Sep/2021:08:55:52 -0500] "CONNECT s-img.steepto.com:443 HTTP/1.1" 200 0 "HTTPS" "outgoing via 192.168.50.30"
192.168.1.15 - jacome [18/Sep/2021:08:55:52 -0500] "CONNECT s-img.steepto.com:443 HTTP/1.1" 200 0 "HTTPS" "outgoing via 192.168.50.30"
192.168.1.15 - jacome [18/Sep/2021:08:55:52 -0500] "CONNECT googleads.g.doubleclick.net:443 HTTP/1.1" 200 0 "HTTPS" "outgoing via 192.168.50.30"
192.168.1.15 - jacome [18/Sep/2021:08:55:52 -0500] "GET http://detectportal.firefox.com/canonical.html HTTP/1.1" 200 1896 "HTTP" "Error 403 (Forbidden)!!1"
192.168.1.15 - jacome [18/Sep/2021:08:55:52 -0500] "CONNECT besmeargleor.com:443 HTTP/1.1" 200 0 "HTTPS" "outgoing via 192.168.50.30"
192.168.1.15 - jacome [18/Sep/2021:08:55:53 -0500] "GET http://detectportal.firefox.com/canonical.html HTTP/1.1" 200 1896 "HTTP" "Error 403 (Forbidden)!!1"
192.168.1.15 - jacome [18/Sep/2021:08:55:53 -0500] "GET http://detectportal.firefox.com/canonical.html HTTP/1.1" 200 1896 "HTTP" "Error 403 (Forbidden)!!1"
192.168.1.15 - jacome [18/Sep/2021:08:55:53 -0500] "GET http://detectportal.firefox.com/canonical.html HTTP/1.1" 200 1896 "HTTP" "Error 403 (Forbidden)!!1"
192.168.1.15 - jacome [18/Sep/2021:08:55:53 -0500] "GET http://detectportal.firefox.com/canonical.html HTTP/1.1" 200 1896 "HTTP" "Error 403 (Forbidden)!!1"
192.168.1.15 - jacome [18/Sep/2021:08:55:54 -0500] "GET http://detectportal.firefox.com/canonical.html HTTP/1.1" 200 1896 "HTTP" "Error 403 (Forbidden)!!1"
192.168.1.15 - jacome [18/Sep/2021:08:55:54 -0500] "CONNECT sb.scorecardresearch.com:443 HTTP/1.1" 200 0 "HTTPS" "outgoing via 192.168.50.30"
192.168.1.15 - jacome [18/Sep/2021:08:55:54 -0500] "GET http://detectportal.firefox.com/canonical.html HTTP/1.1" 200 1896 "HTTP" "Error 403 (Forbidden)!!1"
192.168.1.15 - jacome [18/Sep/2021:08:55:54 -0500] "GET http://detectportal.firefox.com/canonical.html HTTP/1.1" 200 1896 "HTTP" "Error 403 (Forbidden)!!1"
192.168.1.15 - jacome [18/Sep/2021:08:55:54 -0500] "GET http://detectportal.firefox.com/canonical.html HTTP/1.1" 200 1896 "HTTP" "Error 403 (Forbidden)!!1"
192.168.1.15 - jacome [18/Sep/2021:08:55:54 -0500] "CONNECT match.adsrvr.org:443 HTTP/1.1" 200 0 "HTTPS" "outgoing via 192.168.50.30"
192.168.1.15 - jacome [18/Sep/2021:08:55:54 -0500] "GET http://detectportal.firefox.com/canonical.html HTTP/1.1" 200 1896 "HTTP" "Error 403 (Forbidden)!!1"
192.168.1.15 - jacome [18/Sep/2021:08:55:54 -0500] "POST http://r3.o.lencr.org/ HTTP/1.1" 200 1012 "HTTP" ""
192.168.1.15 - jacome [18/Sep/2021:08:55:54 -0500] "GET http://detectportal.firefox.com/canonical.html HTTP/1.1" 200 1896 "HTTP" "Error 403 (Forbidden)!!1"
192.168.1.15 - jacome [18/Sep/2021:08:55:54 -0500] "GET http://detectportal.firefox.com/canonical.html HTTP/1.1" 200 1896 "HTTP" "Error 403 (Forbidden)!!1"
192.168.1.15 - jacome [18/Sep/2021:08:55:55 -0500] "CONNECT offerimage.com:443 HTTP/1.1" 200 0 "HTTPS" "outgoing via 192.168.50.30"
192.168.1.15 - jacome [18/Sep/2021:08:55:56 -0500] "CONNECT match.adsrvr.org:443 HTTP/1.1" 200 0 "HTTPS" "outgoing via 192.168.50.30"
192.168.1.15 - jacome [18/Sep/2021:08:55:58 -0500] "CONNECT forflygonom.com:443 HTTP/1.1" 200 0 "HTTPS" "outgoing via 192.168.50.30"
192.168.1.15 - jacome [18/Sep/2021:08:55:59 -0500] "POST http://ocsp.globalsign.com/gsgccr3dvtlsca2020 HTTP/1.1" 200 2028 "HTTP" ""
192.168.1.15 - jacome [18/Sep/2021:08:56:00 -0500] "CONNECT whazugho.com:443 HTTP/1.1" 200 0 "HTTPS" "outgoing via 192.168.50.30"
192.168.10.20 - arodriguez [18/Sep/2021:08:56:04 -0500] "CONNECT relay-b51eac1f.net.anydesk.com:80 HTTP/1.1" 200 0 "HTTPS" "outgoing via 192.168.50.30"
192.168.10.20 - arodriguez [18/Sep/2021:08:56:33 -0500] "CONNECT relay-b51eac1f.net.anydesk.com:80 HTTP/1.1" 200 0 "HTTPS" "outgoing via 192.168.50.30"
192.168.1.15 - jacome [18/Sep/2021:08:56:41 -0500] "CONNECT contile.services.mozilla.com:443 HTTP/1.1" 200 0 "HTTPS" "outgoing via 192.168.50.30"
192.168.10.20 - arodriguez [18/Sep/2021:08:57:02 -0500] "CONNECT relay-b51eac1f.net.anydesk.com:80 HTTP/1.1" 200 0 "HTTPS" "outgoing via 192.168.50.30"
192.168.1.15 - jacome [18/Sep/2021:08:57:21 -0500] "CONNECT gateway.facebook.com:443 HTTP/1.1" 200 0 "HTTPS" "outgoing via 192.168.50.30"
192.168.10.20 - arodriguez [18/Sep/2021:08:57:31 -0500] "CONNECT relay-b51eac1f.net.anydesk.com:80 HTTP/1.1" 200 0 "HTTPS" "outgoing via 192.168.50.30"
192.168.1.15 - jacome [18/Sep/2021:08:57:43 -0500] "CONNECT www.facebook.com:443 HTTP/1.1" 200 0 "HTTPS" "outgoing via 192.168.50.30"
192.168.1.15 - jacome [18/Sep/2021:08:57:45 -0500] "CONNECT googleads.g.doubleclick.net:443 HTTP/1.1" 200 0 "HTTPS" "outgoing via 192.168.50.30"
192.168.1.15 - jacome [18/Sep/2021:08:57:46 -0500] "GET http://detectportal.firefox.com/canonical.html HTTP/1.1" 200 1896 "HTTP" "Error 403 (Forbidden)!!1"
192.168.1.15 - jacome [18/Sep/2021:08:57:50 -0500] "GET http://detectportal.firefox.com/canonical.html HTTP/1.1" 200 1896 "HTTP" "Error 403 (Forbidden)!!1"
192.168.1.15 - jacome [18/Sep/2021:08:57:50 -0500] "GET http://detectportal.firefox.com/canonical.html HTTP/1.1" 200 1896 "HTTP" "Error 403 (Forbidden)!!1"
192.168.1.15 - jacome [18/Sep/2021:08:57:50 -0500] "GET http://detectportal.firefox.com/canonical.html HTTP/1.1" 200 1896 "HTTP" "Error 403 (Forbidden)!!1"
192.168.1.15 - jacome [18/Sep/2021:08:57:50 -0500] "GET http://detectportal.firefox.com/canonical.html HTTP/1.1" 200 1896 "HTTP" "Error 403 (Forbidden)!!1"
192.168.1.15 - jacome [18/Sep/2021:08:57:50 -0500] "GET http://detectportal.firefox.com/canonical.html HTTP/1.1" 200 1896 "HTTP" "Error 403 (Forbidden)!!1"
192.168.10.20 - arodriguez [18/Sep/2021:08:58:00 -0500] "CONNECT relay-b51eac1f.net.anydesk.com:80 HTTP/1.1" 200 0 "HTTPS" "outgoing via 192.168.50.30"
192.168.10.20 - arodriguez [18/Sep/2021:08:58:29 -0500] "CONNECT relay-b51eac1f.net.anydesk.com:80 HTTP/1.1" 200 0 "HTTPS" "outgoing via 192.168.50.30"
192.168.10.20 - arodriguez [18/Sep/2021:08:58:58 -0500] "CONNECT relay-b51eac1f.net.anydesk.com:80 HTTP/1.1" 200 0 "HTTPS" "outgoing via 192.168.50.30"
192.168.10.20 - arodriguez [18/Sep/2021:08:59:27 -0500] "CONNECT relay-b51eac1f.net.anydesk.com:80 HTTP/1.1" 200 0 "HTTPS" "outgoing via 192.168.50.30"
192.168.10.20 - arodriguez [18/Sep/2021:08:59:56 -0500] "CONNECT relay-b51eac1f.net.anydesk.com:80 HTTP/1.1" 200 0 "HTTPS" "outgoing via 192.168.50.30"
192.168.1.15 - jacome [18/Sep/2021:08:59:56 -0500] "CONNECT www.y2mate.com:443 HTTP/1.1" 200 0 "HTTPS" "outgoing via 192.168.50.30"
192.168.1.15 - jacome [18/Sep/2021:08:59:56 -0500] "CONNECT cdn.betgorebysson.club:443 HTTP/1.1" 200 0 "HTTPS" "outgoing via 192.168.50.30"
192.168.1.15 - jacome [18/Sep/2021:08:59:57 -0500] "CONNECT www.y2mate.com:443 HTTP/1.1" 200 0 "HTTPS" "outgoing via 192.168.50.30"
192.168.1.15 - jacome [18/Sep/2021:08:59:57 -0500] "CONNECT whazugho.com:443 HTTP/1.1" 200 0 "HTTPS" "outgoing via 192.168.50.30"
192.168.1.15 - jacome [18/Sep/2021:09:00:13 -0500] "CONNECT ak.hetaruwg.com:443 HTTP/1.1" 200 0 "HTTPS" "outgoing via 192.168.50.30"
192.168.1.15 - jacome [18/Sep/2021:09:00:13 -0500] "CONNECT dl174.dlmate29.xyz:443 HTTP/1.1" 200 0 "HTTPS" "outgoing via 192.168.50.30"
192.168.1.15 - jacome [18/Sep/2021:09:00:15 -0500] "CONNECT alugha.com:443 HTTP/1.1" 200 0 "HTTPS" "outgoing via 192.168.50.30"
192.168.1.15 - jacome [18/Sep/2021:09:00:15 -0500] "CONNECT my.rtmark.net:443 HTTP/1.1" 200 0 "HTTPS" "outgoing via 192.168.50.30"
192.168.1.15 - jacome [18/Sep/2021:09:00:18 -0500] "CONNECT static.alugha.com:443 HTTP/1.1" 200 0 "HTTPS" "outgoing via 192.168.50.30"
192.168.1.15 - jacome [18/Sep/2021:09:00:18 -0500] "CONNECT cdn.alugha.com:443 HTTP/1.1" 200 0 "HTTPS" "outgoing via 192.168.50.30"
192.168.1.15 - jacome [18/Sep/2021:09:00:18 -0500] "CONNECT static.alugha.com:443 HTTP/1.1" 200 0 "HTTPS" "outgoing via 192.168.50.30"
192.168.1.15 - jacome [18/Sep/2021:09:00:18 -0500] "CONNECT static.alugha.com:443 HTTP/1.1" 200 0 "HTTPS" "outgoing via 192.168.50.30"
192.168.1.15 - jacome [18/Sep/2021:09:00:18 -0500] "CONNECT cdn.alugha.com:443 HTTP/1.1" 200 0 "HTTPS" "outgoing via 192.168.50.30"
192.168.1.15 - jacome [18/Sep/2021:09:00:18 -0500] "CONNECT cdn.alugha.com:443 HTTP/1.1" 200 0 "HTTPS" "outgoing via 192.168.50.30"
192.168.1.15 - jacome [18/Sep/2021:09:00:18 -0500] "CONNECT static.alugha.com:443 HTTP/1.1" 200 0 "HTTPS" "outgoing via 192.168.50.30"
192.168.1.15 - jacome [18/Sep/2021:09:00:18 -0500] "CONNECT static.alugha.com:443 HTTP/1.1" 200 0 "HTTPS" "outgoing via 192.168.50.30"
192.168.1.15 - jacome [18/Sep/2021:09:00:18 -0500] "CONNECT static.alugha.com:443 HTTP/1.1" 200 0 "HTTPS" "outgoing via 192.168.50.30"
192.168.1.15 - jacome [18/Sep/2021:09:00:18 -0500] "CONNECT cdn.alugha.com:443 HTTP/1.1" 200 0 "HTTPS" "outgoing via 192.168.50.30"
192.168.1.15 - jacome [18/Sep/2021:09:00:18 -0500] "CONNECT cdn.alugha.com:443 HTTP/1.1" 200 0 "HTTPS" "outgoing via 192.168.50.30"
192.168.10.20 - arodriguez [18/Sep/2021:09:00:25 -0500] "CONNECT relay-b51eac1f.net.anydesk.com:80 HTTP/1.1" 200 0 "HTTPS" "outgoing via 192.168.50.30"
192.168.1.15 - jacome [18/Sep/2021:09:00:43 -0500] "CONNECT c.mgid.com:443 HTTP/1.1" 200 0 "HTTPS" "outgoing via 192.168.50.30"
192.168.1.15 - jacome [18/Sep/2021:09:00:47 -0500] "CONNECT alugha.com:443 HTTP/1.1" 200 0 "HTTPS" "outgoing via 192.168.50.30"
192.168.1.15 - jacome [18/Sep/2021:09:00:47 -0500] "CONNECT mat.alugha.com:443 HTTP/1.1" 200 0 "HTTPS" "outgoing via 192.168.50.30"
192.168.1.15 - jacome [18/Sep/2021:09:00:48 -0500] "CONNECT alugha.com:443 HTTP/1.1" 200 0 "HTTPS" "outgoing via 192.168.50.30"
192.168.1.15 - jacome [18/Sep/2021:09:00:49 -0500] "CONNECT alugha.com:443 HTTP/1.1" 200 0 "HTTPS" "outgoing via 192.168.50.30"
192.168.1.15 - jacome [18/Sep/2021:09:00:51 -0500] "CONNECT alugha.com:443 HTTP/1.1" 200 0 "HTTPS" "outgoing via 192.168.50.30"
192.168.1.15 - jacome [18/Sep/2021:09:00:54 -0500] "CONNECT alugha.com:443 HTTP/1.1" 200 0 "HTTPS" "outgoing via 192.168.50.30"
192.168.10.20 - arodriguez [18/Sep/2021:09:00:54 -0500] "CONNECT relay-b51eac1f.net.anydesk.com:80 HTTP/1.1" 200 0 "HTTPS" "outgoing via 192.168.50.30"
192.168.1.15 - jacome [18/Sep/2021:09:00:58 -0500] "CONNECT alugha.com:443 HTTP/1.1" 200 0 "HTTPS" "outgoing via 192.168.50.30"
192.168.1.15 - jacome [18/Sep/2021:09:01:02 -0500] "CONNECT alugha.com:443 HTTP/1.1" 200 0 "HTTPS" "outgoing via 192.168.50.30"
192.168.1.15 - jacome [18/Sep/2021:09:01:11 -0500] "CONNECT r2---sn-xuxjn5-i58e.googlevideo.com:443 HTTP/1.1" 200 0 "HTTPS" "outgoing via 192.168.50.30"
192.168.1.15 - jacome [18/Sep/2021:09:01:12 -0500] "POST http://r3.o.lencr.org/ HTTP/1.1" 200 1012 "HTTP" ""
192.168.1.15 - jacome [18/Sep/2021:09:01:13 -0500] "CONNECT alugha.com:443 HTTP/1.1" 200 0 "HTTPS" "outgoing via 192.168.50.30"
192.168.1.15 - jacome [18/Sep/2021:09:01:15 -0500] "CONNECT r4---sn-hp57kn6e.googlevideo.com:443 HTTP/1.1" 200 0 "HTTPS" "outgoing via 192.168.50.30"
192.168.1.15 - jacome [18/Sep/2021:09:01:18 -0500] "CONNECT r4---sn-hp57kn6e.googlevideo.com:443 HTTP/1.1" 200 0 "HTTPS" "outgoing via 192.168.50.30"
192.168.10.20 - arodriguez [18/Sep/2021:09:01:23 -0500] "CONNECT relay-b51eac1f.net.anydesk.com:80 HTTP/1.1" 200 0 "HTTPS" "outgoing via 192.168.50.30"
192.168.1.15 - jacome [18/Sep/2021:09:01:26 -0500] "CONNECT alugha.com:443 HTTP/1.1" 200 0 "HTTPS" "outgoing via 192.168.50.30"
192.168.1.15 - jacome [18/Sep/2021:09:01:30 -0500] "CONNECT r4---sn-hp57kn6e.googlevideo.com:443 HTTP/1.1" 200 0 "HTTPS" "outgoing via 192.168.50.30"
192.168.1.15 - jacome [18/Sep/2021:09:01:40 -0500] "CONNECT alugha.com:443 HTTP/1.1" 200 0 "HTTPS" "outgoing via 192.168.50.30"
192.168.10.20 - arodriguez [18/Sep/2021:09:01:52 -0500] "CONNECT relay-b51eac1f.net.anydesk.com:80 HTTP/1.1" 200 0 "HTTPS" "outgoing via 192.168.50.30"
192.168.1.15 - jacome [18/Sep/2021:09:01:55 -0500] "CONNECT push.services.mozilla.com:443 HTTP/1.1" 200 0 "HTTPS" "outgoing via 192.168.50.30"
192.168.1.15 - jacome [18/Sep/2021:09:01:55 -0500] "CONNECT alugha.com:443 HTTP/1.1" 200 0 "HTTPS" "outgoing via 192.168.50.30"
192.168.1.15 - jacome [18/Sep/2021:09:01:58 -0500] "CONNECT firefox.settings.services.mozilla.com:443 HTTP/1.1" 200 0 "HTTPS" "outgoing via 192.168.50.30"
192.168.1.15 - jacome [18/Sep/2021:09:02:20 -0500] "POST http://r3.o.lencr.org/ HTTP/1.1" 200 1013 "HTTP" ""
192.168.1.15 - jacome [18/Sep/2021:09:02:20 -0500] "POST http://r3.o.lencr.org/ HTTP/1.1" 200 1012 "HTTP" ""
192.168.1.15 - jacome [18/Sep/2021:09:02:20 -0500] "POST http://r3.o.lencr.org/ HTTP/1.1" 200 1013 "HTTP" ""
192.168.1.15 - jacome [18/Sep/2021:09:02:20 -0500] "POST http://r3.o.lencr.org/ HTTP/1.1" 200 1012 "HTTP" ""
192.168.10.20 - arodriguez [18/Sep/2021:09:02:21 -0500] "CONNECT relay-b51eac1f.net.anydesk.com:80 HTTP/1.1" 200 0 "HTTPS" "outgoing via 192.168.50.30"
192.168.1.15 - jacome [18/Sep/2021:09:02:22 -0500] "POST http://r3.o.lencr.org/ HTTP/1.1" 200 1012 "HTTP" ""
192.168.1.15 - jacome [18/Sep/2021:09:02:28 -0500] "CONNECT www.gstatic.com:443 HTTP/1.1" 200 0 "HTTPS" "outgoing via 192.168.50.30"
192.168.1.15 - jacome [18/Sep/2021:09:02:30 -0500] "POST http://ocsp.pki.goog/gts1c3 HTTP/1.1" 200 849 "HTTP" ""
192.168.1.15 - jacome [18/Sep/2021:09:02:49 -0500] "CONNECT r4---sn-xuxjn5-i58e.googlevideo.com:443 HTTP/1.1" 200 0 "HTTPS" "outgoing via 192.168.50.30"
192.168.1.15 - jacome [18/Sep/2021:09:02:50 -0500] "CONNECT r4---sn-xuxjn5-i58e.googlevideo.com:443 HTTP/1.1" 200 0 "HTTPS" "outgoing via 192.168.50.30"
192.168.1.15 - jacome [18/Sep/2021:09:02:50 -0500] "CONNECT r4---sn-xuxjn5-i58e.googlevideo.com:443 HTTP/1.1" 200 0 "HTTPS" "outgoing via 192.168.50.30"
192.168.1.15 - jacome [18/Sep/2021:09:02:50 -0500] "CONNECT yt3.ggpht.com:443 HTTP/1.1" 200 0 "HTTPS" "outgoing via 192.168.50.30"
192.168.1.15 - jacome [18/Sep/2021:09:02:50 -0500] "CONNECT i.ytimg.com:443 HTTP/1.1" 200 0 "HTTPS" "outgoing via 192.168.50.30"
192.168.1.15 - jacome [18/Sep/2021:09:02:50 -0500] "CONNECT i.ytimg.com:443 HTTP/1.1" 200 0 "HTTPS" "outgoing via 192.168.50.30"
192.168.10.20 - arodriguez [18/Sep/2021:09:02:50 -0500] "CONNECT relay-b51eac1f.net.anydesk.com:80 HTTP/1.1" 200 0 "HTTPS" "outgoing via 192.168.50.30"
192.168.1.15 - jacome [18/Sep/2021:09:02:50 -0500] "POST http://ocsp.pki.goog/gts1c3 HTTP/1.1" 200 849 "HTTP" ""
192.168.1.15 - jacome [18/Sep/2021:09:02:56 -0500] "CONNECT fonts.gstatic.com:443 HTTP/1.1" 200 0 "HTTPS" "outgoing via 192.168.50.30"
192.168.1.15 - jacome [18/Sep/2021:09:02:57 -0500] "CONNECT scontent-mia3-2.xx.fbcdn.net:443 HTTP/1.1" 200 0 "HTTPS" "outgoing via 192.168.50.30"
192.168.1.15 - jacome [18/Sep/2021:09:02:57 -0500] "CONNECT r2---sn-xuxjn5-i58e.googlevideo.com:443 HTTP/1.1" 200 0 "HTTPS" "outgoing via 192.168.50.30"
192.168.1.15 - jacome [18/Sep/2021:09:02:59 -0500] "CONNECT alugha.com:443 HTTP/1.1" 200 0 "HTTPS" "outgoing via 192.168.50.30"
192.168.1.15 - jacome [18/Sep/2021:09:03:00 -0500] "CONNECT alugha.com:443 HTTP/1.1" 200 0 "HTTPS" "outgoing via 192.168.50.30"
192.168.1.15 - jacome [18/Sep/2021:09:03:02 -0500] "CONNECT alugha.com:443 HTTP/1.1" 200 0 "HTTPS" "outgoing via 192.168.50.30"
192.168.1.15 - jacome [18/Sep/2021:09:03:04 -0500] "CONNECT r4---sn-hp57kn6r.googlevideo.com:443 HTTP/1.1" 200 0 "HTTPS" "outgoing via 192.168.50.30"
192.168.1.15 - jacome [18/Sep/2021:09:03:04 -0500] "CONNECT alugha.com:443 HTTP/1.1" 200 0 "HTTPS" "outgoing via 192.168.50.30"
192.168.1.15 - jacome [18/Sep/2021:09:03:07 -0500] "CONNECT r2---sn-xuxjn5-i58e.googlevideo.com:443 HTTP/1.1" 200 0 "HTTPS" "outgoing via 192.168.50.30"
192.168.1.15 - jacome [18/Sep/2021:09:03:07 -0500] "CONNECT alugha.com:443 HTTP/1.1" 200 0 "HTTPS" "outgoing via 192.168.50.30"
192.168.1.15 - jacome [18/Sep/2021:09:03:09 -0500] "POST http://ocsp.pki.goog/gts1c3 HTTP/1.1" 200 849 "HTTP" ""
192.168.1.15 - jacome [18/Sep/2021:09:03:14 -0500] "CONNECT alugha.com:443 HTTP/1.1" 200 0 "HTTPS" "outgoing via 192.168.50.30"
192.168.10.20 - arodriguez [18/Sep/2021:09:03:19 -0500] "CONNECT relay-b51eac1f.net.anydesk.com:80 HTTP/1.1" 200 0 "HTTPS" "outgoing via 192.168.50.30"
192.168.1.15 - jacome [18/Sep/2021:09:03:20 -0500] "CONNECT r2---sn-xuxjn5-i58e.googlevideo.com:443 HTTP/1.1" 200 0 "HTTPS" "outgoing via 192.168.50.30"
192.168.1.15 - jacome [18/Sep/2021:09:03:20 -0500] "CONNECT safebrowsing.googleapis.com:443 HTTP/1.1" 200 0 "HTTPS" "outgoing via 192.168.50.30"
192.168.1.15 - jacome [18/Sep/2021:09:03:21 -0500] "CONNECT r2---sn-xuxjn5-i58e.googlevideo.com:443 HTTP/1.1" 200 0 "HTTPS" "outgoing via 192.168.50.30"
192.168.1.15 - jacome [18/Sep/2021:09:03:22 -0500] "POST http://ocsp.pki.goog/gts1c3 HTTP/1.1" 200 849 "HTTP" ""
192.168.1.15 - jacome [18/Sep/2021:09:03:25 -0500] "CONNECT alugha.com:443 HTTP/1.1" 200 0 "HTTPS" "outgoing via 192.168.50.30"
192.168.1.15 - jacome [18/Sep/2021:09:03:36 -0500] "CONNECT r2---sn-xuxjn5-i58e.googlevideo.com:443 HTTP/1.1" 200 0 "HTTPS" "outgoing via 192.168.50.30"
192.168.1.15 - jacome [18/Sep/2021:09:03:37 -0500] "POST http://ocsp.pki.goog/gts1c3 HTTP/1.1" 200 849 "HTTP" ""
192.168.1.15 - jacome [18/Sep/2021:09:03:38 -0500] "CONNECT alugha.com:443 HTTP/1.1" 200 0 "HTTPS" "outgoing via 192.168.50.30"
192.168.10.20 - arodriguez [18/Sep/2021:09:03:48 -0500] "CONNECT relay-b51eac1f.net.anydesk.com:80 HTTP/1.1" 200 0 "HTTPS" "outgoing via 192.168.50.30"
192.168.10.20 - arodriguez [18/Sep/2021:09:04:18 -0500] "CONNECT relay-b51eac1f.net.anydesk.com:80 HTTP/1.1" 200 0 "HTTPS" "outgoing via 192.168.50.30"
192.168.1.15 - jacome [18/Sep/2021:09:04:42 -0500] "CONNECT alugha.com:443 HTTP/1.1" 200 0 "HTTPS" "outgoing via 192.168.50.30"
192.168.1.15 - jacome [18/Sep/2021:09:04:43 -0500] "CONNECT alugha.com:443 HTTP/1.1" 200 0 "HTTPS" "outgoing via 192.168.50.30"
192.168.1.15 - jacome [18/Sep/2021:09:04:45 -0500] "CONNECT alugha.com:443 HTTP/1.1" 200 0 "HTTPS" "outgoing via 192.168.50.30"
192.168.1.15 - jacome [18/Sep/2021:09:04:47 -0500] "CONNECT alugha.com:443 HTTP/1.1" 200 0 "HTTPS" "outgoing via 192.168.50.30"
192.168.10.20 - arodriguez [18/Sep/2021:09:04:47 -0500] "CONNECT relay-b51eac1f.net.anydesk.com:80 HTTP/1.1" 200 0 "HTTPS" "outgoing via 192.168.50.30"
192.168.1.15 - jacome [18/Sep/2021:09:04:51 -0500] "CONNECT alugha.com:443 HTTP/1.1" 200 0 "HTTPS" "outgoing via 192.168.50.30"
192.168.1.15 - jacome [18/Sep/2021:09:04:52 -0500] "POST http://ocsp.pki.goog/gts1c3 HTTP/1.1" 200 849 "HTTP" ""
192.168.1.15 - jacome [18/Sep/2021:09:04:52 -0500] "POST http://ocsp.pki.goog/gts1c3 HTTP/1.1" 200 849 "HTTP" ""
192.168.1.15 - jacome [18/Sep/2021:09:04:59 -0500] "POST http://ocsp.pki.goog/gts1c3 HTTP/1.1" 200 849 "HTTP" ""
192.168.1.15 - jacome [18/Sep/2021:09:05:16 -0500] "CONNECT scontent-mia3-1.xx.fbcdn.net:443 HTTP/1.1" 200 0 "HTTPS" "outgoing via 192.168.50.30"
192.168.10.20 - arodriguez [18/Sep/2021:09:05:18 -0500] "CONNECT relay-b51eac1f.net.anydesk.com:443 HTTP/1.1" 200 0 "HTTPS" "outgoing via 192.168.50.30"
192.168.1.15 - jacome [18/Sep/2021:09:05:53 -0500] "CONNECT alugha.com:443 HTTP/1.1" 200 0 "HTTPS" "outgoing via 192.168.50.30"
192.168.1.15 - jacome [18/Sep/2021:09:05:54 -0500] "CONNECT alugha.com:443 HTTP/1.1" 200 0 "HTTPS" "outgoing via 192.168.50.30"
192.168.1.15 - jacome [18/Sep/2021:09:05:56 -0500] "CONNECT alugha.com:443 HTTP/1.1" 200 0 "HTTPS" "outgoing via 192.168.50.30"
192.168.1.15 - jacome [18/Sep/2021:09:05:58 -0500] "CONNECT alugha.com:443 HTTP/1.1" 200 0 "HTTPS" "outgoing via 192.168.50.30"
192.168.1.15 - jacome [18/Sep/2021:09:06:47 -0500] "CONNECT safebrowsing.googleapis.com:443 HTTP/1.1" 200 0 "HTTPS" "outgoing via 192.168.50.30"
192.168.1.15 - jacome [18/Sep/2021:09:07:00 -0500] "CONNECT alugha.com:443 HTTP/1.1" 200 0 "HTTPS" "outgoing via 192.168.50.30"
192.168.1.15 - jacome [18/Sep/2021:09:07:01 -0500] "CONNECT alugha.com:443 HTTP/1.1" 200 0 "HTTPS" "outgoing via 192.168.50.30"
192.168.1.15 - jacome [18/Sep/2021:09:07:03 -0500] "CONNECT alugha.com:443 HTTP/1.1" 200 0 "HTTPS" "outgoing via 192.168.50.30"
192.168.1.15 - jacome [18/Sep/2021:09:07:05 -0500] "CONNECT alugha.com:443 HTTP/1.1" 200 0 "HTTPS" "outgoing via 192.168.50.30"
192.168.1.15 - jacome [18/Sep/2021:09:07:42 -0500] "CONNECT scontent-mia3-2.xx.fbcdn.net:443 HTTP/1.1" 200 0 "HTTPS" "outgoing via 192.168.50.30"
192.168.1.15 - jacome [18/Sep/2021:09:08:07 -0500] "CONNECT alugha.com:443 HTTP/1.1" 200 0 "HTTPS" "outgoing via 192.168.50.30"
192.168.1.15 - jacome [18/Sep/2021:09:08:08 -0500] "CONNECT alugha.com:443 HTTP/1.1" 200 0 "HTTPS" "outgoing via 192.168.50.30"
192.168.1.15 - jacome [18/Sep/2021:09:08:10 -0500] "CONNECT alugha.com:443 HTTP/1.1" 200 0 "HTTPS" "outgoing via 192.168.50.30"
192.168.1.15 - jacome [18/Sep/2021:09:08:12 -0500] "CONNECT alugha.com:443 HTTP/1.1" 200 0 "HTTPS" "outgoing via 192.168.50.30"
192.168.1.15 - jacome [18/Sep/2021:09:09:14 -0500] "CONNECT alugha.com:443 HTTP/1.1" 200 0 "HTTPS" "outgoing via 192.168.50.30"
192.168.1.15 - jacome [18/Sep/2021:09:09:15 -0500] "CONNECT alugha.com:443 HTTP/1.1" 200 0 "HTTPS" "outgoing via 192.168.50.30"
192.168.1.15 - jacome [18/Sep/2021:09:09:16 -0500] "CONNECT alugha.com:443 HTTP/1.1" 200 0 "HTTPS" "outgoing via 192.168.50.30"
192.168.1.15 - jacome [18/Sep/2021:09:09:18 -0500] "CONNECT alugha.com:443 HTTP/1.1" 200 0 "HTTPS" "outgoing via 192.168.50.30"
192.168.1.15 - jacome [18/Sep/2021:09:10:12 -0500] "CONNECT y2mate.com:443 HTTP/1.1" 200 0 "HTTPS" "outgoing via 192.168.50.30"
192.168.1.15 - jacome [18/Sep/2021:09:10:14 -0500] "CONNECT www.y2mate.com:443 HTTP/1.1" 200 0 "HTTPS" "outgoing via 192.168.50.30"
192.168.1.15 - jacome [18/Sep/2021:09:10:15 -0500] "CONNECT www.y2mate.com:443 HTTP/1.1" 200 0 "HTTPS" "outgoing via 192.168.50.30"
192.168.1.15 - jacome [18/Sep/2021:09:10:15 -0500] "CONNECT whazugho.com:443 HTTP/1.1" 200 0 "HTTPS" "outgoing via 192.168.50.30"
192.168.1.15 - jacome [18/Sep/2021:09:10:16 -0500] "CONNECT www.y2mate.com:443 HTTP/1.1" 200 0 "HTTPS" "outgoing via 192.168.50.30"
192.168.1.15 - jacome [18/Sep/2021:09:10:16 -0500] "CONNECT www.google-analytics.com:443 HTTP/1.1" 200 0 "HTTPS" "outgoing via 192.168.50.30"
192.168.1.15 - jacome [18/Sep/2021:09:10:17 -0500] "CONNECT jsc.mgid.com:443 HTTP/1.1" 200 0 "HTTPS" "outgoing via 192.168.50.30"
192.168.1.15 - jacome [18/Sep/2021:09:10:17 -0500] "CONNECT besmeargleor.com:443 HTTP/1.1" 200 0 "HTTPS" "outgoing via 192.168.50.30"
192.168.1.15 - jacome [18/Sep/2021:09:10:19 -0500] "CONNECT my.rtmark.net:443 HTTP/1.1" 200 0 "HTTPS" "outgoing via 192.168.50.30"
192.168.1.15 - jacome [18/Sep/2021:09:10:19 -0500] "CONNECT scontent-mia3-1.xx.fbcdn.net:443 HTTP/1.1" 200 0 "HTTPS" "outgoing via 192.168.50.30"
192.168.1.15 - jacome [18/Sep/2021:09:10:20 -0500] "CONNECT cdn.betgorebysson.club:443 HTTP/1.1" 200 0 "HTTPS" "outgoing via 192.168.50.30"
192.168.1.15 - jacome [18/Sep/2021:09:10:20 -0500] "CONNECT alugha.com:443 HTTP/1.1" 200 0 "HTTPS" "outgoing via 192.168.50.30"
192.168.1.15 - jacome [18/Sep/2021:09:10:22 -0500] "CONNECT alugha.com:443 HTTP/1.1" 200 0 "HTTPS" "outgoing via 192.168.50.30"
192.168.1.15 - jacome [18/Sep/2021:09:10:23 -0500] "CONNECT alugha.com:443 HTTP/1.1" 200 0 "HTTPS" "outgoing via 192.168.50.30"
192.168.1.15 - jacome [18/Sep/2021:09:10:26 -0500] "CONNECT alugha.com:443 HTTP/1.1" 200 0 "HTTPS" "outgoing via 192.168.50.30"
192.168.1.15 - jacome [18/Sep/2021:09:10:29 -0500] "CONNECT alugha.com:443 HTTP/1.1" 200 0 "HTTPS" "outgoing via 192.168.50.30"
192.168.10.20 - arodriguez [18/Sep/2021:09:10:32 -0500] "CONNECT relay-b51eac1f.net.anydesk.com:80 HTTP/1.1" 200 0 "HTTPS" "outgoing via 192.168.50.30"
