192.168.1.29 - rquintanilla [10/Jul/2021:01:13:27 -0500] "CONNECT shepherd.ff.avast.com:443 HTTP/1.1" 200 0 "HTTPS" "outgoing via 192.168.50.30"
192.168.50.220 - servidores [10/Jul/2021:01:13:28 -0500] "CONNECT download.postgresql.org:443 HTTP/1.1" 200 0 "HTTPS" "outgoing via 192.168.50.30"
192.168.1.29 - rquintanilla [10/Jul/2021:01:13:29 -0500] "CONNECT 0.1.0.1:1001 HTTP/1.1" 200 0 "HTTPS" "outgoing via 192.168.50.30"
192.168.1.29 - rquintanilla [10/Jul/2021:01:13:31 -0500] "CONNECT shepherd.ff.avast.com:443 HTTP/1.1" 200 0 "HTTPS" "outgoing via 192.168.50.30"
192.168.10.20 - arodriguez [10/Jul/2021:01:13:31 -0500] "CONNECT relay-8897650c.net.anydesk.com:80 HTTP/1.1" 200 0 "HTTPS" "outgoing via 192.168.50.30"
192.168.1.29 - rquintanilla [10/Jul/2021:01:13:38 -0500] "GET http://detectportal.firefox.com/success.txt?ipv4 HTTP/1.1" 200 362 "HTTP" ""
192.168.10.20 - arodriguez [10/Jul/2021:01:13:45 -0500] "CONNECT relay-bfb5e868.net.anydesk.com:80 HTTP/1.1" 200 0 "HTTPS" "outgoing via 192.168.50.30"
192.168.50.220 - servidores [10/Jul/2021:01:13:47 -0500] "CONNECT download.postgresql.org:443 HTTP/1.1" 200 0 "HTTPS" "outgoing via 192.168.50.30"
192.168.50.220 - servidores [10/Jul/2021:01:13:51 -0500] "GET http://mirrors.bytes.ua/remi/enterprise/7/remi/x86_64/repodata/repomd.xml HTTP/1.1" 200 3482 "HTTP" ""
192.168.50.220 - servidores [10/Jul/2021:01:13:51 -0500] "GET http://mirrors.bytes.ua/remi/enterprise/7/php72/x86_64/repodata/repomd.xml HTTP/1.1" 200 3469 "HTTP" ""
192.168.50.220 - servidores [10/Jul/2021:01:13:53 -0500] "CONNECT download.rethinkdb.com:443 HTTP/1.1" 200 0 "HTTPS" "outgoing via 192.168.50.30"
192.168.50.220 - servidores [10/Jul/2021:01:13:53 -0500] "GET http://mirror.ueb.edu.ec/centos/7.9.2009/extras/x86_64/repodata/repomd.xml HTTP/1.1" 200 3362 "HTTP" ""
192.168.1.29 - rquintanilla [10/Jul/2021:01:13:57 -0500] "GET http://www.cubadebate.cu/wp-content/plugins/bwp-minify/min/?f=wp-content/plugins/wp_covid19/css/styles.css&ver=4.10 HTTP/1.1" 200 1869 "HTTP" ""
192.168.1.29 - rquintanilla [10/Jul/2021:01:13:57 -0500] "GET http://www.cubadebate.cu/wp-content/plugins/bwp-minify/min/?f=wp-content/plugins/serie-nacional-beisbol/css/widget-snb.css,wp-content/plugins/wp-anexos/css/styles.css,wp-content/plugins/wp-fidelcastro-cu/css/styles.css,wp-content/plugins/wp-minuto-minuto/css/styles.css,wp-content/plugins/nextgen-gallery/css/nggallery.css&ver=4.10 HTTP/1.1" 200 4266 "HTTP" ""
192.168.1.29 - rquintanilla [10/Jul/2021:01:13:57 -0500] "GET http://media.cubadebate.cu/wp-content/uploads/2021/07/platanos-150x125.jpg HTTP/1.1" 200 7269 "HTTP" ""
192.168.1.29 - rquintanilla [10/Jul/2021:01:13:57 -0500] "GET http://media.cubadebate.cu/wp-content/gallery/autores/manuel-cabieses-donoso.jpg HTTP/1.1" 200 3570 "HTTP" ""
192.168.1.29 - rquintanilla [10/Jul/2021:01:13:57 -0500] "GET http://media.cubadebate.cu/wp-content/uploads/2021/07/variante-delta-coronavirus-150x125.jpg HTTP/1.1" 200 10074 "HTTP" ""
192.168.1.29 - rquintanilla [10/Jul/2021:01:13:57 -0500] "GET http://media.cubadebate.cu/wp-content/gallery/palma-real/thumbs/thumbs_la-palma_manuel-mendive_2004.jpg HTTP/1.1" 200 4627 "HTTP" ""
192.168.1.29 - rquintanilla [10/Jul/2021:01:13:57 -0500] "GET http://media.cubadebate.cu/wp-content/gallery/palma-real/thumbs/thumbs_armando-menocal_puente-del-tren-de-la-palma-rio-cristal-1930.jpg HTTP/1.1" 200 5748 "HTTP" ""
192.168.1.29 - rquintanilla [10/Jul/2021:01:13:57 -0500] "GET http://media.cubadebate.cu/wp-content/gallery/palma-real/thumbs/thumbs_giosvany-echevarria_vinales_2007.jpg HTTP/1.1" 200 5548 "HTTP" ""
192.168.1.29 - rquintanilla [10/Jul/2021:01:13:57 -0500] "GET http://media.cubadebate.cu/wp-content/uploads/2021/07/biocubafarma_vacuna_cuba-300x250.jpg HTTP/1.1" 200 18412 "HTTP" ""
192.168.1.29 - rquintanilla [10/Jul/2021:01:13:57 -0500] "GET http://media.cubadebate.cu/wp-content/uploads/2019/12/yaime-perez-cuba-lima-2019-150x125.jpg HTTP/1.1" 200 7477 "HTTP" ""
192.168.1.29 - rquintanilla [10/Jul/2021:01:13:57 -0500] "GET http://media.cubadebate.cu/wp-content/gallery/palma-real/thumbs/thumbs_jose-fuster_sin-titulo_acrilico-sobre-tela.jpg HTTP/1.1" 200 6982 "HTTP" ""
192.168.1.29 - rquintanilla [10/Jul/2021:01:13:57 -0500] "GET http://media.cubadebate.cu/wp-content/uploads/2021/07/matanzas-150x125.jpg HTTP/1.1" 200 9582 "HTTP" ""
192.168.1.29 - rquintanilla [10/Jul/2021:01:13:57 -0500] "GET http://media.cubadebate.cu/wp-content/uploads/2021/01/podcast_cd.png HTTP/1.1" 200 11329 "HTTP" ""
192.168.1.29 - rquintanilla [10/Jul/2021:01:13:57 -0500] "GET http://media.cubadebate.cu/wp-content/uploads/2021/07/presidente-argentina-alberto-fernandez-150x125.jpg HTTP/1.1" 200 4958 "HTTP" ""
192.168.1.29 - rquintanilla [10/Jul/2021:01:13:58 -0500] "GET http://media.cubadebate.cu/wp-content/gallery/autores/andy-jorge-blanco.jpg HTTP/1.1" 200 5713 "HTTP" ""
192.168.1.29 - rquintanilla [10/Jul/2021:01:13:58 -0500] "GET http://media.cubadebate.cu/wp-content/gallery/autores/gracziella-pogolotti.jpg HTTP/1.1" 200 2634 "HTTP" ""
192.168.1.29 - rquintanilla [10/Jul/2021:01:13:58 -0500] "GET http://media.cubadebate.cu/wp-content/gallery/autores/luis-toledo-sande.jpg HTTP/1.1" 200 2387 "HTTP" ""
192.168.1.29 - rquintanilla [10/Jul/2021:01:13:58 -0500] "GET http://media.cubadebate.cu/wp-content/uploads/2021/06/juegos-olimpicos-atletas-portada-2-150x125.png HTTP/1.1" 200 30804 "HTTP" ""
192.168.1.29 - rquintanilla [10/Jul/2021:01:13:59 -0500] "GET http://media.cubadebate.cu/wp-content/gallery/autores/guille-vilar.jpg HTTP/1.1" 200 3543 "HTTP" ""
192.168.1.29 - rquintanilla [10/Jul/2021:01:13:59 -0500] "GET http://media.cubadebate.cu/wp-content/gallery/autores/sunamis-fabelo-concepcion.jpg HTTP/1.1" 200 4692 "HTTP" ""
192.168.1.29 - rquintanilla [10/Jul/2021:01:14:00 -0500] "CONNECT shepherd.ff.avast.com:443 HTTP/1.1" 200 0 "HTTPS" "outgoing via 192.168.50.30"
192.168.1.29 - rquintanilla [10/Jul/2021:01:14:00 -0500] "GET http://media.cubadebate.cu/wp-content/gallery/autores/ania-terrero.jpg HTTP/1.1" 200 4117 "HTTP" ""
192.168.1.29 - rquintanilla [10/Jul/2021:01:14:00 -0500] "CONNECT shepherd.ff.avast.com:443 HTTP/1.1" 200 0 "HTTPS" "outgoing via 192.168.50.30"
192.168.1.29 - rquintanilla [10/Jul/2021:01:14:00 -0500] "GET http://media.cubadebate.cu/wp-content/gallery/noticias/mesa-redonda.jpg HTTP/1.1" 200 5257 "HTTP" ""
192.168.1.29 - rquintanilla [10/Jul/2021:01:14:00 -0500] "CONNECT shepherd.ff.avast.com:443 HTTP/1.1" 200 0 "HTTPS" "outgoing via 192.168.50.30"
192.168.1.29 - rquintanilla [10/Jul/2021:01:14:00 -0500] "CONNECT shepherd.ff.avast.com:443 HTTP/1.1" 200 0 "HTTPS" "outgoing via 192.168.50.30"
192.168.1.29 - rquintanilla [10/Jul/2021:01:14:00 -0500] "CONNECT shepherd.ff.avast.com:443 HTTP/1.1" 200 0 "HTTPS" "outgoing via 192.168.50.30"
192.168.1.29 - rquintanilla [10/Jul/2021:01:14:02 -0500] "GET http://media.cubadebate.cu/wp-content/uploads/2020/03/coronavirus-banner-300px.png HTTP/1.1" 200 58338 "HTTP" ""
192.168.1.29 - rquintanilla [10/Jul/2021:01:14:02 -0500] "CONNECT 0.1.0.1:1001 HTTP/1.1" 200 0 "HTTPS" "outgoing via 192.168.50.30"
192.168.1.29 - rquintanilla [10/Jul/2021:01:14:04 -0500] "CONNECT shepherd.ff.avast.com:443 HTTP/1.1" 200 0 "HTTPS" "outgoing via 192.168.50.30"
192.168.1.29 - rquintanilla [10/Jul/2021:01:14:06 -0500] "GET http://media.cubadebate.cu/wp-content/themes/cd2.1/images/logo.png HTTP/1.1" 200 3866 "HTTP" ""
192.168.10.20 - arodriguez [10/Jul/2021:01:14:14 -0500] "CONNECT relay-bfb5e868.net.anydesk.com:80 HTTP/1.1" 200 0 "HTTPS" "outgoing via 192.168.50.30"
192.168.1.29 - rquintanilla [10/Jul/2021:01:14:24 -0500] "CONNECT aus5.mozilla.org:443 HTTP/1.1" 200 0 "HTTPS" "outgoing via 192.168.50.30"
192.168.1.29 - rquintanilla [10/Jul/2021:01:14:24 -0500] "POST http://ocsp.digicert.com/ HTTP/1.1" 200 946 "HTTP" ""
192.168.1.29 - rquintanilla [10/Jul/2021:01:14:32 -0500] "CONNECT shepherd.ff.avast.com:443 HTTP/1.1" 200 0 "HTTPS" "outgoing via 192.168.50.30"
192.168.1.29 - rquintanilla [10/Jul/2021:01:14:32 -0500] "CONNECT shepherd.ff.avast.com:443 HTTP/1.1" 200 0 "HTTPS" "outgoing via 192.168.50.30"
192.168.1.29 - rquintanilla [10/Jul/2021:01:14:32 -0500] "CONNECT shepherd.ff.avast.com:443 HTTP/1.1" 200 0 "HTTPS" "outgoing via 192.168.50.30"
192.168.1.29 - rquintanilla [10/Jul/2021:01:14:32 -0500] "CONNECT shepherd.ff.avast.com:443 HTTP/1.1" 200 0 "HTTPS" "outgoing via 192.168.50.30"
192.168.1.29 - rquintanilla [10/Jul/2021:01:14:32 -0500] "CONNECT shepherd.ff.avast.com:443 HTTP/1.1" 200 0 "HTTPS" "outgoing via 192.168.50.30"
192.168.1.29 - rquintanilla [10/Jul/2021:01:14:37 -0500] "CONNECT shepherd.ff.avast.com:443 HTTP/1.1" 200 0 "HTTPS" "outgoing via 192.168.50.30"
192.168.1.29 - rquintanilla [10/Jul/2021:01:14:39 -0500] "CONNECT 0.1.0.1:1001 HTTP/1.1" 200 0 "HTTPS" "outgoing via 192.168.50.30"
192.168.10.20 - arodriguez [10/Jul/2021:01:14:42 -0500] "CONNECT relay-bfb5e868.net.anydesk.com:80 HTTP/1.1" 200 0 "HTTPS" "outgoing via 192.168.50.30"
192.168.1.29 - rquintanilla [10/Jul/2021:01:14:44 -0500] "POST http://ocsp.digicert.com/ HTTP/1.1" 200 946 "HTTP" ""
192.168.1.29 - rquintanilla [10/Jul/2021:01:14:44 -0500] "POST http://ocsp.digicert.com/ HTTP/1.1" 200 946 "HTTP" ""
192.168.3.3 - fausto [10/Jul/2021:01:14:52 -0500] "CONNECT www.google.com:443 HTTP/1.1" 200 0 "HTTPS" "outgoing via 192.168.50.30"
192.168.10.20 - arodriguez [10/Jul/2021:01:14:56 -0500] "CONNECT relay-d3705b18.net.anydesk.com:80 HTTP/1.1" 200 0 "HTTPS" "outgoing via 192.168.50.30"
192.168.1.29 - rquintanilla [10/Jul/2021:01:15:02 -0500] "CONNECT shepherd.ff.avast.com:443 HTTP/1.1" 200 0 "HTTPS" "outgoing via 192.168.50.30"
192.168.1.29 - rquintanilla [10/Jul/2021:01:15:02 -0500] "CONNECT shepherd.ff.avast.com:443 HTTP/1.1" 200 0 "HTTPS" "outgoing via 192.168.50.30"
192.168.1.29 - rquintanilla [10/Jul/2021:01:15:02 -0500] "CONNECT shepherd.ff.avast.com:443 HTTP/1.1" 200 0 "HTTPS" "outgoing via 192.168.50.30"
192.168.1.29 - rquintanilla [10/Jul/2021:01:15:02 -0500] "CONNECT shepherd.ff.avast.com:443 HTTP/1.1" 200 0 "HTTPS" "outgoing via 192.168.50.30"
192.168.1.29 - rquintanilla [10/Jul/2021:01:15:02 -0500] "CONNECT shepherd.ff.avast.com:443 HTTP/1.1" 200 0 "HTTPS" "outgoing via 192.168.50.30"
192.168.1.29 - rquintanilla [10/Jul/2021:01:15:07 -0500] "CONNECT shepherd.ff.avast.com:443 HTTP/1.1" 200 0 "HTTPS" "outgoing via 192.168.50.30"
192.168.1.29 - rquintanilla [10/Jul/2021:01:15:08 -0500] "POST http://ocsp.digicert.com/ HTTP/1.1" 200 947 "HTTP" ""
192.168.1.29 - rquintanilla [10/Jul/2021:01:15:13 -0500] "CONNECT scontent.feze7-1.fna.fbcdn.net:443 HTTP/1.1" 200 0 "HTTPS" "outgoing via 192.168.50.30"
192.168.1.29 - rquintanilla [10/Jul/2021:01:15:13 -0500] "POST http://ocsp.digicert.com/ HTTP/1.1" 200 947 "HTTP" ""
192.168.1.29 - rquintanilla [10/Jul/2021:01:15:21 -0500] "CONNECT 0.1.0.1:1001 HTTP/1.1" 200 0 "HTTPS" "outgoing via 192.168.50.30"
192.168.10.20 - arodriguez [10/Jul/2021:01:15:25 -0500] "CONNECT relay-d3705b18.net.anydesk.com:80 HTTP/1.1" 200 0 "HTTPS" "outgoing via 192.168.50.30"
192.168.1.29 - rquintanilla [10/Jul/2021:01:15:36 -0500] "CONNECT shepherd.ff.avast.com:443 HTTP/1.1" 200 0 "HTTPS" "outgoing via 192.168.50.30"
192.168.1.29 - rquintanilla [10/Jul/2021:01:15:36 -0500] "CONNECT shepherd.ff.avast.com:443 HTTP/1.1" 200 0 "HTTPS" "outgoing via 192.168.50.30"
192.168.1.29 - rquintanilla [10/Jul/2021:01:15:36 -0500] "CONNECT shepherd.ff.avast.com:443 HTTP/1.1" 200 0 "HTTPS" "outgoing via 192.168.50.30"
192.168.1.29 - rquintanilla [10/Jul/2021:01:15:36 -0500] "CONNECT shepherd.ff.avast.com:443 HTTP/1.1" 200 0 "HTTPS" "outgoing via 192.168.50.30"
192.168.1.29 - rquintanilla [10/Jul/2021:01:15:36 -0500] "CONNECT shepherd.ff.avast.com:443 HTTP/1.1" 200 0 "HTTPS" "outgoing via 192.168.50.30"
192.168.1.29 - rquintanilla [10/Jul/2021:01:15:38 -0500] "CONNECT shepherd.ff.avast.com:443 HTTP/1.1" 200 0 "HTTPS" "outgoing via 192.168.50.30"
192.168.10.20 - arodriguez [10/Jul/2021:01:15:53 -0500] "CONNECT relay-d3705b18.net.anydesk.com:80 HTTP/1.1" 200 0 "HTTPS" "outgoing via 192.168.50.30"
192.168.1.29 - rquintanilla [10/Jul/2021:01:16:03 -0500] "CONNECT www.facebook.com:443 HTTP/1.1" 200 0 "HTTPS" "outgoing via 192.168.50.30"
192.168.1.29 - rquintanilla [10/Jul/2021:01:16:06 -0500] "CONNECT shepherd.ff.avast.com:443 HTTP/1.1" 200 0 "HTTPS" "outgoing via 192.168.50.30"
192.168.1.29 - rquintanilla [10/Jul/2021:01:16:06 -0500] "CONNECT shepherd.ff.avast.com:443 HTTP/1.1" 200 0 "HTTPS" "outgoing via 192.168.50.30"
192.168.1.29 - rquintanilla [10/Jul/2021:01:16:06 -0500] "CONNECT shepherd.ff.avast.com:443 HTTP/1.1" 200 0 "HTTPS" "outgoing via 192.168.50.30"
192.168.1.29 - rquintanilla [10/Jul/2021:01:16:06 -0500] "CONNECT shepherd.ff.avast.com:443 HTTP/1.1" 200 0 "HTTPS" "outgoing via 192.168.50.30"
192.168.1.29 - rquintanilla [10/Jul/2021:01:16:06 -0500] "CONNECT shepherd.ff.avast.com:443 HTTP/1.1" 200 0 "HTTPS" "outgoing via 192.168.50.30"
192.168.10.20 - arodriguez [10/Jul/2021:01:16:07 -0500] "CONNECT relay-69c95757.net.anydesk.com:80 HTTP/1.1" 200 0 "HTTPS" "outgoing via 192.168.50.30"
192.168.1.29 - rquintanilla [10/Jul/2021:01:16:08 -0500] "CONNECT shepherd.ff.avast.com:443 HTTP/1.1" 200 0 "HTTPS" "outgoing via 192.168.50.30"
192.168.1.29 - rquintanilla [10/Jul/2021:01:16:08 -0500] "CONNECT 0.1.0.1:1001 HTTP/1.1" 200 0 "HTTPS" "outgoing via 192.168.50.30"
192.168.1.29 - rquintanilla [10/Jul/2021:01:16:24 -0500] "CONNECT normandy.cdn.mozilla.net:443 HTTP/1.1" 200 0 "HTTPS" "outgoing via 192.168.50.30"
192.168.1.29 - rquintanilla [10/Jul/2021:01:16:25 -0500] "CONNECT classify-client.services.mozilla.com:443 HTTP/1.1" 200 0 "HTTPS" "outgoing via 192.168.50.30"
192.168.1.29 - rquintanilla [10/Jul/2021:01:16:25 -0500] "POST http://ocsp.digicert.com/ HTTP/1.1" 200 947 "HTTP" ""
192.168.1.29 - rquintanilla [10/Jul/2021:01:16:27 -0500] "CONNECT content-signature-2.cdn.mozilla.net:443 HTTP/1.1" 200 0 "HTTPS" "outgoing via 192.168.50.30"
192.168.1.29 - rquintanilla [10/Jul/2021:01:16:35 -0500] "CONNECT static.xx.fbcdn.net:443 HTTP/1.1" 200 0 "HTTPS" "outgoing via 192.168.50.30"
192.168.10.20 - arodriguez [10/Jul/2021:01:16:36 -0500] "CONNECT relay-69c95757.net.anydesk.com:80 HTTP/1.1" 200 0 "HTTPS" "outgoing via 192.168.50.30"
192.168.1.29 - rquintanilla [10/Jul/2021:01:16:49 -0500] "CONNECT external-mia3-2.xx.fbcdn.net:443 HTTP/1.1" 200 0 "HTTPS" "outgoing via 192.168.50.30"
192.168.1.29 - rquintanilla [10/Jul/2021:01:16:52 -0500] "CONNECT shepherd.ff.avast.com:443 HTTP/1.1" 200 0 "HTTPS" "outgoing via 192.168.50.30"
192.168.1.29 - rquintanilla [10/Jul/2021:01:16:52 -0500] "CONNECT shepherd.ff.avast.com:443 HTTP/1.1" 200 0 "HTTPS" "outgoing via 192.168.50.30"
192.168.1.29 - rquintanilla [10/Jul/2021:01:16:52 -0500] "CONNECT shepherd.ff.avast.com:443 HTTP/1.1" 200 0 "HTTPS" "outgoing via 192.168.50.30"
192.168.1.29 - rquintanilla [10/Jul/2021:01:16:52 -0500] "CONNECT shepherd.ff.avast.com:443 HTTP/1.1" 200 0 "HTTPS" "outgoing via 192.168.50.30"
192.168.1.29 - rquintanilla [10/Jul/2021:01:16:52 -0500] "CONNECT shepherd.ff.avast.com:443 HTTP/1.1" 200 0 "HTTPS" "outgoing via 192.168.50.30"
192.168.1.29 - rquintanilla [10/Jul/2021:01:16:52 -0500] "CONNECT shepherd.ff.avast.com:443 HTTP/1.1" 200 0 "HTTPS" "outgoing via 192.168.50.30"
192.168.50.50 - servidores [10/Jul/2021:01:16:58 -0500] "CONNECT mirrors.fedoraproject.org:443 HTTP/1.1" 200 0 "HTTPS" "outgoing via 192.168.50.30"
192.168.1.29 - rquintanilla [10/Jul/2021:01:17:01 -0500] "CONNECT 0.1.0.1:1001 HTTP/1.1" 200 0 "HTTPS" "outgoing via 192.168.50.30"
192.168.10.20 - arodriguez [10/Jul/2021:01:17:05 -0500] "CONNECT relay-69c95757.net.anydesk.com:80 HTTP/1.1" 200 0 "HTTPS" "outgoing via 192.168.50.30"
192.168.50.50 - servidores [10/Jul/2021:01:17:06 -0500] "GET http://centos.itsbrasil.net/7.9.2009/os/x86_64/repodata/repomd.xml HTTP/1.1" 200 4080 "HTTP" ""
192.168.50.50 - servidores [10/Jul/2021:01:17:08 -0500] "CONNECT mirror.hoster.kz:443 HTTP/1.1" 200 0 "HTTPS" "outgoing via 192.168.50.30"
192.168.10.20 - arodriguez [10/Jul/2021:01:17:18 -0500] "CONNECT relay-f4ae83b1.net.anydesk.com:80 HTTP/1.1" 200 0 "HTTPS" "outgoing via 192.168.50.30"
192.168.1.29 - rquintanilla [10/Jul/2021:01:17:24 -0500] "CONNECT shepherd.ff.avast.com:443 HTTP/1.1" 200 0 "HTTPS" "outgoing via 192.168.50.30"
192.168.1.29 - rquintanilla [10/Jul/2021:01:17:24 -0500] "CONNECT shepherd.ff.avast.com:443 HTTP/1.1" 200 0 "HTTPS" "outgoing via 192.168.50.30"
192.168.1.29 - rquintanilla [10/Jul/2021:01:17:24 -0500] "CONNECT shepherd.ff.avast.com:443 HTTP/1.1" 200 0 "HTTPS" "outgoing via 192.168.50.30"
192.168.1.29 - rquintanilla [10/Jul/2021:01:17:24 -0500] "CONNECT shepherd.ff.avast.com:443 HTTP/1.1" 200 0 "HTTPS" "outgoing via 192.168.50.30"
192.168.1.29 - rquintanilla [10/Jul/2021:01:17:24 -0500] "CONNECT shepherd.ff.avast.com:443 HTTP/1.1" 200 0 "HTTPS" "outgoing via 192.168.50.30"
192.168.1.29 - rquintanilla [10/Jul/2021:01:17:24 -0500] "CONNECT shepherd.ff.avast.com:443 HTTP/1.1" 200 0 "HTTPS" "outgoing via 192.168.50.30"
192.168.10.20 - arodriguez [10/Jul/2021:01:17:47 -0500] "CONNECT relay-f4ae83b1.net.anydesk.com:80 HTTP/1.1" 200 0 "HTTPS" "outgoing via 192.168.50.30"
192.168.1.29 - rquintanilla [10/Jul/2021:01:17:59 -0500] "CONNECT shepherd.ff.avast.com:443 HTTP/1.1" 200 0 "HTTPS" "outgoing via 192.168.50.30"
192.168.1.29 - rquintanilla [10/Jul/2021:01:17:59 -0500] "CONNECT shepherd.ff.avast.com:443 HTTP/1.1" 200 0 "HTTPS" "outgoing via 192.168.50.30"
192.168.1.29 - rquintanilla [10/Jul/2021:01:17:59 -0500] "CONNECT shepherd.ff.avast.com:443 HTTP/1.1" 200 0 "HTTPS" "outgoing via 192.168.50.30"
192.168.1.29 - rquintanilla [10/Jul/2021:01:17:59 -0500] "CONNECT shepherd.ff.avast.com:443 HTTP/1.1" 200 0 "HTTPS" "outgoing via 192.168.50.30"
192.168.1.29 - rquintanilla [10/Jul/2021:01:17:59 -0500] "CONNECT shepherd.ff.avast.com:443 HTTP/1.1" 200 0 "HTTPS" "outgoing via 192.168.50.30"
192.168.1.29 - rquintanilla [10/Jul/2021:01:17:59 -0500] "CONNECT shepherd.ff.avast.com:443 HTTP/1.1" 200 0 "HTTPS" "outgoing via 192.168.50.30"
192.168.1.29 - rquintanilla [10/Jul/2021:01:17:59 -0500] "CONNECT 0.1.0.1:1001 HTTP/1.1" 200 0 "HTTPS" "outgoing via 192.168.50.30"
192.168.10.20 - arodriguez [10/Jul/2021:01:18:16 -0500] "CONNECT relay-f4ae83b1.net.anydesk.com:80 HTTP/1.1" 200 0 "HTTPS" "outgoing via 192.168.50.30"
192.168.1.29 - rquintanilla [10/Jul/2021:01:18:28 -0500] "CONNECT scontent-atl3-2.xx.fbcdn.net:443 HTTP/1.1" 200 0 "HTTPS" "outgoing via 192.168.50.30"
192.168.1.29 - rquintanilla [10/Jul/2021:01:18:39 -0500] "CONNECT shepherd.ff.avast.com:443 HTTP/1.1" 200 0 "HTTPS" "outgoing via 192.168.50.30"
192.168.1.29 - rquintanilla [10/Jul/2021:01:18:39 -0500] "CONNECT shepherd.ff.avast.com:443 HTTP/1.1" 200 0 "HTTPS" "outgoing via 192.168.50.30"
192.168.1.29 - rquintanilla [10/Jul/2021:01:18:39 -0500] "CONNECT shepherd.ff.avast.com:443 HTTP/1.1" 200 0 "HTTPS" "outgoing via 192.168.50.30"
192.168.1.29 - rquintanilla [10/Jul/2021:01:18:39 -0500] "CONNECT shepherd.ff.avast.com:443 HTTP/1.1" 200 0 "HTTPS" "outgoing via 192.168.50.30"
192.168.1.29 - rquintanilla [10/Jul/2021:01:18:39 -0500] "CONNECT shepherd.ff.avast.com:443 HTTP/1.1" 200 0 "HTTPS" "outgoing via 192.168.50.30"
192.168.1.29 - rquintanilla [10/Jul/2021:01:18:39 -0500] "CONNECT shepherd.ff.avast.com:443 HTTP/1.1" 200 0 "HTTPS" "outgoing via 192.168.50.30"
192.168.10.20 - arodriguez [10/Jul/2021:01:18:46 -0500] "CONNECT relay-f4ae83b1.net.anydesk.com:80 HTTP/1.1" 200 0 "HTTPS" "outgoing via 192.168.50.30"
192.168.1.29 - rquintanilla [10/Jul/2021:01:19:01 -0500] "CONNECT 0.1.0.1:1001 HTTP/1.1" 200 0 "HTTPS" "outgoing via 192.168.50.30"
192.168.1.29 - rquintanilla [10/Jul/2021:01:19:09 -0500] "CONNECT scontent.ftpa1-1.fna.fbcdn.net:443 HTTP/1.1" 200 0 "HTTPS" "outgoing via 192.168.50.30"
192.168.1.29 - rquintanilla [10/Jul/2021:01:19:09 -0500] "CONNECT scontent-ort2-1.xx.fbcdn.net:443 HTTP/1.1" 200 0 "HTTPS" "outgoing via 192.168.50.30"
192.168.1.29 - rquintanilla [10/Jul/2021:01:19:09 -0500] "CONNECT scontent-iad3-2.xx.fbcdn.net:443 HTTP/1.1" 200 0 "HTTPS" "outgoing via 192.168.50.30"
192.168.1.29 - rquintanilla [10/Jul/2021:01:19:10 -0500] "CONNECT shepherd.ff.avast.com:443 HTTP/1.1" 200 0 "HTTPS" "outgoing via 192.168.50.30"
192.168.1.29 - rquintanilla [10/Jul/2021:01:19:10 -0500] "CONNECT shepherd.ff.avast.com:443 HTTP/1.1" 200 0 "HTTPS" "outgoing via 192.168.50.30"
192.168.1.29 - rquintanilla [10/Jul/2021:01:19:10 -0500] "CONNECT shepherd.ff.avast.com:443 HTTP/1.1" 200 0 "HTTPS" "outgoing via 192.168.50.30"
192.168.1.29 - rquintanilla [10/Jul/2021:01:19:10 -0500] "CONNECT shepherd.ff.avast.com:443 HTTP/1.1" 200 0 "HTTPS" "outgoing via 192.168.50.30"
192.168.1.29 - rquintanilla [10/Jul/2021:01:19:10 -0500] "CONNECT shepherd.ff.avast.com:443 HTTP/1.1" 200 0 "HTTPS" "outgoing via 192.168.50.30"
192.168.1.29 - rquintanilla [10/Jul/2021:01:19:10 -0500] "CONNECT shepherd.ff.avast.com:443 HTTP/1.1" 200 0 "HTTPS" "outgoing via 192.168.50.30"
192.168.10.20 - arodriguez [10/Jul/2021:01:19:15 -0500] "CONNECT relay-f4ae83b1.net.anydesk.com:80 HTTP/1.1" 200 0 "HTTPS" "outgoing via 192.168.50.30"
192.168.1.29 - rquintanilla [10/Jul/2021:01:19:24 -0500] "CONNECT incoming.telemetry.mozilla.org:443 HTTP/1.1" 200 0 "HTTPS" "outgoing via 192.168.50.30"
192.168.1.29 - rquintanilla [10/Jul/2021:01:19:38 -0500] "CONNECT scontent-iad3-2.xx.fbcdn.net:443 HTTP/1.1" 200 0 "HTTPS" "outgoing via 192.168.50.30"
192.168.10.20 - arodriguez [10/Jul/2021:01:19:44 -0500] "CONNECT relay-f4ae83b1.net.anydesk.com:80 HTTP/1.1" 200 0 "HTTPS" "outgoing via 192.168.50.30"
192.168.1.29 - rquintanilla [10/Jul/2021:01:20:00 -0500] "CONNECT shepherd.ff.avast.com:443 HTTP/1.1" 200 0 "HTTPS" "outgoing via 192.168.50.30"
192.168.1.29 - rquintanilla [10/Jul/2021:01:20:00 -0500] "CONNECT shepherd.ff.avast.com:443 HTTP/1.1" 200 0 "HTTPS" "outgoing via 192.168.50.30"
192.168.1.29 - rquintanilla [10/Jul/2021:01:20:00 -0500] "CONNECT shepherd.ff.avast.com:443 HTTP/1.1" 200 0 "HTTPS" "outgoing via 192.168.50.30"
192.168.1.29 - rquintanilla [10/Jul/2021:01:20:00 -0500] "CONNECT shepherd.ff.avast.com:443 HTTP/1.1" 200 0 "HTTPS" "outgoing via 192.168.50.30"
192.168.1.29 - rquintanilla [10/Jul/2021:01:20:00 -0500] "CONNECT shepherd.ff.avast.com:443 HTTP/1.1" 200 0 "HTTPS" "outgoing via 192.168.50.30"
192.168.1.29 - rquintanilla [10/Jul/2021:01:20:00 -0500] "CONNECT shepherd.ff.avast.com:443 HTTP/1.1" 200 0 "HTTPS" "outgoing via 192.168.50.30"
192.168.1.29 - rquintanilla [10/Jul/2021:01:20:09 -0500] "CONNECT 0.1.0.1:1001 HTTP/1.1" 200 0 "HTTPS" "outgoing via 192.168.50.30"
192.168.10.20 - arodriguez [10/Jul/2021:01:20:13 -0500] "CONNECT relay-f4ae83b1.net.anydesk.com:80 HTTP/1.1" 200 0 "HTTPS" "outgoing via 192.168.50.30"
192.168.1.29 - rquintanilla [10/Jul/2021:01:20:31 -0500] "CONNECT shepherd.ff.avast.com:443 HTTP/1.1" 200 0 "HTTPS" "outgoing via 192.168.50.30"
192.168.1.29 - rquintanilla [10/Jul/2021:01:20:31 -0500] "CONNECT shepherd.ff.avast.com:443 HTTP/1.1" 200 0 "HTTPS" "outgoing via 192.168.50.30"
192.168.1.29 - rquintanilla [10/Jul/2021:01:20:31 -0500] "CONNECT shepherd.ff.avast.com:443 HTTP/1.1" 200 0 "HTTPS" "outgoing via 192.168.50.30"
192.168.1.29 - rquintanilla [10/Jul/2021:01:20:31 -0500] "CONNECT shepherd.ff.avast.com:443 HTTP/1.1" 200 0 "HTTPS" "outgoing via 192.168.50.30"
192.168.1.29 - rquintanilla [10/Jul/2021:01:20:31 -0500] "CONNECT shepherd.ff.avast.com:443 HTTP/1.1" 200 0 "HTTPS" "outgoing via 192.168.50.30"
192.168.1.29 - rquintanilla [10/Jul/2021:01:20:31 -0500] "CONNECT shepherd.ff.avast.com:443 HTTP/1.1" 200 0 "HTTPS" "outgoing via 192.168.50.30"
192.168.10.20 - arodriguez [10/Jul/2021:01:20:42 -0500] "CONNECT relay-f4ae83b1.net.anydesk.com:80 HTTP/1.1" 200 0 "HTTPS" "outgoing via 192.168.50.30"
192.168.1.29 - rquintanilla [10/Jul/2021:01:20:52 -0500] "CONNECT external-mia3-2.xx.fbcdn.net:443 HTTP/1.1" 200 0 "HTTPS" "outgoing via 192.168.50.30"
192.168.1.29 - rquintanilla [10/Jul/2021:01:21:08 -0500] "CONNECT shepherd.ff.avast.com:443 HTTP/1.1" 200 0 "HTTPS" "outgoing via 192.168.50.30"
192.168.1.29 - rquintanilla [10/Jul/2021:01:21:08 -0500] "CONNECT shepherd.ff.avast.com:443 HTTP/1.1" 200 0 "HTTPS" "outgoing via 192.168.50.30"
192.168.1.29 - rquintanilla [10/Jul/2021:01:21:08 -0500] "CONNECT shepherd.ff.avast.com:443 HTTP/1.1" 200 0 "HTTPS" "outgoing via 192.168.50.30"
192.168.1.29 - rquintanilla [10/Jul/2021:01:21:08 -0500] "CONNECT shepherd.ff.avast.com:443 HTTP/1.1" 200 0 "HTTPS" "outgoing via 192.168.50.30"
192.168.1.29 - rquintanilla [10/Jul/2021:01:21:08 -0500] "CONNECT shepherd.ff.avast.com:443 HTTP/1.1" 200 0 "HTTPS" "outgoing via 192.168.50.30"
192.168.1.29 - rquintanilla [10/Jul/2021:01:21:08 -0500] "CONNECT shepherd.ff.avast.com:443 HTTP/1.1" 200 0 "HTTPS" "outgoing via 192.168.50.30"
192.168.1.29 - rquintanilla [10/Jul/2021:01:21:10 -0500] "POST http://ocsp.digicert.com/ HTTP/1.1" 200 946 "HTTP" ""
192.168.10.20 - arodriguez [10/Jul/2021:01:21:10 -0500] "CONNECT relay-f4ae83b1.net.anydesk.com:80 HTTP/1.1" 200 0 "HTTPS" "outgoing via 192.168.50.30"
192.168.1.29 - rquintanilla [10/Jul/2021:01:21:24 -0500] "CONNECT 0.1.0.1:1001 HTTP/1.1" 200 0 "HTTPS" "outgoing via 192.168.50.30"
192.168.10.20 - arodriguez [10/Jul/2021:01:21:39 -0500] "CONNECT relay-f4ae83b1.net.anydesk.com:80 HTTP/1.1" 200 0 "HTTPS" "outgoing via 192.168.50.30"
192.168.1.29 - rquintanilla [10/Jul/2021:01:21:40 -0500] "CONNECT shepherd.ff.avast.com:443 HTTP/1.1" 200 0 "HTTPS" "outgoing via 192.168.50.30"
192.168.1.29 - rquintanilla [10/Jul/2021:01:21:40 -0500] "CONNECT shepherd.ff.avast.com:443 HTTP/1.1" 200 0 "HTTPS" "outgoing via 192.168.50.30"
192.168.1.29 - rquintanilla [10/Jul/2021:01:21:40 -0500] "CONNECT shepherd.ff.avast.com:443 HTTP/1.1" 200 0 "HTTPS" "outgoing via 192.168.50.30"
192.168.1.29 - rquintanilla [10/Jul/2021:01:21:40 -0500] "CONNECT shepherd.ff.avast.com:443 HTTP/1.1" 200 0 "HTTPS" "outgoing via 192.168.50.30"
192.168.1.29 - rquintanilla [10/Jul/2021:01:21:40 -0500] "CONNECT shepherd.ff.avast.com:443 HTTP/1.1" 200 0 "HTTPS" "outgoing via 192.168.50.30"
192.168.1.29 - rquintanilla [10/Jul/2021:01:21:40 -0500] "CONNECT shepherd.ff.avast.com:443 HTTP/1.1" 200 0 "HTTPS" "outgoing via 192.168.50.30"
192.168.10.20 - arodriguez [10/Jul/2021:01:21:53 -0500] "CONNECT relay-49726057.net.anydesk.com:80 HTTP/1.1" 200 0 "HTTPS" "outgoing via 192.168.50.30"
192.168.1.29 - rquintanilla [10/Jul/2021:01:22:03 -0500] "CONNECT push.services.mozilla.com:443 HTTP/1.1" 200 0 "HTTPS" "outgoing via 192.168.50.30"
192.168.1.29 - rquintanilla [10/Jul/2021:01:22:05 -0500] "CONNECT api.accounts.firefox.com:443 HTTP/1.1" 200 0 "HTTPS" "outgoing via 192.168.50.30"
192.168.1.29 - rquintanilla [10/Jul/2021:01:22:06 -0500] "CONNECT scontent-mia3-1.xx.fbcdn.net:443 HTTP/1.1" 200 0 "HTTPS" "outgoing via 192.168.50.30"
192.168.1.29 - rquintanilla [10/Jul/2021:01:22:13 -0500] "CONNECT shepherd.ff.avast.com:443 HTTP/1.1" 200 0 "HTTPS" "outgoing via 192.168.50.30"
192.168.1.29 - rquintanilla [10/Jul/2021:01:22:13 -0500] "CONNECT shepherd.ff.avast.com:443 HTTP/1.1" 200 0 "HTTPS" "outgoing via 192.168.50.30"
192.168.1.29 - rquintanilla [10/Jul/2021:01:22:13 -0500] "CONNECT shepherd.ff.avast.com:443 HTTP/1.1" 200 0 "HTTPS" "outgoing via 192.168.50.30"
192.168.1.29 - rquintanilla [10/Jul/2021:01:22:13 -0500] "CONNECT shepherd.ff.avast.com:443 HTTP/1.1" 200 0 "HTTPS" "outgoing via 192.168.50.30"
192.168.1.29 - rquintanilla [10/Jul/2021:01:22:13 -0500] "CONNECT shepherd.ff.avast.com:443 HTTP/1.1" 200 0 "HTTPS" "outgoing via 192.168.50.30"
192.168.1.29 - rquintanilla [10/Jul/2021:01:22:13 -0500] "CONNECT shepherd.ff.avast.com:443 HTTP/1.1" 200 0 "HTTPS" "outgoing via 192.168.50.30"
192.168.10.20 - arodriguez [10/Jul/2021:01:22:22 -0500] "CONNECT relay-49726057.net.anydesk.com:80 HTTP/1.1" 200 0 "HTTPS" "outgoing via 192.168.50.30"
192.168.1.29 - rquintanilla [10/Jul/2021:01:22:24 -0500] "CONNECT external-mia3-2.xx.fbcdn.net:443 HTTP/1.1" 200 0 "HTTPS" "outgoing via 192.168.50.30"
192.168.1.29 - rquintanilla [10/Jul/2021:01:22:42 -0500] "CONNECT 0.1.0.1:1001 HTTP/1.1" 200 0 "HTTPS" "outgoing via 192.168.50.30"
192.168.10.20 - arodriguez [10/Jul/2021:01:22:51 -0500] "CONNECT relay-49726057.net.anydesk.com:80 HTTP/1.1" 200 0 "HTTPS" "outgoing via 192.168.50.30"
192.168.1.29 - rquintanilla [10/Jul/2021:01:22:56 -0500] "CONNECT shepherd.ff.avast.com:443 HTTP/1.1" 200 0 "HTTPS" "outgoing via 192.168.50.30"
192.168.1.29 - rquintanilla [10/Jul/2021:01:22:56 -0500] "CONNECT shepherd.ff.avast.com:443 HTTP/1.1" 200 0 "HTTPS" "outgoing via 192.168.50.30"
192.168.1.29 - rquintanilla [10/Jul/2021:01:22:56 -0500] "CONNECT shepherd.ff.avast.com:443 HTTP/1.1" 200 0 "HTTPS" "outgoing via 192.168.50.30"
192.168.10.20 - arodriguez [10/Jul/2021:01:23:20 -0500] "CONNECT relay-49726057.net.anydesk.com:80 HTTP/1.1" 200 0 "HTTPS" "outgoing via 192.168.50.30"
192.168.1.29 - rquintanilla [10/Jul/2021:01:23:28 -0500] "CONNECT external-mia3-2.xx.fbcdn.net:443 HTTP/1.1" 200 0 "HTTPS" "outgoing via 192.168.50.30"
192.168.10.20 - arodriguez [10/Jul/2021:01:23:49 -0500] "CONNECT relay-49726057.net.anydesk.com:80 HTTP/1.1" 200 0 "HTTPS" "outgoing via 192.168.50.30"
192.168.3.3 - fausto [10/Jul/2021:01:23:52 -0500] "CONNECT www.google.com:443 HTTP/1.1" 200 0 "HTTPS" "outgoing via 192.168.50.30"
192.168.1.29 - rquintanilla [10/Jul/2021:01:23:53 -0500] "CONNECT scontent-atl3-1.xx.fbcdn.net:443 HTTP/1.1" 200 0 "HTTPS" "outgoing via 192.168.50.30"
192.168.1.29 - rquintanilla [10/Jul/2021:01:23:53 -0500] "CONNECT scontent.fdet1-2.fna.fbcdn.net:443 HTTP/1.1" 200 0 "HTTPS" "outgoing via 192.168.50.30"
192.168.1.29 - rquintanilla [10/Jul/2021:01:24:05 -0500] "CONNECT 0.1.0.1:1001 HTTP/1.1" 200 0 "HTTPS" "outgoing via 192.168.50.30"
192.168.10.20 - arodriguez [10/Jul/2021:01:24:18 -0500] "CONNECT relay-49726057.net.anydesk.com:80 HTTP/1.1" 200 0 "HTTPS" "outgoing via 192.168.50.30"
192.168.10.20 - arodriguez [10/Jul/2021:01:24:47 -0500] "CONNECT relay-49726057.net.anydesk.com:80 HTTP/1.1" 200 0 "HTTPS" "outgoing via 192.168.50.30"
192.168.10.20 - arodriguez [10/Jul/2021:01:25:16 -0500] "CONNECT relay-49726057.net.anydesk.com:80 HTTP/1.1" 200 0 "HTTPS" "outgoing via 192.168.50.30"
192.168.1.29 - rquintanilla [10/Jul/2021:01:25:32 -0500] "CONNECT 0.1.0.1:1001 HTTP/1.1" 200 0 "HTTPS" "outgoing via 192.168.50.30"
192.168.10.20 - arodriguez [10/Jul/2021:01:25:45 -0500] "CONNECT relay-49726057.net.anydesk.com:80 HTTP/1.1" 200 0 "HTTPS" "outgoing via 192.168.50.30"
192.168.1.29 - rquintanilla [10/Jul/2021:01:25:56 -0500] "POST http://ocsp.digicert.com/ HTTP/1.1" 200 947 "HTTP" ""
192.168.10.20 - arodriguez [10/Jul/2021:01:26:14 -0500] "CONNECT relay-49726057.net.anydesk.com:80 HTTP/1.1" 200 0 "HTTPS" "outgoing via 192.168.50.30"
192.168.1.29 - rquintanilla [10/Jul/2021:01:26:15 -0500] "CONNECT video-mia3-1.xx.fbcdn.net:443 HTTP/1.1" 200 0 "HTTPS" "outgoing via 192.168.50.30"
192.168.10.20 - arodriguez [10/Jul/2021:01:26:43 -0500] "CONNECT relay-49726057.net.anydesk.com:80 HTTP/1.1" 200 0 "HTTPS" "outgoing via 192.168.50.30"
192.168.1.29 - rquintanilla [10/Jul/2021:01:26:56 -0500] "CONNECT scontent-mia3-1.xx.fbcdn.net:443 HTTP/1.1" 200 0 "HTTPS" "outgoing via 192.168.50.30"
192.168.1.29 - rquintanilla [10/Jul/2021:01:27:04 -0500] "CONNECT 0.1.0.1:1001 HTTP/1.1" 200 0 "HTTPS" "outgoing via 192.168.50.30"
192.168.10.20 - arodriguez [10/Jul/2021:01:27:12 -0500] "CONNECT relay-49726057.net.anydesk.com:80 HTTP/1.1" 200 0 "HTTPS" "outgoing via 192.168.50.30"
192.168.1.29 - rquintanilla [10/Jul/2021:01:27:31 -0500] "CONNECT edge-chat.facebook.com:443 HTTP/1.1" 200 0 "HTTPS" "outgoing via 192.168.50.30"
192.168.1.29 - rquintanilla [10/Jul/2021:01:27:31 -0500] "CONNECT gateway.facebook.com:443 HTTP/1.1" 200 0 "HTTPS" "outgoing via 192.168.50.30"
192.168.10.20 - arodriguez [10/Jul/2021:01:27:42 -0500] "CONNECT relay-49726057.net.anydesk.com:80 HTTP/1.1" 200 0 "HTTPS" "outgoing via 192.168.50.30"
192.168.1.29 - rquintanilla [10/Jul/2021:01:27:52 -0500] "CONNECT incoming.telemetry.mozilla.org:443 HTTP/1.1" 200 0 "HTTPS" "outgoing via 192.168.50.30"
192.168.1.29 - rquintanilla [10/Jul/2021:01:27:52 -0500] "CONNECT scontent.xx.fbcdn.net:443 HTTP/1.1" 200 0 "HTTPS" "outgoing via 192.168.50.30"
192.168.1.29 - rquintanilla [10/Jul/2021:01:28:09 -0500] "CONNECT scontent-iad3-2.xx.fbcdn.net:443 HTTP/1.1" 200 0 "HTTPS" "outgoing via 192.168.50.30"
192.168.10.20 - arodriguez [10/Jul/2021:01:28:11 -0500] "CONNECT relay-49726057.net.anydesk.com:80 HTTP/1.1" 200 0 "HTTPS" "outgoing via 192.168.50.30"
192.168.10.20 - arodriguez [10/Jul/2021:01:28:40 -0500] "CONNECT relay-49726057.net.anydesk.com:80 HTTP/1.1" 200 0 "HTTPS" "outgoing via 192.168.50.30"
192.168.1.29 - rquintanilla [10/Jul/2021:01:28:43 -0500] "CONNECT 0.1.0.1:1001 HTTP/1.1" 200 0 "HTTPS" "outgoing via 192.168.50.30"
192.168.1.29 - rquintanilla [10/Jul/2021:01:28:44 -0500] "CONNECT aus5.mozilla.org:443 HTTP/1.1" 200 0 "HTTPS" "outgoing via 192.168.50.30"
192.168.1.29 - rquintanilla [10/Jul/2021:01:28:44 -0500] "CONNECT addons.cdn.mozilla.net:443 HTTP/1.1" 200 0 "HTTPS" "outgoing via 192.168.50.30"
192.168.1.29 - rquintanilla [10/Jul/2021:01:28:44 -0500] "CONNECT profile.accounts.firefox.com:443 HTTP/1.1" 200 0 "HTTPS" "outgoing via 192.168.50.30"
192.168.1.29 - rquintanilla [10/Jul/2021:01:29:07 -0500] "CONNECT safebrowsing.googleapis.com:443 HTTP/1.1" 200 0 "HTTPS" "outgoing via 192.168.50.30"
192.168.10.20 - arodriguez [10/Jul/2021:01:29:08 -0500] "CONNECT relay-49726057.net.anydesk.com:80 HTTP/1.1" 200 0 "HTTPS" "outgoing via 192.168.50.30"
192.168.1.29 - rquintanilla [10/Jul/2021:01:29:10 -0500] "CONNECT safebrowsing.googleapis.com:443 HTTP/1.1" 200 0 "HTTPS" "outgoing via 192.168.50.30"
192.168.1.29 - rquintanilla [10/Jul/2021:01:29:12 -0500] "CONNECT video-mia3-2.xx.fbcdn.net:443 HTTP/1.1" 200 0 "HTTPS" "outgoing via 192.168.50.30"
192.168.3.3 - fausto [10/Jul/2021:01:29:30 -0500] "CONNECT push.services.mozilla.com:443 HTTP/1.1" 200 0 "HTTPS" "outgoing via 192.168.50.30"
192.168.3.3 - fausto [10/Jul/2021:01:29:32 -0500] "CONNECT firefox.settings.services.mozilla.com:443 HTTP/1.1" 200 0 "HTTPS" "outgoing via 192.168.50.30"
192.168.10.20 - arodriguez [10/Jul/2021:01:29:37 -0500] "CONNECT relay-49726057.net.anydesk.com:80 HTTP/1.1" 200 0 "HTTPS" "outgoing via 192.168.50.30"
192.168.10.20 - arodriguez [10/Jul/2021:01:30:06 -0500] "CONNECT relay-49726057.net.anydesk.com:80 HTTP/1.1" 200 0 "HTTPS" "outgoing via 192.168.50.30"
192.168.10.20 - arodriguez [10/Jul/2021:01:30:19 -0500] "CONNECT relay-096fe6d0.net.anydesk.com:80 HTTP/1.1" 200 0 "HTTPS" "outgoing via 192.168.50.30"
192.168.1.29 - rquintanilla [10/Jul/2021:01:30:25 -0500] "CONNECT 0.1.0.1:1001 HTTP/1.1" 200 0 "HTTPS" "outgoing via 192.168.50.30"
192.168.10.20 - arodriguez [10/Jul/2021:01:30:48 -0500] "CONNECT relay-096fe6d0.net.anydesk.com:80 HTTP/1.1" 200 0 "HTTPS" "outgoing via 192.168.50.30"
192.168.10.20 - arodriguez [10/Jul/2021:01:31:17 -0500] "CONNECT relay-096fe6d0.net.anydesk.com:80 HTTP/1.1" 200 0 "HTTPS" "outgoing via 192.168.50.30"
192.168.10.20 - arodriguez [10/Jul/2021:01:31:46 -0500] "CONNECT relay-096fe6d0.net.anydesk.com:80 HTTP/1.1" 200 0 "HTTPS" "outgoing via 192.168.50.30"
192.168.1.29 - rquintanilla [10/Jul/2021:01:32:13 -0500] "CONNECT 0.1.0.1:1001 HTTP/1.1" 200 0 "HTTPS" "outgoing via 192.168.50.30"
192.168.10.20 - arodriguez [10/Jul/2021:01:32:15 -0500] "CONNECT relay-096fe6d0.net.anydesk.com:80 HTTP/1.1" 200 0 "HTTPS" "outgoing via 192.168.50.30"
192.168.1.29 - rquintanilla [10/Jul/2021:01:32:31 -0500] "CONNECT safebrowsing.googleapis.com:443 HTTP/1.1" 200 0 "HTTPS" "outgoing via 192.168.50.30"
192.168.10.20 - arodriguez [10/Jul/2021:01:32:44 -0500] "CONNECT relay-096fe6d0.net.anydesk.com:80 HTTP/1.1" 200 0 "HTTPS" "outgoing via 192.168.50.30"
192.168.1.29 - rquintanilla [10/Jul/2021:01:33:04 -0500] "CONNECT safebrowsing.googleapis.com:443 HTTP/1.1" 200 0 "HTTPS" "outgoing via 192.168.50.30"
192.168.10.20 - arodriguez [10/Jul/2021:01:33:12 -0500] "CONNECT relay-096fe6d0.net.anydesk.com:80 HTTP/1.1" 200 0 "HTTPS" "outgoing via 192.168.50.30"
192.168.10.20 - arodriguez [10/Jul/2021:01:33:42 -0500] "CONNECT relay-096fe6d0.net.anydesk.com:80 HTTP/1.1" 200 0 "HTTPS" "outgoing via 192.168.50.30"
192.168.10.20 - arodriguez [10/Jul/2021:01:33:55 -0500] "CONNECT relay-89970c8c.net.anydesk.com:80 HTTP/1.1" 200 0 "HTTPS" "outgoing via 192.168.50.30"
192.168.3.3 - fausto [10/Jul/2021:01:34:03 -0500] "CONNECT safebrowsing.googleapis.com:443 HTTP/1.1" 200 0 "HTTPS" "outgoing via 192.168.50.30"
192.168.1.29 - rquintanilla [10/Jul/2021:01:34:05 -0500] "CONNECT 0.1.0.1:1001 HTTP/1.1" 200 0 "HTTPS" "outgoing via 192.168.50.30"
192.168.1.29 - rquintanilla [10/Jul/2021:01:34:20 -0500] "CONNECT safebrowsing.googleapis.com:443 HTTP/1.1" 200 0 "HTTPS" "outgoing via 192.168.50.30"
192.168.10.20 - arodriguez [10/Jul/2021:01:34:24 -0500] "CONNECT relay-89970c8c.net.anydesk.com:80 HTTP/1.1" 200 0 "HTTPS" "outgoing via 192.168.50.30"
192.168.1.29 - rquintanilla [10/Jul/2021:01:34:29 -0500] "CONNECT incoming.telemetry.mozilla.org:443 HTTP/1.1" 200 0 "HTTPS" "outgoing via 192.168.50.30"
192.168.1.29 - rquintanilla [10/Jul/2021:01:34:50 -0500] "CONNECT scontent-dfw5-1.xx.fbcdn.net:443 HTTP/1.1" 200 0 "HTTPS" "outgoing via 192.168.50.30"
192.168.3.3 - fausto [10/Jul/2021:01:34:50 -0500] "CONNECT www.google.com:443 HTTP/1.1" 200 0 "HTTPS" "outgoing via 192.168.50.30"
192.168.10.20 - arodriguez [10/Jul/2021:01:34:53 -0500] "CONNECT relay-89970c8c.net.anydesk.com:80 HTTP/1.1" 200 0 "HTTPS" "outgoing via 192.168.50.30"
192.168.10.20 - arodriguez [10/Jul/2021:01:35:22 -0500] "CONNECT relay-89970c8c.net.anydesk.com:80 HTTP/1.1" 200 0 "HTTPS" "outgoing via 192.168.50.30"
192.168.1.29 - rquintanilla [10/Jul/2021:01:35:27 -0500] "CONNECT external-mia3-2.xx.fbcdn.net:443 HTTP/1.1" 200 0 "HTTPS" "outgoing via 192.168.50.30"
192.168.10.20 - arodriguez [10/Jul/2021:01:35:35 -0500] "CONNECT relay-bfcb38ab.net.anydesk.com:80 HTTP/1.1" 200 0 "HTTPS" "outgoing via 192.168.50.30"
192.168.1.29 - rquintanilla [10/Jul/2021:01:36:04 -0500] "CONNECT 0.1.0.1:1001 HTTP/1.1" 200 0 "HTTPS" "outgoing via 192.168.50.30"
192.168.10.20 - arodriguez [10/Jul/2021:01:36:04 -0500] "CONNECT relay-bfcb38ab.net.anydesk.com:80 HTTP/1.1" 200 0 "HTTPS" "outgoing via 192.168.50.30"
192.168.10.20 - arodriguez [10/Jul/2021:01:36:33 -0500] "CONNECT relay-bfcb38ab.net.anydesk.com:80 HTTP/1.1" 200 0 "HTTPS" "outgoing via 192.168.50.30"
192.168.1.29 - rquintanilla [10/Jul/2021:01:37:00 -0500] "CONNECT www.facebook.com:443 HTTP/1.1" 200 0 "HTTPS" "outgoing via 192.168.50.30"
192.168.1.29 - rquintanilla [10/Jul/2021:01:37:00 -0500] "CONNECT mail.google.com:443 HTTP/1.1" 200 0 "HTTPS" "outgoing via 192.168.50.30"
192.168.1.29 - rquintanilla [10/Jul/2021:01:37:00 -0500] "CONNECT gateway.facebook.com:443 HTTP/1.1" 200 0 "HTTPS" "outgoing via 192.168.50.30"
192.168.1.29 - rquintanilla [10/Jul/2021:01:37:02 -0500] "CONNECT edge-chat.facebook.com:443 HTTP/1.1" 200 0 "HTTPS" "outgoing via 192.168.50.30"
192.168.10.20 - arodriguez [10/Jul/2021:01:37:02 -0500] "CONNECT relay-bfcb38ab.net.anydesk.com:80 HTTP/1.1" 200 0 "HTTPS" "outgoing via 192.168.50.30"
192.168.1.29 - rquintanilla [10/Jul/2021:01:37:03 -0500] "CONNECT static.xx.fbcdn.net:443 HTTP/1.1" 200 0 "HTTPS" "outgoing via 192.168.50.30"
192.168.10.20 - arodriguez [10/Jul/2021:01:37:31 -0500] "CONNECT relay-bfcb38ab.net.anydesk.com:80 HTTP/1.1" 200 0 "HTTPS" "outgoing via 192.168.50.30"
192.168.10.20 - arodriguez [10/Jul/2021:01:38:00 -0500] "CONNECT relay-bfcb38ab.net.anydesk.com:80 HTTP/1.1" 200 0 "HTTPS" "outgoing via 192.168.50.30"
192.168.10.20 - arodriguez [10/Jul/2021:01:38:13 -0500] "CONNECT relay-1cb4b08e.net.anydesk.com:80 HTTP/1.1" 200 0 "HTTPS" "outgoing via 192.168.50.30"
192.168.10.20 - arodriguez [10/Jul/2021:01:38:42 -0500] "CONNECT relay-1cb4b08e.net.anydesk.com:80 HTTP/1.1" 200 0 "HTTPS" "outgoing via 192.168.50.30"
192.168.3.3 - fausto [10/Jul/2021:01:38:52 -0500] "CONNECT www.google.com:443 HTTP/1.1" 200 0 "HTTPS" "outgoing via 192.168.50.30"
192.168.10.20 - arodriguez [10/Jul/2021:01:39:11 -0500] "CONNECT relay-1cb4b08e.net.anydesk.com:80 HTTP/1.1" 200 0 "HTTPS" "outgoing via 192.168.50.30"
192.168.10.20 - arodriguez [10/Jul/2021:01:39:40 -0500] "CONNECT relay-1cb4b08e.net.anydesk.com:80 HTTP/1.1" 200 0 "HTTPS" "outgoing via 192.168.50.30"
192.168.10.20 - arodriguez [10/Jul/2021:01:40:09 -0500] "CONNECT relay-1cb4b08e.net.anydesk.com:80 HTTP/1.1" 200 0 "HTTPS" "outgoing via 192.168.50.30"
192.168.10.20 - arodriguez [10/Jul/2021:01:40:38 -0500] "CONNECT relay-1cb4b08e.net.anydesk.com:80 HTTP/1.1" 200 0 "HTTPS" "outgoing via 192.168.50.30"
192.168.10.20 - arodriguez [10/Jul/2021:01:41:07 -0500] "CONNECT relay-1cb4b08e.net.anydesk.com:80 HTTP/1.1" 200 0 "HTTPS" "outgoing via 192.168.50.30"
192.168.10.20 - arodriguez [10/Jul/2021:01:41:36 -0500] "CONNECT relay-1cb4b08e.net.anydesk.com:80 HTTP/1.1" 200 0 "HTTPS" "outgoing via 192.168.50.30"
192.168.10.20 - arodriguez [10/Jul/2021:01:41:49 -0500] "CONNECT relay-096fe6d0.net.anydesk.com:80 HTTP/1.1" 200 0 "HTTPS" "outgoing via 192.168.50.30"
192.168.3.3 - fausto [10/Jul/2021:01:41:52 -0500] "CONNECT www.google.com:443 HTTP/1.1" 200 0 "HTTPS" "outgoing via 192.168.50.30"
192.168.10.20 - arodriguez [10/Jul/2021:01:42:18 -0500] "CONNECT relay-096fe6d0.net.anydesk.com:80 HTTP/1.1" 200 0 "HTTPS" "outgoing via 192.168.50.30"
192.168.10.20 - arodriguez [10/Jul/2021:01:42:47 -0500] "CONNECT relay-096fe6d0.net.anydesk.com:80 HTTP/1.1" 200 0 "HTTPS" "outgoing via 192.168.50.30"
192.168.10.20 - arodriguez [10/Jul/2021:01:43:16 -0500] "CONNECT relay-096fe6d0.net.anydesk.com:80 HTTP/1.1" 200 0 "HTTPS" "outgoing via 192.168.50.30"
192.168.10.20 - arodriguez [10/Jul/2021:01:43:30 -0500] "CONNECT relay-283e3f4a.net.anydesk.com:80 HTTP/1.1" 200 0 "HTTPS" "outgoing via 192.168.50.30"
192.168.10.20 - arodriguez [10/Jul/2021:01:43:58 -0500] "CONNECT relay-283e3f4a.net.anydesk.com:80 HTTP/1.1" 200 0 "HTTPS" "outgoing via 192.168.50.30"
192.168.10.20 - arodriguez [10/Jul/2021:01:44:28 -0500] "CONNECT relay-283e3f4a.net.anydesk.com:80 HTTP/1.1" 200 0 "HTTPS" "outgoing via 192.168.50.30"
192.168.1.29 - rquintanilla [10/Jul/2021:01:44:30 -0500] "CONNECT incoming.telemetry.mozilla.org:443 HTTP/1.1" 200 0 "HTTPS" "outgoing via 192.168.50.30"
192.168.1.29 - rquintanilla [10/Jul/2021:01:44:30 -0500] "CONNECT safebrowsing.googleapis.com:443 HTTP/1.1" 200 0 "HTTPS" "outgoing via 192.168.50.30"
192.168.1.29 - rquintanilla [10/Jul/2021:01:44:30 -0500] "CONNECT push.services.mozilla.com:443 HTTP/1.1" 200 0 "HTTPS" "outgoing via 192.168.50.30"
192.168.1.29 - rquintanilla [10/Jul/2021:01:44:30 -0500] "CONNECT incoming.telemetry.mozilla.org:443 HTTP/1.1" 200 0 "HTTPS" "outgoing via 192.168.50.30"
192.168.1.29 - rquintanilla [10/Jul/2021:01:44:30 -0500] "POST http://ocsp.digicert.com/ HTTP/1.1" 200 947 "HTTP" ""
192.168.1.29 - rquintanilla [10/Jul/2021:01:44:30 -0500] "CONNECT incoming.telemetry.mozilla.org:443 HTTP/1.1" 200 0 "HTTPS" "outgoing via 192.168.50.30"
192.168.1.29 - rquintanilla [10/Jul/2021:01:44:30 -0500] "CONNECT api.accounts.firefox.com:443 HTTP/1.1" 200 0 "HTTPS" "outgoing via 192.168.50.30"
192.168.1.29 - rquintanilla [10/Jul/2021:01:44:30 -0500] "CONNECT profile.accounts.firefox.com:443 HTTP/1.1" 200 0 "HTTPS" "outgoing via 192.168.50.30"
192.168.1.29 - rquintanilla [10/Jul/2021:01:44:30 -0500] "CONNECT api.accounts.firefox.com:443 HTTP/1.1" 200 0 "HTTPS" "outgoing via 192.168.50.30"
192.168.1.29 - rquintanilla [10/Jul/2021:01:44:31 -0500] "POST http://ocsp.digicert.com/ HTTP/1.1" 200 947 "HTTP" ""
192.168.1.29 - rquintanilla [10/Jul/2021:01:44:31 -0500] "CONNECT 0.1.0.1:1001 HTTP/1.1" 200 0 "HTTPS" "outgoing via 192.168.50.30"
192.168.1.29 - rquintanilla [10/Jul/2021:01:44:31 -0500] "CONNECT safebrowsing.googleapis.com:443 HTTP/1.1" 200 0 "HTTPS" "outgoing via 192.168.50.30"
192.168.1.29 - rquintanilla [10/Jul/2021:01:44:32 -0500] "CONNECT mail.google.com:443 HTTP/1.1" 200 0 "HTTPS" "outgoing via 192.168.50.30"
192.168.1.29 - rquintanilla [10/Jul/2021:01:44:32 -0500] "CONNECT mail.google.com:443 HTTP/1.1" 200 0 "HTTPS" "outgoing via 192.168.50.30"
192.168.1.29 - rquintanilla [10/Jul/2021:01:44:32 -0500] "CONNECT api.accounts.firefox.com:443 HTTP/1.1" 200 0 "HTTPS" "outgoing via 192.168.50.30"
192.168.1.29 - rquintanilla [10/Jul/2021:01:44:32 -0500] "GET http://www.cubadebate.cu/ HTTP/1.1" 200 149476 "HTTP" "Cubadebate, Contra el Terrorismo Mediático"
192.168.1.29 - rquintanilla [10/Jul/2021:01:44:32 -0500] "POST http://ocsp.digicert.com/ HTTP/1.1" 200 946 "HTTP" ""
192.168.1.29 - rquintanilla [10/Jul/2021:01:44:32 -0500] "POST http://ocsp.digicert.com/ HTTP/1.1" 200 946 "HTTP" ""
192.168.1.29 - rquintanilla [10/Jul/2021:01:44:33 -0500] "GET http://media.cubadebate.cu/wp-content/gallery/bandera-cubana-y-persistencia/thumbs/thumbs_kaloian-cincuenta-veces-cuba-01-bandera.jpg HTTP/1.1" 200 5813 "HTTP" ""
192.168.1.29 - rquintanilla [10/Jul/2021:01:44:34 -0500] "CONNECT www.facebook.com:443 HTTP/1.1" 200 0 "HTTPS" "outgoing via 192.168.50.30"
192.168.1.29 - rquintanilla [10/Jul/2021:01:44:35 -0500] "CONNECT mail.google.com:443 HTTP/1.1" 200 0 "HTTPS" "outgoing via 192.168.50.30"
192.168.1.29 - rquintanilla [10/Jul/2021:01:44:35 -0500] "CONNECT mail.google.com:443 HTTP/1.1" 200 0 "HTTPS" "outgoing via 192.168.50.30"
192.168.1.29 - rquintanilla [10/Jul/2021:01:44:35 -0500] "CONNECT mail.google.com:443 HTTP/1.1" 200 0 "HTTPS" "outgoing via 192.168.50.30"
192.168.1.29 - rquintanilla [10/Jul/2021:01:44:35 -0500] "CONNECT mail.google.com:443 HTTP/1.1" 200 0 "HTTPS" "outgoing via 192.168.50.30"
192.168.1.29 - rquintanilla [10/Jul/2021:01:44:36 -0500] "POST http://ocsp.digicert.com/ HTTP/1.1" 200 946 "HTTP" ""
192.168.1.29 - rquintanilla [10/Jul/2021:01:44:39 -0500] "CONNECT 0.1.0.1:1001 HTTP/1.1" 200 0 "HTTPS" "outgoing via 192.168.50.30"
192.168.1.29 - rquintanilla [10/Jul/2021:01:44:43 -0500] "CONNECT static.xx.fbcdn.net:443 HTTP/1.1" 200 0 "HTTPS" "outgoing via 192.168.50.30"
192.168.1.29 - rquintanilla [10/Jul/2021:01:44:43 -0500] "CONNECT static.xx.fbcdn.net:443 HTTP/1.1" 200 0 "HTTPS" "outgoing via 192.168.50.30"
192.168.1.29 - rquintanilla [10/Jul/2021:01:44:43 -0500] "CONNECT static.xx.fbcdn.net:443 HTTP/1.1" 200 0 "HTTPS" "outgoing via 192.168.50.30"
192.168.1.29 - rquintanilla [10/Jul/2021:01:44:43 -0500] "CONNECT static.xx.fbcdn.net:443 HTTP/1.1" 200 0 "HTTPS" "outgoing via 192.168.50.30"
192.168.1.29 - rquintanilla [10/Jul/2021:01:44:43 -0500] "CONNECT static.xx.fbcdn.net:443 HTTP/1.1" 200 0 "HTTPS" "outgoing via 192.168.50.30"
192.168.1.29 - rquintanilla [10/Jul/2021:01:44:43 -0500] "CONNECT static.xx.fbcdn.net:443 HTTP/1.1" 200 0 "HTTPS" "outgoing via 192.168.50.30"
192.168.1.29 - rquintanilla [10/Jul/2021:01:44:43 -0500] "POST http://ocsp.pki.goog/gts1c3 HTTP/1.1" 200 849 "HTTP" ""
192.168.1.29 - rquintanilla [10/Jul/2021:01:44:43 -0500] "POST http://ocsp.pki.goog/gts1c3 HTTP/1.1" 200 849 "HTTP" ""
192.168.1.29 - rquintanilla [10/Jul/2021:01:44:43 -0500] "POST http://ocsp.digicert.com/ HTTP/1.1" 200 946 "HTTP" ""
192.168.1.29 - rquintanilla [10/Jul/2021:01:44:46 -0500] "CONNECT www.facebook.com:443 HTTP/1.1" 200 0 "HTTPS" "outgoing via 192.168.50.30"
192.168.1.29 - rquintanilla [10/Jul/2021:01:44:46 -0500] "CONNECT www.facebook.com:443 HTTP/1.1" 200 0 "HTTPS" "outgoing via 192.168.50.30"
192.168.1.29 - rquintanilla [10/Jul/2021:01:44:46 -0500] "CONNECT www.facebook.com:443 HTTP/1.1" 200 0 "HTTPS" "outgoing via 192.168.50.30"
192.168.1.29 - rquintanilla [10/Jul/2021:01:44:46 -0500] "CONNECT www.facebook.com:443 HTTP/1.1" 200 0 "HTTPS" "outgoing via 192.168.50.30"
192.168.1.29 - rquintanilla [10/Jul/2021:01:44:46 -0500] "CONNECT www.facebook.com:443 HTTP/1.1" 200 0 "HTTPS" "outgoing via 192.168.50.30"
192.168.1.29 - rquintanilla [10/Jul/2021:01:44:46 -0500] "CONNECT facebook.com:443 HTTP/1.1" 200 0 "HTTPS" "outgoing via 192.168.50.30"
192.168.1.29 - rquintanilla [10/Jul/2021:01:44:46 -0500] "CONNECT scontent-mia3-2.xx.fbcdn.net:443 HTTP/1.1" 200 0 "HTTPS" "outgoing via 192.168.50.30"
192.168.1.29 - rquintanilla [10/Jul/2021:01:44:47 -0500] "CONNECT www.facebook.com:443 HTTP/1.1" 200 0 "HTTPS" "outgoing via 192.168.50.30"
192.168.1.29 - rquintanilla [10/Jul/2021:01:44:47 -0500] "CONNECT safebrowsing.googleapis.com:443 HTTP/1.1" 200 0 "HTTPS" "outgoing via 192.168.50.30"
192.168.1.29 - rquintanilla [10/Jul/2021:01:44:53 -0500] "CONNECT 0.1.0.1:1001 HTTP/1.1" 200 0 "HTTPS" "outgoing via 192.168.50.30"
192.168.1.29 - rquintanilla [10/Jul/2021:01:44:54 -0500] "CONNECT scontent-mia3-1.xx.fbcdn.net:443 HTTP/1.1" 200 0 "HTTPS" "outgoing via 192.168.50.30"
192.168.1.29 - rquintanilla [10/Jul/2021:01:44:54 -0500] "CONNECT scontent-mia3-1.xx.fbcdn.net:443 HTTP/1.1" 200 0 "HTTPS" "outgoing via 192.168.50.30"
192.168.1.29 - rquintanilla [10/Jul/2021:01:44:54 -0500] "CONNECT scontent-mia3-1.xx.fbcdn.net:443 HTTP/1.1" 200 0 "HTTPS" "outgoing via 192.168.50.30"
192.168.1.29 - rquintanilla [10/Jul/2021:01:44:54 -0500] "CONNECT scontent-mia3-1.xx.fbcdn.net:443 HTTP/1.1" 200 0 "HTTPS" "outgoing via 192.168.50.30"
192.168.1.29 - rquintanilla [10/Jul/2021:01:44:54 -0500] "CONNECT scontent-mia3-1.xx.fbcdn.net:443 HTTP/1.1" 200 0 "HTTPS" "outgoing via 192.168.50.30"
192.168.1.29 - rquintanilla [10/Jul/2021:01:44:54 -0500] "CONNECT scontent-mia3-1.xx.fbcdn.net:443 HTTP/1.1" 200 0 "HTTPS" "outgoing via 192.168.50.30"
192.168.10.20 - arodriguez [10/Jul/2021:01:44:57 -0500] "CONNECT relay-283e3f4a.net.anydesk.com:80 HTTP/1.1" 200 0 "HTTPS" "outgoing via 192.168.50.30"
192.168.1.29 - rquintanilla [10/Jul/2021:01:45:03 -0500] "CONNECT edge-chat.facebook.com:443 HTTP/1.1" 200 0 "HTTPS" "outgoing via 192.168.50.30"
192.168.1.29 - rquintanilla [10/Jul/2021:01:45:04 -0500] "CONNECT scontent.xx.fbcdn.net:443 HTTP/1.1" 200 0 "HTTPS" "outgoing via 192.168.50.30"
192.168.1.29 - rquintanilla [10/Jul/2021:01:45:08 -0500] "CONNECT gateway.facebook.com:443 HTTP/1.1" 200 0 "HTTPS" "outgoing via 192.168.50.30"
