192.168.1.29 - rquintanilla [25/Jul/2021:08:04:24 -0500] "GET http://media.cubadebate.cu/wp-content/uploads/2021/07/protestas-brasil-reuters-150x125.jpg HTTP/1.1" 200 9056 "HTTP" ""
192.168.1.29 - rquintanilla [25/Jul/2021:08:04:25 -0500] "CONNECT mail.google.com:443 HTTP/1.1" 200 0 "HTTPS" "outgoing via 192.168.50.30"
192.168.1.29 - rquintanilla [25/Jul/2021:08:04:25 -0500] "GET http://media.cubadebate.cu/wp-content/uploads/2021/07/celac-mexico.jpg HTTP/1.1" 200 113542 "HTTP" ""
192.168.1.29 - rquintanilla [25/Jul/2021:08:04:25 -0500] "GET http://media.cubadebate.cu/wp-content/uploads/2021/07/protestas-londres-ap-150x125.jpg HTTP/1.1" 200 8695 "HTTP" ""
192.168.1.29 - rquintanilla [25/Jul/2021:08:04:25 -0500] "CONNECT token.services.mozilla.com:443 HTTP/1.1" 200 0 "HTTPS" "outgoing via 192.168.50.30"
192.168.1.29 - rquintanilla [25/Jul/2021:08:04:26 -0500] "GET http://media.cubadebate.cu/wp-content/gallery/autores/nelson-rodriguez-roque.jpg HTTP/1.1" 200 3976 "HTTP" ""
192.168.1.29 - rquintanilla [25/Jul/2021:08:04:26 -0500] "GET http://media.cubadebate.cu/wp-content/uploads/2021/07/Stonehenge.jpg HTTP/1.1" 200 74388 "HTTP" ""
192.168.1.29 - rquintanilla [25/Jul/2021:08:04:26 -0500] "GET http://media.cubadebate.cu/wp-content/gallery/palma-real/thumbs/thumbs_giosvany-echevarria_dorado-amanecer_2008.jpg HTTP/1.1" 200 4455 "HTTP" ""
192.168.1.29 - rquintanilla [25/Jul/2021:08:04:26 -0500] "GET http://media.cubadebate.cu/wp-content/gallery/youtubechannel/default.jpg?v=paECwtEDpi8 HTTP/1.1" 200 12111 "HTTP" ""
192.168.1.29 - rquintanilla [25/Jul/2021:08:04:26 -0500] "GET http://www.cubadebate.cu/wp-content/plugins/juegos-olimpicos/css/styles.css?ver=1.1.0 HTTP/1.1" 200 4760 "HTTP" ""
192.168.1.29 - rquintanilla [25/Jul/2021:08:04:27 -0500] "POST http://ocsp.pki.goog/gts1c3 HTTP/1.1" 200 850 "HTTP" ""
192.168.1.29 - rquintanilla [25/Jul/2021:08:04:27 -0500] "GET http://www.cubadebate.cu/wp-content/plugins/nextgen-gallery/js/jquery.cycle.all.min.js?ver=2.9995 HTTP/1.1" 200 27353 "HTTP" ""
192.168.1.29 - rquintanilla [25/Jul/2021:08:04:27 -0500] "GET http://www.cubadebate.cu/wp-content/themes/cd2.1/scripts/select2/select2.css?ver=5.1.1 HTTP/1.1" 200 4675 "HTTP" ""
192.168.1.29 - rquintanilla [25/Jul/2021:08:04:27 -0500] "GET http://www.cubadebate.cu/wp-content/plugins/nextgen-gallery/js/ngg.slideshow.min.js?ver=1.06 HTTP/1.1" 200 2553 "HTTP" ""
192.168.1.29 - rquintanilla [25/Jul/2021:08:04:27 -0500] "GET http://www.cubadebate.cu/wp-content/plugins/wp-polls/polls-css.css?ver=2.75.2 HTTP/1.1" 200 1496 "HTTP" ""
192.168.1.29 - rquintanilla [25/Jul/2021:08:04:27 -0500] "GET http://www.cubadebate.cu/wp-content/plugins/wp_covid19/css/styles.css?ver=1.0 HTTP/1.1" 200 2140 "HTTP" ""
192.168.1.29 - rquintanilla [25/Jul/2021:08:04:28 -0500] "GET http://www.cubadebate.cu/wp-content/themes/cd2.1/scripts/modernizr.js?ver=5.1.1 HTTP/1.1" 200 15159 "HTTP" ""
192.168.1.29 - rquintanilla [25/Jul/2021:08:04:29 -0500] "CONNECT mail.google.com:443 HTTP/1.1" 200 0 "HTTPS" "outgoing via 192.168.50.30"
192.168.1.29 - rquintanilla [25/Jul/2021:08:04:30 -0500] "GET http://www.cubadebate.cu/wp-content/plugins/wp-minuto-minuto/css/styles.css?ver=1.9.1 HTTP/1.1" 200 1608 "HTTP" ""
192.168.1.29 - rquintanilla [25/Jul/2021:08:04:30 -0500] "GET http://www.cubadebate.cu/wp-content/themes/cd2.1/style.css?ver=5.1.1 HTTP/1.1" 200 23157 "HTTP" ""
192.168.1.29 - rquintanilla [25/Jul/2021:08:04:30 -0500] "GET http://www.cubadebate.cu/wp-includes/js/jquery/jquery-migrate.min.js?ver=1.4.1 HTTP/1.1" 200 10721 "HTTP" ""
192.168.1.29 - rquintanilla [25/Jul/2021:08:04:31 -0500] "GET http://www.cubadebate.cu/wp-includes/css/dist/block-library/style.min.css?ver=5.1.1 HTTP/1.1" 200 7038 "HTTP" ""
192.168.1.29 - rquintanilla [25/Jul/2021:08:04:31 -0500] "GET http://www.cubadebate.cu/wp-includes/js/jquery/jquery.js?ver=1.12.4 HTTP/1.1" 200 97876 "HTTP" ""
192.168.1.29 - rquintanilla [25/Jul/2021:08:04:31 -0500] "GET http://www.cubadebate.cu/wp-content/plugins/wp-fidelcastro-cu/css/styles.css?ver=1.0.0 HTTP/1.1" 200 1528 "HTTP" ""
192.168.1.29 - rquintanilla [25/Jul/2021:08:04:31 -0500] "GET http://www.cubadebate.cu/wp-content/plugins/nextgen-gallery/css/nggallery.css?ver=1.0.0 HTTP/1.1" 200 2601 "HTTP" ""
192.168.1.29 - rquintanilla [25/Jul/2021:08:04:31 -0500] "CONNECT sync-1-us-west1-g.sync.services.mozilla.com:443 HTTP/1.1" 200 0 "HTTPS" "outgoing via 192.168.50.30"
192.168.1.29 - rquintanilla [25/Jul/2021:08:04:32 -0500] "GET http://www.cubadebate.cu/wp-content/plugins/serie-nacional-beisbol/css/widget-snb.css?ver=1.0.0 HTTP/1.1" 200 1669 "HTTP" ""
192.168.1.29 - rquintanilla [25/Jul/2021:08:04:32 -0500] "GET http://www.cubadebate.cu/wp-content/plugins/wp-anexos/css/styles.css?ver=1.9.1 HTTP/1.1" 200 1368 "HTTP" ""
192.168.1.29 - rquintanilla [25/Jul/2021:08:04:32 -0500] "GET http://www.cubadebate.cu/wp-content/plugins/juegos-olimpicos/js/scripts.js?ver=1.0.0 HTTP/1.1" 200 2473 "HTTP" ""
192.168.1.29 - rquintanilla [25/Jul/2021:08:04:32 -0500] "GET http://www.cubadebate.cu/wp-content/plugins/twitter-embed/twett-embed-styles.css?ver=5.1.1 HTTP/1.1" 200 1805 "HTTP" ""
192.168.1.29 - rquintanilla [25/Jul/2021:08:04:32 -0500] "GET http://www.cubadebate.cu/wp-content/plugins/fancybox-for-wordpress/assets/css/fancybox.css?ver=1.3.4 HTTP/1.1" 200 5642 "HTTP" ""
192.168.1.29 - rquintanilla [25/Jul/2021:08:04:32 -0500] "POST http://ocsp.pki.goog/gts1c3 HTTP/1.1" 200 850 "HTTP" ""
192.168.10.20 - arodriguez [25/Jul/2021:08:04:32 -0500] "CONNECT relay-f6106504.net.anydesk.com:80 HTTP/1.1" 200 0 "HTTPS" "outgoing via 192.168.50.30"
192.168.1.29 - rquintanilla [25/Jul/2021:08:04:32 -0500] "CONNECT www.youtube.com:443 HTTP/1.1" 200 0 "HTTPS" "outgoing via 192.168.50.30"
192.168.1.29 - rquintanilla [25/Jul/2021:08:04:33 -0500] "CONNECT mail.google.com:443 HTTP/1.1" 200 0 "HTTPS" "outgoing via 192.168.50.30"
192.168.1.29 - rquintanilla [25/Jul/2021:08:04:34 -0500] "POST http://ocsp.digicert.com/ HTTP/1.1" 200 947 "HTTP" ""
192.168.1.29 - rquintanilla [25/Jul/2021:08:04:34 -0500] "CONNECT 0.1.0.1:1001 HTTP/1.1" 200 0 "HTTPS" "outgoing via 192.168.50.30"
192.168.1.29 - rquintanilla [25/Jul/2021:08:04:36 -0500] "CONNECT www.google-analytics.com:443 HTTP/1.1" 200 0 "HTTPS" "outgoing via 192.168.50.30"
192.168.1.29 - rquintanilla [25/Jul/2021:08:04:36 -0500] "CONNECT connect.facebook.net:443 HTTP/1.1" 200 0 "HTTPS" "outgoing via 192.168.50.30"
192.168.1.29 - rquintanilla [25/Jul/2021:08:04:37 -0500] "POST http://ocsp.digicert.com/ HTTP/1.1" 200 947 "HTTP" ""
192.168.1.29 - rquintanilla [25/Jul/2021:08:04:38 -0500] "GET http://media.cubadebate.cu/wp-content/uploads/2021/07/donativo-matanzas-3-180x150.jpg HTTP/1.1" 200 9269 "HTTP" ""
192.168.1.29 - rquintanilla [25/Jul/2021:08:04:40 -0500] "GET http://www.cubadebate.cu/wp-content/plugins/serie-nacional-beisbol/js/widget-snb.js?ver=1.0.0 HTTP/1.1" 200 1091 "HTTP" ""
192.168.1.29 - rquintanilla [25/Jul/2021:08:04:40 -0500] "CONNECT location.services.mozilla.com:443 HTTP/1.1" 200 0 "HTTPS" "outgoing via 192.168.50.30"
192.168.1.29 - rquintanilla [25/Jul/2021:08:04:40 -0500] "GET http://media.cubadebate.cu/wp-content/uploads/2021/07/Donativo-matanzas-2-180x150.jpg HTTP/1.1" 200 7873 "HTTP" ""
192.168.1.29 - rquintanilla [25/Jul/2021:08:04:42 -0500] "GET http://media.cubadebate.cu/wp-content/gallery/autores/elson-concepcion-perez.jpg HTTP/1.1" 200 3582 "HTTP" ""
192.168.1.29 - rquintanilla [25/Jul/2021:08:04:43 -0500] "POST http://ocsp.digicert.com/ HTTP/1.1" 200 947 "HTTP" ""
192.168.1.29 - rquintanilla [25/Jul/2021:08:04:44 -0500] "CONNECT stats.g.doubleclick.net:443 HTTP/1.1" 200 0 "HTTPS" "outgoing via 192.168.50.30"
192.168.1.29 - rquintanilla [25/Jul/2021:08:04:45 -0500] "GET http://detectportal.firefox.com/canonical.html HTTP/1.1" 200 444 "HTTP" ""
192.168.1.29 - rquintanilla [25/Jul/2021:08:04:51 -0500] "GET http://media.cubadebate.cu/wp-content/uploads/2021/07/tokio-2020-banner-deportes-580x330.png HTTP/1.1" 200 394187 "HTTP" ""
192.168.1.29 - rquintanilla [25/Jul/2021:08:04:51 -0500] "CONNECT connect.facebook.net:443 HTTP/1.1" 200 0 "HTTPS" "outgoing via 192.168.50.30"
192.168.1.29 - rquintanilla [25/Jul/2021:08:04:51 -0500] "CONNECT 0.1.0.1:1001 HTTP/1.1" 200 0 "HTTPS" "outgoing via 192.168.50.30"
192.168.1.29 - rquintanilla [25/Jul/2021:08:04:57 -0500] "GET http://www.cubadebate.cu/wp-includes/js/wp-embed.min.js?ver=5.1.1 HTTP/1.1" 200 2165 "HTTP" ""
192.168.1.29 - rquintanilla [25/Jul/2021:08:05:00 -0500] "GET http://www.cubadebate.cu/wp-content/plugins/wp_covid19/js/covid19.js?ver=1.0 HTTP/1.1" 200 3721 "HTTP" ""
192.168.1.29 - rquintanilla [25/Jul/2021:08:05:00 -0500] "GET http://media.cubadebate.cu/wp-content/uploads/2021/07/2407-conferencia-fiscalia2.jpg-ACN-180x150.jpg HTTP/1.1" 200 6676 "HTTP" ""
192.168.1.29 - rquintanilla [25/Jul/2021:08:05:01 -0500] "CONNECT www.facebook.com:443 HTTP/1.1" 200 0 "HTTPS" "outgoing via 192.168.50.30"
192.168.10.20 - arodriguez [25/Jul/2021:08:05:01 -0500] "CONNECT relay-f6106504.net.anydesk.com:80 HTTP/1.1" 200 0 "HTTPS" "outgoing via 192.168.50.30"
192.168.1.29 - rquintanilla [25/Jul/2021:08:05:02 -0500] "POST http://ocsp.digicert.com/ HTTP/1.1" 200 946 "HTTP" ""
192.168.1.29 - rquintanilla [25/Jul/2021:08:05:02 -0500] "CONNECT googleads.g.doubleclick.net:443 HTTP/1.1" 200 0 "HTTPS" "outgoing via 192.168.50.30"
192.168.1.29 - rquintanilla [25/Jul/2021:08:05:02 -0500] "CONNECT static.doubleclick.net:443 HTTP/1.1" 200 0 "HTTPS" "outgoing via 192.168.50.30"
192.168.1.29 - rquintanilla [25/Jul/2021:08:05:03 -0500] "CONNECT www.google.com:443 HTTP/1.1" 200 0 "HTTPS" "outgoing via 192.168.50.30"
192.168.1.29 - rquintanilla [25/Jul/2021:08:05:04 -0500] "POST http://ocsp.pki.goog/gts1o1core HTTP/1.1" 200 849 "HTTP" ""
192.168.1.29 - rquintanilla [25/Jul/2021:08:05:08 -0500] "CONNECT yt3.ggpht.com:443 HTTP/1.1" 200 0 "HTTPS" "outgoing via 192.168.50.30"
192.168.1.29 - rquintanilla [25/Jul/2021:08:05:08 -0500] "CONNECT i.ytimg.com:443 HTTP/1.1" 200 0 "HTTPS" "outgoing via 192.168.50.30"
192.168.1.29 - rquintanilla [25/Jul/2021:08:05:09 -0500] "POST http://ocsp.digicert.com/ HTTP/1.1" 200 947 "HTTP" ""
192.168.1.29 - rquintanilla [25/Jul/2021:08:05:09 -0500] "POST http://ocsp.pki.goog/gts1o1core HTTP/1.1" 200 849 "HTTP" ""
192.168.1.29 - rquintanilla [25/Jul/2021:08:05:10 -0500] "CONNECT incoming.telemetry.mozilla.org:443 HTTP/1.1" 200 0 "HTTPS" "outgoing via 192.168.50.30"
192.168.1.29 - rquintanilla [25/Jul/2021:08:05:13 -0500] "CONNECT mail.google.com:443 HTTP/1.1" 200 0 "HTTPS" "outgoing via 192.168.50.30"
192.168.1.29 - rquintanilla [25/Jul/2021:08:05:13 -0500] "GET http://www.cubadebate.cu/wp-admin/admin-ajax.php?action=jo_values HTTP/1.1" 200 127867 "HTTP" ""
192.168.1.29 - rquintanilla [25/Jul/2021:08:05:15 -0500] "CONNECT 0.1.0.1:1001 HTTP/1.1" 200 0 "HTTPS" "outgoing via 192.168.50.30"
192.168.1.29 - rquintanilla [25/Jul/2021:08:05:16 -0500] "CONNECT mail.google.com:443 HTTP/1.1" 200 0 "HTTPS" "outgoing via 192.168.50.30"
192.168.1.29 - rquintanilla [25/Jul/2021:08:05:18 -0500] "CONNECT scontent-mia3-1.xx.fbcdn.net:443 HTTP/1.1" 200 0 "HTTPS" "outgoing via 192.168.50.30"
192.168.1.29 - rquintanilla [25/Jul/2021:08:05:18 -0500] "CONNECT scontent-mia3-1.xx.fbcdn.net:443 HTTP/1.1" 200 0 "HTTPS" "outgoing via 192.168.50.30"
192.168.1.29 - rquintanilla [25/Jul/2021:08:05:20 -0500] "CONNECT mail.google.com:443 HTTP/1.1" 200 0 "HTTPS" "outgoing via 192.168.50.30"
192.168.1.29 - rquintanilla [25/Jul/2021:08:05:23 -0500] "CONNECT mail.google.com:443 HTTP/1.1" 200 0 "HTTPS" "outgoing via 192.168.50.30"
192.168.1.29 - rquintanilla [25/Jul/2021:08:05:26 -0500] "CONNECT mail.google.com:443 HTTP/1.1" 200 0 "HTTPS" "outgoing via 192.168.50.30"
192.168.1.29 - rquintanilla [25/Jul/2021:08:05:28 -0500] "CONNECT mail.google.com:443 HTTP/1.1" 200 0 "HTTPS" "outgoing via 192.168.50.30"
192.168.10.20 - arodriguez [25/Jul/2021:08:05:30 -0500] "CONNECT relay-f6106504.net.anydesk.com:80 HTTP/1.1" 200 0 "HTTPS" "outgoing via 192.168.50.30"
192.168.1.29 - rquintanilla [25/Jul/2021:08:05:31 -0500] "CONNECT www.mozilla.org:443 HTTP/1.1" 200 0 "HTTPS" "outgoing via 192.168.50.30"
192.168.1.29 - rquintanilla [25/Jul/2021:08:05:34 -0500] "CONNECT www.googletagmanager.com:443 HTTP/1.1" 200 0 "HTTPS" "outgoing via 192.168.50.30"
192.168.1.29 - rquintanilla [25/Jul/2021:08:05:42 -0500] "CONNECT 0.1.0.1:1001 HTTP/1.1" 200 0 "HTTPS" "outgoing via 192.168.50.30"
192.168.10.20 - arodriguez [25/Jul/2021:08:05:43 -0500] "CONNECT relay-82fc4166.net.anydesk.com:80 HTTP/1.1" 200 0 "HTTPS" "outgoing via 192.168.50.30"
192.168.1.29 - rquintanilla [25/Jul/2021:08:05:56 -0500] "CONNECT download.mozilla.org:443 HTTP/1.1" 200 0 "HTTPS" "outgoing via 192.168.50.30"
192.168.1.29 - rquintanilla [25/Jul/2021:08:05:58 -0500] "CONNECT stubdownloader.services.mozilla.com:443 HTTP/1.1" 200 0 "HTTPS" "outgoing via 192.168.50.30"
192.168.1.29 - rquintanilla [25/Jul/2021:08:05:58 -0500] "POST http://ocsp.digicert.com/ HTTP/1.1" 200 947 "HTTP" ""
192.168.1.29 - rquintanilla [25/Jul/2021:08:06:04 -0500] "CONNECT cdn.stubdownloader.services.mozilla.com:443 HTTP/1.1" 200 0 "HTTPS" "outgoing via 192.168.50.30"
192.168.10.20 - arodriguez [25/Jul/2021:08:06:12 -0500] "CONNECT relay-82fc4166.net.anydesk.com:80 HTTP/1.1" 200 0 "HTTPS" "outgoing via 192.168.50.30"
192.168.1.29 - rquintanilla [25/Jul/2021:08:06:13 -0500] "CONNECT mail.google.com:443 HTTP/1.1" 200 0 "HTTPS" "outgoing via 192.168.50.30"
192.168.1.29 - rquintanilla [25/Jul/2021:08:06:14 -0500] "CONNECT 0.1.0.1:1001 HTTP/1.1" 200 0 "HTTPS" "outgoing via 192.168.50.30"
192.168.1.29 - rquintanilla [25/Jul/2021:08:06:17 -0500] "CONNECT mail.google.com:443 HTTP/1.1" 200 0 "HTTPS" "outgoing via 192.168.50.30"
192.168.1.29 - rquintanilla [25/Jul/2021:08:06:19 -0500] "GET http://www.cubadebate.cu/wp-content/plugins/portada/js/cycle2/build/jquery.cycle2.min.js?ver=5.1.1 HTTP/1.1" 200 22884 "HTTP" ""
192.168.1.29 - rquintanilla [25/Jul/2021:08:06:20 -0500] "CONNECT mail.google.com:443 HTTP/1.1" 200 0 "HTTPS" "outgoing via 192.168.50.30"
192.168.1.29 - rquintanilla [25/Jul/2021:08:06:20 -0500] "GET http://www.cubadebate.cu/wp-content/themes/cd2.1/scripts/select2/select2.min.js?ver=5.1.1 HTTP/1.1" 200 60548 "HTTP" ""
192.168.1.29 - rquintanilla [25/Jul/2021:08:06:20 -0500] "GET http://www.cubadebate.cu/wp-content/plugins/wp-anexos/js/scripts.js?ver=1.1.0 HTTP/1.1" 200 816 "HTTP" ""
192.168.1.29 - rquintanilla [25/Jul/2021:08:06:21 -0500] "GET http://www.cubadebate.cu/wp-content/plugins/wp-minuto-minuto/js/scripts.js?ver=1.1.0 HTTP/1.1" 200 3745 "HTTP" ""
192.168.1.29 - rquintanilla [25/Jul/2021:08:06:23 -0500] "GET http://www.cubadebate.cu/wp-content/plugins/wp-polls/polls-js.js?ver=2.75.2 HTTP/1.1" 200 3751 "HTTP" ""
192.168.1.29 - rquintanilla [25/Jul/2021:08:06:23 -0500] "GET http://www.cubadebate.cu/wp-content/themes/cd2.1/scripts/main.js?ver=5.1.1 HTTP/1.1" 200 12072 "HTTP" ""
192.168.1.29 - rquintanilla [25/Jul/2021:08:06:24 -0500] "CONNECT mail.google.com:443 HTTP/1.1" 200 0 "HTTPS" "outgoing via 192.168.50.30"
192.168.1.29 - rquintanilla [25/Jul/2021:08:06:26 -0500] "GET http://media.cubadebate.cu/wp-content/gallery/autores/agustin-lage-davila.jpg HTTP/1.1" 200 3443 "HTTP" ""
192.168.1.29 - rquintanilla [25/Jul/2021:08:06:26 -0500] "GET http://media.cubadebate.cu/wp-content/gallery/palma-real/thumbs/thumbs_a-buen-recaudo_diego-torres_2000_oleo-70-x-100.jpg HTTP/1.1" 200 4569 "HTTP" ""
192.168.1.29 - rquintanilla [25/Jul/2021:08:06:26 -0500] "GET http://media.cubadebate.cu/wp-content/uploads/2021/07/El-tio-Sibila-150x125.jpg HTTP/1.1" 200 6806 "HTTP" ""
192.168.1.29 - rquintanilla [25/Jul/2021:08:06:28 -0500] "GET http://media.cubadebate.cu/wp-content/gallery/autores/atilio-boron.jpg HTTP/1.1" 200 3688 "HTTP" ""
192.168.1.29 - rquintanilla [25/Jul/2021:08:06:28 -0500] "GET http://media.cubadebate.cu/wp-content/gallery/palma-real/thumbs/thumbs_paisaje-criollo-carlos-enriquez.jpg HTTP/1.1" 200 7022 "HTTP" ""
192.168.1.29 - rquintanilla [25/Jul/2021:08:06:28 -0500] "GET http://media.cubadebate.cu/wp-content/uploads/2021/07/Fiscal-General-de-la-Rep-ACN-180x150.jpg HTTP/1.1" 200 7457 "HTTP" ""
192.168.1.29 - rquintanilla [25/Jul/2021:08:06:28 -0500] "CONNECT mail.google.com:443 HTTP/1.1" 200 0 "HTTPS" "outgoing via 192.168.50.30"
192.168.1.29 - rquintanilla [25/Jul/2021:08:06:30 -0500] "GET http://media.cubadebate.cu/wp-content/uploads/2021/07/amlo.jpg HTTP/1.1" 200 46486 "HTTP" ""
192.168.1.29 - rquintanilla [25/Jul/2021:08:06:30 -0500] "GET http://media.cubadebate.cu/wp-content/uploads/2021/07/ministros-matanzas-covid-180x150.jpg HTTP/1.1" 200 6917 "HTTP" ""
192.168.1.29 - rquintanilla [25/Jul/2021:08:06:30 -0500] "GET http://media.cubadebate.cu/wp-content/gallery/autores/sara-rosenberg.jpg HTTP/1.1" 200 6222 "HTTP" ""
192.168.1.29 - rquintanilla [25/Jul/2021:08:06:31 -0500] "GET http://media.cubadebate.cu/wp-content/uploads/2021/07/bandera_cuba-5-180x150.jpg HTTP/1.1" 200 8533 "HTTP" ""
192.168.1.29 - rquintanilla [25/Jul/2021:08:06:31 -0500] "GET http://media.cubadebate.cu/wp-content/uploads/2021/07/bandera_cuba-2-180x150.jpg HTTP/1.1" 200 8624 "HTTP" ""
192.168.1.29 - rquintanilla [25/Jul/2021:08:06:31 -0500] "GET http://media.cubadebate.cu/wp-content/uploads/2021/07/2407-conferencia-fiscalia-ACn-180x150.jpg HTTP/1.1" 200 9102 "HTTP" ""
192.168.1.29 - rquintanilla [25/Jul/2021:08:06:32 -0500] "CONNECT mail.google.com:443 HTTP/1.1" 200 0 "HTTPS" "outgoing via 192.168.50.30"
192.168.1.29 - rquintanilla [25/Jul/2021:08:06:32 -0500] "GET http://media.cubadebate.cu/wp-content/uploads/2021/01/podcast_cd.png HTTP/1.1" 200 11428 "HTTP" ""
192.168.1.29 - rquintanilla [25/Jul/2021:08:06:32 -0500] "GET http://media.cubadebate.cu/wp-content/gallery/palma-real/thumbs/thumbs_la-palma_manuel-mendive_2004.jpg HTTP/1.1" 200 4726 "HTTP" ""
192.168.1.29 - rquintanilla [25/Jul/2021:08:06:32 -0500] "GET http://www.cubadebate.cu/wp-content/themes/cd2.1/print.css?ver=5.1.1 HTTP/1.1" 200 1142 "HTTP" ""
192.168.1.29 - rquintanilla [25/Jul/2021:08:06:32 -0500] "GET http://media.cubadebate.cu/wp-content/uploads/2021/07/cohete-falcon-spacex-150x125.jpg HTTP/1.1" 200 5472 "HTTP" ""
192.168.1.29 - rquintanilla [25/Jul/2021:08:06:32 -0500] "GET http://media.cubadebate.cu/wp-content/gallery/autores/abel-prieto-jimenez.jpg HTTP/1.1" 200 3946 "HTTP" ""
192.168.1.29 - rquintanilla [25/Jul/2021:08:06:36 -0500] "CONNECT mail.google.com:443 HTTP/1.1" 200 0 "HTTPS" "outgoing via 192.168.50.30"
192.168.1.29 - rquintanilla [25/Jul/2021:08:06:36 -0500] "POST http://ocsp.digicert.com/ HTTP/1.1" 200 947 "HTTP" ""
192.168.1.29 - rquintanilla [25/Jul/2021:08:06:37 -0500] "GET http://media.cubadebate.cu/wp-content/plugins/juegos-olimpicos/images/flags-juegos-olimpicos-tokio.png HTTP/1.1" 200 153427 "HTTP" ""
192.168.1.29 - rquintanilla [25/Jul/2021:08:06:38 -0500] "GET http://media.cubadebate.cu/wp-content/uploads/2021/07/tokio-2020-banner-portada-cd.png HTTP/1.1" 200 174728 "HTTP" ""
192.168.1.29 - rquintanilla [25/Jul/2021:08:06:40 -0500] "CONNECT mail.google.com:443 HTTP/1.1" 200 0 "HTTPS" "outgoing via 192.168.50.30"
192.168.10.20 - arodriguez [25/Jul/2021:08:06:41 -0500] "CONNECT relay-82fc4166.net.anydesk.com:80 HTTP/1.1" 200 0 "HTTPS" "outgoing via 192.168.50.30"
192.168.1.29 - rquintanilla [25/Jul/2021:08:06:44 -0500] "CONNECT mail.google.com:443 HTTP/1.1" 200 0 "HTTPS" "outgoing via 192.168.50.30"
192.168.1.29 - rquintanilla [25/Jul/2021:08:06:47 -0500] "CONNECT mail.google.com:443 HTTP/1.1" 200 0 "HTTPS" "outgoing via 192.168.50.30"
192.168.1.29 - rquintanilla [25/Jul/2021:08:06:52 -0500] "CONNECT 0.1.0.1:1001 HTTP/1.1" 200 0 "HTTPS" "outgoing via 192.168.50.30"
192.168.1.29 - rquintanilla [25/Jul/2021:08:07:01 -0500] "CONNECT incoming.telemetry.mozilla.org:443 HTTP/1.1" 200 0 "HTTPS" "outgoing via 192.168.50.30"
192.168.1.29 - rquintanilla [25/Jul/2021:08:07:04 -0500] "POST http://ocsp.pki.goog/gts1o1core HTTP/1.1" 200 849 "HTTP" ""
192.168.1.29 - rquintanilla [25/Jul/2021:08:07:05 -0500] "CONNECT googleads.g.doubleclick.net:443 HTTP/1.1" 200 0 "HTTPS" "outgoing via 192.168.50.30"
192.168.1.29 - rquintanilla [25/Jul/2021:08:07:08 -0500] "POST http://ocsp.pki.goog/gts1o1core HTTP/1.1" 200 849 "HTTP" ""
192.168.1.29 - rquintanilla [25/Jul/2021:08:07:08 -0500] "POST http://ocsp.pki.goog/gts1o1core HTTP/1.1" 200 849 "HTTP" ""
192.168.10.20 - arodriguez [25/Jul/2021:08:07:10 -0500] "CONNECT relay-82fc4166.net.anydesk.com:80 HTTP/1.1" 200 0 "HTTPS" "outgoing via 192.168.50.30"
192.168.1.29 - rquintanilla [25/Jul/2021:08:07:13 -0500] "CONNECT mail.google.com:443 HTTP/1.1" 200 0 "HTTPS" "outgoing via 192.168.50.30"
192.168.1.29 - rquintanilla [25/Jul/2021:08:07:16 -0500] "CONNECT mail.google.com:443 HTTP/1.1" 200 0 "HTTPS" "outgoing via 192.168.50.30"
192.168.1.29 - rquintanilla [25/Jul/2021:08:07:20 -0500] "CONNECT mail.google.com:443 HTTP/1.1" 200 0 "HTTPS" "outgoing via 192.168.50.30"
192.168.1.29 - rquintanilla [25/Jul/2021:08:07:24 -0500] "CONNECT mail.google.com:443 HTTP/1.1" 200 0 "HTTPS" "outgoing via 192.168.50.30"
192.168.1.29 - rquintanilla [25/Jul/2021:08:07:28 -0500] "CONNECT mail.google.com:443 HTTP/1.1" 200 0 "HTTPS" "outgoing via 192.168.50.30"
192.168.1.29 - rquintanilla [25/Jul/2021:08:07:32 -0500] "CONNECT mail.google.com:443 HTTP/1.1" 200 0 "HTTPS" "outgoing via 192.168.50.30"
192.168.1.29 - rquintanilla [25/Jul/2021:08:07:35 -0500] "CONNECT 0.1.0.1:1001 HTTP/1.1" 200 0 "HTTPS" "outgoing via 192.168.50.30"
192.168.10.20 - arodriguez [25/Jul/2021:08:07:39 -0500] "CONNECT relay-82fc4166.net.anydesk.com:80 HTTP/1.1" 200 0 "HTTPS" "outgoing via 192.168.50.30"
192.168.1.29 - rquintanilla [25/Jul/2021:08:07:57 -0500] "POST http://ocsp.digicert.com/ HTTP/1.1" 200 927 "HTTP" ""
192.168.10.20 - arodriguez [25/Jul/2021:08:08:08 -0500] "CONNECT relay-82fc4166.net.anydesk.com:80 HTTP/1.1" 200 0 "HTTPS" "outgoing via 192.168.50.30"
192.168.1.29 - rquintanilla [25/Jul/2021:08:08:13 -0500] "CONNECT mail.google.com:443 HTTP/1.1" 200 0 "HTTPS" "outgoing via 192.168.50.30"
192.168.1.29 - rquintanilla [25/Jul/2021:08:08:16 -0500] "CONNECT mail.google.com:443 HTTP/1.1" 200 0 "HTTPS" "outgoing via 192.168.50.30"
192.168.1.29 - rquintanilla [25/Jul/2021:08:08:20 -0500] "CONNECT mail.google.com:443 HTTP/1.1" 200 0 "HTTPS" "outgoing via 192.168.50.30"
192.168.5.58 - dunia.glez [25/Jul/2021:08:08:22 -0500] "CONNECT safebrowsing.googleapis.com:443 HTTP/1.1" 200 0 "HTTPS" "outgoing via 192.168.50.30"
192.168.1.29 - rquintanilla [25/Jul/2021:08:08:23 -0500] "CONNECT 0.1.0.1:1001 HTTP/1.1" 200 0 "HTTPS" "outgoing via 192.168.50.30"
192.168.1.29 - rquintanilla [25/Jul/2021:08:08:24 -0500] "CONNECT mail.google.com:443 HTTP/1.1" 200 0 "HTTPS" "outgoing via 192.168.50.30"
192.168.1.29 - rquintanilla [25/Jul/2021:08:08:28 -0500] "CONNECT mail.google.com:443 HTTP/1.1" 200 0 "HTTPS" "outgoing via 192.168.50.30"
192.168.1.29 - rquintanilla [25/Jul/2021:08:08:32 -0500] "CONNECT mail.google.com:443 HTTP/1.1" 200 0 "HTTPS" "outgoing via 192.168.50.30"
192.168.1.29 - rquintanilla [25/Jul/2021:08:08:36 -0500] "CONNECT mail.google.com:443 HTTP/1.1" 200 0 "HTTPS" "outgoing via 192.168.50.30"
192.168.10.20 - arodriguez [25/Jul/2021:08:08:37 -0500] "CONNECT relay-82fc4166.net.anydesk.com:80 HTTP/1.1" 200 0 "HTTPS" "outgoing via 192.168.50.30"
192.168.1.29 - rquintanilla [25/Jul/2021:08:08:40 -0500] "CONNECT mail.google.com:443 HTTP/1.1" 200 0 "HTTPS" "outgoing via 192.168.50.30"
192.168.1.29 - rquintanilla [25/Jul/2021:08:08:43 -0500] "CONNECT mail.google.com:443 HTTP/1.1" 200 0 "HTTPS" "outgoing via 192.168.50.30"
192.168.1.29 - rquintanilla [25/Jul/2021:08:08:47 -0500] "CONNECT mail.google.com:443 HTTP/1.1" 200 0 "HTTPS" "outgoing via 192.168.50.30"
192.168.10.20 - arodriguez [25/Jul/2021:08:09:06 -0500] "CONNECT relay-82fc4166.net.anydesk.com:80 HTTP/1.1" 200 0 "HTTPS" "outgoing via 192.168.50.30"
192.168.1.29 - rquintanilla [25/Jul/2021:08:09:08 -0500] "CONNECT googleads.g.doubleclick.net:443 HTTP/1.1" 200 0 "HTTPS" "outgoing via 192.168.50.30"
192.168.1.29 - rquintanilla [25/Jul/2021:08:09:13 -0500] "CONNECT mail.google.com:443 HTTP/1.1" 200 0 "HTTPS" "outgoing via 192.168.50.30"
192.168.1.29 - rquintanilla [25/Jul/2021:08:09:16 -0500] "CONNECT 0.1.0.1:1001 HTTP/1.1" 200 0 "HTTPS" "outgoing via 192.168.50.30"
192.168.1.29 - rquintanilla [25/Jul/2021:08:09:17 -0500] "CONNECT mail.google.com:443 HTTP/1.1" 200 0 "HTTPS" "outgoing via 192.168.50.30"
192.168.10.20 - arodriguez [25/Jul/2021:08:09:19 -0500] "CONNECT relay-afcf85da.net.anydesk.com:80 HTTP/1.1" 200 0 "HTTPS" "outgoing via 192.168.50.30"
192.168.1.29 - rquintanilla [25/Jul/2021:08:09:21 -0500] "CONNECT mail.google.com:443 HTTP/1.1" 200 0 "HTTPS" "outgoing via 192.168.50.30"
192.168.1.29 - rquintanilla [25/Jul/2021:08:09:25 -0500] "CONNECT mail.google.com:443 HTTP/1.1" 200 0 "HTTPS" "outgoing via 192.168.50.30"
192.168.1.29 - rquintanilla [25/Jul/2021:08:09:28 -0500] "CONNECT mail.google.com:443 HTTP/1.1" 200 0 "HTTPS" "outgoing via 192.168.50.30"
192.168.1.29 - rquintanilla [25/Jul/2021:08:09:32 -0500] "CONNECT mail.google.com:443 HTTP/1.1" 200 0 "HTTPS" "outgoing via 192.168.50.30"
192.168.1.29 - rquintanilla [25/Jul/2021:08:09:36 -0500] "CONNECT mail.google.com:443 HTTP/1.1" 200 0 "HTTPS" "outgoing via 192.168.50.30"
192.168.1.29 - rquintanilla [25/Jul/2021:08:09:40 -0500] "CONNECT mail.google.com:443 HTTP/1.1" 200 0 "HTTPS" "outgoing via 192.168.50.30"
192.168.1.29 - rquintanilla [25/Jul/2021:08:09:44 -0500] "CONNECT mail.google.com:443 HTTP/1.1" 200 0 "HTTPS" "outgoing via 192.168.50.30"
192.168.1.29 - rquintanilla [25/Jul/2021:08:09:48 -0500] "CONNECT mail.google.com:443 HTTP/1.1" 200 0 "HTTPS" "outgoing via 192.168.50.30"
192.168.10.20 - arodriguez [25/Jul/2021:08:09:48 -0500] "CONNECT relay-afcf85da.net.anydesk.com:80 HTTP/1.1" 200 0 "HTTPS" "outgoing via 192.168.50.30"
192.168.5.58 - dunia.glez [25/Jul/2021:08:09:54 -0500] "CONNECT scontent-mia3-1.xx.fbcdn.net:443 HTTP/1.1" 200 0 "HTTPS" "outgoing via 192.168.50.30"
192.168.1.29 - rquintanilla [25/Jul/2021:08:10:13 -0500] "CONNECT mail.google.com:443 HTTP/1.1" 200 0 "HTTPS" "outgoing via 192.168.50.30"
192.168.1.29 - rquintanilla [25/Jul/2021:08:10:14 -0500] "CONNECT 0.1.0.1:1001 HTTP/1.1" 200 0 "HTTPS" "outgoing via 192.168.50.30"
192.168.1.29 - rquintanilla [25/Jul/2021:08:10:16 -0500] "CONNECT mail.google.com:443 HTTP/1.1" 200 0 "HTTPS" "outgoing via 192.168.50.30"
192.168.10.20 - arodriguez [25/Jul/2021:08:10:17 -0500] "CONNECT relay-afcf85da.net.anydesk.com:80 HTTP/1.1" 200 0 "HTTPS" "outgoing via 192.168.50.30"
192.168.1.29 - rquintanilla [25/Jul/2021:08:10:17 -0500] "CONNECT mail.google.com:443 HTTP/1.1" 200 0 "HTTPS" "outgoing via 192.168.50.30"
192.168.1.29 - rquintanilla [25/Jul/2021:08:10:20 -0500] "CONNECT mail.google.com:443 HTTP/1.1" 200 0 "HTTPS" "outgoing via 192.168.50.30"
192.168.1.29 - rquintanilla [25/Jul/2021:08:10:23 -0500] "CONNECT mail.google.com:443 HTTP/1.1" 200 0 "HTTPS" "outgoing via 192.168.50.30"
192.168.1.29 - rquintanilla [25/Jul/2021:08:10:25 -0500] "CONNECT mail.google.com:443 HTTP/1.1" 200 0 "HTTPS" "outgoing via 192.168.50.30"
192.168.10.20 - arodriguez [25/Jul/2021:08:10:30 -0500] "CONNECT relay-5bec465c.net.anydesk.com:80 HTTP/1.1" 200 0 "HTTPS" "outgoing via 192.168.50.30"
192.168.10.20 - arodriguez [25/Jul/2021:08:11:00 -0500] "CONNECT relay-5bec465c.net.anydesk.com:80 HTTP/1.1" 200 0 "HTTPS" "outgoing via 192.168.50.30"
192.168.5.58 - dunia.glez [25/Jul/2021:08:11:05 -0500] "CONNECT normandy.cdn.mozilla.net:443 HTTP/1.1" 200 0 "HTTPS" "outgoing via 192.168.50.30"
192.168.5.58 - dunia.glez [25/Jul/2021:08:11:06 -0500] "CONNECT classify-client.services.mozilla.com:443 HTTP/1.1" 200 0 "HTTPS" "outgoing via 192.168.50.30"
192.168.5.58 - dunia.glez [25/Jul/2021:08:11:07 -0500] "CONNECT content-signature-2.cdn.mozilla.net:443 HTTP/1.1" 200 0 "HTTPS" "outgoing via 192.168.50.30"
192.168.5.58 - dunia.glez [25/Jul/2021:08:11:10 -0500] "CONNECT scontent-mia3-2.xx.fbcdn.net:443 HTTP/1.1" 200 0 "HTTPS" "outgoing via 192.168.50.30"
192.168.1.29 - rquintanilla [25/Jul/2021:08:11:13 -0500] "CONNECT mail.google.com:443 HTTP/1.1" 200 0 "HTTPS" "outgoing via 192.168.50.30"
192.168.1.29 - rquintanilla [25/Jul/2021:08:11:15 -0500] "CONNECT mail.google.com:443 HTTP/1.1" 200 0 "HTTPS" "outgoing via 192.168.50.30"
192.168.1.29 - rquintanilla [25/Jul/2021:08:11:17 -0500] "CONNECT 0.1.0.1:1001 HTTP/1.1" 200 0 "HTTPS" "outgoing via 192.168.50.30"
192.168.1.29 - rquintanilla [25/Jul/2021:08:11:17 -0500] "CONNECT mail.google.com:443 HTTP/1.1" 200 0 "HTTPS" "outgoing via 192.168.50.30"
192.168.1.29 - rquintanilla [25/Jul/2021:08:11:20 -0500] "CONNECT mail.google.com:443 HTTP/1.1" 200 0 "HTTPS" "outgoing via 192.168.50.30"
192.168.1.29 - rquintanilla [25/Jul/2021:08:11:20 -0500] "CONNECT download.mozilla.org:443 HTTP/1.1" 200 0 "HTTPS" "outgoing via 192.168.50.30"
192.168.1.29 - rquintanilla [25/Jul/2021:08:11:22 -0500] "CONNECT mail.google.com:443 HTTP/1.1" 200 0 "HTTPS" "outgoing via 192.168.50.30"
192.168.1.29 - rquintanilla [25/Jul/2021:08:11:24 -0500] "CONNECT download-installer.cdn.mozilla.net:443 HTTP/1.1" 200 0 "HTTPS" "outgoing via 192.168.50.30"
192.168.1.29 - rquintanilla [25/Jul/2021:08:11:25 -0500] "CONNECT mail.google.com:443 HTTP/1.1" 200 0 "HTTPS" "outgoing via 192.168.50.30"
192.168.10.20 - arodriguez [25/Jul/2021:08:11:28 -0500] "CONNECT relay-5bec465c.net.anydesk.com:80 HTTP/1.1" 200 0 "HTTPS" "outgoing via 192.168.50.30"
192.168.10.20 - arodriguez [25/Jul/2021:08:11:42 -0500] "CONNECT relay-497b2e35.net.anydesk.com:80 HTTP/1.1" 200 0 "HTTPS" "outgoing via 192.168.50.30"
192.168.10.20 - arodriguez [25/Jul/2021:08:12:11 -0500] "CONNECT relay-497b2e35.net.anydesk.com:80 HTTP/1.1" 200 0 "HTTPS" "outgoing via 192.168.50.30"
192.168.10.20 - arodriguez [25/Jul/2021:08:12:40 -0500] "CONNECT relay-497b2e35.net.anydesk.com:80 HTTP/1.1" 200 0 "HTTPS" "outgoing via 192.168.50.30"
192.168.10.20 - arodriguez [25/Jul/2021:08:12:53 -0500] "CONNECT relay-afcf85da.net.anydesk.com:80 HTTP/1.1" 200 0 "HTTPS" "outgoing via 192.168.50.30"
192.168.10.20 - arodriguez [25/Jul/2021:08:13:22 -0500] "CONNECT relay-afcf85da.net.anydesk.com:80 HTTP/1.1" 200 0 "HTTPS" "outgoing via 192.168.50.30"
192.168.10.20 - arodriguez [25/Jul/2021:08:13:52 -0500] "CONNECT relay-afcf85da.net.anydesk.com:80 HTTP/1.1" 200 0 "HTTPS" "outgoing via 192.168.50.30"
192.168.50.220 - servidores [25/Jul/2021:08:14:02 -0500] "CONNECT mirrors.fedoraproject.org:443 HTTP/1.1" 200 0 "HTTPS" "outgoing via 192.168.50.30"
192.168.50.220 - servidores [25/Jul/2021:08:14:06 -0500] "GET http://mirror.globo.com/centos/7.9.2009/os/x86_64/repodata/repomd.xml HTTP/1.1" 200 4164 "HTTP" ""
192.168.50.220 - servidores [25/Jul/2021:08:14:07 -0500] "CONNECT repo.ius.io:443 HTTP/1.1" 200 0 "HTTPS" "outgoing via 192.168.50.30"
192.168.50.220 - servidores [25/Jul/2021:08:14:09 -0500] "CONNECT download.postgresql.org:443 HTTP/1.1" 200 0 "HTTPS" "outgoing via 192.168.50.30"
192.168.10.20 - arodriguez [25/Jul/2021:08:14:20 -0500] "CONNECT relay-afcf85da.net.anydesk.com:80 HTTP/1.1" 200 0 "HTTPS" "outgoing via 192.168.50.30"
192.168.50.220 - servidores [25/Jul/2021:08:14:32 -0500] "CONNECT download.postgresql.org:443 HTTP/1.1" 200 0 "HTTPS" "outgoing via 192.168.50.30"
192.168.50.220 - servidores [25/Jul/2021:08:14:37 -0500] "CONNECT mirror.sjc02.svwh.net:443 HTTP/1.1" 200 0 "HTTPS" "outgoing via 192.168.50.30"
192.168.50.220 - servidores [25/Jul/2021:08:14:39 -0500] "CONNECT download.rethinkdb.com:443 HTTP/1.1" 200 0 "HTTPS" "outgoing via 192.168.50.30"
192.168.50.220 - servidores [25/Jul/2021:08:14:40 -0500] "GET http://mirror.globo.com/centos/7.9.2009/extras/x86_64/repodata/repomd.xml HTTP/1.1" 200 3425 "HTTP" ""
192.168.10.20 - arodriguez [25/Jul/2021:08:14:49 -0500] "CONNECT relay-afcf85da.net.anydesk.com:80 HTTP/1.1" 200 0 "HTTPS" "outgoing via 192.168.50.30"
192.168.1.29 - rquintanilla [25/Jul/2021:08:15:11 -0500] "CONNECT download.mozilla.org:443 HTTP/1.1" 200 0 "HTTPS" "outgoing via 192.168.50.30"
192.168.1.29 - rquintanilla [25/Jul/2021:08:15:11 -0500] "CONNECT incoming.telemetry.mozilla.org:443 HTTP/1.1" 200 0 "HTTPS" "outgoing via 192.168.50.30"
192.168.1.29 - rquintanilla [25/Jul/2021:08:15:12 -0500] "CONNECT push.services.mozilla.com:443 HTTP/1.1" 200 0 "HTTPS" "outgoing via 192.168.50.30"
192.168.1.29 - rquintanilla [25/Jul/2021:08:15:12 -0500] "POST http://ocsp.digicert.com/ HTTP/1.1" 200 947 "HTTP" ""
192.168.1.29 - rquintanilla [25/Jul/2021:08:15:12 -0500] "CONNECT firefox.settings.services.mozilla.com:443 HTTP/1.1" 200 0 "HTTPS" "outgoing via 192.168.50.30"
192.168.1.29 - rquintanilla [25/Jul/2021:08:15:12 -0500] "POST http://ocsp.digicert.com/ HTTP/1.1" 200 947 "HTTP" ""
192.168.1.29 - rquintanilla [25/Jul/2021:08:15:12 -0500] "CONNECT profile.accounts.firefox.com:443 HTTP/1.1" 200 0 "HTTPS" "outgoing via 192.168.50.30"
192.168.1.29 - rquintanilla [25/Jul/2021:08:15:12 -0500] "CONNECT api.accounts.firefox.com:443 HTTP/1.1" 200 0 "HTTPS" "outgoing via 192.168.50.30"
192.168.1.29 - rquintanilla [25/Jul/2021:08:15:12 -0500] "CONNECT incoming.telemetry.mozilla.org:443 HTTP/1.1" 200 0 "HTTPS" "outgoing via 192.168.50.30"
192.168.1.29 - rquintanilla [25/Jul/2021:08:15:12 -0500] "POST http://ocsp.digicert.com/ HTTP/1.1" 200 946 "HTTP" ""
192.168.1.29 - rquintanilla [25/Jul/2021:08:15:12 -0500] "CONNECT firefox.settings.services.mozilla.com:443 HTTP/1.1" 200 0 "HTTPS" "outgoing via 192.168.50.30"
192.168.1.29 - rquintanilla [25/Jul/2021:08:15:13 -0500] "CONNECT download-installer.cdn.mozilla.net:443 HTTP/1.1" 200 0 "HTTPS" "outgoing via 192.168.50.30"
192.168.1.29 - rquintanilla [25/Jul/2021:08:15:13 -0500] "CONNECT 0.1.0.1:1001 HTTP/1.1" 200 0 "HTTPS" "outgoing via 192.168.50.30"
192.168.1.29 - rquintanilla [25/Jul/2021:08:15:13 -0500] "CONNECT safebrowsing.googleapis.com:443 HTTP/1.1" 200 0 "HTTPS" "outgoing via 192.168.50.30"
192.168.1.29 - rquintanilla [25/Jul/2021:08:15:13 -0500] "CONNECT mail.google.com:443 HTTP/1.1" 200 0 "HTTPS" "outgoing via 192.168.50.30"
192.168.1.29 - rquintanilla [25/Jul/2021:08:15:13 -0500] "CONNECT mail.google.com:443 HTTP/1.1" 200 0 "HTTPS" "outgoing via 192.168.50.30"
192.168.1.29 - rquintanilla [25/Jul/2021:08:15:14 -0500] "GET http://www.cubadebate.cu/ HTTP/1.1" 200 150129 "HTTP" "Cubadebate, Contra el Terrorismo Meditico"
192.168.1.29 - rquintanilla [25/Jul/2021:08:15:14 -0500] "POST http://ocsp.digicert.com/ HTTP/1.1" 200 947 "HTTP" ""
192.168.1.29 - rquintanilla [25/Jul/2021:08:15:14 -0500] "POST http://ocsp.digicert.com/ HTTP/1.1" 200 947 "HTTP" ""
192.168.1.29 - rquintanilla [25/Jul/2021:08:15:16 -0500] "CONNECT mail.google.com:443 HTTP/1.1" 200 0 "HTTPS" "outgoing via 192.168.50.30"
192.168.1.29 - rquintanilla [25/Jul/2021:08:15:16 -0500] "CONNECT mail.google.com:443 HTTP/1.1" 200 0 "HTTPS" "outgoing via 192.168.50.30"
192.168.1.29 - rquintanilla [25/Jul/2021:08:15:16 -0500] "CONNECT mail.google.com:443 HTTP/1.1" 200 0 "HTTPS" "outgoing via 192.168.50.30"
192.168.1.29 - rquintanilla [25/Jul/2021:08:15:16 -0500] "CONNECT mail.google.com:443 HTTP/1.1" 200 0 "HTTPS" "outgoing via 192.168.50.30"
192.168.10.20 - arodriguez [25/Jul/2021:08:15:18 -0500] "CONNECT relay-afcf85da.net.anydesk.com:80 HTTP/1.1" 200 0 "HTTPS" "outgoing via 192.168.50.30"
192.168.1.29 - rquintanilla [25/Jul/2021:08:15:19 -0500] "CONNECT mail.google.com:443 HTTP/1.1" 200 0 "HTTPS" "outgoing via 192.168.50.30"
192.168.1.29 - rquintanilla [25/Jul/2021:08:15:19 -0500] "GET http://www.cubadebate.cu/wp-includes/css/dist/block-library/style.min.css?ver=5.1.1 HTTP/1.1" 200 433 "HTTP" ""
192.168.1.29 - rquintanilla [25/Jul/2021:08:15:21 -0500] "CONNECT 0.1.0.1:1001 HTTP/1.1" 200 0 "HTTPS" "outgoing via 192.168.50.30"
192.168.1.29 - rquintanilla [25/Jul/2021:08:15:22 -0500] "CONNECT mail.google.com:443 HTTP/1.1" 200 0 "HTTPS" "outgoing via 192.168.50.30"
192.168.1.29 - rquintanilla [25/Jul/2021:08:15:22 -0500] "CONNECT www.google-analytics.com:443 HTTP/1.1" 200 0 "HTTPS" "outgoing via 192.168.50.30"
192.168.1.29 - rquintanilla [25/Jul/2021:08:15:23 -0500] "POST http://ocsp.pki.goog/gts1c3 HTTP/1.1" 200 850 "HTTP" ""
192.168.1.29 - rquintanilla [25/Jul/2021:08:15:26 -0500] "CONNECT mail.google.com:443 HTTP/1.1" 200 0 "HTTPS" "outgoing via 192.168.50.30"
192.168.1.29 - rquintanilla [25/Jul/2021:08:15:32 -0500] "GET http://media.cubadebate.cu/wp-content/uploads/2021/07/celac-mexico.jpg HTTP/1.1" 200 113542 "HTTP" ""
192.168.1.29 - rquintanilla [25/Jul/2021:08:15:33 -0500] "CONNECT mail.google.com:443 HTTP/1.1" 200 0 "HTTPS" "outgoing via 192.168.50.30"
192.168.1.29 - rquintanilla [25/Jul/2021:08:15:33 -0500] "CONNECT 0.1.0.1:1001 HTTP/1.1" 200 0 "HTTPS" "outgoing via 192.168.50.30"
192.168.1.29 - rquintanilla [25/Jul/2021:08:15:35 -0500] "GET http://media.cubadebate.cu/wp-content/uploads/2021/07/maduro-cuba.jpg HTTP/1.1" 200 87742 "HTTP" ""
192.168.1.29 - rquintanilla [25/Jul/2021:08:15:38 -0500] "GET http://media.cubadebate.cu/wp-content/uploads/2021/07/tokio-2020-banner-deportes-580x330.png HTTP/1.1" 200 394187 "HTTP" ""
192.168.1.29 - rquintanilla [25/Jul/2021:08:15:38 -0500] "GET http://www.cubadebate.cu/wp-includes/js/jquery/jquery.js?ver=1.12.4 HTTP/1.1" 200 97876 "HTTP" ""
192.168.1.29 - rquintanilla [25/Jul/2021:08:15:38 -0500] "GET http://media.cubadebate.cu/wp-content/uploads/2021/07/Stonehenge.jpg HTTP/1.1" 200 74388 "HTTP" ""
192.168.1.29 - rquintanilla [25/Jul/2021:08:15:38 -0500] "GET http://media.cubadebate.cu/wp-content/uploads/2021/07/Reino-Unido-cepa-covid.jpg HTTP/1.1" 200 74117 "HTTP" ""
192.168.1.29 - rquintanilla [25/Jul/2021:08:15:38 -0500] "GET http://media.cubadebate.cu/wp-content/uploads/2021/07/sudafrica-nieva-580x327.jpeg HTTP/1.1" 200 53777 "HTTP" ""
192.168.1.29 - rquintanilla [25/Jul/2021:08:15:38 -0500] "GET http://media.cubadebate.cu/wp-content/uploads/2021/07/amlo.jpg HTTP/1.1" 200 46486 "HTTP" ""
192.168.1.29 - rquintanilla [25/Jul/2021:08:15:38 -0500] "GET http://media.cubadebate.cu/wp-content/gallery/palma-real/thumbs/thumbs_paisaje_tomas-sanchez.jpg HTTP/1.1" 200 5766 "HTTP" ""
192.168.1.29 - rquintanilla [25/Jul/2021:08:15:38 -0500] "GET http://media.cubadebate.cu/wp-content/gallery/palma-real/thumbs/thumbs_paisajes_lester-campa.jpg HTTP/1.1" 200 3874 "HTTP" ""
192.168.1.29 - rquintanilla [25/Jul/2021:08:15:38 -0500] "CONNECT mail.google.com:443 HTTP/1.1" 200 0 "HTTPS" "outgoing via 192.168.50.30"
192.168.1.29 - rquintanilla [25/Jul/2021:08:15:38 -0500] "GET http://media1.cubadebate.cu/wp-content/gallery/autores/carlos-fernandez-de-cossio.jpg HTTP/1.1" 200 791 "HTTP" "303 See Other"
192.168.1.29 - rquintanilla [25/Jul/2021:08:15:38 -0500] "GET http://www.cubadebate.cu/wp-content/plugins/nextgen-gallery/js/ngg.slideshow.min.js?ver=1.06 HTTP/1.1" 200 307 "HTTP" ""
192.168.1.29 - rquintanilla [25/Jul/2021:08:15:38 -0500] "GET http://www.cubadebate.cu/wp-content/plugins/serie-nacional-beisbol/js/widget-snb.js?ver=1.0.0 HTTP/1.1" 200 307 "HTTP" ""
192.168.1.29 - rquintanilla [25/Jul/2021:08:15:38 -0500] "CONNECT www.youtube.com:443 HTTP/1.1" 200 0 "HTTPS" "outgoing via 192.168.50.30"
192.168.1.29 - rquintanilla [25/Jul/2021:08:15:39 -0500] "POST http://ocsp.pki.goog/gts1c3 HTTP/1.1" 200 850 "HTTP" ""
192.168.1.29 - rquintanilla [25/Jul/2021:08:15:42 -0500] "GET http://www.cubadebate.cu/wp-content/themes/cd2.1/scripts/select2/select2.min.js?ver=5.1.1 HTTP/1.1" 200 60548 "HTTP" ""
192.168.1.29 - rquintanilla [25/Jul/2021:08:15:42 -0500] "GET http://www.cubadebate.cu/wp-includes/js/wp-embed.min.js?ver=5.1.1 HTTP/1.1" 200 307 "HTTP" ""
192.168.1.29 - rquintanilla [25/Jul/2021:08:15:44 -0500] "CONNECT stats.g.doubleclick.net:443 HTTP/1.1" 200 0 "HTTPS" "outgoing via 192.168.50.30"
192.168.1.29 - rquintanilla [25/Jul/2021:08:15:45 -0500] "GET http://media.cubadebate.cu/wp-content/plugins/juegos-olimpicos/images/medallas.png HTTP/1.1" 200 600 "HTTP" "302 Found"
192.168.1.29 - rquintanilla [25/Jul/2021:08:15:45 -0500] "GET http://detectportal.firefox.com/canonical.html HTTP/1.1" 200 444 "HTTP" ""
192.168.1.29 - rquintanilla [25/Jul/2021:08:15:45 -0500] "GET http://media.cubadebate.cu/wp-content/plugins/juegos-olimpicos/images/ellipsis.png HTTP/1.1" 200 600 "HTTP" "302 Found"
192.168.10.20 - arodriguez [25/Jul/2021:08:15:47 -0500] "CONNECT relay-afcf85da.net.anydesk.com:80 HTTP/1.1" 200 0 "HTTPS" "outgoing via 192.168.50.30"
192.168.1.29 - rquintanilla [25/Jul/2021:08:15:48 -0500] "CONNECT connect.facebook.net:443 HTTP/1.1" 200 0 "HTTPS" "outgoing via 192.168.50.30"
192.168.1.29 - rquintanilla [25/Jul/2021:08:15:49 -0500] "POST http://ocsp.pki.goog/gts1o1core HTTP/1.1" 200 849 "HTTP" ""
192.168.1.29 - rquintanilla [25/Jul/2021:08:15:51 -0500] "CONNECT 0.1.0.1:1001 HTTP/1.1" 200 0 "HTTPS" "outgoing via 192.168.50.30"
192.168.1.29 - rquintanilla [25/Jul/2021:08:15:58 -0500] "CONNECT www.facebook.com:443 HTTP/1.1" 200 0 "HTTPS" "outgoing via 192.168.50.30"
192.168.10.20 - arodriguez [25/Jul/2021:08:16:00 -0500] "CONNECT relay-1cb4b08e.net.anydesk.com:80 HTTP/1.1" 200 0 "HTTPS" "outgoing via 192.168.50.30"
192.168.1.29 - rquintanilla [25/Jul/2021:08:16:05 -0500] "CONNECT googleads.g.doubleclick.net:443 HTTP/1.1" 200 0 "HTTPS" "outgoing via 192.168.50.30"
192.168.1.29 - rquintanilla [25/Jul/2021:08:16:05 -0500] "CONNECT static.doubleclick.net:443 HTTP/1.1" 200 0 "HTTPS" "outgoing via 192.168.50.30"
192.168.1.29 - rquintanilla [25/Jul/2021:08:16:06 -0500] "CONNECT www.google.com:443 HTTP/1.1" 200 0 "HTTPS" "outgoing via 192.168.50.30"
192.168.1.29 - rquintanilla [25/Jul/2021:08:16:06 -0500] "CONNECT i.ytimg.com:443 HTTP/1.1" 200 0 "HTTPS" "outgoing via 192.168.50.30"
192.168.1.29 - rquintanilla [25/Jul/2021:08:16:07 -0500] "POST http://ocsp.pki.goog/gts1o1core HTTP/1.1" 200 849 "HTTP" ""
192.168.1.29 - rquintanilla [25/Jul/2021:08:16:08 -0500] "POST http://ocsp.digicert.com/ HTTP/1.1" 200 946 "HTTP" ""
192.168.1.29 - rquintanilla [25/Jul/2021:08:16:10 -0500] "CONNECT incoming.telemetry.mozilla.org:443 HTTP/1.1" 200 0 "HTTPS" "outgoing via 192.168.50.30"
192.168.1.29 - rquintanilla [25/Jul/2021:08:16:10 -0500] "CONNECT incoming.telemetry.mozilla.org:443 HTTP/1.1" 200 0 "HTTPS" "outgoing via 192.168.50.30"
192.168.1.29 - rquintanilla [25/Jul/2021:08:16:11 -0500] "GET http://media.cubadebate.cu/wp-content/uploads/2021/07/tokio-2020-banner-portada-cd.png HTTP/1.1" 200 174728 "HTTP" ""
192.168.1.29 - rquintanilla [25/Jul/2021:08:16:13 -0500] "CONNECT mail.google.com:443 HTTP/1.1" 200 0 "HTTPS" "outgoing via 192.168.50.30"
192.168.1.29 - rquintanilla [25/Jul/2021:08:16:14 -0500] "CONNECT 0.1.0.1:1001 HTTP/1.1" 200 0 "HTTPS" "outgoing via 192.168.50.30"
192.168.1.29 - rquintanilla [25/Jul/2021:08:16:17 -0500] "CONNECT mail.google.com:443 HTTP/1.1" 200 0 "HTTPS" "outgoing via 192.168.50.30"
192.168.1.29 - rquintanilla [25/Jul/2021:08:16:20 -0500] "CONNECT mail.google.com:443 HTTP/1.1" 200 0 "HTTPS" "outgoing via 192.168.50.30"
192.168.1.29 - rquintanilla [25/Jul/2021:08:16:21 -0500] "CONNECT mail.google.com:443 HTTP/1.1" 200 0 "HTTPS" "outgoing via 192.168.50.30"
192.168.1.29 - rquintanilla [25/Jul/2021:08:16:23 -0500] "CONNECT mail.google.com:443 HTTP/1.1" 200 0 "HTTPS" "outgoing via 192.168.50.30"
192.168.1.29 - rquintanilla [25/Jul/2021:08:16:26 -0500] "CONNECT mail.google.com:443 HTTP/1.1" 200 0 "HTTPS" "outgoing via 192.168.50.30"
192.168.10.20 - arodriguez [25/Jul/2021:08:16:30 -0500] "CONNECT relay-1cb4b08e.net.anydesk.com:80 HTTP/1.1" 200 0 "HTTPS" "outgoing via 192.168.50.30"
192.168.1.29 - rquintanilla [25/Jul/2021:08:16:33 -0500] "CONNECT static.xx.fbcdn.net:443 HTTP/1.1" 200 0 "HTTPS" "outgoing via 192.168.50.30"
192.168.1.29 - rquintanilla [25/Jul/2021:08:16:33 -0500] "CONNECT static.xx.fbcdn.net:443 HTTP/1.1" 200 0 "HTTPS" "outgoing via 192.168.50.30"
192.168.1.29 - rquintanilla [25/Jul/2021:08:16:33 -0500] "CONNECT static.xx.fbcdn.net:443 HTTP/1.1" 200 0 "HTTPS" "outgoing via 192.168.50.30"
192.168.1.29 - rquintanilla [25/Jul/2021:08:16:33 -0500] "CONNECT static.xx.fbcdn.net:443 HTTP/1.1" 200 0 "HTTPS" "outgoing via 192.168.50.30"
192.168.1.29 - rquintanilla [25/Jul/2021:08:16:33 -0500] "CONNECT static.xx.fbcdn.net:443 HTTP/1.1" 200 0 "HTTPS" "outgoing via 192.168.50.30"
192.168.1.29 - rquintanilla [25/Jul/2021:08:16:33 -0500] "CONNECT static.xx.fbcdn.net:443 HTTP/1.1" 200 0 "HTTPS" "outgoing via 192.168.50.30"
192.168.1.29 - rquintanilla [25/Jul/2021:08:16:34 -0500] "CONNECT safebrowsing.googleapis.com:443 HTTP/1.1" 200 0 "HTTPS" "outgoing via 192.168.50.30"
192.168.1.29 - rquintanilla [25/Jul/2021:08:16:43 -0500] "CONNECT 0.1.0.1:1001 HTTP/1.1" 200 0 "HTTPS" "outgoing via 192.168.50.30"
192.168.1.29 - rquintanilla [25/Jul/2021:08:16:43 -0500] "CONNECT scontent-mia3-1.xx.fbcdn.net:443 HTTP/1.1" 200 0 "HTTPS" "outgoing via 192.168.50.30"
192.168.1.29 - rquintanilla [25/Jul/2021:08:16:43 -0500] "CONNECT scontent-mia3-1.xx.fbcdn.net:443 HTTP/1.1" 200 0 "HTTPS" "outgoing via 192.168.50.30"
192.168.1.29 - rquintanilla [25/Jul/2021:08:16:43 -0500] "CONNECT scontent-mia3-1.xx.fbcdn.net:443 HTTP/1.1" 200 0 "HTTPS" "outgoing via 192.168.50.30"
192.168.1.29 - rquintanilla [25/Jul/2021:08:16:43 -0500] "CONNECT scontent-mia3-1.xx.fbcdn.net:443 HTTP/1.1" 200 0 "HTTPS" "outgoing via 192.168.50.30"
192.168.1.29 - rquintanilla [25/Jul/2021:08:16:43 -0500] "CONNECT scontent-mia3-1.xx.fbcdn.net:443 HTTP/1.1" 200 0 "HTTPS" "outgoing via 192.168.50.30"
192.168.1.29 - rquintanilla [25/Jul/2021:08:16:44 -0500] "CONNECT scontent-mia3-2.xx.fbcdn.net:443 HTTP/1.1" 200 0 "HTTPS" "outgoing via 192.168.50.30"
192.168.1.29 - rquintanilla [25/Jul/2021:08:16:44 -0500] "CONNECT scontent-mia3-2.xx.fbcdn.net:443 HTTP/1.1" 200 0 "HTTPS" "outgoing via 192.168.50.30"
192.168.1.29 - rquintanilla [25/Jul/2021:08:16:44 -0500] "CONNECT scontent-mia3-2.xx.fbcdn.net:443 HTTP/1.1" 200 0 "HTTPS" "outgoing via 192.168.50.30"
192.168.1.29 - rquintanilla [25/Jul/2021:08:16:44 -0500] "CONNECT scontent-mia3-2.xx.fbcdn.net:443 HTTP/1.1" 200 0 "HTTPS" "outgoing via 192.168.50.30"
192.168.1.29 - rquintanilla [25/Jul/2021:08:16:44 -0500] "CONNECT scontent-mia3-2.xx.fbcdn.net:443 HTTP/1.1" 200 0 "HTTPS" "outgoing via 192.168.50.30"
192.168.1.29 - rquintanilla [25/Jul/2021:08:16:44 -0500] "CONNECT scontent-mia3-2.xx.fbcdn.net:443 HTTP/1.1" 200 0 "HTTPS" "outgoing via 192.168.50.30"
192.168.1.29 - rquintanilla [25/Jul/2021:08:16:44 -0500] "CONNECT external-mia3-2.xx.fbcdn.net:443 HTTP/1.1" 200 0 "HTTPS" "outgoing via 192.168.50.30"
192.168.1.29 - rquintanilla [25/Jul/2021:08:16:44 -0500] "CONNECT scontent-mia3-1.xx.fbcdn.net:443 HTTP/1.1" 200 0 "HTTPS" "outgoing via 192.168.50.30"
192.168.1.29 - rquintanilla [25/Jul/2021:08:16:44 -0500] "POST http://ocsp.pki.goog/gts1o1core HTTP/1.1" 200 849 "HTTP" ""
192.168.1.29 - rquintanilla [25/Jul/2021:08:16:45 -0500] "POST http://ocsp.pki.goog/gts1o1core HTTP/1.1" 200 849 "HTTP" ""
192.168.1.29 - rquintanilla [25/Jul/2021:08:16:47 -0500] "CONNECT edge-chat.facebook.com:443 HTTP/1.1" 200 0 "HTTPS" "outgoing via 192.168.50.30"
192.168.1.29 - rquintanilla [25/Jul/2021:08:16:47 -0500] "CONNECT scontent.xx.fbcdn.net:443 HTTP/1.1" 200 0 "HTTPS" "outgoing via 192.168.50.30"
192.168.10.20 - arodriguez [25/Jul/2021:08:16:59 -0500] "CONNECT relay-1cb4b08e.net.anydesk.com:80 HTTP/1.1" 200 0 "HTTPS" "outgoing via 192.168.50.30"
192.168.1.29 - rquintanilla [25/Jul/2021:08:17:02 -0500] "CONNECT gateway.facebook.com:443 HTTP/1.1" 200 0 "HTTPS" "outgoing via 192.168.50.30"
192.168.1.29 - rquintanilla [25/Jul/2021:08:17:06 -0500] "CONNECT scontent.xx.fbcdn.net:443 HTTP/1.1" 200 0 "HTTPS" "outgoing via 192.168.50.30"
192.168.1.29 - rquintanilla [25/Jul/2021:08:17:06 -0500] "CONNECT scontent-atl3-1.xx.fbcdn.net:443 HTTP/1.1" 200 0 "HTTPS" "outgoing via 192.168.50.30"
192.168.1.29 - rquintanilla [25/Jul/2021:08:17:06 -0500] "CONNECT scontent-lga3-1.xx.fbcdn.net:443 HTTP/1.1" 200 0 "HTTPS" "outgoing via 192.168.50.30"
192.168.1.29 - rquintanilla [25/Jul/2021:08:17:06 -0500] "CONNECT scontent-iad3-2.xx.fbcdn.net:443 HTTP/1.1" 200 0 "HTTPS" "outgoing via 192.168.50.30"
192.168.1.29 - rquintanilla [25/Jul/2021:08:17:06 -0500] "CONNECT scontent-dfw5-2.xx.fbcdn.net:443 HTTP/1.1" 200 0 "HTTPS" "outgoing via 192.168.50.30"
192.168.1.29 - rquintanilla [25/Jul/2021:08:17:06 -0500] "CONNECT scontent-dfw5-2.xx.fbcdn.net:443 HTTP/1.1" 200 0 "HTTPS" "outgoing via 192.168.50.30"
192.168.1.29 - rquintanilla [25/Jul/2021:08:17:06 -0500] "CONNECT scontent.fcrq2-1.fna.fbcdn.net:443 HTTP/1.1" 200 0 "HTTPS" "outgoing via 192.168.50.30"
192.168.1.29 - rquintanilla [25/Jul/2021:08:17:06 -0500] "CONNECT scontent.flim17-2.fna.fbcdn.net:443 HTTP/1.1" 200 0 "HTTPS" "outgoing via 192.168.50.30"
192.168.1.29 - rquintanilla [25/Jul/2021:08:17:06 -0500] "CONNECT scontent.fdjb2-1.fna.fbcdn.net:443 HTTP/1.1" 200 0 "HTTPS" "outgoing via 192.168.50.30"
192.168.1.29 - rquintanilla [25/Jul/2021:08:17:08 -0500] "POST http://ocsp.digicert.com/ HTTP/1.1" 200 947 "HTTP" ""
192.168.1.29 - rquintanilla [25/Jul/2021:08:17:09 -0500] "POST http://ocsp.digicert.com/ HTTP/1.1" 200 947 "HTTP" ""
192.168.1.29 - rquintanilla [25/Jul/2021:08:17:09 -0500] "POST http://ocsp.digicert.com/ HTTP/1.1" 200 947 "HTTP" ""
192.168.10.20 - arodriguez [25/Jul/2021:08:17:12 -0500] "CONNECT relay-89970c8c.net.anydesk.com:80 HTTP/1.1" 200 0 "HTTPS" "outgoing via 192.168.50.30"
192.168.1.29 - rquintanilla [25/Jul/2021:08:17:12 -0500] "GET http://www.cubadebate.cu/wp-content/plugins/juegos-olimpicos/css/styles.css?ver=1.1.0 HTTP/1.1" 200 727 "HTTP" ""
192.168.1.29 - rquintanilla [25/Jul/2021:08:17:13 -0500] "CONNECT mail.google.com:443 HTTP/1.1" 200 0 "HTTPS" "outgoing via 192.168.50.30"
192.168.1.29 - rquintanilla [25/Jul/2021:08:17:13 -0500] "GET http://www.cubadebate.cu/wp-content/plugins/wp-polls/polls-js.js?ver=2.75.2 HTTP/1.1" 200 307 "HTTP" ""
192.168.1.29 - rquintanilla [25/Jul/2021:08:17:13 -0500] "GET http://www.cubadebate.cu/wp-content/plugins/wp-anexos/js/scripts.js?ver=1.1.0 HTTP/1.1" 200 307 "HTTP" ""
192.168.1.29 - rquintanilla [25/Jul/2021:08:17:15 -0500] "CONNECT 0.1.0.1:1001 HTTP/1.1" 200 0 "HTTPS" "outgoing via 192.168.50.30"
