192.168.1.29 - jacome [01/Aug/2021:10:43:52 -0500] "CONNECT encrypted-tbn0.gstatic.com:443 HTTP/1.1" 200 0 "HTTPS" "outgoing via 192.168.50.30"
192.168.1.29 - jacome [01/Aug/2021:10:43:52 -0500] "CONNECT encrypted-tbn0.gstatic.com:443 HTTP/1.1" 200 0 "HTTPS" "outgoing via 192.168.50.30"
192.168.1.29 - jacome [01/Aug/2021:10:43:52 -0500] "CONNECT encrypted-tbn0.gstatic.com:443 HTTP/1.1" 200 0 "HTTPS" "outgoing via 192.168.50.30"
192.168.1.29 - jacome [01/Aug/2021:10:43:52 -0500] "CONNECT encrypted-tbn0.gstatic.com:443 HTTP/1.1" 200 0 "HTTPS" "outgoing via 192.168.50.30"
192.168.1.29 - jacome [01/Aug/2021:10:43:52 -0500] "CONNECT encrypted-tbn0.gstatic.com:443 HTTP/1.1" 200 0 "HTTPS" "outgoing via 192.168.50.30"
192.168.1.29 - jacome [01/Aug/2021:10:43:52 -0500] "CONNECT encrypted-tbn0.gstatic.com:443 HTTP/1.1" 200 0 "HTTPS" "outgoing via 192.168.50.30"
192.168.1.29 - jacome [01/Aug/2021:10:43:53 -0500] "CONNECT www.google.com.cu:443 HTTP/1.1" 200 0 "HTTPS" "outgoing via 192.168.50.30"
192.168.1.29 - jacome [01/Aug/2021:10:43:54 -0500] "CONNECT www.yoreparo.com:443 HTTP/1.1" 200 0 "HTTPS" "outgoing via 192.168.50.30"
192.168.1.29 - jacome [01/Aug/2021:10:43:56 -0500] "CONNECT r3---sn-hp57kn67.googlevideo.com:443 HTTP/1.1" 200 0 "HTTPS" "outgoing via 192.168.50.30"
192.168.1.29 - jacome [01/Aug/2021:10:43:56 -0500] "CONNECT ssl.gstatic.com:443 HTTP/1.1" 200 0 "HTTPS" "outgoing via 192.168.50.30"
192.168.10.20 - arodriguez [01/Aug/2021:10:43:57 -0500] "CONNECT relay-8897650c.net.anydesk.com:80 HTTP/1.1" 200 0 "HTTPS" "outgoing via 192.168.50.30"
192.168.1.29 - jacome [01/Aug/2021:10:43:57 -0500] "CONNECT adservice.google.com.cu:443 HTTP/1.1" 200 0 "HTTPS" "outgoing via 192.168.50.30"
192.168.1.29 - jacome [01/Aug/2021:10:44:00 -0500] "CONNECT adjuntos.yoreparo.com:443 HTTP/1.1" 200 0 "HTTPS" "outgoing via 192.168.50.30"
192.168.1.29 - jacome [01/Aug/2021:10:44:00 -0500] "CONNECT adjuntos.yoreparo.com:443 HTTP/1.1" 200 0 "HTTPS" "outgoing via 192.168.50.30"
192.168.1.29 - jacome [01/Aug/2021:10:44:00 -0500] "CONNECT adjuntos.yoreparo.com:443 HTTP/1.1" 200 0 "HTTPS" "outgoing via 192.168.50.30"
192.168.1.29 - jacome [01/Aug/2021:10:44:00 -0500] "CONNECT static.cloudflareinsights.com:443 HTTP/1.1" 200 0 "HTTPS" "outgoing via 192.168.50.30"
192.168.1.29 - jacome [01/Aug/2021:10:44:00 -0500] "CONNECT code.jquery.com:443 HTTP/1.1" 200 0 "HTTPS" "outgoing via 192.168.50.30"
192.168.1.29 - jacome [01/Aug/2021:10:44:01 -0500] "CONNECT yt3.ggpht.com:443 HTTP/1.1" 200 0 "HTTPS" "outgoing via 192.168.50.30"
192.168.1.29 - jacome [01/Aug/2021:10:44:02 -0500] "CONNECT googleads.g.doubleclick.net:443 HTTP/1.1" 200 0 "HTTPS" "outgoing via 192.168.50.30"
192.168.1.29 - jacome [01/Aug/2021:10:44:02 -0500] "CONNECT googleads.g.doubleclick.net:443 HTTP/1.1" 200 0 "HTTPS" "outgoing via 192.168.50.30"
192.168.1.29 - jacome [01/Aug/2021:10:44:02 -0500] "CONNECT googleads.g.doubleclick.net:443 HTTP/1.1" 200 0 "HTTPS" "outgoing via 192.168.50.30"
192.168.1.29 - jacome [01/Aug/2021:10:44:03 -0500] "CONNECT encrypted-tbn2.gstatic.com:443 HTTP/1.1" 200 0 "HTTPS" "outgoing via 192.168.50.30"
192.168.1.29 - jacome [01/Aug/2021:10:44:04 -0500] "POST http://ocsp.pki.goog/gts1c3 HTTP/1.1" 200 849 "HTTP" ""
192.168.1.29 - jacome [01/Aug/2021:10:44:05 -0500] "CONNECT www.googletagmanager.com:443 HTTP/1.1" 200 0 "HTTPS" "outgoing via 192.168.50.30"
192.168.1.29 - jacome [01/Aug/2021:10:44:05 -0500] "POST http://ocsp.pki.goog/gts1c3 HTTP/1.1" 200 850 "HTTP" ""
192.168.1.29 - jacome [01/Aug/2021:10:44:07 -0500] "POST http://ocsp.pki.goog/gts1o1core HTTP/1.1" 200 849 "HTTP" ""
192.168.1.29 - jacome [01/Aug/2021:10:44:10 -0500] "CONNECT securepubads.g.doubleclick.net:443 HTTP/1.1" 200 0 "HTTPS" "outgoing via 192.168.50.30"
192.168.10.20 - arodriguez [01/Aug/2021:10:44:10 -0500] "CONNECT relay-f4ae83b1.net.anydesk.com:80 HTTP/1.1" 200 0 "HTTPS" "outgoing via 192.168.50.30"
192.168.1.29 - jacome [01/Aug/2021:10:44:12 -0500] "CONNECT r3---sn-xuxjn5-i58e.googlevideo.com:443 HTTP/1.1" 200 0 "HTTPS" "outgoing via 192.168.50.30"
192.168.1.29 - jacome [01/Aug/2021:10:44:12 -0500] "CONNECT r3---sn-hp57kn67.googlevideo.com:443 HTTP/1.1" 200 0 "HTTPS" "outgoing via 192.168.50.30"
192.168.1.29 - jacome [01/Aug/2021:10:44:13 -0500] "CONNECT cubasi.cu:443 HTTP/1.1" 200 0 "HTTPS" "outgoing via 192.168.50.30"
192.168.1.29 - jacome [01/Aug/2021:10:44:14 -0500] "CONNECT www.google-analytics.com:443 HTTP/1.1" 200 0 "HTTPS" "outgoing via 192.168.50.30"
192.168.1.29 - jacome [01/Aug/2021:10:44:16 -0500] "POST http://ocsp.pki.goog/gts1o1core HTTP/1.1" 200 849 "HTTP" ""
192.168.1.29 - jacome [01/Aug/2021:10:44:19 -0500] "CONNECT stats.g.doubleclick.net:443 HTTP/1.1" 200 0 "HTTPS" "outgoing via 192.168.50.30"
192.168.1.29 - jacome [01/Aug/2021:10:44:19 -0500] "GET http://detectportal.firefox.com/canonical.html HTTP/1.1" 200 444 "HTTP" ""
192.168.1.29 - jacome [01/Aug/2021:10:44:19 -0500] "CONNECT securepubads.g.doubleclick.net:443 HTTP/1.1" 200 0 "HTTPS" "outgoing via 192.168.50.30"
192.168.1.29 - jacome [01/Aug/2021:10:44:25 -0500] "CONNECT youtube.com:443 HTTP/1.1" 200 0 "HTTPS" "outgoing via 192.168.50.30"
192.168.1.29 - jacome [01/Aug/2021:10:44:25 -0500] "CONNECT r4---sn-xuxjn5-i58e.googlevideo.com:443 HTTP/1.1" 200 0 "HTTPS" "outgoing via 192.168.50.30"
192.168.1.29 - jacome [01/Aug/2021:10:44:25 -0500] "CONNECT r4---sn-xuxjn5-i58e.googlevideo.com:443 HTTP/1.1" 200 0 "HTTPS" "outgoing via 192.168.50.30"
192.168.1.29 - jacome [01/Aug/2021:10:44:26 -0500] "CONNECT googleads.g.doubleclick.net:443 HTTP/1.1" 200 0 "HTTPS" "outgoing via 192.168.50.30"
192.168.1.29 - jacome [01/Aug/2021:10:44:34 -0500] "CONNECT r5---sn-hp57knzz.googlevideo.com:443 HTTP/1.1" 200 0 "HTTPS" "outgoing via 192.168.50.30"
192.168.10.20 - arodriguez [01/Aug/2021:10:44:39 -0500] "CONNECT relay-f4ae83b1.net.anydesk.com:80 HTTP/1.1" 200 0 "HTTPS" "outgoing via 192.168.50.30"
192.168.1.29 - jacome [01/Aug/2021:10:44:47 -0500] "CONNECT r5---sn-hp57ynl6.googlevideo.com:443 HTTP/1.1" 200 0 "HTTPS" "outgoing via 192.168.50.30"
192.168.1.29 - jacome [01/Aug/2021:10:44:47 -0500] "CONNECT r5---sn-hp57ynl6.googlevideo.com:443 HTTP/1.1" 200 0 "HTTPS" "outgoing via 192.168.50.30"
192.168.1.29 - jacome [01/Aug/2021:10:44:48 -0500] "CONNECT safebrowsing.googleapis.com:443 HTTP/1.1" 200 0 "HTTPS" "outgoing via 192.168.50.30"
192.168.1.29 - jacome [01/Aug/2021:10:44:51 -0500] "CONNECT r2---sn-xuxjn5-i58e.googlevideo.com:443 HTTP/1.1" 200 0 "HTTPS" "outgoing via 192.168.50.30"
192.168.1.29 - jacome [01/Aug/2021:10:44:59 -0500] "CONNECT r2---sn-xuxjn5-i58e.googlevideo.com:443 HTTP/1.1" 200 0 "HTTPS" "outgoing via 192.168.50.30"
192.168.10.20 - arodriguez [01/Aug/2021:10:45:08 -0500] "CONNECT relay-f4ae83b1.net.anydesk.com:80 HTTP/1.1" 200 0 "HTTPS" "outgoing via 192.168.50.30"
192.168.1.29 - jacome [01/Aug/2021:10:45:09 -0500] "POST http://ocsp.pki.goog/gts1o1core HTTP/1.1" 200 849 "HTTP" ""
192.168.1.29 - jacome [01/Aug/2021:10:45:09 -0500] "POST http://ocsp.pki.goog/gts1o1core HTTP/1.1" 200 849 "HTTP" ""
192.168.1.29 - jacome [01/Aug/2021:10:45:11 -0500] "CONNECT static.doubleclick.net:443 HTTP/1.1" 200 0 "HTTPS" "outgoing via 192.168.50.30"
192.168.1.29 - jacome [01/Aug/2021:10:45:12 -0500] "POST http://ocsp.pki.goog/gts1o1core HTTP/1.1" 200 849 "HTTP" ""
192.168.10.20 - arodriguez [01/Aug/2021:10:45:21 -0500] "CONNECT relay-bd01ff02.net.anydesk.com:80 HTTP/1.1" 200 0 "HTTPS" "outgoing via 192.168.50.30"
192.168.1.29 - jacome [01/Aug/2021:10:45:24 -0500] "GET http://detectportal.firefox.com/success.txt?ipv4 HTTP/1.1" 200 362 "HTTP" ""
192.168.1.29 - jacome [01/Aug/2021:10:45:41 -0500] "CONNECT www.redpinar.gob.cu:443 HTTP/1.1" 200 0 "HTTPS" "outgoing via 192.168.50.30"
192.168.1.29 - jacome [01/Aug/2021:10:45:41 -0500] "POST http://ocsp.pki.goog/gts1o1core HTTP/1.1" 200 849 "HTTP" ""
192.168.1.29 - jacome [01/Aug/2021:10:45:46 -0500] "CONNECT incoming.telemetry.mozilla.org:443 HTTP/1.1" 200 0 "HTTPS" "outgoing via 192.168.50.30"
192.168.1.29 - jacome [01/Aug/2021:10:45:47 -0500] "CONNECT www.redpinar.gob.cu:443 HTTP/1.1" 200 0 "HTTPS" "outgoing via 192.168.50.30"
192.168.1.29 - jacome [01/Aug/2021:10:45:47 -0500] "CONNECT www.redpinar.gob.cu:443 HTTP/1.1" 200 0 "HTTPS" "outgoing via 192.168.50.30"
192.168.1.29 - jacome [01/Aug/2021:10:45:48 -0500] "CONNECT www.redpinar.gob.cu:443 HTTP/1.1" 200 0 "HTTPS" "outgoing via 192.168.50.30"
192.168.1.29 - jacome [01/Aug/2021:10:45:48 -0500] "CONNECT www.redpinar.gob.cu:443 HTTP/1.1" 200 0 "HTTPS" "outgoing via 192.168.50.30"
192.168.1.29 - jacome [01/Aug/2021:10:45:48 -0500] "CONNECT www.google.com:443 HTTP/1.1" 200 0 "HTTPS" "outgoing via 192.168.50.30"
192.168.1.29 - jacome [01/Aug/2021:10:45:48 -0500] "CONNECT telus.redcuba.cu:443 HTTP/1.1" 200 0 "HTTPS" "outgoing via 192.168.50.30"
192.168.1.29 - jacome [01/Aug/2021:10:45:48 -0500] "CONNECT www.redpinar.gob.cu:443 HTTP/1.1" 200 0 "HTTPS" "outgoing via 192.168.50.30"
192.168.1.29 - jacome [01/Aug/2021:10:45:49 -0500] "POST http://r3.o.lencr.org/ HTTP/1.1" 200 1013 "HTTP" ""
192.168.10.20 - arodriguez [01/Aug/2021:10:45:51 -0500] "CONNECT relay-bd01ff02.net.anydesk.com:80 HTTP/1.1" 200 0 "HTTPS" "outgoing via 192.168.50.30"
192.168.1.29 - jacome [01/Aug/2021:10:45:57 -0500] "CONNECT assets.pinterest.com:443 HTTP/1.1" 200 0 "HTTPS" "outgoing via 192.168.50.30"
192.168.1.29 - jacome [01/Aug/2021:10:46:03 -0500] "CONNECT platform.linkedin.com:443 HTTP/1.1" 200 0 "HTTPS" "outgoing via 192.168.50.30"
192.168.1.29 - jacome [01/Aug/2021:10:46:04 -0500] "CONNECT platform.twitter.com:443 HTTP/1.1" 200 0 "HTTPS" "outgoing via 192.168.50.30"
192.168.1.29 - jacome [01/Aug/2021:10:46:04 -0500] "CONNECT connect.facebook.net:443 HTTP/1.1" 200 0 "HTTPS" "outgoing via 192.168.50.30"
192.168.1.29 - jacome [01/Aug/2021:10:46:04 -0500] "POST http://r3.o.lencr.org/ HTTP/1.1" 200 1013 "HTTP" ""
192.168.1.29 - jacome [01/Aug/2021:10:46:04 -0500] "POST http://ocsp.pki.goog/gts1o1core HTTP/1.1" 200 849 "HTTP" ""
192.168.1.29 - jacome [01/Aug/2021:10:46:06 -0500] "CONNECT connect.facebook.net:443 HTTP/1.1" 200 0 "HTTPS" "outgoing via 192.168.50.30"
192.168.1.29 - jacome [01/Aug/2021:10:46:07 -0500] "POST http://ocsp.pki.goog/gts1o1core HTTP/1.1" 200 849 "HTTP" ""
192.168.1.29 - jacome [01/Aug/2021:10:46:07 -0500] "CONNECT syndication.twitter.com:443 HTTP/1.1" 200 0 "HTTPS" "outgoing via 192.168.50.30"
192.168.1.29 - jacome [01/Aug/2021:10:46:07 -0500] "CONNECT log.pinterest.com:443 HTTP/1.1" 200 0 "HTTPS" "outgoing via 192.168.50.30"
192.168.1.29 - jacome [01/Aug/2021:10:46:07 -0500] "POST http://r3.o.lencr.org/ HTTP/1.1" 200 1013 "HTTP" ""
192.168.1.29 - jacome [01/Aug/2021:10:46:11 -0500] "CONNECT www.facebook.com:443 HTTP/1.1" 200 0 "HTTPS" "outgoing via 192.168.50.30"
192.168.1.29 - jacome [01/Aug/2021:10:46:11 -0500] "CONNECT www.facebook.com:443 HTTP/1.1" 200 0 "HTTPS" "outgoing via 192.168.50.30"
192.168.10.20 - arodriguez [01/Aug/2021:10:46:20 -0500] "CONNECT relay-bd01ff02.net.anydesk.com:80 HTTP/1.1" 200 0 "HTTPS" "outgoing via 192.168.50.30"
192.168.1.29 - jacome [01/Aug/2021:10:46:29 -0500] "CONNECT googleads.g.doubleclick.net:443 HTTP/1.1" 200 0 "HTTPS" "outgoing via 192.168.50.30"
192.168.1.29 - jacome [01/Aug/2021:10:46:29 -0500] "GET http://detectportal.firefox.com/canonical.html HTTP/1.1" 200 444 "HTTP" ""
192.168.1.29 - jacome [01/Aug/2021:10:46:29 -0500] "GET http://detectportal.firefox.com/success.txt?ipv4 HTTP/1.1" 200 362 "HTTP" ""
192.168.1.29 - jacome [01/Aug/2021:10:46:36 -0500] "CONNECT adservice.google.com:443 HTTP/1.1" 200 0 "HTTPS" "outgoing via 192.168.50.30"
192.168.1.29 - jacome [01/Aug/2021:10:46:37 -0500] "CONNECT adservice.google.com.cu:443 HTTP/1.1" 200 0 "HTTPS" "outgoing via 192.168.50.30"
192.168.1.29 - jacome [01/Aug/2021:10:46:39 -0500] "CONNECT googleads.g.doubleclick.net:443 HTTP/1.1" 200 0 "HTTPS" "outgoing via 192.168.50.30"
192.168.1.29 - jacome [01/Aug/2021:10:46:39 -0500] "GET http://detectportal.firefox.com/canonical.html HTTP/1.1" 200 444 "HTTP" ""
192.168.1.29 - jacome [01/Aug/2021:10:46:39 -0500] "GET http://detectportal.firefox.com/success.txt?ipv4 HTTP/1.1" 200 362 "HTTP" ""
192.168.10.20 - arodriguez [01/Aug/2021:10:46:49 -0500] "CONNECT relay-bd01ff02.net.anydesk.com:80 HTTP/1.1" 200 0 "HTTPS" "outgoing via 192.168.50.30"
192.168.1.29 - jacome [01/Aug/2021:10:47:17 -0500] "CONNECT encrypted-vtbn0.gstatic.com:443 HTTP/1.1" 200 0 "HTTPS" "outgoing via 192.168.50.30"
192.168.10.20 - arodriguez [01/Aug/2021:10:47:18 -0500] "CONNECT relay-bd01ff02.net.anydesk.com:80 HTTP/1.1" 200 0 "HTTPS" "outgoing via 192.168.50.30"
192.168.10.20 - arodriguez [01/Aug/2021:10:47:32 -0500] "CONNECT relay-f6106504.net.anydesk.com:80 HTTP/1.1" 200 0 "HTTPS" "outgoing via 192.168.50.30"
192.168.10.20 - arodriguez [01/Aug/2021:10:48:01 -0500] "CONNECT relay-f6106504.net.anydesk.com:80 HTTP/1.1" 200 0 "HTTPS" "outgoing via 192.168.50.30"
192.168.1.29 - jacome [01/Aug/2021:10:48:14 -0500] "CONNECT incoming.telemetry.mozilla.org:443 HTTP/1.1" 200 0 "HTTPS" "outgoing via 192.168.50.30"
192.168.1.29 - jacome [01/Aug/2021:10:48:14 -0500] "CONNECT r2---sn-xuxjn5-i58e.googlevideo.com:443 HTTP/1.1" 200 0 "HTTPS" "outgoing via 192.168.50.30"
192.168.10.20 - arodriguez [01/Aug/2021:10:48:30 -0500] "CONNECT relay-f6106504.net.anydesk.com:80 HTTP/1.1" 200 0 "HTTPS" "outgoing via 192.168.50.30"
192.168.1.29 - jacome [01/Aug/2021:10:48:30 -0500] "CONNECT googleads.g.doubleclick.net:443 HTTP/1.1" 200 0 "HTTPS" "outgoing via 192.168.50.30"
192.168.1.29 - jacome [01/Aug/2021:10:48:31 -0500] "GET http://detectportal.firefox.com/canonical.html HTTP/1.1" 200 444 "HTTP" ""
192.168.1.29 - jacome [01/Aug/2021:10:48:57 -0500] "CONNECT adservice.google.com:443 HTTP/1.1" 200 0 "HTTPS" "outgoing via 192.168.50.30"
192.168.10.20 - arodriguez [01/Aug/2021:10:48:59 -0500] "CONNECT relay-f6106504.net.anydesk.com:80 HTTP/1.1" 200 0 "HTTPS" "outgoing via 192.168.50.30"
192.168.1.29 - jacome [01/Aug/2021:10:49:00 -0500] "CONNECT adservice.google.com.cu:443 HTTP/1.1" 200 0 "HTTPS" "outgoing via 192.168.50.30"
192.168.1.29 - jacome [01/Aug/2021:10:49:04 -0500] "CONNECT googleads.g.doubleclick.net:443 HTTP/1.1" 200 0 "HTTPS" "outgoing via 192.168.50.30"
192.168.1.29 - jacome [01/Aug/2021:10:49:04 -0500] "GET http://detectportal.firefox.com/canonical.html HTTP/1.1" 200 444 "HTTP" ""
192.168.1.29 - jacome [01/Aug/2021:10:49:06 -0500] "CONNECT googleads.g.doubleclick.net:443 HTTP/1.1" 200 0 "HTTPS" "outgoing via 192.168.50.30"
192.168.1.29 - jacome [01/Aug/2021:10:49:14 -0500] "CONNECT adservice.google.com:443 HTTP/1.1" 200 0 "HTTPS" "outgoing via 192.168.50.30"
192.168.1.29 - jacome [01/Aug/2021:10:49:17 -0500] "CONNECT adservice.google.com.cu:443 HTTP/1.1" 200 0 "HTTPS" "outgoing via 192.168.50.30"
192.168.1.29 - jacome [01/Aug/2021:10:49:18 -0500] "GET http://detectportal.firefox.com/success.txt?ipv4 HTTP/1.1" 200 362 "HTTP" ""
192.168.1.29 - jacome [01/Aug/2021:10:49:19 -0500] "CONNECT googleads.g.doubleclick.net:443 HTTP/1.1" 200 0 "HTTPS" "outgoing via 192.168.50.30"
192.168.1.29 - jacome [01/Aug/2021:10:49:19 -0500] "GET http://detectportal.firefox.com/canonical.html HTTP/1.1" 200 444 "HTTP" ""
192.168.10.20 - arodriguez [01/Aug/2021:10:49:28 -0500] "CONNECT relay-f6106504.net.anydesk.com:80 HTTP/1.1" 200 0 "HTTPS" "outgoing via 192.168.50.30"
192.168.1.29 - jacome [01/Aug/2021:10:49:33 -0500] "GET http://detectportal.firefox.com/success.txt?ipv4 HTTP/1.1" 200 362 "HTTP" ""
192.168.10.20 - arodriguez [01/Aug/2021:10:49:58 -0500] "CONNECT relay-f6106504.net.anydesk.com:80 HTTP/1.1" 200 0 "HTTPS" "outgoing via 192.168.50.30"
192.168.1.29 - jacome [01/Aug/2021:10:50:00 -0500] "CONNECT encrypted-tbn2.gstatic.com:443 HTTP/1.1" 200 0 "HTTPS" "outgoing via 192.168.50.30"
192.168.1.29 - jacome [01/Aug/2021:10:50:00 -0500] "CONNECT i.pinimg.com:443 HTTP/1.1" 200 0 "HTTPS" "outgoing via 192.168.50.30"
192.168.1.29 - jacome [01/Aug/2021:10:50:02 -0500] "CONNECT image.slidesharecdn.com:443 HTTP/1.1" 200 0 "HTTPS" "outgoing via 192.168.50.30"
192.168.10.20 - arodriguez [01/Aug/2021:10:50:11 -0500] "CONNECT relay-2057a8b4.net.anydesk.com:80 HTTP/1.1" 200 0 "HTTPS" "outgoing via 192.168.50.30"
192.168.1.29 - jacome [01/Aug/2021:10:50:19 -0500] "CONNECT incoming.telemetry.mozilla.org:443 HTTP/1.1" 200 0 "HTTPS" "outgoing via 192.168.50.30"
192.168.10.20 - arodriguez [01/Aug/2021:10:50:40 -0500] "CONNECT relay-2057a8b4.net.anydesk.com:80 HTTP/1.1" 200 0 "HTTPS" "outgoing via 192.168.50.30"
192.168.1.29 - jacome [01/Aug/2021:10:50:54 -0500] "CONNECT ssl.gstatic.com:443 HTTP/1.1" 200 0 "HTTPS" "outgoing via 192.168.50.30"
192.168.1.29 - jacome [01/Aug/2021:10:50:56 -0500] "CONNECT play.google.com:443 HTTP/1.1" 200 0 "HTTPS" "outgoing via 192.168.50.30"
192.168.1.29 - jacome [01/Aug/2021:10:51:01 -0500] "CONNECT incoming.telemetry.mozilla.org:443 HTTP/1.1" 200 0 "HTTPS" "outgoing via 192.168.50.30"
192.168.1.29 - jacome [01/Aug/2021:10:51:03 -0500] "CONNECT www.google.com:443 HTTP/1.1" 200 0 "HTTPS" "outgoing via 192.168.50.30"
192.168.10.20 - arodriguez [01/Aug/2021:10:51:09 -0500] "CONNECT relay-2057a8b4.net.anydesk.com:80 HTTP/1.1" 200 0 "HTTPS" "outgoing via 192.168.50.30"
192.168.1.29 - jacome [01/Aug/2021:10:51:20 -0500] "CONNECT adservice.google.com:443 HTTP/1.1" 200 0 "HTTPS" "outgoing via 192.168.50.30"
192.168.1.29 - jacome [01/Aug/2021:10:51:22 -0500] "CONNECT adservice.google.com.cu:443 HTTP/1.1" 200 0 "HTTPS" "outgoing via 192.168.50.30"
192.168.1.29 - jacome [01/Aug/2021:10:51:23 -0500] "CONNECT googleads.g.doubleclick.net:443 HTTP/1.1" 200 0 "HTTPS" "outgoing via 192.168.50.30"
192.168.1.29 - jacome [01/Aug/2021:10:51:23 -0500] "GET http://detectportal.firefox.com/canonical.html HTTP/1.1" 200 444 "HTTP" ""
192.168.1.29 - jacome [01/Aug/2021:10:51:24 -0500] "GET http://detectportal.firefox.com/success.txt?ipv4 HTTP/1.1" 200 362 "HTTP" ""
192.168.1.29 - jacome [01/Aug/2021:10:51:29 -0500] "CONNECT ogs.google.com:443 HTTP/1.1" 200 0 "HTTPS" "outgoing via 192.168.50.30"
192.168.1.29 - jacome [01/Aug/2021:10:51:30 -0500] "CONNECT googleads.g.doubleclick.net:443 HTTP/1.1" 200 0 "HTTPS" "outgoing via 192.168.50.30"
192.168.1.29 - jacome [01/Aug/2021:10:51:30 -0500] "GET http://detectportal.firefox.com/canonical.html HTTP/1.1" 200 444 "HTTP" ""
192.168.1.29 - jacome [01/Aug/2021:10:51:30 -0500] "GET http://detectportal.firefox.com/success.txt?ipv4 HTTP/1.1" 200 362 "HTTP" ""
192.168.1.29 - jacome [01/Aug/2021:10:51:30 -0500] "CONNECT i.ytimg.com:443 HTTP/1.1" 200 0 "HTTPS" "outgoing via 192.168.50.30"
192.168.10.20 - arodriguez [01/Aug/2021:10:51:38 -0500] "CONNECT relay-2057a8b4.net.anydesk.com:80 HTTP/1.1" 200 0 "HTTPS" "outgoing via 192.168.50.30"
192.168.1.29 - jacome [01/Aug/2021:10:51:49 -0500] "CONNECT adservice.google.com:443 HTTP/1.1" 200 0 "HTTPS" "outgoing via 192.168.50.30"
192.168.1.29 - jacome [01/Aug/2021:10:51:50 -0500] "CONNECT adservice.google.com.cu:443 HTTP/1.1" 200 0 "HTTPS" "outgoing via 192.168.50.30"
192.168.10.20 - arodriguez [01/Aug/2021:10:51:51 -0500] "CONNECT relay-096fe6d0.net.anydesk.com:80 HTTP/1.1" 200 0 "HTTPS" "outgoing via 192.168.50.30"
192.168.1.29 - jacome [01/Aug/2021:10:51:52 -0500] "CONNECT googleads.g.doubleclick.net:443 HTTP/1.1" 200 0 "HTTPS" "outgoing via 192.168.50.30"
192.168.1.29 - jacome [01/Aug/2021:10:51:52 -0500] "GET http://detectportal.firefox.com/canonical.html HTTP/1.1" 200 444 "HTTP" ""
192.168.1.29 - jacome [01/Aug/2021:10:51:52 -0500] "GET http://detectportal.firefox.com/success.txt?ipv4 HTTP/1.1" 200 362 "HTTP" ""
192.168.1.29 - jacome [01/Aug/2021:10:52:11 -0500] "CONNECT adservice.google.com:443 HTTP/1.1" 200 0 "HTTPS" "outgoing via 192.168.50.30"
192.168.1.29 - jacome [01/Aug/2021:10:52:11 -0500] "CONNECT encrypted-tbn1.gstatic.com:443 HTTP/1.1" 200 0 "HTTPS" "outgoing via 192.168.50.30"
192.168.1.29 - jacome [01/Aug/2021:10:52:12 -0500] "CONNECT adservice.google.com.cu:443 HTTP/1.1" 200 0 "HTTPS" "outgoing via 192.168.50.30"
192.168.1.29 - jacome [01/Aug/2021:10:52:14 -0500] "CONNECT googleads.g.doubleclick.net:443 HTTP/1.1" 200 0 "HTTPS" "outgoing via 192.168.50.30"
192.168.1.29 - jacome [01/Aug/2021:10:52:14 -0500] "GET http://detectportal.firefox.com/canonical.html HTTP/1.1" 200 444 "HTTP" ""
192.168.1.29 - jacome [01/Aug/2021:10:52:14 -0500] "GET http://detectportal.firefox.com/success.txt?ipv4 HTTP/1.1" 200 362 "HTTP" ""
192.168.10.20 - arodriguez [01/Aug/2021:10:52:20 -0500] "CONNECT relay-096fe6d0.net.anydesk.com:80 HTTP/1.1" 200 0 "HTTPS" "outgoing via 192.168.50.30"
192.168.10.20 - arodriguez [01/Aug/2021:10:52:49 -0500] "CONNECT relay-096fe6d0.net.anydesk.com:80 HTTP/1.1" 200 0 "HTTPS" "outgoing via 192.168.50.30"
192.168.10.20 - arodriguez [01/Aug/2021:10:53:18 -0500] "CONNECT relay-096fe6d0.net.anydesk.com:80 HTTP/1.1" 200 0 "HTTPS" "outgoing via 192.168.50.30"
192.168.10.20 - arodriguez [01/Aug/2021:10:53:47 -0500] "CONNECT relay-096fe6d0.net.anydesk.com:80 HTTP/1.1" 200 0 "HTTPS" "outgoing via 192.168.50.30"
192.168.10.20 - arodriguez [01/Aug/2021:10:54:16 -0500] "CONNECT relay-096fe6d0.net.anydesk.com:80 HTTP/1.1" 200 0 "HTTPS" "outgoing via 192.168.50.30"
192.168.10.20 - arodriguez [01/Aug/2021:10:54:30 -0500] "CONNECT relay-497b2e35.net.anydesk.com:80 HTTP/1.1" 200 0 "HTTPS" "outgoing via 192.168.50.30"
192.168.10.20 - arodriguez [01/Aug/2021:10:54:59 -0500] "CONNECT relay-497b2e35.net.anydesk.com:80 HTTP/1.1" 200 0 "HTTPS" "outgoing via 192.168.50.30"
192.168.10.20 - arodriguez [01/Aug/2021:10:55:28 -0500] "CONNECT relay-497b2e35.net.anydesk.com:80 HTTP/1.1" 200 0 "HTTPS" "outgoing via 192.168.50.30"
192.168.10.20 - arodriguez [01/Aug/2021:10:55:41 -0500] "CONNECT relay-5bec465c.net.anydesk.com:80 HTTP/1.1" 200 0 "HTTPS" "outgoing via 192.168.50.30"
192.168.10.20 - arodriguez [01/Aug/2021:10:56:10 -0500] "CONNECT relay-5bec465c.net.anydesk.com:80 HTTP/1.1" 200 0 "HTTPS" "outgoing via 192.168.50.30"
192.168.10.20 - arodriguez [01/Aug/2021:10:56:39 -0500] "CONNECT relay-5bec465c.net.anydesk.com:80 HTTP/1.1" 200 0 "HTTPS" "outgoing via 192.168.50.30"
192.168.10.20 - arodriguez [01/Aug/2021:10:56:52 -0500] "CONNECT relay-2057a8b4.net.anydesk.com:80 HTTP/1.1" 200 0 "HTTPS" "outgoing via 192.168.50.30"
192.168.10.20 - arodriguez [01/Aug/2021:10:57:21 -0500] "CONNECT relay-2057a8b4.net.anydesk.com:80 HTTP/1.1" 200 0 "HTTPS" "outgoing via 192.168.50.30"
192.168.10.20 - arodriguez [01/Aug/2021:10:57:50 -0500] "CONNECT relay-2057a8b4.net.anydesk.com:80 HTTP/1.1" 200 0 "HTTPS" "outgoing via 192.168.50.30"
192.168.1.29 - jacome [01/Aug/2021:10:58:02 -0500] "CONNECT www.google.com:443 HTTP/1.1" 200 0 "HTTPS" "outgoing via 192.168.50.30"
192.168.10.20 - arodriguez [01/Aug/2021:10:58:19 -0500] "CONNECT relay-2057a8b4.net.anydesk.com:80 HTTP/1.1" 200 0 "HTTPS" "outgoing via 192.168.50.30"
192.168.10.20 - arodriguez [01/Aug/2021:10:58:48 -0500] "CONNECT relay-2057a8b4.net.anydesk.com:80 HTTP/1.1" 200 0 "HTTPS" "outgoing via 192.168.50.30"
192.168.10.20 - arodriguez [01/Aug/2021:10:59:17 -0500] "CONNECT relay-2057a8b4.net.anydesk.com:80 HTTP/1.1" 200 0 "HTTPS" "outgoing via 192.168.50.30"
192.168.10.20 - arodriguez [01/Aug/2021:10:59:30 -0500] "CONNECT relay-2da43234.net.anydesk.com:80 HTTP/1.1" 200 0 "HTTPS" "outgoing via 192.168.50.30"
192.168.10.20 - arodriguez [01/Aug/2021:10:59:32 -0500] "CONNECT relay-2da43234.net.anydesk.com:443 HTTP/1.1" 200 0 "HTTPS" "outgoing via 192.168.50.30"
192.168.10.20 - arodriguez [01/Aug/2021:10:59:34 -0500] "CONNECT relay-2da43234.net.anydesk.com:6568 HTTP/1.1" 200 0 "HTTPS" "outgoing via 192.168.50.30"
192.168.10.20 - arodriguez [01/Aug/2021:10:59:36 -0500] "CONNECT 92.223.66.31:80 HTTP/1.1" 200 0 "HTTPS" "outgoing via 192.168.50.30"
192.168.10.20 - arodriguez [01/Aug/2021:11:00:05 -0500] "CONNECT relay-2da43234.net.anydesk.com:80 HTTP/1.1" 200 0 "HTTPS" "outgoing via 192.168.50.30"
192.168.10.20 - arodriguez [01/Aug/2021:11:00:34 -0500] "CONNECT relay-2da43234.net.anydesk.com:80 HTTP/1.1" 200 0 "HTTPS" "outgoing via 192.168.50.30"
192.168.10.20 - arodriguez [01/Aug/2021:11:01:03 -0500] "CONNECT relay-2da43234.net.anydesk.com:80 HTTP/1.1" 200 0 "HTTPS" "outgoing via 192.168.50.30"
192.168.10.20 - arodriguez [01/Aug/2021:11:01:32 -0500] "CONNECT relay-2da43234.net.anydesk.com:80 HTTP/1.1" 200 0 "HTTPS" "outgoing via 192.168.50.30"
192.168.10.20 - arodriguez [01/Aug/2021:11:02:01 -0500] "CONNECT relay-2da43234.net.anydesk.com:80 HTTP/1.1" 200 0 "HTTPS" "outgoing via 192.168.50.30"
192.168.10.20 - arodriguez [01/Aug/2021:11:02:14 -0500] "CONNECT relay-283e3f4a.net.anydesk.com:80 HTTP/1.1" 200 0 "HTTPS" "outgoing via 192.168.50.30"
192.168.10.20 - arodriguez [01/Aug/2021:11:02:43 -0500] "CONNECT relay-283e3f4a.net.anydesk.com:80 HTTP/1.1" 200 0 "HTTPS" "outgoing via 192.168.50.30"
192.168.10.20 - arodriguez [01/Aug/2021:11:03:12 -0500] "CONNECT relay-283e3f4a.net.anydesk.com:80 HTTP/1.1" 200 0 "HTTPS" "outgoing via 192.168.50.30"
192.168.10.20 - arodriguez [01/Aug/2021:11:03:41 -0500] "CONNECT relay-283e3f4a.net.anydesk.com:80 HTTP/1.1" 200 0 "HTTPS" "outgoing via 192.168.50.30"
192.168.10.20 - arodriguez [01/Aug/2021:11:04:11 -0500] "CONNECT relay-283e3f4a.net.anydesk.com:80 HTTP/1.1" 200 0 "HTTPS" "outgoing via 192.168.50.30"
192.168.10.20 - arodriguez [01/Aug/2021:11:04:40 -0500] "CONNECT relay-283e3f4a.net.anydesk.com:80 HTTP/1.1" 200 0 "HTTPS" "outgoing via 192.168.50.30"
192.168.10.20 - arodriguez [01/Aug/2021:11:05:08 -0500] "CONNECT relay-283e3f4a.net.anydesk.com:80 HTTP/1.1" 200 0 "HTTPS" "outgoing via 192.168.50.30"
192.168.10.20 - arodriguez [01/Aug/2021:11:05:37 -0500] "CONNECT relay-283e3f4a.net.anydesk.com:80 HTTP/1.1" 200 0 "HTTPS" "outgoing via 192.168.50.30"
192.168.10.20 - arodriguez [01/Aug/2021:11:06:06 -0500] "CONNECT relay-283e3f4a.net.anydesk.com:80 HTTP/1.1" 200 0 "HTTPS" "outgoing via 192.168.50.30"
192.168.10.20 - arodriguez [01/Aug/2021:11:06:35 -0500] "CONNECT relay-283e3f4a.net.anydesk.com:80 HTTP/1.1" 200 0 "HTTPS" "outgoing via 192.168.50.30"
192.168.10.20 - arodriguez [01/Aug/2021:11:06:48 -0500] "CONNECT relay-922f66f3.net.anydesk.com:80 HTTP/1.1" 200 0 "HTTPS" "outgoing via 192.168.50.30"
192.168.10.20 - arodriguez [01/Aug/2021:11:07:17 -0500] "CONNECT relay-922f66f3.net.anydesk.com:80 HTTP/1.1" 200 0 "HTTPS" "outgoing via 192.168.50.30"
192.168.10.20 - arodriguez [01/Aug/2021:11:07:46 -0500] "CONNECT relay-922f66f3.net.anydesk.com:80 HTTP/1.1" 200 0 "HTTPS" "outgoing via 192.168.50.30"
192.168.1.29 - jacome [01/Aug/2021:11:07:58 -0500] "CONNECT www.google.com:443 HTTP/1.1" 200 0 "HTTPS" "outgoing via 192.168.50.30"
192.168.1.29 - jacome [01/Aug/2021:11:07:58 -0500] "CONNECT www.google.com:443 HTTP/1.1" 200 0 "HTTPS" "outgoing via 192.168.50.30"
192.168.1.29 - jacome [01/Aug/2021:11:07:58 -0500] "CONNECT www.google.com:443 HTTP/1.1" 200 0 "HTTPS" "outgoing via 192.168.50.30"
192.168.1.29 - jacome [01/Aug/2021:11:07:59 -0500] "CONNECT www.google.com:443 HTTP/1.1" 200 0 "HTTPS" "outgoing via 192.168.50.30"
192.168.1.29 - jacome [01/Aug/2021:11:08:04 -0500] "CONNECT adservice.google.com:443 HTTP/1.1" 200 0 "HTTPS" "outgoing via 192.168.50.30"
192.168.1.29 - jacome [01/Aug/2021:11:08:04 -0500] "CONNECT i.ytimg.com:443 HTTP/1.1" 200 0 "HTTPS" "outgoing via 192.168.50.30"
192.168.1.29 - jacome [01/Aug/2021:11:08:05 -0500] "CONNECT adservice.google.com.cu:443 HTTP/1.1" 200 0 "HTTPS" "outgoing via 192.168.50.30"
192.168.1.29 - jacome [01/Aug/2021:11:08:07 -0500] "CONNECT googleads.g.doubleclick.net:443 HTTP/1.1" 200 0 "HTTPS" "outgoing via 192.168.50.30"
192.168.10.20 - arodriguez [01/Aug/2021:11:08:15 -0500] "CONNECT relay-922f66f3.net.anydesk.com:80 HTTP/1.1" 200 0 "HTTPS" "outgoing via 192.168.50.30"
192.168.10.20 - arodriguez [01/Aug/2021:11:08:28 -0500] "CONNECT relay-0767eec0.net.anydesk.com:80 HTTP/1.1" 200 0 "HTTPS" "outgoing via 192.168.50.30"
192.168.10.20 - arodriguez [01/Aug/2021:11:08:57 -0500] "CONNECT relay-0767eec0.net.anydesk.com:80 HTTP/1.1" 200 0 "HTTPS" "outgoing via 192.168.50.30"
192.168.1.29 - jacome [01/Aug/2021:11:09:00 -0500] "CONNECT adservice.google.com:443 HTTP/1.1" 200 0 "HTTPS" "outgoing via 192.168.50.30"
192.168.1.29 - jacome [01/Aug/2021:11:09:02 -0500] "CONNECT adservice.google.com.cu:443 HTTP/1.1" 200 0 "HTTPS" "outgoing via 192.168.50.30"
192.168.1.29 - jacome [01/Aug/2021:11:09:03 -0500] "CONNECT googleads.g.doubleclick.net:443 HTTP/1.1" 200 0 "HTTPS" "outgoing via 192.168.50.30"
192.168.1.29 - jacome [01/Aug/2021:11:09:03 -0500] "GET http://detectportal.firefox.com/canonical.html HTTP/1.1" 200 444 "HTTP" ""
192.168.1.29 - jacome [01/Aug/2021:11:09:03 -0500] "GET http://detectportal.firefox.com/success.txt?ipv4 HTTP/1.1" 200 362 "HTTP" ""
192.168.1.29 - jacome [01/Aug/2021:11:09:21 -0500] "CONNECT adservice.google.com:443 HTTP/1.1" 200 0 "HTTPS" "outgoing via 192.168.50.30"
192.168.1.29 - jacome [01/Aug/2021:11:09:21 -0500] "CONNECT encrypted-tbn1.gstatic.com:443 HTTP/1.1" 200 0 "HTTPS" "outgoing via 192.168.50.30"
192.168.1.29 - jacome [01/Aug/2021:11:09:21 -0500] "CONNECT encrypted-tbn3.gstatic.com:443 HTTP/1.1" 200 0 "HTTPS" "outgoing via 192.168.50.30"
192.168.1.29 - jacome [01/Aug/2021:11:09:22 -0500] "CONNECT adservice.google.com.cu:443 HTTP/1.1" 200 0 "HTTPS" "outgoing via 192.168.50.30"
192.168.1.29 - jacome [01/Aug/2021:11:09:24 -0500] "CONNECT googleads.g.doubleclick.net:443 HTTP/1.1" 200 0 "HTTPS" "outgoing via 192.168.50.30"
192.168.1.29 - jacome [01/Aug/2021:11:09:24 -0500] "GET http://detectportal.firefox.com/canonical.html HTTP/1.1" 200 444 "HTTP" ""
192.168.1.29 - jacome [01/Aug/2021:11:09:24 -0500] "GET http://detectportal.firefox.com/success.txt?ipv4 HTTP/1.1" 200 362 "HTTP" ""
192.168.10.20 - arodriguez [01/Aug/2021:11:09:26 -0500] "CONNECT relay-0767eec0.net.anydesk.com:80 HTTP/1.1" 200 0 "HTTPS" "outgoing via 192.168.50.30"
192.168.10.20 - arodriguez [01/Aug/2021:11:09:40 -0500] "CONNECT relay-2da43234.net.anydesk.com:80 HTTP/1.1" 200 0 "HTTPS" "outgoing via 192.168.50.30"
192.168.1.29 - jacome [01/Aug/2021:11:09:47 -0500] "CONNECT adservice.google.com:443 HTTP/1.1" 200 0 "HTTPS" "outgoing via 192.168.50.30"
192.168.1.29 - jacome [01/Aug/2021:11:09:47 -0500] "CONNECT encrypted-tbn0.gstatic.com:443 HTTP/1.1" 200 0 "HTTPS" "outgoing via 192.168.50.30"
192.168.1.29 - jacome [01/Aug/2021:11:09:47 -0500] "CONNECT encrypted-tbn2.gstatic.com:443 HTTP/1.1" 200 0 "HTTPS" "outgoing via 192.168.50.30"
192.168.1.29 - jacome [01/Aug/2021:11:09:49 -0500] "CONNECT adservice.google.com.cu:443 HTTP/1.1" 200 0 "HTTPS" "outgoing via 192.168.50.30"
192.168.1.29 - jacome [01/Aug/2021:11:09:50 -0500] "CONNECT googleads.g.doubleclick.net:443 HTTP/1.1" 200 0 "HTTPS" "outgoing via 192.168.50.30"
192.168.1.29 - jacome [01/Aug/2021:11:09:50 -0500] "GET http://detectportal.firefox.com/canonical.html HTTP/1.1" 200 444 "HTTP" ""
192.168.1.29 - jacome [01/Aug/2021:11:09:50 -0500] "GET http://detectportal.firefox.com/success.txt?ipv4 HTTP/1.1" 200 362 "HTTP" ""
192.168.10.20 - arodriguez [01/Aug/2021:11:10:09 -0500] "CONNECT relay-2da43234.net.anydesk.com:80 HTTP/1.1" 200 0 "HTTPS" "outgoing via 192.168.50.30"
192.168.1.29 - jacome [01/Aug/2021:11:10:13 -0500] "CONNECT incoming.telemetry.mozilla.org:443 HTTP/1.1" 200 0 "HTTPS" "outgoing via 192.168.50.30"
192.168.1.29 - jacome [01/Aug/2021:11:10:15 -0500] "CONNECT www.google.com:443 HTTP/1.1" 200 0 "HTTPS" "outgoing via 192.168.50.30"
192.168.1.29 - jacome [01/Aug/2021:11:10:15 -0500] "CONNECT www.google.com:443 HTTP/1.1" 200 0 "HTTPS" "outgoing via 192.168.50.30"
192.168.1.29 - jacome [01/Aug/2021:11:10:15 -0500] "CONNECT www.google.com:443 HTTP/1.1" 200 0 "HTTPS" "outgoing via 192.168.50.30"
192.168.1.29 - jacome [01/Aug/2021:11:10:16 -0500] "CONNECT www.google.com:443 HTTP/1.1" 200 0 "HTTPS" "outgoing via 192.168.50.30"
192.168.1.29 - jacome [01/Aug/2021:11:10:16 -0500] "CONNECT www.google.com:443 HTTP/1.1" 200 0 "HTTPS" "outgoing via 192.168.50.30"
192.168.1.29 - jacome [01/Aug/2021:11:10:16 -0500] "CONNECT www.google.com:443 HTTP/1.1" 200 0 "HTTPS" "outgoing via 192.168.50.30"
192.168.1.29 - jacome [01/Aug/2021:11:10:17 -0500] "CONNECT www.google.com:443 HTTP/1.1" 200 0 "HTTPS" "outgoing via 192.168.50.30"
192.168.1.29 - jacome [01/Aug/2021:11:10:31 -0500] "CONNECT adservice.google.com:443 HTTP/1.1" 200 0 "HTTPS" "outgoing via 192.168.50.30"
192.168.1.29 - jacome [01/Aug/2021:11:10:32 -0500] "CONNECT adservice.google.com.cu:443 HTTP/1.1" 200 0 "HTTPS" "outgoing via 192.168.50.30"
192.168.1.29 - jacome [01/Aug/2021:11:10:34 -0500] "CONNECT googleads.g.doubleclick.net:443 HTTP/1.1" 200 0 "HTTPS" "outgoing via 192.168.50.30"
192.168.1.29 - jacome [01/Aug/2021:11:10:34 -0500] "GET http://detectportal.firefox.com/canonical.html HTTP/1.1" 200 444 "HTTP" ""
192.168.1.29 - jacome [01/Aug/2021:11:10:34 -0500] "GET http://detectportal.firefox.com/success.txt?ipv4 HTTP/1.1" 200 362 "HTTP" ""
192.168.10.20 - arodriguez [01/Aug/2021:11:10:38 -0500] "CONNECT relay-2da43234.net.anydesk.com:80 HTTP/1.1" 200 0 "HTTPS" "outgoing via 192.168.50.30"
192.168.1.29 - jacome [01/Aug/2021:11:10:46 -0500] "CONNECT servimenaje.es:443 HTTP/1.1" 200 0 "HTTPS" "outgoing via 192.168.50.30"
192.168.1.29 - jacome [01/Aug/2021:11:10:50 -0500] "CONNECT comtech.com.ni:443 HTTP/1.1" 200 0 "HTTPS" "outgoing via 192.168.50.30"
192.168.1.29 - jacome [01/Aug/2021:11:10:50 -0500] "CONNECT tracker.metricool.com:443 HTTP/1.1" 200 0 "HTTPS" "outgoing via 192.168.50.30"
192.168.1.29 - jacome [01/Aug/2021:11:10:51 -0500] "POST http://ocsp.pki.goog/gts1o1core HTTP/1.1" 200 849 "HTTP" ""
192.168.1.29 - jacome [01/Aug/2021:11:10:52 -0500] "CONNECT pagead2.googlesyndication.com:443 HTTP/1.1" 200 0 "HTTPS" "outgoing via 192.168.50.30"
192.168.1.29 - jacome [01/Aug/2021:11:10:53 -0500] "CONNECT m.media-amazon.com:443 HTTP/1.1" 200 0 "HTTPS" "outgoing via 192.168.50.30"
192.168.1.29 - jacome [01/Aug/2021:11:10:53 -0500] "CONNECT m.media-amazon.com:443 HTTP/1.1" 200 0 "HTTPS" "outgoing via 192.168.50.30"
192.168.1.29 - jacome [01/Aug/2021:11:10:53 -0500] "CONNECT m.media-amazon.com:443 HTTP/1.1" 200 0 "HTTPS" "outgoing via 192.168.50.30"
192.168.1.29 - jacome [01/Aug/2021:11:10:53 -0500] "CONNECT m.media-amazon.com:443 HTTP/1.1" 200 0 "HTTPS" "outgoing via 192.168.50.30"
192.168.1.29 - jacome [01/Aug/2021:11:10:56 -0500] "CONNECT googleads.g.doubleclick.net:443 HTTP/1.1" 200 0 "HTTPS" "outgoing via 192.168.50.30"
192.168.1.29 - jacome [01/Aug/2021:11:10:57 -0500] "GET http://detectportal.firefox.com/canonical.html HTTP/1.1" 200 444 "HTTP" ""
192.168.1.29 - jacome [01/Aug/2021:11:10:58 -0500] "CONNECT adservice.google.com.cu:443 HTTP/1.1" 200 0 "HTTPS" "outgoing via 192.168.50.30"
192.168.1.29 - jacome [01/Aug/2021:11:10:58 -0500] "CONNECT adservice.google.com:443 HTTP/1.1" 200 0 "HTTPS" "outgoing via 192.168.50.30"
192.168.1.29 - jacome [01/Aug/2021:11:10:59 -0500] "CONNECT partner.googleadservices.com:443 HTTP/1.1" 200 0 "HTTPS" "outgoing via 192.168.50.30"
192.168.1.29 - jacome [01/Aug/2021:11:10:59 -0500] "CONNECT googleads.g.doubleclick.net:443 HTTP/1.1" 200 0 "HTTPS" "outgoing via 192.168.50.30"
192.168.1.29 - jacome [01/Aug/2021:11:10:59 -0500] "GET http://detectportal.firefox.com/canonical.html HTTP/1.1" 200 444 "HTTP" ""
192.168.1.29 - jacome [01/Aug/2021:11:11:00 -0500] "CONNECT atom-plugin-io.web.app:443 HTTP/1.1" 200 0 "HTTPS" "outgoing via 192.168.50.30"
192.168.1.29 - jacome [01/Aug/2021:11:11:00 -0500] "CONNECT use.fontawesome.com:443 HTTP/1.1" 200 0 "HTTPS" "outgoing via 192.168.50.30"
192.168.1.29 - jacome [01/Aug/2021:11:11:00 -0500] "CONNECT use.fontawesome.com:443 HTTP/1.1" 200 0 "HTTPS" "outgoing via 192.168.50.30"
192.168.1.29 - jacome [01/Aug/2021:11:11:00 -0500] "CONNECT fonts.googleapis.com:443 HTTP/1.1" 200 0 "HTTPS" "outgoing via 192.168.50.30"
192.168.1.29 - jacome [01/Aug/2021:11:11:00 -0500] "CONNECT maps.google.com:443 HTTP/1.1" 200 0 "HTTPS" "outgoing via 192.168.50.30"
192.168.1.29 - jacome [01/Aug/2021:11:11:00 -0500] "CONNECT comtech.com.ni:443 HTTP/1.1" 200 0 "HTTPS" "outgoing via 192.168.50.30"
192.168.1.29 - jacome [01/Aug/2021:11:11:00 -0500] "CONNECT www.googletagservices.com:443 HTTP/1.1" 200 0 "HTTPS" "outgoing via 192.168.50.30"
192.168.1.29 - jacome [01/Aug/2021:11:11:00 -0500] "CONNECT comtech.com.ni:443 HTTP/1.1" 200 0 "HTTPS" "outgoing via 192.168.50.30"
192.168.1.29 - jacome [01/Aug/2021:11:11:00 -0500] "CONNECT comtech.com.ni:443 HTTP/1.1" 200 0 "HTTPS" "outgoing via 192.168.50.30"
192.168.1.29 - jacome [01/Aug/2021:11:11:00 -0500] "CONNECT comtech.com.ni:443 HTTP/1.1" 200 0 "HTTPS" "outgoing via 192.168.50.30"
192.168.1.29 - jacome [01/Aug/2021:11:11:00 -0500] "CONNECT comtech.com.ni:443 HTTP/1.1" 200 0 "HTTPS" "outgoing via 192.168.50.30"
192.168.1.29 - jacome [01/Aug/2021:11:11:00 -0500] "POST http://ocsp.godaddy.com/ HTTP/1.1" 200 2411 "HTTP" ""
192.168.1.29 - jacome [01/Aug/2021:11:11:00 -0500] "GET http://detectportal.firefox.com/success.txt?ipv4 HTTP/1.1" 200 362 "HTTP" ""
192.168.1.29 - jacome [01/Aug/2021:11:11:00 -0500] "POST http://ocsp.pki.goog/gts1o1core HTTP/1.1" 200 849 "HTTP" ""
192.168.1.29 - jacome [01/Aug/2021:11:11:00 -0500] "POST http://ocsp.digicert.com/ HTTP/1.1" 200 755 "HTTP" ""
192.168.10.20 - arodriguez [01/Aug/2021:11:11:07 -0500] "CONNECT relay-2da43234.net.anydesk.com:80 HTTP/1.1" 200 0 "HTTPS" "outgoing via 192.168.50.30"
192.168.1.29 - jacome [01/Aug/2021:11:11:07 -0500] "CONNECT www.googletagmanager.com:443 HTTP/1.1" 200 0 "HTTPS" "outgoing via 192.168.50.30"
192.168.1.29 - jacome [01/Aug/2021:11:11:07 -0500] "CONNECT firestore.googleapis.com:443 HTTP/1.1" 200 0 "HTTPS" "outgoing via 192.168.50.30"
192.168.1.29 - jacome [01/Aug/2021:11:11:07 -0500] "CONNECT tpc.googlesyndication.com:443 HTTP/1.1" 200 0 "HTTPS" "outgoing via 192.168.50.30"
192.168.1.29 - jacome [01/Aug/2021:11:11:07 -0500] "POST http://ocsp.pki.goog/gts1o1core HTTP/1.1" 200 850 "HTTP" ""
192.168.1.29 - jacome [01/Aug/2021:11:11:07 -0500] "POST http://ocsp.pki.goog/gts1o1core HTTP/1.1" 200 849 "HTTP" ""
192.168.1.29 - jacome [01/Aug/2021:11:11:07 -0500] "POST http://ocsp.digicert.com/ HTTP/1.1" 200 756 "HTTP" ""
192.168.1.29 - jacome [01/Aug/2021:11:11:11 -0500] "CONNECT fonts.gstatic.com:443 HTTP/1.1" 200 0 "HTTPS" "outgoing via 192.168.50.30"
192.168.1.29 - jacome [01/Aug/2021:11:11:15 -0500] "CONNECT www.gstatic.com:443 HTTP/1.1" 200 0 "HTTPS" "outgoing via 192.168.50.30"
192.168.1.29 - jacome [01/Aug/2021:11:11:15 -0500] "CONNECT www.gstatic.com:443 HTTP/1.1" 200 0 "HTTPS" "outgoing via 192.168.50.30"
192.168.1.29 - jacome [01/Aug/2021:11:11:15 -0500] "CONNECT cdn.cnetcontent.com:443 HTTP/1.1" 200 0 "HTTPS" "outgoing via 192.168.50.30"
192.168.1.29 - jacome [01/Aug/2021:11:11:18 -0500] "CONNECT maps.googleapis.com:443 HTTP/1.1" 200 0 "HTTPS" "outgoing via 192.168.50.30"
192.168.1.29 - jacome [01/Aug/2021:11:11:21 -0500] "POST http://ocsp.pki.goog/gts1o1core HTTP/1.1" 200 849 "HTTP" ""
192.168.1.29 - jacome [01/Aug/2021:11:11:21 -0500] "CONNECT googleads.g.doubleclick.net:443 HTTP/1.1" 200 0 "HTTPS" "outgoing via 192.168.50.30"
192.168.1.29 - jacome [01/Aug/2021:11:11:21 -0500] "CONNECT snap.licdn.com:443 HTTP/1.1" 200 0 "HTTPS" "outgoing via 192.168.50.30"
192.168.1.29 - jacome [01/Aug/2021:11:11:21 -0500] "CONNECT connect.facebook.net:443 HTTP/1.1" 200 0 "HTTPS" "outgoing via 192.168.50.30"
192.168.1.29 - jacome [01/Aug/2021:11:11:21 -0500] "CONNECT www.google-analytics.com:443 HTTP/1.1" 200 0 "HTTPS" "outgoing via 192.168.50.30"
192.168.1.29 - jacome [01/Aug/2021:11:11:22 -0500] "CONNECT ws.cnetcontent.com:443 HTTP/1.1" 200 0 "HTTPS" "outgoing via 192.168.50.30"
192.168.1.29 - jacome [01/Aug/2021:11:11:22 -0500] "CONNECT ws.cnetcontent.com:443 HTTP/1.1" 200 0 "HTTPS" "outgoing via 192.168.50.30"
192.168.1.29 - jacome [01/Aug/2021:11:11:24 -0500] "CONNECT incoming.telemetry.mozilla.org:443 HTTP/1.1" 200 0 "HTTPS" "outgoing via 192.168.50.30"
192.168.1.29 - jacome [01/Aug/2021:11:11:24 -0500] "GET http://detectportal.firefox.com/canonical.html HTTP/1.1" 200 444 "HTTP" ""
192.168.1.29 - jacome [01/Aug/2021:11:11:24 -0500] "POST http://ocsp.pki.goog/gts1o1core HTTP/1.1" 200 850 "HTTP" ""
192.168.1.29 - jacome [01/Aug/2021:11:11:29 -0500] "CONNECT www.gstatic.com:443 HTTP/1.1" 200 0 "HTTPS" "outgoing via 192.168.50.30"
192.168.1.29 - jacome [01/Aug/2021:11:11:29 -0500] "CONNECT maps.gstatic.com:443 HTTP/1.1" 200 0 "HTTPS" "outgoing via 192.168.50.30"
192.168.1.29 - jacome [01/Aug/2021:11:11:30 -0500] "CONNECT px.ads.linkedin.com:443 HTTP/1.1" 200 0 "HTTPS" "outgoing via 192.168.50.30"
192.168.1.29 - jacome [01/Aug/2021:11:11:30 -0500] "CONNECT comtech.com.ni:443 HTTP/1.1" 200 0 "HTTPS" "outgoing via 192.168.50.30"
192.168.1.29 - jacome [01/Aug/2021:11:11:30 -0500] "CONNECT comtech.com.ni:443 HTTP/1.1" 200 0 "HTTPS" "outgoing via 192.168.50.30"
192.168.1.29 - jacome [01/Aug/2021:11:11:30 -0500] "CONNECT comtech.com.ni:443 HTTP/1.1" 200 0 "HTTPS" "outgoing via 192.168.50.30"
192.168.1.29 - jacome [01/Aug/2021:11:11:30 -0500] "CONNECT comtech.com.ni:443 HTTP/1.1" 200 0 "HTTPS" "outgoing via 192.168.50.30"
192.168.1.29 - jacome [01/Aug/2021:11:11:31 -0500] "CONNECT stats.g.doubleclick.net:443 HTTP/1.1" 200 0 "HTTPS" "outgoing via 192.168.50.30"
192.168.1.29 - jacome [01/Aug/2021:11:11:31 -0500] "CONNECT stats.g.doubleclick.net:443 HTTP/1.1" 200 0 "HTTPS" "outgoing via 192.168.50.30"
192.168.1.29 - jacome [01/Aug/2021:11:11:31 -0500] "CONNECT comtech.com.ni:443 HTTP/1.1" 200 0 "HTTPS" "outgoing via 192.168.50.30"
192.168.1.29 - jacome [01/Aug/2021:11:11:31 -0500] "POST http://ocsp.digicert.com/ HTTP/1.1" 200 756 "HTTP" ""
192.168.1.29 - jacome [01/Aug/2021:11:11:32 -0500] "CONNECT www.facebook.com:443 HTTP/1.1" 200 0 "HTTPS" "outgoing via 192.168.50.30"
192.168.10.20 - arodriguez [01/Aug/2021:11:11:36 -0500] "CONNECT relay-2da43234.net.anydesk.com:80 HTTP/1.1" 200 0 "HTTPS" "outgoing via 192.168.50.30"
192.168.1.29 - jacome [01/Aug/2021:11:11:36 -0500] "GET http://detectportal.firefox.com/success.txt?ipv4 HTTP/1.1" 200 362 "HTTP" ""
192.168.1.29 - jacome [01/Aug/2021:11:11:38 -0500] "CONNECT px.ads.linkedin.com:443 HTTP/1.1" 200 0 "HTTPS" "outgoing via 192.168.50.30"
192.168.1.29 - jacome [01/Aug/2021:11:11:51 -0500] "CONNECT comtech.com.ni:443 HTTP/1.1" 200 0 "HTTPS" "outgoing via 192.168.50.30"
192.168.1.29 - jacome [01/Aug/2021:11:11:54 -0500] "CONNECT comtech.com.ni:443 HTTP/1.1" 200 0 "HTTPS" "outgoing via 192.168.50.30"
192.168.1.29 - jacome [01/Aug/2021:11:11:56 -0500] "CONNECT googleads.g.doubleclick.net:443 HTTP/1.1" 200 0 "HTTPS" "outgoing via 192.168.50.30"
192.168.1.29 - jacome [01/Aug/2021:11:11:56 -0500] "GET http://detectportal.firefox.com/canonical.html HTTP/1.1" 200 444 "HTTP" ""
192.168.1.29 - jacome [01/Aug/2021:11:11:56 -0500] "GET http://detectportal.firefox.com/success.txt?ipv4 HTTP/1.1" 200 362 "HTTP" ""
192.168.1.29 - jacome [01/Aug/2021:11:11:56 -0500] "CONNECT cdn.flipsnack.com:443 HTTP/1.1" 200 0 "HTTPS" "outgoing via 192.168.50.30"
192.168.1.29 - jacome [01/Aug/2021:11:11:56 -0500] "CONNECT cdn.flipsnack.com:443 HTTP/1.1" 200 0 "HTTPS" "outgoing via 192.168.50.30"
192.168.1.29 - jacome [01/Aug/2021:11:12:02 -0500] "CONNECT stats.g.doubleclick.net:443 HTTP/1.1" 200 0 "HTTPS" "outgoing via 192.168.50.30"
192.168.1.29 - jacome [01/Aug/2021:11:12:02 -0500] "GET http://detectportal.firefox.com/canonical.html HTTP/1.1" 200 444 "HTTP" ""
192.168.1.29 - jacome [01/Aug/2021:11:12:02 -0500] "GET http://detectportal.firefox.com/success.txt?ipv4 HTTP/1.1" 200 362 "HTTP" ""
192.168.10.20 - arodriguez [01/Aug/2021:11:12:04 -0500] "CONNECT relay-2da43234.net.anydesk.com:80 HTTP/1.1" 200 0 "HTTPS" "outgoing via 192.168.50.30"
192.168.10.20 - arodriguez [01/Aug/2021:11:12:18 -0500] "CONNECT relay-82fc4166.net.anydesk.com:80 HTTP/1.1" 200 0 "HTTPS" "outgoing via 192.168.50.30"
192.168.1.29 - jacome [01/Aug/2021:11:12:25 -0500] "CONNECT googleads.g.doubleclick.net:443 HTTP/1.1" 200 0 "HTTPS" "outgoing via 192.168.50.30"
192.168.1.29 - jacome [01/Aug/2021:11:12:25 -0500] "GET http://detectportal.firefox.com/canonical.html HTTP/1.1" 200 444 "HTTP" ""
192.168.1.29 - jacome [01/Aug/2021:11:12:27 -0500] "CONNECT encrypted-vtbn0.gstatic.com:443 HTTP/1.1" 200 0 "HTTPS" "outgoing via 192.168.50.30"
192.168.1.29 - jacome [01/Aug/2021:11:12:29 -0500] "GET http://detectportal.firefox.com/success.txt?ipv4 HTTP/1.1" 200 362 "HTTP" ""
192.168.1.29 - jacome [01/Aug/2021:11:12:45 -0500] "CONNECT googleads.g.doubleclick.net:443 HTTP/1.1" 200 0 "HTTPS" "outgoing via 192.168.50.30"
192.168.1.29 - jacome [01/Aug/2021:11:12:45 -0500] "CONNECT i.ytimg.com:443 HTTP/1.1" 200 0 "HTTPS" "outgoing via 192.168.50.30"
192.168.1.29 - jacome [01/Aug/2021:11:12:45 -0500] "GET http://detectportal.firefox.com/canonical.html HTTP/1.1" 200 444 "HTTP" ""
192.168.1.29 - jacome [01/Aug/2021:11:12:45 -0500] "GET http://detectportal.firefox.com/success.txt?ipv4 HTTP/1.1" 200 362 "HTTP" ""
192.168.10.20 - arodriguez [01/Aug/2021:11:12:47 -0500] "CONNECT relay-82fc4166.net.anydesk.com:80 HTTP/1.1" 200 0 "HTTPS" "outgoing via 192.168.50.30"
192.168.10.20 - arodriguez [01/Aug/2021:11:13:16 -0500] "CONNECT relay-82fc4166.net.anydesk.com:80 HTTP/1.1" 200 0 "HTTPS" "outgoing via 192.168.50.30"
192.168.1.29 - jacome [01/Aug/2021:11:13:21 -0500] "POST http://ocsp.pki.goog/gts1o1core HTTP/1.1" 200 849 "HTTP" ""
192.168.1.29 - jacome [01/Aug/2021:11:13:25 -0500] "POST http://ocsp.pki.goog/gts1o1core HTTP/1.1" 200 849 "HTTP" ""
192.168.1.29 - jacome [01/Aug/2021:11:13:31 -0500] "POST http://ocsp.digicert.com/ HTTP/1.1" 200 947 "HTTP" ""
192.168.1.29 - jacome [01/Aug/2021:11:13:43 -0500] "CONNECT googleads.g.doubleclick.net:443 HTTP/1.1" 200 0 "HTTPS" "outgoing via 192.168.50.30"
192.168.1.29 - jacome [01/Aug/2021:11:13:43 -0500] "GET http://detectportal.firefox.com/canonical.html HTTP/1.1" 200 444 "HTTP" ""
192.168.1.29 - jacome [01/Aug/2021:11:13:43 -0500] "GET http://detectportal.firefox.com/success.txt?ipv4 HTTP/1.1" 200 362 "HTTP" ""
192.168.10.20 - arodriguez [01/Aug/2021:11:13:45 -0500] "CONNECT relay-82fc4166.net.anydesk.com:80 HTTP/1.1" 200 0 "HTTPS" "outgoing via 192.168.50.30"
192.168.1.29 - jacome [01/Aug/2021:11:13:58 -0500] "CONNECT googleads.g.doubleclick.net:443 HTTP/1.1" 200 0 "HTTPS" "outgoing via 192.168.50.30"
192.168.1.29 - jacome [01/Aug/2021:11:13:58 -0500] "GET http://detectportal.firefox.com/canonical.html HTTP/1.1" 200 444 "HTTP" ""
192.168.1.29 - jacome [01/Aug/2021:11:13:58 -0500] "GET http://detectportal.firefox.com/success.txt?ipv4 HTTP/1.1" 200 362 "HTTP" ""
192.168.1.29 - jacome [01/Aug/2021:11:13:58 -0500] "CONNECT play.google.com:443 HTTP/1.1" 200 0 "HTTPS" "outgoing via 192.168.50.30"
192.168.10.20 - arodriguez [01/Aug/2021:11:14:13 -0500] "CONNECT relay-82fc4166.net.anydesk.com:80 HTTP/1.1" 200 0 "HTTPS" "outgoing via 192.168.50.30"
192.168.1.29 - jacome [01/Aug/2021:11:14:15 -0500] "CONNECT encrypted-tbn1.gstatic.com:443 HTTP/1.1" 200 0 "HTTPS" "outgoing via 192.168.50.30"
192.168.1.29 - jacome [01/Aug/2021:11:14:15 -0500] "CONNECT encrypted-tbn0.gstatic.com:443 HTTP/1.1" 200 0 "HTTPS" "outgoing via 192.168.50.30"
192.168.1.29 - jacome [01/Aug/2021:11:14:15 -0500] "CONNECT googleads.g.doubleclick.net:443 HTTP/1.1" 200 0 "HTTPS" "outgoing via 192.168.50.30"
192.168.1.29 - jacome [01/Aug/2021:11:14:15 -0500] "GET http://detectportal.firefox.com/canonical.html HTTP/1.1" 200 444 "HTTP" ""
192.168.1.29 - jacome [01/Aug/2021:11:14:15 -0500] "GET http://detectportal.firefox.com/success.txt?ipv4 HTTP/1.1" 200 362 "HTTP" ""
192.168.10.20 - arodriguez [01/Aug/2021:11:14:27 -0500] "CONNECT relay-1c040ae6.net.anydesk.com:80 HTTP/1.1" 200 0 "HTTPS" "outgoing via 192.168.50.30"
192.168.1.29 - jacome [01/Aug/2021:11:14:30 -0500] "CONNECT safebrowsing.googleapis.com:443 HTTP/1.1" 200 0 "HTTPS" "outgoing via 192.168.50.30"
192.168.1.29 - jacome [01/Aug/2021:11:14:53 -0500] "CONNECT incoming.telemetry.mozilla.org:443 HTTP/1.1" 200 0 "HTTPS" "outgoing via 192.168.50.30"
192.168.10.20 - arodriguez [01/Aug/2021:11:14:56 -0500] "CONNECT relay-1c040ae6.net.anydesk.com:80 HTTP/1.1" 200 0 "HTTPS" "outgoing via 192.168.50.30"
192.168.1.29 - jacome [01/Aug/2021:11:15:11 -0500] "CONNECT encrypted-tbn3.gstatic.com:443 HTTP/1.1" 200 0 "HTTPS" "outgoing via 192.168.50.30"
192.168.1.29 - jacome [01/Aug/2021:11:15:13 -0500] "CONNECT googleads.g.doubleclick.net:443 HTTP/1.1" 200 0 "HTTPS" "outgoing via 192.168.50.30"
192.168.1.29 - jacome [01/Aug/2021:11:15:13 -0500] "GET http://detectportal.firefox.com/canonical.html HTTP/1.1" 200 444 "HTTP" ""
192.168.1.29 - jacome [01/Aug/2021:11:15:13 -0500] "GET http://detectportal.firefox.com/success.txt?ipv4 HTTP/1.1" 200 362 "HTTP" ""
192.168.10.20 - arodriguez [01/Aug/2021:11:15:25 -0500] "CONNECT relay-1c040ae6.net.anydesk.com:80 HTTP/1.1" 200 0 "HTTPS" "outgoing via 192.168.50.30"
192.168.10.20 - arodriguez [01/Aug/2021:11:15:39 -0500] "CONNECT relay-b51eac1f.net.anydesk.com:80 HTTP/1.1" 200 0 "HTTPS" "outgoing via 192.168.50.30"
192.168.1.29 - jacome [01/Aug/2021:11:16:02 -0500] "CONNECT servimenaje.es:443 HTTP/1.1" 200 0 "HTTPS" "outgoing via 192.168.50.30"
192.168.10.20 - arodriguez [01/Aug/2021:11:16:08 -0500] "CONNECT relay-b51eac1f.net.anydesk.com:80 HTTP/1.1" 200 0 "HTTPS" "outgoing via 192.168.50.30"
192.168.10.20 - arodriguez [01/Aug/2021:11:16:36 -0500] "CONNECT relay-b51eac1f.net.anydesk.com:80 HTTP/1.1" 200 0 "HTTPS" "outgoing via 192.168.50.30"
192.168.1.29 - jacome [01/Aug/2021:11:16:52 -0500] "CONNECT googleads.g.doubleclick.net:443 HTTP/1.1" 200 0 "HTTPS" "outgoing via 192.168.50.30"
192.168.1.29 - jacome [01/Aug/2021:11:16:52 -0500] "GET http://detectportal.firefox.com/canonical.html HTTP/1.1" 200 444 "HTTP" ""
192.168.1.29 - jacome [01/Aug/2021:11:16:52 -0500] "GET http://detectportal.firefox.com/success.txt?ipv4 HTTP/1.1" 200 362 "HTTP" ""
192.168.10.20 - arodriguez [01/Aug/2021:11:17:08 -0500] "CONNECT relay-b51eac1f.net.anydesk.com:443 HTTP/1.1" 200 0 "HTTPS" "outgoing via 192.168.50.30"
192.168.10.20 - arodriguez [01/Aug/2021:11:17:08 -0500] "CONNECT relay-b51eac1f.net.anydesk.com:80 HTTP/1.1" 200 0 "HTTPS" "outgoing via 192.168.50.30"
