192.168.1.15 - rquintanilla [15/Aug/2021:00:23:58 -0500] "CONNECT video-mia3-1.xx.fbcdn.net:443 HTTP/1.1" 200 0 "HTTPS" "outgoing via 192.168.50.30"
192.168.1.15 - rquintanilla [15/Aug/2021:00:23:58 -0500] "CONNECT video-mia3-1.xx.fbcdn.net:443 HTTP/1.1" 200 0 "HTTPS" "outgoing via 192.168.50.30"
192.168.10.20 - arodriguez [15/Aug/2021:00:23:59 -0500] "CONNECT relay-717265af.net.anydesk.com:80 HTTP/1.1" 200 0 "HTTPS" "outgoing via 192.168.50.30"
192.168.1.15 - rquintanilla [15/Aug/2021:00:24:00 -0500] "CONNECT video-mia3-2.xx.fbcdn.net:443 HTTP/1.1" 200 0 "HTTPS" "outgoing via 192.168.50.30"
192.168.1.15 - rquintanilla [15/Aug/2021:00:24:00 -0500] "CONNECT video-mia3-2.xx.fbcdn.net:443 HTTP/1.1" 200 0 "HTTPS" "outgoing via 192.168.50.30"
192.168.1.15 - rquintanilla [15/Aug/2021:00:24:01 -0500] "CONNECT video-mia3-1.xx.fbcdn.net:443 HTTP/1.1" 200 0 "HTTPS" "outgoing via 192.168.50.30"
192.168.1.15 - rquintanilla [15/Aug/2021:00:24:01 -0500] "CONNECT video-mia3-1.xx.fbcdn.net:443 HTTP/1.1" 200 0 "HTTPS" "outgoing via 192.168.50.30"
192.168.1.15 - rquintanilla [15/Aug/2021:00:24:02 -0500] "CONNECT video-mia3-1.xx.fbcdn.net:443 HTTP/1.1" 200 0 "HTTPS" "outgoing via 192.168.50.30"
192.168.1.15 - rquintanilla [15/Aug/2021:00:24:02 -0500] "CONNECT video-mia3-1.xx.fbcdn.net:443 HTTP/1.1" 200 0 "HTTPS" "outgoing via 192.168.50.30"
192.168.1.15 - rquintanilla [15/Aug/2021:00:24:03 -0500] "CONNECT video-mia3-2.xx.fbcdn.net:443 HTTP/1.1" 200 0 "HTTPS" "outgoing via 192.168.50.30"
192.168.1.15 - rquintanilla [15/Aug/2021:00:24:03 -0500] "CONNECT video-mia3-2.xx.fbcdn.net:443 HTTP/1.1" 200 0 "HTTPS" "outgoing via 192.168.50.30"
192.168.1.15 - rquintanilla [15/Aug/2021:00:24:04 -0500] "CONNECT video-mia3-1.xx.fbcdn.net:443 HTTP/1.1" 200 0 "HTTPS" "outgoing via 192.168.50.30"
192.168.1.15 - rquintanilla [15/Aug/2021:00:24:04 -0500] "CONNECT video-mia3-1.xx.fbcdn.net:443 HTTP/1.1" 200 0 "HTTPS" "outgoing via 192.168.50.30"
192.168.1.15 - rquintanilla [15/Aug/2021:00:24:06 -0500] "CONNECT video-mia3-1.xx.fbcdn.net:443 HTTP/1.1" 200 0 "HTTPS" "outgoing via 192.168.50.30"
192.168.1.15 - rquintanilla [15/Aug/2021:00:24:06 -0500] "CONNECT video-mia3-1.xx.fbcdn.net:443 HTTP/1.1" 200 0 "HTTPS" "outgoing via 192.168.50.30"
192.168.1.15 - rquintanilla [15/Aug/2021:00:24:07 -0500] "CONNECT video-mia3-2.xx.fbcdn.net:443 HTTP/1.1" 200 0 "HTTPS" "outgoing via 192.168.50.30"
192.168.1.15 - rquintanilla [15/Aug/2021:00:24:07 -0500] "CONNECT video-mia3-2.xx.fbcdn.net:443 HTTP/1.1" 200 0 "HTTPS" "outgoing via 192.168.50.30"
192.168.1.15 - rquintanilla [15/Aug/2021:00:24:08 -0500] "CONNECT video-mia3-1.xx.fbcdn.net:443 HTTP/1.1" 200 0 "HTTPS" "outgoing via 192.168.50.30"
192.168.1.15 - rquintanilla [15/Aug/2021:00:24:08 -0500] "CONNECT video-mia3-1.xx.fbcdn.net:443 HTTP/1.1" 200 0 "HTTPS" "outgoing via 192.168.50.30"
192.168.1.15 - rquintanilla [15/Aug/2021:00:24:09 -0500] "CONNECT video-mia3-1.xx.fbcdn.net:443 HTTP/1.1" 200 0 "HTTPS" "outgoing via 192.168.50.30"
192.168.1.15 - rquintanilla [15/Aug/2021:00:24:09 -0500] "CONNECT video-mia3-1.xx.fbcdn.net:443 HTTP/1.1" 200 0 "HTTPS" "outgoing via 192.168.50.30"
192.168.50.220 - servidores [15/Aug/2021:00:24:10 -0500] "CONNECT download.postgresql.org:443 HTTP/1.1" 200 0 "HTTPS" "outgoing via 192.168.50.30"
192.168.1.15 - rquintanilla [15/Aug/2021:00:24:10 -0500] "CONNECT video-mia3-2.xx.fbcdn.net:443 HTTP/1.1" 200 0 "HTTPS" "outgoing via 192.168.50.30"
192.168.1.15 - rquintanilla [15/Aug/2021:00:24:10 -0500] "CONNECT video-mia3-2.xx.fbcdn.net:443 HTTP/1.1" 200 0 "HTTPS" "outgoing via 192.168.50.30"
192.168.1.15 - rquintanilla [15/Aug/2021:00:24:11 -0500] "CONNECT video-mia3-1.xx.fbcdn.net:443 HTTP/1.1" 200 0 "HTTPS" "outgoing via 192.168.50.30"
192.168.1.15 - rquintanilla [15/Aug/2021:00:24:12 -0500] "CONNECT video-mia3-1.xx.fbcdn.net:443 HTTP/1.1" 200 0 "HTTPS" "outgoing via 192.168.50.30"
192.168.1.15 - rquintanilla [15/Aug/2021:00:24:13 -0500] "CONNECT video-mia3-1.xx.fbcdn.net:443 HTTP/1.1" 200 0 "HTTPS" "outgoing via 192.168.50.30"
192.168.1.15 - rquintanilla [15/Aug/2021:00:24:13 -0500] "CONNECT video-mia3-1.xx.fbcdn.net:443 HTTP/1.1" 200 0 "HTTPS" "outgoing via 192.168.50.30"
192.168.1.15 - rquintanilla [15/Aug/2021:00:24:14 -0500] "CONNECT video-mia3-2.xx.fbcdn.net:443 HTTP/1.1" 200 0 "HTTPS" "outgoing via 192.168.50.30"
192.168.1.15 - rquintanilla [15/Aug/2021:00:24:14 -0500] "CONNECT video-mia3-2.xx.fbcdn.net:443 HTTP/1.1" 200 0 "HTTPS" "outgoing via 192.168.50.30"
192.168.1.15 - rquintanilla [15/Aug/2021:00:24:15 -0500] "CONNECT video-mia3-1.xx.fbcdn.net:443 HTTP/1.1" 200 0 "HTTPS" "outgoing via 192.168.50.30"
192.168.1.15 - rquintanilla [15/Aug/2021:00:24:15 -0500] "CONNECT video-mia3-1.xx.fbcdn.net:443 HTTP/1.1" 200 0 "HTTPS" "outgoing via 192.168.50.30"
192.168.1.15 - rquintanilla [15/Aug/2021:00:24:15 -0500] "CONNECT 0.1.0.1:1001 HTTP/1.1" 200 0 "HTTPS" "outgoing via 192.168.50.30"
192.168.1.15 - rquintanilla [15/Aug/2021:00:24:16 -0500] "CONNECT video-mia3-1.xx.fbcdn.net:443 HTTP/1.1" 200 0 "HTTPS" "outgoing via 192.168.50.30"
192.168.1.15 - rquintanilla [15/Aug/2021:00:24:16 -0500] "CONNECT video-mia3-1.xx.fbcdn.net:443 HTTP/1.1" 200 0 "HTTPS" "outgoing via 192.168.50.30"
192.168.50.220 - servidores [15/Aug/2021:00:24:16 -0500] "CONNECT mirror.marwan.ma:443 HTTP/1.1" 200 0 "HTTPS" "outgoing via 192.168.50.30"
192.168.1.15 - rquintanilla [15/Aug/2021:00:24:18 -0500] "CONNECT video-mia3-2.xx.fbcdn.net:443 HTTP/1.1" 200 0 "HTTPS" "outgoing via 192.168.50.30"
192.168.1.15 - rquintanilla [15/Aug/2021:00:24:18 -0500] "CONNECT video-mia3-2.xx.fbcdn.net:443 HTTP/1.1" 200 0 "HTTPS" "outgoing via 192.168.50.30"
192.168.1.15 - rquintanilla [15/Aug/2021:00:24:19 -0500] "CONNECT video-mia3-1.xx.fbcdn.net:443 HTTP/1.1" 200 0 "HTTPS" "outgoing via 192.168.50.30"
192.168.1.15 - rquintanilla [15/Aug/2021:00:24:19 -0500] "CONNECT video-mia3-1.xx.fbcdn.net:443 HTTP/1.1" 200 0 "HTTPS" "outgoing via 192.168.50.30"
192.168.1.15 - rquintanilla [15/Aug/2021:00:24:20 -0500] "CONNECT video-mia3-1.xx.fbcdn.net:443 HTTP/1.1" 200 0 "HTTPS" "outgoing via 192.168.50.30"
192.168.1.15 - rquintanilla [15/Aug/2021:00:24:20 -0500] "CONNECT video-mia3-1.xx.fbcdn.net:443 HTTP/1.1" 200 0 "HTTPS" "outgoing via 192.168.50.30"
192.168.50.220 - servidores [15/Aug/2021:00:24:20 -0500] "CONNECT download.rethinkdb.com:443 HTTP/1.1" 200 0 "HTTPS" "outgoing via 192.168.50.30"
192.168.50.220 - servidores [15/Aug/2021:00:24:21 -0500] "GET http://mirror.ueb.edu.ec/centos/7.9.2009/extras/x86_64/repodata/repomd.xml HTTP/1.1" 200 3362 "HTTP" ""
192.168.1.15 - rquintanilla [15/Aug/2021:00:24:27 -0500] "CONNECT safebrowsing.googleapis.com:443 HTTP/1.1" 200 0 "HTTPS" "outgoing via 192.168.50.30"
192.168.10.20 - arodriguez [15/Aug/2021:00:24:29 -0500] "CONNECT relay-717265af.net.anydesk.com:80 HTTP/1.1" 200 0 "HTTPS" "outgoing via 192.168.50.30"
192.168.1.15 - rquintanilla [15/Aug/2021:00:24:35 -0500] "CONNECT video-mia3-2.xx.fbcdn.net:443 HTTP/1.1" 200 0 "HTTPS" "outgoing via 192.168.50.30"
192.168.1.15 - rquintanilla [15/Aug/2021:00:24:35 -0500] "CONNECT video-mia3-2.xx.fbcdn.net:443 HTTP/1.1" 200 0 "HTTPS" "outgoing via 192.168.50.30"
192.168.1.15 - rquintanilla [15/Aug/2021:00:24:35 -0500] "CONNECT video-mia3-2.xx.fbcdn.net:443 HTTP/1.1" 200 0 "HTTPS" "outgoing via 192.168.50.30"
192.168.1.15 - rquintanilla [15/Aug/2021:00:24:35 -0500] "CONNECT video-mia3-2.xx.fbcdn.net:443 HTTP/1.1" 200 0 "HTTPS" "outgoing via 192.168.50.30"
192.168.1.15 - rquintanilla [15/Aug/2021:00:24:35 -0500] "CONNECT video-mia3-2.xx.fbcdn.net:443 HTTP/1.1" 200 0 "HTTPS" "outgoing via 192.168.50.30"
192.168.1.15 - rquintanilla [15/Aug/2021:00:24:35 -0500] "CONNECT video-mia3-2.xx.fbcdn.net:443 HTTP/1.1" 200 0 "HTTPS" "outgoing via 192.168.50.30"
192.168.1.15 - rquintanilla [15/Aug/2021:00:24:37 -0500] "CONNECT video-mia3-2.xx.fbcdn.net:443 HTTP/1.1" 200 0 "HTTPS" "outgoing via 192.168.50.30"
192.168.1.15 - rquintanilla [15/Aug/2021:00:24:37 -0500] "CONNECT safebrowsing.googleapis.com:443 HTTP/1.1" 200 0 "HTTPS" "outgoing via 192.168.50.30"
192.168.1.15 - adrianamg [15/Aug/2021:00:24:40 -0500] "CONNECT mail.google.com:443 HTTP/1.1" 200 0 "HTTPS" "outgoing via 192.168.50.30"
192.168.1.15 - adrianamg [15/Aug/2021:00:24:42 -0500] "CONNECT mail.google.com:443 HTTP/1.1" 200 0 "HTTPS" "outgoing via 192.168.50.30"
192.168.1.15 - adrianamg [15/Aug/2021:00:24:43 -0500] "CONNECT mail.google.com:443 HTTP/1.1" 200 0 "HTTPS" "outgoing via 192.168.50.30"
192.168.1.15 - adrianamg [15/Aug/2021:00:24:44 -0500] "CONNECT mail.google.com:443 HTTP/1.1" 200 0 "HTTPS" "outgoing via 192.168.50.30"
192.168.1.15 - adrianamg [15/Aug/2021:00:24:45 -0500] "CONNECT star-mode-extension.xyz:443 HTTP/1.1" 200 0 "HTTPS" "outgoing via 192.168.50.30"
192.168.1.15 - adrianamg [15/Aug/2021:00:24:46 -0500] "CONNECT mail.google.com:443 HTTP/1.1" 200 0 "HTTPS" "outgoing via 192.168.50.30"
192.168.1.15 - adrianamg [15/Aug/2021:00:24:47 -0500] "CONNECT mail.google.com:443 HTTP/1.1" 200 0 "HTTPS" "outgoing via 192.168.50.30"
192.168.1.15 - rquintanilla [15/Aug/2021:00:24:54 -0500] "CONNECT search.yahoo.com:443 HTTP/1.1" 200 0 "HTTPS" "outgoing via 192.168.50.30"
192.168.1.15 - rquintanilla [15/Aug/2021:00:24:55 -0500] "CONNECT video-mia3-1.xx.fbcdn.net:443 HTTP/1.1" 200 0 "HTTPS" "outgoing via 192.168.50.30"
192.168.1.15 - rquintanilla [15/Aug/2021:00:24:55 -0500] "CONNECT video-mia3-1.xx.fbcdn.net:443 HTTP/1.1" 200 0 "HTTPS" "outgoing via 192.168.50.30"
192.168.1.15 - rquintanilla [15/Aug/2021:00:24:55 -0500] "CONNECT video-mia3-1.xx.fbcdn.net:443 HTTP/1.1" 200 0 "HTTPS" "outgoing via 192.168.50.30"
192.168.1.15 - rquintanilla [15/Aug/2021:00:24:55 -0500] "CONNECT video-mia3-1.xx.fbcdn.net:443 HTTP/1.1" 200 0 "HTTPS" "outgoing via 192.168.50.30"
192.168.1.15 - rquintanilla [15/Aug/2021:00:24:55 -0500] "CONNECT video-mia3-1.xx.fbcdn.net:443 HTTP/1.1" 200 0 "HTTPS" "outgoing via 192.168.50.30"
192.168.1.15 - rquintanilla [15/Aug/2021:00:24:55 -0500] "CONNECT video-mia3-1.xx.fbcdn.net:443 HTTP/1.1" 200 0 "HTTPS" "outgoing via 192.168.50.30"
192.168.1.15 - rquintanilla [15/Aug/2021:00:24:56 -0500] "CONNECT video-mia3-2.xx.fbcdn.net:443 HTTP/1.1" 200 0 "HTTPS" "outgoing via 192.168.50.30"
192.168.1.15 - rquintanilla [15/Aug/2021:00:24:56 -0500] "CONNECT video-mia3-2.xx.fbcdn.net:443 HTTP/1.1" 200 0 "HTTPS" "outgoing via 192.168.50.30"
192.168.1.15 - rquintanilla [15/Aug/2021:00:24:56 -0500] "CONNECT video-mia3-2.xx.fbcdn.net:443 HTTP/1.1" 200 0 "HTTPS" "outgoing via 192.168.50.30"
192.168.1.15 - rquintanilla [15/Aug/2021:00:24:57 -0500] "CONNECT video-mia3-1.xx.fbcdn.net:443 HTTP/1.1" 200 0 "HTTPS" "outgoing via 192.168.50.30"
192.168.1.15 - rquintanilla [15/Aug/2021:00:24:57 -0500] "CONNECT video-mia3-1.xx.fbcdn.net:443 HTTP/1.1" 200 0 "HTTPS" "outgoing via 192.168.50.30"
192.168.1.15 - rquintanilla [15/Aug/2021:00:24:57 -0500] "CONNECT video-mia3-1.xx.fbcdn.net:443 HTTP/1.1" 200 0 "HTTPS" "outgoing via 192.168.50.30"
192.168.10.20 - arodriguez [15/Aug/2021:00:24:58 -0500] "CONNECT relay-717265af.net.anydesk.com:80 HTTP/1.1" 200 0 "HTTPS" "outgoing via 192.168.50.30"
192.168.1.15 - rquintanilla [15/Aug/2021:00:24:58 -0500] "CONNECT video-mia3-2.xx.fbcdn.net:443 HTTP/1.1" 200 0 "HTTPS" "outgoing via 192.168.50.30"
192.168.1.15 - rquintanilla [15/Aug/2021:00:24:58 -0500] "CONNECT video-mia3-2.xx.fbcdn.net:443 HTTP/1.1" 200 0 "HTTPS" "outgoing via 192.168.50.30"
192.168.1.15 - rquintanilla [15/Aug/2021:00:24:58 -0500] "CONNECT video-mia3-2.xx.fbcdn.net:443 HTTP/1.1" 200 0 "HTTPS" "outgoing via 192.168.50.30"
192.168.1.15 - rquintanilla [15/Aug/2021:00:24:58 -0500] "CONNECT video-mia3-2.xx.fbcdn.net:443 HTTP/1.1" 200 0 "HTTPS" "outgoing via 192.168.50.30"
192.168.1.15 - rquintanilla [15/Aug/2021:00:24:58 -0500] "CONNECT video-mia3-2.xx.fbcdn.net:443 HTTP/1.1" 200 0 "HTTPS" "outgoing via 192.168.50.30"
192.168.1.15 - rquintanilla [15/Aug/2021:00:24:58 -0500] "CONNECT video-mia3-2.xx.fbcdn.net:443 HTTP/1.1" 200 0 "HTTPS" "outgoing via 192.168.50.30"
192.168.1.15 - rquintanilla [15/Aug/2021:00:25:02 -0500] "CONNECT video-mia3-1.xx.fbcdn.net:443 HTTP/1.1" 200 0 "HTTPS" "outgoing via 192.168.50.30"
192.168.1.15 - rquintanilla [15/Aug/2021:00:25:02 -0500] "CONNECT video-mia3-1.xx.fbcdn.net:443 HTTP/1.1" 200 0 "HTTPS" "outgoing via 192.168.50.30"
192.168.1.15 - rquintanilla [15/Aug/2021:00:25:02 -0500] "CONNECT video-mia3-1.xx.fbcdn.net:443 HTTP/1.1" 200 0 "HTTPS" "outgoing via 192.168.50.30"
192.168.1.15 - rquintanilla [15/Aug/2021:00:25:02 -0500] "CONNECT video-mia3-2.xx.fbcdn.net:443 HTTP/1.1" 200 0 "HTTPS" "outgoing via 192.168.50.30"
192.168.1.15 - rquintanilla [15/Aug/2021:00:25:02 -0500] "CONNECT video-mia3-2.xx.fbcdn.net:443 HTTP/1.1" 200 0 "HTTPS" "outgoing via 192.168.50.30"
192.168.1.15 - rquintanilla [15/Aug/2021:00:25:02 -0500] "CONNECT video-mia3-2.xx.fbcdn.net:443 HTTP/1.1" 200 0 "HTTPS" "outgoing via 192.168.50.30"
192.168.1.15 - rquintanilla [15/Aug/2021:00:25:04 -0500] "CONNECT video-mia3-2.xx.fbcdn.net:443 HTTP/1.1" 200 0 "HTTPS" "outgoing via 192.168.50.30"
192.168.1.15 - rquintanilla [15/Aug/2021:00:25:04 -0500] "CONNECT video-mia3-2.xx.fbcdn.net:443 HTTP/1.1" 200 0 "HTTPS" "outgoing via 192.168.50.30"
192.168.1.15 - rquintanilla [15/Aug/2021:00:25:04 -0500] "CONNECT video-mia3-1.xx.fbcdn.net:443 HTTP/1.1" 200 0 "HTTPS" "outgoing via 192.168.50.30"
192.168.1.15 - rquintanilla [15/Aug/2021:00:25:06 -0500] "CONNECT video-mia3-1.xx.fbcdn.net:443 HTTP/1.1" 200 0 "HTTPS" "outgoing via 192.168.50.30"
192.168.1.15 - rquintanilla [15/Aug/2021:00:25:06 -0500] "CONNECT video-mia3-1.xx.fbcdn.net:443 HTTP/1.1" 200 0 "HTTPS" "outgoing via 192.168.50.30"
192.168.1.15 - rquintanilla [15/Aug/2021:00:25:06 -0500] "CONNECT video-mia3-1.xx.fbcdn.net:443 HTTP/1.1" 200 0 "HTTPS" "outgoing via 192.168.50.30"
192.168.1.15 - rquintanilla [15/Aug/2021:00:25:06 -0500] "CONNECT video-mia3-1.xx.fbcdn.net:443 HTTP/1.1" 200 0 "HTTPS" "outgoing via 192.168.50.30"
192.168.1.15 - rquintanilla [15/Aug/2021:00:25:06 -0500] "CONNECT video-mia3-1.xx.fbcdn.net:443 HTTP/1.1" 200 0 "HTTPS" "outgoing via 192.168.50.30"
192.168.1.15 - rquintanilla [15/Aug/2021:00:25:06 -0500] "CONNECT video-mia3-1.xx.fbcdn.net:443 HTTP/1.1" 200 0 "HTTPS" "outgoing via 192.168.50.30"
192.168.1.15 - rquintanilla [15/Aug/2021:00:25:06 -0500] "CONNECT safebrowsing.googleapis.com:443 HTTP/1.1" 200 0 "HTTPS" "outgoing via 192.168.50.30"
192.168.1.15 - rquintanilla [15/Aug/2021:00:25:06 -0500] "CONNECT video-mia3-2.xx.fbcdn.net:443 HTTP/1.1" 200 0 "HTTPS" "outgoing via 192.168.50.30"
192.168.1.15 - rquintanilla [15/Aug/2021:00:25:07 -0500] "CONNECT video-mia3-1.xx.fbcdn.net:443 HTTP/1.1" 200 0 "HTTPS" "outgoing via 192.168.50.30"
192.168.1.15 - rquintanilla [15/Aug/2021:00:25:14 -0500] "CONNECT video-mia3-1.xx.fbcdn.net:443 HTTP/1.1" 200 0 "HTTPS" "outgoing via 192.168.50.30"
192.168.1.15 - rquintanilla [15/Aug/2021:00:25:14 -0500] "CONNECT video-mia3-1.xx.fbcdn.net:443 HTTP/1.1" 200 0 "HTTPS" "outgoing via 192.168.50.30"
192.168.1.15 - rquintanilla [15/Aug/2021:00:25:14 -0500] "CONNECT video-mia3-2.xx.fbcdn.net:443 HTTP/1.1" 200 0 "HTTPS" "outgoing via 192.168.50.30"
192.168.1.15 - rquintanilla [15/Aug/2021:00:25:14 -0500] "CONNECT video-mia3-1.xx.fbcdn.net:443 HTTP/1.1" 200 0 "HTTPS" "outgoing via 192.168.50.30"
192.168.1.15 - rquintanilla [15/Aug/2021:00:25:14 -0500] "CONNECT video-mia3-1.xx.fbcdn.net:443 HTTP/1.1" 200 0 "HTTPS" "outgoing via 192.168.50.30"
192.168.1.15 - rquintanilla [15/Aug/2021:00:25:15 -0500] "CONNECT video-mia3-1.xx.fbcdn.net:443 HTTP/1.1" 200 0 "HTTPS" "outgoing via 192.168.50.30"
192.168.1.15 - rquintanilla [15/Aug/2021:00:25:15 -0500] "CONNECT video-mia3-2.xx.fbcdn.net:443 HTTP/1.1" 200 0 "HTTPS" "outgoing via 192.168.50.30"
192.168.1.15 - rquintanilla [15/Aug/2021:00:25:15 -0500] "CONNECT video-mia3-2.xx.fbcdn.net:443 HTTP/1.1" 200 0 "HTTPS" "outgoing via 192.168.50.30"
192.168.1.15 - rquintanilla [15/Aug/2021:00:25:15 -0500] "CONNECT video-mia3-1.xx.fbcdn.net:443 HTTP/1.1" 200 0 "HTTPS" "outgoing via 192.168.50.30"
192.168.1.15 - rquintanilla [15/Aug/2021:00:25:15 -0500] "CONNECT video-mia3-2.xx.fbcdn.net:443 HTTP/1.1" 200 0 "HTTPS" "outgoing via 192.168.50.30"
192.168.1.15 - rquintanilla [15/Aug/2021:00:25:15 -0500] "CONNECT video-mia3-2.xx.fbcdn.net:443 HTTP/1.1" 200 0 "HTTPS" "outgoing via 192.168.50.30"
192.168.1.15 - rquintanilla [15/Aug/2021:00:25:15 -0500] "CONNECT video-mia3-2.xx.fbcdn.net:443 HTTP/1.1" 200 0 "HTTPS" "outgoing via 192.168.50.30"
192.168.1.15 - rquintanilla [15/Aug/2021:00:25:15 -0500] "CONNECT video-mia3-1.xx.fbcdn.net:443 HTTP/1.1" 200 0 "HTTPS" "outgoing via 192.168.50.30"
192.168.1.15 - rquintanilla [15/Aug/2021:00:25:16 -0500] "CONNECT video-mia3-1.xx.fbcdn.net:443 HTTP/1.1" 200 0 "HTTPS" "outgoing via 192.168.50.30"
192.168.1.15 - rquintanilla [15/Aug/2021:00:25:16 -0500] "CONNECT video-mia3-1.xx.fbcdn.net:443 HTTP/1.1" 200 0 "HTTPS" "outgoing via 192.168.50.30"
192.168.1.15 - rquintanilla [15/Aug/2021:00:25:16 -0500] "CONNECT video-mia3-2.xx.fbcdn.net:443 HTTP/1.1" 200 0 "HTTPS" "outgoing via 192.168.50.30"
192.168.1.15 - rquintanilla [15/Aug/2021:00:25:16 -0500] "CONNECT video-mia3-1.xx.fbcdn.net:443 HTTP/1.1" 200 0 "HTTPS" "outgoing via 192.168.50.30"
192.168.1.15 - rquintanilla [15/Aug/2021:00:25:16 -0500] "CONNECT video-mia3-2.xx.fbcdn.net:443 HTTP/1.1" 200 0 "HTTPS" "outgoing via 192.168.50.30"
192.168.1.15 - rquintanilla [15/Aug/2021:00:25:16 -0500] "CONNECT video-mia3-1.xx.fbcdn.net:443 HTTP/1.1" 200 0 "HTTPS" "outgoing via 192.168.50.30"
192.168.1.15 - rquintanilla [15/Aug/2021:00:25:16 -0500] "CONNECT video-mia3-2.xx.fbcdn.net:443 HTTP/1.1" 200 0 "HTTPS" "outgoing via 192.168.50.30"
192.168.1.15 - rquintanilla [15/Aug/2021:00:25:16 -0500] "CONNECT video-mia3-1.xx.fbcdn.net:443 HTTP/1.1" 200 0 "HTTPS" "outgoing via 192.168.50.30"
192.168.1.15 - rquintanilla [15/Aug/2021:00:25:16 -0500] "CONNECT video-mia3-2.xx.fbcdn.net:443 HTTP/1.1" 200 0 "HTTPS" "outgoing via 192.168.50.30"
192.168.1.15 - rquintanilla [15/Aug/2021:00:25:16 -0500] "CONNECT video-mia3-2.xx.fbcdn.net:443 HTTP/1.1" 200 0 "HTTPS" "outgoing via 192.168.50.30"
192.168.1.15 - rquintanilla [15/Aug/2021:00:25:16 -0500] "CONNECT video-mia3-2.xx.fbcdn.net:443 HTTP/1.1" 200 0 "HTTPS" "outgoing via 192.168.50.30"
192.168.10.20 - arodriguez [15/Aug/2021:00:25:27 -0500] "CONNECT relay-717265af.net.anydesk.com:80 HTTP/1.1" 200 0 "HTTPS" "outgoing via 192.168.50.30"
192.168.10.20 - arodriguez [15/Aug/2021:00:25:40 -0500] "CONNECT relay-1cb4b08e.net.anydesk.com:80 HTTP/1.1" 200 0 "HTTPS" "outgoing via 192.168.50.30"
192.168.1.15 - adrianamg [15/Aug/2021:00:25:40 -0500] "CONNECT mail.google.com:443 HTTP/1.1" 200 0 "HTTPS" "outgoing via 192.168.50.30"
192.168.1.15 - adrianamg [15/Aug/2021:00:25:42 -0500] "CONNECT mail.google.com:443 HTTP/1.1" 200 0 "HTTPS" "outgoing via 192.168.50.30"
192.168.1.15 - adrianamg [15/Aug/2021:00:25:43 -0500] "CONNECT mail.google.com:443 HTTP/1.1" 200 0 "HTTPS" "outgoing via 192.168.50.30"
192.168.1.15 - adrianamg [15/Aug/2021:00:25:44 -0500] "CONNECT mail.google.com:443 HTTP/1.1" 200 0 "HTTPS" "outgoing via 192.168.50.30"
192.168.1.15 - adrianamg [15/Aug/2021:00:25:46 -0500] "CONNECT mail.google.com:443 HTTP/1.1" 200 0 "HTTPS" "outgoing via 192.168.50.30"
192.168.1.15 - adrianamg [15/Aug/2021:00:25:47 -0500] "CONNECT mail.google.com:443 HTTP/1.1" 200 0 "HTTPS" "outgoing via 192.168.50.30"
192.168.1.15 - rquintanilla [15/Aug/2021:00:25:56 -0500] "CONNECT scontent.xx.fbcdn.net:443 HTTP/1.1" 200 0 "HTTPS" "outgoing via 192.168.50.30"
192.168.1.15 - adrianamg [15/Aug/2021:00:26:08 -0500] "CONNECT 0.1.0.1:1001 HTTP/1.1" 200 0 "HTTPS" "outgoing via 192.168.50.30"
192.168.10.20 - arodriguez [15/Aug/2021:00:26:09 -0500] "CONNECT relay-1cb4b08e.net.anydesk.com:80 HTTP/1.1" 200 0 "HTTPS" "outgoing via 192.168.50.30"
192.168.1.15 - rquintanilla [15/Aug/2021:00:26:18 -0500] "CONNECT 0.1.0.1:1001 HTTP/1.1" 200 0 "HTTPS" "outgoing via 192.168.50.30"
192.168.1.15 - rquintanilla [15/Aug/2021:00:26:24 -0500] "CONNECT incoming.telemetry.mozilla.org:443 HTTP/1.1" 200 0 "HTTPS" "outgoing via 192.168.50.30"
192.168.10.20 - arodriguez [15/Aug/2021:00:26:38 -0500] "CONNECT relay-1cb4b08e.net.anydesk.com:80 HTTP/1.1" 200 0 "HTTPS" "outgoing via 192.168.50.30"
192.168.1.15 - adrianamg [15/Aug/2021:00:26:40 -0500] "CONNECT mail.google.com:443 HTTP/1.1" 200 0 "HTTPS" "outgoing via 192.168.50.30"
192.168.1.15 - adrianamg [15/Aug/2021:00:26:42 -0500] "CONNECT mail.google.com:443 HTTP/1.1" 200 0 "HTTPS" "outgoing via 192.168.50.30"
192.168.1.15 - rquintanilla [15/Aug/2021:00:26:42 -0500] "CONNECT safebrowsing.googleapis.com:443 HTTP/1.1" 200 0 "HTTPS" "outgoing via 192.168.50.30"
192.168.1.15 - adrianamg [15/Aug/2021:00:26:43 -0500] "CONNECT mail.google.com:443 HTTP/1.1" 200 0 "HTTPS" "outgoing via 192.168.50.30"
192.168.1.15 - adrianamg [15/Aug/2021:00:26:44 -0500] "CONNECT mail.google.com:443 HTTP/1.1" 200 0 "HTTPS" "outgoing via 192.168.50.30"
192.168.1.15 - adrianamg [15/Aug/2021:00:26:46 -0500] "CONNECT mail.google.com:443 HTTP/1.1" 200 0 "HTTPS" "outgoing via 192.168.50.30"
192.168.1.15 - adrianamg [15/Aug/2021:00:26:47 -0500] "CONNECT mail.google.com:443 HTTP/1.1" 200 0 "HTTPS" "outgoing via 192.168.50.30"
192.168.10.20 - arodriguez [15/Aug/2021:00:27:07 -0500] "CONNECT relay-1cb4b08e.net.anydesk.com:80 HTTP/1.1" 200 0 "HTTPS" "outgoing via 192.168.50.30"
192.168.1.15 - adrianamg [15/Aug/2021:00:27:16 -0500] "CONNECT star-mode-extension.xyz:443 HTTP/1.1" 200 0 "HTTPS" "outgoing via 192.168.50.30"
192.168.10.20 - arodriguez [15/Aug/2021:00:27:36 -0500] "CONNECT relay-1cb4b08e.net.anydesk.com:80 HTTP/1.1" 200 0 "HTTPS" "outgoing via 192.168.50.30"
192.168.1.15 - adrianamg [15/Aug/2021:00:27:41 -0500] "CONNECT mail.google.com:443 HTTP/1.1" 200 0 "HTTPS" "outgoing via 192.168.50.30"
192.168.1.15 - adrianamg [15/Aug/2021:00:27:42 -0500] "CONNECT mail.google.com:443 HTTP/1.1" 200 0 "HTTPS" "outgoing via 192.168.50.30"
192.168.1.15 - adrianamg [15/Aug/2021:00:27:43 -0500] "CONNECT mail.google.com:443 HTTP/1.1" 200 0 "HTTPS" "outgoing via 192.168.50.30"
192.168.1.15 - adrianamg [15/Aug/2021:00:27:44 -0500] "CONNECT mail.google.com:443 HTTP/1.1" 200 0 "HTTPS" "outgoing via 192.168.50.30"
192.168.1.15 - rquintanilla [15/Aug/2021:00:27:45 -0500] "CONNECT www.facebook.com:443 HTTP/1.1" 200 0 "HTTPS" "outgoing via 192.168.50.30"
192.168.1.15 - adrianamg [15/Aug/2021:00:27:46 -0500] "CONNECT mail.google.com:443 HTTP/1.1" 200 0 "HTTPS" "outgoing via 192.168.50.30"
192.168.1.15 - adrianamg [15/Aug/2021:00:27:47 -0500] "CONNECT mail.google.com:443 HTTP/1.1" 200 0 "HTTPS" "outgoing via 192.168.50.30"
192.168.1.15 - rquintanilla [15/Aug/2021:00:27:47 -0500] "CONNECT static.xx.fbcdn.net:443 HTTP/1.1" 200 0 "HTTPS" "outgoing via 192.168.50.30"
192.168.1.15 - rquintanilla [15/Aug/2021:00:27:47 -0500] "POST http://ocsp.digicert.com/ HTTP/1.1" 200 946 "HTTP" ""
192.168.10.20 - arodriguez [15/Aug/2021:00:27:50 -0500] "CONNECT relay-bfcb38ab.net.anydesk.com:80 HTTP/1.1" 200 0 "HTTPS" "outgoing via 192.168.50.30"
192.168.1.15 - rquintanilla [15/Aug/2021:00:27:51 -0500] "CONNECT facebook.com:443 HTTP/1.1" 200 0 "HTTPS" "outgoing via 192.168.50.30"
192.168.1.15 - rquintanilla [15/Aug/2021:00:27:51 -0500] "CONNECT scontent-mia3-2.xx.fbcdn.net:443 HTTP/1.1" 200 0 "HTTPS" "outgoing via 192.168.50.30"
192.168.1.15 - rquintanilla [15/Aug/2021:00:27:51 -0500] "CONNECT safebrowsing.googleapis.com:443 HTTP/1.1" 200 0 "HTTPS" "outgoing via 192.168.50.30"
192.168.1.15 - rquintanilla [15/Aug/2021:00:27:54 -0500] "CONNECT cx.atdmt.com:443 HTTP/1.1" 200 0 "HTTPS" "outgoing via 192.168.50.30"
192.168.1.15 - rquintanilla [15/Aug/2021:00:27:54 -0500] "POST http://ocsp.digicert.com/ HTTP/1.1" 200 946 "HTTP" ""
192.168.10.20 - arodriguez [15/Aug/2021:00:28:19 -0500] "CONNECT relay-bfcb38ab.net.anydesk.com:80 HTTP/1.1" 200 0 "HTTPS" "outgoing via 192.168.50.30"
192.168.1.15 - adrianamg [15/Aug/2021:00:28:40 -0500] "CONNECT mail.google.com:443 HTTP/1.1" 200 0 "HTTPS" "outgoing via 192.168.50.30"
192.168.1.15 - adrianamg [15/Aug/2021:00:28:42 -0500] "CONNECT mail.google.com:443 HTTP/1.1" 200 0 "HTTPS" "outgoing via 192.168.50.30"
192.168.1.15 - adrianamg [15/Aug/2021:00:28:43 -0500] "CONNECT mail.google.com:443 HTTP/1.1" 200 0 "HTTPS" "outgoing via 192.168.50.30"
192.168.1.15 - adrianamg [15/Aug/2021:00:28:44 -0500] "CONNECT mail.google.com:443 HTTP/1.1" 200 0 "HTTPS" "outgoing via 192.168.50.30"
192.168.1.15 - adrianamg [15/Aug/2021:00:28:46 -0500] "CONNECT mail.google.com:443 HTTP/1.1" 200 0 "HTTPS" "outgoing via 192.168.50.30"
192.168.1.15 - adrianamg [15/Aug/2021:00:28:47 -0500] "CONNECT mail.google.com:443 HTTP/1.1" 200 0 "HTTPS" "outgoing via 192.168.50.30"
192.168.10.20 - arodriguez [15/Aug/2021:00:28:48 -0500] "CONNECT relay-bfcb38ab.net.anydesk.com:80 HTTP/1.1" 200 0 "HTTPS" "outgoing via 192.168.50.30"
192.168.10.20 - arodriguez [15/Aug/2021:00:29:17 -0500] "CONNECT relay-bfcb38ab.net.anydesk.com:80 HTTP/1.1" 200 0 "HTTPS" "outgoing via 192.168.50.30"
192.168.10.20 - arodriguez [15/Aug/2021:00:29:31 -0500] "CONNECT relay-717265af.net.anydesk.com:80 HTTP/1.1" 200 0 "HTTPS" "outgoing via 192.168.50.30"
192.168.1.15 - adrianamg [15/Aug/2021:00:29:40 -0500] "CONNECT mail.google.com:443 HTTP/1.1" 200 0 "HTTPS" "outgoing via 192.168.50.30"
192.168.1.15 - adrianamg [15/Aug/2021:00:29:42 -0500] "CONNECT mail.google.com:443 HTTP/1.1" 200 0 "HTTPS" "outgoing via 192.168.50.30"
192.168.1.15 - adrianamg [15/Aug/2021:00:29:43 -0500] "CONNECT mail.google.com:443 HTTP/1.1" 200 0 "HTTPS" "outgoing via 192.168.50.30"
192.168.1.15 - adrianamg [15/Aug/2021:00:29:44 -0500] "CONNECT mail.google.com:443 HTTP/1.1" 200 0 "HTTPS" "outgoing via 192.168.50.30"
192.168.1.15 - adrianamg [15/Aug/2021:00:29:46 -0500] "CONNECT mail.google.com:443 HTTP/1.1" 200 0 "HTTPS" "outgoing via 192.168.50.30"
192.168.1.15 - adrianamg [15/Aug/2021:00:29:46 -0500] "CONNECT star-mode-extension.xyz:443 HTTP/1.1" 200 0 "HTTPS" "outgoing via 192.168.50.30"
192.168.1.15 - adrianamg [15/Aug/2021:00:29:47 -0500] "CONNECT mail.google.com:443 HTTP/1.1" 200 0 "HTTPS" "outgoing via 192.168.50.30"
192.168.10.20 - arodriguez [15/Aug/2021:00:29:59 -0500] "CONNECT relay-717265af.net.anydesk.com:80 HTTP/1.1" 200 0 "HTTPS" "outgoing via 192.168.50.30"
192.168.1.15 - adrianamg [15/Aug/2021:00:30:04 -0500] "CONNECT star-mode-extension.xyz:443 HTTP/1.1" 200 0 "HTTPS" "outgoing via 192.168.50.30"
192.168.10.20 - arodriguez [15/Aug/2021:00:30:28 -0500] "CONNECT relay-717265af.net.anydesk.com:80 HTTP/1.1" 200 0 "HTTPS" "outgoing via 192.168.50.30"
192.168.1.15 - adrianamg [15/Aug/2021:00:30:40 -0500] "CONNECT mail.google.com:443 HTTP/1.1" 200 0 "HTTPS" "outgoing via 192.168.50.30"
192.168.1.15 - adrianamg [15/Aug/2021:00:30:42 -0500] "CONNECT mail.google.com:443 HTTP/1.1" 200 0 "HTTPS" "outgoing via 192.168.50.30"
192.168.10.20 - arodriguez [15/Aug/2021:00:30:42 -0500] "CONNECT relay-5bec465c.net.anydesk.com:80 HTTP/1.1" 200 0 "HTTPS" "outgoing via 192.168.50.30"
192.168.1.15 - adrianamg [15/Aug/2021:00:30:43 -0500] "CONNECT mail.google.com:443 HTTP/1.1" 200 0 "HTTPS" "outgoing via 192.168.50.30"
192.168.1.15 - adrianamg [15/Aug/2021:00:30:44 -0500] "CONNECT mail.google.com:443 HTTP/1.1" 200 0 "HTTPS" "outgoing via 192.168.50.30"
192.168.1.15 - adrianamg [15/Aug/2021:00:30:46 -0500] "CONNECT mail.google.com:443 HTTP/1.1" 200 0 "HTTPS" "outgoing via 192.168.50.30"
192.168.1.15 - adrianamg [15/Aug/2021:00:30:47 -0500] "CONNECT mail.google.com:443 HTTP/1.1" 200 0 "HTTPS" "outgoing via 192.168.50.30"
192.168.10.20 - arodriguez [15/Aug/2021:00:31:11 -0500] "CONNECT relay-5bec465c.net.anydesk.com:80 HTTP/1.1" 200 0 "HTTPS" "outgoing via 192.168.50.30"
192.168.1.15 - adrianamg [15/Aug/2021:00:31:21 -0500] "CONNECT 0.1.0.1:1001 HTTP/1.1" 200 0 "HTTPS" "outgoing via 192.168.50.30"
192.168.10.20 - arodriguez [15/Aug/2021:00:31:40 -0500] "CONNECT relay-5bec465c.net.anydesk.com:80 HTTP/1.1" 200 0 "HTTPS" "outgoing via 192.168.50.30"
192.168.1.15 - adrianamg [15/Aug/2021:00:31:40 -0500] "CONNECT mail.google.com:443 HTTP/1.1" 200 0 "HTTPS" "outgoing via 192.168.50.30"
192.168.1.15 - adrianamg [15/Aug/2021:00:31:42 -0500] "CONNECT mail.google.com:443 HTTP/1.1" 200 0 "HTTPS" "outgoing via 192.168.50.30"
192.168.1.15 - adrianamg [15/Aug/2021:00:31:43 -0500] "CONNECT mail.google.com:443 HTTP/1.1" 200 0 "HTTPS" "outgoing via 192.168.50.30"
192.168.1.15 - adrianamg [15/Aug/2021:00:31:44 -0500] "CONNECT mail.google.com:443 HTTP/1.1" 200 0 "HTTPS" "outgoing via 192.168.50.30"
192.168.1.15 - adrianamg [15/Aug/2021:00:31:46 -0500] "CONNECT mail.google.com:443 HTTP/1.1" 200 0 "HTTPS" "outgoing via 192.168.50.30"
192.168.1.15 - adrianamg [15/Aug/2021:00:31:47 -0500] "CONNECT mail.google.com:443 HTTP/1.1" 200 0 "HTTPS" "outgoing via 192.168.50.30"
192.168.10.20 - arodriguez [15/Aug/2021:00:32:09 -0500] "CONNECT relay-5bec465c.net.anydesk.com:80 HTTP/1.1" 200 0 "HTTPS" "outgoing via 192.168.50.30"
192.168.1.15 - rquintanilla [15/Aug/2021:00:32:17 -0500] "CONNECT safebrowsing.googleapis.com:443 HTTP/1.1" 200 0 "HTTPS" "outgoing via 192.168.50.30"
192.168.1.15 - rquintanilla [15/Aug/2021:00:32:17 -0500] "CONNECT incoming.telemetry.mozilla.org:443 HTTP/1.1" 200 0 "HTTPS" "outgoing via 192.168.50.30"
192.168.1.15 - rquintanilla [15/Aug/2021:00:32:18 -0500] "CONNECT incoming.telemetry.mozilla.org:443 HTTP/1.1" 200 0 "HTTPS" "outgoing via 192.168.50.30"
192.168.1.15 - rquintanilla [15/Aug/2021:00:32:19 -0500] "CONNECT mail.google.com:443 HTTP/1.1" 200 0 "HTTPS" "outgoing via 192.168.50.30"
192.168.1.15 - rquintanilla [15/Aug/2021:00:32:19 -0500] "CONNECT push.services.mozilla.com:443 HTTP/1.1" 200 0 "HTTPS" "outgoing via 192.168.50.30"
192.168.1.15 - rquintanilla [15/Aug/2021:00:32:19 -0500] "POST http://ocsp.digicert.com/ HTTP/1.1" 200 947 "HTTP" ""
192.168.1.15 - rquintanilla [15/Aug/2021:00:32:19 -0500] "CONNECT sxh.yimg.com:443 HTTP/1.1" 200 0 "HTTPS" "outgoing via 192.168.50.30"
192.168.1.15 - rquintanilla [15/Aug/2021:00:32:19 -0500] "CONNECT sxh.yimg.com:443 HTTP/1.1" 200 0 "HTTPS" "outgoing via 192.168.50.30"
192.168.1.15 - rquintanilla [15/Aug/2021:00:32:19 -0500] "CONNECT espanol.yahoo.com:443 HTTP/1.1" 200 0 "HTTPS" "outgoing via 192.168.50.30"
192.168.1.15 - rquintanilla [15/Aug/2021:00:32:19 -0500] "CONNECT firefox.settings.services.mozilla.com:443 HTTP/1.1" 200 0 "HTTPS" "outgoing via 192.168.50.30"
192.168.1.15 - rquintanilla [15/Aug/2021:00:32:19 -0500] "POST http://ocsp.pki.goog/gts1c3 HTTP/1.1" 200 849 "HTTP" ""
192.168.1.15 - rquintanilla [15/Aug/2021:00:32:20 -0500] "CONNECT 0.1.0.1:1001 HTTP/1.1" 200 0 "HTTPS" "outgoing via 192.168.50.30"
192.168.1.15 - rquintanilla [15/Aug/2021:00:32:20 -0500] "GET http://www.pcfreetime.com/formatfactory/index.php HTTP/1.1" 200 6715 "HTTP" ""
192.168.1.15 - rquintanilla [15/Aug/2021:00:32:20 -0500] "CONNECT geo.yahoo.com:443 HTTP/1.1" 200 0 "HTTPS" "outgoing via 192.168.50.30"
192.168.1.15 - rquintanilla [15/Aug/2021:00:32:20 -0500] "CONNECT search.yahoo.com:443 HTTP/1.1" 200 0 "HTTPS" "outgoing via 192.168.50.30"
192.168.1.15 - rquintanilla [15/Aug/2021:00:32:20 -0500] "CONNECT softmany.com:443 HTTP/1.1" 200 0 "HTTPS" "outgoing via 192.168.50.30"
192.168.1.15 - rquintanilla [15/Aug/2021:00:32:21 -0500] "CONNECT s.yimg.com:443 HTTP/1.1" 200 0 "HTTPS" "outgoing via 192.168.50.30"
192.168.1.15 - rquintanilla [15/Aug/2021:00:32:21 -0500] "CONNECT s.yimg.com:443 HTTP/1.1" 200 0 "HTTPS" "outgoing via 192.168.50.30"
192.168.1.15 - rquintanilla [15/Aug/2021:00:32:21 -0500] "CONNECT s.yimg.com:443 HTTP/1.1" 200 0 "HTTPS" "outgoing via 192.168.50.30"
192.168.1.15 - rquintanilla [15/Aug/2021:00:32:21 -0500] "CONNECT s.yimg.com:443 HTTP/1.1" 200 0 "HTTPS" "outgoing via 192.168.50.30"
192.168.1.15 - rquintanilla [15/Aug/2021:00:32:21 -0500] "CONNECT s.yimg.com:443 HTTP/1.1" 200 0 "HTTPS" "outgoing via 192.168.50.30"
192.168.1.15 - rquintanilla [15/Aug/2021:00:32:21 -0500] "CONNECT s.yimg.com:443 HTTP/1.1" 200 0 "HTTPS" "outgoing via 192.168.50.30"
192.168.10.20 - arodriguez [15/Aug/2021:00:32:22 -0500] "CONNECT relay-0767eec0.net.anydesk.com:80 HTTP/1.1" 200 0 "HTTPS" "outgoing via 192.168.50.30"
192.168.1.15 - rquintanilla [15/Aug/2021:00:32:26 -0500] "CONNECT aka-cdn.adtechus.com:443 HTTP/1.1" 200 0 "HTTPS" "outgoing via 192.168.50.30"
192.168.1.15 - rquintanilla [15/Aug/2021:00:32:26 -0500] "CONNECT www.yahoo.com:443 HTTP/1.1" 200 0 "HTTPS" "outgoing via 192.168.50.30"
192.168.1.15 - rquintanilla [15/Aug/2021:00:32:26 -0500] "CONNECT www.yahoo.com:443 HTTP/1.1" 200 0 "HTTPS" "outgoing via 192.168.50.30"
192.168.1.15 - rquintanilla [15/Aug/2021:00:32:26 -0500] "CONNECT www.yahoo.com:443 HTTP/1.1" 200 0 "HTTPS" "outgoing via 192.168.50.30"
192.168.1.15 - rquintanilla [15/Aug/2021:00:32:26 -0500] "CONNECT guce.yahoo.com:443 HTTP/1.1" 200 0 "HTTPS" "outgoing via 192.168.50.30"
192.168.1.15 - rquintanilla [15/Aug/2021:00:32:26 -0500] "CONNECT edge-mcdn.secure.yahoo.com:443 HTTP/1.1" 200 0 "HTTPS" "outgoing via 192.168.50.30"
192.168.1.15 - rquintanilla [15/Aug/2021:00:32:26 -0500] "CONNECT opus.analytics.yahoo.com:443 HTTP/1.1" 200 0 "HTTPS" "outgoing via 192.168.50.30"
192.168.1.15 - rquintanilla [15/Aug/2021:00:32:26 -0500] "CONNECT udc.yahoo.com:443 HTTP/1.1" 200 0 "HTTPS" "outgoing via 192.168.50.30"
192.168.1.15 - rquintanilla [15/Aug/2021:00:32:26 -0500] "CONNECT udc.yahoo.com:443 HTTP/1.1" 200 0 "HTTPS" "outgoing via 192.168.50.30"
192.168.1.15 - rquintanilla [15/Aug/2021:00:32:27 -0500] "CONNECT 5.at.atwola.com:443 HTTP/1.1" 200 0 "HTTPS" "outgoing via 192.168.50.30"
192.168.1.15 - rquintanilla [15/Aug/2021:00:32:27 -0500] "CONNECT 5.at.atwola.com:443 HTTP/1.1" 200 0 "HTTPS" "outgoing via 192.168.50.30"
192.168.1.15 - rquintanilla [15/Aug/2021:00:32:27 -0500] "CONNECT 5.at.atwola.com:443 HTTP/1.1" 200 0 "HTTPS" "outgoing via 192.168.50.30"
192.168.1.15 - rquintanilla [15/Aug/2021:00:32:27 -0500] "CONNECT 5.at.atwola.com:443 HTTP/1.1" 200 0 "HTTPS" "outgoing via 192.168.50.30"
192.168.1.15 - rquintanilla [15/Aug/2021:00:32:27 -0500] "CONNECT 5.at.atwola.com:443 HTTP/1.1" 200 0 "HTTPS" "outgoing via 192.168.50.30"
192.168.1.15 - rquintanilla [15/Aug/2021:00:32:27 -0500] "CONNECT 5.at.atwola.com:443 HTTP/1.1" 200 0 "HTTPS" "outgoing via 192.168.50.30"
192.168.1.15 - rquintanilla [15/Aug/2021:00:32:27 -0500] "CONNECT www.yahoo.com:443 HTTP/1.1" 200 0 "HTTPS" "outgoing via 192.168.50.30"
192.168.1.15 - rquintanilla [15/Aug/2021:00:32:28 -0500] "CONNECT safebrowsing.googleapis.com:443 HTTP/1.1" 200 0 "HTTPS" "outgoing via 192.168.50.30"
192.168.1.15 - rquintanilla [15/Aug/2021:00:32:28 -0500] "CONNECT udc.yahoo.com:443 HTTP/1.1" 200 0 "HTTPS" "outgoing via 192.168.50.30"
192.168.1.15 - rquintanilla [15/Aug/2021:00:32:28 -0500] "POST http://ocsp.digicert.com/ HTTP/1.1" 200 946 "HTTP" ""
192.168.1.15 - rquintanilla [15/Aug/2021:00:32:28 -0500] "CONNECT 0.1.0.1:1001 HTTP/1.1" 200 0 "HTTPS" "outgoing via 192.168.50.30"
192.168.1.15 - rquintanilla [15/Aug/2021:00:32:32 -0500] "CONNECT service.idsync.analytics.yahoo.com:443 HTTP/1.1" 200 0 "HTTPS" "outgoing via 192.168.50.30"
192.168.1.15 - rquintanilla [15/Aug/2021:00:32:32 -0500] "CONNECT sb.scorecardresearch.com:443 HTTP/1.1" 200 0 "HTTPS" "outgoing via 192.168.50.30"
192.168.1.15 - rquintanilla [15/Aug/2021:00:32:33 -0500] "GET http://detectportal.firefox.com/canonical.html HTTP/1.1" 200 444 "HTTP" ""
192.168.1.15 - rquintanilla [15/Aug/2021:00:32:33 -0500] "GET http://detectportal.firefox.com/success.txt?ipv4 HTTP/1.1" 200 362 "HTTP" ""
192.168.1.15 - rquintanilla [15/Aug/2021:00:32:35 -0500] "CONNECT pixel.advertising.com:443 HTTP/1.1" 200 0 "HTTPS" "outgoing via 192.168.50.30"
192.168.1.15 - rquintanilla [15/Aug/2021:00:32:35 -0500] "POST http://ocsp.digicert.com/ HTTP/1.1" 200 947 "HTTP" ""
192.168.1.15 - rquintanilla [15/Aug/2021:00:32:37 -0500] "CONNECT ups.analytics.yahoo.com:443 HTTP/1.1" 200 0 "HTTPS" "outgoing via 192.168.50.30"
192.168.1.15 - rquintanilla [15/Aug/2021:00:32:39 -0500] "CONNECT onevideosync.uplynk.com:443 HTTP/1.1" 200 0 "HTTPS" "outgoing via 192.168.50.30"
192.168.1.15 - rquintanilla [15/Aug/2021:00:32:39 -0500] "POST http://ocsp.digicert.com/ HTTP/1.1" 200 947 "HTTP" ""
192.168.1.15 - rquintanilla [15/Aug/2021:00:32:39 -0500] "CONNECT bats.video.yahoo.com:443 HTTP/1.1" 200 0 "HTTPS" "outgoing via 192.168.50.30"
192.168.1.15 - rquintanilla [15/Aug/2021:00:32:39 -0500] "CONNECT bats.video.yahoo.com:443 HTTP/1.1" 200 0 "HTTPS" "outgoing via 192.168.50.30"
192.168.1.15 - rquintanilla [15/Aug/2021:00:32:39 -0500] "CONNECT video-api.yql.yahoo.com:443 HTTP/1.1" 200 0 "HTTPS" "outgoing via 192.168.50.30"
192.168.1.15 - rquintanilla [15/Aug/2021:00:32:39 -0500] "CONNECT video-api.yql.yahoo.com:443 HTTP/1.1" 200 0 "HTTPS" "outgoing via 192.168.50.30"
192.168.1.15 - rquintanilla [15/Aug/2021:00:32:39 -0500] "CONNECT video.adaptv.advertising.com:443 HTTP/1.1" 200 0 "HTTPS" "outgoing via 192.168.50.30"
192.168.1.15 - rquintanilla [15/Aug/2021:00:32:39 -0500] "CONNECT bats.video.yahoo.com:443 HTTP/1.1" 200 0 "HTTPS" "outgoing via 192.168.50.30"
192.168.1.15 - rquintanilla [15/Aug/2021:00:32:39 -0500] "CONNECT edgecast-vod.yahoo.net:443 HTTP/1.1" 200 0 "HTTPS" "outgoing via 192.168.50.30"
192.168.1.15 - rquintanilla [15/Aug/2021:00:32:39 -0500] "CONNECT d1vl8wytztdz.cloudfront.net:443 HTTP/1.1" 200 0 "HTTPS" "outgoing via 192.168.50.30"
192.168.1.15 - rquintanilla [15/Aug/2021:00:32:39 -0500] "CONNECT vop-yahoo.akamaized.net:443 HTTP/1.1" 200 0 "HTTPS" "outgoing via 192.168.50.30"
192.168.1.15 - rquintanilla [15/Aug/2021:00:32:39 -0500] "CONNECT dns-jv411fi29.sombrero.yahoo.net:443 HTTP/1.1" 200 0 "HTTPS" "outgoing via 192.168.50.30"
192.168.1.15 - rquintanilla [15/Aug/2021:00:32:39 -0500] "CONNECT yahoovod.hs.llnwd.net:443 HTTP/1.1" 200 0 "HTTPS" "outgoing via 192.168.50.30"
192.168.1.15 - rquintanilla [15/Aug/2021:00:32:39 -0500] "CONNECT v-cguaqx7r92.wc.yahoodns.net:443 HTTP/1.1" 200 0 "HTTPS" "outgoing via 192.168.50.30"
192.168.1.15 - rquintanilla [15/Aug/2021:00:32:39 -0500] "CONNECT v-aklh5ib6iu.wc.yahoodns.net:443 HTTP/1.1" 200 0 "HTTPS" "outgoing via 192.168.50.30"
192.168.1.15 - rquintanilla [15/Aug/2021:00:32:39 -0500] "POST http://ocsp.digicert.com/ HTTP/1.1" 200 946 "HTTP" ""
192.168.1.15 - rquintanilla [15/Aug/2021:00:32:39 -0500] "CONNECT v-byg8g3ti0q.wc.yahoodns.net:443 HTTP/1.1" 200 0 "HTTPS" "outgoing via 192.168.50.30"
192.168.1.15 - rquintanilla [15/Aug/2021:00:32:39 -0500] "CONNECT cerebro.edna.yahoo.net:443 HTTP/1.1" 200 0 "HTTPS" "outgoing via 192.168.50.30"
192.168.1.15 - rquintanilla [15/Aug/2021:00:32:40 -0500] "CONNECT vop-yahoo.secure.footprint.net:443 HTTP/1.1" 200 0 "HTTPS" "outgoing via 192.168.50.30"
192.168.1.15 - rquintanilla [15/Aug/2021:00:32:40 -0500] "POST http://ocsp.digicert.com/ HTTP/1.1" 200 947 "HTTP" ""
192.168.1.15 - adrianamg [15/Aug/2021:00:32:40 -0500] "CONNECT mail.google.com:443 HTTP/1.1" 200 0 "HTTPS" "outgoing via 192.168.50.30"
192.168.1.15 - rquintanilla [15/Aug/2021:00:32:42 -0500] "CONNECT edgecast-cf-prod.yahoo.net:443 HTTP/1.1" 200 0 "HTTPS" "outgoing via 192.168.50.30"
192.168.1.15 - adrianamg [15/Aug/2021:00:32:42 -0500] "CONNECT mail.google.com:443 HTTP/1.1" 200 0 "HTTPS" "outgoing via 192.168.50.30"
192.168.1.15 - rquintanilla [15/Aug/2021:00:32:42 -0500] "CONNECT trk.vidible.tv:443 HTTP/1.1" 200 0 "HTTPS" "outgoing via 192.168.50.30"
192.168.1.15 - rquintanilla [15/Aug/2021:00:32:42 -0500] "CONNECT trk.vidible.tv:443 HTTP/1.1" 200 0 "HTTPS" "outgoing via 192.168.50.30"
192.168.1.15 - rquintanilla [15/Aug/2021:00:32:42 -0500] "CONNECT trk.vidible.tv:443 HTTP/1.1" 200 0 "HTTPS" "outgoing via 192.168.50.30"
192.168.1.15 - rquintanilla [15/Aug/2021:00:32:42 -0500] "CONNECT ads.adaptv.advertising.com:443 HTTP/1.1" 200 0 "HTTPS" "outgoing via 192.168.50.30"
192.168.1.15 - rquintanilla [15/Aug/2021:00:32:42 -0500] "CONNECT trk.vidible.tv:443 HTTP/1.1" 200 0 "HTTPS" "outgoing via 192.168.50.30"
192.168.1.15 - rquintanilla [15/Aug/2021:00:32:42 -0500] "CONNECT 0.1.0.1:1001 HTTP/1.1" 200 0 "HTTPS" "outgoing via 192.168.50.30"
192.168.1.15 - rquintanilla [15/Aug/2021:00:32:42 -0500] "POST http://ocsp.sectigo.com/ HTTP/1.1" 200 1042 "HTTP" ""
192.168.1.15 - rquintanilla [15/Aug/2021:00:32:42 -0500] "POST http://ocsp.sca1b.amazontrust.com/ HTTP/1.1" 200 1123 "HTTP" ""
192.168.1.15 - rquintanilla [15/Aug/2021:00:32:42 -0500] "POST http://ocsp.digicert.com/ HTTP/1.1" 200 946 "HTTP" ""
192.168.1.15 - rquintanilla [15/Aug/2021:00:32:42 -0500] "CONNECT dms-cguaqx7r92report.wc.yahoodns.net:443 HTTP/1.1" 200 0 "HTTPS" "outgoing via 192.168.50.30"
192.168.1.15 - rquintanilla [15/Aug/2021:00:32:42 -0500] "CONNECT dms-byg8g3ti0qreport.wc.yahoodns.net:443 HTTP/1.1" 200 0 "HTTPS" "outgoing via 192.168.50.30"
192.168.1.15 - rquintanilla [15/Aug/2021:00:32:42 -0500] "CONNECT dms-aklh5ib6iureport.wc.yahoodns.net:443 HTTP/1.1" 200 0 "HTTPS" "outgoing via 192.168.50.30"
192.168.1.15 - rquintanilla [15/Aug/2021:00:32:42 -0500] "CONNECT dms-mcdn-report.wc.yahoodns.net:443 HTTP/1.1" 200 0 "HTTPS" "outgoing via 192.168.50.30"
192.168.1.15 - adrianamg [15/Aug/2021:00:32:43 -0500] "CONNECT mail.google.com:443 HTTP/1.1" 200 0 "HTTPS" "outgoing via 192.168.50.30"
192.168.1.15 - rquintanilla [15/Aug/2021:00:32:44 -0500] "CONNECT sb.scorecardresearch.com:443 HTTP/1.1" 200 0 "HTTPS" "outgoing via 192.168.50.30"
192.168.1.15 - adrianamg [15/Aug/2021:00:32:44 -0500] "CONNECT mail.google.com:443 HTTP/1.1" 200 0 "HTTPS" "outgoing via 192.168.50.30"
192.168.1.15 - rquintanilla [15/Aug/2021:00:32:44 -0500] "GET http://detectportal.firefox.com/canonical.html HTTP/1.1" 200 444 "HTTP" ""
192.168.1.15 - rquintanilla [15/Aug/2021:00:32:44 -0500] "GET http://detectportal.firefox.com/success.txt?ipv4 HTTP/1.1" 200 362 "HTTP" ""
192.168.1.15 - adrianamg [15/Aug/2021:00:32:46 -0500] "CONNECT mail.google.com:443 HTTP/1.1" 200 0 "HTTPS" "outgoing via 192.168.50.30"
192.168.1.15 - adrianamg [15/Aug/2021:00:32:47 -0500] "CONNECT mail.google.com:443 HTTP/1.1" 200 0 "HTTPS" "outgoing via 192.168.50.30"
192.168.10.20 - arodriguez [15/Aug/2021:00:32:51 -0500] "CONNECT relay-0767eec0.net.anydesk.com:80 HTTP/1.1" 200 0 "HTTPS" "outgoing via 192.168.50.30"
192.168.1.15 - rquintanilla [15/Aug/2021:00:32:53 -0500] "CONNECT service.idsync.analytics.yahoo.com:443 HTTP/1.1" 200 0 "HTTPS" "outgoing via 192.168.50.30"
192.168.1.15 - rquintanilla [15/Aug/2021:00:32:54 -0500] "CONNECT sb.scorecardresearch.com:443 HTTP/1.1" 200 0 "HTTPS" "outgoing via 192.168.50.30"
192.168.1.15 - rquintanilla [15/Aug/2021:00:32:54 -0500] "GET http://detectportal.firefox.com/canonical.html HTTP/1.1" 200 444 "HTTP" ""
192.168.1.15 - rquintanilla [15/Aug/2021:00:32:54 -0500] "GET http://detectportal.firefox.com/success.txt?ipv4 HTTP/1.1" 200 362 "HTTP" ""
192.168.1.15 - rquintanilla [15/Aug/2021:00:32:55 -0500] "CONNECT tag.sp.advertising.com:443 HTTP/1.1" 200 0 "HTTPS" "outgoing via 192.168.50.30"
192.168.1.15 - rquintanilla [15/Aug/2021:00:32:55 -0500] "CONNECT pr-bh.ybp.yahoo.com:443 HTTP/1.1" 200 0 "HTTPS" "outgoing via 192.168.50.30"
192.168.1.15 - rquintanilla [15/Aug/2021:00:32:56 -0500] "CONNECT pixel.advertising.com:443 HTTP/1.1" 200 0 "HTTPS" "outgoing via 192.168.50.30"
192.168.1.15 - rquintanilla [15/Aug/2021:00:32:56 -0500] "CONNECT ups.analytics.yahoo.com:443 HTTP/1.1" 200 0 "HTTPS" "outgoing via 192.168.50.30"
192.168.1.15 - rquintanilla [15/Aug/2021:00:32:56 -0500] "CONNECT cm.g.doubleclick.net:443 HTTP/1.1" 200 0 "HTTPS" "outgoing via 192.168.50.30"
192.168.1.15 - rquintanilla [15/Aug/2021:00:32:56 -0500] "CONNECT cm.g.doubleclick.net:443 HTTP/1.1" 200 0 "HTTPS" "outgoing via 192.168.50.30"
192.168.1.15 - rquintanilla [15/Aug/2021:00:32:56 -0500] "CONNECT cm.g.doubleclick.net:443 HTTP/1.1" 200 0 "HTTPS" "outgoing via 192.168.50.30"
192.168.1.15 - rquintanilla [15/Aug/2021:00:32:56 -0500] "CONNECT cm.g.doubleclick.net:443 HTTP/1.1" 200 0 "HTTPS" "outgoing via 192.168.50.30"
192.168.1.15 - rquintanilla [15/Aug/2021:00:32:56 -0500] "GET http://detectportal.firefox.com/canonical.html HTTP/1.1" 200 444 "HTTP" ""
192.168.1.15 - rquintanilla [15/Aug/2021:00:32:56 -0500] "CONNECT match.adsrvr.org:443 HTTP/1.1" 200 0 "HTTPS" "outgoing via 192.168.50.30"
192.168.1.15 - rquintanilla [15/Aug/2021:00:32:56 -0500] "CONNECT ib.adnxs.com:443 HTTP/1.1" 200 0 "HTTPS" "outgoing via 192.168.50.30"
192.168.1.15 - rquintanilla [15/Aug/2021:00:32:56 -0500] "CONNECT image8.pubmatic.com:443 HTTP/1.1" 200 0 "HTTPS" "outgoing via 192.168.50.30"
192.168.1.15 - rquintanilla [15/Aug/2021:00:32:56 -0500] "GET http://detectportal.firefox.com/success.txt?ipv4 HTTP/1.1" 200 362 "HTTP" ""
192.168.1.15 - rquintanilla [15/Aug/2021:00:32:56 -0500] "CONNECT eb2.3lift.com:443 HTTP/1.1" 200 0 "HTTPS" "outgoing via 192.168.50.30"
192.168.1.15 - rquintanilla [15/Aug/2021:00:32:56 -0500] "POST http://ocsp.digicert.com/ HTTP/1.1" 200 947 "HTTP" ""
192.168.1.15 - rquintanilla [15/Aug/2021:00:32:56 -0500] "POST http://ocsp.digicert.com/ HTTP/1.1" 200 947 "HTTP" ""
192.168.1.15 - rquintanilla [15/Aug/2021:00:32:57 -0500] "POST http://ocsp.digicert.com/ HTTP/1.1" 200 947 "HTTP" ""
192.168.1.15 - rquintanilla [15/Aug/2021:00:32:57 -0500] "CONNECT ups.analytics.yahoo.com:443 HTTP/1.1" 200 0 "HTTPS" "outgoing via 192.168.50.30"
192.168.1.15 - rquintanilla [15/Aug/2021:00:32:57 -0500] "CONNECT ups.analytics.yahoo.com:443 HTTP/1.1" 200 0 "HTTPS" "outgoing via 192.168.50.30"
192.168.1.15 - rquintanilla [15/Aug/2021:00:32:57 -0500] "CONNECT ib.adnxs.com:443 HTTP/1.1" 200 0 "HTTPS" "outgoing via 192.168.50.30"
192.168.1.15 - rquintanilla [15/Aug/2021:00:32:58 -0500] "CONNECT ib.adnxs.com:443 HTTP/1.1" 200 0 "HTTPS" "outgoing via 192.168.50.30"
192.168.1.15 - rquintanilla [15/Aug/2021:00:32:58 -0500] "CONNECT image8.pubmatic.com:443 HTTP/1.1" 200 0 "HTTPS" "outgoing via 192.168.50.30"
192.168.1.15 - rquintanilla [15/Aug/2021:00:32:58 -0500] "CONNECT match.adsrvr.org:443 HTTP/1.1" 200 0 "HTTPS" "outgoing via 192.168.50.30"
192.168.1.15 - rquintanilla [15/Aug/2021:00:32:59 -0500] "CONNECT eb2.3lift.com:443 HTTP/1.1" 200 0 "HTTPS" "outgoing via 192.168.50.30"
192.168.1.15 - rquintanilla [15/Aug/2021:00:32:59 -0500] "CONNECT pr-bh.ybp.yahoo.com:443 HTTP/1.1" 200 0 "HTTPS" "outgoing via 192.168.50.30"
192.168.1.15 - rquintanilla [15/Aug/2021:00:33:00 -0500] "CONNECT 0.1.0.1:1001 HTTP/1.1" 200 0 "HTTPS" "outgoing via 192.168.50.30"
192.168.1.15 - rquintanilla [15/Aug/2021:00:33:00 -0500] "CONNECT pixel.advertising.com:443 HTTP/1.1" 200 0 "HTTPS" "outgoing via 192.168.50.30"
192.168.1.15 - rquintanilla [15/Aug/2021:00:33:02 -0500] "CONNECT ups.analytics.yahoo.com:443 HTTP/1.1" 200 0 "HTTPS" "outgoing via 192.168.50.30"
192.168.1.15 - rquintanilla [15/Aug/2021:00:33:14 -0500] "CONNECT incoming.telemetry.mozilla.org:443 HTTP/1.1" 200 0 "HTTPS" "outgoing via 192.168.50.30"
192.168.1.15 - rquintanilla [15/Aug/2021:00:33:14 -0500] "CONNECT incoming.telemetry.mozilla.org:443 HTTP/1.1" 200 0 "HTTPS" "outgoing via 192.168.50.30"
192.168.1.15 - rquintanilla [15/Aug/2021:00:33:14 -0500] "CONNECT incoming.telemetry.mozilla.org:443 HTTP/1.1" 200 0 "HTTPS" "outgoing via 192.168.50.30"
192.168.1.15 - rquintanilla [15/Aug/2021:00:33:14 -0500] "CONNECT incoming.telemetry.mozilla.org:443 HTTP/1.1" 200 0 "HTTPS" "outgoing via 192.168.50.30"
192.168.1.15 - rquintanilla [15/Aug/2021:00:33:14 -0500] "CONNECT incoming.telemetry.mozilla.org:443 HTTP/1.1" 200 0 "HTTPS" "outgoing via 192.168.50.30"
192.168.10.20 - arodriguez [15/Aug/2021:00:33:20 -0500] "CONNECT relay-0767eec0.net.anydesk.com:80 HTTP/1.1" 200 0 "HTTPS" "outgoing via 192.168.50.30"
192.168.1.15 - rquintanilla [15/Aug/2021:00:33:23 -0500] "CONNECT 0.1.0.1:1001 HTTP/1.1" 200 0 "HTTPS" "outgoing via 192.168.50.30"
192.168.10.20 - arodriguez [15/Aug/2021:00:33:34 -0500] "CONNECT relay-5f045e20.net.anydesk.com:80 HTTP/1.1" 200 0 "HTTPS" "outgoing via 192.168.50.30"
192.168.1.15 - adrianamg [15/Aug/2021:00:33:41 -0500] "CONNECT mail.google.com:443 HTTP/1.1" 200 0 "HTTPS" "outgoing via 192.168.50.30"
192.168.1.15 - adrianamg [15/Aug/2021:00:33:42 -0500] "CONNECT mail.google.com:443 HTTP/1.1" 200 0 "HTTPS" "outgoing via 192.168.50.30"
192.168.1.15 - adrianamg [15/Aug/2021:00:33:43 -0500] "CONNECT mail.google.com:443 HTTP/1.1" 200 0 "HTTPS" "outgoing via 192.168.50.30"
192.168.1.15 - adrianamg [15/Aug/2021:00:33:45 -0500] "CONNECT mail.google.com:443 HTTP/1.1" 200 0 "HTTPS" "outgoing via 192.168.50.30"
192.168.1.15 - adrianamg [15/Aug/2021:00:33:46 -0500] "CONNECT mail.google.com:443 HTTP/1.1" 200 0 "HTTPS" "outgoing via 192.168.50.30"
192.168.1.15 - adrianamg [15/Aug/2021:00:33:47 -0500] "CONNECT mail.google.com:443 HTTP/1.1" 200 0 "HTTPS" "outgoing via 192.168.50.30"
192.168.1.15 - rquintanilla [15/Aug/2021:00:33:51 -0500] "CONNECT sb.scorecardresearch.com:443 HTTP/1.1" 200 0 "HTTPS" "outgoing via 192.168.50.30"
192.168.1.15 - rquintanilla [15/Aug/2021:00:33:51 -0500] "GET http://detectportal.firefox.com/canonical.html HTTP/1.1" 200 444 "HTTP" ""
192.168.1.15 - rquintanilla [15/Aug/2021:00:33:51 -0500] "GET http://detectportal.firefox.com/success.txt?ipv4 HTTP/1.1" 200 362 "HTTP" ""
192.168.1.15 - rquintanilla [15/Aug/2021:00:33:51 -0500] "CONNECT 0.1.0.1:1001 HTTP/1.1" 200 0 "HTTPS" "outgoing via 192.168.50.30"
192.168.1.15 - rquintanilla [15/Aug/2021:00:33:55 -0500] "CONNECT es-us.noticias.yahoo.com:443 HTTP/1.1" 200 0 "HTTPS" "outgoing via 192.168.50.30"
192.168.1.15 - rquintanilla [15/Aug/2021:00:33:57 -0500] "CONNECT consent.cmp.oath.com:443 HTTP/1.1" 200 0 "HTTPS" "outgoing via 192.168.50.30"
192.168.1.15 - rquintanilla [15/Aug/2021:00:33:57 -0500] "CONNECT consent.cmp.oath.com:443 HTTP/1.1" 200 0 "HTTPS" "outgoing via 192.168.50.30"
192.168.1.15 - rquintanilla [15/Aug/2021:00:34:00 -0500] "CONNECT tag.idsync.analytics.yahoo.com:443 HTTP/1.1" 200 0 "HTTPS" "outgoing via 192.168.50.30"
192.168.1.15 - rquintanilla [15/Aug/2021:00:34:00 -0500] "CONNECT 6.at.atwola.com:443 HTTP/1.1" 200 0 "HTTPS" "outgoing via 192.168.50.30"
