192.168.1.26 - zulema [01/Oct/2021:08:18:24 -0500] "POST http://ocsp.pki.goog/gts1c3 HTTP/1.1" 200 850 "HTTP" ""
192.168.1.26 - zulema [01/Oct/2021:08:18:26 -0500] "CONNECT www.youtube.com:443 HTTP/1.1" 200 0 "HTTPS" "outgoing via 192.168.50.30"
192.168.5.56 - dorian [01/Oct/2021:08:18:27 -0500] "CONNECT content-signature-2.cdn.mozilla.net:443 HTTP/1.1" 200 0 "HTTPS" "outgoing via 192.168.50.30"
192.168.1.26 - zulema [01/Oct/2021:08:18:27 -0500] "CONNECT googleads.g.doubleclick.net:443 HTTP/1.1" 200 0 "HTTPS" "outgoing via 192.168.50.30"
192.168.1.26 - zulema [01/Oct/2021:08:18:27 -0500] "GET http://detectportal.firefox.com/success.txt HTTP/1.1" 200 362 "HTTP" ""
192.168.6.24 - lisette [01/Oct/2021:08:18:28 -0500] "GET http://framinghouse.in/images/testimonials1.png HTTP/1.1" 200 743 "HTTP" ""
192.168.1.26 - zulema [01/Oct/2021:08:18:28 -0500] "CONNECT tiles.services.mozilla.com:443 HTTP/1.1" 200 0 "HTTPS" "outgoing via 192.168.50.30"
192.168.1.26 - zulema [01/Oct/2021:08:18:28 -0500] "GET http://detectportal.firefox.com/success.txt HTTP/1.1" 200 362 "HTTP" ""
192.168.5.53 - jpuales [01/Oct/2021:08:18:28 -0500] "POST http://149.154.175.50:80/api HTTP/1.1" 200 395 "HTTP" ""
192.168.5.53 - jpuales [01/Oct/2021:08:18:29 -0500] "POST http://149.154.175.50:80/api HTTP/1.1" 200 395 "HTTP" ""
192.168.1.26 - zulema [01/Oct/2021:08:18:29 -0500] "CONNECT tiles.services.mozilla.com:443 HTTP/1.1" 200 0 "HTTPS" "outgoing via 192.168.50.30"
192.168.1.26 - zulema [01/Oct/2021:08:18:29 -0500] "GET http://detectportal.firefox.com/success.txt HTTP/1.1" 200 362 "HTTP" ""
192.168.5.9 - cary [01/Oct/2021:08:18:30 -0500] "CONNECT ytconvert.in:443 HTTP/1.1" 200 0 "HTTPS" "outgoing via 192.168.50.30"
192.168.5.9 - cary [01/Oct/2021:08:18:30 -0500] "CONNECT indefinitelytonsil.com:443 HTTP/1.1" 200 0 "HTTPS" "outgoing via 192.168.50.30"
192.168.1.26 - zulema [01/Oct/2021:08:18:30 -0500] "CONNECT drive.google.com:443 HTTP/1.1" 200 0 "HTTPS" "outgoing via 192.168.50.30"
192.168.5.9 - cary [01/Oct/2021:08:18:30 -0500] "POST http://ocsp.pki.goog/gts1c3 HTTP/1.1" 200 850 "HTTP" ""
192.168.6.24 - lisette [01/Oct/2021:08:18:30 -0500] "POST http://r3.o.lencr.org/ HTTP/1.1" 200 1013 "HTTP" ""
192.168.5.9 - cary [01/Oct/2021:08:18:30 -0500] "POST http://ocsp.pki.goog/gts1c3 HTTP/1.1" 200 850 "HTTP" ""
192.168.5.56 - dorian [01/Oct/2021:08:18:30 -0500] "CONNECT firefox.settings.services.mozilla.com:443 HTTP/1.1" 200 0 "HTTPS" "outgoing via 192.168.50.30"
192.168.1.26 - zulema [01/Oct/2021:08:18:31 -0500] "CONNECT fonts.googleapis.com:443 HTTP/1.1" 200 0 "HTTPS" "outgoing via 192.168.50.30"
192.168.5.9 - cary [01/Oct/2021:08:18:31 -0500] "CONNECT venetrigni.com:443 HTTP/1.1" 200 0 "HTTPS" "outgoing via 192.168.50.30"
192.168.5.9 - cary [01/Oct/2021:08:18:31 -0500] "CONNECT ytconvert.in:443 HTTP/1.1" 200 0 "HTTPS" "outgoing via 192.168.50.30"
192.168.5.9 - cary [01/Oct/2021:08:18:31 -0500] "CONNECT ytconvert.in:443 HTTP/1.1" 200 0 "HTTPS" "outgoing via 192.168.50.30"
192.168.5.9 - cary [01/Oct/2021:08:18:31 -0500] "POST http://r3.o.lencr.org/ HTTP/1.1" 200 1013 "HTTP" ""
192.168.5.56 - dorian [01/Oct/2021:08:18:32 -0500] "CONNECT content-signature-2.cdn.mozilla.net:443 HTTP/1.1" 200 0 "HTTPS" "outgoing via 192.168.50.30"
192.168.6.24 - lisette [01/Oct/2021:08:18:32 -0500] "GET http://framinghouse.in/images/arthallimg/oil-painting2222.png HTTP/1.1" 200 8116 "HTTP" ""
192.168.5.9 - cary [01/Oct/2021:08:18:32 -0500] "GET http://whos.amung.us/pingjs/?k=google111&t=Descargar%20MP3%20Canciones%20De%20Pablo%20Alboran%20Gratis%20%7C%20NuevoExito.Org&c=s&x=http%3A%2F%2Fcanciones-de-pablo-alboran.nuevoexito.org%2F&y=https%3A%2F%2Fwww.google.com%2F&a=0&d=23.538&v=27&r=9642 HTTP/1.1" 200 317 "HTTP" ""
192.168.5.57 - laura.rivas [01/Oct/2021:08:18:32 -0500] "CONNECT external-mia3-2.xx.fbcdn.net:443 HTTP/1.1" 200 0 "HTTPS" "outgoing via 192.168.50.30"
192.168.10.20 - arodriguez [01/Oct/2021:08:18:32 -0500] "CONNECT relay-283e3f4a.net.anydesk.com:80 HTTP/1.1" 200 0 "HTTPS" "outgoing via 192.168.50.30"
192.168.5.56 - dorian [01/Oct/2021:08:18:33 -0500] "CONNECT incoming.telemetry.mozilla.org:443 HTTP/1.1" 200 0 "HTTPS" "outgoing via 192.168.50.30"
192.168.6.24 - lisette [01/Oct/2021:08:18:33 -0500] "GET http://framinghouse.in/images/contact.png HTTP/1.1" 200 87826 "HTTP" ""
192.168.6.24 - lisette [01/Oct/2021:08:18:33 -0500] "GET http://framinghouse.in/images/slider/2.jpg HTTP/1.1" 200 271011 "HTTP" ""
192.168.5.9 - cary [01/Oct/2021:08:18:33 -0500] "CONNECT noembed.com:443 HTTP/1.1" 200 0 "HTTPS" "outgoing via 192.168.50.30"
192.168.5.9 - cary [01/Oct/2021:08:18:33 -0500] "CONNECT mcontinue.com:443 HTTP/1.1" 200 0 "HTTPS" "outgoing via 192.168.50.30"
192.168.5.53 - jpuales [01/Oct/2021:08:18:34 -0500] "POST http://149.154.175.50:80/api HTTP/1.1" 200 395 "HTTP" ""
192.168.5.56 - dorian [01/Oct/2021:08:18:34 -0500] "CONNECT firefox.settings.services.mozilla.com:443 HTTP/1.1" 200 0 "HTTPS" "outgoing via 192.168.50.30"
192.168.5.56 - dorian [01/Oct/2021:08:18:34 -0500] "CONNECT firefox.settings.services.mozilla.com:443 HTTP/1.1" 200 0 "HTTPS" "outgoing via 192.168.50.30"
192.168.5.56 - dorian [01/Oct/2021:08:18:34 -0500] "CONNECT firefox.settings.services.mozilla.com:443 HTTP/1.1" 200 0 "HTTPS" "outgoing via 192.168.50.30"
192.168.5.56 - dorian [01/Oct/2021:08:18:34 -0500] "CONNECT firefox.settings.services.mozilla.com:443 HTTP/1.1" 200 0 "HTTPS" "outgoing via 192.168.50.30"
192.168.5.56 - dorian [01/Oct/2021:08:18:34 -0500] "CONNECT firefox.settings.services.mozilla.com:443 HTTP/1.1" 200 0 "HTTPS" "outgoing via 192.168.50.30"
192.168.5.56 - dorian [01/Oct/2021:08:18:34 -0500] "CONNECT firefox.settings.services.mozilla.com:443 HTTP/1.1" 200 0 "HTTPS" "outgoing via 192.168.50.30"
192.168.1.26 - zulema [01/Oct/2021:08:18:35 -0500] "CONNECT tiles.services.mozilla.com:443 HTTP/1.1" 200 0 "HTTPS" "outgoing via 192.168.50.30"
192.168.1.26 - zulema [01/Oct/2021:08:18:35 -0500] "GET http://detectportal.firefox.com/success.txt HTTP/1.1" 200 362 "HTTP" ""
192.168.5.9 - cary [01/Oct/2021:08:18:35 -0500] "CONNECT fonts.googleapis.com:443 HTTP/1.1" 200 0 "HTTPS" "outgoing via 192.168.50.30"
192.168.5.9 - cary [01/Oct/2021:08:18:36 -0500] "POST http://r3.o.lencr.org/ HTTP/1.1" 200 1013 "HTTP" ""
192.168.5.56 - dorian [01/Oct/2021:08:18:36 -0500] "CONNECT firefox-settings-attachments.cdn.mozilla.net:443 HTTP/1.1" 200 0 "HTTPS" "outgoing via 192.168.50.30"
192.168.5.56 - dorian [01/Oct/2021:08:18:36 -0500] "CONNECT firefox-settings-attachments.cdn.mozilla.net:443 HTTP/1.1" 200 0 "HTTPS" "outgoing via 192.168.50.30"
192.168.5.56 - dorian [01/Oct/2021:08:18:36 -0500] "CONNECT firefox-settings-attachments.cdn.mozilla.net:443 HTTP/1.1" 200 0 "HTTPS" "outgoing via 192.168.50.30"
192.168.5.56 - dorian [01/Oct/2021:08:18:36 -0500] "CONNECT firefox-settings-attachments.cdn.mozilla.net:443 HTTP/1.1" 200 0 "HTTPS" "outgoing via 192.168.50.30"
192.168.5.56 - dorian [01/Oct/2021:08:18:36 -0500] "CONNECT firefox-settings-attachments.cdn.mozilla.net:443 HTTP/1.1" 200 0 "HTTPS" "outgoing via 192.168.50.30"
192.168.5.56 - dorian [01/Oct/2021:08:18:36 -0500] "CONNECT firefox-settings-attachments.cdn.mozilla.net:443 HTTP/1.1" 200 0 "HTTPS" "outgoing via 192.168.50.30"
192.168.1.26 - zulema [01/Oct/2021:08:18:36 -0500] "CONNECT tiles.services.mozilla.com:443 HTTP/1.1" 200 0 "HTTPS" "outgoing via 192.168.50.30"
192.168.1.26 - zulema [01/Oct/2021:08:18:36 -0500] "GET http://detectportal.firefox.com/success.txt HTTP/1.1" 200 362 "HTTP" ""
192.168.5.9 - cary [01/Oct/2021:08:18:37 -0500] "CONNECT mcontinue.com:443 HTTP/1.1" 200 0 "HTTPS" "outgoing via 192.168.50.30"
192.168.1.26 - zulema [01/Oct/2021:08:18:38 -0500] "CONNECT tiles.services.mozilla.com:443 HTTP/1.1" 200 0 "HTTPS" "outgoing via 192.168.50.30"
192.168.1.26 - zulema [01/Oct/2021:08:18:38 -0500] "CONNECT d-cuba.com:443 HTTP/1.1" 200 0 "HTTPS" "outgoing via 192.168.50.30"
192.168.5.9 - cary [01/Oct/2021:08:18:38 -0500] "CONNECT mp3-descargar-musica.com:443 HTTP/1.1" 200 0 "HTTPS" "outgoing via 192.168.50.30"
192.168.1.26 - zulema [01/Oct/2021:08:18:39 -0500] "CONNECT d-cuba.com:443 HTTP/1.1" 200 0 "HTTPS" "outgoing via 192.168.50.30"
192.168.1.26 - zulema [01/Oct/2021:08:18:39 -0500] "CONNECT content.googleapis.com:443 HTTP/1.1" 200 0 "HTTPS" "outgoing via 192.168.50.30"
192.168.1.26 - zulema [01/Oct/2021:08:18:39 -0500] "CONNECT blobcomments-pa.clients6.google.com:443 HTTP/1.1" 200 0 "HTTPS" "outgoing via 192.168.50.30"
192.168.1.26 - zulema [01/Oct/2021:08:18:39 -0500] "CONNECT cdn.webpushr.com:443 HTTP/1.1" 200 0 "HTTPS" "outgoing via 192.168.50.30"
192.168.1.26 - zulema [01/Oct/2021:08:18:39 -0500] "GET http://detectportal.firefox.com/success.txt HTTP/1.1" 200 362 "HTTP" ""
192.168.1.26 - zulema [01/Oct/2021:08:18:40 -0500] "CONNECT tiles.services.mozilla.com:443 HTTP/1.1" 200 0 "HTTPS" "outgoing via 192.168.50.30"
192.168.1.26 - zulema [01/Oct/2021:08:18:40 -0500] "GET http://detectportal.firefox.com/success.txt HTTP/1.1" 200 362 "HTTP" ""
192.168.5.9 - cary [01/Oct/2021:08:18:40 -0500] "POST http://ocsp.pki.goog/gts1c3 HTTP/1.1" 200 850 "HTTP" ""
192.168.5.9 - cary [01/Oct/2021:08:18:40 -0500] "POST http://ocsp.pki.goog/gts1c3 HTTP/1.1" 200 850 "HTTP" ""
192.168.5.9 - cary [01/Oct/2021:08:18:40 -0500] "POST http://ocsp.pki.goog/gts1c3 HTTP/1.1" 200 850 "HTTP" ""
192.168.5.9 - cary [01/Oct/2021:08:18:40 -0500] "POST http://ocsp.pki.goog/gts1c3 HTTP/1.1" 200 850 "HTTP" ""
192.168.5.9 - cary [01/Oct/2021:08:18:40 -0500] "CONNECT cookieinfoscript.com:443 HTTP/1.1" 200 0 "HTTPS" "outgoing via 192.168.50.30"
192.168.5.9 - cary [01/Oct/2021:08:18:41 -0500] "CONNECT www.facebook.com:443 HTTP/1.1" 200 0 "HTTPS" "outgoing via 192.168.50.30"
192.168.5.9 - cary [01/Oct/2021:08:18:41 -0500] "CONNECT services.addons.mozilla.org:443 HTTP/1.1" 200 0 "HTTPS" "outgoing via 192.168.50.30"
192.168.5.9 - cary [01/Oct/2021:08:18:42 -0500] "POST http://ocsp.pki.goog/gts1c3 HTTP/1.1" 200 849 "HTTP" ""
192.168.1.26 - zulema [01/Oct/2021:08:18:43 -0500] "CONNECT stats.g.doubleclick.net:443 HTTP/1.1" 200 0 "HTTPS" "outgoing via 192.168.50.30"
192.168.1.26 - zulema [01/Oct/2021:08:18:43 -0500] "POST http://ocsp.pki.goog/gts1c3 HTTP/1.1" 200 850 "HTTP" ""
192.168.5.9 - cary [01/Oct/2021:08:18:43 -0500] "POST http://ocsp.sca1b.amazontrust.com/ HTTP/1.1" 200 1124 "HTTP" ""
192.168.1.26 - zulema [01/Oct/2021:08:18:44 -0500] "CONNECT bot.webpushr.com:443 HTTP/1.1" 200 0 "HTTPS" "outgoing via 192.168.50.30"
192.168.1.26 - zulema [01/Oct/2021:08:18:44 -0500] "CONNECT analytics.webpushr.com:443 HTTP/1.1" 200 0 "HTTPS" "outgoing via 192.168.50.30"
192.168.5.9 - cary [01/Oct/2021:08:18:44 -0500] "POST http://ocsp.pki.goog/gts1c3 HTTP/1.1" 200 850 "HTTP" ""
192.168.1.26 - zulema [01/Oct/2021:08:18:45 -0500] "CONNECT analytics.webpushr.com:443 HTTP/1.1" 200 0 "HTTPS" "outgoing via 192.168.50.30"
192.168.5.9 - cary [01/Oct/2021:08:18:46 -0500] "CONNECT pagead2.googlesyndication.com:443 HTTP/1.1" 200 0 "HTTPS" "outgoing via 192.168.50.30"
192.168.5.9 - cary [01/Oct/2021:08:18:46 -0500] "CONNECT s7.addthis.com:443 HTTP/1.1" 200 0 "HTTPS" "outgoing via 192.168.50.30"
192.168.1.26 - zulema [01/Oct/2021:08:18:46 -0500] "CONNECT googleads.g.doubleclick.net:443 HTTP/1.1" 200 0 "HTTPS" "outgoing via 192.168.50.30"
192.168.1.26 - zulema [01/Oct/2021:08:18:46 -0500] "GET http://detectportal.firefox.com/success.txt HTTP/1.1" 200 362 "HTTP" ""
192.168.1.26 - zulema [01/Oct/2021:08:18:47 -0500] "CONNECT mail.google.com:443 HTTP/1.1" 200 0 "HTTPS" "outgoing via 192.168.50.30"
192.168.1.26 - zulema [01/Oct/2021:08:18:47 -0500] "GET http://detectportal.firefox.com/success.txt HTTP/1.1" 200 362 "HTTP" ""
192.168.5.9 - cary [01/Oct/2021:08:18:47 -0500] "POST http://ocsp.digicert.com/ HTTP/1.1" 200 887 "HTTP" ""
192.168.1.26 - zulema [01/Oct/2021:08:18:48 -0500] "CONNECT googleads.g.doubleclick.net:443 HTTP/1.1" 200 0 "HTTPS" "outgoing via 192.168.50.30"
192.168.1.26 - zulema [01/Oct/2021:08:18:48 -0500] "CONNECT googleads.g.doubleclick.net:443 HTTP/1.1" 200 0 "HTTPS" "outgoing via 192.168.50.30"
192.168.1.26 - zulema [01/Oct/2021:08:18:48 -0500] "CONNECT googleads.g.doubleclick.net:443 HTTP/1.1" 200 0 "HTTPS" "outgoing via 192.168.50.30"
192.168.1.26 - zulema [01/Oct/2021:08:18:48 -0500] "CONNECT googleads.g.doubleclick.net:443 HTTP/1.1" 200 0 "HTTPS" "outgoing via 192.168.50.30"
192.168.1.26 - zulema [01/Oct/2021:08:18:48 -0500] "CONNECT googleads.g.doubleclick.net:443 HTTP/1.1" 200 0 "HTTPS" "outgoing via 192.168.50.30"
192.168.5.9 - cary [01/Oct/2021:08:18:48 -0500] "CONNECT scontent-mia3-2.xx.fbcdn.net:443 HTTP/1.1" 200 0 "HTTPS" "outgoing via 192.168.50.30"
192.168.5.9 - cary [01/Oct/2021:08:18:49 -0500] "CONNECT scontent-mia3-2.xx.fbcdn.net:443 HTTP/1.1" 200 0 "HTTPS" "outgoing via 192.168.50.30"
192.168.1.26 - zulema [01/Oct/2021:08:18:49 -0500] "CONNECT googleads.g.doubleclick.net:443 HTTP/1.1" 200 0 "HTTPS" "outgoing via 192.168.50.30"
192.168.1.26 - zulema [01/Oct/2021:08:18:49 -0500] "GET http://detectportal.firefox.com/success.txt HTTP/1.1" 200 362 "HTTP" ""
192.168.1.26 - zulema [01/Oct/2021:08:18:49 -0500] "CONNECT www.googletagservices.com:443 HTTP/1.1" 200 0 "HTTPS" "outgoing via 192.168.50.30"
192.168.5.9 - cary [01/Oct/2021:08:18:49 -0500] "CONNECT googleads.g.doubleclick.net:443 HTTP/1.1" 200 0 "HTTPS" "outgoing via 192.168.50.30"
192.168.5.9 - cary [01/Oct/2021:08:18:49 -0500] "GET http://detectportal.firefox.com/canonical.html HTTP/1.1" 200 444 "HTTP" ""
192.168.5.9 - cary [01/Oct/2021:08:18:49 -0500] "GET http://detectportal.firefox.com/success.txt?ipv4 HTTP/1.1" 200 362 "HTTP" ""
192.168.5.53 - jpuales [01/Oct/2021:08:18:50 -0500] "POST http://149.154.167.51:80/api HTTP/1.1" 200 395 "HTTP" ""
192.168.1.26 - zulema [01/Oct/2021:08:18:50 -0500] "CONNECT googleads.g.doubleclick.net:443 HTTP/1.1" 200 0 "HTTPS" "outgoing via 192.168.50.30"
192.168.1.26 - zulema [01/Oct/2021:08:18:50 -0500] "CONNECT googleads.g.doubleclick.net:443 HTTP/1.1" 200 0 "HTTPS" "outgoing via 192.168.50.30"
192.168.5.9 - cary [01/Oct/2021:08:18:50 -0500] "CONNECT adservice.google.com.cu:443 HTTP/1.1" 200 0 "HTTPS" "outgoing via 192.168.50.30"
192.168.5.9 - cary [01/Oct/2021:08:18:50 -0500] "CONNECT partner.googleadservices.com:443 HTTP/1.1" 200 0 "HTTPS" "outgoing via 192.168.50.30"
192.168.5.9 - cary [01/Oct/2021:08:18:50 -0500] "CONNECT adservice.google.com:443 HTTP/1.1" 200 0 "HTTPS" "outgoing via 192.168.50.30"
192.168.5.9 - cary [01/Oct/2021:08:18:50 -0500] "POST http://ocsp.digicert.com/ HTTP/1.1" 200 947 "HTTP" ""
192.168.5.9 - cary [01/Oct/2021:08:18:51 -0500] "CONNECT googleads.g.doubleclick.net:443 HTTP/1.1" 200 0 "HTTPS" "outgoing via 192.168.50.30"
192.168.5.9 - cary [01/Oct/2021:08:18:51 -0500] "CONNECT googleads.g.doubleclick.net:443 HTTP/1.1" 200 0 "HTTPS" "outgoing via 192.168.50.30"
192.168.5.9 - cary [01/Oct/2021:08:18:51 -0500] "GET http://detectportal.firefox.com/canonical.html HTTP/1.1" 200 444 "HTTP" ""
192.168.5.9 - cary [01/Oct/2021:08:18:51 -0500] "CONNECT googleads.g.doubleclick.net:443 HTTP/1.1" 200 0 "HTTPS" "outgoing via 192.168.50.30"
192.168.5.9 - cary [01/Oct/2021:08:18:51 -0500] "GET http://detectportal.firefox.com/success.txt?ipv4 HTTP/1.1" 200 362 "HTTP" ""
192.168.5.9 - cary [01/Oct/2021:08:18:52 -0500] "CONNECT www.googletagservices.com:443 HTTP/1.1" 200 0 "HTTPS" "outgoing via 192.168.50.30"
192.168.1.26 - zulema [01/Oct/2021:08:18:52 -0500] "POST http://ocsp.pki.goog/gts1c3 HTTP/1.1" 200 850 "HTTP" ""
192.168.5.9 - cary [01/Oct/2021:08:18:53 -0500] "CONNECT tpc.googlesyndication.com:443 HTTP/1.1" 200 0 "HTTPS" "outgoing via 192.168.50.30"
192.168.5.53 - jpuales [01/Oct/2021:08:18:53 -0500] "POST http://149.154.175.50:80/api HTTP/1.1" 200 395 "HTTP" ""
192.168.5.9 - cary [01/Oct/2021:08:18:53 -0500] "POST http://ocsp.digicert.com/ HTTP/1.1" 200 947 "HTTP" ""
192.168.5.53 - jpuales [01/Oct/2021:08:18:54 -0500] "POST http://149.154.175.50:80/api HTTP/1.1" 200 395 "HTTP" ""
192.168.5.9 - cary [01/Oct/2021:08:18:58 -0500] "CONNECT normandy.cdn.mozilla.net:443 HTTP/1.1" 200 0 "HTTPS" "outgoing via 192.168.50.30"
192.168.5.53 - jpuales [01/Oct/2021:08:18:59 -0500] "POST http://149.154.175.50:80/api HTTP/1.1" 200 395 "HTTP" ""
192.168.5.9 - cary [01/Oct/2021:08:19:00 -0500] "CONNECT classify-client.services.mozilla.com:443 HTTP/1.1" 200 0 "HTTPS" "outgoing via 192.168.50.30"
192.168.10.20 - arodriguez [01/Oct/2021:08:19:01 -0500] "CONNECT relay-283e3f4a.net.anydesk.com:80 HTTP/1.1" 200 0 "HTTPS" "outgoing via 192.168.50.30"
192.168.1.26 - zulema [01/Oct/2021:08:19:02 -0500] "CONNECT www.facebook.com:443 HTTP/1.1" 200 0 "HTTPS" "outgoing via 192.168.50.30"
192.168.1.26 - zulema [01/Oct/2021:08:19:07 -0500] "CONNECT tiles.services.mozilla.com:443 HTTP/1.1" 200 0 "HTTPS" "outgoing via 192.168.50.30"
192.168.1.26 - zulema [01/Oct/2021:08:19:07 -0500] "POST http://ocsp.pki.goog/gts1c3 HTTP/1.1" 200 849 "HTTP" ""
192.168.6.24 - lisette [01/Oct/2021:08:19:12 -0500] "CONNECT stats.g.doubleclick.net:443 HTTP/1.1" 200 0 "HTTPS" "outgoing via 192.168.50.30"
192.168.6.24 - lisette [01/Oct/2021:08:19:12 -0500] "GET http://detectportal.firefox.com/canonical.html HTTP/1.1" 200 444 "HTTP" ""
192.168.6.24 - lisette [01/Oct/2021:08:19:12 -0500] "GET http://detectportal.firefox.com/success.txt?ipv4 HTTP/1.1" 200 362 "HTTP" ""
192.168.1.26 - zulema [01/Oct/2021:08:19:14 -0500] "CONNECT tiles.services.mozilla.com:443 HTTP/1.1" 200 0 "HTTPS" "outgoing via 192.168.50.30"
192.168.1.26 - zulema [01/Oct/2021:08:19:14 -0500] "GET http://detectportal.firefox.com/success.txt HTTP/1.1" 200 362 "HTTP" ""
192.168.1.26 - zulema [01/Oct/2021:08:19:15 -0500] "CONNECT tiles.services.mozilla.com:443 HTTP/1.1" 200 0 "HTTPS" "outgoing via 192.168.50.30"
192.168.1.26 - zulema [01/Oct/2021:08:19:15 -0500] "GET http://detectportal.firefox.com/success.txt HTTP/1.1" 200 362 "HTTP" ""
192.168.10.20 - arodriguez [01/Oct/2021:08:19:15 -0500] "CONNECT relay-955e7796.net.anydesk.com:80 HTTP/1.1" 200 0 "HTTPS" "outgoing via 192.168.50.30"
192.168.6.24 - lisette [01/Oct/2021:08:19:15 -0500] "CONNECT stats.g.doubleclick.net:443 HTTP/1.1" 200 0 "HTTPS" "outgoing via 192.168.50.30"
192.168.6.24 - lisette [01/Oct/2021:08:19:15 -0500] "GET http://detectportal.firefox.com/canonical.html HTTP/1.1" 200 444 "HTTP" ""
192.168.6.24 - lisette [01/Oct/2021:08:19:15 -0500] "GET http://detectportal.firefox.com/success.txt?ipv4 HTTP/1.1" 200 362 "HTTP" ""
192.168.5.53 - jpuales [01/Oct/2021:08:19:15 -0500] "POST http://149.154.167.51:80/api HTTP/1.1" 200 395 "HTTP" ""
192.168.1.26 - zulema [01/Oct/2021:08:19:19 -0500] "CONNECT tiles.services.mozilla.com:443 HTTP/1.1" 200 0 "HTTPS" "outgoing via 192.168.50.30"
192.168.1.26 - zulema [01/Oct/2021:08:19:19 -0500] "GET http://detectportal.firefox.com/success.txt HTTP/1.1" 200 362 "HTTP" ""
192.168.5.53 - jpuales [01/Oct/2021:08:19:19 -0500] "POST http://149.154.175.50:80/api HTTP/1.1" 200 395 "HTTP" ""
192.168.1.26 - zulema [01/Oct/2021:08:19:20 -0500] "CONNECT tiles.services.mozilla.com:443 HTTP/1.1" 200 0 "HTTPS" "outgoing via 192.168.50.30"
192.168.1.26 - zulema [01/Oct/2021:08:19:20 -0500] "GET http://detectportal.firefox.com/success.txt HTTP/1.1" 200 362 "HTTP" ""
192.168.5.9 - cary [01/Oct/2021:08:19:20 -0500] "CONNECT googleads.g.doubleclick.net:443 HTTP/1.1" 200 0 "HTTPS" "outgoing via 192.168.50.30"
192.168.5.9 - cary [01/Oct/2021:08:19:20 -0500] "GET http://detectportal.firefox.com/canonical.html HTTP/1.1" 200 444 "HTTP" ""
192.168.5.9 - cary [01/Oct/2021:08:19:21 -0500] "GET http://detectportal.firefox.com/success.txt?ipv4 HTTP/1.1" 200 362 "HTTP" ""
192.168.1.26 - zulema [01/Oct/2021:08:19:22 -0500] "CONNECT tiles.services.mozilla.com:443 HTTP/1.1" 200 0 "HTTPS" "outgoing via 192.168.50.30"
192.168.1.26 - zulema [01/Oct/2021:08:19:22 -0500] "GET http://detectportal.firefox.com/success.txt HTTP/1.1" 200 362 "HTTP" ""
192.168.1.26 - zulema [01/Oct/2021:08:19:23 -0500] "CONNECT tiles.services.mozilla.com:443 HTTP/1.1" 200 0 "HTTPS" "outgoing via 192.168.50.30"
192.168.1.26 - zulema [01/Oct/2021:08:19:23 -0500] "GET http://detectportal.firefox.com/success.txt HTTP/1.1" 200 362 "HTTP" ""
192.168.5.53 - jpuales [01/Oct/2021:08:19:24 -0500] "POST http://149.154.175.50:80/api HTTP/1.1" 200 395 "HTTP" ""
192.168.1.26 - zulema [01/Oct/2021:08:19:27 -0500] "CONNECT tiles.services.mozilla.com:443 HTTP/1.1" 200 0 "HTTPS" "outgoing via 192.168.50.30"
192.168.1.26 - zulema [01/Oct/2021:08:19:27 -0500] "GET http://detectportal.firefox.com/success.txt HTTP/1.1" 200 361 "HTTP" ""
192.168.1.26 - zulema [01/Oct/2021:08:19:28 -0500] "CONNECT tiles.services.mozilla.com:443 HTTP/1.1" 200 0 "HTTPS" "outgoing via 192.168.50.30"
192.168.1.26 - zulema [01/Oct/2021:08:19:28 -0500] "GET http://detectportal.firefox.com/success.txt HTTP/1.1" 200 361 "HTTP" ""
192.168.1.26 - zulema [01/Oct/2021:08:19:31 -0500] "CONNECT tiles.services.mozilla.com:443 HTTP/1.1" 200 0 "HTTPS" "outgoing via 192.168.50.30"
192.168.1.26 - zulema [01/Oct/2021:08:19:31 -0500] "GET http://detectportal.firefox.com/success.txt HTTP/1.1" 200 361 "HTTP" ""
192.168.1.26 - zulema [01/Oct/2021:08:19:32 -0500] "CONNECT tiles.services.mozilla.com:443 HTTP/1.1" 200 0 "HTTPS" "outgoing via 192.168.50.30"
192.168.1.26 - zulema [01/Oct/2021:08:19:32 -0500] "GET http://detectportal.firefox.com/success.txt HTTP/1.1" 200 361 "HTTP" ""
192.168.1.26 - zulema [01/Oct/2021:08:19:36 -0500] "CONNECT tiles.services.mozilla.com:443 HTTP/1.1" 200 0 "HTTPS" "outgoing via 192.168.50.30"
192.168.1.26 - zulema [01/Oct/2021:08:19:36 -0500] "GET http://detectportal.firefox.com/success.txt HTTP/1.1" 200 361 "HTTP" ""
192.168.5.53 - jpuales [01/Oct/2021:08:19:38 -0500] "POST http://149.154.175.50:80/api HTTP/1.1" 200 395 "HTTP" ""
192.168.1.26 - zulema [01/Oct/2021:08:19:39 -0500] "CONNECT tiles.services.mozilla.com:443 HTTP/1.1" 200 0 "HTTPS" "outgoing via 192.168.50.30"
192.168.1.26 - zulema [01/Oct/2021:08:19:39 -0500] "GET http://detectportal.firefox.com/success.txt HTTP/1.1" 200 361 "HTTP" ""
192.168.1.26 - zulema [01/Oct/2021:08:19:41 -0500] "CONNECT tiles.services.mozilla.com:443 HTTP/1.1" 200 0 "HTTPS" "outgoing via 192.168.50.30"
192.168.1.26 - zulema [01/Oct/2021:08:19:41 -0500] "GET http://detectportal.firefox.com/success.txt HTTP/1.1" 200 361 "HTTP" ""
192.168.5.53 - jpuales [01/Oct/2021:08:19:41 -0500] "POST http://149.154.167.51:80/api HTTP/1.1" 200 395 "HTTP" ""
192.168.5.53 - jpuales [01/Oct/2021:08:19:44 -0500] "POST http://149.154.175.50:80/api HTTP/1.1" 200 395 "HTTP" ""
192.168.10.20 - arodriguez [01/Oct/2021:08:19:44 -0500] "CONNECT relay-955e7796.net.anydesk.com:80 HTTP/1.1" 200 0 "HTTPS" "outgoing via 192.168.50.30"
192.168.5.53 - jpuales [01/Oct/2021:08:19:50 -0500] "POST http://149.154.175.50:80/api HTTP/1.1" 200 395 "HTTP" ""
192.168.5.40 - anagloria [01/Oct/2021:08:19:50 -0500] "CONNECT scontent.xx.fbcdn.net:443 HTTP/1.1" 200 0 "HTTPS" "outgoing via 192.168.50.30"
192.168.5.53 - jpuales [01/Oct/2021:08:19:57 -0500] "POST http://149.154.175.50:80/api HTTP/1.1" 200 395 "HTTP" ""
192.168.5.53 - jpuales [01/Oct/2021:08:19:57 -0500] "POST http://149.154.175.50:80/api HTTP/1.1" 200 395 "HTTP" ""
192.168.5.40 - anagloria [01/Oct/2021:08:20:00 -0500] "CONNECT safebrowsing.googleapis.com:443 HTTP/1.1" 200 0 "HTTPS" "outgoing via 192.168.50.30"
192.168.5.53 - jpuales [01/Oct/2021:08:20:06 -0500] "POST http://149.154.167.51:80/api HTTP/1.1" 200 395 "HTTP" ""
192.168.5.57 - laura.rivas [01/Oct/2021:08:20:08 -0500] "CONNECT video.xx.fbcdn.net:443 HTTP/1.1" 200 0 "HTTPS" "outgoing via 192.168.50.30"
192.168.5.57 - laura.rivas [01/Oct/2021:08:20:08 -0500] "CONNECT video.xx.fbcdn.net:443 HTTP/1.1" 200 0 "HTTPS" "outgoing via 192.168.50.30"
192.168.5.57 - laura.rivas [01/Oct/2021:08:20:08 -0500] "CONNECT video.xx.fbcdn.net:443 HTTP/1.1" 200 0 "HTTPS" "outgoing via 192.168.50.30"
192.168.5.57 - laura.rivas [01/Oct/2021:08:20:08 -0500] "CONNECT video.xx.fbcdn.net:443 HTTP/1.1" 200 0 "HTTPS" "outgoing via 192.168.50.30"
192.168.1.26 - zulema [01/Oct/2021:08:20:09 -0500] "CONNECT googleads.g.doubleclick.net:443 HTTP/1.1" 200 0 "HTTPS" "outgoing via 192.168.50.30"
192.168.1.26 - zulema [01/Oct/2021:08:20:09 -0500] "GET http://detectportal.firefox.com/success.txt HTTP/1.1" 200 361 "HTTP" ""
192.168.1.26 - zulema [01/Oct/2021:08:20:09 -0500] "CONNECT pixel.wp.com:443 HTTP/1.1" 200 0 "HTTPS" "outgoing via 192.168.50.30"
192.168.6.24 - lisette [01/Oct/2021:08:20:12 -0500] "CONNECT stats.g.doubleclick.net:443 HTTP/1.1" 200 0 "HTTPS" "outgoing via 192.168.50.30"
192.168.6.24 - lisette [01/Oct/2021:08:20:12 -0500] "GET http://detectportal.firefox.com/canonical.html HTTP/1.1" 200 444 "HTTP" ""
192.168.6.24 - lisette [01/Oct/2021:08:20:12 -0500] "GET http://detectportal.firefox.com/success.txt?ipv4 HTTP/1.1" 200 362 "HTTP" ""
192.168.10.20 - arodriguez [01/Oct/2021:08:20:13 -0500] "CONNECT relay-955e7796.net.anydesk.com:80 HTTP/1.1" 200 0 "HTTPS" "outgoing via 192.168.50.30"
192.168.5.53 - jpuales [01/Oct/2021:08:20:15 -0500] "POST http://149.154.175.50:80/api HTTP/1.1" 200 395 "HTTP" ""
192.168.6.24 - lisette [01/Oct/2021:08:20:15 -0500] "CONNECT stats.g.doubleclick.net:443 HTTP/1.1" 200 0 "HTTPS" "outgoing via 192.168.50.30"
192.168.6.24 - lisette [01/Oct/2021:08:20:15 -0500] "GET http://detectportal.firefox.com/canonical.html HTTP/1.1" 200 444 "HTTP" ""
192.168.6.24 - lisette [01/Oct/2021:08:20:15 -0500] "GET http://detectportal.firefox.com/success.txt?ipv4 HTTP/1.1" 200 361 "HTTP" ""
192.168.5.53 - jpuales [01/Oct/2021:08:20:22 -0500] "POST http://149.154.175.50:80/api HTTP/1.1" 200 395 "HTTP" ""
192.168.5.53 - jpuales [01/Oct/2021:08:20:23 -0500] "POST http://149.154.175.50:80/api HTTP/1.1" 200 395 "HTTP" ""
192.168.5.56 - dorian [01/Oct/2021:08:20:24 -0500] "CONNECT services.addons.mozilla.org:443 HTTP/1.1" 200 0 "HTTPS" "outgoing via 192.168.50.30"
192.168.5.56 - dorian [01/Oct/2021:08:20:26 -0500] "CONNECT versioncheck-bg.addons.mozilla.org:443 HTTP/1.1" 200 0 "HTTPS" "outgoing via 192.168.50.30"
192.168.5.56 - dorian [01/Oct/2021:08:20:26 -0500] "CONNECT versioncheck-bg.addons.mozilla.org:443 HTTP/1.1" 200 0 "HTTPS" "outgoing via 192.168.50.30"
192.168.5.56 - dorian [01/Oct/2021:08:20:26 -0500] "CONNECT secure-apnmedia.ask.com:443 HTTP/1.1" 200 0 "HTTPS" "outgoing via 192.168.50.30"
192.168.5.56 - dorian [01/Oct/2021:08:20:26 -0500] "CONNECT www.zotero.org:443 HTTP/1.1" 200 0 "HTTPS" "outgoing via 192.168.50.30"
192.168.5.56 - dorian [01/Oct/2021:08:20:26 -0500] "POST http://ocsp.digicert.com/ HTTP/1.1" 200 947 "HTTP" ""
192.168.5.56 - dorian [01/Oct/2021:08:20:28 -0500] "CONNECT aus5.mozilla.org:443 HTTP/1.1" 200 0 "HTTPS" "outgoing via 192.168.50.30"
192.168.5.56 - dorian [01/Oct/2021:08:20:29 -0500] "CONNECT ftp.mozilla.org:443 HTTP/1.1" 200 0 "HTTPS" "outgoing via 192.168.50.30"
192.168.5.56 - dorian [01/Oct/2021:08:20:31 -0500] "CONNECT incoming.telemetry.mozilla.org:443 HTTP/1.1" 200 0 "HTTPS" "outgoing via 192.168.50.30"
192.168.5.53 - jpuales [01/Oct/2021:08:20:31 -0500] "POST http://149.154.167.51:80/api HTTP/1.1" 200 395 "HTTP" ""
192.168.5.53 - jpuales [01/Oct/2021:08:20:40 -0500] "POST http://149.154.175.50:80/api HTTP/1.1" 200 395 "HTTP" ""
192.168.10.20 - arodriguez [01/Oct/2021:08:20:42 -0500] "CONNECT relay-955e7796.net.anydesk.com:80 HTTP/1.1" 200 0 "HTTPS" "outgoing via 192.168.50.30"
192.168.1.26 - zulema [01/Oct/2021:08:20:47 -0500] "CONNECT normandy.cdn.mozilla.net:443 HTTP/1.1" 200 0 "HTTPS" "outgoing via 192.168.50.30"
192.168.5.9 - cary [01/Oct/2021:08:20:47 -0500] "CONNECT r4---sn-xuxjn5-i58e.googlevideo.com:443 HTTP/1.1" 200 0 "HTTPS" "outgoing via 192.168.50.30"
192.168.5.9 - cary [01/Oct/2021:08:20:47 -0500] "CONNECT r4---sn-xuxjn5-i58e.googlevideo.com:443 HTTP/1.1" 200 0 "HTTPS" "outgoing via 192.168.50.30"
192.168.5.53 - jpuales [01/Oct/2021:08:20:48 -0500] "POST http://149.154.175.50:80/api HTTP/1.1" 200 395 "HTTP" ""
192.168.1.26 - zulema [01/Oct/2021:08:20:48 -0500] "CONNECT classify-client.services.mozilla.com:443 HTTP/1.1" 200 0 "HTTPS" "outgoing via 192.168.50.30"
192.168.1.26 - zulema [01/Oct/2021:08:20:48 -0500] "GET http://detectportal.firefox.com/success.txt HTTP/1.1" 200 361 "HTTP" ""
192.168.5.9 - cary [01/Oct/2021:08:20:48 -0500] "CONNECT r1---sn-xuxjn5-i58e.googlevideo.com:443 HTTP/1.1" 200 0 "HTTPS" "outgoing via 192.168.50.30"
192.168.5.9 - cary [01/Oct/2021:08:20:48 -0500] "CONNECT r1---sn-xuxjn5-i58e.googlevideo.com:443 HTTP/1.1" 200 0 "HTTPS" "outgoing via 192.168.50.30"
192.168.10.20 - arodriguez [01/Oct/2021:08:20:56 -0500] "CONNECT relay-18a5ffe0.net.anydesk.com:80 HTTP/1.1" 200 0 "HTTPS" "outgoing via 192.168.50.30"
192.168.5.53 - jpuales [01/Oct/2021:08:20:57 -0500] "POST http://149.154.167.51:80/api HTTP/1.1" 200 395 "HTTP" ""
192.168.5.53 - jpuales [01/Oct/2021:08:21:05 -0500] "POST http://149.154.175.50:80/api HTTP/1.1" 200 395 "HTTP" ""
192.168.5.53 - jpuales [01/Oct/2021:08:21:07 -0500] "POST http://149.154.175.50:80/api HTTP/1.1" 200 395 "HTTP" ""
192.168.6.24 - lisette [01/Oct/2021:08:21:12 -0500] "CONNECT stats.g.doubleclick.net:443 HTTP/1.1" 200 0 "HTTPS" "outgoing via 192.168.50.30"
192.168.6.24 - lisette [01/Oct/2021:08:21:12 -0500] "GET http://detectportal.firefox.com/canonical.html HTTP/1.1" 200 444 "HTTP" ""
192.168.6.24 - lisette [01/Oct/2021:08:21:12 -0500] "GET http://detectportal.firefox.com/success.txt?ipv4 HTTP/1.1" 200 361 "HTTP" ""
192.168.5.53 - jpuales [01/Oct/2021:08:21:13 -0500] "POST http://149.154.175.50:80/api HTTP/1.1" 200 395 "HTTP" ""
192.168.5.9 - cary [01/Oct/2021:08:21:13 -0500] "CONNECT ytconvert.in:443 HTTP/1.1" 200 0 "HTTPS" "outgoing via 192.168.50.30"
192.168.5.9 - cary [01/Oct/2021:08:21:13 -0500] "CONNECT ytconvert.in:443 HTTP/1.1" 200 0 "HTTPS" "outgoing via 192.168.50.30"
192.168.5.9 - cary [01/Oct/2021:08:21:15 -0500] "CONNECT ytconvert.in:443 HTTP/1.1" 200 0 "HTTPS" "outgoing via 192.168.50.30"
192.168.5.9 - cary [01/Oct/2021:08:21:15 -0500] "CONNECT ytconvert.in:443 HTTP/1.1" 200 0 "HTTPS" "outgoing via 192.168.50.30"
192.168.6.24 - lisette [01/Oct/2021:08:21:15 -0500] "CONNECT stats.g.doubleclick.net:443 HTTP/1.1" 200 0 "HTTPS" "outgoing via 192.168.50.30"
192.168.6.24 - lisette [01/Oct/2021:08:21:15 -0500] "GET http://detectportal.firefox.com/canonical.html HTTP/1.1" 200 444 "HTTP" ""
192.168.6.24 - lisette [01/Oct/2021:08:21:15 -0500] "GET http://detectportal.firefox.com/success.txt?ipv4 HTTP/1.1" 200 362 "HTTP" ""
192.168.5.9 - cary [01/Oct/2021:08:21:21 -0500] "CONNECT googleads.g.doubleclick.net:443 HTTP/1.1" 200 0 "HTTPS" "outgoing via 192.168.50.30"
192.168.5.53 - jpuales [01/Oct/2021:08:21:22 -0500] "POST http://149.154.167.51:80/api HTTP/1.1" 200 395 "HTTP" ""
192.168.10.20 - arodriguez [01/Oct/2021:08:21:24 -0500] "CONNECT relay-18a5ffe0.net.anydesk.com:80 HTTP/1.1" 200 0 "HTTPS" "outgoing via 192.168.50.30"
192.168.5.53 - jpuales [01/Oct/2021:08:21:30 -0500] "POST http://149.154.175.50:80/api HTTP/1.1" 200 395 "HTTP" ""
192.168.5.9 - cary [01/Oct/2021:08:21:34 -0500] "CONNECT incoming.telemetry.mozilla.org:443 HTTP/1.1" 200 0 "HTTPS" "outgoing via 192.168.50.30"
192.168.5.9 - cary [01/Oct/2021:08:21:35 -0500] "CONNECT vvvsec.com:443 HTTP/1.1" 200 0 "HTTPS" "outgoing via 192.168.50.30"
192.168.5.9 - cary [01/Oct/2021:08:21:38 -0500] "CONNECT mybrowseraddon.com:443 HTTP/1.1" 200 0 "HTTPS" "outgoing via 192.168.50.30"
192.168.5.53 - jpuales [01/Oct/2021:08:21:38 -0500] "POST http://149.154.175.50:80/api HTTP/1.1" 200 395 "HTTP" ""
192.168.5.53 - jpuales [01/Oct/2021:08:21:38 -0500] "POST http://149.154.175.50:80/api HTTP/1.1" 200 395 "HTTP" ""
192.168.5.9 - cary [01/Oct/2021:08:21:44 -0500] "CONNECT hcaptcha.com:443 HTTP/1.1" 200 0 "HTTPS" "outgoing via 192.168.50.30"
192.168.5.9 - cary [01/Oct/2021:08:21:44 -0500] "CONNECT cdn.mybrowseraddon.com:443 HTTP/1.1" 200 0 "HTTPS" "outgoing via 192.168.50.30"
192.168.5.9 - cary [01/Oct/2021:08:21:45 -0500] "CONNECT newassets.hcaptcha.com:443 HTTP/1.1" 200 0 "HTTPS" "outgoing via 192.168.50.30"
192.168.5.9 - cary [01/Oct/2021:08:21:46 -0500] "CONNECT utils.mybrowseraddon.com:443 HTTP/1.1" 200 0 "HTTPS" "outgoing via 192.168.50.30"
192.168.5.9 - cary [01/Oct/2021:08:21:47 -0500] "CONNECT www.googletagmanager.com:443 HTTP/1.1" 200 0 "HTTPS" "outgoing via 192.168.50.30"
192.168.5.53 - jpuales [01/Oct/2021:08:21:48 -0500] "POST http://149.154.167.51:80/api HTTP/1.1" 200 395 "HTTP" ""
192.168.5.9 - cary [01/Oct/2021:08:21:48 -0500] "CONNECT connect.facebook.net:443 HTTP/1.1" 200 0 "HTTPS" "outgoing via 192.168.50.30"
192.168.5.44 - yperez [01/Oct/2021:08:21:49 -0500] "CONNECT safebrowsing.googleapis.com:443 HTTP/1.1" 200 0 "HTTPS" "outgoing via 192.168.50.30"
192.168.5.9 - cary [01/Oct/2021:08:21:52 -0500] "CONNECT play.google.com:443 HTTP/1.1" 200 0 "HTTPS" "outgoing via 192.168.50.30"
192.168.5.9 - cary [01/Oct/2021:08:21:53 -0500] "CONNECT play.google.com:443 HTTP/1.1" 200 0 "HTTPS" "outgoing via 192.168.50.30"
192.168.10.20 - arodriguez [01/Oct/2021:08:21:54 -0500] "CONNECT relay-18a5ffe0.net.anydesk.com:80 HTTP/1.1" 200 0 "HTTPS" "outgoing via 192.168.50.30"
192.168.1.26 - zulema [01/Oct/2021:08:21:54 -0500] "CONNECT aus5.mozilla.org:443 HTTP/1.1" 200 0 "HTTPS" "outgoing via 192.168.50.30"
192.168.1.26 - zulema [01/Oct/2021:08:21:55 -0500] "CONNECT redirector.gvt1.com:443 HTTP/1.1" 200 0 "HTTPS" "outgoing via 192.168.50.30"
192.168.5.53 - jpuales [01/Oct/2021:08:21:55 -0500] "POST http://149.154.175.50:80/api HTTP/1.1" 200 395 "HTTP" ""
192.168.1.26 - zulema [01/Oct/2021:08:21:57 -0500] "CONNECT r2---sn-xuxjn5-i58e.gvt1.com:443 HTTP/1.1" 200 0 "HTTPS" "outgoing via 192.168.50.30"
192.168.1.26 - zulema [01/Oct/2021:08:21:57 -0500] "GET http://detectportal.firefox.com/success.txt HTTP/1.1" 200 361 "HTTP" ""
192.168.1.26 - zulema [01/Oct/2021:08:21:58 -0500] "CONNECT dl.google.com:443 HTTP/1.1" 200 0 "HTTPS" "outgoing via 192.168.50.30"
192.168.5.53 - jpuales [01/Oct/2021:08:22:04 -0500] "POST http://149.154.175.50:80/api HTTP/1.1" 200 395 "HTTP" ""
192.168.10.20 - arodriguez [01/Oct/2021:08:22:07 -0500] "CONNECT relay-9ec84ff7.net.anydesk.com:80 HTTP/1.1" 200 0 "HTTPS" "outgoing via 192.168.50.30"
192.168.6.24 - lisette [01/Oct/2021:08:22:12 -0500] "CONNECT safebrowsing.googleapis.com:443 HTTP/1.1" 200 0 "HTTPS" "outgoing via 192.168.50.30"
192.168.5.53 - jpuales [01/Oct/2021:08:22:13 -0500] "POST http://149.154.167.51:80/api HTTP/1.1" 200 395 "HTTP" ""
192.168.6.24 - lisette [01/Oct/2021:08:22:13 -0500] "CONNECT stats.g.doubleclick.net:443 HTTP/1.1" 200 0 "HTTPS" "outgoing via 192.168.50.30"
192.168.6.24 - lisette [01/Oct/2021:08:22:13 -0500] "GET http://detectportal.firefox.com/canonical.html HTTP/1.1" 200 444 "HTTP" ""
192.168.6.24 - lisette [01/Oct/2021:08:22:13 -0500] "GET http://detectportal.firefox.com/success.txt?ipv4 HTTP/1.1" 200 362 "HTTP" ""
192.168.6.24 - lisette [01/Oct/2021:08:22:15 -0500] "CONNECT stats.g.doubleclick.net:443 HTTP/1.1" 200 0 "HTTPS" "outgoing via 192.168.50.30"
192.168.6.24 - lisette [01/Oct/2021:08:22:15 -0500] "GET http://detectportal.firefox.com/canonical.html HTTP/1.1" 200 444 "HTTP" ""
192.168.6.24 - lisette [01/Oct/2021:08:22:15 -0500] "GET http://detectportal.firefox.com/success.txt?ipv4 HTTP/1.1" 200 361 "HTTP" ""
192.168.5.9 - cary [01/Oct/2021:08:22:18 -0500] "CONNECT www.downloadhelper.net:443 HTTP/1.1" 200 0 "HTTPS" "outgoing via 192.168.50.30"
192.168.5.53 - jpuales [01/Oct/2021:08:22:21 -0500] "POST http://149.154.175.50:80/api HTTP/1.1" 200 395 "HTTP" ""
192.168.5.9 - cary [01/Oct/2021:08:22:21 -0500] "CONNECT fonts.googleapis.com:443 HTTP/1.1" 200 0 "HTTPS" "outgoing via 192.168.50.30"
192.168.5.9 - cary [01/Oct/2021:08:22:21 -0500] "CONNECT maxcdn.bootstrapcdn.com:443 HTTP/1.1" 200 0 "HTTPS" "outgoing via 192.168.50.30"
192.168.5.9 - cary [01/Oct/2021:08:22:21 -0500] "CONNECT maxcdn.bootstrapcdn.com:443 HTTP/1.1" 200 0 "HTTPS" "outgoing via 192.168.50.30"
192.168.5.53 - jpuales [01/Oct/2021:08:22:23 -0500] "POST http://149.154.175.50:80/api HTTP/1.1" 200 395 "HTTP" ""
192.168.5.9 - cary [01/Oct/2021:08:22:25 -0500] "CONNECT github.com:443 HTTP/1.1" 200 0 "HTTPS" "outgoing via 192.168.50.30"
192.168.5.53 - jpuales [01/Oct/2021:08:22:29 -0500] "POST http://149.154.175.50:80/api HTTP/1.1" 200 395 "HTTP" ""
192.168.5.9 - cary [01/Oct/2021:08:22:30 -0500] "CONNECT github-releases.githubusercontent.com:443 HTTP/1.1" 200 0 "HTTPS" "outgoing via 192.168.50.30"
192.168.10.20 - arodriguez [01/Oct/2021:08:22:36 -0500] "CONNECT relay-9ec84ff7.net.anydesk.com:80 HTTP/1.1" 200 0 "HTTPS" "outgoing via 192.168.50.30"
192.168.5.53 - jpuales [01/Oct/2021:08:22:38 -0500] "POST http://149.154.167.51:80/api HTTP/1.1" 200 395 "HTTP" ""
192.168.5.9 - cary [01/Oct/2021:08:22:40 -0500] "CONNECT r6---sn-hp57ynez.googlevideo.com:443 HTTP/1.1" 200 0 "HTTPS" "outgoing via 192.168.50.30"
192.168.5.9 - cary [01/Oct/2021:08:22:43 -0500] "POST http://ocsp.digicert.com/ HTTP/1.1" 200 755 "HTTP" ""
192.168.5.53 - jpuales [01/Oct/2021:08:22:46 -0500] "POST http://149.154.175.50:80/api HTTP/1.1" 200 395 "HTTP" ""
192.168.5.57 - laura.rivas [01/Oct/2021:08:22:47 -0500] "CONNECT video.xx.fbcdn.net:443 HTTP/1.1" 200 0 "HTTPS" "outgoing via 192.168.50.30"
192.168.5.9 - cary [01/Oct/2021:08:22:48 -0500] "CONNECT r4---sn-xuxjn5-i58e.googlevideo.com:443 HTTP/1.1" 200 0 "HTTPS" "outgoing via 192.168.50.30"
192.168.5.9 - cary [01/Oct/2021:08:22:50 -0500] "CONNECT r4---sn-xuxjn5-i58e.googlevideo.com:443 HTTP/1.1" 200 0 "HTTPS" "outgoing via 192.168.50.30"
192.168.5.57 - laura.rivas [01/Oct/2021:08:22:51 -0500] "CONNECT scontent-mia3-2.xx.fbcdn.net:443 HTTP/1.1" 200 0 "HTTPS" "outgoing via 192.168.50.30"
192.168.5.9 - cary [01/Oct/2021:08:22:53 -0500] "CONNECT push.services.mozilla.com:443 HTTP/1.1" 200 0 "HTTPS" "outgoing via 192.168.50.30"
192.168.5.53 - jpuales [01/Oct/2021:08:22:54 -0500] "POST http://149.154.175.50:80/api HTTP/1.1" 200 395 "HTTP" ""
192.168.5.53 - jpuales [01/Oct/2021:08:22:54 -0500] "POST http://149.154.175.50:80/api HTTP/1.1" 200 395 "HTTP" ""
192.168.5.9 - cary [01/Oct/2021:08:22:56 -0500] "CONNECT firefox.settings.services.mozilla.com:443 HTTP/1.1" 200 0 "HTTPS" "outgoing via 192.168.50.30"
192.168.5.9 - cary [01/Oct/2021:08:23:00 -0500] "CONNECT content-signature-2.cdn.mozilla.net:443 HTTP/1.1" 200 0 "HTTPS" "outgoing via 192.168.50.30"
192.168.5.9 - cary [01/Oct/2021:08:23:03 -0500] "CONNECT r1---sn-xuxjn5-i58e.googlevideo.com:443 HTTP/1.1" 200 0 "HTTPS" "outgoing via 192.168.50.30"
192.168.5.53 - jpuales [01/Oct/2021:08:23:04 -0500] "POST http://149.154.167.51:80/api HTTP/1.1" 200 395 "HTTP" ""
192.168.5.9 - cary [01/Oct/2021:08:23:04 -0500] "CONNECT firefox.settings.services.mozilla.com:443 HTTP/1.1" 200 0 "HTTPS" "outgoing via 192.168.50.30"
192.168.10.20 - arodriguez [01/Oct/2021:08:23:05 -0500] "CONNECT relay-9ec84ff7.net.anydesk.com:80 HTTP/1.1" 200 0 "HTTPS" "outgoing via 192.168.50.30"
192.168.5.9 - cary [01/Oct/2021:08:23:10 -0500] "CONNECT firefox.settings.services.mozilla.com:443 HTTP/1.1" 200 0 "HTTPS" "outgoing via 192.168.50.30"
192.168.5.9 - cary [01/Oct/2021:08:23:10 -0500] "CONNECT firefox.settings.services.mozilla.com:443 HTTP/1.1" 200 0 "HTTPS" "outgoing via 192.168.50.30"
192.168.5.9 - cary [01/Oct/2021:08:23:10 -0500] "CONNECT firefox.settings.services.mozilla.com:443 HTTP/1.1" 200 0 "HTTPS" "outgoing via 192.168.50.30"
192.168.5.9 - cary [01/Oct/2021:08:23:11 -0500] "CONNECT www.youtube.com:443 HTTP/1.1" 200 0 "HTTPS" "outgoing via 192.168.50.30"
192.168.5.53 - jpuales [01/Oct/2021:08:23:11 -0500] "POST http://149.154.175.50:80/api HTTP/1.1" 200 395 "HTTP" ""
192.168.6.24 - lisette [01/Oct/2021:08:23:12 -0500] "CONNECT stats.g.doubleclick.net:443 HTTP/1.1" 200 0 "HTTPS" "outgoing via 192.168.50.30"
192.168.6.24 - lisette [01/Oct/2021:08:23:12 -0500] "GET http://detectportal.firefox.com/canonical.html HTTP/1.1" 200 444 "HTTP" ""
192.168.6.24 - lisette [01/Oct/2021:08:23:12 -0500] "GET http://detectportal.firefox.com/success.txt?ipv4 HTTP/1.1" 200 361 "HTTP" ""
192.168.5.9 - cary [01/Oct/2021:08:23:12 -0500] "CONNECT r1---sn-xuxjn5-i58e.googlevideo.com:443 HTTP/1.1" 200 0 "HTTPS" "outgoing via 192.168.50.30"
192.168.5.57 - laura.rivas [01/Oct/2021:08:23:13 -0500] "CONNECT gateway.facebook.com:443 HTTP/1.1" 200 0 "HTTPS" "outgoing via 192.168.50.30"
192.168.5.9 - cary [01/Oct/2021:08:23:13 -0500] "CONNECT firefox-settings-attachments.cdn.mozilla.net:443 HTTP/1.1" 200 0 "HTTPS" "outgoing via 192.168.50.30"
192.168.5.9 - cary [01/Oct/2021:08:23:13 -0500] "CONNECT firefox-settings-attachments.cdn.mozilla.net:443 HTTP/1.1" 200 0 "HTTPS" "outgoing via 192.168.50.30"
192.168.5.9 - cary [01/Oct/2021:08:23:14 -0500] "CONNECT firefox-settings-attachments.cdn.mozilla.net:443 HTTP/1.1" 200 0 "HTTPS" "outgoing via 192.168.50.30"
192.168.6.24 - lisette [01/Oct/2021:08:23:15 -0500] "CONNECT stats.g.doubleclick.net:443 HTTP/1.1" 200 0 "HTTPS" "outgoing via 192.168.50.30"
192.168.6.24 - lisette [01/Oct/2021:08:23:15 -0500] "GET http://detectportal.firefox.com/canonical.html HTTP/1.1" 200 444 "HTTP" ""
192.168.6.24 - lisette [01/Oct/2021:08:23:15 -0500] "GET http://detectportal.firefox.com/success.txt?ipv4 HTTP/1.1" 200 361 "HTTP" ""
192.168.5.53 - jpuales [01/Oct/2021:08:23:19 -0500] "POST http://149.154.175.50:80/api HTTP/1.1" 200 395 "HTTP" ""
192.168.5.53 - jpuales [01/Oct/2021:08:23:29 -0500] "POST http://149.154.167.51:80/api HTTP/1.1" 200 395 "HTTP" ""
192.168.5.9 - cary [01/Oct/2021:08:23:30 -0500] "CONNECT mp3-descargar-musica.com:443 HTTP/1.1" 200 0 "HTTPS" "outgoing via 192.168.50.30"
192.168.5.9 - cary [01/Oct/2021:08:23:30 -0500] "CONNECT ytconvert.in:443 HTTP/1.1" 200 0 "HTTPS" "outgoing via 192.168.50.30"
192.168.5.9 - cary [01/Oct/2021:08:23:30 -0500] "CONNECT ytconvert.in:443 HTTP/1.1" 200 0 "HTTPS" "outgoing via 192.168.50.30"
192.168.5.9 - cary [01/Oct/2021:08:23:32 -0500] "CONNECT r1---sn-xuxjn5-i58e.googlevideo.com:443 HTTP/1.1" 200 0 "HTTPS" "outgoing via 192.168.50.30"
192.168.5.9 - cary [01/Oct/2021:08:23:34 -0500] "CONNECT www.facebook.com:443 HTTP/1.1" 200 0 "HTTPS" "outgoing via 192.168.50.30"
192.168.10.20 - arodriguez [01/Oct/2021:08:23:34 -0500] "CONNECT relay-9ec84ff7.net.anydesk.com:80 HTTP/1.1" 200 0 "HTTPS" "outgoing via 192.168.50.30"
192.168.5.9 - cary [01/Oct/2021:08:23:34 -0500] "CONNECT googleads.g.doubleclick.net:443 HTTP/1.1" 200 0 "HTTPS" "outgoing via 192.168.50.30"
192.168.5.9 - cary [01/Oct/2021:08:23:34 -0500] "CONNECT s7.addthis.com:443 HTTP/1.1" 200 0 "HTTPS" "outgoing via 192.168.50.30"
192.168.5.9 - cary [01/Oct/2021:08:23:35 -0500] "CONNECT adservice.google.com.cu:443 HTTP/1.1" 200 0 "HTTPS" "outgoing via 192.168.50.30"
192.168.5.9 - cary [01/Oct/2021:08:23:35 -0500] "CONNECT adservice.google.com:443 HTTP/1.1" 200 0 "HTTPS" "outgoing via 192.168.50.30"
192.168.5.9 - cary [01/Oct/2021:08:23:36 -0500] "CONNECT ytconvert.in:443 HTTP/1.1" 200 0 "HTTPS" "outgoing via 192.168.50.30"
192.168.5.9 - cary [01/Oct/2021:08:23:36 -0500] "CONNECT partner.googleadservices.com:443 HTTP/1.1" 200 0 "HTTPS" "outgoing via 192.168.50.30"
192.168.5.9 - cary [01/Oct/2021:08:23:36 -0500] "CONNECT pagead2.googlesyndication.com:443 HTTP/1.1" 200 0 "HTTPS" "outgoing via 192.168.50.30"
192.168.5.53 - jpuales [01/Oct/2021:08:23:36 -0500] "POST http://149.154.175.50:80/api HTTP/1.1" 200 395 "HTTP" ""
192.168.5.9 - cary [01/Oct/2021:08:23:36 -0500] "CONNECT googleads.g.doubleclick.net:443 HTTP/1.1" 200 0 "HTTPS" "outgoing via 192.168.50.30"
192.168.5.9 - cary [01/Oct/2021:08:23:36 -0500] "CONNECT googleads.g.doubleclick.net:443 HTTP/1.1" 200 0 "HTTPS" "outgoing via 192.168.50.30"
192.168.5.9 - cary [01/Oct/2021:08:23:36 -0500] "CONNECT googleads.g.doubleclick.net:443 HTTP/1.1" 200 0 "HTTPS" "outgoing via 192.168.50.30"
192.168.5.53 - jpuales [01/Oct/2021:08:23:39 -0500] "POST http://149.154.175.50:80/api HTTP/1.1" 200 395 "HTTP" ""
192.168.5.9 - cary [01/Oct/2021:08:23:39 -0500] "CONNECT r6---sn-hp57ynez.googlevideo.com:443 HTTP/1.1" 200 0 "HTTPS" "outgoing via 192.168.50.30"
192.168.5.9 - cary [01/Oct/2021:08:23:43 -0500] "CONNECT www.google-analytics.com:443 HTTP/1.1" 200 0 "HTTPS" "outgoing via 192.168.50.30"
192.168.5.53 - jpuales [01/Oct/2021:08:23:44 -0500] "POST http://149.154.175.50:80/api HTTP/1.1" 200 395 "HTTP" ""
192.168.5.9 - cary [01/Oct/2021:08:23:45 -0500] "CONNECT pagead2.googlesyndication.com:443 HTTP/1.1" 200 0 "HTTPS" "outgoing via 192.168.50.30"
192.168.10.20 - arodriguez [01/Oct/2021:08:23:48 -0500] "CONNECT relay-5d364c18.net.anydesk.com:80 HTTP/1.1" 200 0 "HTTPS" "outgoing via 192.168.50.30"
192.168.5.53 - jpuales [01/Oct/2021:08:23:55 -0500] "POST http://149.154.167.51:80/api HTTP/1.1" 200 395 "HTTP" ""
192.168.5.9 - cary [01/Oct/2021:08:23:59 -0500] "CONNECT googleads.g.doubleclick.net:443 HTTP/1.1" 200 0 "HTTPS" "outgoing via 192.168.50.30"
192.168.5.9 - cary [01/Oct/2021:08:24:00 -0500] "CONNECT googleads.g.doubleclick.net:443 HTTP/1.1" 200 0 "HTTPS" "outgoing via 192.168.50.30"
192.168.5.53 - jpuales [01/Oct/2021:08:24:01 -0500] "POST http://149.154.175.50:80/api HTTP/1.1" 200 395 "HTTP" ""
192.168.5.9 - cary [01/Oct/2021:08:24:04 -0500] "CONNECT www.google.com:443 HTTP/1.1" 200 0 "HTTPS" "outgoing via 192.168.50.30"
192.168.5.53 - jpuales [01/Oct/2021:08:24:09 -0500] "POST http://149.154.175.50:80/api HTTP/1.1" 200 395 "HTTP" ""
192.168.5.53 - jpuales [01/Oct/2021:08:24:10 -0500] "POST http://149.154.175.50:80/api HTTP/1.1" 200 395 "HTTP" ""
192.168.6.24 - lisette [01/Oct/2021:08:24:12 -0500] "CONNECT stats.g.doubleclick.net:443 HTTP/1.1" 200 0 "HTTPS" "outgoing via 192.168.50.30"
192.168.6.24 - lisette [01/Oct/2021:08:24:12 -0500] "GET http://detectportal.firefox.com/canonical.html HTTP/1.1" 200 444 "HTTP" ""
192.168.6.24 - lisette [01/Oct/2021:08:24:12 -0500] "GET http://detectportal.firefox.com/success.txt?ipv4 HTTP/1.1" 200 361 "HTTP" ""
192.168.5.9 - cary [01/Oct/2021:08:24:15 -0500] "CONNECT googleads.g.doubleclick.net:443 HTTP/1.1" 200 0 "HTTPS" "outgoing via 192.168.50.30"
192.168.6.24 - lisette [01/Oct/2021:08:24:15 -0500] "CONNECT stats.g.doubleclick.net:443 HTTP/1.1" 200 0 "HTTPS" "outgoing via 192.168.50.30"
192.168.6.24 - lisette [01/Oct/2021:08:24:15 -0500] "GET http://detectportal.firefox.com/canonical.html HTTP/1.1" 200 444 "HTTP" ""
192.168.6.24 - lisette [01/Oct/2021:08:24:15 -0500] "GET http://detectportal.firefox.com/success.txt?ipv4 HTTP/1.1" 200 361 "HTTP" ""
192.168.10.20 - arodriguez [01/Oct/2021:08:24:17 -0500] "CONNECT relay-5d364c18.net.anydesk.com:80 HTTP/1.1" 200 0 "HTTPS" "outgoing via 192.168.50.30"
192.168.5.9 - cary [01/Oct/2021:08:24:17 -0500] "CONNECT googleads.g.doubleclick.net:443 HTTP/1.1" 200 0 "HTTPS" "outgoing via 192.168.50.30"
192.168.5.9 - cary [01/Oct/2021:08:24:17 -0500] "CONNECT googleads.g.doubleclick.net:443 HTTP/1.1" 200 0 "HTTPS" "outgoing via 192.168.50.30"
192.168.5.9 - cary [01/Oct/2021:08:24:17 -0500] "CONNECT googleads.g.doubleclick.net:443 HTTP/1.1" 200 0 "HTTPS" "outgoing via 192.168.50.30"
192.168.5.57 - laura.rivas [01/Oct/2021:08:24:17 -0500] "CONNECT gateway.facebook.com:443 HTTP/1.1" 200 0 "HTTPS" "outgoing via 192.168.50.30"
192.168.5.53 - jpuales [01/Oct/2021:08:24:20 -0500] "POST http://149.154.167.51:80/api HTTP/1.1" 200 395 "HTTP" ""
192.168.5.57 - laura.rivas [01/Oct/2021:08:24:22 -0500] "CONNECT gateway.facebook.com:443 HTTP/1.1" 200 0 "HTTPS" "outgoing via 192.168.50.30"
192.168.5.53 - jpuales [01/Oct/2021:08:24:26 -0500] "POST http://149.154.175.50:80/api HTTP/1.1" 200 395 "HTTP" ""
192.168.5.9 - cary [01/Oct/2021:08:24:27 -0500] "CONNECT www.google.com:443 HTTP/1.1" 200 0 "HTTPS" "outgoing via 192.168.50.30"
192.168.5.57 - laura.rivas [01/Oct/2021:08:24:29 -0500] "CONNECT external-mia3-2.xx.fbcdn.net:443 HTTP/1.1" 200 0 "HTTPS" "outgoing via 192.168.50.30"
192.168.5.53 - jpuales [01/Oct/2021:08:24:35 -0500] "POST http://149.154.175.50:80/api HTTP/1.1" 200 395 "HTTP" ""
192.168.5.53 - jpuales [01/Oct/2021:08:24:46 -0500] "POST http://149.154.167.51:80/api HTTP/1.1" 200 395 "HTTP" ""
192.168.10.20 - arodriguez [01/Oct/2021:08:24:46 -0500] "CONNECT relay-5d364c18.net.anydesk.com:80 HTTP/1.1" 200 0 "HTTPS" "outgoing via 192.168.50.30"
192.168.10.20 - arodriguez [01/Oct/2021:08:24:48 -0500] "CONNECT relay-5d364c18.net.anydesk.com:443 HTTP/1.1" 200 0 "HTTPS" "outgoing via 192.168.50.30"
192.168.10.20 - arodriguez [01/Oct/2021:08:24:50 -0500] "CONNECT relay-5d364c18.net.anydesk.com:6568 HTTP/1.1" 200 0 "HTTPS" "outgoing via 192.168.50.30"
192.168.10.20 - arodriguez [01/Oct/2021:08:24:52 -0500] "CONNECT 199.127.60.136:80 HTTP/1.1" 200 0 "HTTPS" "outgoing via 192.168.50.30"
192.168.5.53 - jpuales [01/Oct/2021:08:24:53 -0500] "POST http://149.154.175.50:80/api HTTP/1.1" 200 395 "HTTP" ""
192.168.10.20 - arodriguez [01/Oct/2021:08:24:54 -0500] "CONNECT 199.127.60.136:443 HTTP/1.1" 200 0 "HTTPS" "outgoing via 192.168.50.30"
192.168.5.53 - jpuales [01/Oct/2021:08:24:54 -0500] "POST http://149.154.175.50:80/api HTTP/1.1" 200 395 "HTTP" ""
192.168.10.20 - arodriguez [01/Oct/2021:08:24:56 -0500] "CONNECT 199.127.60.136:6568 HTTP/1.1" 200 0 "HTTPS" "outgoing via 192.168.50.30"
192.168.5.53 - jpuales [01/Oct/2021:08:25:00 -0500] "POST http://149.154.175.50:80/api HTTP/1.1" 200 395 "HTTP" ""
192.168.10.20 - arodriguez [01/Oct/2021:08:25:04 -0500] "CONNECT boot-01.net.anydesk.com:443 HTTP/1.1" 200 0 "HTTPS" "outgoing via 192.168.50.30"
192.168.5.9 - cary [01/Oct/2021:08:25:05 -0500] "CONNECT incoming.telemetry.mozilla.org:443 HTTP/1.1" 200 0 "HTTPS" "outgoing via 192.168.50.30"
192.168.10.20 - arodriguez [01/Oct/2021:08:25:06 -0500] "CONNECT boot-01.net.anydesk.com:80 HTTP/1.1" 200 0 "HTTPS" "outgoing via 192.168.50.30"
192.168.10.20 - arodriguez [01/Oct/2021:08:25:08 -0500] "CONNECT boot-01.net.anydesk.com:6568 HTTP/1.1" 200 0 "HTTPS" "outgoing via 192.168.50.30"
192.168.5.53 - jpuales [01/Oct/2021:08:25:11 -0500] "POST http://149.154.167.51:80/api HTTP/1.1" 200 395 "HTTP" ""
192.168.6.24 - lisette [01/Oct/2021:08:25:12 -0500] "CONNECT stats.g.doubleclick.net:443 HTTP/1.1" 200 0 "HTTPS" "outgoing via 192.168.50.30"
