192.168.10.20 - arodriguez [21/Aug/2021:09:49:56 -0500] "CONNECT relay-54e66660.net.anydesk.com:80 HTTP/1.1" 200 0 "HTTPS" "outgoing via 192.168.50.30"
192.168.10.20 - arodriguez [21/Aug/2021:09:50:09 -0500] "CONNECT relay-89970c8c.net.anydesk.com:80 HTTP/1.1" 200 0 "HTTPS" "outgoing via 192.168.50.30"
192.168.10.20 - arodriguez [21/Aug/2021:09:50:38 -0500] "CONNECT relay-89970c8c.net.anydesk.com:80 HTTP/1.1" 200 0 "HTTPS" "outgoing via 192.168.50.30"
192.168.50.8 - arodriguez [21/Aug/2021:09:50:39 -0500] "HEAD http://update.eset.com/eset_eval/update.ver HTTP/1.1" 200 383 "HTTP" ""
192.168.50.8 - arodriguez [21/Aug/2021:09:50:48 -0500] "GET http://update.eset.com/eset_eval/update.ver HTTP/1.1" 200 119472 "HTTP" ""
192.168.50.8 - arodriguez [21/Aug/2021:09:50:48 -0500] "HEAD http://update.eset.com/v3-eval-sta/mod_002_engine_50561/em002_32_l2.nup HTTP/1.1" 200 377 "HTTP" ""
192.168.6.15 - jcarrillo [21/Aug/2021:09:51:05 -0500] "CONNECT up.freedownloadmanager.org:443 HTTP/1.1" 200 0 "HTTPS" "outgoing via 192.168.50.30"
192.168.10.20 - arodriguez [21/Aug/2021:09:51:07 -0500] "CONNECT relay-89970c8c.net.anydesk.com:80 HTTP/1.1" 200 0 "HTTPS" "outgoing via 192.168.50.30"
192.168.6.15 - jcarrillo [21/Aug/2021:09:51:11 -0500] "CONNECT armmf.adobe.com:443 HTTP/1.1" 200 0 "HTTPS" "outgoing via 192.168.50.30"
192.168.6.15 - jcarrillo [21/Aug/2021:09:51:15 -0500] "CONNECT armmf.adobe.com:443 HTTP/1.0" 200 0 "HTTPS" "outgoing via 192.168.50.30"
192.168.6.15 - jcarrillo [21/Aug/2021:09:51:30 -0500] "CONNECT slscr.update.microsoft.com:443 HTTP/1.1" 200 0 "HTTPS" "outgoing via 192.168.50.30"
192.168.6.15 - jcarrillo [21/Aug/2021:09:51:31 -0500] "CONNECT v10.events.data.microsoft.com:443 HTTP/1.1" 200 0 "HTTPS" "outgoing via 192.168.50.30"
192.168.6.15 - jcarrillo [21/Aug/2021:09:51:31 -0500] "CONNECT fe3cr.delivery.mp.microsoft.com:443 HTTP/1.1" 200 0 "HTTPS" "outgoing via 192.168.50.30"
192.168.6.15 - jcarrillo [21/Aug/2021:09:51:33 -0500] "CONNECT slscr.update.microsoft.com:443 HTTP/1.1" 200 0 "HTTPS" "outgoing via 192.168.50.30"
192.168.6.15 - jcarrillo [21/Aug/2021:09:51:34 -0500] "CONNECT slscr.update.microsoft.com:443 HTTP/1.1" 200 0 "HTTPS" "outgoing via 192.168.50.30"
192.168.10.20 - arodriguez [21/Aug/2021:09:51:37 -0500] "CONNECT relay-89970c8c.net.anydesk.com:80 HTTP/1.1" 200 0 "HTTPS" "outgoing via 192.168.50.30"
192.168.6.15 - jcarrillo [21/Aug/2021:09:51:37 -0500] "CONNECT v10.events.data.microsoft.com:443 HTTP/1.1" 200 0 "HTTPS" "outgoing via 192.168.50.30"
192.168.6.15 - jcarrillo [21/Aug/2021:09:51:44 -0500] "CONNECT settings-win.data.microsoft.com:443 HTTP/1.1" 200 0 "HTTPS" "outgoing via 192.168.50.30"
192.168.6.15 - jcarrillo [21/Aug/2021:09:51:44 -0500] "CONNECT login.live.com:443 HTTP/1.1" 200 0 "HTTPS" "outgoing via 192.168.50.30"
192.168.6.15 - jcarrillo [21/Aug/2021:09:51:46 -0500] "CONNECT www.bing.com:443 HTTP/1.0" 200 0 "HTTPS" "outgoing via 192.168.50.30"
192.168.10.20 - arodriguez [21/Aug/2021:09:52:06 -0500] "CONNECT relay-89970c8c.net.anydesk.com:80 HTTP/1.1" 200 0 "HTTPS" "outgoing via 192.168.50.30"
192.168.3.8 - aaronvega [21/Aug/2021:09:52:08 -0500] "CONNECT content-signature-2.cdn.mozilla.net:443 HTTP/1.1" 200 0 "HTTPS" "outgoing via 192.168.50.30"
192.168.6.15 - jcarrillo [21/Aug/2021:09:52:09 -0500] "CONNECT v10.events.data.microsoft.com:443 HTTP/1.1" 200 0 "HTTPS" "outgoing via 192.168.50.30"
192.168.3.8 - aaronvega [21/Aug/2021:09:52:10 -0500] "CONNECT firefox.settings.services.mozilla.com:443 HTTP/1.1" 200 0 "HTTPS" "outgoing via 192.168.50.30"
192.168.6.15 - jcarrillo [21/Aug/2021:09:52:10 -0500] "GET http://download.windowsupdate.com/d/msdownload/update/others/2021/08/34953925_1014007984501768fc1423a250ef34d939ce2467.cab HTTP/1.1" 200 7711 "HTTP" ""
192.168.6.15 - jcarrillo [21/Aug/2021:09:52:10 -0500] "GET http://download.windowsupdate.com/d/msdownload/update/others/2021/08/34953924_d88e18a90fec8a0e27164efec827f084e35029b5.cab HTTP/1.1" 200 7704 "HTTP" ""
192.168.6.15 - jcarrillo [21/Aug/2021:09:52:10 -0500] "GET http://download.windowsupdate.com/d/msdownload/update/others/2021/08/34953607_cab230a5cd211fb5b05f1ac4e4eeb1759d4443a2.cab HTTP/1.1" 200 7922 "HTTP" ""
192.168.6.15 - jcarrillo [21/Aug/2021:09:52:10 -0500] "GET http://download.windowsupdate.com/d/msdownload/update/others/2021/08/34953606_801bb7016e25ca881ac5be28ea8456c42f19f1ad.cab HTTP/1.1" 200 7915 "HTTP" ""
192.168.6.15 - jcarrillo [21/Aug/2021:09:52:10 -0500] "GET http://download.windowsupdate.com/c/msdownload/update/others/2021/08/34957486_6b52113c831291b53c772e28205a1b492b7bd772.cab HTTP/1.1" 200 11139 "HTTP" ""
192.168.6.15 - jcarrillo [21/Aug/2021:09:52:10 -0500] "GET http://download.windowsupdate.com/d/msdownload/update/others/2021/08/34957133_400de9877b01225facae92e982ada0f8f843c003.cab HTTP/1.1" 200 11422 "HTTP" ""
192.168.3.8 - aaronvega [21/Aug/2021:09:52:10 -0500] "CONNECT firefox.settings.services.mozilla.com:443 HTTP/1.1" 200 0 "HTTPS" "outgoing via 192.168.50.30"
192.168.6.15 - jcarrillo [21/Aug/2021:09:52:10 -0500] "GET http://download.windowsupdate.com/c/msdownload/update/others/2021/08/34956803_d655cddbc50e5ec2f591b9fac81c5b5d4dada934.cab HTTP/1.1" 200 11424 "HTTP" ""
192.168.3.8 - aaronvega [21/Aug/2021:09:52:10 -0500] "CONNECT incoming.telemetry.mozilla.org:443 HTTP/1.1" 200 0 "HTTPS" "outgoing via 192.168.50.30"
192.168.6.15 - jcarrillo [21/Aug/2021:09:52:10 -0500] "GET http://download.windowsupdate.com/d/msdownload/update/others/2021/08/34956443_ea65023fd602226adce1e3101c8ffca99bc1690a.cab HTTP/1.1" 200 11432 "HTTP" ""
192.168.6.15 - jcarrillo [21/Aug/2021:09:52:10 -0500] "GET http://download.windowsupdate.com/c/msdownload/update/others/2021/08/34956091_dbd6420c633c91f03c87896a2a38164622945bd3.cab HTTP/1.1" 200 11423 "HTTP" ""
192.168.6.15 - jcarrillo [21/Aug/2021:09:52:10 -0500] "GET http://download.windowsupdate.com/c/msdownload/update/others/2021/08/34955737_3130fb882841684195931ea1881c9529bd53b116.cab HTTP/1.1" 200 11292 "HTTP" ""
192.168.3.8 - aaronvega [21/Aug/2021:09:52:10 -0500] "CONNECT firefox.settings.services.mozilla.com:443 HTTP/1.1" 200 0 "HTTPS" "outgoing via 192.168.50.30"
192.168.6.15 - jcarrillo [21/Aug/2021:09:52:10 -0500] "GET http://download.windowsupdate.com/c/msdownload/update/others/2021/08/34955179_4fe7b05756fe3d1b5351ee389889980d82158bce.cab HTTP/1.1" 200 11456 "HTTP" ""
192.168.6.15 - jcarrillo [21/Aug/2021:09:52:11 -0500] "GET http://download.windowsupdate.com/d/msdownload/update/others/2021/08/34954795_04c7c57bbe0066e2320c4a8670b04af797ff4b01.cab HTTP/1.1" 200 11290 "HTTP" ""
192.168.6.15 - jcarrillo [21/Aug/2021:09:52:11 -0500] "GET http://download.windowsupdate.com/d/msdownload/update/others/2021/08/34954401_962b43a206c59f1f55952b656f452162065ed03e.cab HTTP/1.1" 200 11301 "HTTP" ""
192.168.6.15 - jcarrillo [21/Aug/2021:09:52:11 -0500] "GET http://download.windowsupdate.com/d/msdownload/update/others/2021/08/34954041_278ddf3ead87a0f84d9fbcf63850702f6c648b69.cab HTTP/1.1" 200 11370 "HTTP" ""
192.168.6.15 - jcarrillo [21/Aug/2021:09:52:12 -0500] "GET http://download.windowsupdate.com/d/msdownload/update/others/2021/08/34953723_cecc82e592fbedf07eccc47b7b7606a054372848.cab HTTP/1.1" 200 11381 "HTTP" ""
192.168.6.15 - jcarrillo [21/Aug/2021:09:52:12 -0500] "GET http://download.windowsupdate.com/c/msdownload/update/others/2021/08/34955062_6bb56cdbbef1d687a947df5e55981f2abfdf7f31.cab HTTP/1.1" 200 7914 "HTTP" ""
192.168.6.15 - jcarrillo [21/Aug/2021:09:52:12 -0500] "GET http://download.windowsupdate.com/d/msdownload/update/others/2021/08/34954679_e266feaaf596774323765b49ff9fcb42ff43f40e.cab HTTP/1.1" 200 7822 "HTTP" ""
192.168.6.15 - jcarrillo [21/Aug/2021:09:52:12 -0500] "GET http://download.windowsupdate.com/d/msdownload/update/others/2021/08/34954678_24ab73f3e0390f4d80a7411ed6b3ce53c5d20412.cab HTTP/1.1" 200 7817 "HTTP" ""
192.168.6.15 - jcarrillo [21/Aug/2021:09:52:12 -0500] "GET http://download.windowsupdate.com/d/msdownload/update/others/2021/08/34954285_ce83033b1ed333b07f9f9acc0c784c7a07928baf.cab HTTP/1.1" 200 7802 "HTTP" ""
192.168.6.15 - jcarrillo [21/Aug/2021:09:52:13 -0500] "GET http://download.windowsupdate.com/d/msdownload/update/others/2021/08/34954284_b8b4c9358238174e4d473277c823391389330aa8.cab HTTP/1.1" 200 7799 "HTTP" ""
192.168.6.15 - jcarrillo [21/Aug/2021:09:52:13 -0500] "GET http://download.windowsupdate.com/c/msdownload/update/others/2021/08/34955975_99f7a618fa52964fbe3ab4aa84b191709d50841f.cab HTTP/1.1" 200 7916 "HTTP" ""
192.168.6.15 - jcarrillo [21/Aug/2021:09:52:13 -0500] "GET http://download.windowsupdate.com/c/msdownload/update/others/2021/08/34955974_b4f14d5e2c72ea73405ac60fa2d7ef6f179dd94d.cab HTTP/1.1" 200 7916 "HTTP" ""
192.168.6.15 - jcarrillo [21/Aug/2021:09:52:13 -0500] "GET http://download.windowsupdate.com/c/msdownload/update/others/2021/08/34955621_0a8e9c1c6dd3c3c6be6e94d7c399d12cf180eba0.cab HTTP/1.1" 200 7702 "HTTP" ""
192.168.6.15 - jcarrillo [21/Aug/2021:09:52:13 -0500] "GET http://download.windowsupdate.com/c/msdownload/update/others/2021/08/34955620_080d3f65fdff7bf1a4ef992fcce4fbc72f98b78d.cab HTTP/1.1" 200 7702 "HTTP" ""
192.168.3.8 - aaronvega [21/Aug/2021:09:52:14 -0500] "CONNECT incoming.telemetry.mozilla.org:443 HTTP/1.1" 200 0 "HTTPS" "outgoing via 192.168.50.30"
192.168.3.8 - aaronvega [21/Aug/2021:09:52:14 -0500] "CONNECT incoming.telemetry.mozilla.org:443 HTTP/1.1" 200 0 "HTTPS" "outgoing via 192.168.50.30"
192.168.6.15 - jcarrillo [21/Aug/2021:09:52:14 -0500] "GET http://download.windowsupdate.com/c/msdownload/update/others/2021/08/34955063_d86549052b0804bbde8e279d138fc5f03ba745ae.cab HTTP/1.1" 200 7924 "HTTP" ""
192.168.6.15 - jcarrillo [21/Aug/2021:09:52:14 -0500] "GET http://download.windowsupdate.com/d/msdownload/update/others/2021/08/34957017_d24bfd1293412b45630405a906549774d11b574c.cab HTTP/1.1" 200 7828 "HTTP" ""
192.168.6.15 - jcarrillo [21/Aug/2021:09:52:14 -0500] "GET http://download.windowsupdate.com/d/msdownload/update/others/2021/08/34957016_7e609602bf261546e9403b0734b71c57be1c8adc.cab HTTP/1.1" 200 7831 "HTTP" ""
192.168.6.15 - jcarrillo [21/Aug/2021:09:52:14 -0500] "GET http://download.windowsupdate.com/c/msdownload/update/others/2021/08/34956687_92b5ea9aeed8c2b0848ad79d01e76287c6646894.cab HTTP/1.1" 200 7928 "HTTP" ""
192.168.6.15 - jcarrillo [21/Aug/2021:09:52:14 -0500] "GET http://download.windowsupdate.com/c/msdownload/update/others/2021/08/34956686_4fca1f88899ed9e739759c8acf9b848b016523e0.cab HTTP/1.1" 200 7919 "HTTP" ""
192.168.6.15 - jcarrillo [21/Aug/2021:09:52:15 -0500] "GET http://download.windowsupdate.com/d/msdownload/update/others/2021/08/34956327_52c9552be1db6782f4fd116d6b3c3d46bfce7a73.cab HTTP/1.1" 200 7832 "HTTP" ""
192.168.6.15 - jcarrillo [21/Aug/2021:09:52:15 -0500] "GET http://download.windowsupdate.com/d/msdownload/update/others/2021/08/34956326_925b997692b3d008c57db82d5949f385c94033ae.cab HTTP/1.1" 200 7828 "HTTP" ""
192.168.6.15 - jcarrillo [21/Aug/2021:09:52:15 -0500] "GET http://download.windowsupdate.com/c/msdownload/update/others/2021/08/34957377_4adb28bbc57c92e34b31f2d1513ecc1cab0adfc5.cab HTTP/1.1" 200 7795 "HTTP" ""
192.168.3.8 - aaronvega [21/Aug/2021:09:52:19 -0500] "CONNECT safebrowsing.googleapis.com:443 HTTP/1.1" 200 0 "HTTPS" "outgoing via 192.168.50.30"
192.168.6.15 - jcarrillo [21/Aug/2021:09:52:19 -0500] "CONNECT v10.events.data.microsoft.com:443 HTTP/1.1" 200 0 "HTTPS" "outgoing via 192.168.50.30"
192.168.3.8 - aaronvega [21/Aug/2021:09:52:21 -0500] "CONNECT www.youtube.com:443 HTTP/1.1" 200 0 "HTTPS" "outgoing via 192.168.50.30"
192.168.6.15 - jcarrillo [21/Aug/2021:09:52:24 -0500] "CONNECT v10.events.data.microsoft.com:443 HTTP/1.1" 200 0 "HTTPS" "outgoing via 192.168.50.30"
192.168.6.15 - jcarrillo [21/Aug/2021:09:52:25 -0500] "CONNECT tsfe.trafficshaping.dsp.mp.microsoft.com:443 HTTP/1.1" 200 0 "HTTPS" "outgoing via 192.168.50.30"
192.168.6.15 - jcarrillo [21/Aug/2021:09:52:26 -0500] "CONNECT geo.prod.do.dsp.mp.microsoft.com:443 HTTP/1.1" 200 0 "HTTPS" "outgoing via 192.168.50.30"
192.168.3.8 - aaronvega [21/Aug/2021:09:52:27 -0500] "POST http://ocsp.digicert.com/ HTTP/1.1" 200 947 "HTTP" ""
192.168.6.15 - jcarrillo [21/Aug/2021:09:52:28 -0500] "CONNECT kv601.prod.do.dsp.mp.microsoft.com:443 HTTP/1.1" 200 0 "HTTPS" "outgoing via 192.168.50.30"
192.168.6.15 - jcarrillo [21/Aug/2021:09:52:29 -0500] "CONNECT cp601.prod.do.dsp.mp.microsoft.com:443 HTTP/1.1" 200 0 "HTTPS" "outgoing via 192.168.50.30"
192.168.6.15 - jcarrillo [21/Aug/2021:09:52:31 -0500] "CONNECT v10.events.data.microsoft.com:443 HTTP/1.1" 200 0 "HTTPS" "outgoing via 192.168.50.30"
192.168.3.8 - aaronvega [21/Aug/2021:09:52:32 -0500] "CONNECT shavar.services.mozilla.com:443 HTTP/1.1" 200 0 "HTTPS" "outgoing via 192.168.50.30"
192.168.3.8 - aaronvega [21/Aug/2021:09:52:33 -0500] "POST http://ocsp.pki.goog/gts1o1core HTTP/1.1" 200 850 "HTTP" ""
192.168.3.8 - aaronvega [21/Aug/2021:09:52:33 -0500] "CONNECT i.ytimg.com:443 HTTP/1.1" 200 0 "HTTPS" "outgoing via 192.168.50.30"
192.168.3.8 - aaronvega [21/Aug/2021:09:52:34 -0500] "CONNECT fonts.googleapis.com:443 HTTP/1.1" 200 0 "HTTPS" "outgoing via 192.168.50.30"
192.168.3.8 - aaronvega [21/Aug/2021:09:52:34 -0500] "POST http://ocsp.pki.goog/gts1c3 HTTP/1.1" 200 849 "HTTP" ""
192.168.6.15 - jcarrillo [21/Aug/2021:09:52:34 -0500] "GET http://2.au.download.windowsupdate.com/c/msdownload/update/software/defu/2021/08/am_delta_patch_1.347.102.0_efe57ae7b0ab6020700115c9469b447ca1f9d4ed.exe HTTP/1.1" 200 414716 "HTTP" ""
192.168.10.20 - arodriguez [21/Aug/2021:09:52:34 -0500] "CONNECT relay-89970c8c.net.anydesk.com:80 HTTP/1.1" 200 0 "HTTPS" "outgoing via 192.168.50.30"
192.168.6.15 - jcarrillo [21/Aug/2021:09:52:35 -0500] "GET http://2.au.download.windowsupdate.com/c/msdownload/update/software/defu/2021/08/am_delta_patch_1.347.102.0_efe57ae7b0ab6020700115c9469b447ca1f9d4ed.exe HTTP/1.1" 200 1049149 "HTTP" ""
192.168.50.8 - arodriguez [21/Aug/2021:09:52:35 -0500] "GET http://update.eset.com/v3-eval-sta/mod_002_engine_50561/em002_32_l2.nup HTTP/1.1" 200 534777 "HTTP" ""
192.168.50.8 - arodriguez [21/Aug/2021:09:52:36 -0500] "HEAD http://update.eset.com/v3-eval-sta/mod_023_pegasus_25616/em023_32_l2.nup HTTP/1.1" 200 373 "HTTP" ""
192.168.50.8 - arodriguez [21/Aug/2021:09:52:36 -0500] "GET http://update.eset.com/v3-eval-sta/mod_023_pegasus_25616/em023_32_l2.nup HTTP/1.1" 200 43975 "HTTP" ""
192.168.50.8 - arodriguez [21/Aug/2021:09:52:36 -0500] "HEAD http://update.eset.com/v3-eval-sta/mod_002_engine_50561/em002_32_n1.nup HTTP/1.1" 200 371 "HTTP" ""
192.168.50.8 - arodriguez [21/Aug/2021:09:52:36 -0500] "GET http://update.eset.com/v3-eval-sta/mod_002_engine_50561/em002_32_n1.nup HTTP/1.1" 200 6927 "HTTP" ""
192.168.50.8 - arodriguez [21/Aug/2021:09:52:36 -0500] "HEAD http://update.eset.com/v3-eval-sta/mod_002_engine_50561/em002_32_n2.nup HTTP/1.1" 200 373 "HTTP" ""
192.168.50.8 - arodriguez [21/Aug/2021:09:52:36 -0500] "GET http://update.eset.com/v3-eval-sta/mod_002_engine_50561/em002_32_n2.nup HTTP/1.1" 200 13484 "HTTP" ""
192.168.50.8 - arodriguez [21/Aug/2021:09:52:36 -0500] "HEAD http://update.eset.com/v3-eval-sta/mod_002_engine_50561/em002_32_n3.nup HTTP/1.1" 200 373 "HTTP" ""
192.168.50.8 - arodriguez [21/Aug/2021:09:52:36 -0500] "GET http://update.eset.com/v3-eval-sta/mod_002_engine_50561/em002_32_n3.nup HTTP/1.1" 200 15304 "HTTP" ""
192.168.50.8 - arodriguez [21/Aug/2021:09:52:36 -0500] "HEAD http://update.eset.com/v3-eval-sta/mod_002_engine_50561/em002_32_n4.nup HTTP/1.1" 200 373 "HTTP" ""
192.168.50.8 - arodriguez [21/Aug/2021:09:52:36 -0500] "GET http://update.eset.com/v3-eval-sta/mod_002_engine_50561/em002_32_n4.nup HTTP/1.1" 200 19896 "HTTP" ""
192.168.50.8 - arodriguez [21/Aug/2021:09:52:36 -0500] "HEAD http://update.eset.com/v3-eval-sta/mod_002_engine_50561/em002_32_n5.nup HTTP/1.1" 200 373 "HTTP" ""
192.168.50.8 - arodriguez [21/Aug/2021:09:52:37 -0500] "GET http://update.eset.com/v3-eval-sta/mod_002_engine_50561/em002_32_n5.nup HTTP/1.1" 200 25649 "HTTP" ""
192.168.50.8 - arodriguez [21/Aug/2021:09:52:37 -0500] "HEAD http://update.eset.com/v3-eval-sta/mod_002_engine_50561/em002_32_n6.nup HTTP/1.1" 200 373 "HTTP" ""
192.168.50.8 - arodriguez [21/Aug/2021:09:52:37 -0500] "GET http://update.eset.com/v3-eval-sta/mod_002_engine_50561/em002_32_n6.nup HTTP/1.1" 200 31113 "HTTP" ""
192.168.50.8 - arodriguez [21/Aug/2021:09:52:37 -0500] "HEAD http://update.eset.com/v3-eval-sta/mod_002_engine_50561/em002_32_n7.nup HTTP/1.1" 200 373 "HTTP" ""
192.168.50.8 - arodriguez [21/Aug/2021:09:52:37 -0500] "GET http://update.eset.com/v3-eval-sta/mod_002_engine_50561/em002_32_n7.nup HTTP/1.1" 200 38025 "HTTP" ""
192.168.50.8 - arodriguez [21/Aug/2021:09:52:37 -0500] "HEAD http://update.eset.com/v3-eval-sta/mod_002_engine_50561/em002_32_n8.nup HTTP/1.1" 200 373 "HTTP" ""
192.168.50.8 - arodriguez [21/Aug/2021:09:52:37 -0500] "GET http://update.eset.com/v3-eval-sta/mod_002_engine_50561/em002_32_n8.nup HTTP/1.1" 200 42275 "HTTP" ""
192.168.50.8 - arodriguez [21/Aug/2021:09:52:37 -0500] "HEAD http://update.eset.com/v3-eval-sta/mod_002_engine_50561/em002_32_n9.nup HTTP/1.1" 200 373 "HTTP" ""
192.168.50.8 - arodriguez [21/Aug/2021:09:52:37 -0500] "GET http://update.eset.com/v3-eval-sta/mod_002_engine_50561/em002_32_n9.nup HTTP/1.1" 200 46463 "HTTP" ""
192.168.50.8 - arodriguez [21/Aug/2021:09:52:37 -0500] "HEAD http://update.eset.com/v3-eval-sta/mod_002_engine_50561/em002_32_n10.nup HTTP/1.1" 200 373 "HTTP" ""
192.168.50.8 - arodriguez [21/Aug/2021:09:52:38 -0500] "GET http://update.eset.com/v3-eval-sta/mod_002_engine_50561/em002_32_n10.nup HTTP/1.1" 200 53045 "HTTP" ""
192.168.50.8 - arodriguez [21/Aug/2021:09:52:38 -0500] "HEAD http://update.eset.com/v3-eval-sta/mod_002_engine_50561/em002_32_n11.nup HTTP/1.1" 200 373 "HTTP" ""
192.168.50.8 - arodriguez [21/Aug/2021:09:52:38 -0500] "GET http://update.eset.com/v3-eval-sta/mod_002_engine_50561/em002_32_n11.nup HTTP/1.1" 200 58263 "HTTP" ""
192.168.50.8 - arodriguez [21/Aug/2021:09:52:38 -0500] "HEAD http://update.eset.com/v3-eval-sta/mod_002_engine_50561/em002_32_n12.nup HTTP/1.1" 200 373 "HTTP" ""
192.168.50.8 - arodriguez [21/Aug/2021:09:52:38 -0500] "GET http://update.eset.com/v3-eval-sta/mod_002_engine_50561/em002_32_n12.nup HTTP/1.1" 200 63934 "HTTP" ""
192.168.50.8 - arodriguez [21/Aug/2021:09:52:38 -0500] "HEAD http://update.eset.com/v3-eval-sta/mod_002_engine_50561/em002_32_n13.nup HTTP/1.1" 200 374 "HTTP" ""
192.168.50.8 - arodriguez [21/Aug/2021:09:52:38 -0500] "GET http://update.eset.com/v3-eval-sta/mod_002_engine_50561/em002_32_n13.nup HTTP/1.1" 200 68220 "HTTP" ""
192.168.50.8 - arodriguez [21/Aug/2021:09:52:38 -0500] "HEAD http://update.eset.com/v3-eval-sta/mod_002_engine_50561/em002_32_n14.nup HTTP/1.1" 200 374 "HTTP" ""
192.168.50.8 - arodriguez [21/Aug/2021:09:52:38 -0500] "GET http://update.eset.com/v3-eval-sta/mod_002_engine_50561/em002_32_n14.nup HTTP/1.1" 200 71713 "HTTP" ""
192.168.50.8 - arodriguez [21/Aug/2021:09:52:38 -0500] "HEAD http://update.eset.com/v3-eval-sta/mod_002_engine_50561/em002_32_n15.nup HTTP/1.1" 200 374 "HTTP" ""
192.168.50.8 - arodriguez [21/Aug/2021:09:52:39 -0500] "GET http://update.eset.com/v3-eval-sta/mod_002_engine_50561/em002_32_n15.nup HTTP/1.1" 200 73536 "HTTP" ""
192.168.50.8 - arodriguez [21/Aug/2021:09:52:39 -0500] "HEAD http://update.eset.com/v3-eval-sta/mod_002_engine_50561/em002_32_n16.nup HTTP/1.1" 200 374 "HTTP" ""
192.168.50.8 - arodriguez [21/Aug/2021:09:52:39 -0500] "GET http://update.eset.com/v3-eval-sta/mod_002_engine_50561/em002_32_n16.nup HTTP/1.1" 200 77478 "HTTP" ""
192.168.50.8 - arodriguez [21/Aug/2021:09:52:39 -0500] "HEAD http://update.eset.com/v3-eval-sta/mod_002_engine_50561/em002_32_n17.nup HTTP/1.1" 200 374 "HTTP" ""
192.168.50.8 - arodriguez [21/Aug/2021:09:52:39 -0500] "GET http://update.eset.com/v3-eval-sta/mod_002_engine_50561/em002_32_n17.nup HTTP/1.1" 200 82277 "HTTP" ""
192.168.50.8 - arodriguez [21/Aug/2021:09:52:39 -0500] "HEAD http://update.eset.com/v3-eval-sta/mod_002_engine_50561/em002_32_n18.nup HTTP/1.1" 200 374 "HTTP" ""
192.168.50.8 - arodriguez [21/Aug/2021:09:52:39 -0500] "GET http://update.eset.com/v3-eval-sta/mod_002_engine_50561/em002_32_n18.nup HTTP/1.1" 200 88447 "HTTP" ""
192.168.50.8 - arodriguez [21/Aug/2021:09:52:40 -0500] "HEAD http://update.eset.com/v3-eval-sta/mod_002_engine_50561/em002_32_n19.nup HTTP/1.1" 200 374 "HTTP" ""
192.168.50.8 - arodriguez [21/Aug/2021:09:52:40 -0500] "GET http://update.eset.com/v3-eval-sta/mod_002_engine_50561/em002_32_n19.nup HTTP/1.1" 200 94694 "HTTP" ""
192.168.50.8 - arodriguez [21/Aug/2021:09:52:40 -0500] "HEAD http://update.eset.com/v3-eval-sta/mod_002_engine_50561/em002_32_n20.nup HTTP/1.1" 200 374 "HTTP" ""
192.168.50.8 - arodriguez [21/Aug/2021:09:52:40 -0500] "GET http://update.eset.com/v3-eval-sta/mod_002_engine_50561/em002_32_n20.nup HTTP/1.1" 200 98733 "HTTP" ""
192.168.50.8 - arodriguez [21/Aug/2021:09:52:40 -0500] "HEAD http://update.eset.com/v3-eval-sta/mod_023_pegasus_25616/em023_32_n1.nup HTTP/1.1" 200 372 "HTTP" ""
192.168.50.8 - arodriguez [21/Aug/2021:09:52:40 -0500] "GET http://update.eset.com/v3-eval-sta/mod_023_pegasus_25616/em023_32_n1.nup HTTP/1.1" 200 43980 "HTTP" ""
192.168.50.8 - arodriguez [21/Aug/2021:09:52:40 -0500] "HEAD http://update.eset.com/v3-eval-sta/mod_023_pegasus_25616/em023_32_n2.nup HTTP/1.1" 200 375 "HTTP" ""
192.168.50.8 - arodriguez [21/Aug/2021:09:52:40 -0500] "GET http://update.eset.com/v3-eval-sta/mod_023_pegasus_25616/em023_32_n2.nup HTTP/1.1" 200 147768 "HTTP" ""
192.168.50.8 - arodriguez [21/Aug/2021:09:52:40 -0500] "HEAD http://update.eset.com/v3-eval-sta/mod_023_pegasus_25616/em023_32_n3.nup HTTP/1.1" 200 375 "HTTP" ""
192.168.50.8 - arodriguez [21/Aug/2021:09:52:40 -0500] "GET http://update.eset.com/v3-eval-sta/mod_023_pegasus_25616/em023_32_n3.nup HTTP/1.1" 200 194780 "HTTP" ""
192.168.50.8 - arodriguez [21/Aug/2021:09:52:41 -0500] "HEAD http://update.eset.com/v3-eval-sta/mod_023_pegasus_25616/em023_32_n4.nup HTTP/1.1" 200 375 "HTTP" ""
192.168.50.8 - arodriguez [21/Aug/2021:09:52:41 -0500] "GET http://update.eset.com/v3-eval-sta/mod_023_pegasus_25616/em023_32_n4.nup HTTP/1.1" 200 243175 "HTTP" ""
192.168.3.8 - aaronvega [21/Aug/2021:09:52:41 -0500] "CONNECT fonts.gstatic.com:443 HTTP/1.1" 200 0 "HTTPS" "outgoing via 192.168.50.30"
192.168.50.8 - arodriguez [21/Aug/2021:09:52:41 -0500] "HEAD http://update.eset.com/v3-eval-sta/mod_023_pegasus_25616/em023_32_n5.nup HTTP/1.1" 200 375 "HTTP" ""
192.168.50.8 - arodriguez [21/Aug/2021:09:52:41 -0500] "GET http://update.eset.com/v3-eval-sta/mod_023_pegasus_25616/em023_32_n5.nup HTTP/1.1" 200 274614 "HTTP" ""
192.168.50.8 - arodriguez [21/Aug/2021:09:52:41 -0500] "HEAD http://update.eset.com/v3-eval-sta/mod_023_pegasus_25616/em023_32_n6.nup HTTP/1.1" 200 375 "HTTP" ""
192.168.50.8 - arodriguez [21/Aug/2021:09:52:41 -0500] "GET http://update.eset.com/v3-eval-sta/mod_023_pegasus_25616/em023_32_n6.nup HTTP/1.1" 200 310430 "HTTP" ""
192.168.50.8 - arodriguez [21/Aug/2021:09:52:41 -0500] "HEAD http://update.eset.com/v3-eval-sta/mod_023_pegasus_25616/em023_32_n7.nup HTTP/1.1" 200 375 "HTTP" ""
192.168.50.8 - arodriguez [21/Aug/2021:09:52:41 -0500] "GET http://update.eset.com/v3-eval-sta/mod_023_pegasus_25616/em023_32_n7.nup HTTP/1.1" 200 360024 "HTTP" ""
192.168.50.8 - arodriguez [21/Aug/2021:09:52:42 -0500] "HEAD http://update.eset.com/v3-eval-sta/mod_023_pegasus_25616/em023_32_n8.nup HTTP/1.1" 200 375 "HTTP" ""
192.168.50.8 - arodriguez [21/Aug/2021:09:52:42 -0500] "GET http://update.eset.com/v3-eval-sta/mod_023_pegasus_25616/em023_32_n8.nup HTTP/1.1" 200 468704 "HTTP" ""
192.168.50.8 - arodriguez [21/Aug/2021:09:52:42 -0500] "HEAD http://update.eset.com/v3-eval-sta/mod_023_pegasus_25616/em023_32_n9.nup HTTP/1.1" 200 375 "HTTP" ""
192.168.50.8 - arodriguez [21/Aug/2021:09:52:42 -0500] "GET http://update.eset.com/v3-eval-sta/mod_023_pegasus_25616/em023_32_n9.nup HTTP/1.1" 200 479651 "HTTP" ""
192.168.3.8 - aaronvega [21/Aug/2021:09:52:42 -0500] "POST http://ocsp.pki.goog/gts1o1core HTTP/1.1" 200 850 "HTTP" ""
192.168.50.8 - arodriguez [21/Aug/2021:09:52:42 -0500] "HEAD http://update.eset.com/v3-eval-sta/mod_023_pegasus_25616/em023_32_n10.nup HTTP/1.1" 200 375 "HTTP" ""
192.168.50.8 - arodriguez [21/Aug/2021:09:52:42 -0500] "GET http://update.eset.com/v3-eval-sta/mod_023_pegasus_25616/em023_32_n10.nup HTTP/1.1" 200 530833 "HTTP" ""
192.168.50.8 - arodriguez [21/Aug/2021:09:52:43 -0500] "HEAD http://update.eset.com/v3-eval-sta/mod_023_pegasus_25616/em023_32_n11.nup HTTP/1.1" 200 375 "HTTP" ""
192.168.6.15 - jcarrillo [21/Aug/2021:09:52:43 -0500] "CONNECT v10.events.data.microsoft.com:443 HTTP/1.1" 200 0 "HTTPS" "outgoing via 192.168.50.30"
192.168.50.8 - arodriguez [21/Aug/2021:09:52:43 -0500] "GET http://update.eset.com/v3-eval-sta/mod_023_pegasus_25616/em023_32_n11.nup HTTP/1.1" 200 565477 "HTTP" ""
192.168.50.8 - arodriguez [21/Aug/2021:09:52:43 -0500] "HEAD http://update.eset.com/v3-eval-sta/mod_023_pegasus_25616/em023_32_n12.nup HTTP/1.1" 200 375 "HTTP" ""
192.168.50.8 - arodriguez [21/Aug/2021:09:52:43 -0500] "GET http://update.eset.com/v3-eval-sta/mod_023_pegasus_25616/em023_32_n12.nup HTTP/1.1" 200 596280 "HTTP" ""
192.168.50.8 - arodriguez [21/Aug/2021:09:52:43 -0500] "HEAD http://update.eset.com/v3-eval-sta/mod_023_pegasus_25616/em023_32_n13.nup HTTP/1.1" 200 375 "HTTP" ""
192.168.50.8 - arodriguez [21/Aug/2021:09:52:43 -0500] "GET http://update.eset.com/v3-eval-sta/mod_023_pegasus_25616/em023_32_n13.nup HTTP/1.1" 200 639783 "HTTP" ""
192.168.50.8 - arodriguez [21/Aug/2021:09:52:43 -0500] "HEAD http://update.eset.com/v3-eval-sta/mod_023_pegasus_25616/em023_32_n14.nup HTTP/1.1" 200 375 "HTTP" ""
192.168.50.8 - arodriguez [21/Aug/2021:09:52:44 -0500] "GET http://update.eset.com/v3-eval-sta/mod_023_pegasus_25616/em023_32_n14.nup HTTP/1.1" 200 679115 "HTTP" ""
192.168.50.8 - arodriguez [21/Aug/2021:09:52:44 -0500] "HEAD http://update.eset.com/v3-eval-sta/mod_023_pegasus_25616/em023_32_n15.nup HTTP/1.1" 200 375 "HTTP" ""
192.168.50.8 - arodriguez [21/Aug/2021:09:52:44 -0500] "GET http://update.eset.com/v3-eval-sta/mod_023_pegasus_25616/em023_32_n15.nup HTTP/1.1" 200 718506 "HTTP" ""
192.168.50.8 - arodriguez [21/Aug/2021:09:52:44 -0500] "HEAD http://update.eset.com/v3-eval-sta/mod_023_pegasus_25616/em023_32_n16.nup HTTP/1.1" 200 375 "HTTP" ""
192.168.50.8 - arodriguez [21/Aug/2021:09:52:45 -0500] "GET http://update.eset.com/v3-eval-sta/mod_023_pegasus_25616/em023_32_n16.nup HTTP/1.1" 200 751439 "HTTP" ""
192.168.50.8 - arodriguez [21/Aug/2021:09:52:45 -0500] "HEAD http://update.eset.com/v3-eval-sta/mod_023_pegasus_25616/em023_32_n17.nup HTTP/1.1" 200 375 "HTTP" ""
192.168.50.8 - arodriguez [21/Aug/2021:09:52:45 -0500] "GET http://update.eset.com/v3-eval-sta/mod_023_pegasus_25616/em023_32_n17.nup HTTP/1.1" 200 847048 "HTTP" ""
192.168.50.8 - arodriguez [21/Aug/2021:09:52:45 -0500] "HEAD http://update.eset.com/v3-eval-sta/mod_023_pegasus_25616/em023_32_n18.nup HTTP/1.1" 200 375 "HTTP" ""
192.168.50.8 - arodriguez [21/Aug/2021:09:52:45 -0500] "GET http://update.eset.com/v3-eval-sta/mod_023_pegasus_25616/em023_32_n18.nup HTTP/1.1" 200 847047 "HTTP" ""
192.168.50.8 - arodriguez [21/Aug/2021:09:52:45 -0500] "HEAD http://update.eset.com/v3-eval-sta/mod_023_pegasus_25616/em023_32_n19.nup HTTP/1.1" 200 375 "HTTP" ""
192.168.50.8 - arodriguez [21/Aug/2021:09:52:46 -0500] "GET http://update.eset.com/v3-eval-sta/mod_023_pegasus_25616/em023_32_n19.nup HTTP/1.1" 200 856683 "HTTP" ""
192.168.50.8 - arodriguez [21/Aug/2021:09:52:46 -0500] "HEAD http://update.eset.com/v3-eval-sta/mod_023_pegasus_25616/em023_32_n20.nup HTTP/1.1" 200 375 "HTTP" ""
192.168.10.20 - arodriguez [21/Aug/2021:09:52:48 -0500] "CONNECT relay-98c2705c.net.anydesk.com:80 HTTP/1.1" 200 0 "HTTPS" "outgoing via 192.168.50.30"
192.168.3.8 - aaronvega [21/Aug/2021:09:52:48 -0500] "CONNECT aus5.mozilla.org:443 HTTP/1.1" 200 0 "HTTPS" "outgoing via 192.168.50.30"
192.168.3.8 - aaronvega [21/Aug/2021:09:52:49 -0500] "POST http://ocsp.pki.goog/gts1c3 HTTP/1.1" 200 850 "HTTP" ""
192.168.3.8 - aaronvega [21/Aug/2021:09:52:52 -0500] "CONNECT redirector.gvt1.com:443 HTTP/1.1" 200 0 "HTTPS" "outgoing via 192.168.50.30"
192.168.3.8 - aaronvega [21/Aug/2021:09:52:54 -0500] "CONNECT googleads.g.doubleclick.net:443 HTTP/1.1" 200 0 "HTTPS" "outgoing via 192.168.50.30"
192.168.3.8 - aaronvega [21/Aug/2021:09:52:54 -0500] "GET http://detectportal.firefox.com/canonical.html HTTP/1.1" 200 444 "HTTP" ""
192.168.3.8 - aaronvega [21/Aug/2021:09:52:54 -0500] "CONNECT r2---sn-xuxjn5-i58e.gvt1.com:443 HTTP/1.1" 200 0 "HTTPS" "outgoing via 192.168.50.30"
192.168.3.8 - aaronvega [21/Aug/2021:09:52:54 -0500] "POST http://ocsp.digicert.com/ HTTP/1.1" 200 946 "HTTP" ""
192.168.6.15 - jcarrillo [21/Aug/2021:09:52:54 -0500] "CONNECT v10.events.data.microsoft.com:443 HTTP/1.1" 200 0 "HTTPS" "outgoing via 192.168.50.30"
192.168.3.8 - aaronvega [21/Aug/2021:09:52:55 -0500] "CONNECT www.google.com:443 HTTP/1.1" 200 0 "HTTPS" "outgoing via 192.168.50.30"
192.168.3.8 - aaronvega [21/Aug/2021:09:52:55 -0500] "CONNECT yt3.ggpht.com:443 HTTP/1.1" 200 0 "HTTPS" "outgoing via 192.168.50.30"
192.168.3.8 - aaronvega [21/Aug/2021:09:52:55 -0500] "CONNECT www.google.com.cu:443 HTTP/1.1" 200 0 "HTTPS" "outgoing via 192.168.50.30"
192.168.3.8 - aaronvega [21/Aug/2021:09:52:55 -0500] "CONNECT yt3.ggpht.com:443 HTTP/1.1" 200 0 "HTTPS" "outgoing via 192.168.50.30"
192.168.3.8 - aaronvega [21/Aug/2021:09:52:55 -0500] "CONNECT yt3.ggpht.com:443 HTTP/1.1" 200 0 "HTTPS" "outgoing via 192.168.50.30"
192.168.3.8 - aaronvega [21/Aug/2021:09:52:55 -0500] "CONNECT yt3.ggpht.com:443 HTTP/1.1" 200 0 "HTTPS" "outgoing via 192.168.50.30"
192.168.3.8 - aaronvega [21/Aug/2021:09:52:55 -0500] "CONNECT yt3.ggpht.com:443 HTTP/1.1" 200 0 "HTTPS" "outgoing via 192.168.50.30"
192.168.3.8 - aaronvega [21/Aug/2021:09:52:55 -0500] "CONNECT yt3.ggpht.com:443 HTTP/1.1" 200 0 "HTTPS" "outgoing via 192.168.50.30"
192.168.3.8 - aaronvega [21/Aug/2021:09:52:56 -0500] "POST http://ocsp.pki.goog/gts1c3 HTTP/1.1" 200 849 "HTTP" ""
192.168.3.8 - aaronvega [21/Aug/2021:09:53:00 -0500] "CONNECT dl.google.com:443 HTTP/1.1" 200 0 "HTTPS" "outgoing via 192.168.50.30"
192.168.3.8 - aaronvega [21/Aug/2021:09:53:00 -0500] "CONNECT static.doubleclick.net:443 HTTP/1.1" 200 0 "HTTPS" "outgoing via 192.168.50.30"
192.168.3.8 - aaronvega [21/Aug/2021:09:53:02 -0500] "GET http://detectportal.firefox.com/success.txt?ipv4 HTTP/1.1" 200 362 "HTTP" ""
192.168.3.8 - aaronvega [21/Aug/2021:09:53:13 -0500] "CONNECT www.gstatic.com:443 HTTP/1.1" 200 0 "HTTPS" "outgoing via 192.168.50.30"
192.168.3.8 - aaronvega [21/Aug/2021:09:53:13 -0500] "CONNECT suggestqueries-clients6.youtube.com:443 HTTP/1.1" 200 0 "HTTPS" "outgoing via 192.168.50.30"
192.168.10.20 - arodriguez [21/Aug/2021:09:53:17 -0500] "CONNECT relay-98c2705c.net.anydesk.com:80 HTTP/1.1" 200 0 "HTTPS" "outgoing via 192.168.50.30"
192.168.3.8 - aaronvega [21/Aug/2021:09:53:35 -0500] "CONNECT r3---sn-xuxjn5-i58e.googlevideo.com:443 HTTP/1.1" 200 0 "HTTPS" "outgoing via 192.168.50.30"
192.168.3.8 - aaronvega [21/Aug/2021:09:53:35 -0500] "CONNECT r3---sn-xuxjn5-i58e.googlevideo.com:443 HTTP/1.1" 200 0 "HTTPS" "outgoing via 192.168.50.30"
192.168.3.8 - aaronvega [21/Aug/2021:09:53:35 -0500] "CONNECT r3---sn-xuxjn5-i58e.googlevideo.com:443 HTTP/1.1" 200 0 "HTTPS" "outgoing via 192.168.50.30"
192.168.10.20 - arodriguez [21/Aug/2021:09:53:46 -0500] "CONNECT relay-98c2705c.net.anydesk.com:80 HTTP/1.1" 200 0 "HTTPS" "outgoing via 192.168.50.30"
192.168.3.8 - aaronvega [21/Aug/2021:09:53:46 -0500] "CONNECT googleads.g.doubleclick.net:443 HTTP/1.1" 200 0 "HTTPS" "outgoing via 192.168.50.30"
192.168.3.8 - aaronvega [21/Aug/2021:09:53:47 -0500] "GET http://detectportal.firefox.com/canonical.html HTTP/1.1" 200 444 "HTTP" ""
192.168.3.8 - aaronvega [21/Aug/2021:09:53:47 -0500] "GET http://detectportal.firefox.com/success.txt?ipv4 HTTP/1.1" 200 362 "HTTP" ""
192.168.6.15 - jcarrillo [21/Aug/2021:09:53:57 -0500] "CONNECT settings-win.data.microsoft.com:443 HTTP/1.1" 200 0 "HTTPS" "outgoing via 192.168.50.30"
192.168.6.15 - jcarrillo [21/Aug/2021:09:53:57 -0500] "CONNECT settings-win.data.microsoft.com:443 HTTP/1.1" 200 0 "HTTPS" "outgoing via 192.168.50.30"
192.168.6.15 - jcarrillo [21/Aug/2021:09:53:58 -0500] "CONNECT incoming.telemetry.mozilla.org:443 HTTP/1.0" 200 0 "HTTPS" "outgoing via 192.168.50.30"
192.168.6.15 - jcarrillo [21/Aug/2021:09:53:59 -0500] "CONNECT settings-win.data.microsoft.com:443 HTTP/1.1" 200 0 "HTTPS" "outgoing via 192.168.50.30"
192.168.6.15 - jcarrillo [21/Aug/2021:09:54:01 -0500] "CONNECT v10.events.data.microsoft.com:443 HTTP/1.1" 200 0 "HTTPS" "outgoing via 192.168.50.30"
192.168.6.15 - jcarrillo [21/Aug/2021:09:54:03 -0500] "CONNECT v10.events.data.microsoft.com:443 HTTP/1.1" 200 0 "HTTPS" "outgoing via 192.168.50.30"
192.168.10.20 - arodriguez [21/Aug/2021:09:54:15 -0500] "CONNECT relay-98c2705c.net.anydesk.com:80 HTTP/1.1" 200 0 "HTTPS" "outgoing via 192.168.50.30"
192.168.3.8 - aaronvega [21/Aug/2021:09:54:33 -0500] "POST http://ocsp.digicert.com/ HTTP/1.1" 200 947 "HTTP" ""
192.168.6.15 - jcarrillo [21/Aug/2021:09:54:40 -0500] "CONNECT g.live.com:443 HTTP/1.0" 200 0 "HTTPS" "outgoing via 192.168.50.30"
192.168.6.15 - jcarrillo [21/Aug/2021:09:54:41 -0500] "CONNECT oneclient.sfx.ms:443 HTTP/1.0" 200 0 "HTTPS" "outgoing via 192.168.50.30"
192.168.10.20 - arodriguez [21/Aug/2021:09:54:44 -0500] "CONNECT relay-98c2705c.net.anydesk.com:80 HTTP/1.1" 200 0 "HTTPS" "outgoing via 192.168.50.30"
192.168.3.8 - aaronvega [21/Aug/2021:09:54:54 -0500] "POST http://ocsp.pki.goog/gts1c3 HTTP/1.1" 200 849 "HTTP" ""
192.168.3.8 - aaronvega [21/Aug/2021:09:54:55 -0500] "CONNECT googleads.g.doubleclick.net:443 HTTP/1.1" 200 0 "HTTPS" "outgoing via 192.168.50.30"
192.168.3.8 - aaronvega [21/Aug/2021:09:54:55 -0500] "GET http://detectportal.firefox.com/canonical.html HTTP/1.1" 200 444 "HTTP" ""
192.168.3.8 - aaronvega [21/Aug/2021:09:54:56 -0500] "POST http://ocsp.pki.goog/gts1c3 HTTP/1.1" 200 850 "HTTP" ""
192.168.3.8 - aaronvega [21/Aug/2021:09:54:57 -0500] "POST http://ocsp.pki.goog/gts1c3 HTTP/1.1" 200 850 "HTTP" ""
192.168.3.8 - aaronvega [21/Aug/2021:09:54:57 -0500] "POST http://ocsp.pki.goog/gts1c3 HTTP/1.1" 200 850 "HTTP" ""
192.168.3.8 - aaronvega [21/Aug/2021:09:54:57 -0500] "POST http://ocsp.pki.goog/gts1c3 HTTP/1.1" 200 850 "HTTP" ""
192.168.3.8 - aaronvega [21/Aug/2021:09:54:57 -0500] "POST http://ocsp.pki.goog/gts1c3 HTTP/1.1" 200 849 "HTTP" ""
192.168.10.20 - arodriguez [21/Aug/2021:09:54:57 -0500] "CONNECT relay-54e66660.net.anydesk.com:80 HTTP/1.1" 200 0 "HTTPS" "outgoing via 192.168.50.30"
192.168.3.8 - aaronvega [21/Aug/2021:09:55:00 -0500] "GET http://detectportal.firefox.com/success.txt?ipv4 HTTP/1.1" 200 362 "HTTP" ""
192.168.6.15 - jcarrillo [21/Aug/2021:09:55:04 -0500] "CONNECT settings-win.data.microsoft.com:443 HTTP/1.1" 200 0 "HTTPS" "outgoing via 192.168.50.30"
192.168.6.15 - jcarrillo [21/Aug/2021:09:55:23 -0500] "CONNECT g.live.com:443 HTTP/1.0" 200 0 "HTTPS" "outgoing via 192.168.50.30"
192.168.10.20 - arodriguez [21/Aug/2021:09:55:26 -0500] "CONNECT relay-54e66660.net.anydesk.com:80 HTTP/1.1" 200 0 "HTTPS" "outgoing via 192.168.50.30"
192.168.10.20 - arodriguez [21/Aug/2021:09:55:55 -0500] "CONNECT relay-54e66660.net.anydesk.com:80 HTTP/1.1" 200 0 "HTTPS" "outgoing via 192.168.50.30"
192.168.10.20 - arodriguez [21/Aug/2021:09:56:24 -0500] "CONNECT relay-54e66660.net.anydesk.com:80 HTTP/1.1" 200 0 "HTTPS" "outgoing via 192.168.50.30"
192.168.10.20 - arodriguez [21/Aug/2021:09:56:38 -0500] "CONNECT relay-5f045e20.net.anydesk.com:80 HTTP/1.1" 200 0 "HTTPS" "outgoing via 192.168.50.30"
192.168.3.8 - aaronvega [21/Aug/2021:09:56:57 -0500] "CONNECT googleads.g.doubleclick.net:443 HTTP/1.1" 200 0 "HTTPS" "outgoing via 192.168.50.30"
192.168.3.8 - aaronvega [21/Aug/2021:09:56:59 -0500] "GET http://detectportal.firefox.com/success.txt?ipv4 HTTP/1.1" 200 362 "HTTP" ""
192.168.3.8 - aaronvega [21/Aug/2021:09:57:03 -0500] "CONNECT i.ytimg.com:443 HTTP/1.1" 200 0 "HTTPS" "outgoing via 192.168.50.30"
192.168.10.20 - arodriguez [21/Aug/2021:09:57:07 -0500] "CONNECT relay-5f045e20.net.anydesk.com:80 HTTP/1.1" 200 0 "HTTPS" "outgoing via 192.168.50.30"
192.168.10.20 - arodriguez [21/Aug/2021:09:57:36 -0500] "CONNECT relay-5f045e20.net.anydesk.com:80 HTTP/1.1" 200 0 "HTTPS" "outgoing via 192.168.50.30"
192.168.10.20 - arodriguez [21/Aug/2021:09:57:49 -0500] "CONNECT relay-a54c6d92.net.anydesk.com:80 HTTP/1.1" 200 0 "HTTPS" "outgoing via 192.168.50.30"
192.168.10.20 - arodriguez [21/Aug/2021:09:58:18 -0500] "CONNECT relay-a54c6d92.net.anydesk.com:80 HTTP/1.1" 200 0 "HTTPS" "outgoing via 192.168.50.30"
192.168.3.8 - aaronvega [21/Aug/2021:09:58:33 -0500] "CONNECT normandy.cdn.mozilla.net:443 HTTP/1.1" 200 0 "HTTPS" "outgoing via 192.168.50.30"
192.168.3.8 - aaronvega [21/Aug/2021:09:58:36 -0500] "CONNECT classify-client.services.mozilla.com:443 HTTP/1.1" 200 0 "HTTPS" "outgoing via 192.168.50.30"
192.168.10.20 - arodriguez [21/Aug/2021:09:58:47 -0500] "CONNECT relay-a54c6d92.net.anydesk.com:80 HTTP/1.1" 200 0 "HTTPS" "outgoing via 192.168.50.30"
192.168.10.20 - arodriguez [21/Aug/2021:09:59:01 -0500] "CONNECT relay-8897650c.net.anydesk.com:80 HTTP/1.1" 200 0 "HTTPS" "outgoing via 192.168.50.30"
192.168.10.20 - arodriguez [21/Aug/2021:09:59:30 -0500] "CONNECT relay-8897650c.net.anydesk.com:80 HTTP/1.1" 200 0 "HTTPS" "outgoing via 192.168.50.30"
192.168.10.20 - arodriguez [21/Aug/2021:09:59:59 -0500] "CONNECT relay-8897650c.net.anydesk.com:80 HTTP/1.1" 200 0 "HTTPS" "outgoing via 192.168.50.30"
192.168.3.8 - aaronvega [21/Aug/2021:10:00:06 -0500] "CONNECT r3---sn-hp57kn6y.googlevideo.com:443 HTTP/1.1" 200 0 "HTTPS" "outgoing via 192.168.50.30"
192.168.3.8 - aaronvega [21/Aug/2021:10:00:07 -0500] "CONNECT r3---sn-hp57kn6y.googlevideo.com:443 HTTP/1.1" 200 0 "HTTPS" "outgoing via 192.168.50.30"
192.168.3.8 - aaronvega [21/Aug/2021:10:00:10 -0500] "CONNECT r1---sn-hp57kn6y.googlevideo.com:443 HTTP/1.1" 200 0 "HTTPS" "outgoing via 192.168.50.30"
192.168.3.8 - aaronvega [21/Aug/2021:10:00:14 -0500] "CONNECT r3---sn-xuxjn5-i58e.googlevideo.com:443 HTTP/1.1" 200 0 "HTTPS" "outgoing via 192.168.50.30"
192.168.3.8 - aaronvega [21/Aug/2021:10:00:15 -0500] "POST http://ocsp.pki.goog/gts1c3 HTTP/1.1" 200 850 "HTTP" ""
192.168.3.8 - aaronvega [21/Aug/2021:10:00:15 -0500] "CONNECT www.youtube.com:443 HTTP/1.1" 200 0 "HTTPS" "outgoing via 192.168.50.30"
192.168.10.20 - arodriguez [21/Aug/2021:10:00:27 -0500] "CONNECT relay-8897650c.net.anydesk.com:80 HTTP/1.1" 200 0 "HTTPS" "outgoing via 192.168.50.30"
192.168.3.8 - aaronvega [21/Aug/2021:10:00:33 -0500] "CONNECT aus5.mozilla.org:443 HTTP/1.1" 200 0 "HTTPS" "outgoing via 192.168.50.30"
192.168.3.8 - aaronvega [21/Aug/2021:10:00:34 -0500] "POST http://ocsp.pki.goog/gts1c3 HTTP/1.1" 200 849 "HTTP" ""
192.168.3.8 - aaronvega [21/Aug/2021:10:00:34 -0500] "CONNECT r3---sn-xuxjn5-i58e.googlevideo.com:443 HTTP/1.1" 200 0 "HTTPS" "outgoing via 192.168.50.30"
192.168.3.8 - aaronvega [21/Aug/2021:10:00:39 -0500] "CONNECT i.ytimg.com:443 HTTP/1.1" 200 0 "HTTPS" "outgoing via 192.168.50.30"
192.168.3.8 - aaronvega [21/Aug/2021:10:00:39 -0500] "CONNECT i.ytimg.com:443 HTTP/1.1" 200 0 "HTTPS" "outgoing via 192.168.50.30"
192.168.3.8 - aaronvega [21/Aug/2021:10:00:41 -0500] "CONNECT i.ytimg.com:443 HTTP/1.1" 200 0 "HTTPS" "outgoing via 192.168.50.30"
192.168.10.20 - arodriguez [21/Aug/2021:10:00:56 -0500] "CONNECT relay-8897650c.net.anydesk.com:80 HTTP/1.1" 200 0 "HTTPS" "outgoing via 192.168.50.30"
192.168.10.20 - arodriguez [21/Aug/2021:10:01:10 -0500] "CONNECT relay-629d065f.net.anydesk.com:80 HTTP/1.1" 200 0 "HTTPS" "outgoing via 192.168.50.30"
192.168.10.20 - arodriguez [21/Aug/2021:10:01:39 -0500] "CONNECT relay-629d065f.net.anydesk.com:80 HTTP/1.1" 200 0 "HTTPS" "outgoing via 192.168.50.30"
192.168.10.20 - arodriguez [21/Aug/2021:10:02:08 -0500] "CONNECT relay-629d065f.net.anydesk.com:80 HTTP/1.1" 200 0 "HTTPS" "outgoing via 192.168.50.30"
192.168.10.20 - arodriguez [21/Aug/2021:10:02:37 -0500] "CONNECT relay-629d065f.net.anydesk.com:80 HTTP/1.1" 200 0 "HTTPS" "outgoing via 192.168.50.30"
192.168.3.8 - aaronvega [21/Aug/2021:10:02:46 -0500] "CONNECT i.ytimg.com:443 HTTP/1.1" 200 0 "HTTPS" "outgoing via 192.168.50.30"
192.168.3.8 - aaronvega [21/Aug/2021:10:02:50 -0500] "CONNECT r2---sn-xuxjn5-i58e.googlevideo.com:443 HTTP/1.1" 200 0 "HTTPS" "outgoing via 192.168.50.30"
192.168.3.8 - aaronvega [21/Aug/2021:10:02:50 -0500] "CONNECT r2---sn-xuxjn5-i58e.googlevideo.com:443 HTTP/1.1" 200 0 "HTTPS" "outgoing via 192.168.50.30"
192.168.3.8 - aaronvega [21/Aug/2021:10:02:50 -0500] "POST http://ocsp.pki.goog/gts1c3 HTTP/1.1" 200 849 "HTTP" ""
192.168.10.20 - arodriguez [21/Aug/2021:10:02:50 -0500] "CONNECT relay-8b8e1425.net.anydesk.com:80 HTTP/1.1" 200 0 "HTTPS" "outgoing via 192.168.50.30"
192.168.3.8 - aaronvega [21/Aug/2021:10:02:53 -0500] "CONNECT www.google.com:443 HTTP/1.1" 200 0 "HTTPS" "outgoing via 192.168.50.30"
192.168.3.8 - aaronvega [21/Aug/2021:10:02:55 -0500] "CONNECT googleads.g.doubleclick.net:443 HTTP/1.1" 200 0 "HTTPS" "outgoing via 192.168.50.30"
192.168.3.8 - aaronvega [21/Aug/2021:10:02:55 -0500] "POST http://ocsp.pki.goog/gts1c3 HTTP/1.1" 200 849 "HTTP" ""
192.168.3.8 - aaronvega [21/Aug/2021:10:02:57 -0500] "CONNECT www.google.com.cu:443 HTTP/1.1" 200 0 "HTTPS" "outgoing via 192.168.50.30"
192.168.3.8 - aaronvega [21/Aug/2021:10:02:59 -0500] "POST http://ocsp.pki.goog/gts1c3 HTTP/1.1" 200 850 "HTTP" ""
192.168.10.20 - arodriguez [21/Aug/2021:10:03:19 -0500] "CONNECT relay-8b8e1425.net.anydesk.com:80 HTTP/1.1" 200 0 "HTTPS" "outgoing via 192.168.50.30"
192.168.10.20 - arodriguez [21/Aug/2021:10:03:48 -0500] "CONNECT relay-8b8e1425.net.anydesk.com:80 HTTP/1.1" 200 0 "HTTPS" "outgoing via 192.168.50.30"
192.168.10.20 - arodriguez [21/Aug/2021:10:04:17 -0500] "CONNECT relay-8b8e1425.net.anydesk.com:80 HTTP/1.1" 200 0 "HTTPS" "outgoing via 192.168.50.30"
192.168.10.20 - arodriguez [21/Aug/2021:10:04:46 -0500] "CONNECT relay-8b8e1425.net.anydesk.com:80 HTTP/1.1" 200 0 "HTTPS" "outgoing via 192.168.50.30"
192.168.3.8 - aaronvega [21/Aug/2021:10:04:56 -0500] "GET http://detectportal.firefox.com/success.txt?ipv4 HTTP/1.1" 200 362 "HTTP" ""
192.168.3.8 - aaronvega [21/Aug/2021:10:04:59 -0500] "POST http://ocsp.pki.goog/gts1c3 HTTP/1.1" 200 849 "HTTP" ""
192.168.10.20 - arodriguez [21/Aug/2021:10:05:15 -0500] "CONNECT relay-8b8e1425.net.anydesk.com:80 HTTP/1.1" 200 0 "HTTPS" "outgoing via 192.168.50.30"
192.168.10.20 - arodriguez [21/Aug/2021:10:05:44 -0500] "CONNECT relay-8b8e1425.net.anydesk.com:80 HTTP/1.1" 200 0 "HTTPS" "outgoing via 192.168.50.30"
192.168.6.15 - jcarrillo [21/Aug/2021:10:05:55 -0500] "CONNECT v10.events.data.microsoft.com:443 HTTP/1.1" 200 0 "HTTPS" "outgoing via 192.168.50.30"
192.168.3.8 - aaronvega [21/Aug/2021:10:05:57 -0500] "CONNECT i.ytimg.com:443 HTTP/1.1" 200 0 "HTTPS" "outgoing via 192.168.50.30"
192.168.10.20 - arodriguez [21/Aug/2021:10:05:58 -0500] "CONNECT relay-dbede8d2.net.anydesk.com:80 HTTP/1.1" 200 0 "HTTPS" "outgoing via 192.168.50.30"
192.168.6.15 - jcarrillo [21/Aug/2021:10:06:02 -0500] "CONNECT v10.events.data.microsoft.com:443 HTTP/1.1" 200 0 "HTTPS" "outgoing via 192.168.50.30"
192.168.10.20 - arodriguez [21/Aug/2021:10:06:27 -0500] "CONNECT relay-dbede8d2.net.anydesk.com:80 HTTP/1.1" 200 0 "HTTPS" "outgoing via 192.168.50.30"
192.168.3.8 - aaronvega [21/Aug/2021:10:06:33 -0500] "CONNECT firefox.settings.services.mozilla.com:443 HTTP/1.1" 200 0 "HTTPS" "outgoing via 192.168.50.30"
192.168.3.8 - aaronvega [21/Aug/2021:10:06:36 -0500] "CONNECT www.youtube.com:443 HTTP/1.1" 200 0 "HTTPS" "outgoing via 192.168.50.30"
192.168.3.8 - aaronvega [21/Aug/2021:10:06:40 -0500] "CONNECT www.youtube.com:443 HTTP/1.1" 200 0 "HTTPS" "outgoing via 192.168.50.30"
192.168.10.20 - arodriguez [21/Aug/2021:10:06:56 -0500] "CONNECT relay-dbede8d2.net.anydesk.com:80 HTTP/1.1" 200 0 "HTTPS" "outgoing via 192.168.50.30"
192.168.3.8 - aaronvega [21/Aug/2021:10:07:10 -0500] "CONNECT r2---sn-xuxjn5-i58e.googlevideo.com:443 HTTP/1.1" 200 0 "HTTPS" "outgoing via 192.168.50.30"
192.168.10.20 - arodriguez [21/Aug/2021:10:07:25 -0500] "CONNECT relay-dbede8d2.net.anydesk.com:80 HTTP/1.1" 200 0 "HTTPS" "outgoing via 192.168.50.30"
192.168.10.20 - arodriguez [21/Aug/2021:10:07:54 -0500] "CONNECT relay-dbede8d2.net.anydesk.com:80 HTTP/1.1" 200 0 "HTTPS" "outgoing via 192.168.50.30"
192.168.10.20 - arodriguez [21/Aug/2021:10:08:07 -0500] "CONNECT relay-1cb4b08e.net.anydesk.com:80 HTTP/1.1" 200 0 "HTTPS" "outgoing via 192.168.50.30"
192.168.3.8 - aaronvega [21/Aug/2021:10:08:33 -0500] "CONNECT services.addons.mozilla.org:443 HTTP/1.1" 200 0 "HTTPS" "outgoing via 192.168.50.30"
192.168.3.8 - aaronvega [21/Aug/2021:10:08:34 -0500] "POST http://ocsp.pki.goog/gts1c3 HTTP/1.1" 200 849 "HTTP" ""
192.168.3.8 - aaronvega [21/Aug/2021:10:08:35 -0500] "CONNECT versioncheck-bg.addons.mozilla.org:443 HTTP/1.1" 200 0 "HTTPS" "outgoing via 192.168.50.30"
192.168.3.8 - aaronvega [21/Aug/2021:10:08:35 -0500] "CONNECT versioncheck-bg.addons.mozilla.org:443 HTTP/1.1" 200 0 "HTTPS" "outgoing via 192.168.50.30"
192.168.10.20 - arodriguez [21/Aug/2021:10:08:36 -0500] "CONNECT relay-1cb4b08e.net.anydesk.com:80 HTTP/1.1" 200 0 "HTTPS" "outgoing via 192.168.50.30"
192.168.3.8 - aaronvega [21/Aug/2021:10:08:37 -0500] "CONNECT aus5.mozilla.org:443 HTTP/1.1" 200 0 "HTTPS" "outgoing via 192.168.50.30"
192.168.3.8 - aaronvega [21/Aug/2021:10:08:37 -0500] "POST http://ocsp.digicert.com/ HTTP/1.1" 200 947 "HTTP" ""
192.168.10.20 - arodriguez [21/Aug/2021:10:09:05 -0500] "CONNECT relay-1cb4b08e.net.anydesk.com:80 HTTP/1.1" 200 0 "HTTPS" "outgoing via 192.168.50.30"
192.168.10.20 - arodriguez [21/Aug/2021:10:09:18 -0500] "CONNECT relay-b51eac1f.net.anydesk.com:80 HTTP/1.1" 200 0 "HTTPS" "outgoing via 192.168.50.30"
192.168.3.8 - aaronvega [21/Aug/2021:10:09:27 -0500] "CONNECT i.ytimg.com:443 HTTP/1.1" 200 0 "HTTPS" "outgoing via 192.168.50.30"
192.168.10.20 - arodriguez [21/Aug/2021:10:09:47 -0500] "CONNECT relay-b51eac1f.net.anydesk.com:80 HTTP/1.1" 200 0 "HTTPS" "outgoing via 192.168.50.30"
192.168.10.20 - arodriguez [21/Aug/2021:10:10:16 -0500] "CONNECT relay-b51eac1f.net.anydesk.com:80 HTTP/1.1" 200 0 "HTTPS" "outgoing via 192.168.50.30"
192.168.10.20 - arodriguez [21/Aug/2021:10:10:45 -0500] "CONNECT relay-b51eac1f.net.anydesk.com:80 HTTP/1.1" 200 0 "HTTPS" "outgoing via 192.168.50.30"
192.168.3.8 - aaronvega [21/Aug/2021:10:10:55 -0500] "CONNECT yt3.ggpht.com:443 HTTP/1.1" 200 0 "HTTPS" "outgoing via 192.168.50.30"
192.168.3.8 - aaronvega [21/Aug/2021:10:10:55 -0500] "CONNECT yt3.ggpht.com:443 HTTP/1.1" 200 0 "HTTPS" "outgoing via 192.168.50.30"
192.168.3.8 - aaronvega [21/Aug/2021:10:10:55 -0500] "CONNECT yt3.ggpht.com:443 HTTP/1.1" 200 0 "HTTPS" "outgoing via 192.168.50.30"
192.168.3.8 - aaronvega [21/Aug/2021:10:10:55 -0500] "CONNECT yt3.ggpht.com:443 HTTP/1.1" 200 0 "HTTPS" "outgoing via 192.168.50.30"
192.168.3.8 - aaronvega [21/Aug/2021:10:10:59 -0500] "CONNECT r1---sn-xuxjn5-i58e.googlevideo.com:443 HTTP/1.1" 200 0 "HTTPS" "outgoing via 192.168.50.30"
192.168.3.8 - aaronvega [21/Aug/2021:10:11:00 -0500] "CONNECT r1---sn-xuxjn5-i58e.googlevideo.com:443 HTTP/1.1" 200 0 "HTTPS" "outgoing via 192.168.50.30"
192.168.3.8 - aaronvega [21/Aug/2021:10:11:00 -0500] "CONNECT r1---sn-xuxjn5-i58e.googlevideo.com:443 HTTP/1.1" 200 0 "HTTPS" "outgoing via 192.168.50.30"
192.168.3.8 - aaronvega [21/Aug/2021:10:11:00 -0500] "POST http://ocsp.pki.goog/gts1c3 HTTP/1.1" 200 850 "HTTP" ""
192.168.3.8 - aaronvega [21/Aug/2021:10:11:00 -0500] "POST http://ocsp.pki.goog/gts1c3 HTTP/1.1" 200 850 "HTTP" ""
192.168.3.8 - aaronvega [21/Aug/2021:10:11:00 -0500] "POST http://ocsp.pki.goog/gts1c3 HTTP/1.1" 200 850 "HTTP" ""
192.168.3.8 - aaronvega [21/Aug/2021:10:11:07 -0500] "CONNECT www.google.com:443 HTTP/1.1" 200 0 "HTTPS" "outgoing via 192.168.50.30"
192.168.3.8 - aaronvega [21/Aug/2021:10:11:08 -0500] "CONNECT googleads.g.doubleclick.net:443 HTTP/1.1" 200 0 "HTTPS" "outgoing via 192.168.50.30"
192.168.3.8 - aaronvega [21/Aug/2021:10:11:11 -0500] "CONNECT www.google.com.cu:443 HTTP/1.1" 200 0 "HTTPS" "outgoing via 192.168.50.30"
192.168.10.20 - arodriguez [21/Aug/2021:10:11:14 -0500] "CONNECT relay-b51eac1f.net.anydesk.com:80 HTTP/1.1" 200 0 "HTTPS" "outgoing via 192.168.50.30"
192.168.3.8 - aaronvega [21/Aug/2021:10:11:24 -0500] "CONNECT r1---sn-hp57kn6s.googlevideo.com:443 HTTP/1.1" 200 0 "HTTPS" "outgoing via 192.168.50.30"
192.168.10.20 - arodriguez [21/Aug/2021:10:11:43 -0500] "CONNECT relay-b51eac1f.net.anydesk.com:80 HTTP/1.1" 200 0 "HTTPS" "outgoing via 192.168.50.30"
192.168.10.20 - arodriguez [21/Aug/2021:10:12:12 -0500] "CONNECT relay-b51eac1f.net.anydesk.com:80 HTTP/1.1" 200 0 "HTTPS" "outgoing via 192.168.50.30"
192.168.10.20 - arodriguez [21/Aug/2021:10:12:26 -0500] "CONNECT relay-096fe6d0.net.anydesk.com:80 HTTP/1.1" 200 0 "HTTPS" "outgoing via 192.168.50.30"
192.168.50.50 - servidores [21/Aug/2021:10:12:37 -0500] "CONNECT mirrors.fedoraproject.org:443 HTTP/1.1" 200 0 "HTTPS" "outgoing via 192.168.50.30"
192.168.50.50 - servidores [21/Aug/2021:10:12:43 -0500] "CONNECT mir01.syntis.net:443 HTTP/1.1" 200 0 "HTTPS" "outgoing via 192.168.50.30"
192.168.50.50 - servidores [21/Aug/2021:10:12:44 -0500] "GET http://mirror.uepg.br/centos/7.9.2009/extras/x86_64/repodata/repomd.xml HTTP/1.1" 200 3468 "HTTP" ""
192.168.10.20 - arodriguez [21/Aug/2021:10:12:54 -0500] "CONNECT relay-096fe6d0.net.anydesk.com:80 HTTP/1.1" 200 0 "HTTPS" "outgoing via 192.168.50.30"
192.168.10.20 - arodriguez [21/Aug/2021:10:13:23 -0500] "CONNECT relay-096fe6d0.net.anydesk.com:80 HTTP/1.1" 200 0 "HTTPS" "outgoing via 192.168.50.30"
192.168.10.20 - arodriguez [21/Aug/2021:10:13:52 -0500] "CONNECT relay-096fe6d0.net.anydesk.com:80 HTTP/1.1" 200 0 "HTTPS" "outgoing via 192.168.50.30"
192.168.10.20 - arodriguez [21/Aug/2021:10:14:21 -0500] "CONNECT relay-096fe6d0.net.anydesk.com:80 HTTP/1.1" 200 0 "HTTPS" "outgoing via 192.168.50.30"
