192.168.1.15 - adrianamg [14/Aug/2021:08:58:53 -0500] "GET http://detectportal.firefox.com/success.txt?ipv4 HTTP/1.1" 200 362 "HTTP" ""
192.168.1.15 - adrianamg [14/Aug/2021:08:59:02 -0500] "CONNECT keygencloud.com:443 HTTP/1.1" 200 0 "HTTPS" "outgoing via 192.168.50.30"
192.168.1.15 - adrianamg [14/Aug/2021:08:59:19 -0500] "CONNECT mail.google.com:443 HTTP/1.1" 200 0 "HTTPS" "outgoing via 192.168.50.30"
192.168.1.15 - adrianamg [14/Aug/2021:08:59:20 -0500] "CONNECT mail.google.com:443 HTTP/1.1" 200 0 "HTTPS" "outgoing via 192.168.50.30"
192.168.1.15 - adrianamg [14/Aug/2021:08:59:21 -0500] "CONNECT mail.google.com:443 HTTP/1.1" 200 0 "HTTPS" "outgoing via 192.168.50.30"
192.168.1.15 - adrianamg [14/Aug/2021:08:59:23 -0500] "CONNECT mail.google.com:443 HTTP/1.1" 200 0 "HTTPS" "outgoing via 192.168.50.30"
192.168.1.15 - adrianamg [14/Aug/2021:08:59:24 -0500] "CONNECT mail.google.com:443 HTTP/1.1" 200 0 "HTTPS" "outgoing via 192.168.50.30"
192.168.1.15 - adrianamg [14/Aug/2021:08:59:26 -0500] "CONNECT mail.google.com:443 HTTP/1.1" 200 0 "HTTPS" "outgoing via 192.168.50.30"
192.168.1.15 - adrianamg [14/Aug/2021:08:59:32 -0500] "CONNECT safebrowsing.googleapis.com:443 HTTP/1.1" 200 0 "HTTPS" "outgoing via 192.168.50.30"
192.168.1.15 - adrianamg [14/Aug/2021:08:59:34 -0500] "CONNECT www.programasvirtualespc.net:443 HTTP/1.1" 200 0 "HTTPS" "outgoing via 192.168.50.30"
192.168.1.15 - adrianamg [14/Aug/2021:08:59:35 -0500] "CONNECT encrypted-tbn2.gstatic.com:443 HTTP/1.1" 200 0 "HTTPS" "outgoing via 192.168.50.30"
192.168.1.15 - adrianamg [14/Aug/2021:08:59:36 -0500] "CONNECT static.mailerlite.com:443 HTTP/1.1" 200 0 "HTTPS" "outgoing via 192.168.50.30"
192.168.1.15 - adrianamg [14/Aug/2021:08:59:36 -0500] "CONNECT www.programasvirtualespc.net:443 HTTP/1.1" 200 0 "HTTPS" "outgoing via 192.168.50.30"
192.168.1.15 - adrianamg [14/Aug/2021:08:59:36 -0500] "CONNECT stats.wp.com:443 HTTP/1.1" 200 0 "HTTPS" "outgoing via 192.168.50.30"
192.168.1.15 - adrianamg [14/Aug/2021:08:59:36 -0500] "CONNECT www.programasvirtualespc.net:443 HTTP/1.1" 200 0 "HTTPS" "outgoing via 192.168.50.30"
192.168.1.15 - adrianamg [14/Aug/2021:08:59:36 -0500] "CONNECT www.programasvirtualespc.net:443 HTTP/1.1" 200 0 "HTTPS" "outgoing via 192.168.50.30"
192.168.1.15 - adrianamg [14/Aug/2021:08:59:37 -0500] "CONNECT www.programasvirtualespc.net:443 HTTP/1.1" 200 0 "HTTPS" "outgoing via 192.168.50.30"
192.168.1.15 - adrianamg [14/Aug/2021:08:59:37 -0500] "CONNECT www.programasvirtualespc.net:443 HTTP/1.1" 200 0 "HTTPS" "outgoing via 192.168.50.30"
192.168.1.15 - adrianamg [14/Aug/2021:08:59:37 -0500] "CONNECT www.programasvirtualespc.net:443 HTTP/1.1" 200 0 "HTTPS" "outgoing via 192.168.50.30"
192.168.1.15 - adrianamg [14/Aug/2021:08:59:40 -0500] "CONNECT www.profitabledisplaycontent.com:443 HTTP/1.1" 200 0 "HTTPS" "outgoing via 192.168.50.30"
192.168.1.15 - adrianamg [14/Aug/2021:08:59:40 -0500] "POST http://ocsp.pki.goog/gts1c3 HTTP/1.1" 200 849 "HTTP" ""
192.168.1.15 - adrianamg [14/Aug/2021:08:59:42 -0500] "CONNECT venetrigni.com:443 HTTP/1.1" 200 0 "HTTPS" "outgoing via 192.168.50.30"
192.168.1.15 - adrianamg [14/Aug/2021:08:59:43 -0500] "CONNECT www.topdisplaycontent.com:443 HTTP/1.1" 200 0 "HTTPS" "outgoing via 192.168.50.30"
192.168.1.15 - adrianamg [14/Aug/2021:08:59:43 -0500] "POST http://yandex.ocsp-responder.com/ HTTP/1.1" 200 1846 "HTTP" ""
192.168.1.15 - adrianamg [14/Aug/2021:08:59:43 -0500] "CONNECT www.programasvirtualespc.net:443 HTTP/1.1" 200 0 "HTTPS" "outgoing via 192.168.50.30"
192.168.1.15 - adrianamg [14/Aug/2021:08:59:44 -0500] "CONNECT retaindeductionperformed.com:443 HTTP/1.1" 200 0 "HTTPS" "outgoing via 192.168.50.30"
192.168.1.15 - adrianamg [14/Aug/2021:08:59:44 -0500] "POST http://r3.o.lencr.org/ HTTP/1.1" 200 1013 "HTTP" ""
192.168.1.15 - adrianamg [14/Aug/2021:08:59:45 -0500] "CONNECT retaindeductionperformed.com:443 HTTP/1.1" 200 0 "HTTPS" "outgoing via 192.168.50.30"
192.168.1.15 - adrianamg [14/Aug/2021:08:59:45 -0500] "CONNECT venetrigni.com:443 HTTP/1.1" 200 0 "HTTPS" "outgoing via 192.168.50.30"
192.168.1.15 - adrianamg [14/Aug/2021:08:59:46 -0500] "CONNECT track.mailerlite.com:443 HTTP/1.1" 200 0 "HTTPS" "outgoing via 192.168.50.30"
192.168.1.15 - adrianamg [14/Aug/2021:08:59:46 -0500] "CONNECT programasvirtualespc.disqus.com:443 HTTP/1.1" 200 0 "HTTPS" "outgoing via 192.168.50.30"
192.168.1.15 - adrianamg [14/Aug/2021:08:59:46 -0500] "CONNECT programasvirtualespc.disqus.com:443 HTTP/1.1" 200 0 "HTTPS" "outgoing via 192.168.50.30"
192.168.1.15 - adrianamg [14/Aug/2021:08:59:46 -0500] "CONNECT star-mode-extension.xyz:443 HTTP/1.1" 200 0 "HTTPS" "outgoing via 192.168.50.30"
192.168.1.15 - adrianamg [14/Aug/2021:08:59:47 -0500] "CONNECT measurelavender.com:443 HTTP/1.1" 200 0 "HTTPS" "outgoing via 192.168.50.30"
192.168.1.15 - adrianamg [14/Aug/2021:08:59:47 -0500] "POST http://r3.o.lencr.org/ HTTP/1.1" 200 1012 "HTTP" ""
192.168.1.15 - adrianamg [14/Aug/2021:08:59:48 -0500] "CONNECT disqus.com:443 HTTP/1.1" 200 0 "HTTPS" "outgoing via 192.168.50.30"
192.168.1.15 - adrianamg [14/Aug/2021:08:59:48 -0500] "CONNECT cdn.cloudimagesb.com:443 HTTP/1.1" 200 0 "HTTPS" "outgoing via 192.168.50.30"
192.168.1.15 - adrianamg [14/Aug/2021:08:59:48 -0500] "POST http://r3.o.lencr.org/ HTTP/1.1" 200 1013 "HTTP" ""
192.168.1.15 - adrianamg [14/Aug/2021:08:59:48 -0500] "CONNECT measurelavender.com:443 HTTP/1.1" 200 0 "HTTPS" "outgoing via 192.168.50.30"
192.168.1.15 - adrianamg [14/Aug/2021:08:59:49 -0500] "CONNECT disqus.com:443 HTTP/1.1" 200 0 "HTTPS" "outgoing via 192.168.50.30"
192.168.1.15 - adrianamg [14/Aug/2021:08:59:50 -0500] "CONNECT c.disquscdn.com:443 HTTP/1.1" 200 0 "HTTPS" "outgoing via 192.168.50.30"
192.168.1.15 - adrianamg [14/Aug/2021:08:59:50 -0500] "CONNECT c.disquscdn.com:443 HTTP/1.1" 200 0 "HTTPS" "outgoing via 192.168.50.30"
192.168.1.15 - adrianamg [14/Aug/2021:09:00:04 -0500] "CONNECT a.disquscdn.com:443 HTTP/1.1" 200 0 "HTTPS" "outgoing via 192.168.50.30"
192.168.1.15 - adrianamg [14/Aug/2021:09:00:07 -0500] "CONNECT apis.google.com:443 HTTP/1.1" 200 0 "HTTPS" "outgoing via 192.168.50.30"
192.168.1.15 - adrianamg [14/Aug/2021:09:00:07 -0500] "POST http://r3.o.lencr.org/ HTTP/1.1" 200 1013 "HTTP" ""
192.168.1.15 - adrianamg [14/Aug/2021:09:00:07 -0500] "CONNECT connect.facebook.net:443 HTTP/1.1" 200 0 "HTTPS" "outgoing via 192.168.50.30"
192.168.1.15 - adrianamg [14/Aug/2021:09:00:07 -0500] "POST http://r3.o.lencr.org/ HTTP/1.1" 200 1013 "HTTP" ""
192.168.1.15 - adrianamg [14/Aug/2021:09:00:09 -0500] "CONNECT connect.facebook.net:443 HTTP/1.1" 200 0 "HTTPS" "outgoing via 192.168.50.30"
192.168.1.15 - adrianamg [14/Aug/2021:09:00:09 -0500] "POST http://ocsp.pki.goog/gts1c3 HTTP/1.1" 200 849 "HTTP" ""
192.168.1.15 - adrianamg [14/Aug/2021:09:00:10 -0500] "CONNECT accounts.google.com:443 HTTP/1.1" 200 0 "HTTPS" "outgoing via 192.168.50.30"
192.168.1.15 - adrianamg [14/Aug/2021:09:00:10 -0500] "POST http://ocsp.digicert.com/ HTTP/1.1" 200 947 "HTTP" ""
192.168.1.15 - adrianamg [14/Aug/2021:09:00:12 -0500] "CONNECT download-accelerator-plus.softonic.com:443 HTTP/1.1" 200 0 "HTTPS" "outgoing via 192.168.50.30"
192.168.1.15 - adrianamg [14/Aug/2021:09:00:12 -0500] "POST http://ocsp.digicert.com/ HTTP/1.1" 200 947 "HTTP" ""
192.168.1.15 - adrianamg [14/Aug/2021:09:00:12 -0500] "CONNECT www.facebook.com:443 HTTP/1.1" 200 0 "HTTPS" "outgoing via 192.168.50.30"
192.168.1.15 - adrianamg [14/Aug/2021:09:00:13 -0500] "POST http://ocsp.pki.goog/gts1o1core HTTP/1.1" 200 849 "HTTP" ""
192.168.1.15 - adrianamg [14/Aug/2021:09:00:19 -0500] "CONNECT mail.google.com:443 HTTP/1.1" 200 0 "HTTPS" "outgoing via 192.168.50.30"
192.168.1.15 - adrianamg [14/Aug/2021:09:00:20 -0500] "CONNECT mail.google.com:443 HTTP/1.1" 200 0 "HTTPS" "outgoing via 192.168.50.30"
192.168.1.15 - adrianamg [14/Aug/2021:09:00:21 -0500] "CONNECT 0.1.0.1:1001 HTTP/1.1" 200 0 "HTTPS" "outgoing via 192.168.50.30"
192.168.1.15 - adrianamg [14/Aug/2021:09:00:22 -0500] "CONNECT mail.google.com:443 HTTP/1.1" 200 0 "HTTPS" "outgoing via 192.168.50.30"
192.168.1.15 - adrianamg [14/Aug/2021:09:00:23 -0500] "CONNECT mail.google.com:443 HTTP/1.1" 200 0 "HTTPS" "outgoing via 192.168.50.30"
192.168.1.15 - adrianamg [14/Aug/2021:09:00:24 -0500] "CONNECT mail.google.com:443 HTTP/1.1" 200 0 "HTTPS" "outgoing via 192.168.50.30"
192.168.1.15 - adrianamg [14/Aug/2021:09:00:25 -0500] "CONNECT haxdown.com:443 HTTP/1.1" 200 0 "HTTPS" "outgoing via 192.168.50.30"
192.168.1.15 - adrianamg [14/Aug/2021:09:00:26 -0500] "CONNECT mail.google.com:443 HTTP/1.1" 200 0 "HTTPS" "outgoing via 192.168.50.30"
192.168.1.15 - adrianamg [14/Aug/2021:09:00:28 -0500] "CONNECT lockdowncautionmentally.com:443 HTTP/1.1" 200 0 "HTTPS" "outgoing via 192.168.50.30"
192.168.1.15 - adrianamg [14/Aug/2021:09:00:28 -0500] "POST http://ocsp.sectigo.com/ HTTP/1.1" 200 1041 "HTTP" ""
192.168.1.15 - adrianamg [14/Aug/2021:09:00:28 -0500] "CONNECT mail.google.com:443 HTTP/1.1" 200 0 "HTTPS" "outgoing via 192.168.50.30"
192.168.1.15 - adrianamg [14/Aug/2021:09:00:30 -0500] "CONNECT mail.google.com:443 HTTP/1.1" 200 0 "HTTPS" "outgoing via 192.168.50.30"
192.168.1.15 - adrianamg [14/Aug/2021:09:00:30 -0500] "CONNECT venetrigni.com:443 HTTP/1.1" 200 0 "HTTPS" "outgoing via 192.168.50.30"
192.168.1.15 - adrianamg [14/Aug/2021:09:00:30 -0500] "POST http://ocsp.digicert.com/ HTTP/1.1" 200 947 "HTTP" ""
192.168.1.15 - adrianamg [14/Aug/2021:09:00:30 -0500] "CONNECT venetrigni.com:443 HTTP/1.1" 200 0 "HTTPS" "outgoing via 192.168.50.30"
192.168.1.15 - adrianamg [14/Aug/2021:09:00:30 -0500] "CONNECT pixel.wp.com:443 HTTP/1.1" 200 0 "HTTPS" "outgoing via 192.168.50.30"
192.168.1.15 - adrianamg [14/Aug/2021:09:00:30 -0500] "CONNECT venetrigni.com:443 HTTP/1.1" 200 0 "HTTPS" "outgoing via 192.168.50.30"
192.168.1.15 - adrianamg [14/Aug/2021:09:00:31 -0500] "POST http://r3.o.lencr.org/ HTTP/1.1" 200 1013 "HTTP" ""
192.168.1.15 - adrianamg [14/Aug/2021:09:00:31 -0500] "GET http://haxdown.com/wp-content/uploads/2015/04/dn1.png HTTP/1.1" 200 7632 "HTTP" ""
192.168.1.15 - adrianamg [14/Aug/2021:09:00:31 -0500] "CONNECT venetrigni.com:443 HTTP/1.1" 200 0 "HTTPS" "outgoing via 192.168.50.30"
192.168.1.15 - adrianamg [14/Aug/2021:09:00:31 -0500] "CONNECT mail.google.com:443 HTTP/1.1" 200 0 "HTTPS" "outgoing via 192.168.50.30"
192.168.1.15 - adrianamg [14/Aug/2021:09:00:31 -0500] "CONNECT iconbecoming.com:443 HTTP/1.1" 200 0 "HTTPS" "outgoing via 192.168.50.30"
192.168.1.15 - adrianamg [14/Aug/2021:09:00:31 -0500] "CONNECT negatejusticehaw.com:443 HTTP/1.1" 200 0 "HTTPS" "outgoing via 192.168.50.30"
192.168.1.15 - adrianamg [14/Aug/2021:09:00:32 -0500] "POST http://ocsp.sca1b.amazontrust.com/ HTTP/1.1" 200 1125 "HTTP" ""
192.168.1.15 - adrianamg [14/Aug/2021:09:00:32 -0500] "CONNECT s10.histats.com:443 HTTP/1.1" 200 0 "HTTPS" "outgoing via 192.168.50.30"
192.168.1.15 - adrianamg [14/Aug/2021:09:00:32 -0500] "CONNECT negatejusticehaw.com:443 HTTP/1.1" 200 0 "HTTPS" "outgoing via 192.168.50.30"
192.168.1.15 - adrianamg [14/Aug/2021:09:00:32 -0500] "CONNECT negatejusticehaw.com:443 HTTP/1.1" 200 0 "HTTPS" "outgoing via 192.168.50.30"
192.168.1.15 - adrianamg [14/Aug/2021:09:00:32 -0500] "POST http://ocsp.sca1b.amazontrust.com/ HTTP/1.1" 200 1125 "HTTP" ""
192.168.1.15 - adrianamg [14/Aug/2021:09:00:33 -0500] "POST http://r3.o.lencr.org/ HTTP/1.1" 200 1013 "HTTP" ""
192.168.1.15 - adrianamg [14/Aug/2021:09:00:33 -0500] "CONNECT mail.google.com:443 HTTP/1.1" 200 0 "HTTPS" "outgoing via 192.168.50.30"
192.168.1.15 - adrianamg [14/Aug/2021:09:00:34 -0500] "CONNECT negatejusticehaw.com:443 HTTP/1.1" 200 0 "HTTPS" "outgoing via 192.168.50.30"
192.168.1.15 - adrianamg [14/Aug/2021:09:00:34 -0500] "CONNECT iconbecoming.com:443 HTTP/1.1" 200 0 "HTTPS" "outgoing via 192.168.50.30"
192.168.1.15 - adrianamg [14/Aug/2021:09:00:35 -0500] "CONNECT s4.histats.com:443 HTTP/1.1" 200 0 "HTTPS" "outgoing via 192.168.50.30"
192.168.1.15 - adrianamg [14/Aug/2021:09:00:37 -0500] "CONNECT e.dtscout.com:443 HTTP/1.1" 200 0 "HTTPS" "outgoing via 192.168.50.30"
192.168.1.15 - adrianamg [14/Aug/2021:09:00:38 -0500] "POST http://r3.o.lencr.org/ HTTP/1.1" 200 1012 "HTTP" ""
192.168.1.15 - adrianamg [14/Aug/2021:09:00:39 -0500] "CONNECT t.dtscout.com:443 HTTP/1.1" 200 0 "HTTPS" "outgoing via 192.168.50.30"
192.168.1.15 - adrianamg [14/Aug/2021:09:00:40 -0500] "CONNECT 3.bp.blogspot.com:443 HTTP/1.1" 200 0 "HTTPS" "outgoing via 192.168.50.30"
192.168.1.15 - adrianamg [14/Aug/2021:09:00:40 -0500] "POST http://r3.o.lencr.org/ HTTP/1.1" 200 1013 "HTTP" ""
192.168.1.15 - adrianamg [14/Aug/2021:09:00:40 -0500] "CONNECT www.programasvirtualespc.net:443 HTTP/1.1" 200 0 "HTTPS" "outgoing via 192.168.50.30"
192.168.1.15 - adrianamg [14/Aug/2021:09:00:40 -0500] "CONNECT www.programasvirtualespc.net:443 HTTP/1.1" 200 0 "HTTPS" "outgoing via 192.168.50.30"
192.168.1.15 - adrianamg [14/Aug/2021:09:00:40 -0500] "CONNECT www.programasvirtualespc.net:443 HTTP/1.1" 200 0 "HTTPS" "outgoing via 192.168.50.30"
192.168.1.15 - adrianamg [14/Aug/2021:09:00:48 -0500] "GET http://detectportal.firefox.com/canonical.html HTTP/1.1" 200 444 "HTTP" ""
192.168.10.20 - arodriguez [14/Aug/2021:09:00:49 -0500] "CONNECT relay-12d968bc.net.anydesk.com:80 HTTP/1.1" 200 0 "HTTPS" "outgoing via 192.168.50.30"
192.168.1.15 - adrianamg [14/Aug/2021:09:00:49 -0500] "CONNECT www.programasvirtualespc.net:443 HTTP/1.1" 200 0 "HTTPS" "outgoing via 192.168.50.30"
192.168.1.15 - adrianamg [14/Aug/2021:09:00:55 -0500] "GET http://haxdown.com/wp-content/uploads/2015/04/HDNC.png HTTP/1.1" 200 8060 "HTTP" ""
192.168.1.15 - adrianamg [14/Aug/2021:09:00:57 -0500] "CONNECT adsr3.club:443 HTTP/1.1" 200 0 "HTTPS" "outgoing via 192.168.50.30"
192.168.1.15 - adrianamg [14/Aug/2021:09:00:57 -0500] "POST http://ocsp.digicert.com/ HTTP/1.1" 200 947 "HTTP" ""
192.168.1.15 - adrianamg [14/Aug/2021:09:00:59 -0500] "CONNECT mc.yandex.ru:443 HTTP/1.1" 200 0 "HTTPS" "outgoing via 192.168.50.30"
192.168.1.15 - adrianamg [14/Aug/2021:09:00:59 -0500] "CONNECT href.li:443 HTTP/1.1" 200 0 "HTTPS" "outgoing via 192.168.50.30"
192.168.1.15 - adrianamg [14/Aug/2021:09:00:59 -0500] "POST http://ocsp.pki.goog/gts1c3 HTTP/1.1" 200 850 "HTTP" ""
192.168.1.15 - adrianamg [14/Aug/2021:09:01:01 -0500] "CONNECT pentatonic.cyou:443 HTTP/1.1" 200 0 "HTTPS" "outgoing via 192.168.50.30"
192.168.1.15 - adrianamg [14/Aug/2021:09:01:01 -0500] "POST http://r3.o.lencr.org/ HTTP/1.1" 200 1013 "HTTP" ""
192.168.10.20 - arodriguez [14/Aug/2021:09:01:02 -0500] "CONNECT relay-d3705b18.net.anydesk.com:80 HTTP/1.1" 200 0 "HTTPS" "outgoing via 192.168.50.30"
192.168.1.15 - adrianamg [14/Aug/2021:09:01:03 -0500] "CONNECT 3fgdfg3.monster:443 HTTP/1.1" 200 0 "HTTPS" "outgoing via 192.168.50.30"
192.168.1.15 - adrianamg [14/Aug/2021:09:01:04 -0500] "POST http://r3.o.lencr.org/ HTTP/1.1" 200 1012 "HTTP" ""
192.168.1.15 - adrianamg [14/Aug/2021:09:01:04 -0500] "GET http://adsr3.club/go.php?a_aid=5b0becc960230&fn=Download%20Accelerator%20Plus%20Premium%2010.0.6.0%20Full%20+%20Serial%20Key.rar HTTP/1.1" 200 814 "HTTP" "301 Moved Permanently"
192.168.1.15 - adrianamg [14/Aug/2021:09:01:06 -0500] "GET http://r3adyt0download.com/aaas1aaAI--F2GV9gQAkEkCAENVFwAMAP_4BiAAbeQesXLi5c8lv6vHKKO5yiyx7J1DxPxtQPr5O0vT9CxNxP5RQNnIcVGSlCYWgpkqDIedOCLS1UYt0dJ5K7PUF3Xpihdn-_ECcq2sUjy6p10DpKhdD7W1HRStvCUN3q04GYL7LRiOgjkHmohrQMLca03O3z21zNcH94ucC-l3nA7TZI0DrT0vQa07MUKqNWwJ6H5gH9R-dd3JcHHjxB56-s0BdP6NGwf7xBIVsNFDFKqaXl2j8B1Y0vkPE8-4fgmMpTcAnvYiMY_kaSzG5WNv06xqfZiJK2zw0Wpzr5hea__ZQTS-zVlR4tIGFevNRk-zjEpc6jRdGJI5TkLWLuoKtWj0DbFx_uKGfeDry2zh_J86_f6KROjOZE3z4WNanqssQMbzaW_CxS8FnYN7Wcv2eUzakCdujIgVdI-FADiv5kMtpYAfdrutbT2upwtp5_AcLLuSVwG57HFT5vM2BLytMxyCgicU1tB0BIOENR2ejDQIqJkn8J7MBu2NkAX8b5AE5yGNHM9iYBCpPDJPvmN7FfF4UhvYa072zXJw6d1XJLmaFzv-wkRM_etfV__bVhSskgEdrPILCYS0TVrLpxxKz68oU8qPOzPbtyp4gPZleYjuZ3WYkjomnZViEamfDTWljQN2j5MIBL6RHQSilwFCipACHvVQCRSPbQoYzTmzV9oisVPeO830nnikrt1L9vuTffumtUXiv3BF7bN1XcGoNxnFrWxVyMIrAp-XJQiV2m9ehJBQC8z7SxTQgEgLstBiKpPrGQK4mHgQ6bBCNYy6VSmlrltd6LR1VLywdliG63hb0bl_QM2WPyuNjDJFxMdpTsXYbrA= HTTP/1.1" 200 6172 "HTTP" "Please wait"
192.168.1.15 - adrianamg [14/Aug/2021:09:01:07 -0500] "CONNECT softs-portal.com:443 HTTP/1.1" 200 0 "HTTPS" "outgoing via 192.168.50.30"
192.168.1.15 - adrianamg [14/Aug/2021:09:01:07 -0500] "CONNECT get.ziplink.xyz:443 HTTP/1.1" 200 0 "HTTPS" "outgoing via 192.168.50.30"
192.168.1.15 - adrianamg [14/Aug/2021:09:01:07 -0500] "POST http://r3.o.lencr.org/ HTTP/1.1" 200 1013 "HTTP" ""
192.168.1.15 - adrianamg [14/Aug/2021:09:01:19 -0500] "CONNECT mail.google.com:443 HTTP/1.1" 200 0 "HTTPS" "outgoing via 192.168.50.30"
192.168.1.15 - adrianamg [14/Aug/2021:09:01:19 -0500] "CONNECT s4.histats.com:443 HTTP/1.1" 200 0 "HTTPS" "outgoing via 192.168.50.30"
192.168.1.15 - adrianamg [14/Aug/2021:09:01:21 -0500] "CONNECT e.dtscout.com:443 HTTP/1.1" 200 0 "HTTPS" "outgoing via 192.168.50.30"
192.168.1.15 - adrianamg [14/Aug/2021:09:01:22 -0500] "CONNECT mail.google.com:443 HTTP/1.1" 200 0 "HTTPS" "outgoing via 192.168.50.30"
192.168.1.15 - adrianamg [14/Aug/2021:09:01:24 -0500] "CONNECT mail.google.com:443 HTTP/1.1" 200 0 "HTTPS" "outgoing via 192.168.50.30"
192.168.1.15 - adrianamg [14/Aug/2021:09:01:26 -0500] "CONNECT mail.google.com:443 HTTP/1.1" 200 0 "HTTPS" "outgoing via 192.168.50.30"
192.168.1.15 - adrianamg [14/Aug/2021:09:01:29 -0500] "CONNECT mail.google.com:443 HTTP/1.1" 200 0 "HTTPS" "outgoing via 192.168.50.30"
192.168.10.20 - arodriguez [14/Aug/2021:09:01:31 -0500] "CONNECT relay-d3705b18.net.anydesk.com:80 HTTP/1.1" 200 0 "HTTPS" "outgoing via 192.168.50.30"
192.168.1.15 - adrianamg [14/Aug/2021:09:01:32 -0500] "CONNECT mail.google.com:443 HTTP/1.1" 200 0 "HTTPS" "outgoing via 192.168.50.30"
192.168.1.15 - adrianamg [14/Aug/2021:09:01:32 -0500] "CONNECT incoming.telemetry.mozilla.org:443 HTTP/1.1" 200 0 "HTTPS" "outgoing via 192.168.50.30"
192.168.1.15 - adrianamg [14/Aug/2021:09:01:35 -0500] "CONNECT mail.google.com:443 HTTP/1.1" 200 0 "HTTPS" "outgoing via 192.168.50.30"
192.168.1.15 - adrianamg [14/Aug/2021:09:01:37 -0500] "CONNECT mail.google.com:443 HTTP/1.1" 200 0 "HTTPS" "outgoing via 192.168.50.30"
192.168.10.20 - arodriguez [14/Aug/2021:09:02:00 -0500] "CONNECT relay-d3705b18.net.anydesk.com:80 HTTP/1.1" 200 0 "HTTPS" "outgoing via 192.168.50.30"
192.168.1.15 - adrianamg [14/Aug/2021:09:02:19 -0500] "CONNECT mail.google.com:443 HTTP/1.1" 200 0 "HTTPS" "outgoing via 192.168.50.30"
192.168.1.15 - adrianamg [14/Aug/2021:09:02:24 -0500] "CONNECT mail.google.com:443 HTTP/1.1" 200 0 "HTTPS" "outgoing via 192.168.50.30"
192.168.1.15 - adrianamg [14/Aug/2021:09:02:26 -0500] "CONNECT mail.google.com:443 HTTP/1.1" 200 0 "HTTPS" "outgoing via 192.168.50.30"
192.168.1.15 - adrianamg [14/Aug/2021:09:02:28 -0500] "CONNECT mail.google.com:443 HTTP/1.1" 200 0 "HTTPS" "outgoing via 192.168.50.30"
192.168.10.20 - arodriguez [14/Aug/2021:09:02:30 -0500] "CONNECT relay-d3705b18.net.anydesk.com:80 HTTP/1.1" 200 0 "HTTPS" "outgoing via 192.168.50.30"
192.168.1.15 - adrianamg [14/Aug/2021:09:02:31 -0500] "CONNECT mail.google.com:443 HTTP/1.1" 200 0 "HTTPS" "outgoing via 192.168.50.30"
192.168.1.15 - adrianamg [14/Aug/2021:09:02:32 -0500] "CONNECT mail.google.com:443 HTTP/1.1" 200 0 "HTTPS" "outgoing via 192.168.50.30"
192.168.1.15 - adrianamg [14/Aug/2021:09:02:35 -0500] "CONNECT mc.yandex.ru:443 HTTP/1.1" 200 0 "HTTPS" "outgoing via 192.168.50.30"
192.168.1.15 - adrianamg [14/Aug/2021:09:02:36 -0500] "CONNECT mail.google.com:443 HTTP/1.1" 200 0 "HTTPS" "outgoing via 192.168.50.30"
192.168.1.15 - adrianamg [14/Aug/2021:09:02:38 -0500] "CONNECT mail.google.com:443 HTTP/1.1" 200 0 "HTTPS" "outgoing via 192.168.50.30"
192.168.1.15 - adrianamg [14/Aug/2021:09:02:40 -0500] "CONNECT get.sharecontent.xyz:443 HTTP/1.1" 200 0 "HTTPS" "outgoing via 192.168.50.30"
192.168.1.15 - adrianamg [14/Aug/2021:09:02:41 -0500] "POST http://r3.o.lencr.org/ HTTP/1.1" 200 1013 "HTTP" ""
192.168.1.15 - adrianamg [14/Aug/2021:09:02:44 -0500] "CONNECT 0.1.0.1:1001 HTTP/1.1" 200 0 "HTTPS" "outgoing via 192.168.50.30"
192.168.10.20 - arodriguez [14/Aug/2021:09:02:59 -0500] "CONNECT relay-d3705b18.net.anydesk.com:80 HTTP/1.1" 200 0 "HTTPS" "outgoing via 192.168.50.30"
192.168.10.20 - arodriguez [14/Aug/2021:09:03:12 -0500] "CONNECT relay-dbede8d2.net.anydesk.com:80 HTTP/1.1" 200 0 "HTTPS" "outgoing via 192.168.50.30"
192.168.1.15 - adrianamg [14/Aug/2021:09:03:19 -0500] "CONNECT mail.google.com:443 HTTP/1.1" 200 0 "HTTPS" "outgoing via 192.168.50.30"
192.168.1.15 - adrianamg [14/Aug/2021:09:03:23 -0500] "CONNECT mail.google.com:443 HTTP/1.1" 200 0 "HTTPS" "outgoing via 192.168.50.30"
192.168.1.15 - adrianamg [14/Aug/2021:09:03:28 -0500] "CONNECT mail.google.com:443 HTTP/1.1" 200 0 "HTTPS" "outgoing via 192.168.50.30"
192.168.1.15 - adrianamg [14/Aug/2021:09:03:32 -0500] "CONNECT mail.google.com:443 HTTP/1.1" 200 0 "HTTPS" "outgoing via 192.168.50.30"
192.168.1.15 - adrianamg [14/Aug/2021:09:03:37 -0500] "CONNECT mail.google.com:443 HTTP/1.1" 200 0 "HTTPS" "outgoing via 192.168.50.30"
192.168.1.15 - adrianamg [14/Aug/2021:09:03:41 -0500] "CONNECT mail.google.com:443 HTTP/1.1" 200 0 "HTTPS" "outgoing via 192.168.50.30"
192.168.10.20 - arodriguez [14/Aug/2021:09:03:42 -0500] "CONNECT relay-dbede8d2.net.anydesk.com:80 HTTP/1.1" 200 0 "HTTPS" "outgoing via 192.168.50.30"
192.168.1.15 - adrianamg [14/Aug/2021:09:03:45 -0500] "CONNECT mail.google.com:443 HTTP/1.1" 200 0 "HTTPS" "outgoing via 192.168.50.30"
192.168.1.15 - adrianamg [14/Aug/2021:09:03:49 -0500] "CONNECT mail.google.com:443 HTTP/1.1" 200 0 "HTTPS" "outgoing via 192.168.50.30"
192.168.10.20 - arodriguez [14/Aug/2021:09:04:11 -0500] "CONNECT relay-dbede8d2.net.anydesk.com:80 HTTP/1.1" 200 0 "HTTPS" "outgoing via 192.168.50.30"
192.168.1.15 - adrianamg [14/Aug/2021:09:04:19 -0500] "CONNECT mail.google.com:443 HTTP/1.1" 200 0 "HTTPS" "outgoing via 192.168.50.30"
192.168.1.15 - adrianamg [14/Aug/2021:09:04:24 -0500] "CONNECT mail.google.com:443 HTTP/1.1" 200 0 "HTTPS" "outgoing via 192.168.50.30"
192.168.10.20 - arodriguez [14/Aug/2021:09:04:24 -0500] "CONNECT relay-0767eec0.net.anydesk.com:80 HTTP/1.1" 200 0 "HTTPS" "outgoing via 192.168.50.30"
192.168.1.15 - adrianamg [14/Aug/2021:09:04:27 -0500] "CONNECT mail.google.com:443 HTTP/1.1" 200 0 "HTTPS" "outgoing via 192.168.50.30"
192.168.1.15 - adrianamg [14/Aug/2021:09:04:31 -0500] "CONNECT mail.google.com:443 HTTP/1.1" 200 0 "HTTPS" "outgoing via 192.168.50.30"
192.168.1.15 - adrianamg [14/Aug/2021:09:04:34 -0500] "CONNECT adsr3.club:443 HTTP/1.1" 200 0 "HTTPS" "outgoing via 192.168.50.30"
192.168.1.15 - adrianamg [14/Aug/2021:09:04:35 -0500] "CONNECT mail.google.com:443 HTTP/1.1" 200 0 "HTTPS" "outgoing via 192.168.50.30"
192.168.1.15 - adrianamg [14/Aug/2021:09:04:36 -0500] "CONNECT t.dtscout.com:443 HTTP/1.1" 200 0 "HTTPS" "outgoing via 192.168.50.30"
192.168.1.15 - adrianamg [14/Aug/2021:09:04:39 -0500] "CONNECT href.li:443 HTTP/1.1" 200 0 "HTTPS" "outgoing via 192.168.50.30"
192.168.1.15 - adrianamg [14/Aug/2021:09:04:40 -0500] "CONNECT mail.google.com:443 HTTP/1.1" 200 0 "HTTPS" "outgoing via 192.168.50.30"
192.168.1.15 - adrianamg [14/Aug/2021:09:04:44 -0500] "CONNECT pentatonic.cyou:443 HTTP/1.1" 200 0 "HTTPS" "outgoing via 192.168.50.30"
192.168.1.15 - adrianamg [14/Aug/2021:09:04:44 -0500] "CONNECT star-mode-extension.xyz:443 HTTP/1.1" 200 0 "HTTPS" "outgoing via 192.168.50.30"
192.168.1.15 - adrianamg [14/Aug/2021:09:04:45 -0500] "CONNECT mail.google.com:443 HTTP/1.1" 200 0 "HTTPS" "outgoing via 192.168.50.30"
192.168.1.15 - adrianamg [14/Aug/2021:09:04:48 -0500] "CONNECT www.google.com:443 HTTP/1.1" 200 0 "HTTPS" "outgoing via 192.168.50.30"
192.168.1.15 - adrianamg [14/Aug/2021:09:04:48 -0500] "CONNECT 3fgdfg3.monster:443 HTTP/1.1" 200 0 "HTTPS" "outgoing via 192.168.50.30"
192.168.1.15 - adrianamg [14/Aug/2021:09:04:49 -0500] "CONNECT mail.google.com:443 HTTP/1.1" 200 0 "HTTPS" "outgoing via 192.168.50.30"
192.168.1.15 - adrianamg [14/Aug/2021:09:04:51 -0500] "CONNECT www.gstatic.com:443 HTTP/1.1" 200 0 "HTTPS" "outgoing via 192.168.50.30"
192.168.10.20 - arodriguez [14/Aug/2021:09:04:54 -0500] "CONNECT relay-0767eec0.net.anydesk.com:80 HTTP/1.1" 200 0 "HTTPS" "outgoing via 192.168.50.30"
192.168.1.15 - adrianamg [14/Aug/2021:09:04:56 -0500] "CONNECT adservice.google.com:443 HTTP/1.1" 200 0 "HTTPS" "outgoing via 192.168.50.30"
192.168.1.15 - adrianamg [14/Aug/2021:09:04:59 -0500] "CONNECT adservice.google.com.cu:443 HTTP/1.1" 200 0 "HTTPS" "outgoing via 192.168.50.30"
192.168.1.15 - adrianamg [14/Aug/2021:09:05:02 -0500] "CONNECT googleads.g.doubleclick.net:443 HTTP/1.1" 200 0 "HTTPS" "outgoing via 192.168.50.30"
192.168.1.15 - adrianamg [14/Aug/2021:09:05:05 -0500] "CONNECT encrypted-tbn0.gstatic.com:443 HTTP/1.1" 200 0 "HTTPS" "outgoing via 192.168.50.30"
192.168.1.15 - adrianamg [14/Aug/2021:09:05:12 -0500] "CONNECT fonts.gstatic.com:443 HTTP/1.1" 200 0 "HTTPS" "outgoing via 192.168.50.30"
192.168.1.15 - adrianamg [14/Aug/2021:09:05:13 -0500] "CONNECT 0.1.0.1:1001 HTTP/1.1" 200 0 "HTTPS" "outgoing via 192.168.50.30"
192.168.1.15 - adrianamg [14/Aug/2021:09:05:14 -0500] "CONNECT moon-mode-extension.xyz:443 HTTP/1.1" 200 0 "HTTPS" "outgoing via 192.168.50.30"
192.168.1.15 - adrianamg [14/Aug/2021:09:05:19 -0500] "CONNECT mail.google.com:443 HTTP/1.1" 200 0 "HTTPS" "outgoing via 192.168.50.30"
192.168.1.15 - adrianamg [14/Aug/2021:09:05:20 -0500] "CONNECT lato7.mysearch.space:443 HTTP/1.1" 200 0 "HTTPS" "outgoing via 192.168.50.30"
192.168.1.15 - adrianamg [14/Aug/2021:09:05:21 -0500] "CONNECT mail.google.com:443 HTTP/1.1" 200 0 "HTTPS" "outgoing via 192.168.50.30"
192.168.10.20 - arodriguez [14/Aug/2021:09:05:23 -0500] "CONNECT relay-0767eec0.net.anydesk.com:80 HTTP/1.1" 200 0 "HTTPS" "outgoing via 192.168.50.30"
192.168.1.15 - adrianamg [14/Aug/2021:09:05:23 -0500] "CONNECT mail.google.com:443 HTTP/1.1" 200 0 "HTTPS" "outgoing via 192.168.50.30"
192.168.10.20 - arodriguez [14/Aug/2021:09:05:25 -0500] "CONNECT relay-0767eec0.net.anydesk.com:443 HTTP/1.1" 200 0 "HTTPS" "outgoing via 192.168.50.30"
192.168.1.15 - adrianamg [14/Aug/2021:09:05:25 -0500] "GET http://www.speedbit.com/ HTTP/1.1" 200 42051 "HTTP" "Free Download Manager &amp; Video Downloader - DAP Download Accelerator"
192.168.1.15 - adrianamg [14/Aug/2021:09:05:25 -0500] "CONNECT mail.google.com:443 HTTP/1.1" 200 0 "HTTPS" "outgoing via 192.168.50.30"
192.168.1.15 - adrianamg [14/Aug/2021:09:05:26 -0500] "CONNECT d.abcweathercast.xyz:443 HTTP/1.1" 200 0 "HTTPS" "outgoing via 192.168.50.30"
192.168.1.15 - adrianamg [14/Aug/2021:09:05:27 -0500] "POST http://r3.o.lencr.org/ HTTP/1.1" 200 1013 "HTTP" ""
192.168.1.15 - adrianamg [14/Aug/2021:09:05:28 -0500] "CONNECT mail.google.com:443 HTTP/1.1" 200 0 "HTTPS" "outgoing via 192.168.50.30"
192.168.1.15 - adrianamg [14/Aug/2021:09:05:30 -0500] "CONNECT mail.google.com:443 HTTP/1.1" 200 0 "HTTPS" "outgoing via 192.168.50.30"
192.168.1.15 - adrianamg [14/Aug/2021:09:05:31 -0500] "CONNECT www.greatsearch.xyz:443 HTTP/1.1" 200 0 "HTTPS" "outgoing via 192.168.50.30"
192.168.1.15 - adrianamg [14/Aug/2021:09:05:31 -0500] "GET http://www.speedbit.com/styles/sb_index3.css?v=8 HTTP/1.1" 200 12640 "HTTP" ""
192.168.1.15 - adrianamg [14/Aug/2021:09:05:32 -0500] "POST http://ocsp.sca1b.amazontrust.com/ HTTP/1.1" 200 1125 "HTTP" ""
192.168.1.15 - adrianamg [14/Aug/2021:09:05:33 -0500] "GET http://www.speedbit.com/js/jquery-1.7.2.min.js HTTP/1.1" 200 95392 "HTTP" ""
192.168.1.15 - adrianamg [14/Aug/2021:09:05:33 -0500] "CONNECT apis.google.com:443 HTTP/1.1" 200 0 "HTTPS" "outgoing via 192.168.50.30"
192.168.1.15 - adrianamg [14/Aug/2021:09:05:33 -0500] "CONNECT accounts.google.com:443 HTTP/1.1" 200 0 "HTTPS" "outgoing via 192.168.50.30"
192.168.1.15 - adrianamg [14/Aug/2021:09:05:35 -0500] "CONNECT mail.google.com:443 HTTP/1.1" 200 0 "HTTPS" "outgoing via 192.168.50.30"
192.168.1.15 - adrianamg [14/Aug/2021:09:05:38 -0500] "CONNECT m.nearbyme.io:443 HTTP/1.1" 200 0 "HTTPS" "outgoing via 192.168.50.30"
192.168.1.15 - adrianamg [14/Aug/2021:09:05:40 -0500] "CONNECT mail.google.com:443 HTTP/1.1" 200 0 "HTTPS" "outgoing via 192.168.50.30"
192.168.1.15 - adrianamg [14/Aug/2021:09:05:41 -0500] "POST http://ocsp.sca1b.amazontrust.com/ HTTP/1.1" 200 1105 "HTTP" ""
192.168.1.15 - adrianamg [14/Aug/2021:09:05:45 -0500] "CONNECT cse.google.com:443 HTTP/1.1" 200 0 "HTTPS" "outgoing via 192.168.50.30"
192.168.1.15 - adrianamg [14/Aug/2021:09:05:45 -0500] "CONNECT geo.airfind.com:443 HTTP/1.1" 200 0 "HTTPS" "outgoing via 192.168.50.30"
192.168.1.15 - adrianamg [14/Aug/2021:09:05:45 -0500] "CONNECT static.hotjar.com:443 HTTP/1.1" 200 0 "HTTPS" "outgoing via 192.168.50.30"
192.168.1.15 - adrianamg [14/Aug/2021:09:05:47 -0500] "GET http://www.speedbit.com/img/speedbit-dap-slide-5.jpg HTTP/1.1" 200 105632 "HTTP" ""
192.168.1.15 - adrianamg [14/Aug/2021:09:05:47 -0500] "GET http://www.speedbit.com/img/87/tweetn.png HTTP/1.1" 200 394 "HTTP" ""
192.168.1.15 - adrianamg [14/Aug/2021:09:05:50 -0500] "CONNECT www.googleapis.com:443 HTTP/1.1" 200 0 "HTTPS" "outgoing via 192.168.50.30"
192.168.1.15 - adrianamg [14/Aug/2021:09:05:50 -0500] "CONNECT clients1.google.com:443 HTTP/1.1" 200 0 "HTTPS" "outgoing via 192.168.50.30"
192.168.1.15 - adrianamg [14/Aug/2021:09:05:51 -0500] "CONNECT encrypted-tbn3.gstatic.com:443 HTTP/1.1" 200 0 "HTTPS" "outgoing via 192.168.50.30"
192.168.1.15 - adrianamg [14/Aug/2021:09:05:51 -0500] "CONNECT encrypted-tbn1.gstatic.com:443 HTTP/1.1" 200 0 "HTTPS" "outgoing via 192.168.50.30"
192.168.1.15 - adrianamg [14/Aug/2021:09:05:51 -0500] "CONNECT encrypted-tbn2.gstatic.com:443 HTTP/1.1" 200 0 "HTTPS" "outgoing via 192.168.50.30"
192.168.1.15 - adrianamg [14/Aug/2021:09:05:53 -0500] "GET http://www.speedbit.com/img/cloudaccelerator.jpg HTTP/1.1" 200 55740 "HTTP" ""
192.168.10.20 - arodriguez [14/Aug/2021:09:05:54 -0500] "CONNECT relay-0767eec0.net.anydesk.com:80 HTTP/1.1" 200 0 "HTTPS" "outgoing via 192.168.50.30"
192.168.1.15 - adrianamg [14/Aug/2021:09:05:55 -0500] "GET http://www.speedbit.com/dap/download/downloading.asp HTTP/1.1" 200 17455 "HTTP" "FREE Download Manager - Downloading DownLoad Accelerator Plus (DAP)- Speedbit"
192.168.1.15 - adrianamg [14/Aug/2021:09:05:55 -0500] "CONNECT api.airfind.com:443 HTTP/1.1" 200 0 "HTTPS" "outgoing via 192.168.50.30"
192.168.1.15 - adrianamg [14/Aug/2021:09:05:56 -0500] "POST http://r3.o.lencr.org/ HTTP/1.1" 200 1013 "HTTP" ""
192.168.1.15 - adrianamg [14/Aug/2021:09:06:02 -0500] "GET http://pix.speedbit.com/YA/0000006822144005063562073/ya_hp.gif HTTP/1.1" 200 421 "HTTP" ""
192.168.1.15 - adrianamg [14/Aug/2021:09:06:02 -0500] "GET http://www.speedbit.com/img/videos-convert-hp.jpg HTTP/1.1" 200 29421 "HTTP" ""
192.168.1.15 - adrianamg [14/Aug/2021:09:06:02 -0500] "GET http://www.speedbit.com/img/howitworks.jpg HTTP/1.1" 200 25478 "HTTP" ""
192.168.1.15 - adrianamg [14/Aug/2021:09:06:02 -0500] "GET http://www.speedbit.com/img/dwltriangle.png HTTP/1.1" 200 8076 "HTTP" ""
192.168.1.15 - adrianamg [14/Aug/2021:09:06:02 -0500] "GET http://www.speedbit.com/img/hp-sprite2.png HTTP/1.1" 200 7890 "HTTP" ""
192.168.1.15 - adrianamg [14/Aug/2021:09:06:02 -0500] "GET http://www.speedbit.com/img/speedbit-comcast-fast-download.png HTTP/1.1" 200 6074 "HTTP" ""
192.168.1.15 - adrianamg [14/Aug/2021:09:06:02 -0500] "GET http://www.speedbit.com/img/dap-free.png HTTP/1.1" 200 2958 "HTTP" ""
192.168.1.15 - adrianamg [14/Aug/2021:09:06:02 -0500] "GET http://www.speedbit.com/img/hp-divider.gif HTTP/1.1" 200 1852 "HTTP" ""
192.168.1.15 - adrianamg [14/Aug/2021:09:06:02 -0500] "GET http://www.speedbit.com/styles/sb3.css?v=6 HTTP/1.1" 200 74210 "HTTP" ""
192.168.1.15 - adrianamg [14/Aug/2021:09:06:03 -0500] "GET http://www.speedbit.com/img/speedbit-logo-footer.png HTTP/1.1" 200 1782 "HTTP" ""
192.168.10.20 - arodriguez [14/Aug/2021:09:06:07 -0500] "CONNECT relay-096fe6d0.net.anydesk.com:80 HTTP/1.1" 200 0 "HTTPS" "outgoing via 192.168.50.30"
192.168.1.15 - adrianamg [14/Aug/2021:09:06:11 -0500] "GET http://www.speedbit.com/img/speedbit-header-logo.png HTTP/1.1" 200 394 "HTTP" ""
192.168.1.15 - adrianamg [14/Aug/2021:09:06:11 -0500] "GET http://pix.speedbit.com/DAP_Downloading.gif HTTP/1.1" 200 421 "HTTP" ""
192.168.1.15 - adrianamg [14/Aug/2021:09:06:11 -0500] "GET http://pix.speedbit.com/YA/0000006822144005063562073/ya_dapdl.gif HTTP/1.1" 200 421 "HTTP" ""
192.168.1.15 - adrianamg [14/Aug/2021:09:06:12 -0500] "GET http://www.speedbit.com/dap-subscribe/downloading.aspx HTTP/1.1" 200 10145 "HTTP" "	FREE Download Manager - DownLoad Accelerator Plus - Speedbit"
192.168.1.15 - adrianamg [14/Aug/2021:09:06:17 -0500] "CONNECT filehippo.com:443 HTTP/1.1" 200 0 "HTTPS" "outgoing via 192.168.50.30"
192.168.1.15 - adrianamg [14/Aug/2021:09:06:18 -0500] "POST http://r3.o.lencr.org/ HTTP/1.1" 200 1013 "HTTP" ""
192.168.1.15 - adrianamg [14/Aug/2021:09:06:19 -0500] "CONNECT mail.google.com:443 HTTP/1.1" 200 0 "HTTPS" "outgoing via 192.168.50.30"
192.168.1.15 - adrianamg [14/Aug/2021:09:06:19 -0500] "GET http://www.speedbit.com/img/87/tweetn.png HTTP/1.1" 200 1273 "HTTP" ""
192.168.1.15 - adrianamg [14/Aug/2021:09:06:21 -0500] "CONNECT www.malavida.com:443 HTTP/1.1" 200 0 "HTTPS" "outgoing via 192.168.50.30"
192.168.1.15 - adrianamg [14/Aug/2021:09:06:22 -0500] "CONNECT chrome.google.com:443 HTTP/1.1" 200 0 "HTTPS" "outgoing via 192.168.50.30"
192.168.1.15 - adrianamg [14/Aug/2021:09:06:23 -0500] "CONNECT mail.google.com:443 HTTP/1.1" 200 0 "HTTPS" "outgoing via 192.168.50.30"
192.168.1.15 - adrianamg [14/Aug/2021:09:06:23 -0500] "CONNECT securepubads.g.doubleclick.net:443 HTTP/1.1" 200 0 "HTTPS" "outgoing via 192.168.50.30"
192.168.1.15 - adrianamg [14/Aug/2021:09:06:23 -0500] "POST http://r3.o.lencr.org/ HTTP/1.1" 200 1013 "HTTP" ""
192.168.1.15 - adrianamg [14/Aug/2021:09:06:23 -0500] "GET http://detectportal.firefox.com/canonical.html HTTP/1.1" 200 444 "HTTP" ""
192.168.1.15 - adrianamg [14/Aug/2021:09:06:25 -0500] "CONNECT stats.g.doubleclick.net:443 HTTP/1.1" 200 0 "HTTPS" "outgoing via 192.168.50.30"
192.168.1.15 - adrianamg [14/Aug/2021:09:06:25 -0500] "CONNECT stats.g.doubleclick.net:443 HTTP/1.1" 200 0 "HTTPS" "outgoing via 192.168.50.30"
192.168.1.15 - adrianamg [14/Aug/2021:09:06:26 -0500] "CONNECT mail.google.com:443 HTTP/1.1" 200 0 "HTTPS" "outgoing via 192.168.50.30"
192.168.1.15 - adrianamg [14/Aug/2021:09:06:26 -0500] "GET http://www.speedbit.com/dap-subscribe/scripts/jquery-1.7.2.min.js HTTP/1.1" 200 95253 "HTTP" ""
192.168.1.15 - adrianamg [14/Aug/2021:09:06:29 -0500] "CONNECT mail.google.com:443 HTTP/1.1" 200 0 "HTTPS" "outgoing via 192.168.50.30"
192.168.1.15 - adrianamg [14/Aug/2021:09:06:30 -0500] "CONNECT play.google.com:443 HTTP/1.1" 200 0 "HTTPS" "outgoing via 192.168.50.30"
192.168.1.15 - adrianamg [14/Aug/2021:09:06:32 -0500] "CONNECT ssl.gstatic.com:443 HTTP/1.1" 200 0 "HTTPS" "outgoing via 192.168.50.30"
192.168.1.15 - adrianamg [14/Aug/2021:09:06:33 -0500] "POST http://ocsp.sectigo.com/ HTTP/1.1" 200 1040 "HTTP" ""
192.168.1.15 - adrianamg [14/Aug/2021:09:06:33 -0500] "CONNECT mail.google.com:443 HTTP/1.1" 200 0 "HTTPS" "outgoing via 192.168.50.30"
192.168.1.15 - adrianamg [14/Aug/2021:09:06:34 -0500] "POST http://ocsp.pki.goog/gts1c3 HTTP/1.1" 200 849 "HTTP" ""
192.168.1.15 - adrianamg [14/Aug/2021:09:06:35 -0500] "CONNECT addons.mozilla.org:443 HTTP/1.1" 200 0 "HTTPS" "outgoing via 192.168.50.30"
192.168.10.20 - arodriguez [14/Aug/2021:09:06:36 -0500] "CONNECT relay-096fe6d0.net.anydesk.com:80 HTTP/1.1" 200 0 "HTTPS" "outgoing via 192.168.50.30"
192.168.1.15 - adrianamg [14/Aug/2021:09:06:37 -0500] "CONNECT mail.google.com:443 HTTP/1.1" 200 0 "HTTPS" "outgoing via 192.168.50.30"
192.168.1.15 - adrianamg [14/Aug/2021:09:06:37 -0500] "CONNECT ssl.google-analytics.com:443 HTTP/1.1" 200 0 "HTTPS" "outgoing via 192.168.50.30"
192.168.1.15 - adrianamg [14/Aug/2021:09:06:42 -0500] "CONNECT play-lh.googleusercontent.com:443 HTTP/1.1" 200 0 "HTTPS" "outgoing via 192.168.50.30"
192.168.1.15 - adrianamg [14/Aug/2021:09:06:42 -0500] "CONNECT play-lh.googleusercontent.com:443 HTTP/1.1" 200 0 "HTTPS" "outgoing via 192.168.50.30"
192.168.1.15 - adrianamg [14/Aug/2021:09:06:42 -0500] "CONNECT play-lh.googleusercontent.com:443 HTTP/1.1" 200 0 "HTTPS" "outgoing via 192.168.50.30"
192.168.1.15 - adrianamg [14/Aug/2021:09:06:42 -0500] "CONNECT play-lh.googleusercontent.com:443 HTTP/1.1" 200 0 "HTTPS" "outgoing via 192.168.50.30"
192.168.1.15 - adrianamg [14/Aug/2021:09:06:42 -0500] "CONNECT play-lh.googleusercontent.com:443 HTTP/1.1" 200 0 "HTTPS" "outgoing via 192.168.50.30"
192.168.1.15 - adrianamg [14/Aug/2021:09:06:42 -0500] "CONNECT safebrowsing.googleapis.com:443 HTTP/1.1" 200 0 "HTTPS" "outgoing via 192.168.50.30"
192.168.1.15 - adrianamg [14/Aug/2021:09:06:42 -0500] "CONNECT mail.google.com:443 HTTP/1.1" 200 0 "HTTPS" "outgoing via 192.168.50.30"
192.168.1.15 - adrianamg [14/Aug/2021:09:06:43 -0500] "CONNECT addons-amo.cdn.mozilla.net:443 HTTP/1.1" 200 0 "HTTPS" "outgoing via 192.168.50.30"
192.168.1.15 - adrianamg [14/Aug/2021:09:06:43 -0500] "CONNECT addons-amo.cdn.mozilla.net:443 HTTP/1.1" 200 0 "HTTPS" "outgoing via 192.168.50.30"
192.168.1.15 - adrianamg [14/Aug/2021:09:06:43 -0500] "CONNECT addons-amo.cdn.mozilla.net:443 HTTP/1.1" 200 0 "HTTPS" "outgoing via 192.168.50.30"
192.168.1.15 - adrianamg [14/Aug/2021:09:06:43 -0500] "CONNECT addons.cdn.mozilla.net:443 HTTP/1.1" 200 0 "HTTPS" "outgoing via 192.168.50.30"
192.168.1.15 - adrianamg [14/Aug/2021:09:06:43 -0500] "CONNECT addons.cdn.mozilla.net:443 HTTP/1.1" 200 0 "HTTPS" "outgoing via 192.168.50.30"
192.168.1.15 - adrianamg [14/Aug/2021:09:06:46 -0500] "CONNECT addons.cdn.mozilla.net:443 HTTP/1.1" 200 0 "HTTPS" "outgoing via 192.168.50.30"
192.168.1.15 - adrianamg [14/Aug/2021:09:06:49 -0500] "CONNECT mail.google.com:443 HTTP/1.1" 200 0 "HTTPS" "outgoing via 192.168.50.30"
192.168.1.15 - adrianamg [14/Aug/2021:09:06:53 -0500] "CONNECT addons-amo.cdn.mozilla.net:443 HTTP/1.1" 200 0 "HTTPS" "outgoing via 192.168.50.30"
192.168.1.15 - adrianamg [14/Aug/2021:09:06:53 -0500] "CONNECT addons-amo.cdn.mozilla.net:443 HTTP/1.1" 200 0 "HTTPS" "outgoing via 192.168.50.30"
192.168.1.15 - adrianamg [14/Aug/2021:09:06:53 -0500] "CONNECT addons-amo.cdn.mozilla.net:443 HTTP/1.1" 200 0 "HTTPS" "outgoing via 192.168.50.30"
192.168.1.15 - adrianamg [14/Aug/2021:09:06:53 -0500] "CONNECT addons-amo.cdn.mozilla.net:443 HTTP/1.1" 200 0 "HTTPS" "outgoing via 192.168.50.30"
192.168.1.15 - adrianamg [14/Aug/2021:09:06:53 -0500] "CONNECT addons-amo.cdn.mozilla.net:443 HTTP/1.1" 200 0 "HTTPS" "outgoing via 192.168.50.30"
192.168.1.15 - adrianamg [14/Aug/2021:09:06:53 -0500] "CONNECT addons-amo.cdn.mozilla.net:443 HTTP/1.1" 200 0 "HTTPS" "outgoing via 192.168.50.30"
192.168.1.15 - adrianamg [14/Aug/2021:09:06:55 -0500] "CONNECT stats.g.doubleclick.net:443 HTTP/1.1" 200 0 "HTTPS" "outgoing via 192.168.50.30"
192.168.1.15 - adrianamg [14/Aug/2021:09:06:58 -0500] "CONNECT lh3.googleusercontent.com:443 HTTP/1.1" 200 0 "HTTPS" "outgoing via 192.168.50.30"
192.168.1.15 - adrianamg [14/Aug/2021:09:06:58 -0500] "CONNECT lh3.googleusercontent.com:443 HTTP/1.1" 200 0 "HTTPS" "outgoing via 192.168.50.30"
192.168.1.15 - adrianamg [14/Aug/2021:09:06:58 -0500] "CONNECT lh3.googleusercontent.com:443 HTTP/1.1" 200 0 "HTTPS" "outgoing via 192.168.50.30"
192.168.1.15 - adrianamg [14/Aug/2021:09:06:58 -0500] "CONNECT lh3.googleusercontent.com:443 HTTP/1.1" 200 0 "HTTPS" "outgoing via 192.168.50.30"
192.168.1.15 - adrianamg [14/Aug/2021:09:06:58 -0500] "CONNECT lh3.googleusercontent.com:443 HTTP/1.1" 200 0 "HTTPS" "outgoing via 192.168.50.30"
192.168.1.15 - adrianamg [14/Aug/2021:09:06:58 -0500] "CONNECT lh3.googleusercontent.com:443 HTTP/1.1" 200 0 "HTTPS" "outgoing via 192.168.50.30"
192.168.1.15 - adrianamg [14/Aug/2021:09:07:00 -0500] "CONNECT mail.google.com:443 HTTP/1.1" 200 0 "HTTPS" "outgoing via 192.168.50.30"
192.168.1.15 - rquintanilla [14/Aug/2021:09:07:03 -0500] "GET http://download.speedbit.com/dap10_full.exe HTTP/1.1" 200 804252 "HTTP" ""
192.168.1.15 - adrianamg [14/Aug/2021:09:07:04 -0500] "CONNECT incoming.telemetry.mozilla.org:443 HTTP/1.1" 200 0 "HTTPS" "outgoing via 192.168.50.30"
192.168.1.15 - adrianamg [14/Aug/2021:09:07:04 -0500] "CONNECT scone-pa.clients6.google.com:443 HTTP/1.1" 200 0 "HTTPS" "outgoing via 192.168.50.30"
192.168.1.15 - adrianamg [14/Aug/2021:09:07:05 -0500] "POST http://ocsp.pki.goog/gts1c3 HTTP/1.1" 200 849 "HTTP" ""
192.168.1.15 - adrianamg [14/Aug/2021:09:07:05 -0500] "POST http://ocsp.pki.goog/gts1c3 HTTP/1.1" 200 849 "HTTP" ""
192.168.10.20 - arodriguez [14/Aug/2021:09:07:06 -0500] "CONNECT relay-096fe6d0.net.anydesk.com:80 HTTP/1.1" 200 0 "HTTPS" "outgoing via 192.168.50.30"
192.168.1.15 - adrianamg [14/Aug/2021:09:07:08 -0500] "POST http://ocsp.pki.goog/gts1c3 HTTP/1.1" 200 850 "HTTP" ""
192.168.1.15 - adrianamg [14/Aug/2021:09:07:08 -0500] "CONNECT addons.mozilla.org:443 HTTP/1.1" 200 0 "HTTPS" "outgoing via 192.168.50.30"
192.168.1.15 - adrianamg [14/Aug/2021:09:07:08 -0500] "CONNECT mail.google.com:443 HTTP/1.1" 200 0 "HTTPS" "outgoing via 192.168.50.30"
192.168.1.15 - adrianamg [14/Aug/2021:09:07:15 -0500] "CONNECT mail.google.com:443 HTTP/1.1" 200 0 "HTTPS" "outgoing via 192.168.50.30"
192.168.1.15 - adrianamg [14/Aug/2021:09:07:19 -0500] "CONNECT stats.g.doubleclick.net:443 HTTP/1.1" 200 0 "HTTPS" "outgoing via 192.168.50.30"
192.168.1.15 - adrianamg [14/Aug/2021:09:07:24 -0500] "CONNECT mail.google.com:443 HTTP/1.1" 200 0 "HTTPS" "outgoing via 192.168.50.30"
192.168.1.15 - adrianamg [14/Aug/2021:09:07:30 -0500] "CONNECT mail.google.com:443 HTTP/1.1" 200 0 "HTTPS" "outgoing via 192.168.50.30"
192.168.1.15 - adrianamg [14/Aug/2021:09:07:31 -0500] "GET http://pix.speedbit.com/SB_Homepage.gif HTTP/1.1" 200 421 "HTTP" ""
192.168.1.15 - adrianamg [14/Aug/2021:09:07:31 -0500] "GET http://www.speedbit.com/img/spacer.gif HTTP/1.1" 200 616 "HTTP" ""
192.168.1.15 - adrianamg [14/Aug/2021:09:07:32 -0500] "GET http://mag.speedbit.com/stn.ashx?exp=2&auto=1&setDs=1&SetHp=1&sid=&aff=YA&sub=1&dmi=&layout=C&set=go&br=all&_callback=jQuery17205999142562402181_1628946332125&_=1628946332219 HTTP/1.1" 200 435 "HTTP" ""
192.168.1.15 - adrianamg [14/Aug/2021:09:07:32 -0500] "GET http://www.speedbit.com/img/socialicons.jpg HTTP/1.1" 200 395 "HTTP" ""
192.168.1.15 - adrianamg [14/Aug/2021:09:07:32 -0500] "GET http://mag.speedbit.com/stn.ashx?exp=2&sid=&aff=YA&sub=1&dmi=&layout=C&set=go&br=all&auto=1&setds=0&sethp=0&_callback=jQuery17205999142562402181_1628946332126&_=1628946332222 HTTP/1.1" 200 435 "HTTP" ""
192.168.1.15 - adrianamg [14/Aug/2021:09:07:33 -0500] "CONNECT mail.google.com:443 HTTP/1.1" 200 0 "HTTPS" "outgoing via 192.168.50.30"
192.168.10.20 - arodriguez [14/Aug/2021:09:07:35 -0500] "CONNECT relay-096fe6d0.net.anydesk.com:80 HTTP/1.1" 200 0 "HTTPS" "outgoing via 192.168.50.30"
192.168.1.15 - adrianamg [14/Aug/2021:09:07:35 -0500] "CONNECT mail.google.com:443 HTTP/1.1" 200 0 "HTTPS" "outgoing via 192.168.50.30"
192.168.1.15 - adrianamg [14/Aug/2021:09:07:38 -0500] "CONNECT mail.google.com:443 HTTP/1.1" 200 0 "HTTPS" "outgoing via 192.168.50.30"
192.168.1.15 - adrianamg [14/Aug/2021:09:07:47 -0500] "CONNECT 0.1.0.1:1001 HTTP/1.1" 200 0 "HTTPS" "outgoing via 192.168.50.30"
192.168.10.20 - arodriguez [14/Aug/2021:09:07:49 -0500] "CONNECT relay-11a3886a.net.anydesk.com:80 HTTP/1.1" 200 0 "HTTPS" "outgoing via 192.168.50.30"
192.168.1.15 - adrianamg [14/Aug/2021:09:08:02 -0500] "GET http://www.speedbit.com/img/spacer.gif HTTP/1.1" 200 394 "HTTP" ""
192.168.1.15 - adrianamg [14/Aug/2021:09:08:02 -0500] "GET http://mag.speedbit.com/stn.ashx?exp=2&sid=&aff=YA&sub=1&dmi=&layout=C&set=go&br=all&auto=1&setds=0&sethp=0&_callback=jQuery17209113121111350793_1628946353687&_=1628946361923 HTTP/1.1" 200 435 "HTTP" ""
192.168.1.15 - adrianamg [14/Aug/2021:09:08:02 -0500] "GET http://www.speedbit.com/img/speedbit-logo-footer.png HTTP/1.1" 200 394 "HTTP" ""
192.168.1.15 - adrianamg [14/Aug/2021:09:08:02 -0500] "GET http://mag.speedbit.com/stn.ashx?exp=2&auto=1&setDs=1&SetHp=1&sid=&aff=YA&sub=1&dmi=&layout=C&set=go&br=all&_callback=jQuery17209113121111350793_1628946353688&_=1628946361929 HTTP/1.1" 200 435 "HTTP" ""
192.168.1.15 - rquintanilla [14/Aug/2021:09:08:06 -0500] "GET http://download.speedbit.com/dap10_full.exe?Cache HTTP/1.1" 200 715366 "HTTP" ""
192.168.1.15 - adrianamg [14/Aug/2021:09:08:11 -0500] "GET http://www.speedbit.com/dap-subscribe/scripts/jquery.infieldlabel.min.js HTTP/1.1" 200 2156 "HTTP" ""
192.168.1.15 - adrianamg [14/Aug/2021:09:08:11 -0500] "GET http://www.speedbit.com/dap-subscribe/WebResource.axd?d=L8P950KlzAvOuh78JMG2DUymJ38DoWy5LWMRcOrISKX6XsZV8ThQb7zInmDbM6yN95jKWVBB2IDSglrgEiIPyr0C49dVQxdNr2OYRsAuF481&t=637100538060000000 HTTP/1.1" 200 23518 "HTTP" ""
192.168.10.20 - arodriguez [14/Aug/2021:09:08:18 -0500] "CONNECT relay-11a3886a.net.anydesk.com:80 HTTP/1.1" 200 0 "HTTPS" "outgoing via 192.168.50.30"
192.168.1.15 - adrianamg [14/Aug/2021:09:08:19 -0500] "CONNECT mail.google.com:443 HTTP/1.1" 200 0 "HTTPS" "outgoing via 192.168.50.30"
192.168.1.15 - adrianamg [14/Aug/2021:09:08:19 -0500] "GET http://www.speedbit.com/dap-subscribe/img/required.gif HTTP/1.1" 200 572 "HTTP" ""
192.168.1.15 - adrianamg [14/Aug/2021:09:08:20 -0500] "CONNECT mail.google.com:443 HTTP/1.1" 200 0 "HTTPS" "outgoing via 192.168.50.30"
192.168.1.15 - adrianamg [14/Aug/2021:09:08:21 -0500] "CONNECT mail.google.com:443 HTTP/1.1" 200 0 "HTTPS" "outgoing via 192.168.50.30"
192.168.1.15 - rquintanilla [14/Aug/2021:09:08:21 -0500] "GET http://download.speedbit.com/dap10_full.exe?Cache HTTP/1.1" 200 2705232 "HTTP" ""
192.168.1.15 - adrianamg [14/Aug/2021:09:08:23 -0500] "CONNECT mail.google.com:443 HTTP/1.1" 200 0 "HTTPS" "outgoing via 192.168.50.30"
192.168.1.15 - adrianamg [14/Aug/2021:09:08:24 -0500] "CONNECT mail.google.com:443 HTTP/1.1" 200 0 "HTTPS" "outgoing via 192.168.50.30"
192.168.1.15 - rquintanilla [14/Aug/2021:09:08:25 -0500] "GET http://download.speedbit.com/dap10_full.exe?Cache HTTP/1.1" 200 2705233 "HTTP" ""
192.168.1.15 - adrianamg [14/Aug/2021:09:08:25 -0500] "CONNECT mail.google.com:443 HTTP/1.1" 200 0 "HTTPS" "outgoing via 192.168.50.30"
192.168.1.15 - rquintanilla [14/Aug/2021:09:08:32 -0500] "GET http://download.speedbit.com/dap10_full.exe?Cache HTTP/1.1" 200 757517 "HTTP" ""
192.168.1.15 - rquintanilla [14/Aug/2021:09:08:33 -0500] "GET http://download.speedbit.com/dap10_full.exe?Cache HTTP/1.1" 200 2705232 "HTTP" ""
192.168.1.15 - adrianamg [14/Aug/2021:09:08:37 -0500] "POST http://ocsp.digicert.com/ HTTP/1.1" 200 947 "HTTP" ""
192.168.1.15 - adrianamg [14/Aug/2021:09:08:43 -0500] "POST http://ocsp.pki.goog/gts1c3 HTTP/1.1" 200 850 "HTTP" ""
192.168.1.15 - adrianamg [14/Aug/2021:09:08:44 -0500] "POST http://ocsp.pki.goog/gts1c3 HTTP/1.1" 200 850 "HTTP" ""
192.168.1.15 - adrianamg [14/Aug/2021:09:08:44 -0500] "POST http://ocsp.pki.goog/gts1c3 HTTP/1.1" 200 850 "HTTP" ""
192.168.1.15 - adrianamg [14/Aug/2021:09:08:44 -0500] "POST http://ocsp.pki.goog/gts1c3 HTTP/1.1" 200 850 "HTTP" ""
192.168.1.15 - adrianamg [14/Aug/2021:09:08:44 -0500] "POST http://ocsp.pki.goog/gts1c3 HTTP/1.1" 200 850 "HTTP" ""
192.168.10.20 - arodriguez [14/Aug/2021:09:08:47 -0500] "CONNECT relay-11a3886a.net.anydesk.com:80 HTTP/1.1" 200 0 "HTTPS" "outgoing via 192.168.50.30"
192.168.1.15 - adrianamg [14/Aug/2021:09:09:05 -0500] "POST http://ocsp.pki.goog/gts1c3 HTTP/1.1" 200 850 "HTTP" ""
192.168.1.15 - adrianamg [14/Aug/2021:09:09:05 -0500] "POST http://ocsp.pki.goog/gts1c3 HTTP/1.1" 200 850 "HTTP" ""
192.168.1.15 - adrianamg [14/Aug/2021:09:09:05 -0500] "POST http://ocsp.pki.goog/gts1c3 HTTP/1.1" 200 850 "HTTP" ""
192.168.1.15 - adrianamg [14/Aug/2021:09:09:05 -0500] "POST http://ocsp.pki.goog/gts1c3 HTTP/1.1" 200 850 "HTTP" ""
192.168.1.15 - adrianamg [14/Aug/2021:09:09:05 -0500] "POST http://ocsp.pki.goog/gts1c3 HTTP/1.1" 200 850 "HTTP" ""
192.168.1.15 - adrianamg [14/Aug/2021:09:09:08 -0500] "POST http://ocsp.pki.goog/gts1c3 HTTP/1.1" 200 850 "HTTP" ""
192.168.10.20 - arodriguez [14/Aug/2021:09:09:16 -0500] "CONNECT relay-11a3886a.net.anydesk.com:80 HTTP/1.1" 200 0 "HTTPS" "outgoing via 192.168.50.30"
192.168.1.15 - adrianamg [14/Aug/2021:09:09:19 -0500] "CONNECT mail.google.com:443 HTTP/1.1" 200 0 "HTTPS" "outgoing via 192.168.50.30"
192.168.1.15 - adrianamg [14/Aug/2021:09:09:21 -0500] "CONNECT mail.google.com:443 HTTP/1.1" 200 0 "HTTPS" "outgoing via 192.168.50.30"
192.168.1.15 - adrianamg [14/Aug/2021:09:09:24 -0500] "CONNECT mail.google.com:443 HTTP/1.1" 200 0 "HTTPS" "outgoing via 192.168.50.30"
192.168.1.15 - adrianamg [14/Aug/2021:09:09:26 -0500] "CONNECT mail.google.com:443 HTTP/1.1" 200 0 "HTTPS" "outgoing via 192.168.50.30"
192.168.1.15 - adrianamg [14/Aug/2021:09:09:29 -0500] "CONNECT mail.google.com:443 HTTP/1.1" 200 0 "HTTPS" "outgoing via 192.168.50.30"
192.168.1.15 - adrianamg [14/Aug/2021:09:09:31 -0500] "CONNECT mail.google.com:443 HTTP/1.1" 200 0 "HTTPS" "outgoing via 192.168.50.30"
192.168.1.15 - adrianamg [14/Aug/2021:09:09:33 -0500] "CONNECT mail.google.com:443 HTTP/1.1" 200 0 "HTTPS" "outgoing via 192.168.50.30"
192.168.1.15 - adrianamg [14/Aug/2021:09:09:36 -0500] "CONNECT mail.google.com:443 HTTP/1.1" 200 0 "HTTPS" "outgoing via 192.168.50.30"
192.168.10.20 - arodriguez [14/Aug/2021:09:09:44 -0500] "CONNECT relay-11a3886a.net.anydesk.com:80 HTTP/1.1" 200 0 "HTTPS" "outgoing via 192.168.50.30"
192.168.10.20 - arodriguez [14/Aug/2021:09:10:13 -0500] "CONNECT relay-11a3886a.net.anydesk.com:80 HTTP/1.1" 200 0 "HTTPS" "outgoing via 192.168.50.30"
192.168.1.15 - adrianamg [14/Aug/2021:09:10:19 -0500] "CONNECT mail.google.com:443 HTTP/1.1" 200 0 "HTTPS" "outgoing via 192.168.50.30"
192.168.1.15 - adrianamg [14/Aug/2021:09:10:21 -0500] "CONNECT mail.google.com:443 HTTP/1.1" 200 0 "HTTPS" "outgoing via 192.168.50.30"
192.168.1.15 - adrianamg [14/Aug/2021:09:10:24 -0500] "CONNECT mail.google.com:443 HTTP/1.1" 200 0 "HTTPS" "outgoing via 192.168.50.30"
