192.168.1.15 - adrianamg [19/Sep/2021:09:15:37 -0500] "CONNECT star-mode-extension.xyz:443 HTTP/1.1" 200 0 "HTTPS" "outgoing via 192.168.50.30"
192.168.1.15 - adrianamg [19/Sep/2021:09:15:37 -0500] "CONNECT star-mode-extension.xyz:443 HTTP/1.1" 200 0 "HTTPS" "outgoing via 192.168.50.30"
192.168.10.20 - arodriguez [19/Sep/2021:09:15:37 -0500] "CONNECT relay-629d065f.net.anydesk.com:80 HTTP/1.1" 200 0 "HTTPS" "outgoing via 192.168.50.30"
192.168.1.15 - adrianamg [19/Sep/2021:09:15:40 -0500] "CONNECT star-mode-extension.xyz:443 HTTP/1.1" 200 0 "HTTPS" "outgoing via 192.168.50.30"
192.168.1.15 - adrianamg [19/Sep/2021:09:15:40 -0500] "CONNECT star-mode-extension.xyz:443 HTTP/1.1" 200 0 "HTTPS" "outgoing via 192.168.50.30"
192.168.1.15 - adrianamg [19/Sep/2021:09:15:49 -0500] "CONNECT mail.google.com:443 HTTP/1.1" 200 0 "HTTPS" "outgoing via 192.168.50.30"
192.168.1.15 - adrianamg [19/Sep/2021:09:15:57 -0500] "CONNECT mail.google.com:443 HTTP/1.1" 200 0 "HTTPS" "outgoing via 192.168.50.30"
192.168.1.15 - adrianamg [19/Sep/2021:09:16:05 -0500] "CONNECT mail.google.com:443 HTTP/1.1" 200 0 "HTTPS" "outgoing via 192.168.50.30"
192.168.10.20 - arodriguez [19/Sep/2021:09:16:06 -0500] "CONNECT relay-629d065f.net.anydesk.com:80 HTTP/1.1" 200 0 "HTTPS" "outgoing via 192.168.50.30"
192.168.1.15 - adrianamg [19/Sep/2021:09:16:12 -0500] "CONNECT mail.google.com:443 HTTP/1.1" 200 0 "HTTPS" "outgoing via 192.168.50.30"
192.168.1.15 - adrianamg [19/Sep/2021:09:16:20 -0500] "CONNECT mail.google.com:443 HTTP/1.1" 200 0 "HTTPS" "outgoing via 192.168.50.30"
192.168.1.15 - adrianamg [19/Sep/2021:09:16:28 -0500] "CONNECT mail.google.com:443 HTTP/1.1" 200 0 "HTTPS" "outgoing via 192.168.50.30"
192.168.1.15 - adrianamg [19/Sep/2021:09:16:33 -0500] "CONNECT contile.services.mozilla.com:443 HTTP/1.1" 200 0 "HTTPS" "outgoing via 192.168.50.30"
192.168.10.20 - arodriguez [19/Sep/2021:09:16:35 -0500] "CONNECT relay-629d065f.net.anydesk.com:80 HTTP/1.1" 200 0 "HTTPS" "outgoing via 192.168.50.30"
192.168.1.15 - adrianamg [19/Sep/2021:09:16:49 -0500] "CONNECT mail.google.com:443 HTTP/1.1" 200 0 "HTTPS" "outgoing via 192.168.50.30"
192.168.1.15 - adrianamg [19/Sep/2021:09:16:52 -0500] "CONNECT 0.1.0.1:1001 HTTP/1.1" 200 0 "HTTPS" "outgoing via 192.168.50.30"
192.168.1.15 - adrianamg [19/Sep/2021:09:16:57 -0500] "CONNECT mail.google.com:443 HTTP/1.1" 200 0 "HTTPS" "outgoing via 192.168.50.30"
192.168.10.20 - arodriguez [19/Sep/2021:09:17:04 -0500] "CONNECT relay-629d065f.net.anydesk.com:80 HTTP/1.1" 200 0 "HTTPS" "outgoing via 192.168.50.30"
192.168.1.15 - adrianamg [19/Sep/2021:09:17:05 -0500] "CONNECT mail.google.com:443 HTTP/1.1" 200 0 "HTTPS" "outgoing via 192.168.50.30"
192.168.1.15 - adrianamg [19/Sep/2021:09:17:13 -0500] "CONNECT mail.google.com:443 HTTP/1.1" 200 0 "HTTPS" "outgoing via 192.168.50.30"
192.168.1.15 - adrianamg [19/Sep/2021:09:17:21 -0500] "CONNECT mail.google.com:443 HTTP/1.1" 200 0 "HTTPS" "outgoing via 192.168.50.30"
192.168.1.15 - adrianamg [19/Sep/2021:09:17:28 -0500] "CONNECT mail.google.com:443 HTTP/1.1" 200 0 "HTTPS" "outgoing via 192.168.50.30"
192.168.10.20 - arodriguez [19/Sep/2021:09:17:33 -0500] "CONNECT relay-629d065f.net.anydesk.com:80 HTTP/1.1" 200 0 "HTTPS" "outgoing via 192.168.50.30"
192.168.1.15 - adrianamg [19/Sep/2021:09:17:39 -0500] "POST http://r3.o.lencr.org/ HTTP/1.1" 200 1013 "HTTP" ""
192.168.1.15 - adrianamg [19/Sep/2021:09:17:39 -0500] "POST http://r3.o.lencr.org/ HTTP/1.1" 200 1013 "HTTP" ""
192.168.1.15 - adrianamg [19/Sep/2021:09:17:42 -0500] "POST http://r3.o.lencr.org/ HTTP/1.1" 200 1013 "HTTP" ""
192.168.1.15 - adrianamg [19/Sep/2021:09:17:43 -0500] "POST http://r3.o.lencr.org/ HTTP/1.1" 200 1013 "HTTP" ""
192.168.1.15 - adrianamg [19/Sep/2021:09:17:44 -0500] "POST http://r3.o.lencr.org/ HTTP/1.1" 200 1013 "HTTP" ""
192.168.1.15 - adrianamg [19/Sep/2021:09:17:44 -0500] "POST http://r3.o.lencr.org/ HTTP/1.1" 200 1013 "HTTP" ""
192.168.1.15 - adrianamg [19/Sep/2021:09:17:49 -0500] "CONNECT mail.google.com:443 HTTP/1.1" 200 0 "HTTPS" "outgoing via 192.168.50.30"
192.168.1.15 - adrianamg [19/Sep/2021:09:17:57 -0500] "CONNECT mail.google.com:443 HTTP/1.1" 200 0 "HTTPS" "outgoing via 192.168.50.30"
192.168.10.20 - arodriguez [19/Sep/2021:09:18:02 -0500] "CONNECT relay-629d065f.net.anydesk.com:80 HTTP/1.1" 200 0 "HTTPS" "outgoing via 192.168.50.30"
192.168.1.15 - adrianamg [19/Sep/2021:09:18:05 -0500] "CONNECT mail.google.com:443 HTTP/1.1" 200 0 "HTTPS" "outgoing via 192.168.50.30"
192.168.1.15 - adrianamg [19/Sep/2021:09:18:13 -0500] "CONNECT mail.google.com:443 HTTP/1.1" 200 0 "HTTPS" "outgoing via 192.168.50.30"
192.168.1.15 - adrianamg [19/Sep/2021:09:18:20 -0500] "CONNECT mail.google.com:443 HTTP/1.1" 200 0 "HTTPS" "outgoing via 192.168.50.30"
192.168.1.15 - adrianamg [19/Sep/2021:09:18:28 -0500] "CONNECT mail.google.com:443 HTTP/1.1" 200 0 "HTTPS" "outgoing via 192.168.50.30"
192.168.10.20 - arodriguez [19/Sep/2021:09:18:31 -0500] "CONNECT relay-629d065f.net.anydesk.com:80 HTTP/1.1" 200 0 "HTTPS" "outgoing via 192.168.50.30"
192.168.1.15 - adrianamg [19/Sep/2021:09:18:49 -0500] "CONNECT mail.google.com:443 HTTP/1.1" 200 0 "HTTPS" "outgoing via 192.168.50.30"
192.168.1.15 - adrianamg [19/Sep/2021:09:18:57 -0500] "CONNECT mail.google.com:443 HTTP/1.1" 200 0 "HTTPS" "outgoing via 192.168.50.30"
192.168.10.20 - arodriguez [19/Sep/2021:09:19:00 -0500] "CONNECT relay-629d065f.net.anydesk.com:80 HTTP/1.1" 200 0 "HTTPS" "outgoing via 192.168.50.30"
192.168.1.15 - adrianamg [19/Sep/2021:09:19:05 -0500] "CONNECT mail.google.com:443 HTTP/1.1" 200 0 "HTTPS" "outgoing via 192.168.50.30"
192.168.1.15 - adrianamg [19/Sep/2021:09:19:12 -0500] "CONNECT mail.google.com:443 HTTP/1.1" 200 0 "HTTPS" "outgoing via 192.168.50.30"
192.168.1.15 - adrianamg [19/Sep/2021:09:19:20 -0500] "CONNECT mail.google.com:443 HTTP/1.1" 200 0 "HTTPS" "outgoing via 192.168.50.30"
192.168.1.15 - adrianamg [19/Sep/2021:09:19:28 -0500] "CONNECT mail.google.com:443 HTTP/1.1" 200 0 "HTTPS" "outgoing via 192.168.50.30"
192.168.10.20 - arodriguez [19/Sep/2021:09:19:29 -0500] "CONNECT relay-629d065f.net.anydesk.com:80 HTTP/1.1" 200 0 "HTTPS" "outgoing via 192.168.50.30"
192.168.1.15 - adrianamg [19/Sep/2021:09:19:48 -0500] "CONNECT 0.1.0.1:1001 HTTP/1.1" 200 0 "HTTPS" "outgoing via 192.168.50.30"
192.168.1.15 - adrianamg [19/Sep/2021:09:19:49 -0500] "CONNECT mail.google.com:443 HTTP/1.1" 200 0 "HTTPS" "outgoing via 192.168.50.30"
192.168.1.15 - adrianamg [19/Sep/2021:09:19:57 -0500] "CONNECT mail.google.com:443 HTTP/1.1" 200 0 "HTTPS" "outgoing via 192.168.50.30"
192.168.10.20 - arodriguez [19/Sep/2021:09:19:58 -0500] "CONNECT relay-629d065f.net.anydesk.com:80 HTTP/1.1" 200 0 "HTTPS" "outgoing via 192.168.50.30"
192.168.1.15 - adrianamg [19/Sep/2021:09:20:05 -0500] "CONNECT mail.google.com:443 HTTP/1.1" 200 0 "HTTPS" "outgoing via 192.168.50.30"
192.168.1.15 - adrianamg [19/Sep/2021:09:20:13 -0500] "CONNECT mail.google.com:443 HTTP/1.1" 200 0 "HTTPS" "outgoing via 192.168.50.30"
192.168.1.15 - adrianamg [19/Sep/2021:09:20:21 -0500] "CONNECT mail.google.com:443 HTTP/1.1" 200 0 "HTTPS" "outgoing via 192.168.50.30"
192.168.10.20 - arodriguez [19/Sep/2021:09:20:27 -0500] "CONNECT relay-629d065f.net.anydesk.com:80 HTTP/1.1" 200 0 "HTTPS" "outgoing via 192.168.50.30"
192.168.1.15 - adrianamg [19/Sep/2021:09:20:29 -0500] "CONNECT mail.google.com:443 HTTP/1.1" 200 0 "HTTPS" "outgoing via 192.168.50.30"
192.168.1.15 - adrianamg [19/Sep/2021:09:20:49 -0500] "CONNECT mail.google.com:443 HTTP/1.1" 200 0 "HTTPS" "outgoing via 192.168.50.30"
192.168.10.20 - arodriguez [19/Sep/2021:09:20:56 -0500] "CONNECT relay-629d065f.net.anydesk.com:80 HTTP/1.1" 200 0 "HTTPS" "outgoing via 192.168.50.30"
192.168.1.15 - adrianamg [19/Sep/2021:09:20:57 -0500] "CONNECT mail.google.com:443 HTTP/1.1" 200 0 "HTTPS" "outgoing via 192.168.50.30"
192.168.1.15 - adrianamg [19/Sep/2021:09:21:05 -0500] "CONNECT mail.google.com:443 HTTP/1.1" 200 0 "HTTPS" "outgoing via 192.168.50.30"
192.168.1.15 - adrianamg [19/Sep/2021:09:21:12 -0500] "CONNECT mail.google.com:443 HTTP/1.1" 200 0 "HTTPS" "outgoing via 192.168.50.30"
192.168.1.15 - adrianamg [19/Sep/2021:09:21:20 -0500] "CONNECT mail.google.com:443 HTTP/1.1" 200 0 "HTTPS" "outgoing via 192.168.50.30"
192.168.10.20 - arodriguez [19/Sep/2021:09:21:25 -0500] "CONNECT relay-629d065f.net.anydesk.com:80 HTTP/1.1" 200 0 "HTTPS" "outgoing via 192.168.50.30"
192.168.1.15 - adrianamg [19/Sep/2021:09:21:28 -0500] "CONNECT mail.google.com:443 HTTP/1.1" 200 0 "HTTPS" "outgoing via 192.168.50.30"
192.168.1.15 - adrianamg [19/Sep/2021:09:21:49 -0500] "CONNECT mail.google.com:443 HTTP/1.1" 200 0 "HTTPS" "outgoing via 192.168.50.30"
192.168.10.20 - arodriguez [19/Sep/2021:09:21:54 -0500] "CONNECT relay-629d065f.net.anydesk.com:80 HTTP/1.1" 200 0 "HTTPS" "outgoing via 192.168.50.30"
192.168.1.15 - adrianamg [19/Sep/2021:09:21:57 -0500] "CONNECT mail.google.com:443 HTTP/1.1" 200 0 "HTTPS" "outgoing via 192.168.50.30"
192.168.1.15 - adrianamg [19/Sep/2021:09:22:05 -0500] "CONNECT mail.google.com:443 HTTP/1.1" 200 0 "HTTPS" "outgoing via 192.168.50.30"
192.168.1.15 - adrianamg [19/Sep/2021:09:22:13 -0500] "CONNECT mail.google.com:443 HTTP/1.1" 200 0 "HTTPS" "outgoing via 192.168.50.30"
192.168.1.15 - adrianamg [19/Sep/2021:09:22:21 -0500] "CONNECT mail.google.com:443 HTTP/1.1" 200 0 "HTTPS" "outgoing via 192.168.50.30"
192.168.10.20 - arodriguez [19/Sep/2021:09:22:23 -0500] "CONNECT relay-629d065f.net.anydesk.com:80 HTTP/1.1" 200 0 "HTTPS" "outgoing via 192.168.50.30"
192.168.50.220 - servidores [19/Sep/2021:09:22:28 -0500] "CONNECT mirrors.fedoraproject.org:443 HTTP/1.1" 200 0 "HTTPS" "outgoing via 192.168.50.30"
192.168.1.15 - adrianamg [19/Sep/2021:09:22:28 -0500] "CONNECT mail.google.com:443 HTTP/1.1" 200 0 "HTTPS" "outgoing via 192.168.50.30"
192.168.50.220 - servidores [19/Sep/2021:09:22:33 -0500] "CONNECT repo.ius.io:443 HTTP/1.1" 200 0 "HTTPS" "outgoing via 192.168.50.30"
192.168.50.220 - servidores [19/Sep/2021:09:22:35 -0500] "CONNECT download.postgresql.org:443 HTTP/1.1" 200 0 "HTTPS" "outgoing via 192.168.50.30"
192.168.1.15 - adrianamg [19/Sep/2021:09:22:49 -0500] "CONNECT 0.1.0.1:1001 HTTP/1.1" 200 0 "HTTPS" "outgoing via 192.168.50.30"
192.168.1.15 - adrianamg [19/Sep/2021:09:22:49 -0500] "CONNECT mail.google.com:443 HTTP/1.1" 200 0 "HTTPS" "outgoing via 192.168.50.30"
192.168.10.20 - arodriguez [19/Sep/2021:09:22:52 -0500] "CONNECT relay-629d065f.net.anydesk.com:80 HTTP/1.1" 200 0 "HTTPS" "outgoing via 192.168.50.30"
192.168.50.220 - servidores [19/Sep/2021:09:22:54 -0500] "CONNECT download.postgresql.org:443 HTTP/1.1" 200 0 "HTTPS" "outgoing via 192.168.50.30"
192.168.1.15 - adrianamg [19/Sep/2021:09:22:57 -0500] "CONNECT mail.google.com:443 HTTP/1.1" 200 0 "HTTPS" "outgoing via 192.168.50.30"
192.168.50.220 - servidores [19/Sep/2021:09:22:59 -0500] "CONNECT mirrors.chroot.ro:443 HTTP/1.1" 200 0 "HTTPS" "outgoing via 192.168.50.30"
192.168.50.220 - servidores [19/Sep/2021:09:23:01 -0500] "CONNECT download.rethinkdb.com:443 HTTP/1.1" 200 0 "HTTPS" "outgoing via 192.168.50.30"
192.168.1.15 - adrianamg [19/Sep/2021:09:23:05 -0500] "CONNECT mail.google.com:443 HTTP/1.1" 200 0 "HTTPS" "outgoing via 192.168.50.30"
192.168.1.15 - adrianamg [19/Sep/2021:09:23:13 -0500] "CONNECT mail.google.com:443 HTTP/1.1" 200 0 "HTTPS" "outgoing via 192.168.50.30"
192.168.1.15 - adrianamg [19/Sep/2021:09:23:20 -0500] "CONNECT mail.google.com:443 HTTP/1.1" 200 0 "HTTPS" "outgoing via 192.168.50.30"
192.168.10.20 - arodriguez [19/Sep/2021:09:23:21 -0500] "CONNECT relay-629d065f.net.anydesk.com:80 HTTP/1.1" 200 0 "HTTPS" "outgoing via 192.168.50.30"
192.168.1.15 - adrianamg [19/Sep/2021:09:23:28 -0500] "CONNECT mail.google.com:443 HTTP/1.1" 200 0 "HTTPS" "outgoing via 192.168.50.30"
192.168.1.15 - adrianamg [19/Sep/2021:09:23:49 -0500] "CONNECT mail.google.com:443 HTTP/1.1" 200 0 "HTTPS" "outgoing via 192.168.50.30"
192.168.10.20 - arodriguez [19/Sep/2021:09:23:50 -0500] "CONNECT relay-629d065f.net.anydesk.com:80 HTTP/1.1" 200 0 "HTTPS" "outgoing via 192.168.50.30"
192.168.1.15 - adrianamg [19/Sep/2021:09:23:57 -0500] "CONNECT mail.google.com:443 HTTP/1.1" 200 0 "HTTPS" "outgoing via 192.168.50.30"
192.168.1.15 - adrianamg [19/Sep/2021:09:24:05 -0500] "CONNECT mail.google.com:443 HTTP/1.1" 200 0 "HTTPS" "outgoing via 192.168.50.30"
192.168.1.15 - adrianamg [19/Sep/2021:09:24:12 -0500] "CONNECT mail.google.com:443 HTTP/1.1" 200 0 "HTTPS" "outgoing via 192.168.50.30"
192.168.10.20 - arodriguez [19/Sep/2021:09:24:19 -0500] "CONNECT relay-629d065f.net.anydesk.com:80 HTTP/1.1" 200 0 "HTTPS" "outgoing via 192.168.50.30"
192.168.10.20 - arodriguez [19/Sep/2021:09:24:20 -0500] "CONNECT relay-629d065f.net.anydesk.com:443 HTTP/1.1" 200 0 "HTTPS" "outgoing via 192.168.50.30"
192.168.1.15 - adrianamg [19/Sep/2021:09:24:20 -0500] "CONNECT mail.google.com:443 HTTP/1.1" 200 0 "HTTPS" "outgoing via 192.168.50.30"
192.168.1.15 - adrianamg [19/Sep/2021:09:24:28 -0500] "CONNECT mail.google.com:443 HTTP/1.1" 200 0 "HTTPS" "outgoing via 192.168.50.30"
192.168.10.20 - arodriguez [19/Sep/2021:09:24:49 -0500] "CONNECT relay-629d065f.net.anydesk.com:80 HTTP/1.1" 200 0 "HTTPS" "outgoing via 192.168.50.30"
192.168.1.15 - adrianamg [19/Sep/2021:09:24:49 -0500] "CONNECT mail.google.com:443 HTTP/1.1" 200 0 "HTTPS" "outgoing via 192.168.50.30"
192.168.1.15 - adrianamg [19/Sep/2021:09:24:57 -0500] "CONNECT mail.google.com:443 HTTP/1.1" 200 0 "HTTPS" "outgoing via 192.168.50.30"
192.168.1.15 - adrianamg [19/Sep/2021:09:25:05 -0500] "CONNECT mail.google.com:443 HTTP/1.1" 200 0 "HTTPS" "outgoing via 192.168.50.30"
192.168.1.15 - adrianamg [19/Sep/2021:09:25:13 -0500] "CONNECT mail.google.com:443 HTTP/1.1" 200 0 "HTTPS" "outgoing via 192.168.50.30"
192.168.10.20 - arodriguez [19/Sep/2021:09:25:18 -0500] "CONNECT relay-629d065f.net.anydesk.com:80 HTTP/1.1" 200 0 "HTTPS" "outgoing via 192.168.50.30"
192.168.1.15 - adrianamg [19/Sep/2021:09:25:20 -0500] "CONNECT mail.google.com:443 HTTP/1.1" 200 0 "HTTPS" "outgoing via 192.168.50.30"
192.168.1.15 - adrianamg [19/Sep/2021:09:25:28 -0500] "CONNECT mail.google.com:443 HTTP/1.1" 200 0 "HTTPS" "outgoing via 192.168.50.30"
192.168.10.20 - arodriguez [19/Sep/2021:09:25:47 -0500] "CONNECT relay-629d065f.net.anydesk.com:80 HTTP/1.1" 200 0 "HTTPS" "outgoing via 192.168.50.30"
192.168.1.15 - adrianamg [19/Sep/2021:09:25:49 -0500] "CONNECT mail.google.com:443 HTTP/1.1" 200 0 "HTTPS" "outgoing via 192.168.50.30"
192.168.1.15 - adrianamg [19/Sep/2021:09:25:56 -0500] "CONNECT 0.1.0.1:1001 HTTP/1.1" 200 0 "HTTPS" "outgoing via 192.168.50.30"
192.168.1.15 - adrianamg [19/Sep/2021:09:25:57 -0500] "CONNECT safebrowsing.googleapis.com:443 HTTP/1.1" 200 0 "HTTPS" "outgoing via 192.168.50.30"
192.168.1.15 - adrianamg [19/Sep/2021:09:25:57 -0500] "CONNECT mail.google.com:443 HTTP/1.1" 200 0 "HTTPS" "outgoing via 192.168.50.30"
192.168.1.15 - adrianamg [19/Sep/2021:09:26:05 -0500] "CONNECT mail.google.com:443 HTTP/1.1" 200 0 "HTTPS" "outgoing via 192.168.50.30"
192.168.1.15 - adrianamg [19/Sep/2021:09:26:13 -0500] "CONNECT mail.google.com:443 HTTP/1.1" 200 0 "HTTPS" "outgoing via 192.168.50.30"
192.168.10.20 - arodriguez [19/Sep/2021:09:26:16 -0500] "CONNECT relay-629d065f.net.anydesk.com:80 HTTP/1.1" 200 0 "HTTPS" "outgoing via 192.168.50.30"
192.168.1.15 - adrianamg [19/Sep/2021:09:26:20 -0500] "CONNECT mail.google.com:443 HTTP/1.1" 200 0 "HTTPS" "outgoing via 192.168.50.30"
192.168.1.15 - adrianamg [19/Sep/2021:09:26:28 -0500] "CONNECT mail.google.com:443 HTTP/1.1" 200 0 "HTTPS" "outgoing via 192.168.50.30"
192.168.10.20 - arodriguez [19/Sep/2021:09:26:45 -0500] "CONNECT relay-629d065f.net.anydesk.com:80 HTTP/1.1" 200 0 "HTTPS" "outgoing via 192.168.50.30"
192.168.1.15 - adrianamg [19/Sep/2021:09:26:49 -0500] "CONNECT mail.google.com:443 HTTP/1.1" 200 0 "HTTPS" "outgoing via 192.168.50.30"
192.168.1.15 - adrianamg [19/Sep/2021:09:26:53 -0500] "CONNECT location.services.mozilla.com:443 HTTP/1.1" 200 0 "HTTPS" "outgoing via 192.168.50.30"
192.168.1.15 - adrianamg [19/Sep/2021:09:26:57 -0500] "CONNECT mail.google.com:443 HTTP/1.1" 200 0 "HTTPS" "outgoing via 192.168.50.30"
192.168.1.15 - adrianamg [19/Sep/2021:09:27:05 -0500] "CONNECT mail.google.com:443 HTTP/1.1" 200 0 "HTTPS" "outgoing via 192.168.50.30"
192.168.1.15 - adrianamg [19/Sep/2021:09:27:12 -0500] "CONNECT mail.google.com:443 HTTP/1.1" 200 0 "HTTPS" "outgoing via 192.168.50.30"
192.168.10.20 - arodriguez [19/Sep/2021:09:27:14 -0500] "CONNECT relay-629d065f.net.anydesk.com:80 HTTP/1.1" 200 0 "HTTPS" "outgoing via 192.168.50.30"
192.168.1.15 - adrianamg [19/Sep/2021:09:27:20 -0500] "CONNECT mail.google.com:443 HTTP/1.1" 200 0 "HTTPS" "outgoing via 192.168.50.30"
192.168.1.15 - adrianamg [19/Sep/2021:09:27:24 -0500] "CONNECT incoming.telemetry.mozilla.org:443 HTTP/1.1" 200 0 "HTTPS" "outgoing via 192.168.50.30"
192.168.1.15 - adrianamg [19/Sep/2021:09:27:28 -0500] "CONNECT mail.google.com:443 HTTP/1.1" 200 0 "HTTPS" "outgoing via 192.168.50.30"
192.168.10.20 - arodriguez [19/Sep/2021:09:27:42 -0500] "CONNECT relay-629d065f.net.anydesk.com:80 HTTP/1.1" 200 0 "HTTPS" "outgoing via 192.168.50.30"
192.168.1.15 - adrianamg [19/Sep/2021:09:27:49 -0500] "CONNECT mail.google.com:443 HTTP/1.1" 200 0 "HTTPS" "outgoing via 192.168.50.30"
192.168.1.15 - adrianamg [19/Sep/2021:09:27:58 -0500] "CONNECT mail.google.com:443 HTTP/1.1" 200 0 "HTTPS" "outgoing via 192.168.50.30"
192.168.1.15 - adrianamg [19/Sep/2021:09:28:06 -0500] "CONNECT mail.google.com:443 HTTP/1.1" 200 0 "HTTPS" "outgoing via 192.168.50.30"
192.168.10.20 - arodriguez [19/Sep/2021:09:28:11 -0500] "CONNECT relay-629d065f.net.anydesk.com:80 HTTP/1.1" 200 0 "HTTPS" "outgoing via 192.168.50.30"
192.168.1.15 - adrianamg [19/Sep/2021:09:28:13 -0500] "CONNECT mail.google.com:443 HTTP/1.1" 200 0 "HTTPS" "outgoing via 192.168.50.30"
192.168.1.15 - adrianamg [19/Sep/2021:09:28:21 -0500] "CONNECT mail.google.com:443 HTTP/1.1" 200 0 "HTTPS" "outgoing via 192.168.50.30"
192.168.1.15 - adrianamg [19/Sep/2021:09:28:29 -0500] "CONNECT mail.google.com:443 HTTP/1.1" 200 0 "HTTPS" "outgoing via 192.168.50.30"
192.168.10.20 - arodriguez [19/Sep/2021:09:28:40 -0500] "CONNECT relay-629d065f.net.anydesk.com:80 HTTP/1.1" 200 0 "HTTPS" "outgoing via 192.168.50.30"
192.168.1.15 - adrianamg [19/Sep/2021:09:28:49 -0500] "CONNECT mail.google.com:443 HTTP/1.1" 200 0 "HTTPS" "outgoing via 192.168.50.30"
192.168.1.15 - adrianamg [19/Sep/2021:09:28:55 -0500] "POST http://ocsp.digicert.com/ HTTP/1.1" 200 947 "HTTP" ""
192.168.1.15 - adrianamg [19/Sep/2021:09:28:57 -0500] "CONNECT mail.google.com:443 HTTP/1.1" 200 0 "HTTPS" "outgoing via 192.168.50.30"
192.168.1.15 - adrianamg [19/Sep/2021:09:29:05 -0500] "CONNECT mail.google.com:443 HTTP/1.1" 200 0 "HTTPS" "outgoing via 192.168.50.30"
192.168.1.15 - adrianamg [19/Sep/2021:09:29:09 -0500] "CONNECT 0.1.0.1:1001 HTTP/1.1" 200 0 "HTTPS" "outgoing via 192.168.50.30"
192.168.10.20 - arodriguez [19/Sep/2021:09:29:09 -0500] "CONNECT relay-629d065f.net.anydesk.com:80 HTTP/1.1" 200 0 "HTTPS" "outgoing via 192.168.50.30"
192.168.1.15 - adrianamg [19/Sep/2021:09:29:13 -0500] "CONNECT mail.google.com:443 HTTP/1.1" 200 0 "HTTPS" "outgoing via 192.168.50.30"
192.168.1.15 - adrianamg [19/Sep/2021:09:29:20 -0500] "CONNECT mail.google.com:443 HTTP/1.1" 200 0 "HTTPS" "outgoing via 192.168.50.30"
192.168.1.15 - adrianamg [19/Sep/2021:09:29:28 -0500] "CONNECT mail.google.com:443 HTTP/1.1" 200 0 "HTTPS" "outgoing via 192.168.50.30"
192.168.10.20 - arodriguez [19/Sep/2021:09:29:38 -0500] "CONNECT relay-629d065f.net.anydesk.com:80 HTTP/1.1" 200 0 "HTTPS" "outgoing via 192.168.50.30"
192.168.1.15 - adrianamg [19/Sep/2021:09:29:49 -0500] "CONNECT mail.google.com:443 HTTP/1.1" 200 0 "HTTPS" "outgoing via 192.168.50.30"
192.168.1.15 - adrianamg [19/Sep/2021:09:29:58 -0500] "CONNECT mail.google.com:443 HTTP/1.1" 200 0 "HTTPS" "outgoing via 192.168.50.30"
192.168.1.15 - adrianamg [19/Sep/2021:09:30:05 -0500] "CONNECT mail.google.com:443 HTTP/1.1" 200 0 "HTTPS" "outgoing via 192.168.50.30"
192.168.10.20 - arodriguez [19/Sep/2021:09:30:07 -0500] "CONNECT relay-629d065f.net.anydesk.com:80 HTTP/1.1" 200 0 "HTTPS" "outgoing via 192.168.50.30"
192.168.1.15 - adrianamg [19/Sep/2021:09:30:13 -0500] "CONNECT mail.google.com:443 HTTP/1.1" 200 0 "HTTPS" "outgoing via 192.168.50.30"
192.168.1.15 - adrianamg [19/Sep/2021:09:30:21 -0500] "CONNECT mail.google.com:443 HTTP/1.1" 200 0 "HTTPS" "outgoing via 192.168.50.30"
192.168.1.15 - adrianamg [19/Sep/2021:09:30:31 -0500] "CONNECT mail.google.com:443 HTTP/1.1" 200 0 "HTTPS" "outgoing via 192.168.50.30"
192.168.10.20 - arodriguez [19/Sep/2021:09:30:36 -0500] "CONNECT relay-629d065f.net.anydesk.com:80 HTTP/1.1" 200 0 "HTTPS" "outgoing via 192.168.50.30"
192.168.1.15 - adrianamg [19/Sep/2021:09:30:37 -0500] "CONNECT star-mode-extension.xyz:443 HTTP/1.1" 200 0 "HTTPS" "outgoing via 192.168.50.30"
192.168.1.15 - adrianamg [19/Sep/2021:09:30:37 -0500] "CONNECT star-mode-extension.xyz:443 HTTP/1.1" 200 0 "HTTPS" "outgoing via 192.168.50.30"
192.168.1.15 - adrianamg [19/Sep/2021:09:30:40 -0500] "CONNECT star-mode-extension.xyz:443 HTTP/1.1" 200 0 "HTTPS" "outgoing via 192.168.50.30"
192.168.1.15 - adrianamg [19/Sep/2021:09:30:40 -0500] "CONNECT star-mode-extension.xyz:443 HTTP/1.1" 200 0 "HTTPS" "outgoing via 192.168.50.30"
192.168.1.15 - adrianamg [19/Sep/2021:09:30:43 -0500] "CONNECT star-mode-extension.xyz:443 HTTP/1.1" 200 0 "HTTPS" "outgoing via 192.168.50.30"
192.168.1.15 - adrianamg [19/Sep/2021:09:30:43 -0500] "CONNECT star-mode-extension.xyz:443 HTTP/1.1" 200 0 "HTTPS" "outgoing via 192.168.50.30"
192.168.1.15 - adrianamg [19/Sep/2021:09:30:49 -0500] "CONNECT mail.google.com:443 HTTP/1.1" 200 0 "HTTPS" "outgoing via 192.168.50.30"
192.168.1.15 - adrianamg [19/Sep/2021:09:30:57 -0500] "CONNECT mail.google.com:443 HTTP/1.1" 200 0 "HTTPS" "outgoing via 192.168.50.30"
192.168.1.15 - adrianamg [19/Sep/2021:09:31:05 -0500] "CONNECT mail.google.com:443 HTTP/1.1" 200 0 "HTTPS" "outgoing via 192.168.50.30"
192.168.10.20 - arodriguez [19/Sep/2021:09:31:05 -0500] "CONNECT relay-629d065f.net.anydesk.com:80 HTTP/1.1" 200 0 "HTTPS" "outgoing via 192.168.50.30"
192.168.1.15 - adrianamg [19/Sep/2021:09:31:12 -0500] "CONNECT mail.google.com:443 HTTP/1.1" 200 0 "HTTPS" "outgoing via 192.168.50.30"
192.168.1.15 - adrianamg [19/Sep/2021:09:31:20 -0500] "CONNECT mail.google.com:443 HTTP/1.1" 200 0 "HTTPS" "outgoing via 192.168.50.30"
192.168.1.15 - adrianamg [19/Sep/2021:09:31:28 -0500] "CONNECT mail.google.com:443 HTTP/1.1" 200 0 "HTTPS" "outgoing via 192.168.50.30"
192.168.1.15 - adrianamg [19/Sep/2021:09:31:33 -0500] "CONNECT contile.services.mozilla.com:443 HTTP/1.1" 200 0 "HTTPS" "outgoing via 192.168.50.30"
192.168.10.20 - arodriguez [19/Sep/2021:09:31:35 -0500] "CONNECT relay-629d065f.net.anydesk.com:80 HTTP/1.1" 200 0 "HTTPS" "outgoing via 192.168.50.30"
192.168.1.15 - adrianamg [19/Sep/2021:09:31:49 -0500] "CONNECT mail.google.com:443 HTTP/1.1" 200 0 "HTTPS" "outgoing via 192.168.50.30"
192.168.1.15 - adrianamg [19/Sep/2021:09:31:57 -0500] "CONNECT mail.google.com:443 HTTP/1.1" 200 0 "HTTPS" "outgoing via 192.168.50.30"
192.168.10.20 - arodriguez [19/Sep/2021:09:32:04 -0500] "CONNECT relay-629d065f.net.anydesk.com:80 HTTP/1.1" 200 0 "HTTPS" "outgoing via 192.168.50.30"
192.168.1.15 - adrianamg [19/Sep/2021:09:32:05 -0500] "CONNECT mail.google.com:443 HTTP/1.1" 200 0 "HTTPS" "outgoing via 192.168.50.30"
192.168.1.15 - adrianamg [19/Sep/2021:09:32:13 -0500] "CONNECT mail.google.com:443 HTTP/1.1" 200 0 "HTTPS" "outgoing via 192.168.50.30"
192.168.1.15 - adrianamg [19/Sep/2021:09:32:21 -0500] "CONNECT mail.google.com:443 HTTP/1.1" 200 0 "HTTPS" "outgoing via 192.168.50.30"
192.168.1.15 - adrianamg [19/Sep/2021:09:32:24 -0500] "CONNECT 0.1.0.1:1001 HTTP/1.1" 200 0 "HTTPS" "outgoing via 192.168.50.30"
192.168.1.15 - adrianamg [19/Sep/2021:09:32:29 -0500] "CONNECT mail.google.com:443 HTTP/1.1" 200 0 "HTTPS" "outgoing via 192.168.50.30"
192.168.10.20 - arodriguez [19/Sep/2021:09:32:35 -0500] "CONNECT relay-629d065f.net.anydesk.com:443 HTTP/1.1" 200 0 "HTTPS" "outgoing via 192.168.50.30"
192.168.10.20 - arodriguez [19/Sep/2021:09:32:35 -0500] "CONNECT relay-629d065f.net.anydesk.com:80 HTTP/1.1" 200 0 "HTTPS" "outgoing via 192.168.50.30"
192.168.1.15 - adrianamg [19/Sep/2021:09:32:42 -0500] "POST http://r3.o.lencr.org/ HTTP/1.1" 200 1013 "HTTP" ""
192.168.1.15 - adrianamg [19/Sep/2021:09:32:42 -0500] "POST http://r3.o.lencr.org/ HTTP/1.1" 200 1013 "HTTP" ""
192.168.1.15 - adrianamg [19/Sep/2021:09:32:45 -0500] "POST http://r3.o.lencr.org/ HTTP/1.1" 200 1013 "HTTP" ""
192.168.1.15 - adrianamg [19/Sep/2021:09:32:45 -0500] "POST http://r3.o.lencr.org/ HTTP/1.1" 200 1013 "HTTP" ""
192.168.1.15 - adrianamg [19/Sep/2021:09:32:48 -0500] "POST http://r3.o.lencr.org/ HTTP/1.1" 200 1013 "HTTP" ""
192.168.1.15 - adrianamg [19/Sep/2021:09:32:48 -0500] "POST http://r3.o.lencr.org/ HTTP/1.1" 200 1013 "HTTP" ""
192.168.1.15 - adrianamg [19/Sep/2021:09:32:49 -0500] "CONNECT mail.google.com:443 HTTP/1.1" 200 0 "HTTPS" "outgoing via 192.168.50.30"
192.168.1.15 - adrianamg [19/Sep/2021:09:32:57 -0500] "CONNECT mail.google.com:443 HTTP/1.1" 200 0 "HTTPS" "outgoing via 192.168.50.30"
192.168.1.15 - adrianamg [19/Sep/2021:09:33:05 -0500] "CONNECT mail.google.com:443 HTTP/1.1" 200 0 "HTTPS" "outgoing via 192.168.50.30"
192.168.1.15 - adrianamg [19/Sep/2021:09:33:13 -0500] "CONNECT mail.google.com:443 HTTP/1.1" 200 0 "HTTPS" "outgoing via 192.168.50.30"
192.168.1.15 - adrianamg [19/Sep/2021:09:33:21 -0500] "CONNECT mail.google.com:443 HTTP/1.1" 200 0 "HTTPS" "outgoing via 192.168.50.30"
192.168.1.15 - adrianamg [19/Sep/2021:09:33:29 -0500] "CONNECT mail.google.com:443 HTTP/1.1" 200 0 "HTTPS" "outgoing via 192.168.50.30"
192.168.1.15 - adrianamg [19/Sep/2021:09:33:49 -0500] "CONNECT mail.google.com:443 HTTP/1.1" 200 0 "HTTPS" "outgoing via 192.168.50.30"
192.168.1.15 - adrianamg [19/Sep/2021:09:33:58 -0500] "CONNECT mail.google.com:443 HTTP/1.1" 200 0 "HTTPS" "outgoing via 192.168.50.30"
192.168.1.15 - adrianamg [19/Sep/2021:09:34:05 -0500] "CONNECT mail.google.com:443 HTTP/1.1" 200 0 "HTTPS" "outgoing via 192.168.50.30"
192.168.1.15 - adrianamg [19/Sep/2021:09:34:13 -0500] "CONNECT mail.google.com:443 HTTP/1.1" 200 0 "HTTPS" "outgoing via 192.168.50.30"
192.168.1.15 - adrianamg [19/Sep/2021:09:34:21 -0500] "CONNECT mail.google.com:443 HTTP/1.1" 200 0 "HTTPS" "outgoing via 192.168.50.30"
192.168.1.15 - adrianamg [19/Sep/2021:09:34:28 -0500] "CONNECT mail.google.com:443 HTTP/1.1" 200 0 "HTTPS" "outgoing via 192.168.50.30"
192.168.1.15 - adrianamg [19/Sep/2021:09:34:49 -0500] "CONNECT mail.google.com:443 HTTP/1.1" 200 0 "HTTPS" "outgoing via 192.168.50.30"
192.168.1.15 - adrianamg [19/Sep/2021:09:34:57 -0500] "CONNECT mail.google.com:443 HTTP/1.1" 200 0 "HTTPS" "outgoing via 192.168.50.30"
192.168.1.15 - adrianamg [19/Sep/2021:09:35:06 -0500] "CONNECT mail.google.com:443 HTTP/1.1" 200 0 "HTTPS" "outgoing via 192.168.50.30"
192.168.1.15 - adrianamg [19/Sep/2021:09:35:13 -0500] "CONNECT mail.google.com:443 HTTP/1.1" 200 0 "HTTPS" "outgoing via 192.168.50.30"
192.168.1.15 - adrianamg [19/Sep/2021:09:35:21 -0500] "CONNECT mail.google.com:443 HTTP/1.1" 200 0 "HTTPS" "outgoing via 192.168.50.30"
192.168.1.15 - adrianamg [19/Sep/2021:09:35:29 -0500] "CONNECT mail.google.com:443 HTTP/1.1" 200 0 "HTTPS" "outgoing via 192.168.50.30"
192.168.1.15 - adrianamg [19/Sep/2021:09:35:45 -0500] "CONNECT 0.1.0.1:1001 HTTP/1.1" 200 0 "HTTPS" "outgoing via 192.168.50.30"
192.168.1.15 - adrianamg [19/Sep/2021:09:35:49 -0500] "CONNECT mail.google.com:443 HTTP/1.1" 200 0 "HTTPS" "outgoing via 192.168.50.30"
192.168.1.15 - adrianamg [19/Sep/2021:09:35:57 -0500] "CONNECT mail.google.com:443 HTTP/1.1" 200 0 "HTTPS" "outgoing via 192.168.50.30"
192.168.1.15 - adrianamg [19/Sep/2021:09:36:05 -0500] "CONNECT mail.google.com:443 HTTP/1.1" 200 0 "HTTPS" "outgoing via 192.168.50.30"
192.168.1.15 - adrianamg [19/Sep/2021:09:36:13 -0500] "CONNECT mail.google.com:443 HTTP/1.1" 200 0 "HTTPS" "outgoing via 192.168.50.30"
192.168.1.15 - adrianamg [19/Sep/2021:09:36:20 -0500] "CONNECT mail.google.com:443 HTTP/1.1" 200 0 "HTTPS" "outgoing via 192.168.50.30"
192.168.1.15 - adrianamg [19/Sep/2021:09:36:28 -0500] "CONNECT mail.google.com:443 HTTP/1.1" 200 0 "HTTPS" "outgoing via 192.168.50.30"
192.168.1.15 - adrianamg [19/Sep/2021:09:36:49 -0500] "CONNECT mail.google.com:443 HTTP/1.1" 200 0 "HTTPS" "outgoing via 192.168.50.30"
192.168.1.15 - adrianamg [19/Sep/2021:09:36:57 -0500] "CONNECT mail.google.com:443 HTTP/1.1" 200 0 "HTTPS" "outgoing via 192.168.50.30"
192.168.1.15 - adrianamg [19/Sep/2021:09:37:05 -0500] "CONNECT mail.google.com:443 HTTP/1.1" 200 0 "HTTPS" "outgoing via 192.168.50.30"
192.168.1.15 - adrianamg [19/Sep/2021:09:37:13 -0500] "CONNECT mail.google.com:443 HTTP/1.1" 200 0 "HTTPS" "outgoing via 192.168.50.30"
192.168.1.15 - adrianamg [19/Sep/2021:09:37:21 -0500] "CONNECT mail.google.com:443 HTTP/1.1" 200 0 "HTTPS" "outgoing via 192.168.50.30"
192.168.1.15 - adrianamg [19/Sep/2021:09:37:28 -0500] "CONNECT mail.google.com:443 HTTP/1.1" 200 0 "HTTPS" "outgoing via 192.168.50.30"
192.168.10.20 - arodriguez [19/Sep/2021:09:37:49 -0500] "CONNECT relay-629d065f.net.anydesk.com:80 HTTP/1.1" 200 0 "HTTPS" "outgoing via 192.168.50.30"
192.168.1.15 - adrianamg [19/Sep/2021:09:37:49 -0500] "CONNECT mail.google.com:443 HTTP/1.1" 200 0 "HTTPS" "outgoing via 192.168.50.30"
192.168.1.15 - adrianamg [19/Sep/2021:09:37:57 -0500] "CONNECT mail.google.com:443 HTTP/1.1" 200 0 "HTTPS" "outgoing via 192.168.50.30"
192.168.1.15 - adrianamg [19/Sep/2021:09:38:05 -0500] "CONNECT mail.google.com:443 HTTP/1.1" 200 0 "HTTPS" "outgoing via 192.168.50.30"
192.168.1.15 - adrianamg [19/Sep/2021:09:38:13 -0500] "CONNECT mail.google.com:443 HTTP/1.1" 200 0 "HTTPS" "outgoing via 192.168.50.30"
192.168.10.20 - arodriguez [19/Sep/2021:09:38:18 -0500] "CONNECT relay-629d065f.net.anydesk.com:80 HTTP/1.1" 200 0 "HTTPS" "outgoing via 192.168.50.30"
192.168.1.15 - adrianamg [19/Sep/2021:09:38:20 -0500] "CONNECT mail.google.com:443 HTTP/1.1" 200 0 "HTTPS" "outgoing via 192.168.50.30"
192.168.1.15 - adrianamg [19/Sep/2021:09:38:28 -0500] "CONNECT mail.google.com:443 HTTP/1.1" 200 0 "HTTPS" "outgoing via 192.168.50.30"
192.168.10.20 - arodriguez [19/Sep/2021:09:38:47 -0500] "CONNECT relay-629d065f.net.anydesk.com:80 HTTP/1.1" 200 0 "HTTPS" "outgoing via 192.168.50.30"
192.168.1.15 - adrianamg [19/Sep/2021:09:38:49 -0500] "CONNECT mail.google.com:443 HTTP/1.1" 200 0 "HTTPS" "outgoing via 192.168.50.30"
192.168.1.15 - adrianamg [19/Sep/2021:09:38:58 -0500] "CONNECT mail.google.com:443 HTTP/1.1" 200 0 "HTTPS" "outgoing via 192.168.50.30"
192.168.1.15 - adrianamg [19/Sep/2021:09:39:05 -0500] "CONNECT mail.google.com:443 HTTP/1.1" 200 0 "HTTPS" "outgoing via 192.168.50.30"
192.168.1.15 - adrianamg [19/Sep/2021:09:39:11 -0500] "CONNECT 0.1.0.1:1001 HTTP/1.1" 200 0 "HTTPS" "outgoing via 192.168.50.30"
192.168.1.15 - adrianamg [19/Sep/2021:09:39:13 -0500] "CONNECT mail.google.com:443 HTTP/1.1" 200 0 "HTTPS" "outgoing via 192.168.50.30"
192.168.10.20 - arodriguez [19/Sep/2021:09:39:16 -0500] "CONNECT relay-629d065f.net.anydesk.com:80 HTTP/1.1" 200 0 "HTTPS" "outgoing via 192.168.50.30"
192.168.1.15 - adrianamg [19/Sep/2021:09:39:21 -0500] "CONNECT mail.google.com:443 HTTP/1.1" 200 0 "HTTPS" "outgoing via 192.168.50.30"
192.168.1.15 - adrianamg [19/Sep/2021:09:39:28 -0500] "CONNECT mail.google.com:443 HTTP/1.1" 200 0 "HTTPS" "outgoing via 192.168.50.30"
192.168.10.20 - arodriguez [19/Sep/2021:09:39:45 -0500] "CONNECT relay-629d065f.net.anydesk.com:80 HTTP/1.1" 200 0 "HTTPS" "outgoing via 192.168.50.30"
192.168.1.15 - adrianamg [19/Sep/2021:09:39:49 -0500] "CONNECT mail.google.com:443 HTTP/1.1" 200 0 "HTTPS" "outgoing via 192.168.50.30"
192.168.1.15 - adrianamg [19/Sep/2021:09:39:57 -0500] "CONNECT mail.google.com:443 HTTP/1.1" 200 0 "HTTPS" "outgoing via 192.168.50.30"
192.168.1.15 - adrianamg [19/Sep/2021:09:40:05 -0500] "CONNECT mail.google.com:443 HTTP/1.1" 200 0 "HTTPS" "outgoing via 192.168.50.30"
192.168.1.15 - adrianamg [19/Sep/2021:09:40:13 -0500] "CONNECT mail.google.com:443 HTTP/1.1" 200 0 "HTTPS" "outgoing via 192.168.50.30"
192.168.10.20 - arodriguez [19/Sep/2021:09:40:14 -0500] "CONNECT relay-629d065f.net.anydesk.com:80 HTTP/1.1" 200 0 "HTTPS" "outgoing via 192.168.50.30"
192.168.50.8 - arodriguez [19/Sep/2021:09:40:16 -0500] "HEAD http://update.eset.com/eset_eval/update.ver HTTP/1.1" 200 383 "HTTP" ""
192.168.1.15 - adrianamg [19/Sep/2021:09:40:20 -0500] "CONNECT mail.google.com:443 HTTP/1.1" 200 0 "HTTPS" "outgoing via 192.168.50.30"
192.168.50.8 - arodriguez [19/Sep/2021:09:40:26 -0500] "GET http://update.eset.com/eset_eval/update.ver HTTP/1.1" 200 119488 "HTTP" ""
192.168.50.8 - arodriguez [19/Sep/2021:09:40:26 -0500] "HEAD http://update.eset.com/v3-eval-sta/mod_002_engine_50879/em002_32_l2.nup HTTP/1.1" 200 377 "HTTP" ""
192.168.1.15 - adrianamg [19/Sep/2021:09:40:28 -0500] "CONNECT mail.google.com:443 HTTP/1.1" 200 0 "HTTPS" "outgoing via 192.168.50.30"
192.168.10.20 - arodriguez [19/Sep/2021:09:40:43 -0500] "CONNECT relay-629d065f.net.anydesk.com:80 HTTP/1.1" 200 0 "HTTPS" "outgoing via 192.168.50.30"
192.168.1.15 - adrianamg [19/Sep/2021:09:40:49 -0500] "CONNECT mail.google.com:443 HTTP/1.1" 200 0 "HTTPS" "outgoing via 192.168.50.30"
192.168.1.15 - adrianamg [19/Sep/2021:09:40:57 -0500] "CONNECT mail.google.com:443 HTTP/1.1" 200 0 "HTTPS" "outgoing via 192.168.50.30"
192.168.1.15 - adrianamg [19/Sep/2021:09:41:05 -0500] "CONNECT mail.google.com:443 HTTP/1.1" 200 0 "HTTPS" "outgoing via 192.168.50.30"
192.168.10.20 - arodriguez [19/Sep/2021:09:41:12 -0500] "CONNECT relay-629d065f.net.anydesk.com:80 HTTP/1.1" 200 0 "HTTPS" "outgoing via 192.168.50.30"
192.168.1.15 - adrianamg [19/Sep/2021:09:41:13 -0500] "CONNECT mail.google.com:443 HTTP/1.1" 200 0 "HTTPS" "outgoing via 192.168.50.30"
192.168.1.15 - adrianamg [19/Sep/2021:09:41:21 -0500] "CONNECT mail.google.com:443 HTTP/1.1" 200 0 "HTTPS" "outgoing via 192.168.50.30"
192.168.1.15 - adrianamg [19/Sep/2021:09:41:29 -0500] "CONNECT mail.google.com:443 HTTP/1.1" 200 0 "HTTPS" "outgoing via 192.168.50.30"
192.168.10.20 - arodriguez [19/Sep/2021:09:41:41 -0500] "CONNECT relay-629d065f.net.anydesk.com:80 HTTP/1.1" 200 0 "HTTPS" "outgoing via 192.168.50.30"
192.168.1.15 - adrianamg [19/Sep/2021:09:41:49 -0500] "CONNECT mail.google.com:443 HTTP/1.1" 200 0 "HTTPS" "outgoing via 192.168.50.30"
192.168.1.15 - adrianamg [19/Sep/2021:09:41:57 -0500] "CONNECT mail.google.com:443 HTTP/1.1" 200 0 "HTTPS" "outgoing via 192.168.50.30"
192.168.1.15 - adrianamg [19/Sep/2021:09:42:05 -0500] "CONNECT mail.google.com:443 HTTP/1.1" 200 0 "HTTPS" "outgoing via 192.168.50.30"
192.168.10.20 - arodriguez [19/Sep/2021:09:42:10 -0500] "CONNECT relay-629d065f.net.anydesk.com:80 HTTP/1.1" 200 0 "HTTPS" "outgoing via 192.168.50.30"
192.168.1.15 - adrianamg [19/Sep/2021:09:42:13 -0500] "CONNECT mail.google.com:443 HTTP/1.1" 200 0 "HTTPS" "outgoing via 192.168.50.30"
192.168.1.15 - adrianamg [19/Sep/2021:09:42:21 -0500] "CONNECT mail.google.com:443 HTTP/1.1" 200 0 "HTTPS" "outgoing via 192.168.50.30"
192.168.1.15 - adrianamg [19/Sep/2021:09:42:29 -0500] "CONNECT mail.google.com:443 HTTP/1.1" 200 0 "HTTPS" "outgoing via 192.168.50.30"
192.168.10.20 - arodriguez [19/Sep/2021:09:42:39 -0500] "CONNECT relay-629d065f.net.anydesk.com:80 HTTP/1.1" 200 0 "HTTPS" "outgoing via 192.168.50.30"
192.168.1.15 - adrianamg [19/Sep/2021:09:42:42 -0500] "CONNECT 0.1.0.1:1001 HTTP/1.1" 200 0 "HTTPS" "outgoing via 192.168.50.30"
192.168.1.15 - adrianamg [19/Sep/2021:09:42:49 -0500] "CONNECT mail.google.com:443 HTTP/1.1" 200 0 "HTTPS" "outgoing via 192.168.50.30"
192.168.1.15 - adrianamg [19/Sep/2021:09:42:57 -0500] "CONNECT mail.google.com:443 HTTP/1.1" 200 0 "HTTPS" "outgoing via 192.168.50.30"
192.168.1.15 - adrianamg [19/Sep/2021:09:43:05 -0500] "CONNECT mail.google.com:443 HTTP/1.1" 200 0 "HTTPS" "outgoing via 192.168.50.30"
192.168.10.20 - arodriguez [19/Sep/2021:09:43:08 -0500] "CONNECT relay-629d065f.net.anydesk.com:80 HTTP/1.1" 200 0 "HTTPS" "outgoing via 192.168.50.30"
192.168.1.15 - adrianamg [19/Sep/2021:09:43:13 -0500] "CONNECT mail.google.com:443 HTTP/1.1" 200 0 "HTTPS" "outgoing via 192.168.50.30"
192.168.1.15 - adrianamg [19/Sep/2021:09:43:20 -0500] "CONNECT mail.google.com:443 HTTP/1.1" 200 0 "HTTPS" "outgoing via 192.168.50.30"
192.168.1.15 - adrianamg [19/Sep/2021:09:43:29 -0500] "CONNECT mail.google.com:443 HTTP/1.1" 200 0 "HTTPS" "outgoing via 192.168.50.30"
192.168.10.20 - arodriguez [19/Sep/2021:09:43:37 -0500] "CONNECT relay-629d065f.net.anydesk.com:80 HTTP/1.1" 200 0 "HTTPS" "outgoing via 192.168.50.30"
192.168.1.15 - adrianamg [19/Sep/2021:09:43:50 -0500] "CONNECT mail.google.com:443 HTTP/1.1" 200 0 "HTTPS" "outgoing via 192.168.50.30"
192.168.1.15 - adrianamg [19/Sep/2021:09:43:58 -0500] "CONNECT mail.google.com:443 HTTP/1.1" 200 0 "HTTPS" "outgoing via 192.168.50.30"
192.168.1.15 - adrianamg [19/Sep/2021:09:44:05 -0500] "CONNECT mail.google.com:443 HTTP/1.1" 200 0 "HTTPS" "outgoing via 192.168.50.30"
192.168.10.20 - arodriguez [19/Sep/2021:09:44:06 -0500] "CONNECT relay-629d065f.net.anydesk.com:80 HTTP/1.1" 200 0 "HTTPS" "outgoing via 192.168.50.30"
192.168.1.15 - adrianamg [19/Sep/2021:09:44:13 -0500] "CONNECT mail.google.com:443 HTTP/1.1" 200 0 "HTTPS" "outgoing via 192.168.50.30"
192.168.1.15 - adrianamg [19/Sep/2021:09:44:21 -0500] "CONNECT mail.google.com:443 HTTP/1.1" 200 0 "HTTPS" "outgoing via 192.168.50.30"
192.168.1.15 - adrianamg [19/Sep/2021:09:44:28 -0500] "CONNECT mail.google.com:443 HTTP/1.1" 200 0 "HTTPS" "outgoing via 192.168.50.30"
192.168.10.20 - arodriguez [19/Sep/2021:09:44:35 -0500] "CONNECT relay-629d065f.net.anydesk.com:80 HTTP/1.1" 200 0 "HTTPS" "outgoing via 192.168.50.30"
192.168.1.15 - adrianamg [19/Sep/2021:09:44:49 -0500] "CONNECT mail.google.com:443 HTTP/1.1" 200 0 "HTTPS" "outgoing via 192.168.50.30"
192.168.1.15 - adrianamg [19/Sep/2021:09:44:58 -0500] "CONNECT mail.google.com:443 HTTP/1.1" 200 0 "HTTPS" "outgoing via 192.168.50.30"
192.168.10.20 - arodriguez [19/Sep/2021:09:45:04 -0500] "CONNECT relay-629d065f.net.anydesk.com:80 HTTP/1.1" 200 0 "HTTPS" "outgoing via 192.168.50.30"
192.168.1.15 - adrianamg [19/Sep/2021:09:45:06 -0500] "CONNECT mail.google.com:443 HTTP/1.1" 200 0 "HTTPS" "outgoing via 192.168.50.30"
192.168.1.15 - adrianamg [19/Sep/2021:09:45:13 -0500] "CONNECT mail.google.com:443 HTTP/1.1" 200 0 "HTTPS" "outgoing via 192.168.50.30"
192.168.1.15 - adrianamg [19/Sep/2021:09:45:21 -0500] "CONNECT mail.google.com:443 HTTP/1.1" 200 0 "HTTPS" "outgoing via 192.168.50.30"
192.168.1.15 - adrianamg [19/Sep/2021:09:45:29 -0500] "CONNECT mail.google.com:443 HTTP/1.1" 200 0 "HTTPS" "outgoing via 192.168.50.30"
192.168.10.20 - arodriguez [19/Sep/2021:09:45:33 -0500] "CONNECT relay-629d065f.net.anydesk.com:80 HTTP/1.1" 200 0 "HTTPS" "outgoing via 192.168.50.30"
192.168.1.15 - adrianamg [19/Sep/2021:09:45:36 -0500] "CONNECT star-mode-extension.xyz:443 HTTP/1.1" 200 0 "HTTPS" "outgoing via 192.168.50.30"
192.168.1.15 - adrianamg [19/Sep/2021:09:45:39 -0500] "CONNECT star-mode-extension.xyz:443 HTTP/1.1" 200 0 "HTTPS" "outgoing via 192.168.50.30"
192.168.1.15 - adrianamg [19/Sep/2021:09:45:42 -0500] "CONNECT star-mode-extension.xyz:443 HTTP/1.1" 200 0 "HTTPS" "outgoing via 192.168.50.30"
192.168.1.15 - adrianamg [19/Sep/2021:09:45:42 -0500] "CONNECT star-mode-extension.xyz:443 HTTP/1.1" 200 0 "HTTPS" "outgoing via 192.168.50.30"
192.168.1.15 - adrianamg [19/Sep/2021:09:45:45 -0500] "CONNECT star-mode-extension.xyz:443 HTTP/1.1" 200 0 "HTTPS" "outgoing via 192.168.50.30"
192.168.1.15 - adrianamg [19/Sep/2021:09:45:45 -0500] "CONNECT star-mode-extension.xyz:443 HTTP/1.1" 200 0 "HTTPS" "outgoing via 192.168.50.30"
192.168.1.15 - adrianamg [19/Sep/2021:09:45:50 -0500] "CONNECT mail.google.com:443 HTTP/1.1" 200 0 "HTTPS" "outgoing via 192.168.50.30"
192.168.1.15 - adrianamg [19/Sep/2021:09:45:57 -0500] "CONNECT mail.google.com:443 HTTP/1.1" 200 0 "HTTPS" "outgoing via 192.168.50.30"
192.168.10.20 - arodriguez [19/Sep/2021:09:46:02 -0500] "CONNECT relay-629d065f.net.anydesk.com:80 HTTP/1.1" 200 0 "HTTPS" "outgoing via 192.168.50.30"
192.168.1.15 - adrianamg [19/Sep/2021:09:46:05 -0500] "CONNECT mail.google.com:443 HTTP/1.1" 200 0 "HTTPS" "outgoing via 192.168.50.30"
192.168.1.15 - adrianamg [19/Sep/2021:09:46:13 -0500] "CONNECT mail.google.com:443 HTTP/1.1" 200 0 "HTTPS" "outgoing via 192.168.50.30"
192.168.1.15 - adrianamg [19/Sep/2021:09:46:19 -0500] "CONNECT 0.1.0.1:1001 HTTP/1.1" 200 0 "HTTPS" "outgoing via 192.168.50.30"
192.168.1.15 - adrianamg [19/Sep/2021:09:46:20 -0500] "CONNECT mail.google.com:443 HTTP/1.1" 200 0 "HTTPS" "outgoing via 192.168.50.30"
192.168.1.15 - adrianamg [19/Sep/2021:09:46:28 -0500] "CONNECT mail.google.com:443 HTTP/1.1" 200 0 "HTTPS" "outgoing via 192.168.50.30"
192.168.10.20 - arodriguez [19/Sep/2021:09:46:31 -0500] "CONNECT relay-629d065f.net.anydesk.com:80 HTTP/1.1" 200 0 "HTTPS" "outgoing via 192.168.50.30"
192.168.1.15 - adrianamg [19/Sep/2021:09:46:33 -0500] "CONNECT contile.services.mozilla.com:443 HTTP/1.1" 200 0 "HTTPS" "outgoing via 192.168.50.30"
192.168.1.15 - adrianamg [19/Sep/2021:09:46:50 -0500] "CONNECT mail.google.com:443 HTTP/1.1" 200 0 "HTTPS" "outgoing via 192.168.50.30"
192.168.1.15 - adrianamg [19/Sep/2021:09:46:58 -0500] "CONNECT mail.google.com:443 HTTP/1.1" 200 0 "HTTPS" "outgoing via 192.168.50.30"
192.168.10.20 - arodriguez [19/Sep/2021:09:47:00 -0500] "CONNECT relay-629d065f.net.anydesk.com:80 HTTP/1.1" 200 0 "HTTPS" "outgoing via 192.168.50.30"
192.168.1.15 - adrianamg [19/Sep/2021:09:47:05 -0500] "CONNECT mail.google.com:443 HTTP/1.1" 200 0 "HTTPS" "outgoing via 192.168.50.30"
192.168.1.15 - adrianamg [19/Sep/2021:09:47:13 -0500] "CONNECT mail.google.com:443 HTTP/1.1" 200 0 "HTTPS" "outgoing via 192.168.50.30"
192.168.1.15 - adrianamg [19/Sep/2021:09:47:21 -0500] "CONNECT mail.google.com:443 HTTP/1.1" 200 0 "HTTPS" "outgoing via 192.168.50.30"
192.168.1.15 - adrianamg [19/Sep/2021:09:47:29 -0500] "CONNECT mail.google.com:443 HTTP/1.1" 200 0 "HTTPS" "outgoing via 192.168.50.30"
192.168.1.15 - adrianamg [19/Sep/2021:09:47:43 -0500] "POST http://r3.o.lencr.org/ HTTP/1.1" 200 1013 "HTTP" ""
192.168.1.15 - adrianamg [19/Sep/2021:09:47:44 -0500] "POST http://r3.o.lencr.org/ HTTP/1.1" 200 1013 "HTTP" ""
192.168.1.15 - adrianamg [19/Sep/2021:09:47:47 -0500] "POST http://r3.o.lencr.org/ HTTP/1.1" 200 1013 "HTTP" ""
192.168.1.15 - adrianamg [19/Sep/2021:09:47:47 -0500] "POST http://r3.o.lencr.org/ HTTP/1.1" 200 1013 "HTTP" ""
192.168.1.15 - adrianamg [19/Sep/2021:09:47:50 -0500] "CONNECT mail.google.com:443 HTTP/1.1" 200 0 "HTTPS" "outgoing via 192.168.50.30"
192.168.1.15 - adrianamg [19/Sep/2021:09:47:57 -0500] "CONNECT mail.google.com:443 HTTP/1.1" 200 0 "HTTPS" "outgoing via 192.168.50.30"
192.168.1.15 - adrianamg [19/Sep/2021:09:48:05 -0500] "CONNECT mail.google.com:443 HTTP/1.1" 200 0 "HTTPS" "outgoing via 192.168.50.30"
192.168.1.15 - adrianamg [19/Sep/2021:09:48:13 -0500] "CONNECT mail.google.com:443 HTTP/1.1" 200 0 "HTTPS" "outgoing via 192.168.50.30"
192.168.1.15 - adrianamg [19/Sep/2021:09:48:21 -0500] "CONNECT mail.google.com:443 HTTP/1.1" 200 0 "HTTPS" "outgoing via 192.168.50.30"
192.168.1.15 - adrianamg [19/Sep/2021:09:48:28 -0500] "CONNECT mail.google.com:443 HTTP/1.1" 200 0 "HTTPS" "outgoing via 192.168.50.30"
192.168.1.15 - adrianamg [19/Sep/2021:09:48:50 -0500] "CONNECT mail.google.com:443 HTTP/1.1" 200 0 "HTTPS" "outgoing via 192.168.50.30"
192.168.1.15 - adrianamg [19/Sep/2021:09:48:57 -0500] "CONNECT mail.google.com:443 HTTP/1.1" 200 0 "HTTPS" "outgoing via 192.168.50.30"
192.168.10.20 - arodriguez [19/Sep/2021:09:49:00 -0500] "CONNECT relay-629d065f.net.anydesk.com:80 HTTP/1.1" 200 0 "HTTPS" "outgoing via 192.168.50.30"
192.168.1.15 - adrianamg [19/Sep/2021:09:49:05 -0500] "CONNECT mail.google.com:443 HTTP/1.1" 200 0 "HTTPS" "outgoing via 192.168.50.30"
192.168.1.15 - adrianamg [19/Sep/2021:09:49:13 -0500] "CONNECT mail.google.com:443 HTTP/1.1" 200 0 "HTTPS" "outgoing via 192.168.50.30"
192.168.1.15 - adrianamg [19/Sep/2021:09:49:21 -0500] "CONNECT mail.google.com:443 HTTP/1.1" 200 0 "HTTPS" "outgoing via 192.168.50.30"
192.168.1.15 - adrianamg [19/Sep/2021:09:49:29 -0500] "CONNECT mail.google.com:443 HTTP/1.1" 200 0 "HTTPS" "outgoing via 192.168.50.30"
192.168.10.20 - arodriguez [19/Sep/2021:09:49:29 -0500] "CONNECT relay-629d065f.net.anydesk.com:80 HTTP/1.1" 200 0 "HTTPS" "outgoing via 192.168.50.30"
192.168.1.15 - adrianamg [19/Sep/2021:09:49:50 -0500] "CONNECT mail.google.com:443 HTTP/1.1" 200 0 "HTTPS" "outgoing via 192.168.50.30"
192.168.1.15 - adrianamg [19/Sep/2021:09:49:58 -0500] "CONNECT mail.google.com:443 HTTP/1.1" 200 0 "HTTPS" "outgoing via 192.168.50.30"
192.168.10.20 - arodriguez [19/Sep/2021:09:49:58 -0500] "CONNECT relay-629d065f.net.anydesk.com:80 HTTP/1.1" 200 0 "HTTPS" "outgoing via 192.168.50.30"
192.168.1.15 - adrianamg [19/Sep/2021:09:50:00 -0500] "CONNECT 0.1.0.1:1001 HTTP/1.1" 200 0 "HTTPS" "outgoing via 192.168.50.30"
192.168.1.15 - adrianamg [19/Sep/2021:09:50:05 -0500] "CONNECT mail.google.com:443 HTTP/1.1" 200 0 "HTTPS" "outgoing via 192.168.50.30"
192.168.1.15 - adrianamg [19/Sep/2021:09:50:13 -0500] "CONNECT mail.google.com:443 HTTP/1.1" 200 0 "HTTPS" "outgoing via 192.168.50.30"
192.168.1.15 - adrianamg [19/Sep/2021:09:50:21 -0500] "CONNECT mail.google.com:443 HTTP/1.1" 200 0 "HTTPS" "outgoing via 192.168.50.30"
192.168.10.20 - arodriguez [19/Sep/2021:09:50:27 -0500] "CONNECT relay-629d065f.net.anydesk.com:80 HTTP/1.1" 200 0 "HTTPS" "outgoing via 192.168.50.30"
192.168.1.15 - adrianamg [19/Sep/2021:09:50:28 -0500] "CONNECT mail.google.com:443 HTTP/1.1" 200 0 "HTTPS" "outgoing via 192.168.50.30"
192.168.1.15 - adrianamg [19/Sep/2021:09:50:50 -0500] "CONNECT mail.google.com:443 HTTP/1.1" 200 0 "HTTPS" "outgoing via 192.168.50.30"
192.168.10.20 - arodriguez [19/Sep/2021:09:50:55 -0500] "CONNECT relay-629d065f.net.anydesk.com:80 HTTP/1.1" 200 0 "HTTPS" "outgoing via 192.168.50.30"
192.168.1.15 - adrianamg [19/Sep/2021:09:50:57 -0500] "CONNECT mail.google.com:443 HTTP/1.1" 200 0 "HTTPS" "outgoing via 192.168.50.30"
192.168.1.15 - adrianamg [19/Sep/2021:09:51:05 -0500] "CONNECT mail.google.com:443 HTTP/1.1" 200 0 "HTTPS" "outgoing via 192.168.50.30"
192.168.1.15 - adrianamg [19/Sep/2021:09:51:13 -0500] "CONNECT mail.google.com:443 HTTP/1.1" 200 0 "HTTPS" "outgoing via 192.168.50.30"
192.168.1.15 - adrianamg [19/Sep/2021:09:51:20 -0500] "CONNECT mail.google.com:443 HTTP/1.1" 200 0 "HTTPS" "outgoing via 192.168.50.30"
192.168.10.20 - arodriguez [19/Sep/2021:09:51:24 -0500] "CONNECT relay-629d065f.net.anydesk.com:80 HTTP/1.1" 200 0 "HTTPS" "outgoing via 192.168.50.30"
192.168.1.15 - adrianamg [19/Sep/2021:09:51:28 -0500] "CONNECT mail.google.com:443 HTTP/1.1" 200 0 "HTTPS" "outgoing via 192.168.50.30"
192.168.1.15 - adrianamg [19/Sep/2021:09:51:50 -0500] "CONNECT mail.google.com:443 HTTP/1.1" 200 0 "HTTPS" "outgoing via 192.168.50.30"
192.168.10.20 - arodriguez [19/Sep/2021:09:51:53 -0500] "CONNECT relay-629d065f.net.anydesk.com:80 HTTP/1.1" 200 0 "HTTPS" "outgoing via 192.168.50.30"
192.168.1.15 - adrianamg [19/Sep/2021:09:52:00 -0500] "CONNECT mail.google.com:443 HTTP/1.1" 200 0 "HTTPS" "outgoing via 192.168.50.30"
192.168.1.15 - adrianamg [19/Sep/2021:09:52:07 -0500] "CONNECT mail.google.com:443 HTTP/1.1" 200 0 "HTTPS" "outgoing via 192.168.50.30"
192.168.1.15 - adrianamg [19/Sep/2021:09:52:15 -0500] "CONNECT mail.google.com:443 HTTP/1.1" 200 0 "HTTPS" "outgoing via 192.168.50.30"
192.168.10.20 - arodriguez [19/Sep/2021:09:52:22 -0500] "CONNECT relay-629d065f.net.anydesk.com:80 HTTP/1.1" 200 0 "HTTPS" "outgoing via 192.168.50.30"
192.168.1.15 - adrianamg [19/Sep/2021:09:52:23 -0500] "CONNECT mail.google.com:443 HTTP/1.1" 200 0 "HTTPS" "outgoing via 192.168.50.30"
192.168.1.15 - adrianamg [19/Sep/2021:09:52:30 -0500] "CONNECT mail.google.com:443 HTTP/1.1" 200 0 "HTTPS" "outgoing via 192.168.50.30"
192.168.1.15 - adrianamg [19/Sep/2021:09:52:50 -0500] "CONNECT mail.google.com:443 HTTP/1.1" 200 0 "HTTPS" "outgoing via 192.168.50.30"
192.168.10.20 - arodriguez [19/Sep/2021:09:52:51 -0500] "CONNECT relay-629d065f.net.anydesk.com:80 HTTP/1.1" 200 0 "HTTPS" "outgoing via 192.168.50.30"
192.168.1.15 - adrianamg [19/Sep/2021:09:52:57 -0500] "CONNECT mail.google.com:443 HTTP/1.1" 200 0 "HTTPS" "outgoing via 192.168.50.30"
192.168.1.15 - adrianamg [19/Sep/2021:09:53:05 -0500] "CONNECT mail.google.com:443 HTTP/1.1" 200 0 "HTTPS" "outgoing via 192.168.50.30"
192.168.1.15 - adrianamg [19/Sep/2021:09:53:13 -0500] "CONNECT mail.google.com:443 HTTP/1.1" 200 0 "HTTPS" "outgoing via 192.168.50.30"
192.168.10.20 - arodriguez [19/Sep/2021:09:53:20 -0500] "CONNECT relay-629d065f.net.anydesk.com:80 HTTP/1.1" 200 0 "HTTPS" "outgoing via 192.168.50.30"
192.168.1.15 - adrianamg [19/Sep/2021:09:53:21 -0500] "CONNECT mail.google.com:443 HTTP/1.1" 200 0 "HTTPS" "outgoing via 192.168.50.30"
192.168.1.15 - adrianamg [19/Sep/2021:09:53:28 -0500] "CONNECT mail.google.com:443 HTTP/1.1" 200 0 "HTTPS" "outgoing via 192.168.50.30"
192.168.1.15 - adrianamg [19/Sep/2021:09:53:45 -0500] "CONNECT 0.1.0.1:1001 HTTP/1.1" 200 0 "HTTPS" "outgoing via 192.168.50.30"
192.168.10.20 - arodriguez [19/Sep/2021:09:53:49 -0500] "CONNECT relay-629d065f.net.anydesk.com:80 HTTP/1.1" 200 0 "HTTPS" "outgoing via 192.168.50.30"
192.168.1.15 - adrianamg [19/Sep/2021:09:53:50 -0500] "CONNECT mail.google.com:443 HTTP/1.1" 200 0 "HTTPS" "outgoing via 192.168.50.30"
192.168.1.15 - adrianamg [19/Sep/2021:09:53:58 -0500] "CONNECT mail.google.com:443 HTTP/1.1" 200 0 "HTTPS" "outgoing via 192.168.50.30"
192.168.1.15 - adrianamg [19/Sep/2021:09:54:06 -0500] "CONNECT mail.google.com:443 HTTP/1.1" 200 0 "HTTPS" "outgoing via 192.168.50.30"
192.168.1.15 - adrianamg [19/Sep/2021:09:54:13 -0500] "CONNECT mail.google.com:443 HTTP/1.1" 200 0 "HTTPS" "outgoing via 192.168.50.30"
