192.168.50.8 - arodriguez [26/Sep/2021:12:51:09 -0500] "GET http://update.eset.com/eset_eval/update.ver HTTP/1.1" 200 119231 "HTTP" ""
192.168.50.8 - arodriguez [26/Sep/2021:12:51:10 -0500] "HEAD http://update.eset.com/v3-eval-sta/mod_002_engine_50958/em002_32_n1.nup HTTP/1.1" 200 372 "HTTP" ""
192.168.50.8 - arodriguez [26/Sep/2021:12:51:10 -0500] "GET http://update.eset.com/v3-eval-sta/mod_002_engine_50958/em002_32_n1.nup HTTP/1.1" 200 8682 "HTTP" ""
192.168.50.8 - arodriguez [26/Sep/2021:12:51:10 -0500] "HEAD http://update.eset.com/v3-eval-sta/mod_023_pegasus_26010/em023_32_n1.nup HTTP/1.1" 200 374 "HTTP" ""
192.168.50.8 - arodriguez [26/Sep/2021:12:51:10 -0500] "GET http://update.eset.com/v3-eval-sta/mod_023_pegasus_26010/em023_32_n1.nup HTTP/1.1" 200 85169 "HTTP" ""
192.168.50.8 - arodriguez [26/Sep/2021:12:51:10 -0500] "HEAD http://update.eset.com/v3-eval-sta/mod_002_engine_50958/em002_32_l2.nup HTTP/1.1" 200 377 "HTTP" ""
192.168.10.20 - arodriguez [26/Sep/2021:12:51:20 -0500] "CONNECT relay-0767eec0.net.anydesk.com:80 HTTP/1.1" 200 0 "HTTPS" "outgoing via 192.168.50.30"
192.168.10.20 - arodriguez [26/Sep/2021:12:51:34 -0500] "CONNECT relay-096fe6d0.net.anydesk.com:80 HTTP/1.1" 200 0 "HTTPS" "outgoing via 192.168.50.30"
192.168.1.15 - jacome [26/Sep/2021:12:51:52 -0500] "CONNECT scontent-mia3-1.xx.fbcdn.net:443 HTTP/1.1" 200 0 "HTTPS" "outgoing via 192.168.50.30"
192.168.10.20 - arodriguez [26/Sep/2021:12:52:03 -0500] "CONNECT relay-096fe6d0.net.anydesk.com:80 HTTP/1.1" 200 0 "HTTPS" "outgoing via 192.168.50.30"
192.168.1.15 - jacome [26/Sep/2021:12:52:11 -0500] "CONNECT scontent-mia3-2.xx.fbcdn.net:443 HTTP/1.1" 200 0 "HTTPS" "outgoing via 192.168.50.30"
192.168.10.20 - arodriguez [26/Sep/2021:12:52:32 -0500] "CONNECT relay-096fe6d0.net.anydesk.com:80 HTTP/1.1" 200 0 "HTTPS" "outgoing via 192.168.50.30"
192.168.10.20 - arodriguez [26/Sep/2021:12:52:45 -0500] "CONNECT relay-1c040ae6.net.anydesk.com:80 HTTP/1.1" 200 0 "HTTPS" "outgoing via 192.168.50.30"
192.168.10.20 - arodriguez [26/Sep/2021:12:53:14 -0500] "CONNECT relay-1c040ae6.net.anydesk.com:80 HTTP/1.1" 200 0 "HTTPS" "outgoing via 192.168.50.30"
192.168.1.15 - jacome [26/Sep/2021:12:53:27 -0500] "CONNECT static.xx.fbcdn.net:443 HTTP/1.1" 200 0 "HTTPS" "outgoing via 192.168.50.30"
192.168.1.15 - jacome [26/Sep/2021:12:53:27 -0500] "CONNECT scontent-mia3-1.xx.fbcdn.net:443 HTTP/1.1" 200 0 "HTTPS" "outgoing via 192.168.50.30"
192.168.1.15 - jacome [26/Sep/2021:12:53:27 -0500] "CONNECT safebrowsing.googleapis.com:443 HTTP/1.1" 200 0 "HTTPS" "outgoing via 192.168.50.30"
192.168.10.20 - arodriguez [26/Sep/2021:12:53:43 -0500] "CONNECT relay-1c040ae6.net.anydesk.com:80 HTTP/1.1" 200 0 "HTTPS" "outgoing via 192.168.50.30"
192.168.10.20 - arodriguez [26/Sep/2021:12:54:12 -0500] "CONNECT relay-1c040ae6.net.anydesk.com:80 HTTP/1.1" 200 0 "HTTPS" "outgoing via 192.168.50.30"
192.168.10.20 - arodriguez [26/Sep/2021:12:54:41 -0500] "CONNECT relay-1c040ae6.net.anydesk.com:80 HTTP/1.1" 200 0 "HTTPS" "outgoing via 192.168.50.30"
192.168.10.20 - arodriguez [26/Sep/2021:12:54:54 -0500] "CONNECT relay-497b2e35.net.anydesk.com:80 HTTP/1.1" 200 0 "HTTPS" "outgoing via 192.168.50.30"
192.168.10.20 - arodriguez [26/Sep/2021:12:55:23 -0500] "CONNECT relay-497b2e35.net.anydesk.com:80 HTTP/1.1" 200 0 "HTTPS" "outgoing via 192.168.50.30"
192.168.10.20 - arodriguez [26/Sep/2021:12:55:53 -0500] "CONNECT relay-497b2e35.net.anydesk.com:80 HTTP/1.1" 200 0 "HTTPS" "outgoing via 192.168.50.30"
192.168.1.15 - jacome [26/Sep/2021:12:56:04 -0500] "CONNECT scontent-mia3-1.xx.fbcdn.net:443 HTTP/1.1" 200 0 "HTTPS" "outgoing via 192.168.50.30"
192.168.10.20 - arodriguez [26/Sep/2021:12:56:06 -0500] "CONNECT relay-69c95757.net.anydesk.com:80 HTTP/1.1" 200 0 "HTTPS" "outgoing via 192.168.50.30"
192.168.1.15 - jacome [26/Sep/2021:12:56:20 -0500] "CONNECT scontent-mia3-2.xx.fbcdn.net:443 HTTP/1.1" 200 0 "HTTPS" "outgoing via 192.168.50.30"
192.168.1.15 - jacome [26/Sep/2021:12:56:20 -0500] "CONNECT scontent-mia3-2.xx.fbcdn.net:443 HTTP/1.1" 200 0 "HTTPS" "outgoing via 192.168.50.30"
192.168.1.15 - jacome [26/Sep/2021:12:56:33 -0500] "CONNECT contile.services.mozilla.com:443 HTTP/1.1" 200 0 "HTTPS" "outgoing via 192.168.50.30"
192.168.10.20 - arodriguez [26/Sep/2021:12:56:35 -0500] "CONNECT relay-69c95757.net.anydesk.com:80 HTTP/1.1" 200 0 "HTTPS" "outgoing via 192.168.50.30"
192.168.10.20 - arodriguez [26/Sep/2021:12:57:04 -0500] "CONNECT relay-69c95757.net.anydesk.com:80 HTTP/1.1" 200 0 "HTTPS" "outgoing via 192.168.50.30"
192.168.10.20 - arodriguez [26/Sep/2021:12:57:18 -0500] "CONNECT relay-d3705b18.net.anydesk.com:80 HTTP/1.1" 200 0 "HTTPS" "outgoing via 192.168.50.30"
192.168.10.20 - arodriguez [26/Sep/2021:12:57:48 -0500] "CONNECT relay-d3705b18.net.anydesk.com:80 HTTP/1.1" 200 0 "HTTPS" "outgoing via 192.168.50.30"
192.168.10.20 - arodriguez [26/Sep/2021:12:57:48 -0500] "CONNECT relay-d3705b18.net.anydesk.com:443 HTTP/1.1" 200 0 "HTTPS" "outgoing via 192.168.50.30"
192.168.10.20 - arodriguez [26/Sep/2021:12:58:16 -0500] "CONNECT relay-d3705b18.net.anydesk.com:80 HTTP/1.1" 200 0 "HTTPS" "outgoing via 192.168.50.30"
192.168.10.20 - arodriguez [26/Sep/2021:12:58:30 -0500] "CONNECT relay-0767eec0.net.anydesk.com:80 HTTP/1.1" 200 0 "HTTPS" "outgoing via 192.168.50.30"
192.168.10.20 - arodriguez [26/Sep/2021:12:58:59 -0500] "CONNECT relay-0767eec0.net.anydesk.com:80 HTTP/1.1" 200 0 "HTTPS" "outgoing via 192.168.50.30"
192.168.10.20 - arodriguez [26/Sep/2021:12:59:28 -0500] "CONNECT relay-0767eec0.net.anydesk.com:80 HTTP/1.1" 200 0 "HTTPS" "outgoing via 192.168.50.30"
192.168.10.20 - arodriguez [26/Sep/2021:12:59:41 -0500] "CONNECT relay-497b2e35.net.anydesk.com:80 HTTP/1.1" 200 0 "HTTPS" "outgoing via 192.168.50.30"
192.168.10.20 - arodriguez [26/Sep/2021:13:00:10 -0500] "CONNECT relay-497b2e35.net.anydesk.com:80 HTTP/1.1" 200 0 "HTTPS" "outgoing via 192.168.50.30"
192.168.10.20 - arodriguez [26/Sep/2021:13:00:39 -0500] "CONNECT relay-497b2e35.net.anydesk.com:80 HTTP/1.1" 200 0 "HTTPS" "outgoing via 192.168.50.30"
192.168.10.20 - arodriguez [26/Sep/2021:13:00:53 -0500] "CONNECT relay-283e3f4a.net.anydesk.com:80 HTTP/1.1" 200 0 "HTTPS" "outgoing via 192.168.50.30"
192.168.10.20 - arodriguez [26/Sep/2021:13:00:53 -0500] "CONNECT relay-283e3f4a.net.anydesk.com:443 HTTP/1.1" 200 0 "HTTPS" "outgoing via 192.168.50.30"
192.168.10.20 - arodriguez [26/Sep/2021:13:01:22 -0500] "CONNECT relay-283e3f4a.net.anydesk.com:80 HTTP/1.1" 200 0 "HTTPS" "outgoing via 192.168.50.30"
192.168.1.15 - jacome [26/Sep/2021:13:01:30 -0500] "GET http://detectportal.firefox.com/canonical.html HTTP/1.1" 200 1895 "HTTP" "Error 403 (Forbidden)!!1"
192.168.1.15 - jacome [26/Sep/2021:13:01:30 -0500] "GET http://detectportal.firefox.com/canonical.html HTTP/1.1" 200 1896 "HTTP" "Error 403 (Forbidden)!!1"
192.168.1.15 - jacome [26/Sep/2021:13:01:30 -0500] "GET http://detectportal.firefox.com/canonical.html HTTP/1.1" 200 1896 "HTTP" "Error 403 (Forbidden)!!1"
192.168.1.15 - jacome [26/Sep/2021:13:01:30 -0500] "GET http://detectportal.firefox.com/canonical.html HTTP/1.1" 200 1896 "HTTP" "Error 403 (Forbidden)!!1"
192.168.1.15 - jacome [26/Sep/2021:13:01:30 -0500] "GET http://detectportal.firefox.com/canonical.html HTTP/1.1" 200 1896 "HTTP" "Error 403 (Forbidden)!!1"
192.168.10.20 - arodriguez [26/Sep/2021:13:01:51 -0500] "CONNECT relay-283e3f4a.net.anydesk.com:80 HTTP/1.1" 200 0 "HTTPS" "outgoing via 192.168.50.30"
192.168.10.20 - arodriguez [26/Sep/2021:13:02:20 -0500] "CONNECT relay-283e3f4a.net.anydesk.com:80 HTTP/1.1" 200 0 "HTTPS" "outgoing via 192.168.50.30"
192.168.10.20 - arodriguez [26/Sep/2021:13:02:33 -0500] "CONNECT relay-717265af.net.anydesk.com:80 HTTP/1.1" 200 0 "HTTPS" "outgoing via 192.168.50.30"
192.168.10.20 - arodriguez [26/Sep/2021:13:03:02 -0500] "CONNECT relay-717265af.net.anydesk.com:80 HTTP/1.1" 200 0 "HTTPS" "outgoing via 192.168.50.30"
192.168.10.20 - arodriguez [26/Sep/2021:13:03:31 -0500] "CONNECT relay-717265af.net.anydesk.com:80 HTTP/1.1" 200 0 "HTTPS" "outgoing via 192.168.50.30"
192.168.10.20 - arodriguez [26/Sep/2021:13:03:44 -0500] "CONNECT relay-2da43234.net.anydesk.com:80 HTTP/1.1" 200 0 "HTTPS" "outgoing via 192.168.50.30"
192.168.10.20 - arodriguez [26/Sep/2021:13:04:13 -0500] "CONNECT relay-2da43234.net.anydesk.com:80 HTTP/1.1" 200 0 "HTTPS" "outgoing via 192.168.50.30"
192.168.10.20 - arodriguez [26/Sep/2021:13:04:42 -0500] "CONNECT relay-2da43234.net.anydesk.com:80 HTTP/1.1" 200 0 "HTTPS" "outgoing via 192.168.50.30"
192.168.10.20 - arodriguez [26/Sep/2021:13:05:11 -0500] "CONNECT relay-2da43234.net.anydesk.com:80 HTTP/1.1" 200 0 "HTTPS" "outgoing via 192.168.50.30"
192.168.10.20 - arodriguez [26/Sep/2021:13:05:25 -0500] "CONNECT relay-096fe6d0.net.anydesk.com:80 HTTP/1.1" 200 0 "HTTPS" "outgoing via 192.168.50.30"
192.168.10.20 - arodriguez [26/Sep/2021:13:05:54 -0500] "CONNECT relay-096fe6d0.net.anydesk.com:80 HTTP/1.1" 200 0 "HTTPS" "outgoing via 192.168.50.30"
192.168.10.20 - arodriguez [26/Sep/2021:13:06:23 -0500] "CONNECT relay-096fe6d0.net.anydesk.com:80 HTTP/1.1" 200 0 "HTTPS" "outgoing via 192.168.50.30"
192.168.10.20 - arodriguez [26/Sep/2021:13:06:36 -0500] "CONNECT relay-717265af.net.anydesk.com:80 HTTP/1.1" 200 0 "HTTPS" "outgoing via 192.168.50.30"
192.168.10.20 - arodriguez [26/Sep/2021:13:07:05 -0500] "CONNECT relay-717265af.net.anydesk.com:80 HTTP/1.1" 200 0 "HTTPS" "outgoing via 192.168.50.30"
192.168.1.15 - jacome [26/Sep/2021:13:07:22 -0500] "CONNECT safebrowsing.googleapis.com:443 HTTP/1.1" 200 0 "HTTPS" "outgoing via 192.168.50.30"
192.168.10.20 - arodriguez [26/Sep/2021:13:07:34 -0500] "CONNECT relay-717265af.net.anydesk.com:80 HTTP/1.1" 200 0 "HTTPS" "outgoing via 192.168.50.30"
192.168.10.20 - arodriguez [26/Sep/2021:13:08:03 -0500] "CONNECT relay-717265af.net.anydesk.com:80 HTTP/1.1" 200 0 "HTTPS" "outgoing via 192.168.50.30"
192.168.10.20 - arodriguez [26/Sep/2021:13:08:17 -0500] "CONNECT relay-94ea071e.net.anydesk.com:80 HTTP/1.1" 200 0 "HTTPS" "outgoing via 192.168.50.30"
192.168.10.20 - arodriguez [26/Sep/2021:13:08:46 -0500] "CONNECT relay-94ea071e.net.anydesk.com:80 HTTP/1.1" 200 0 "HTTPS" "outgoing via 192.168.50.30"
192.168.1.15 - jacome [26/Sep/2021:13:09:00 -0500] "CONNECT video-mia3-1.xx.fbcdn.net:443 HTTP/1.1" 200 0 "HTTPS" "outgoing via 192.168.50.30"
192.168.1.15 - jacome [26/Sep/2021:13:09:01 -0500] "CONNECT scontent-mia3-2.xx.fbcdn.net:443 HTTP/1.1" 200 0 "HTTPS" "outgoing via 192.168.50.30"
192.168.1.15 - jacome [26/Sep/2021:13:09:13 -0500] "CONNECT video-mia3-2.xx.fbcdn.net:443 HTTP/1.1" 200 0 "HTTPS" "outgoing via 192.168.50.30"
192.168.10.20 - arodriguez [26/Sep/2021:13:09:14 -0500] "CONNECT relay-94ea071e.net.anydesk.com:80 HTTP/1.1" 200 0 "HTTPS" "outgoing via 192.168.50.30"
192.168.10.20 - arodriguez [26/Sep/2021:13:09:28 -0500] "CONNECT relay-283e3f4a.net.anydesk.com:80 HTTP/1.1" 200 0 "HTTPS" "outgoing via 192.168.50.30"
192.168.10.20 - arodriguez [26/Sep/2021:13:09:57 -0500] "CONNECT relay-283e3f4a.net.anydesk.com:80 HTTP/1.1" 200 0 "HTTPS" "outgoing via 192.168.50.30"
192.168.10.20 - arodriguez [26/Sep/2021:13:10:26 -0500] "CONNECT relay-283e3f4a.net.anydesk.com:80 HTTP/1.1" 200 0 "HTTPS" "outgoing via 192.168.50.30"
192.168.1.15 - jacome [26/Sep/2021:13:10:54 -0500] "CONNECT scontent-mia3-1.xx.fbcdn.net:443 HTTP/1.1" 200 0 "HTTPS" "outgoing via 192.168.50.30"
192.168.10.20 - arodriguez [26/Sep/2021:13:10:55 -0500] "CONNECT relay-283e3f4a.net.anydesk.com:80 HTTP/1.1" 200 0 "HTTPS" "outgoing via 192.168.50.30"
192.168.10.20 - arodriguez [26/Sep/2021:13:11:24 -0500] "CONNECT relay-283e3f4a.net.anydesk.com:80 HTTP/1.1" 200 0 "HTTPS" "outgoing via 192.168.50.30"
192.168.1.15 - jacome [26/Sep/2021:13:11:33 -0500] "CONNECT contile.services.mozilla.com:443 HTTP/1.1" 200 0 "HTTPS" "outgoing via 192.168.50.30"
192.168.10.20 - arodriguez [26/Sep/2021:13:11:53 -0500] "CONNECT relay-283e3f4a.net.anydesk.com:80 HTTP/1.1" 200 0 "HTTPS" "outgoing via 192.168.50.30"
192.168.10.20 - arodriguez [26/Sep/2021:13:12:22 -0500] "CONNECT relay-283e3f4a.net.anydesk.com:80 HTTP/1.1" 200 0 "HTTPS" "outgoing via 192.168.50.30"
192.168.1.15 - jacome [26/Sep/2021:13:12:50 -0500] "CONNECT scontent-mia3-2.xx.fbcdn.net:443 HTTP/1.1" 200 0 "HTTPS" "outgoing via 192.168.50.30"
192.168.1.15 - jacome [26/Sep/2021:13:12:50 -0500] "CONNECT video-mia3-1.xx.fbcdn.net:443 HTTP/1.1" 200 0 "HTTPS" "outgoing via 192.168.50.30"
192.168.1.15 - jacome [26/Sep/2021:13:12:50 -0500] "CONNECT static.xx.fbcdn.net:443 HTTP/1.1" 200 0 "HTTPS" "outgoing via 192.168.50.30"
192.168.1.15 - jacome [26/Sep/2021:13:12:50 -0500] "CONNECT scontent-mia3-2.xx.fbcdn.net:443 HTTP/1.1" 200 0 "HTTPS" "outgoing via 192.168.50.30"
192.168.10.20 - arodriguez [26/Sep/2021:13:12:50 -0500] "CONNECT relay-283e3f4a.net.anydesk.com:80 HTTP/1.1" 200 0 "HTTPS" "outgoing via 192.168.50.30"
192.168.10.20 - arodriguez [26/Sep/2021:13:13:19 -0500] "CONNECT relay-283e3f4a.net.anydesk.com:80 HTTP/1.1" 200 0 "HTTPS" "outgoing via 192.168.50.30"
192.168.10.20 - arodriguez [26/Sep/2021:13:13:48 -0500] "CONNECT relay-283e3f4a.net.anydesk.com:80 HTTP/1.1" 200 0 "HTTPS" "outgoing via 192.168.50.30"
192.168.10.20 - arodriguez [26/Sep/2021:13:14:02 -0500] "CONNECT relay-f4ae83b1.net.anydesk.com:80 HTTP/1.1" 200 0 "HTTPS" "outgoing via 192.168.50.30"
192.168.10.20 - arodriguez [26/Sep/2021:13:14:30 -0500] "CONNECT relay-f4ae83b1.net.anydesk.com:80 HTTP/1.1" 200 0 "HTTPS" "outgoing via 192.168.50.30"
192.168.10.20 - arodriguez [26/Sep/2021:13:14:59 -0500] "CONNECT relay-f4ae83b1.net.anydesk.com:80 HTTP/1.1" 200 0 "HTTPS" "outgoing via 192.168.50.30"
192.168.1.15 - jacome [26/Sep/2021:13:15:03 -0500] "CONNECT scontent-mia3-1.xx.fbcdn.net:443 HTTP/1.1" 200 0 "HTTPS" "outgoing via 192.168.50.30"
192.168.1.15 - jacome [26/Sep/2021:13:15:14 -0500] "CONNECT scontent-mia3-1.xx.fbcdn.net:443 HTTP/1.1" 200 0 "HTTPS" "outgoing via 192.168.50.30"
192.168.10.20 - arodriguez [26/Sep/2021:13:15:28 -0500] "CONNECT relay-f4ae83b1.net.anydesk.com:80 HTTP/1.1" 200 0 "HTTPS" "outgoing via 192.168.50.30"
192.168.10.20 - arodriguez [26/Sep/2021:13:15:57 -0500] "CONNECT relay-f4ae83b1.net.anydesk.com:80 HTTP/1.1" 200 0 "HTTPS" "outgoing via 192.168.50.30"
192.168.50.220 - servidores [26/Sep/2021:13:16:03 -0500] "CONNECT mirrors.fedoraproject.org:443 HTTP/1.1" 200 0 "HTTPS" "outgoing via 192.168.50.30"
192.168.10.20 - arodriguez [26/Sep/2021:13:16:11 -0500] "CONNECT relay-d3705b18.net.anydesk.com:80 HTTP/1.1" 200 0 "HTTPS" "outgoing via 192.168.50.30"
192.168.50.220 - servidores [26/Sep/2021:13:16:12 -0500] "CONNECT repo.ius.io:443 HTTP/1.1" 200 0 "HTTPS" "outgoing via 192.168.50.30"
192.168.50.220 - servidores [26/Sep/2021:13:16:14 -0500] "CONNECT download.postgresql.org:443 HTTP/1.1" 200 0 "HTTPS" "outgoing via 192.168.50.30"
192.168.50.220 - servidores [26/Sep/2021:13:16:33 -0500] "CONNECT download.postgresql.org:443 HTTP/1.1" 200 0 "HTTPS" "outgoing via 192.168.50.30"
192.168.50.220 - servidores [26/Sep/2021:13:16:39 -0500] "CONNECT mirrors.tuna.tsinghua.edu.cn:443 HTTP/1.1" 200 0 "HTTPS" "outgoing via 192.168.50.30"
192.168.10.20 - arodriguez [26/Sep/2021:13:16:40 -0500] "CONNECT relay-d3705b18.net.anydesk.com:80 HTTP/1.1" 200 0 "HTTPS" "outgoing via 192.168.50.30"
192.168.50.220 - servidores [26/Sep/2021:13:16:42 -0500] "CONNECT download.rethinkdb.com:443 HTTP/1.1" 200 0 "HTTPS" "outgoing via 192.168.50.30"
192.168.50.220 - servidores [26/Sep/2021:13:16:42 -0500] "GET http://mirror.cedia.org.ec/centos/7.9.2009/extras/x86_64/repodata/repomd.xml HTTP/1.1" 200 3477 "HTTP" ""
192.168.10.20 - arodriguez [26/Sep/2021:13:17:09 -0500] "CONNECT relay-d3705b18.net.anydesk.com:80 HTTP/1.1" 200 0 "HTTPS" "outgoing via 192.168.50.30"
192.168.10.20 - arodriguez [26/Sep/2021:13:17:38 -0500] "CONNECT relay-d3705b18.net.anydesk.com:80 HTTP/1.1" 200 0 "HTTPS" "outgoing via 192.168.50.30"
192.168.10.20 - arodriguez [26/Sep/2021:13:17:51 -0500] "CONNECT relay-bd01ff02.net.anydesk.com:80 HTTP/1.1" 200 0 "HTTPS" "outgoing via 192.168.50.30"
192.168.10.20 - arodriguez [26/Sep/2021:13:18:20 -0500] "CONNECT relay-bd01ff02.net.anydesk.com:80 HTTP/1.1" 200 0 "HTTPS" "outgoing via 192.168.50.30"
192.168.10.20 - arodriguez [26/Sep/2021:13:18:49 -0500] "CONNECT relay-bd01ff02.net.anydesk.com:80 HTTP/1.1" 200 0 "HTTPS" "outgoing via 192.168.50.30"
192.168.10.20 - arodriguez [26/Sep/2021:13:19:20 -0500] "CONNECT relay-bd01ff02.net.anydesk.com:443 HTTP/1.1" 200 0 "HTTPS" "outgoing via 192.168.50.30"
192.168.10.20 - arodriguez [26/Sep/2021:13:19:21 -0500] "CONNECT relay-bd01ff02.net.anydesk.com:80 HTTP/1.1" 200 0 "HTTPS" "outgoing via 192.168.50.30"
192.168.50.50 - servidores [26/Sep/2021:13:20:53 -0500] "CONNECT mirrors.fedoraproject.org:443 HTTP/1.1" 200 0 "HTTPS" "outgoing via 192.168.50.30"
192.168.50.50 - servidores [26/Sep/2021:13:21:04 -0500] "CONNECT merlin.fit.vutbr.cz:443 HTTP/1.1" 200 0 "HTTPS" "outgoing via 192.168.50.30"
192.168.1.15 - jacome [26/Sep/2021:13:22:31 -0500] "CONNECT push.services.mozilla.com:443 HTTP/1.1" 200 0 "HTTPS" "outgoing via 192.168.50.30"
192.168.1.15 - jacome [26/Sep/2021:13:22:33 -0500] "CONNECT firefox.settings.services.mozilla.com:443 HTTP/1.1" 200 0 "HTTPS" "outgoing via 192.168.50.30"
192.168.1.15 - jacome [26/Sep/2021:13:23:35 -0500] "CONNECT video-mia3-1.xx.fbcdn.net:443 HTTP/1.1" 200 0 "HTTPS" "outgoing via 192.168.50.30"
192.168.10.20 - arodriguez [26/Sep/2021:13:24:35 -0500] "CONNECT relay-bd01ff02.net.anydesk.com:80 HTTP/1.1" 200 0 "HTTPS" "outgoing via 192.168.50.30"
192.168.10.20 - arodriguez [26/Sep/2021:13:24:48 -0500] "CONNECT relay-1c040ae6.net.anydesk.com:80 HTTP/1.1" 200 0 "HTTPS" "outgoing via 192.168.50.30"
192.168.10.20 - arodriguez [26/Sep/2021:13:25:18 -0500] "CONNECT relay-1c040ae6.net.anydesk.com:80 HTTP/1.1" 200 0 "HTTPS" "outgoing via 192.168.50.30"
192.168.10.20 - arodriguez [26/Sep/2021:13:25:46 -0500] "CONNECT relay-1c040ae6.net.anydesk.com:80 HTTP/1.1" 200 0 "HTTPS" "outgoing via 192.168.50.30"
192.168.10.20 - arodriguez [26/Sep/2021:13:26:15 -0500] "CONNECT relay-1c040ae6.net.anydesk.com:80 HTTP/1.1" 200 0 "HTTPS" "outgoing via 192.168.50.30"
192.168.1.15 - jacome [26/Sep/2021:13:26:34 -0500] "CONNECT contile.services.mozilla.com:443 HTTP/1.1" 200 0 "HTTPS" "outgoing via 192.168.50.30"
192.168.10.20 - arodriguez [26/Sep/2021:13:26:44 -0500] "CONNECT relay-1c040ae6.net.anydesk.com:80 HTTP/1.1" 200 0 "HTTPS" "outgoing via 192.168.50.30"
192.168.1.15 - jacome [26/Sep/2021:13:26:57 -0500] "CONNECT scontent-mia3-2.xx.fbcdn.net:443 HTTP/1.1" 200 0 "HTTPS" "outgoing via 192.168.50.30"
192.168.1.15 - jacome [26/Sep/2021:13:26:57 -0500] "CONNECT static.xx.fbcdn.net:443 HTTP/1.1" 200 0 "HTTPS" "outgoing via 192.168.50.30"
192.168.10.20 - arodriguez [26/Sep/2021:13:26:58 -0500] "CONNECT relay-5d364c18.net.anydesk.com:80 HTTP/1.1" 200 0 "HTTPS" "outgoing via 192.168.50.30"
192.168.10.20 - arodriguez [26/Sep/2021:13:27:27 -0500] "CONNECT relay-5d364c18.net.anydesk.com:80 HTTP/1.1" 200 0 "HTTPS" "outgoing via 192.168.50.30"
192.168.10.20 - arodriguez [26/Sep/2021:13:27:56 -0500] "CONNECT relay-5d364c18.net.anydesk.com:80 HTTP/1.1" 200 0 "HTTPS" "outgoing via 192.168.50.30"
192.168.10.20 - arodriguez [26/Sep/2021:13:28:25 -0500] "CONNECT relay-5d364c18.net.anydesk.com:80 HTTP/1.1" 200 0 "HTTPS" "outgoing via 192.168.50.30"
192.168.10.20 - arodriguez [26/Sep/2021:13:28:38 -0500] "CONNECT relay-bfcb38ab.net.anydesk.com:80 HTTP/1.1" 200 0 "HTTPS" "outgoing via 192.168.50.30"
192.168.10.20 - arodriguez [26/Sep/2021:13:29:07 -0500] "CONNECT relay-bfcb38ab.net.anydesk.com:80 HTTP/1.1" 200 0 "HTTPS" "outgoing via 192.168.50.30"
192.168.10.20 - arodriguez [26/Sep/2021:13:29:36 -0500] "CONNECT relay-bfcb38ab.net.anydesk.com:80 HTTP/1.1" 200 0 "HTTPS" "outgoing via 192.168.50.30"
192.168.10.20 - arodriguez [26/Sep/2021:13:30:06 -0500] "CONNECT relay-bfcb38ab.net.anydesk.com:80 HTTP/1.1" 200 0 "HTTPS" "outgoing via 192.168.50.30"
192.168.10.20 - arodriguez [26/Sep/2021:13:30:37 -0500] "CONNECT relay-bfcb38ab.net.anydesk.com:443 HTTP/1.1" 200 0 "HTTPS" "outgoing via 192.168.50.30"
192.168.10.20 - arodriguez [26/Sep/2021:13:30:50 -0500] "CONNECT relay-1954f6f5.net.anydesk.com:80 HTTP/1.1" 200 0 "HTTPS" "outgoing via 192.168.50.30"
192.168.10.20 - arodriguez [26/Sep/2021:13:31:20 -0500] "CONNECT relay-1954f6f5.net.anydesk.com:80 HTTP/1.1" 200 0 "HTTPS" "outgoing via 192.168.50.30"
192.168.10.20 - arodriguez [26/Sep/2021:13:31:49 -0500] "CONNECT relay-1954f6f5.net.anydesk.com:80 HTTP/1.1" 200 0 "HTTPS" "outgoing via 192.168.50.30"
192.168.10.20 - arodriguez [26/Sep/2021:13:32:02 -0500] "CONNECT relay-d3705b18.net.anydesk.com:80 HTTP/1.1" 200 0 "HTTPS" "outgoing via 192.168.50.30"
192.168.10.20 - arodriguez [26/Sep/2021:13:32:31 -0500] "CONNECT relay-d3705b18.net.anydesk.com:80 HTTP/1.1" 200 0 "HTTPS" "outgoing via 192.168.50.30"
192.168.1.15 - jacome [26/Sep/2021:13:32:36 -0500] "CONNECT scontent-mia3-2.xx.fbcdn.net:443 HTTP/1.1" 200 0 "HTTPS" "outgoing via 192.168.50.30"
192.168.10.20 - arodriguez [26/Sep/2021:13:33:00 -0500] "CONNECT relay-d3705b18.net.anydesk.com:80 HTTP/1.1" 200 0 "HTTPS" "outgoing via 192.168.50.30"
192.168.1.15 - jacome [26/Sep/2021:13:33:10 -0500] "CONNECT scontent-mia3-1.xx.fbcdn.net:443 HTTP/1.1" 200 0 "HTTPS" "outgoing via 192.168.50.30"
192.168.10.20 - arodriguez [26/Sep/2021:13:33:14 -0500] "CONNECT relay-9ec84ff7.net.anydesk.com:80 HTTP/1.1" 200 0 "HTTPS" "outgoing via 192.168.50.30"
192.168.1.15 - jacome [26/Sep/2021:13:33:19 -0500] "CONNECT safebrowsing.googleapis.com:443 HTTP/1.1" 200 0 "HTTPS" "outgoing via 192.168.50.30"
192.168.10.20 - arodriguez [26/Sep/2021:13:33:43 -0500] "CONNECT relay-9ec84ff7.net.anydesk.com:80 HTTP/1.1" 200 0 "HTTPS" "outgoing via 192.168.50.30"
192.168.1.15 - jacome [26/Sep/2021:13:33:53 -0500] "CONNECT scontent-mia3-2.xx.fbcdn.net:443 HTTP/1.1" 200 0 "HTTPS" "outgoing via 192.168.50.30"
192.168.10.20 - arodriguez [26/Sep/2021:13:34:12 -0500] "CONNECT relay-9ec84ff7.net.anydesk.com:80 HTTP/1.1" 200 0 "HTTPS" "outgoing via 192.168.50.30"
192.168.10.20 - arodriguez [26/Sep/2021:13:34:41 -0500] "CONNECT relay-9ec84ff7.net.anydesk.com:80 HTTP/1.1" 200 0 "HTTPS" "outgoing via 192.168.50.30"
192.168.10.20 - arodriguez [26/Sep/2021:13:35:10 -0500] "CONNECT relay-9ec84ff7.net.anydesk.com:80 HTTP/1.1" 200 0 "HTTPS" "outgoing via 192.168.50.30"
192.168.10.20 - arodriguez [26/Sep/2021:13:35:25 -0500] "CONNECT relay-717265af.net.anydesk.com:443 HTTP/1.1" 200 0 "HTTPS" "outgoing via 192.168.50.30"
192.168.10.20 - arodriguez [26/Sep/2021:13:35:25 -0500] "CONNECT relay-717265af.net.anydesk.com:80 HTTP/1.1" 200 0 "HTTPS" "outgoing via 192.168.50.30"
192.168.1.15 - jacome [26/Sep/2021:13:37:25 -0500] "CONNECT safebrowsing.googleapis.com:443 HTTP/1.1" 200 0 "HTTPS" "outgoing via 192.168.50.30"
192.168.1.15 - jacome [26/Sep/2021:13:37:48 -0500] "CONNECT scontent-mia3-2.xx.fbcdn.net:443 HTTP/1.1" 200 0 "HTTPS" "outgoing via 192.168.50.30"
192.168.1.15 - jacome [26/Sep/2021:13:37:49 -0500] "CONNECT scontent-mia3-1.xx.fbcdn.net:443 HTTP/1.1" 200 0 "HTTPS" "outgoing via 192.168.50.30"
192.168.1.15 - jacome [26/Sep/2021:13:41:34 -0500] "CONNECT contile.services.mozilla.com:443 HTTP/1.1" 200 0 "HTTPS" "outgoing via 192.168.50.30"
192.168.10.20 - arodriguez [26/Sep/2021:13:43:22 -0500] "CONNECT relay-717265af.net.anydesk.com:80 HTTP/1.1" 200 0 "HTTPS" "outgoing via 192.168.50.30"
192.168.10.20 - arodriguez [26/Sep/2021:13:43:35 -0500] "CONNECT relay-54e66660.net.anydesk.com:80 HTTP/1.1" 200 0 "HTTPS" "outgoing via 192.168.50.30"
192.168.10.20 - arodriguez [26/Sep/2021:13:44:05 -0500] "CONNECT relay-54e66660.net.anydesk.com:80 HTTP/1.1" 200 0 "HTTPS" "outgoing via 192.168.50.30"
192.168.10.20 - arodriguez [26/Sep/2021:13:44:33 -0500] "CONNECT relay-54e66660.net.anydesk.com:80 HTTP/1.1" 200 0 "HTTPS" "outgoing via 192.168.50.30"
192.168.10.20 - arodriguez [26/Sep/2021:13:44:47 -0500] "CONNECT relay-9ec84ff7.net.anydesk.com:80 HTTP/1.1" 200 0 "HTTPS" "outgoing via 192.168.50.30"
192.168.10.20 - arodriguez [26/Sep/2021:13:45:16 -0500] "CONNECT relay-9ec84ff7.net.anydesk.com:80 HTTP/1.1" 200 0 "HTTPS" "outgoing via 192.168.50.30"
192.168.10.20 - arodriguez [26/Sep/2021:13:45:44 -0500] "CONNECT relay-9ec84ff7.net.anydesk.com:80 HTTP/1.1" 200 0 "HTTPS" "outgoing via 192.168.50.30"
192.168.10.20 - arodriguez [26/Sep/2021:13:45:58 -0500] "CONNECT relay-629d065f.net.anydesk.com:80 HTTP/1.1" 200 0 "HTTPS" "outgoing via 192.168.50.30"
192.168.10.20 - arodriguez [26/Sep/2021:13:46:27 -0500] "CONNECT relay-629d065f.net.anydesk.com:80 HTTP/1.1" 200 0 "HTTPS" "outgoing via 192.168.50.30"
192.168.10.20 - arodriguez [26/Sep/2021:13:46:56 -0500] "CONNECT relay-629d065f.net.anydesk.com:80 HTTP/1.1" 200 0 "HTTPS" "outgoing via 192.168.50.30"
192.168.10.20 - arodriguez [26/Sep/2021:13:47:25 -0500] "CONNECT relay-629d065f.net.anydesk.com:80 HTTP/1.1" 200 0 "HTTPS" "outgoing via 192.168.50.30"
192.168.10.20 - arodriguez [26/Sep/2021:13:47:55 -0500] "CONNECT relay-629d065f.net.anydesk.com:80 HTTP/1.1" 200 0 "HTTPS" "outgoing via 192.168.50.30"
192.168.10.20 - arodriguez [26/Sep/2021:13:48:08 -0500] "CONNECT relay-b51eac1f.net.anydesk.com:80 HTTP/1.1" 200 0 "HTTPS" "outgoing via 192.168.50.30"
192.168.10.20 - arodriguez [26/Sep/2021:13:48:37 -0500] "CONNECT relay-b51eac1f.net.anydesk.com:80 HTTP/1.1" 200 0 "HTTPS" "outgoing via 192.168.50.30"
192.168.10.20 - arodriguez [26/Sep/2021:13:49:06 -0500] "CONNECT relay-b51eac1f.net.anydesk.com:80 HTTP/1.1" 200 0 "HTTPS" "outgoing via 192.168.50.30"
192.168.10.20 - arodriguez [26/Sep/2021:13:49:20 -0500] "CONNECT relay-922f66f3.net.anydesk.com:80 HTTP/1.1" 200 0 "HTTPS" "outgoing via 192.168.50.30"
192.168.10.20 - arodriguez [26/Sep/2021:13:49:49 -0500] "CONNECT relay-922f66f3.net.anydesk.com:80 HTTP/1.1" 200 0 "HTTPS" "outgoing via 192.168.50.30"
192.168.10.20 - arodriguez [26/Sep/2021:13:50:18 -0500] "CONNECT relay-922f66f3.net.anydesk.com:80 HTTP/1.1" 200 0 "HTTPS" "outgoing via 192.168.50.30"
192.168.10.20 - arodriguez [26/Sep/2021:13:50:47 -0500] "CONNECT relay-922f66f3.net.anydesk.com:80 HTTP/1.1" 200 0 "HTTPS" "outgoing via 192.168.50.30"
192.168.50.8 - arodriguez [26/Sep/2021:13:50:56 -0500] "HEAD http://update.eset.com/eset_eval/update.ver HTTP/1.1" 200 383 "HTTP" ""
192.168.50.8 - arodriguez [26/Sep/2021:13:51:09 -0500] "GET http://update.eset.com/eset_eval/update.ver HTTP/1.1" 200 119231 "HTTP" ""
192.168.50.8 - arodriguez [26/Sep/2021:13:51:09 -0500] "HEAD http://update.eset.com/v3-eval-sta/mod_002_engine_50958/em002_32_l2.nup HTTP/1.1" 200 377 "HTTP" ""
192.168.10.20 - arodriguez [26/Sep/2021:13:51:16 -0500] "CONNECT relay-922f66f3.net.anydesk.com:80 HTTP/1.1" 200 0 "HTTPS" "outgoing via 192.168.50.30"
192.168.10.20 - arodriguez [26/Sep/2021:13:51:29 -0500] "CONNECT relay-bd01ff02.net.anydesk.com:80 HTTP/1.1" 200 0 "HTTPS" "outgoing via 192.168.50.30"
192.168.10.20 - arodriguez [26/Sep/2021:13:51:58 -0500] "CONNECT relay-bd01ff02.net.anydesk.com:80 HTTP/1.1" 200 0 "HTTPS" "outgoing via 192.168.50.30"
192.168.10.20 - arodriguez [26/Sep/2021:13:52:27 -0500] "CONNECT relay-bd01ff02.net.anydesk.com:80 HTTP/1.1" 200 0 "HTTPS" "outgoing via 192.168.50.30"
192.168.10.20 - arodriguez [26/Sep/2021:13:52:56 -0500] "CONNECT relay-bd01ff02.net.anydesk.com:80 HTTP/1.1" 200 0 "HTTPS" "outgoing via 192.168.50.30"
192.168.50.8 - arodriguez [26/Sep/2021:13:52:58 -0500] "GET http://update.eset.com/v3-eval-sta/mod_002_engine_50958/em002_32_l2.nup HTTP/1.1" 200 536237 "HTTP" ""
192.168.50.8 - arodriguez [26/Sep/2021:13:52:58 -0500] "HEAD http://update.eset.com/v3-eval-sta/mod_023_pegasus_26010/em023_32_l2.nup HTTP/1.1" 200 374 "HTTP" ""
192.168.50.8 - arodriguez [26/Sep/2021:13:52:58 -0500] "GET http://update.eset.com/v3-eval-sta/mod_023_pegasus_26010/em023_32_l2.nup HTTP/1.1" 200 88372 "HTTP" ""
192.168.50.8 - arodriguez [26/Sep/2021:13:52:59 -0500] "HEAD http://update.eset.com/v3-eval-sta/mod_002_engine_50958/em002_32_n1.nup HTTP/1.1" 200 371 "HTTP" ""
192.168.50.8 - arodriguez [26/Sep/2021:13:52:59 -0500] "GET http://update.eset.com/v3-eval-sta/mod_002_engine_50958/em002_32_n1.nup HTTP/1.1" 200 8682 "HTTP" ""
192.168.50.8 - arodriguez [26/Sep/2021:13:52:59 -0500] "HEAD http://update.eset.com/v3-eval-sta/mod_002_engine_50958/em002_32_n2.nup HTTP/1.1" 200 373 "HTTP" ""
192.168.50.8 - arodriguez [26/Sep/2021:13:52:59 -0500] "GET http://update.eset.com/v3-eval-sta/mod_002_engine_50958/em002_32_n2.nup HTTP/1.1" 200 10745 "HTTP" ""
192.168.50.8 - arodriguez [26/Sep/2021:13:52:59 -0500] "HEAD http://update.eset.com/v3-eval-sta/mod_002_engine_50958/em002_32_n3.nup HTTP/1.1" 200 373 "HTTP" ""
192.168.50.8 - arodriguez [26/Sep/2021:13:52:59 -0500] "GET http://update.eset.com/v3-eval-sta/mod_002_engine_50958/em002_32_n3.nup HTTP/1.1" 200 13376 "HTTP" ""
192.168.50.8 - arodriguez [26/Sep/2021:13:52:59 -0500] "HEAD http://update.eset.com/v3-eval-sta/mod_002_engine_50958/em002_32_n4.nup HTTP/1.1" 200 373 "HTTP" ""
192.168.50.8 - arodriguez [26/Sep/2021:13:52:59 -0500] "GET http://update.eset.com/v3-eval-sta/mod_002_engine_50958/em002_32_n4.nup HTTP/1.1" 200 16364 "HTTP" ""
192.168.50.8 - arodriguez [26/Sep/2021:13:52:59 -0500] "HEAD http://update.eset.com/v3-eval-sta/mod_002_engine_50958/em002_32_n5.nup HTTP/1.1" 200 373 "HTTP" ""
192.168.50.8 - arodriguez [26/Sep/2021:13:52:59 -0500] "GET http://update.eset.com/v3-eval-sta/mod_002_engine_50958/em002_32_n5.nup HTTP/1.1" 200 18288 "HTTP" ""
192.168.50.8 - arodriguez [26/Sep/2021:13:53:00 -0500] "HEAD http://update.eset.com/v3-eval-sta/mod_002_engine_50958/em002_32_n6.nup HTTP/1.1" 200 373 "HTTP" ""
192.168.50.8 - arodriguez [26/Sep/2021:13:53:00 -0500] "GET http://update.eset.com/v3-eval-sta/mod_002_engine_50958/em002_32_n6.nup HTTP/1.1" 200 19720 "HTTP" ""
192.168.50.8 - arodriguez [26/Sep/2021:13:53:00 -0500] "HEAD http://update.eset.com/v3-eval-sta/mod_002_engine_50958/em002_32_n7.nup HTTP/1.1" 200 373 "HTTP" ""
192.168.50.8 - arodriguez [26/Sep/2021:13:53:00 -0500] "GET http://update.eset.com/v3-eval-sta/mod_002_engine_50958/em002_32_n7.nup HTTP/1.1" 200 23842 "HTTP" ""
192.168.50.8 - arodriguez [26/Sep/2021:13:53:00 -0500] "HEAD http://update.eset.com/v3-eval-sta/mod_002_engine_50958/em002_32_n8.nup HTTP/1.1" 200 373 "HTTP" ""
192.168.50.8 - arodriguez [26/Sep/2021:13:53:00 -0500] "GET http://update.eset.com/v3-eval-sta/mod_002_engine_50958/em002_32_n8.nup HTTP/1.1" 200 27446 "HTTP" ""
192.168.50.8 - arodriguez [26/Sep/2021:13:53:00 -0500] "HEAD http://update.eset.com/v3-eval-sta/mod_002_engine_50958/em002_32_n9.nup HTTP/1.1" 200 373 "HTTP" ""
192.168.50.8 - arodriguez [26/Sep/2021:13:53:00 -0500] "GET http://update.eset.com/v3-eval-sta/mod_002_engine_50958/em002_32_n9.nup HTTP/1.1" 200 34732 "HTTP" ""
192.168.50.8 - arodriguez [26/Sep/2021:13:53:00 -0500] "HEAD http://update.eset.com/v3-eval-sta/mod_002_engine_50958/em002_32_n10.nup HTTP/1.1" 200 373 "HTTP" ""
192.168.50.8 - arodriguez [26/Sep/2021:13:53:00 -0500] "GET http://update.eset.com/v3-eval-sta/mod_002_engine_50958/em002_32_n10.nup HTTP/1.1" 200 42247 "HTTP" ""
192.168.50.8 - arodriguez [26/Sep/2021:13:53:01 -0500] "HEAD http://update.eset.com/v3-eval-sta/mod_002_engine_50958/em002_32_n11.nup HTTP/1.1" 200 373 "HTTP" ""
192.168.50.8 - arodriguez [26/Sep/2021:13:53:01 -0500] "GET http://update.eset.com/v3-eval-sta/mod_002_engine_50958/em002_32_n11.nup HTTP/1.1" 200 49966 "HTTP" ""
192.168.50.8 - arodriguez [26/Sep/2021:13:53:01 -0500] "HEAD http://update.eset.com/v3-eval-sta/mod_002_engine_50958/em002_32_n12.nup HTTP/1.1" 200 373 "HTTP" ""
192.168.50.8 - arodriguez [26/Sep/2021:13:53:01 -0500] "GET http://update.eset.com/v3-eval-sta/mod_002_engine_50958/em002_32_n12.nup HTTP/1.1" 200 59910 "HTTP" ""
192.168.50.8 - arodriguez [26/Sep/2021:13:53:01 -0500] "HEAD http://update.eset.com/v3-eval-sta/mod_002_engine_50958/em002_32_n13.nup HTTP/1.1" 200 373 "HTTP" ""
192.168.50.8 - arodriguez [26/Sep/2021:13:53:01 -0500] "GET http://update.eset.com/v3-eval-sta/mod_002_engine_50958/em002_32_n13.nup HTTP/1.1" 200 64376 "HTTP" ""
192.168.50.8 - arodriguez [26/Sep/2021:13:53:01 -0500] "HEAD http://update.eset.com/v3-eval-sta/mod_002_engine_50958/em002_32_n14.nup HTTP/1.1" 200 374 "HTTP" ""
192.168.50.8 - arodriguez [26/Sep/2021:13:53:01 -0500] "GET http://update.eset.com/v3-eval-sta/mod_002_engine_50958/em002_32_n14.nup HTTP/1.1" 200 67538 "HTTP" ""
192.168.50.8 - arodriguez [26/Sep/2021:13:53:01 -0500] "HEAD http://update.eset.com/v3-eval-sta/mod_002_engine_50958/em002_32_n15.nup HTTP/1.1" 200 374 "HTTP" ""
192.168.50.8 - arodriguez [26/Sep/2021:13:53:01 -0500] "GET http://update.eset.com/v3-eval-sta/mod_002_engine_50958/em002_32_n15.nup HTTP/1.1" 200 73447 "HTTP" ""
192.168.50.8 - arodriguez [26/Sep/2021:13:53:02 -0500] "HEAD http://update.eset.com/v3-eval-sta/mod_002_engine_50958/em002_32_n16.nup HTTP/1.1" 200 374 "HTTP" ""
192.168.50.8 - arodriguez [26/Sep/2021:13:53:02 -0500] "GET http://update.eset.com/v3-eval-sta/mod_002_engine_50958/em002_32_n16.nup HTTP/1.1" 200 79979 "HTTP" ""
192.168.50.8 - arodriguez [26/Sep/2021:13:53:02 -0500] "HEAD http://update.eset.com/v3-eval-sta/mod_002_engine_50958/em002_32_n17.nup HTTP/1.1" 200 374 "HTTP" ""
192.168.50.8 - arodriguez [26/Sep/2021:13:53:02 -0500] "GET http://update.eset.com/v3-eval-sta/mod_002_engine_50958/em002_32_n17.nup HTTP/1.1" 200 88352 "HTTP" ""
192.168.50.8 - arodriguez [26/Sep/2021:13:53:02 -0500] "HEAD http://update.eset.com/v3-eval-sta/mod_002_engine_50958/em002_32_n18.nup HTTP/1.1" 200 374 "HTTP" ""
192.168.50.8 - arodriguez [26/Sep/2021:13:53:02 -0500] "GET http://update.eset.com/v3-eval-sta/mod_002_engine_50958/em002_32_n18.nup HTTP/1.1" 200 94304 "HTTP" ""
192.168.50.8 - arodriguez [26/Sep/2021:13:53:02 -0500] "HEAD http://update.eset.com/v3-eval-sta/mod_002_engine_50958/em002_32_n19.nup HTTP/1.1" 200 374 "HTTP" ""
192.168.50.8 - arodriguez [26/Sep/2021:13:53:02 -0500] "GET http://update.eset.com/v3-eval-sta/mod_002_engine_50958/em002_32_n19.nup HTTP/1.1" 200 95886 "HTTP" ""
192.168.50.8 - arodriguez [26/Sep/2021:13:53:02 -0500] "HEAD http://update.eset.com/v3-eval-sta/mod_002_engine_50958/em002_32_n20.nup HTTP/1.1" 200 374 "HTTP" ""
192.168.50.8 - arodriguez [26/Sep/2021:13:53:02 -0500] "GET http://update.eset.com/v3-eval-sta/mod_002_engine_50958/em002_32_n20.nup HTTP/1.1" 200 99931 "HTTP" ""
192.168.50.8 - arodriguez [26/Sep/2021:13:53:03 -0500] "HEAD http://update.eset.com/v3-eval-sta/mod_023_pegasus_26010/em023_32_n1.nup HTTP/1.1" 200 373 "HTTP" ""
192.168.50.8 - arodriguez [26/Sep/2021:13:53:03 -0500] "GET http://update.eset.com/v3-eval-sta/mod_023_pegasus_26010/em023_32_n1.nup HTTP/1.1" 200 85169 "HTTP" ""
192.168.50.8 - arodriguez [26/Sep/2021:13:53:03 -0500] "HEAD http://update.eset.com/v3-eval-sta/mod_023_pegasus_26010/em023_32_n2.nup HTTP/1.1" 200 374 "HTTP" ""
192.168.50.8 - arodriguez [26/Sep/2021:13:53:03 -0500] "GET http://update.eset.com/v3-eval-sta/mod_023_pegasus_26010/em023_32_n2.nup HTTP/1.1" 200 88375 "HTTP" ""
192.168.50.8 - arodriguez [26/Sep/2021:13:53:03 -0500] "HEAD http://update.eset.com/v3-eval-sta/mod_023_pegasus_26010/em023_32_n3.nup HTTP/1.1" 200 375 "HTTP" ""
192.168.50.8 - arodriguez [26/Sep/2021:13:53:03 -0500] "GET http://update.eset.com/v3-eval-sta/mod_023_pegasus_26010/em023_32_n3.nup HTTP/1.1" 200 200571 "HTTP" ""
192.168.50.8 - arodriguez [26/Sep/2021:13:53:03 -0500] "HEAD http://update.eset.com/v3-eval-sta/mod_023_pegasus_26010/em023_32_n4.nup HTTP/1.1" 200 375 "HTTP" ""
192.168.50.8 - arodriguez [26/Sep/2021:13:53:03 -0500] "GET http://update.eset.com/v3-eval-sta/mod_023_pegasus_26010/em023_32_n4.nup HTTP/1.1" 200 257630 "HTTP" ""
192.168.50.8 - arodriguez [26/Sep/2021:13:53:04 -0500] "HEAD http://update.eset.com/v3-eval-sta/mod_023_pegasus_26010/em023_32_n5.nup HTTP/1.1" 200 375 "HTTP" ""
192.168.50.8 - arodriguez [26/Sep/2021:13:53:04 -0500] "GET http://update.eset.com/v3-eval-sta/mod_023_pegasus_26010/em023_32_n5.nup HTTP/1.1" 200 310290 "HTTP" ""
192.168.50.8 - arodriguez [26/Sep/2021:13:53:04 -0500] "HEAD http://update.eset.com/v3-eval-sta/mod_023_pegasus_26010/em023_32_n6.nup HTTP/1.1" 200 375 "HTTP" ""
192.168.50.8 - arodriguez [26/Sep/2021:13:53:04 -0500] "GET http://update.eset.com/v3-eval-sta/mod_023_pegasus_26010/em023_32_n6.nup HTTP/1.1" 200 339150 "HTTP" ""
192.168.50.8 - arodriguez [26/Sep/2021:13:53:04 -0500] "HEAD http://update.eset.com/v3-eval-sta/mod_023_pegasus_26010/em023_32_n7.nup HTTP/1.1" 200 375 "HTTP" ""
192.168.50.8 - arodriguez [26/Sep/2021:13:53:05 -0500] "GET http://update.eset.com/v3-eval-sta/mod_023_pegasus_26010/em023_32_n7.nup HTTP/1.1" 200 473251 "HTTP" ""
192.168.50.8 - arodriguez [26/Sep/2021:13:53:05 -0500] "HEAD http://update.eset.com/v3-eval-sta/mod_023_pegasus_26010/em023_32_n8.nup HTTP/1.1" 200 375 "HTTP" ""
192.168.50.8 - arodriguez [26/Sep/2021:13:53:05 -0500] "GET http://update.eset.com/v3-eval-sta/mod_023_pegasus_26010/em023_32_n8.nup HTTP/1.1" 200 473252 "HTTP" ""
192.168.50.8 - arodriguez [26/Sep/2021:13:53:05 -0500] "HEAD http://update.eset.com/v3-eval-sta/mod_023_pegasus_26010/em023_32_n9.nup HTTP/1.1" 200 375 "HTTP" ""
192.168.50.8 - arodriguez [26/Sep/2021:13:53:06 -0500] "GET http://update.eset.com/v3-eval-sta/mod_023_pegasus_26010/em023_32_n9.nup HTTP/1.1" 200 519145 "HTTP" ""
192.168.50.8 - arodriguez [26/Sep/2021:13:53:06 -0500] "HEAD http://update.eset.com/v3-eval-sta/mod_023_pegasus_26010/em023_32_n10.nup HTTP/1.1" 200 375 "HTTP" ""
192.168.50.8 - arodriguez [26/Sep/2021:13:53:06 -0500] "GET http://update.eset.com/v3-eval-sta/mod_023_pegasus_26010/em023_32_n10.nup HTTP/1.1" 200 550324 "HTTP" ""
192.168.50.8 - arodriguez [26/Sep/2021:13:53:07 -0500] "HEAD http://update.eset.com/v3-eval-sta/mod_023_pegasus_26010/em023_32_n11.nup HTTP/1.1" 200 375 "HTTP" ""
192.168.50.8 - arodriguez [26/Sep/2021:13:53:07 -0500] "GET http://update.eset.com/v3-eval-sta/mod_023_pegasus_26010/em023_32_n11.nup HTTP/1.1" 200 585669 "HTTP" ""
192.168.50.8 - arodriguez [26/Sep/2021:13:53:07 -0500] "HEAD http://update.eset.com/v3-eval-sta/mod_023_pegasus_26010/em023_32_n12.nup HTTP/1.1" 200 375 "HTTP" ""
192.168.50.8 - arodriguez [26/Sep/2021:13:53:07 -0500] "GET http://update.eset.com/v3-eval-sta/mod_023_pegasus_26010/em023_32_n12.nup HTTP/1.1" 200 634613 "HTTP" ""
192.168.50.8 - arodriguez [26/Sep/2021:13:53:07 -0500] "HEAD http://update.eset.com/v3-eval-sta/mod_023_pegasus_26010/em023_32_n13.nup HTTP/1.1" 200 375 "HTTP" ""
192.168.50.8 - arodriguez [26/Sep/2021:13:53:08 -0500] "GET http://update.eset.com/v3-eval-sta/mod_023_pegasus_26010/em023_32_n13.nup HTTP/1.1" 200 701417 "HTTP" ""
192.168.50.8 - arodriguez [26/Sep/2021:13:53:08 -0500] "HEAD http://update.eset.com/v3-eval-sta/mod_023_pegasus_26010/em023_32_n14.nup HTTP/1.1" 200 375 "HTTP" ""
192.168.50.8 - arodriguez [26/Sep/2021:13:53:08 -0500] "GET http://update.eset.com/v3-eval-sta/mod_023_pegasus_26010/em023_32_n14.nup HTTP/1.1" 200 740029 "HTTP" ""
192.168.50.8 - arodriguez [26/Sep/2021:13:53:08 -0500] "HEAD http://update.eset.com/v3-eval-sta/mod_023_pegasus_26010/em023_32_n15.nup HTTP/1.1" 200 375 "HTTP" ""
192.168.50.8 - arodriguez [26/Sep/2021:13:53:08 -0500] "GET http://update.eset.com/v3-eval-sta/mod_023_pegasus_26010/em023_32_n15.nup HTTP/1.1" 200 804904 "HTTP" ""
192.168.50.8 - arodriguez [26/Sep/2021:13:53:09 -0500] "HEAD http://update.eset.com/v3-eval-sta/mod_023_pegasus_26010/em023_32_n16.nup HTTP/1.1" 200 375 "HTTP" ""
192.168.50.8 - arodriguez [26/Sep/2021:13:53:09 -0500] "GET http://update.eset.com/v3-eval-sta/mod_023_pegasus_26010/em023_32_n16.nup HTTP/1.1" 200 817628 "HTTP" ""
192.168.50.8 - arodriguez [26/Sep/2021:13:53:09 -0500] "HEAD http://update.eset.com/v3-eval-sta/mod_023_pegasus_26010/em023_32_n17.nup HTTP/1.1" 200 375 "HTTP" ""
192.168.50.8 - arodriguez [26/Sep/2021:13:53:10 -0500] "GET http://update.eset.com/v3-eval-sta/mod_023_pegasus_26010/em023_32_n17.nup HTTP/1.1" 200 846562 "HTTP" ""
192.168.50.8 - arodriguez [26/Sep/2021:13:53:11 -0500] "HEAD http://update.eset.com/v3-eval-sta/mod_023_pegasus_26010/em023_32_n18.nup HTTP/1.1" 200 375 "HTTP" ""
192.168.50.8 - arodriguez [26/Sep/2021:13:53:11 -0500] "GET http://update.eset.com/v3-eval-sta/mod_023_pegasus_26010/em023_32_n18.nup HTTP/1.1" 200 934133 "HTTP" ""
192.168.50.8 - arodriguez [26/Sep/2021:13:53:11 -0500] "HEAD http://update.eset.com/v3-eval-sta/mod_023_pegasus_26010/em023_32_n19.nup HTTP/1.1" 200 375 "HTTP" ""
192.168.50.8 - arodriguez [26/Sep/2021:13:53:11 -0500] "GET http://update.eset.com/v3-eval-sta/mod_023_pegasus_26010/em023_32_n19.nup HTTP/1.1" 200 934130 "HTTP" ""
192.168.50.8 - arodriguez [26/Sep/2021:13:53:11 -0500] "HEAD http://update.eset.com/v3-eval-sta/mod_023_pegasus_26010/em023_32_n20.nup HTTP/1.1" 200 375 "HTTP" ""
192.168.10.20 - arodriguez [26/Sep/2021:13:53:26 -0500] "CONNECT relay-bd01ff02.net.anydesk.com:80 HTTP/1.1" 200 0 "HTTPS" "outgoing via 192.168.50.30"
192.168.10.20 - arodriguez [26/Sep/2021:13:53:54 -0500] "CONNECT relay-bd01ff02.net.anydesk.com:80 HTTP/1.1" 200 0 "HTTPS" "outgoing via 192.168.50.30"
192.168.10.20 - arodriguez [26/Sep/2021:13:54:23 -0500] "CONNECT relay-bd01ff02.net.anydesk.com:80 HTTP/1.1" 200 0 "HTTPS" "outgoing via 192.168.50.30"
192.168.10.20 - arodriguez [26/Sep/2021:13:54:53 -0500] "CONNECT relay-bd01ff02.net.anydesk.com:80 HTTP/1.1" 200 0 "HTTPS" "outgoing via 192.168.50.30"
192.168.10.20 - arodriguez [26/Sep/2021:13:55:21 -0500] "CONNECT relay-bd01ff02.net.anydesk.com:80 HTTP/1.1" 200 0 "HTTPS" "outgoing via 192.168.50.30"
192.168.10.20 - arodriguez [26/Sep/2021:13:55:51 -0500] "CONNECT relay-bd01ff02.net.anydesk.com:80 HTTP/1.1" 200 0 "HTTPS" "outgoing via 192.168.50.30"
192.168.10.20 - arodriguez [26/Sep/2021:13:56:04 -0500] "CONNECT relay-5bec465c.net.anydesk.com:80 HTTP/1.1" 200 0 "HTTPS" "outgoing via 192.168.50.30"
192.168.10.20 - arodriguez [26/Sep/2021:13:56:33 -0500] "CONNECT relay-5bec465c.net.anydesk.com:80 HTTP/1.1" 200 0 "HTTPS" "outgoing via 192.168.50.30"
192.168.1.15 - jacome [26/Sep/2021:13:56:35 -0500] "CONNECT contile.services.mozilla.com:443 HTTP/1.1" 200 0 "HTTPS" "outgoing via 192.168.50.30"
192.168.10.20 - arodriguez [26/Sep/2021:13:57:02 -0500] "CONNECT relay-5bec465c.net.anydesk.com:80 HTTP/1.1" 200 0 "HTTPS" "outgoing via 192.168.50.30"
192.168.10.20 - arodriguez [26/Sep/2021:13:57:04 -0500] "CONNECT relay-5bec465c.net.anydesk.com:443 HTTP/1.1" 200 0 "HTTPS" "outgoing via 192.168.50.30"
192.168.10.20 - arodriguez [26/Sep/2021:13:57:06 -0500] "CONNECT relay-5bec465c.net.anydesk.com:6568 HTTP/1.1" 200 0 "HTTPS" "outgoing via 192.168.50.30"
192.168.1.15 - jacome [26/Sep/2021:13:57:08 -0500] "CONNECT www.facebook.com:443 HTTP/1.1" 200 0 "HTTPS" "outgoing via 192.168.50.30"
192.168.10.20 - arodriguez [26/Sep/2021:13:57:08 -0500] "CONNECT 92.223.66.40:80 HTTP/1.1" 200 0 "HTTPS" "outgoing via 192.168.50.30"
192.168.10.20 - arodriguez [26/Sep/2021:13:57:10 -0500] "CONNECT 92.223.66.40:443 HTTP/1.1" 200 0 "HTTPS" "outgoing via 192.168.50.30"
192.168.10.20 - arodriguez [26/Sep/2021:13:57:12 -0500] "CONNECT 92.223.66.40:6568 HTTP/1.1" 200 0 "HTTPS" "outgoing via 192.168.50.30"
192.168.10.20 - arodriguez [26/Sep/2021:13:57:20 -0500] "CONNECT boot-01.net.anydesk.com:443 HTTP/1.1" 200 0 "HTTPS" "outgoing via 192.168.50.30"
192.168.10.20 - arodriguez [26/Sep/2021:13:57:22 -0500] "CONNECT boot-01.net.anydesk.com:80 HTTP/1.1" 200 0 "HTTPS" "outgoing via 192.168.50.30"
192.168.10.20 - arodriguez [26/Sep/2021:13:57:24 -0500] "CONNECT boot-01.net.anydesk.com:6568 HTTP/1.1" 200 0 "HTTPS" "outgoing via 192.168.50.30"
192.168.10.20 - arodriguez [26/Sep/2021:13:57:32 -0500] "CONNECT boot-02.net.anydesk.com:443 HTTP/1.1" 200 0 "HTTPS" "outgoing via 192.168.50.30"
192.168.10.20 - arodriguez [26/Sep/2021:13:57:45 -0500] "CONNECT relay-5bec465c.net.anydesk.com:80 HTTP/1.1" 200 0 "HTTPS" "outgoing via 192.168.50.30"
192.168.10.20 - arodriguez [26/Sep/2021:13:58:14 -0500] "CONNECT relay-5bec465c.net.anydesk.com:80 HTTP/1.1" 200 0 "HTTPS" "outgoing via 192.168.50.30"
192.168.10.20 - arodriguez [26/Sep/2021:13:58:27 -0500] "CONNECT relay-0767eec0.net.anydesk.com:80 HTTP/1.1" 200 0 "HTTPS" "outgoing via 192.168.50.30"
192.168.10.20 - arodriguez [26/Sep/2021:13:58:56 -0500] "CONNECT relay-0767eec0.net.anydesk.com:80 HTTP/1.1" 200 0 "HTTPS" "outgoing via 192.168.50.30"
192.168.10.20 - arodriguez [26/Sep/2021:13:59:25 -0500] "CONNECT relay-0767eec0.net.anydesk.com:80 HTTP/1.1" 200 0 "HTTPS" "outgoing via 192.168.50.30"
192.168.10.20 - arodriguez [26/Sep/2021:13:59:54 -0500] "CONNECT relay-0767eec0.net.anydesk.com:80 HTTP/1.1" 200 0 "HTTPS" "outgoing via 192.168.50.30"
192.168.10.20 - arodriguez [26/Sep/2021:14:00:23 -0500] "CONNECT relay-0767eec0.net.anydesk.com:80 HTTP/1.1" 200 0 "HTTPS" "outgoing via 192.168.50.30"
192.168.10.20 - arodriguez [26/Sep/2021:14:00:37 -0500] "CONNECT relay-32e92e70.net.anydesk.com:80 HTTP/1.1" 200 0 "HTTPS" "outgoing via 192.168.50.30"
192.168.10.20 - arodriguez [26/Sep/2021:14:01:06 -0500] "CONNECT relay-32e92e70.net.anydesk.com:80 HTTP/1.1" 200 0 "HTTPS" "outgoing via 192.168.50.30"
192.168.1.15 - jacome [26/Sep/2021:14:01:20 -0500] "CONNECT safebrowsing.googleapis.com:443 HTTP/1.1" 200 0 "HTTPS" "outgoing via 192.168.50.30"
192.168.1.15 - jacome [26/Sep/2021:14:01:21 -0500] "CONNECT www.facebook.com:443 HTTP/1.1" 200 0 "HTTPS" "outgoing via 192.168.50.30"
192.168.10.20 - arodriguez [26/Sep/2021:14:01:34 -0500] "CONNECT relay-32e92e70.net.anydesk.com:80 HTTP/1.1" 200 0 "HTTPS" "outgoing via 192.168.50.30"
192.168.10.20 - arodriguez [26/Sep/2021:14:02:03 -0500] "CONNECT relay-32e92e70.net.anydesk.com:80 HTTP/1.1" 200 0 "HTTPS" "outgoing via 192.168.50.30"
192.168.10.20 - arodriguez [26/Sep/2021:14:02:32 -0500] "CONNECT relay-32e92e70.net.anydesk.com:80 HTTP/1.1" 200 0 "HTTPS" "outgoing via 192.168.50.30"
192.168.10.20 - arodriguez [26/Sep/2021:14:02:45 -0500] "CONNECT relay-1c040ae6.net.anydesk.com:80 HTTP/1.1" 200 0 "HTTPS" "outgoing via 192.168.50.30"
192.168.10.20 - arodriguez [26/Sep/2021:14:03:15 -0500] "CONNECT relay-1c040ae6.net.anydesk.com:80 HTTP/1.1" 200 0 "HTTPS" "outgoing via 192.168.50.30"
192.168.10.20 - arodriguez [26/Sep/2021:14:03:44 -0500] "CONNECT relay-1c040ae6.net.anydesk.com:80 HTTP/1.1" 200 0 "HTTPS" "outgoing via 192.168.50.30"
192.168.10.20 - arodriguez [26/Sep/2021:14:04:13 -0500] "CONNECT relay-1c040ae6.net.anydesk.com:80 HTTP/1.1" 200 0 "HTTPS" "outgoing via 192.168.50.30"
192.168.10.20 - arodriguez [26/Sep/2021:14:04:42 -0500] "CONNECT relay-1c040ae6.net.anydesk.com:80 HTTP/1.1" 200 0 "HTTPS" "outgoing via 192.168.50.30"
192.168.10.20 - arodriguez [26/Sep/2021:14:04:55 -0500] "CONNECT relay-497b2e35.net.anydesk.com:80 HTTP/1.1" 200 0 "HTTPS" "outgoing via 192.168.50.30"
192.168.10.20 - arodriguez [26/Sep/2021:14:05:24 -0500] "CONNECT relay-497b2e35.net.anydesk.com:80 HTTP/1.1" 200 0 "HTTPS" "outgoing via 192.168.50.30"
192.168.10.20 - arodriguez [26/Sep/2021:14:05:53 -0500] "CONNECT relay-497b2e35.net.anydesk.com:80 HTTP/1.1" 200 0 "HTTPS" "outgoing via 192.168.50.30"
192.168.10.20 - arodriguez [26/Sep/2021:14:06:22 -0500] "CONNECT relay-497b2e35.net.anydesk.com:80 HTTP/1.1" 200 0 "HTTPS" "outgoing via 192.168.50.30"
192.168.10.20 - arodriguez [26/Sep/2021:14:06:51 -0500] "CONNECT relay-497b2e35.net.anydesk.com:80 HTTP/1.1" 200 0 "HTTPS" "outgoing via 192.168.50.30"
192.168.10.20 - arodriguez [26/Sep/2021:14:07:05 -0500] "CONNECT relay-1954f6f5.net.anydesk.com:80 HTTP/1.1" 200 0 "HTTPS" "outgoing via 192.168.50.30"
192.168.1.15 - jacome [26/Sep/2021:14:07:12 -0500] "CONNECT safebrowsing.googleapis.com:443 HTTP/1.1" 200 0 "HTTPS" "outgoing via 192.168.50.30"
192.168.10.20 - arodriguez [26/Sep/2021:14:07:34 -0500] "CONNECT relay-1954f6f5.net.anydesk.com:80 HTTP/1.1" 200 0 "HTTPS" "outgoing via 192.168.50.30"
192.168.10.20 - arodriguez [26/Sep/2021:14:08:03 -0500] "CONNECT relay-1954f6f5.net.anydesk.com:80 HTTP/1.1" 200 0 "HTTPS" "outgoing via 192.168.50.30"
192.168.10.20 - arodriguez [26/Sep/2021:14:08:32 -0500] "CONNECT relay-1954f6f5.net.anydesk.com:80 HTTP/1.1" 200 0 "HTTPS" "outgoing via 192.168.50.30"
192.168.50.50 - servidores [26/Sep/2021:14:08:43 -0500] "CONNECT mirrors.fedoraproject.org:443 HTTP/1.1" 200 0 "HTTPS" "outgoing via 192.168.50.30"
192.168.10.20 - arodriguez [26/Sep/2021:14:08:45 -0500] "CONNECT relay-922f66f3.net.anydesk.com:80 HTTP/1.1" 200 0 "HTTPS" "outgoing via 192.168.50.30"
192.168.50.50 - servidores [26/Sep/2021:14:08:54 -0500] "CONNECT merlin.fit.vutbr.cz:443 HTTP/1.1" 200 0 "HTTPS" "outgoing via 192.168.50.30"
192.168.10.20 - arodriguez [26/Sep/2021:14:09:14 -0500] "CONNECT relay-922f66f3.net.anydesk.com:80 HTTP/1.1" 200 0 "HTTPS" "outgoing via 192.168.50.30"
192.168.10.20 - arodriguez [26/Sep/2021:14:09:43 -0500] "CONNECT relay-922f66f3.net.anydesk.com:80 HTTP/1.1" 200 0 "HTTPS" "outgoing via 192.168.50.30"
192.168.50.220 - servidores [26/Sep/2021:14:09:43 -0500] "CONNECT mirrors.fedoraproject.org:443 HTTP/1.1" 200 0 "HTTPS" "outgoing via 192.168.50.30"
192.168.50.220 - servidores [26/Sep/2021:14:09:52 -0500] "CONNECT repo.ius.io:443 HTTP/1.1" 200 0 "HTTPS" "outgoing via 192.168.50.30"
192.168.50.220 - servidores [26/Sep/2021:14:09:54 -0500] "CONNECT download.postgresql.org:443 HTTP/1.1" 200 0 "HTTPS" "outgoing via 192.168.50.30"
192.168.10.20 - arodriguez [26/Sep/2021:14:09:56 -0500] "CONNECT relay-1954f6f5.net.anydesk.com:80 HTTP/1.1" 200 0 "HTTPS" "outgoing via 192.168.50.30"
192.168.50.220 - servidores [26/Sep/2021:14:10:14 -0500] "CONNECT download.postgresql.org:443 HTTP/1.1" 200 0 "HTTPS" "outgoing via 192.168.50.30"
192.168.50.220 - servidores [26/Sep/2021:14:10:19 -0500] "CONNECT mirrors.tuna.tsinghua.edu.cn:443 HTTP/1.1" 200 0 "HTTPS" "outgoing via 192.168.50.30"
192.168.50.220 - servidores [26/Sep/2021:14:10:23 -0500] "CONNECT download.rethinkdb.com:443 HTTP/1.1" 200 0 "HTTPS" "outgoing via 192.168.50.30"
192.168.50.220 - servidores [26/Sep/2021:14:10:24 -0500] "GET http://mirror.cedia.org.ec/centos/7.9.2009/extras/x86_64/repodata/repomd.xml HTTP/1.1" 200 3477 "HTTP" ""
