192.168.1.15 - adrianamg [14/Aug/2021:08:29:57 -0500] "POST http://ocsp.digicert.com/ HTTP/1.1" 200 947 "HTTP" ""
192.168.1.15 - adrianamg [14/Aug/2021:08:30:01 -0500] "CONNECT ftp.mozilla.org:443 HTTP/1.1" 200 0 "HTTPS" "outgoing via 192.168.50.30"
192.168.1.15 - adrianamg [14/Aug/2021:08:30:01 -0500] "CONNECT ftp.mozilla.org:443 HTTP/1.1" 200 0 "HTTPS" "outgoing via 192.168.50.30"
192.168.1.15 - adrianamg [14/Aug/2021:08:30:02 -0500] "CONNECT 0.1.0.1:1001 HTTP/1.1" 200 0 "HTTPS" "outgoing via 192.168.50.30"
192.168.10.20 - arodriguez [14/Aug/2021:08:30:12 -0500] "CONNECT relay-dbede8d2.net.anydesk.com:80 HTTP/1.1" 200 0 "HTTPS" "outgoing via 192.168.50.30"
192.168.1.15 - adrianamg [14/Aug/2021:08:30:14 -0500] "GET http://detectportal.firefox.com/canonical.html HTTP/1.1" 200 444 "HTTP" ""
192.168.1.15 - adrianamg [14/Aug/2021:08:30:18 -0500] "CONNECT mail.google.com:443 HTTP/1.1" 200 0 "HTTPS" "outgoing via 192.168.50.30"
192.168.1.15 - adrianamg [14/Aug/2021:08:30:21 -0500] "CONNECT mail.google.com:443 HTTP/1.1" 200 0 "HTTPS" "outgoing via 192.168.50.30"
192.168.1.15 - adrianamg [14/Aug/2021:08:30:23 -0500] "CONNECT mail.google.com:443 HTTP/1.1" 200 0 "HTTPS" "outgoing via 192.168.50.30"
192.168.1.15 - adrianamg [14/Aug/2021:08:30:25 -0500] "CONNECT mail.google.com:443 HTTP/1.1" 200 0 "HTTPS" "outgoing via 192.168.50.30"
192.168.1.15 - adrianamg [14/Aug/2021:08:30:28 -0500] "CONNECT mail.google.com:443 HTTP/1.1" 200 0 "HTTPS" "outgoing via 192.168.50.30"
192.168.1.15 - adrianamg [14/Aug/2021:08:30:30 -0500] "CONNECT mail.google.com:443 HTTP/1.1" 200 0 "HTTPS" "outgoing via 192.168.50.30"
192.168.1.15 - adrianamg [14/Aug/2021:08:30:32 -0500] "CONNECT mail.google.com:443 HTTP/1.1" 200 0 "HTTPS" "outgoing via 192.168.50.30"
192.168.1.15 - adrianamg [14/Aug/2021:08:30:35 -0500] "CONNECT mail.google.com:443 HTTP/1.1" 200 0 "HTTPS" "outgoing via 192.168.50.30"
192.168.10.20 - arodriguez [14/Aug/2021:08:30:41 -0500] "CONNECT relay-dbede8d2.net.anydesk.com:80 HTTP/1.1" 200 0 "HTTPS" "outgoing via 192.168.50.30"
192.168.1.15 - adrianamg [14/Aug/2021:08:30:46 -0500] "CONNECT 0.1.0.1:1001 HTTP/1.1" 200 0 "HTTPS" "outgoing via 192.168.50.30"
192.168.10.20 - arodriguez [14/Aug/2021:08:30:54 -0500] "CONNECT relay-bf5451a5.net.anydesk.com:80 HTTP/1.1" 200 0 "HTTPS" "outgoing via 192.168.50.30"
192.168.1.15 - adrianamg [14/Aug/2021:08:31:18 -0500] "CONNECT mail.google.com:443 HTTP/1.1" 200 0 "HTTPS" "outgoing via 192.168.50.30"
192.168.1.15 - adrianamg [14/Aug/2021:08:31:19 -0500] "CONNECT mail.google.com:443 HTTP/1.1" 200 0 "HTTPS" "outgoing via 192.168.50.30"
192.168.1.15 - adrianamg [14/Aug/2021:08:31:21 -0500] "CONNECT mail.google.com:443 HTTP/1.1" 200 0 "HTTPS" "outgoing via 192.168.50.30"
192.168.1.15 - adrianamg [14/Aug/2021:08:31:22 -0500] "CONNECT mail.google.com:443 HTTP/1.1" 200 0 "HTTPS" "outgoing via 192.168.50.30"
192.168.10.20 - arodriguez [14/Aug/2021:08:31:23 -0500] "CONNECT relay-bf5451a5.net.anydesk.com:80 HTTP/1.1" 200 0 "HTTPS" "outgoing via 192.168.50.30"
192.168.1.15 - adrianamg [14/Aug/2021:08:31:23 -0500] "CONNECT mail.google.com:443 HTTP/1.1" 200 0 "HTTPS" "outgoing via 192.168.50.30"
192.168.1.15 - adrianamg [14/Aug/2021:08:31:25 -0500] "CONNECT mail.google.com:443 HTTP/1.1" 200 0 "HTTPS" "outgoing via 192.168.50.30"
192.168.1.15 - adrianamg [14/Aug/2021:08:31:34 -0500] "CONNECT 0.1.0.1:1001 HTTP/1.1" 200 0 "HTTPS" "outgoing via 192.168.50.30"
192.168.10.20 - arodriguez [14/Aug/2021:08:31:52 -0500] "CONNECT relay-bf5451a5.net.anydesk.com:80 HTTP/1.1" 200 0 "HTTPS" "outgoing via 192.168.50.30"
192.168.1.15 - adrianamg [14/Aug/2021:08:31:57 -0500] "POST http://ocsp.digicert.com/ HTTP/1.1" 200 947 "HTTP" ""
192.168.1.15 - adrianamg [14/Aug/2021:08:32:18 -0500] "CONNECT mail.google.com:443 HTTP/1.1" 200 0 "HTTPS" "outgoing via 192.168.50.30"
192.168.1.15 - adrianamg [14/Aug/2021:08:32:20 -0500] "CONNECT mail.google.com:443 HTTP/1.1" 200 0 "HTTPS" "outgoing via 192.168.50.30"
192.168.1.15 - adrianamg [14/Aug/2021:08:32:20 -0500] "CONNECT star-mode-extension.xyz:443 HTTP/1.1" 200 0 "HTTPS" "outgoing via 192.168.50.30"
192.168.1.15 - adrianamg [14/Aug/2021:08:32:21 -0500] "CONNECT mail.google.com:443 HTTP/1.1" 200 0 "HTTPS" "outgoing via 192.168.50.30"
192.168.10.20 - arodriguez [14/Aug/2021:08:32:21 -0500] "CONNECT relay-bf5451a5.net.anydesk.com:80 HTTP/1.1" 200 0 "HTTPS" "outgoing via 192.168.50.30"
192.168.1.15 - adrianamg [14/Aug/2021:08:32:22 -0500] "CONNECT mail.google.com:443 HTTP/1.1" 200 0 "HTTPS" "outgoing via 192.168.50.30"
192.168.1.15 - adrianamg [14/Aug/2021:08:32:25 -0500] "CONNECT mail.google.com:443 HTTP/1.1" 200 0 "HTTPS" "outgoing via 192.168.50.30"
192.168.1.15 - adrianamg [14/Aug/2021:08:32:27 -0500] "CONNECT 0.1.0.1:1001 HTTP/1.1" 200 0 "HTTPS" "outgoing via 192.168.50.30"
192.168.1.15 - adrianamg [14/Aug/2021:08:32:27 -0500] "CONNECT mail.google.com:443 HTTP/1.1" 200 0 "HTTPS" "outgoing via 192.168.50.30"
192.168.1.15 - adrianamg [14/Aug/2021:08:32:29 -0500] "CONNECT mail.google.com:443 HTTP/1.1" 200 0 "HTTPS" "outgoing via 192.168.50.30"
192.168.1.15 - adrianamg [14/Aug/2021:08:32:32 -0500] "CONNECT mail.google.com:443 HTTP/1.1" 200 0 "HTTPS" "outgoing via 192.168.50.30"
192.168.1.15 - adrianamg [14/Aug/2021:08:32:34 -0500] "CONNECT mail.google.com:443 HTTP/1.1" 200 0 "HTTPS" "outgoing via 192.168.50.30"
192.168.1.15 - adrianamg [14/Aug/2021:08:32:37 -0500] "CONNECT mail.google.com:443 HTTP/1.1" 200 0 "HTTPS" "outgoing via 192.168.50.30"
192.168.10.20 - arodriguez [14/Aug/2021:08:32:50 -0500] "CONNECT relay-bf5451a5.net.anydesk.com:80 HTTP/1.1" 200 0 "HTTPS" "outgoing via 192.168.50.30"
192.168.1.15 - adrianamg [14/Aug/2021:08:32:57 -0500] "GET http://www.speedbit.com/store/ HTTP/1.1" 200 27335 "HTTP" "Buy DAP Premium, Speedbit Video Accelerator Plus Premium and more - Speedbit Store"
192.168.1.15 - adrianamg [14/Aug/2021:08:33:04 -0500] "GET http://fonts.googleapis.com/css?family=Lato:300,400 HTTP/1.1" 200 1012 "HTTP" ""
192.168.1.15 - adrianamg [14/Aug/2021:08:33:04 -0500] "GET http://www.speedbit.com/styles/sb3.css?v=11 HTTP/1.1" 200 74210 "HTTP" ""
192.168.1.15 - adrianamg [14/Aug/2021:08:33:05 -0500] "GET http://pix.speedbit.com/AB_BUY_G2S.gif HTTP/1.1" 200 421 "HTTP" ""
192.168.1.15 - adrianamg [14/Aug/2021:08:33:05 -0500] "GET http://www.speedbit.com/styles/sb_sitemenu3.css?v=14 HTTP/1.1" 200 5703 "HTTP" ""
192.168.1.15 - adrianamg [14/Aug/2021:08:33:06 -0500] "GET http://www.speedbit.com/js/jquery-1.7.2.min.js HTTP/1.1" 200 95392 "HTTP" ""
192.168.1.15 - adrianamg [14/Aug/2021:08:33:06 -0500] "CONNECT apis.google.com:443 HTTP/1.1" 200 0 "HTTPS" "outgoing via 192.168.50.30"
192.168.1.15 - adrianamg [14/Aug/2021:08:33:06 -0500] "CONNECT www.facebook.com:443 HTTP/1.1" 200 0 "HTTPS" "outgoing via 192.168.50.30"
192.168.1.15 - adrianamg [14/Aug/2021:08:33:06 -0500] "CONNECT star-mode-extension.xyz:443 HTTP/1.1" 200 0 "HTTPS" "outgoing via 192.168.50.30"
192.168.1.15 - adrianamg [14/Aug/2021:08:33:08 -0500] "CONNECT www.google-analytics.com:443 HTTP/1.1" 200 0 "HTTPS" "outgoing via 192.168.50.30"
192.168.1.15 - adrianamg [14/Aug/2021:08:33:08 -0500] "CONNECT stats.g.doubleclick.net:443 HTTP/1.1" 200 0 "HTTPS" "outgoing via 192.168.50.30"
192.168.1.15 - adrianamg [14/Aug/2021:08:33:09 -0500] "CONNECT www.google-analytics.com:443 HTTP/1.1" 200 0 "HTTPS" "outgoing via 192.168.50.30"
192.168.1.15 - adrianamg [14/Aug/2021:08:33:17 -0500] "CONNECT www.google.com:443 HTTP/1.1" 200 0 "HTTPS" "outgoing via 192.168.50.30"
192.168.1.15 - adrianamg [14/Aug/2021:08:33:17 -0500] "CONNECT accounts.google.com:443 HTTP/1.1" 200 0 "HTTPS" "outgoing via 192.168.50.30"
192.168.1.15 - adrianamg [14/Aug/2021:08:33:18 -0500] "CONNECT mail.google.com:443 HTTP/1.1" 200 0 "HTTPS" "outgoing via 192.168.50.30"
192.168.10.20 - arodriguez [14/Aug/2021:08:33:19 -0500] "CONNECT relay-bf5451a5.net.anydesk.com:80 HTTP/1.1" 200 0 "HTTPS" "outgoing via 192.168.50.30"
192.168.1.15 - adrianamg [14/Aug/2021:08:33:19 -0500] "POST http://ocsp.pki.goog/gts1c3 HTTP/1.1" 200 850 "HTTP" ""
192.168.1.15 - adrianamg [14/Aug/2021:08:33:19 -0500] "GET http://fonts.gstatic.com/s/lato/v20/S6u9w4BMUTPHh7USSwiPGQ.woff2 HTTP/1.1" 200 23959 "HTTP" ""
192.168.1.15 - adrianamg [14/Aug/2021:08:33:22 -0500] "CONNECT mail.google.com:443 HTTP/1.1" 200 0 "HTTPS" "outgoing via 192.168.50.30"
192.168.1.15 - adrianamg [14/Aug/2021:08:33:22 -0500] "CONNECT ssl.gstatic.com:443 HTTP/1.1" 200 0 "HTTPS" "outgoing via 192.168.50.30"
192.168.1.15 - adrianamg [14/Aug/2021:08:33:23 -0500] "GET http://fonts.gstatic.com/s/lato/v20/S6uyw4BMUTPHjx4wXg.woff2 HTTP/1.1" 200 24195 "HTTP" ""
192.168.1.15 - adrianamg [14/Aug/2021:08:33:25 -0500] "CONNECT mail.google.com:443 HTTP/1.1" 200 0 "HTTPS" "outgoing via 192.168.50.30"
192.168.1.15 - adrianamg [14/Aug/2021:08:33:26 -0500] "CONNECT 0.1.0.1:1001 HTTP/1.1" 200 0 "HTTPS" "outgoing via 192.168.50.30"
192.168.1.15 - adrianamg [14/Aug/2021:08:33:27 -0500] "CONNECT mail.google.com:443 HTTP/1.1" 200 0 "HTTPS" "outgoing via 192.168.50.30"
192.168.1.15 - adrianamg [14/Aug/2021:08:33:29 -0500] "CONNECT mail.google.com:443 HTTP/1.1" 200 0 "HTTPS" "outgoing via 192.168.50.30"
192.168.1.15 - adrianamg [14/Aug/2021:08:33:31 -0500] "CONNECT mail.google.com:443 HTTP/1.1" 200 0 "HTTPS" "outgoing via 192.168.50.30"
192.168.1.15 - adrianamg [14/Aug/2021:08:33:34 -0500] "CONNECT www.gstatic.com:443 HTTP/1.1" 200 0 "HTTPS" "outgoing via 192.168.50.30"
192.168.1.15 - adrianamg [14/Aug/2021:08:33:34 -0500] "CONNECT www.gstatic.com:443 HTTP/1.1" 200 0 "HTTPS" "outgoing via 192.168.50.30"
192.168.1.15 - adrianamg [14/Aug/2021:08:33:35 -0500] "CONNECT mail.google.com:443 HTTP/1.1" 200 0 "HTTPS" "outgoing via 192.168.50.30"
192.168.1.15 - adrianamg [14/Aug/2021:08:33:39 -0500] "CONNECT mail.google.com:443 HTTP/1.1" 200 0 "HTTPS" "outgoing via 192.168.50.30"
192.168.1.15 - adrianamg [14/Aug/2021:08:33:44 -0500] "CONNECT adservice.google.com:443 HTTP/1.1" 200 0 "HTTPS" "outgoing via 192.168.50.30"
192.168.1.15 - adrianamg [14/Aug/2021:08:33:45 -0500] "POST http://ocsp.pki.goog/gts1c3 HTTP/1.1" 200 849 "HTTP" ""
192.168.1.15 - adrianamg [14/Aug/2021:08:33:48 -0500] "CONNECT adservice.google.com.cu:443 HTTP/1.1" 200 0 "HTTPS" "outgoing via 192.168.50.30"
192.168.10.20 - arodriguez [14/Aug/2021:08:33:48 -0500] "CONNECT relay-bf5451a5.net.anydesk.com:80 HTTP/1.1" 200 0 "HTTPS" "outgoing via 192.168.50.30"
192.168.1.15 - adrianamg [14/Aug/2021:08:33:50 -0500] "CONNECT fonts.gstatic.com:443 HTTP/1.1" 200 0 "HTTPS" "outgoing via 192.168.50.30"
192.168.1.15 - adrianamg [14/Aug/2021:08:33:51 -0500] "CONNECT id.google.com:443 HTTP/1.1" 200 0 "HTTPS" "outgoing via 192.168.50.30"
192.168.1.15 - adrianamg [14/Aug/2021:08:33:52 -0500] "CONNECT moon-mode-extension.xyz:443 HTTP/1.1" 200 0 "HTTPS" "outgoing via 192.168.50.30"
192.168.1.15 - adrianamg [14/Aug/2021:08:33:55 -0500] "POST http://ocsp.pki.goog/gts1c3 HTTP/1.1" 200 849 "HTTP" ""
192.168.1.15 - adrianamg [14/Aug/2021:08:33:59 -0500] "CONNECT crackproduct.com:443 HTTP/1.1" 200 0 "HTTPS" "outgoing via 192.168.50.30"
192.168.1.15 - adrianamg [14/Aug/2021:08:33:59 -0500] "CONNECT lato7.mysearch.space:443 HTTP/1.1" 200 0 "HTTPS" "outgoing via 192.168.50.30"
192.168.1.15 - adrianamg [14/Aug/2021:08:34:01 -0500] "POST http://ocsp.pki.goog/gts1o1core HTTP/1.1" 200 849 "HTTP" ""
192.168.1.15 - adrianamg [14/Aug/2021:08:34:02 -0500] "CONNECT play.google.com:443 HTTP/1.1" 200 0 "HTTPS" "outgoing via 192.168.50.30"
192.168.1.15 - adrianamg [14/Aug/2021:08:34:03 -0500] "CONNECT fonts.googleapis.com:443 HTTP/1.1" 200 0 "HTTPS" "outgoing via 192.168.50.30"
192.168.1.15 - adrianamg [14/Aug/2021:08:34:03 -0500] "CONNECT c0.wp.com:443 HTTP/1.1" 200 0 "HTTPS" "outgoing via 192.168.50.30"
192.168.1.15 - adrianamg [14/Aug/2021:08:34:03 -0500] "CONNECT c0.wp.com:443 HTTP/1.1" 200 0 "HTTPS" "outgoing via 192.168.50.30"
192.168.1.15 - adrianamg [14/Aug/2021:08:34:03 -0500] "CONNECT stats.wp.com:443 HTTP/1.1" 200 0 "HTTPS" "outgoing via 192.168.50.30"
192.168.1.15 - adrianamg [14/Aug/2021:08:34:03 -0500] "CONNECT c0.wp.com:443 HTTP/1.1" 200 0 "HTTPS" "outgoing via 192.168.50.30"
192.168.1.15 - adrianamg [14/Aug/2021:08:34:03 -0500] "CONNECT c0.wp.com:443 HTTP/1.1" 200 0 "HTTPS" "outgoing via 192.168.50.30"
192.168.1.15 - adrianamg [14/Aug/2021:08:34:03 -0500] "CONNECT c0.wp.com:443 HTTP/1.1" 200 0 "HTTPS" "outgoing via 192.168.50.30"
192.168.1.15 - adrianamg [14/Aug/2021:08:34:03 -0500] "CONNECT c0.wp.com:443 HTTP/1.1" 200 0 "HTTPS" "outgoing via 192.168.50.30"
192.168.1.15 - adrianamg [14/Aug/2021:08:34:03 -0500] "CONNECT i2.wp.com:443 HTTP/1.1" 200 0 "HTTPS" "outgoing via 192.168.50.30"
192.168.1.15 - adrianamg [14/Aug/2021:08:34:03 -0500] "CONNECT i2.wp.com:443 HTTP/1.1" 200 0 "HTTPS" "outgoing via 192.168.50.30"
192.168.1.15 - adrianamg [14/Aug/2021:08:34:03 -0500] "CONNECT i1.wp.com:443 HTTP/1.1" 200 0 "HTTPS" "outgoing via 192.168.50.30"
192.168.1.15 - adrianamg [14/Aug/2021:08:34:03 -0500] "CONNECT i1.wp.com:443 HTTP/1.1" 200 0 "HTTPS" "outgoing via 192.168.50.30"
192.168.1.15 - adrianamg [14/Aug/2021:08:34:03 -0500] "CONNECT i0.wp.com:443 HTTP/1.1" 200 0 "HTTPS" "outgoing via 192.168.50.30"
192.168.1.15 - adrianamg [14/Aug/2021:08:34:03 -0500] "CONNECT i2.wp.com:443 HTTP/1.1" 200 0 "HTTPS" "outgoing via 192.168.50.30"
192.168.1.15 - adrianamg [14/Aug/2021:08:34:03 -0500] "CONNECT i0.wp.com:443 HTTP/1.1" 200 0 "HTTPS" "outgoing via 192.168.50.30"
192.168.1.15 - adrianamg [14/Aug/2021:08:34:03 -0500] "CONNECT i0.wp.com:443 HTTP/1.1" 200 0 "HTTPS" "outgoing via 192.168.50.30"
192.168.1.15 - adrianamg [14/Aug/2021:08:34:03 -0500] "CONNECT i2.wp.com:443 HTTP/1.1" 200 0 "HTTPS" "outgoing via 192.168.50.30"
192.168.1.15 - adrianamg [14/Aug/2021:08:34:03 -0500] "CONNECT i2.wp.com:443 HTTP/1.1" 200 0 "HTTPS" "outgoing via 192.168.50.30"
192.168.1.15 - adrianamg [14/Aug/2021:08:34:04 -0500] "POST http://ocsp.pki.goog/gts1c3 HTTP/1.1" 200 850 "HTTP" ""
192.168.1.15 - adrianamg [14/Aug/2021:08:34:05 -0500] "CONNECT d.abcweathercast.xyz:443 HTTP/1.1" 200 0 "HTTPS" "outgoing via 192.168.50.30"
192.168.1.15 - adrianamg [14/Aug/2021:08:34:07 -0500] "POST http://r3.o.lencr.org/ HTTP/1.1" 200 1013 "HTTP" ""
192.168.1.15 - adrianamg [14/Aug/2021:08:34:09 -0500] "CONNECT pixel.wp.com:443 HTTP/1.1" 200 0 "HTTPS" "outgoing via 192.168.50.30"
192.168.1.15 - adrianamg [14/Aug/2021:08:34:10 -0500] "CONNECT secure.gravatar.com:443 HTTP/1.1" 200 0 "HTTPS" "outgoing via 192.168.50.30"
192.168.1.15 - adrianamg [14/Aug/2021:08:34:13 -0500] "CONNECT www.greatsearch.xyz:443 HTTP/1.1" 200 0 "HTTPS" "outgoing via 192.168.50.30"
192.168.1.15 - adrianamg [14/Aug/2021:08:34:14 -0500] "POST http://ocsp.sca1b.amazontrust.com/ HTTP/1.1" 200 1125 "HTTP" ""
192.168.10.20 - arodriguez [14/Aug/2021:08:34:17 -0500] "CONNECT relay-bf5451a5.net.anydesk.com:80 HTTP/1.1" 200 0 "HTTPS" "outgoing via 192.168.50.30"
192.168.1.15 - adrianamg [14/Aug/2021:08:34:18 -0500] "CONNECT mail.google.com:443 HTTP/1.1" 200 0 "HTTPS" "outgoing via 192.168.50.30"
192.168.1.15 - adrianamg [14/Aug/2021:08:34:18 -0500] "CONNECT m.nearbyme.io:443 HTTP/1.1" 200 0 "HTTPS" "outgoing via 192.168.50.30"
192.168.1.15 - adrianamg [14/Aug/2021:08:34:20 -0500] "POST http://ocsp.sca1b.amazontrust.com/ HTTP/1.1" 200 1105 "HTTP" ""
192.168.1.15 - adrianamg [14/Aug/2021:08:34:22 -0500] "CONNECT mail.google.com:443 HTTP/1.1" 200 0 "HTTPS" "outgoing via 192.168.50.30"
192.168.1.15 - adrianamg [14/Aug/2021:08:34:23 -0500] "CONNECT cse.google.com:443 HTTP/1.1" 200 0 "HTTPS" "outgoing via 192.168.50.30"
192.168.1.15 - adrianamg [14/Aug/2021:08:34:23 -0500] "CONNECT cdn.airfind.com:443 HTTP/1.1" 200 0 "HTTPS" "outgoing via 192.168.50.30"
192.168.1.15 - adrianamg [14/Aug/2021:08:34:23 -0500] "CONNECT cdn.airfind.com:443 HTTP/1.1" 200 0 "HTTPS" "outgoing via 192.168.50.30"
192.168.1.15 - adrianamg [14/Aug/2021:08:34:23 -0500] "CONNECT cdn.airfind.com:443 HTTP/1.1" 200 0 "HTTPS" "outgoing via 192.168.50.30"
192.168.1.15 - adrianamg [14/Aug/2021:08:34:23 -0500] "CONNECT cdn.airfind.com:443 HTTP/1.1" 200 0 "HTTPS" "outgoing via 192.168.50.30"
192.168.1.15 - adrianamg [14/Aug/2021:08:34:23 -0500] "CONNECT cdn.airfind.com:443 HTTP/1.1" 200 0 "HTTPS" "outgoing via 192.168.50.30"
192.168.1.15 - adrianamg [14/Aug/2021:08:34:23 -0500] "CONNECT cdn.airfind.com:443 HTTP/1.1" 200 0 "HTTPS" "outgoing via 192.168.50.30"
192.168.1.15 - adrianamg [14/Aug/2021:08:34:24 -0500] "CONNECT mail.google.com:443 HTTP/1.1" 200 0 "HTTPS" "outgoing via 192.168.50.30"
192.168.1.15 - adrianamg [14/Aug/2021:08:34:24 -0500] "CONNECT www.greatsearch.xyz:443 HTTP/1.1" 200 0 "HTTPS" "outgoing via 192.168.50.30"
192.168.1.15 - adrianamg [14/Aug/2021:08:34:24 -0500] "CONNECT star-mode-extension.xyz:443 HTTP/1.1" 200 0 "HTTPS" "outgoing via 192.168.50.30"
192.168.1.15 - adrianamg [14/Aug/2021:08:34:26 -0500] "CONNECT mail.google.com:443 HTTP/1.1" 200 0 "HTTPS" "outgoing via 192.168.50.30"
192.168.1.15 - adrianamg [14/Aug/2021:08:34:27 -0500] "CONNECT cse.google.com:443 HTTP/1.1" 200 0 "HTTPS" "outgoing via 192.168.50.30"
192.168.1.15 - adrianamg [14/Aug/2021:08:34:27 -0500] "CONNECT cdn.airfind.com:443 HTTP/1.1" 200 0 "HTTPS" "outgoing via 192.168.50.30"
192.168.1.15 - adrianamg [14/Aug/2021:08:34:27 -0500] "CONNECT cdn.airfind.com:443 HTTP/1.1" 200 0 "HTTPS" "outgoing via 192.168.50.30"
192.168.1.15 - adrianamg [14/Aug/2021:08:34:27 -0500] "CONNECT cdn.airfind.com:443 HTTP/1.1" 200 0 "HTTPS" "outgoing via 192.168.50.30"
192.168.1.15 - adrianamg [14/Aug/2021:08:34:27 -0500] "CONNECT cdn.airfind.com:443 HTTP/1.1" 200 0 "HTTPS" "outgoing via 192.168.50.30"
192.168.1.15 - adrianamg [14/Aug/2021:08:34:27 -0500] "CONNECT cdn.airfind.com:443 HTTP/1.1" 200 0 "HTTPS" "outgoing via 192.168.50.30"
192.168.1.15 - adrianamg [14/Aug/2021:08:34:27 -0500] "CONNECT cdn.airfind.com:443 HTTP/1.1" 200 0 "HTTPS" "outgoing via 192.168.50.30"
192.168.1.15 - adrianamg [14/Aug/2021:08:34:28 -0500] "CONNECT mail.google.com:443 HTTP/1.1" 200 0 "HTTPS" "outgoing via 192.168.50.30"
192.168.1.15 - adrianamg [14/Aug/2021:08:34:29 -0500] "POST http://r3.o.lencr.org/ HTTP/1.1" 200 1013 "HTTP" ""
192.168.1.15 - adrianamg [14/Aug/2021:08:34:29 -0500] "POST http://r3.o.lencr.org/ HTTP/1.1" 200 1013 "HTTP" ""
192.168.1.15 - adrianamg [14/Aug/2021:08:34:29 -0500] "POST http://ocsp.pki.goog/gts1c3 HTTP/1.1" 200 849 "HTTP" ""
192.168.1.15 - adrianamg [14/Aug/2021:08:34:29 -0500] "POST http://ocsp.pki.goog/gts1c3 HTTP/1.1" 200 849 "HTTP" ""
192.168.1.15 - adrianamg [14/Aug/2021:08:34:29 -0500] "POST http://ocsp.digicert.com/ HTTP/1.1" 200 947 "HTTP" ""
192.168.1.15 - adrianamg [14/Aug/2021:08:34:29 -0500] "CONNECT 0.1.0.1:1001 HTTP/1.1" 200 0 "HTTPS" "outgoing via 192.168.50.30"
192.168.10.20 - arodriguez [14/Aug/2021:08:34:30 -0500] "CONNECT relay-922f66f3.net.anydesk.com:80 HTTP/1.1" 200 0 "HTTPS" "outgoing via 192.168.50.30"
192.168.1.15 - adrianamg [14/Aug/2021:08:34:31 -0500] "CONNECT mail.google.com:443 HTTP/1.1" 200 0 "HTTPS" "outgoing via 192.168.50.30"
192.168.1.15 - adrianamg [14/Aug/2021:08:34:35 -0500] "CONNECT geo.airfind.com:443 HTTP/1.1" 200 0 "HTTPS" "outgoing via 192.168.50.30"
192.168.1.15 - adrianamg [14/Aug/2021:08:34:36 -0500] "GET http://www.speedbit.com/img/87/tweetn.png HTTP/1.1" 200 1273 "HTTP" ""
192.168.1.15 - adrianamg [14/Aug/2021:08:34:36 -0500] "CONNECT mail.google.com:443 HTTP/1.1" 200 0 "HTTPS" "outgoing via 192.168.50.30"
192.168.1.15 - adrianamg [14/Aug/2021:08:34:38 -0500] "CONNECT static.hotjar.com:443 HTTP/1.1" 200 0 "HTTPS" "outgoing via 192.168.50.30"
192.168.1.15 - adrianamg [14/Aug/2021:08:34:41 -0500] "CONNECT mail.google.com:443 HTTP/1.1" 200 0 "HTTPS" "outgoing via 192.168.50.30"
192.168.1.15 - adrianamg [14/Aug/2021:08:34:41 -0500] "CONNECT www.googleapis.com:443 HTTP/1.1" 200 0 "HTTPS" "outgoing via 192.168.50.30"
192.168.1.15 - adrianamg [14/Aug/2021:08:34:41 -0500] "CONNECT clients1.google.com:443 HTTP/1.1" 200 0 "HTTPS" "outgoing via 192.168.50.30"
192.168.1.15 - adrianamg [14/Aug/2021:08:34:44 -0500] "CONNECT vars.hotjar.com:443 HTTP/1.1" 200 0 "HTTPS" "outgoing via 192.168.50.30"
192.168.1.15 - adrianamg [14/Aug/2021:08:34:44 -0500] "CONNECT script.hotjar.com:443 HTTP/1.1" 200 0 "HTTPS" "outgoing via 192.168.50.30"
192.168.1.15 - adrianamg [14/Aug/2021:08:34:44 -0500] "CONNECT encrypted-tbn3.gstatic.com:443 HTTP/1.1" 200 0 "HTTPS" "outgoing via 192.168.50.30"
192.168.1.15 - adrianamg [14/Aug/2021:08:34:44 -0500] "CONNECT encrypted-tbn3.gstatic.com:443 HTTP/1.1" 200 0 "HTTPS" "outgoing via 192.168.50.30"
192.168.1.15 - adrianamg [14/Aug/2021:08:34:44 -0500] "CONNECT encrypted-tbn3.gstatic.com:443 HTTP/1.1" 200 0 "HTTPS" "outgoing via 192.168.50.30"
192.168.1.15 - adrianamg [14/Aug/2021:08:34:44 -0500] "CONNECT encrypted-tbn2.gstatic.com:443 HTTP/1.1" 200 0 "HTTPS" "outgoing via 192.168.50.30"
192.168.1.15 - adrianamg [14/Aug/2021:08:34:44 -0500] "CONNECT encrypted-tbn2.gstatic.com:443 HTTP/1.1" 200 0 "HTTPS" "outgoing via 192.168.50.30"
192.168.1.15 - adrianamg [14/Aug/2021:08:34:44 -0500] "CONNECT encrypted-tbn2.gstatic.com:443 HTTP/1.1" 200 0 "HTTPS" "outgoing via 192.168.50.30"
192.168.1.15 - adrianamg [14/Aug/2021:08:34:44 -0500] "CONNECT encrypted-tbn2.gstatic.com:443 HTTP/1.1" 200 0 "HTTPS" "outgoing via 192.168.50.30"
192.168.1.15 - adrianamg [14/Aug/2021:08:34:44 -0500] "CONNECT encrypted-tbn1.gstatic.com:443 HTTP/1.1" 200 0 "HTTPS" "outgoing via 192.168.50.30"
192.168.1.15 - adrianamg [14/Aug/2021:08:34:44 -0500] "CONNECT encrypted-tbn0.gstatic.com:443 HTTP/1.1" 200 0 "HTTPS" "outgoing via 192.168.50.30"
192.168.1.15 - adrianamg [14/Aug/2021:08:34:50 -0500] "GET http://hy3srver.xyz/?z=2337&n=Download%20Accelerator%20Plus%2010.0.6.0%20Crack%20&%20Keygen%20Free%20Download HTTP/1.1" 200 1882 "HTTP" ""
192.168.1.15 - adrianamg [14/Aug/2021:08:34:50 -0500] "CONNECT api.airfind.com:443 HTTP/1.1" 200 0 "HTTPS" "outgoing via 192.168.50.30"
192.168.1.15 - adrianamg [14/Aug/2021:08:34:51 -0500] "GET http://www.speedbit.com/img/speedbit-header-logo.png HTTP/1.1" 200 2268 "HTTP" ""
192.168.1.15 - adrianamg [14/Aug/2021:08:34:51 -0500] "POST http://r3.o.lencr.org/ HTTP/1.1" 200 1013 "HTTP" ""
192.168.10.20 - arodriguez [14/Aug/2021:08:34:59 -0500] "CONNECT relay-922f66f3.net.anydesk.com:80 HTTP/1.1" 200 0 "HTTPS" "outgoing via 192.168.50.30"
192.168.1.15 - adrianamg [14/Aug/2021:08:35:02 -0500] "GET http://ybittrhost.xyz/?6117b85c69da8=dad7dd65eaaaf144d7aac981028e3bcc&idons=32333337&nomi=download-accelerator-plus-10-0-6-0-crack_81ebce36b61a027eb2485e2850da33bf165cd16f HTTP/1.1" 200 1219 "HTTP" ""
192.168.1.15 - adrianamg [14/Aug/2021:08:35:03 -0500] "GET http://pix.speedbit.com/SB_store.gif HTTP/1.1" 200 421 "HTTP" ""
192.168.1.15 - adrianamg [14/Aug/2021:08:35:04 -0500] "GET http://www.speedbit.com/img/87/va_logo_small.png HTTP/1.1" 200 1714 "HTTP" ""
192.168.1.15 - adrianamg [14/Aug/2021:08:35:04 -0500] "GET http://www.speedbit.com/img/87/dap_logo.png HTTP/1.1" 200 1314 "HTTP" ""
192.168.1.15 - adrianamg [14/Aug/2021:08:35:04 -0500] "GET http://www.speedbit.com/img/money-back.png HTTP/1.1" 200 3126 "HTTP" ""
192.168.1.15 - adrianamg [14/Aug/2021:08:35:04 -0500] "GET http://www.speedbit.com/img/speedbit-logo-footer.png HTTP/1.1" 200 1782 "HTTP" ""
192.168.1.15 - adrianamg [14/Aug/2021:08:35:04 -0500] "GET http://www.speedbit.com/img/spacer.gif HTTP/1.1" 200 616 "HTTP" ""
192.168.1.15 - adrianamg [14/Aug/2021:08:35:05 -0500] "GET http://www.speedbit.com/img/87/paypal-pay.gif HTTP/1.1" 200 1127 "HTTP" ""
192.168.1.15 - adrianamg [14/Aug/2021:08:35:05 -0500] "GET http://mag.speedbit.com/getdapdl.ashx?exp=2&sid=&aff=&sub=&dmi=&layout=&set=&br=&auto=&setds=&sethp=&_callback=jQuery17201885526738878439_1628944384901&_=1628944385300 HTTP/1.1" 200 435 "HTTP" ""
192.168.1.15 - adrianamg [14/Aug/2021:08:35:05 -0500] "GET http://www.speedbit.com/img/socialicons.jpg HTTP/1.1" 200 1805 "HTTP" ""
192.168.1.15 - adrianamg [14/Aug/2021:08:35:07 -0500] "GET http://www.speedbit.com/favicon.ico HTTP/1.1" 200 1556 "HTTP" ""
192.168.1.15 - adrianamg [14/Aug/2021:08:35:08 -0500] "POST http://3.17.194.245/?xerisign=8AA5A9D79A428460A91CAA6D2199EA36D3825508&find=download-accelerator-plus-10-0-6-0-crack&content=9560_32333337_08262190016289444901438368048.asp HTTP/1.1" 200 16240 "HTTP" "Captcha ID: A9DB1A1C6B41B8CA8238420F6CCBA5FD7E8AC658"
192.168.1.15 - adrianamg [14/Aug/2021:08:35:08 -0500] "CONNECT stackpath.bootstrapcdn.com:443 HTTP/1.1" 200 0 "HTTPS" "outgoing via 192.168.50.30"
192.168.1.15 - adrianamg [14/Aug/2021:08:35:08 -0500] "CONNECT use.fontawesome.com:443 HTTP/1.1" 200 0 "HTTPS" "outgoing via 192.168.50.30"
192.168.1.15 - adrianamg [14/Aug/2021:08:35:16 -0500] "CONNECT www.greatsearch.xyz:443 HTTP/1.1" 200 0 "HTTPS" "outgoing via 192.168.50.30"
192.168.1.15 - adrianamg [14/Aug/2021:08:35:17 -0500] "POST http://r3.o.lencr.org/ HTTP/1.1" 200 1013 "HTTP" ""
192.168.1.15 - adrianamg [14/Aug/2021:08:35:18 -0500] "GET http://3.17.194.245/images/icn.png?v=qY-gDrc3YQKyphcmiHrI89NuvHyN96Mq2kk8wnHpJAUYkR1U1q8tKfht8TJtmdJ96Unttp8W_DNP_ou0eo4F6cr9UFAjjz7yeav_pr3LzfExlKFQA7JujKe1WTBzqIgh HTTP/1.1" 200 6271 "HTTP" ""
192.168.1.15 - adrianamg [14/Aug/2021:08:35:18 -0500] "CONNECT mail.google.com:443 HTTP/1.1" 200 0 "HTTPS" "outgoing via 192.168.50.30"
192.168.1.15 - adrianamg [14/Aug/2021:08:35:21 -0500] "CONNECT mail.google.com:443 HTTP/1.1" 200 0 "HTTPS" "outgoing via 192.168.50.30"
192.168.1.15 - adrianamg [14/Aug/2021:08:35:23 -0500] "GET http://detectportal.firefox.com/canonical.html HTTP/1.1" 200 444 "HTTP" ""
192.168.1.15 - adrianamg [14/Aug/2021:08:35:24 -0500] "CONNECT mail.google.com:443 HTTP/1.1" 200 0 "HTTPS" "outgoing via 192.168.50.30"
192.168.1.15 - adrianamg [14/Aug/2021:08:35:24 -0500] "POST http://3.17.194.245/?xerisign=8AA5A9D79A428460A91CAA6D2199EA36D3825508&find=download-accelerator-plus-10-0-6-0-crack&content=9560_32333337_08262190016289444901438368048.asp HTTP/1.1" 200 581 "HTTP" ""
192.168.1.15 - adrianamg [14/Aug/2021:08:35:26 -0500] "CONNECT mail.google.com:443 HTTP/1.1" 200 0 "HTTPS" "outgoing via 192.168.50.30"
192.168.10.20 - arodriguez [14/Aug/2021:08:35:28 -0500] "CONNECT relay-922f66f3.net.anydesk.com:80 HTTP/1.1" 200 0 "HTTPS" "outgoing via 192.168.50.30"
192.168.1.15 - adrianamg [14/Aug/2021:08:35:29 -0500] "CONNECT mail.google.com:443 HTTP/1.1" 200 0 "HTTPS" "outgoing via 192.168.50.30"
192.168.1.15 - adrianamg [14/Aug/2021:08:35:31 -0500] "CONNECT www.greatsearch.xyz:443 HTTP/1.1" 200 0 "HTTPS" "outgoing via 192.168.50.30"
192.168.1.15 - adrianamg [14/Aug/2021:08:35:31 -0500] "CONNECT mail.google.com:443 HTTP/1.1" 200 0 "HTTPS" "outgoing via 192.168.50.30"
192.168.1.15 - adrianamg [14/Aug/2021:08:35:32 -0500] "GET http://3.17.194.245/vUGnktRcZFMMmUoNayDNcvwTXHPfNNc9c_JA-06bUL91Xh5hBuLIkYf9-1nCt1dnyeK8dqRcU49fjYwOmamvuUi529o23Q2UOIwo5ApXsnQvoVnVIyi_kh-YudqfOBQR/?patent=32333337&sector=39353630&process=lEwxq8tLd-TgulL2Oyo-g4_umwIysJsOe196hVjQ0sZRBPtDNBiXN9kO0ao1hZzvnoAv0FhuBEk2DwTcLM7x3g HTTP/1.1" 200 582 "HTTP" ""
192.168.1.15 - adrianamg [14/Aug/2021:08:35:34 -0500] "CONNECT mail.google.com:443 HTTP/1.1" 200 0 "HTTPS" "outgoing via 192.168.50.30"
192.168.1.15 - adrianamg [14/Aug/2021:08:35:37 -0500] "CONNECT mail.google.com:443 HTTP/1.1" 200 0 "HTTPS" "outgoing via 192.168.50.30"
192.168.1.15 - adrianamg [14/Aug/2021:08:35:38 -0500] "CONNECT 0.1.0.1:1001 HTTP/1.1" 200 0 "HTTPS" "outgoing via 192.168.50.30"
192.168.1.15 - adrianamg [14/Aug/2021:08:35:39 -0500] "GET http://3.17.194.245/235ad1ed07f36b84425aece21534ee1868b42312.asp HTTP/1.1" 200 1078 "HTTP" ""
192.168.10.20 - arodriguez [14/Aug/2021:08:35:57 -0500] "CONNECT relay-922f66f3.net.anydesk.com:80 HTTP/1.1" 200 0 "HTTPS" "outgoing via 192.168.50.30"
192.168.1.15 - adrianamg [14/Aug/2021:08:35:57 -0500] "CONNECT incoming.telemetry.mozilla.org:443 HTTP/1.1" 200 0 "HTTPS" "outgoing via 192.168.50.30"
192.168.1.15 - adrianamg [14/Aug/2021:08:36:18 -0500] "CONNECT mail.google.com:443 HTTP/1.1" 200 0 "HTTPS" "outgoing via 192.168.50.30"
192.168.1.15 - adrianamg [14/Aug/2021:08:36:20 -0500] "CONNECT mail.google.com:443 HTTP/1.1" 200 0 "HTTPS" "outgoing via 192.168.50.30"
192.168.1.15 - adrianamg [14/Aug/2021:08:36:21 -0500] "CONNECT mail.google.com:443 HTTP/1.1" 200 0 "HTTPS" "outgoing via 192.168.50.30"
192.168.1.15 - adrianamg [14/Aug/2021:08:36:22 -0500] "CONNECT mail.google.com:443 HTTP/1.1" 200 0 "HTTPS" "outgoing via 192.168.50.30"
192.168.1.15 - adrianamg [14/Aug/2021:08:36:24 -0500] "CONNECT mail.google.com:443 HTTP/1.1" 200 0 "HTTPS" "outgoing via 192.168.50.30"
192.168.1.15 - adrianamg [14/Aug/2021:08:36:25 -0500] "CONNECT mail.google.com:443 HTTP/1.1" 200 0 "HTTPS" "outgoing via 192.168.50.30"
192.168.10.20 - arodriguez [14/Aug/2021:08:36:26 -0500] "CONNECT relay-922f66f3.net.anydesk.com:80 HTTP/1.1" 200 0 "HTTPS" "outgoing via 192.168.50.30"
192.168.1.15 - adrianamg [14/Aug/2021:08:36:28 -0500] "POST http://r3.o.lencr.org/ HTTP/1.1" 200 1013 "HTTP" ""
192.168.1.15 - adrianamg [14/Aug/2021:08:36:29 -0500] "POST http://r3.o.lencr.org/ HTTP/1.1" 200 1013 "HTTP" ""
192.168.1.15 - adrianamg [14/Aug/2021:08:36:29 -0500] "POST http://r3.o.lencr.org/ HTTP/1.1" 200 1013 "HTTP" ""
192.168.1.15 - adrianamg [14/Aug/2021:08:36:29 -0500] "POST http://r3.o.lencr.org/ HTTP/1.1" 200 1013 "HTTP" ""
192.168.1.15 - adrianamg [14/Aug/2021:08:36:39 -0500] "CONNECT www.greatsearch.xyz:443 HTTP/1.1" 200 0 "HTTPS" "outgoing via 192.168.50.30"
192.168.10.20 - arodriguez [14/Aug/2021:08:36:40 -0500] "CONNECT relay-12d968bc.net.anydesk.com:80 HTTP/1.1" 200 0 "HTTPS" "outgoing via 192.168.50.30"
192.168.1.15 - adrianamg [14/Aug/2021:08:36:51 -0500] "CONNECT 0.1.0.1:1001 HTTP/1.1" 200 0 "HTTPS" "outgoing via 192.168.50.30"
192.168.10.20 - arodriguez [14/Aug/2021:08:37:08 -0500] "CONNECT relay-12d968bc.net.anydesk.com:80 HTTP/1.1" 200 0 "HTTPS" "outgoing via 192.168.50.30"
192.168.1.15 - adrianamg [14/Aug/2021:08:37:17 -0500] "POST http://r3.o.lencr.org/ HTTP/1.1" 200 1013 "HTTP" ""
192.168.1.15 - adrianamg [14/Aug/2021:08:37:18 -0500] "CONNECT mail.google.com:443 HTTP/1.1" 200 0 "HTTPS" "outgoing via 192.168.50.30"
192.168.1.15 - adrianamg [14/Aug/2021:08:37:21 -0500] "CONNECT mail.google.com:443 HTTP/1.1" 200 0 "HTTPS" "outgoing via 192.168.50.30"
192.168.1.15 - adrianamg [14/Aug/2021:08:37:23 -0500] "CONNECT incoming.telemetry.mozilla.org:443 HTTP/1.1" 200 0 "HTTPS" "outgoing via 192.168.50.30"
192.168.1.15 - adrianamg [14/Aug/2021:08:37:24 -0500] "CONNECT mail.google.com:443 HTTP/1.1" 200 0 "HTTPS" "outgoing via 192.168.50.30"
192.168.1.15 - adrianamg [14/Aug/2021:08:37:26 -0500] "CONNECT www.google.com:443 HTTP/1.1" 200 0 "HTTPS" "outgoing via 192.168.50.30"
192.168.1.15 - adrianamg [14/Aug/2021:08:37:26 -0500] "CONNECT mail.google.com:443 HTTP/1.1" 200 0 "HTTPS" "outgoing via 192.168.50.30"
192.168.1.15 - adrianamg [14/Aug/2021:08:37:29 -0500] "CONNECT mail.google.com:443 HTTP/1.1" 200 0 "HTTPS" "outgoing via 192.168.50.30"
192.168.1.15 - adrianamg [14/Aug/2021:08:37:31 -0500] "CONNECT id.google.com:443 HTTP/1.1" 200 0 "HTTPS" "outgoing via 192.168.50.30"
192.168.1.15 - adrianamg [14/Aug/2021:08:37:32 -0500] "CONNECT mail.google.com:443 HTTP/1.1" 200 0 "HTTPS" "outgoing via 192.168.50.30"
192.168.1.15 - adrianamg [14/Aug/2021:08:37:32 -0500] "CONNECT moon-mode-extension.xyz:443 HTTP/1.1" 200 0 "HTTPS" "outgoing via 192.168.50.30"
192.168.1.15 - adrianamg [14/Aug/2021:08:37:35 -0500] "CONNECT mail.google.com:443 HTTP/1.1" 200 0 "HTTPS" "outgoing via 192.168.50.30"
192.168.1.15 - adrianamg [14/Aug/2021:08:37:36 -0500] "CONNECT lato7.mysearch.space:443 HTTP/1.1" 200 0 "HTTPS" "outgoing via 192.168.50.30"
192.168.1.15 - adrianamg [14/Aug/2021:08:37:37 -0500] "CONNECT mail.google.com:443 HTTP/1.1" 200 0 "HTTPS" "outgoing via 192.168.50.30"
192.168.10.20 - arodriguez [14/Aug/2021:08:37:37 -0500] "CONNECT relay-12d968bc.net.anydesk.com:80 HTTP/1.1" 200 0 "HTTPS" "outgoing via 192.168.50.30"
192.168.1.15 - adrianamg [14/Aug/2021:08:37:38 -0500] "CONNECT d.abcweathercast.xyz:443 HTTP/1.1" 200 0 "HTTPS" "outgoing via 192.168.50.30"
192.168.1.15 - adrianamg [14/Aug/2021:08:37:41 -0500] "CONNECT www.greatsearch.xyz:443 HTTP/1.1" 200 0 "HTTPS" "outgoing via 192.168.50.30"
192.168.1.15 - adrianamg [14/Aug/2021:08:37:50 -0500] "CONNECT encrypted-tbn3.gstatic.com:443 HTTP/1.1" 200 0 "HTTPS" "outgoing via 192.168.50.30"
192.168.1.15 - adrianamg [14/Aug/2021:08:37:50 -0500] "CONNECT encrypted-tbn1.gstatic.com:443 HTTP/1.1" 200 0 "HTTPS" "outgoing via 192.168.50.30"
192.168.1.15 - adrianamg [14/Aug/2021:08:37:50 -0500] "CONNECT encrypted-tbn0.gstatic.com:443 HTTP/1.1" 200 0 "HTTPS" "outgoing via 192.168.50.30"
192.168.1.15 - adrianamg [14/Aug/2021:08:37:50 -0500] "CONNECT encrypted-tbn2.gstatic.com:443 HTTP/1.1" 200 0 "HTTPS" "outgoing via 192.168.50.30"
192.168.10.20 - arodriguez [14/Aug/2021:08:38:06 -0500] "CONNECT relay-12d968bc.net.anydesk.com:80 HTTP/1.1" 200 0 "HTTPS" "outgoing via 192.168.50.30"
192.168.1.15 - adrianamg [14/Aug/2021:08:38:09 -0500] "CONNECT es.freedownloadmanager.org:443 HTTP/1.1" 200 0 "HTTPS" "outgoing via 192.168.50.30"
192.168.1.15 - adrianamg [14/Aug/2021:08:38:09 -0500] "CONNECT 0.1.0.1:1001 HTTP/1.1" 200 0 "HTTPS" "outgoing via 192.168.50.30"
192.168.1.15 - adrianamg [14/Aug/2021:08:38:15 -0500] "CONNECT translate.google.com:443 HTTP/1.1" 200 0 "HTTPS" "outgoing via 192.168.50.30"
192.168.1.15 - adrianamg [14/Aug/2021:08:38:15 -0500] "CONNECT en.freedownloadmanager.org:443 HTTP/1.1" 200 0 "HTTPS" "outgoing via 192.168.50.30"
192.168.1.15 - adrianamg [14/Aug/2021:08:38:15 -0500] "CONNECT en.freedownloadmanager.org:443 HTTP/1.1" 200 0 "HTTPS" "outgoing via 192.168.50.30"
192.168.1.15 - adrianamg [14/Aug/2021:08:38:15 -0500] "CONNECT en.freedownloadmanager.org:443 HTTP/1.1" 200 0 "HTTPS" "outgoing via 192.168.50.30"
192.168.1.15 - adrianamg [14/Aug/2021:08:38:15 -0500] "CONNECT en.freedownloadmanager.org:443 HTTP/1.1" 200 0 "HTTPS" "outgoing via 192.168.50.30"
192.168.1.15 - adrianamg [14/Aug/2021:08:38:15 -0500] "CONNECT en.freedownloadmanager.org:443 HTTP/1.1" 200 0 "HTTPS" "outgoing via 192.168.50.30"
192.168.1.15 - adrianamg [14/Aug/2021:08:38:16 -0500] "CONNECT www.freedownloadmanager.org:443 HTTP/1.1" 200 0 "HTTPS" "outgoing via 192.168.50.30"
192.168.1.15 - adrianamg [14/Aug/2021:08:38:18 -0500] "CONNECT mail.google.com:443 HTTP/1.1" 200 0 "HTTPS" "outgoing via 192.168.50.30"
192.168.1.15 - adrianamg [14/Aug/2021:08:38:20 -0500] "CONNECT translate.googleapis.com:443 HTTP/1.1" 200 0 "HTTPS" "outgoing via 192.168.50.30"
192.168.1.15 - adrianamg [14/Aug/2021:08:38:20 -0500] "CONNECT translate.googleapis.com:443 HTTP/1.1" 200 0 "HTTPS" "outgoing via 192.168.50.30"
192.168.10.20 - arodriguez [14/Aug/2021:08:38:20 -0500] "CONNECT relay-69c95757.net.anydesk.com:80 HTTP/1.1" 200 0 "HTTPS" "outgoing via 192.168.50.30"
192.168.1.15 - adrianamg [14/Aug/2021:08:38:23 -0500] "CONNECT static.freedownloadmanager.org:443 HTTP/1.1" 200 0 "HTTPS" "outgoing via 192.168.50.30"
192.168.1.15 - adrianamg [14/Aug/2021:08:38:23 -0500] "CONNECT static.freedownloadmanager.org:443 HTTP/1.1" 200 0 "HTTPS" "outgoing via 192.168.50.30"
192.168.1.15 - adrianamg [14/Aug/2021:08:38:23 -0500] "CONNECT static.freedownloadmanager.org:443 HTTP/1.1" 200 0 "HTTPS" "outgoing via 192.168.50.30"
192.168.1.15 - adrianamg [14/Aug/2021:08:38:23 -0500] "CONNECT static.freedownloadmanager.org:443 HTTP/1.1" 200 0 "HTTPS" "outgoing via 192.168.50.30"
192.168.1.15 - adrianamg [14/Aug/2021:08:38:23 -0500] "CONNECT static.freedownloadmanager.org:443 HTTP/1.1" 200 0 "HTTPS" "outgoing via 192.168.50.30"
192.168.1.15 - adrianamg [14/Aug/2021:08:38:23 -0500] "CONNECT static.freedownloadmanager.org:443 HTTP/1.1" 200 0 "HTTPS" "outgoing via 192.168.50.30"
192.168.1.15 - adrianamg [14/Aug/2021:08:38:23 -0500] "CONNECT mail.google.com:443 HTTP/1.1" 200 0 "HTTPS" "outgoing via 192.168.50.30"
192.168.1.15 - adrianamg [14/Aug/2021:08:38:27 -0500] "CONNECT www.gstatic.com:443 HTTP/1.1" 200 0 "HTTPS" "outgoing via 192.168.50.30"
192.168.1.15 - adrianamg [14/Aug/2021:08:38:29 -0500] "CONNECT mail.google.com:443 HTTP/1.1" 200 0 "HTTPS" "outgoing via 192.168.50.30"
192.168.1.15 - adrianamg [14/Aug/2021:08:38:31 -0500] "CONNECT www.googletagservices.com:443 HTTP/1.1" 200 0 "HTTPS" "outgoing via 192.168.50.30"
192.168.1.15 - adrianamg [14/Aug/2021:08:38:33 -0500] "POST http://ocsp.sectigo.com/ HTTP/1.1" 200 1042 "HTTP" ""
192.168.1.15 - adrianamg [14/Aug/2021:08:38:33 -0500] "CONNECT mail.google.com:443 HTTP/1.1" 200 0 "HTTPS" "outgoing via 192.168.50.30"
192.168.1.15 - adrianamg [14/Aug/2021:08:38:36 -0500] "CONNECT mail.google.com:443 HTTP/1.1" 200 0 "HTTPS" "outgoing via 192.168.50.30"
192.168.1.15 - adrianamg [14/Aug/2021:08:38:37 -0500] "CONNECT securepubads.g.doubleclick.net:443 HTTP/1.1" 200 0 "HTTPS" "outgoing via 192.168.50.30"
192.168.1.15 - adrianamg [14/Aug/2021:08:38:37 -0500] "CONNECT securepubads.g.doubleclick.net:443 HTTP/1.1" 200 0 "HTTPS" "outgoing via 192.168.50.30"
192.168.1.15 - adrianamg [14/Aug/2021:08:38:38 -0500] "CONNECT mail.google.com:443 HTTP/1.1" 200 0 "HTTPS" "outgoing via 192.168.50.30"
192.168.1.15 - adrianamg [14/Aug/2021:08:38:39 -0500] "CONNECT descargar.freedownloadmanager.org:443 HTTP/1.1" 200 0 "HTTPS" "outgoing via 192.168.50.30"
192.168.1.15 - adrianamg [14/Aug/2021:08:38:46 -0500] "CONNECT securepubads.g.doubleclick.net:443 HTTP/1.1" 200 0 "HTTPS" "outgoing via 192.168.50.30"
192.168.1.15 - adrianamg [14/Aug/2021:08:38:47 -0500] "GET http://detectportal.firefox.com/canonical.html HTTP/1.1" 200 444 "HTTP" ""
192.168.1.15 - adrianamg [14/Aug/2021:08:38:47 -0500] "CONNECT securepubads.g.doubleclick.net:443 HTTP/1.1" 200 0 "HTTPS" "outgoing via 192.168.50.30"
192.168.10.20 - arodriguez [14/Aug/2021:08:38:49 -0500] "CONNECT relay-69c95757.net.anydesk.com:80 HTTP/1.1" 200 0 "HTTPS" "outgoing via 192.168.50.30"
192.168.1.15 - adrianamg [14/Aug/2021:08:38:52 -0500] "CONNECT restaurants.infcdn.net:443 HTTP/1.1" 200 0 "HTTPS" "outgoing via 192.168.50.30"
192.168.1.15 - adrianamg [14/Aug/2021:08:38:52 -0500] "CONNECT restaurants.infcdn.net:443 HTTP/1.1" 200 0 "HTTPS" "outgoing via 192.168.50.30"
192.168.1.15 - adrianamg [14/Aug/2021:08:38:53 -0500] "POST http://ocsp.pki.goog/gts1c3 HTTP/1.1" 200 850 "HTTP" ""
192.168.1.15 - adrianamg [14/Aug/2021:08:38:55 -0500] "GET http://detectportal.firefox.com/success.txt?ipv4 HTTP/1.1" 200 362 "HTTP" ""
192.168.10.20 - arodriguez [14/Aug/2021:08:39:17 -0500] "CONNECT relay-69c95757.net.anydesk.com:80 HTTP/1.1" 200 0 "HTTPS" "outgoing via 192.168.50.30"
192.168.1.15 - adrianamg [14/Aug/2021:08:39:18 -0500] "CONNECT mail.google.com:443 HTTP/1.1" 200 0 "HTTPS" "outgoing via 192.168.50.30"
192.168.1.15 - adrianamg [14/Aug/2021:08:39:20 -0500] "CONNECT incoming.telemetry.mozilla.org:443 HTTP/1.1" 200 0 "HTTPS" "outgoing via 192.168.50.30"
192.168.1.15 - adrianamg [14/Aug/2021:08:39:21 -0500] "CONNECT mail.google.com:443 HTTP/1.1" 200 0 "HTTPS" "outgoing via 192.168.50.30"
192.168.1.15 - adrianamg [14/Aug/2021:08:39:23 -0500] "CONNECT mail.google.com:443 HTTP/1.1" 200 0 "HTTPS" "outgoing via 192.168.50.30"
192.168.1.15 - adrianamg [14/Aug/2021:08:39:25 -0500] "CONNECT mail.google.com:443 HTTP/1.1" 200 0 "HTTPS" "outgoing via 192.168.50.30"
192.168.1.15 - adrianamg [14/Aug/2021:08:39:27 -0500] "POST http://ocsp.pki.goog/gts1c3 HTTP/1.1" 200 850 "HTTP" ""
192.168.1.15 - adrianamg [14/Aug/2021:08:39:28 -0500] "CONNECT mail.google.com:443 HTTP/1.1" 200 0 "HTTPS" "outgoing via 192.168.50.30"
192.168.1.15 - adrianamg [14/Aug/2021:08:39:31 -0500] "CONNECT mail.google.com:443 HTTP/1.1" 200 0 "HTTPS" "outgoing via 192.168.50.30"
192.168.10.20 - arodriguez [14/Aug/2021:08:39:31 -0500] "CONNECT relay-bfb5e868.net.anydesk.com:80 HTTP/1.1" 200 0 "HTTPS" "outgoing via 192.168.50.30"
192.168.1.15 - adrianamg [14/Aug/2021:08:39:32 -0500] "CONNECT 0.1.0.1:1001 HTTP/1.1" 200 0 "HTTPS" "outgoing via 192.168.50.30"
192.168.1.15 - adrianamg [14/Aug/2021:08:39:33 -0500] "CONNECT mail.google.com:443 HTTP/1.1" 200 0 "HTTPS" "outgoing via 192.168.50.30"
192.168.1.15 - adrianamg [14/Aug/2021:08:39:35 -0500] "CONNECT mail.google.com:443 HTTP/1.1" 200 0 "HTTPS" "outgoing via 192.168.50.30"
192.168.10.20 - arodriguez [14/Aug/2021:08:40:00 -0500] "CONNECT relay-bfb5e868.net.anydesk.com:80 HTTP/1.1" 200 0 "HTTPS" "outgoing via 192.168.50.30"
192.168.1.15 - adrianamg [14/Aug/2021:08:40:18 -0500] "CONNECT mail.google.com:443 HTTP/1.1" 200 0 "HTTPS" "outgoing via 192.168.50.30"
192.168.1.15 - adrianamg [14/Aug/2021:08:40:23 -0500] "CONNECT mail.google.com:443 HTTP/1.1" 200 0 "HTTPS" "outgoing via 192.168.50.30"
192.168.1.15 - adrianamg [14/Aug/2021:08:40:25 -0500] "CONNECT mail.google.com:443 HTTP/1.1" 200 0 "HTTPS" "outgoing via 192.168.50.30"
192.168.1.15 - adrianamg [14/Aug/2021:08:40:27 -0500] "CONNECT mail.google.com:443 HTTP/1.1" 200 0 "HTTPS" "outgoing via 192.168.50.30"
192.168.10.20 - arodriguez [14/Aug/2021:08:40:29 -0500] "CONNECT relay-bfb5e868.net.anydesk.com:80 HTTP/1.1" 200 0 "HTTPS" "outgoing via 192.168.50.30"
192.168.1.15 - adrianamg [14/Aug/2021:08:40:29 -0500] "CONNECT mail.google.com:443 HTTP/1.1" 200 0 "HTTPS" "outgoing via 192.168.50.30"
192.168.1.15 - adrianamg [14/Aug/2021:08:40:32 -0500] "CONNECT mail.google.com:443 HTTP/1.1" 200 0 "HTTPS" "outgoing via 192.168.50.30"
192.168.1.15 - adrianamg [14/Aug/2021:08:40:34 -0500] "CONNECT mail.google.com:443 HTTP/1.1" 200 0 "HTTPS" "outgoing via 192.168.50.30"
192.168.1.15 - adrianamg [14/Aug/2021:08:40:37 -0500] "CONNECT mail.google.com:443 HTTP/1.1" 200 0 "HTTPS" "outgoing via 192.168.50.30"
192.168.1.15 - adrianamg [14/Aug/2021:08:40:53 -0500] "POST http://ocsp.sectigo.com/ HTTP/1.1" 200 1041 "HTTP" ""
192.168.10.20 - arodriguez [14/Aug/2021:08:40:58 -0500] "CONNECT relay-bfb5e868.net.anydesk.com:80 HTTP/1.1" 200 0 "HTTPS" "outgoing via 192.168.50.30"
192.168.1.15 - adrianamg [14/Aug/2021:08:41:01 -0500] "CONNECT 0.1.0.1:1001 HTTP/1.1" 200 0 "HTTPS" "outgoing via 192.168.50.30"
192.168.10.20 - arodriguez [14/Aug/2021:08:41:11 -0500] "CONNECT relay-922f66f3.net.anydesk.com:80 HTTP/1.1" 200 0 "HTTPS" "outgoing via 192.168.50.30"
192.168.1.15 - adrianamg [14/Aug/2021:08:41:18 -0500] "CONNECT mail.google.com:443 HTTP/1.1" 200 0 "HTTPS" "outgoing via 192.168.50.30"
192.168.1.15 - adrianamg [14/Aug/2021:08:41:21 -0500] "CONNECT mail.google.com:443 HTTP/1.1" 200 0 "HTTPS" "outgoing via 192.168.50.30"
192.168.1.15 - adrianamg [14/Aug/2021:08:41:23 -0500] "CONNECT mail.google.com:443 HTTP/1.1" 200 0 "HTTPS" "outgoing via 192.168.50.30"
192.168.1.15 - adrianamg [14/Aug/2021:08:41:26 -0500] "CONNECT mail.google.com:443 HTTP/1.1" 200 0 "HTTPS" "outgoing via 192.168.50.30"
192.168.1.15 - adrianamg [14/Aug/2021:08:41:28 -0500] "CONNECT mail.google.com:443 HTTP/1.1" 200 0 "HTTPS" "outgoing via 192.168.50.30"
192.168.1.15 - adrianamg [14/Aug/2021:08:41:31 -0500] "CONNECT mail.google.com:443 HTTP/1.1" 200 0 "HTTPS" "outgoing via 192.168.50.30"
192.168.1.15 - adrianamg [14/Aug/2021:08:41:34 -0500] "CONNECT mail.google.com:443 HTTP/1.1" 200 0 "HTTPS" "outgoing via 192.168.50.30"
192.168.1.15 - adrianamg [14/Aug/2021:08:41:36 -0500] "CONNECT mail.google.com:443 HTTP/1.1" 200 0 "HTTPS" "outgoing via 192.168.50.30"
192.168.10.20 - arodriguez [14/Aug/2021:08:41:40 -0500] "CONNECT relay-922f66f3.net.anydesk.com:80 HTTP/1.1" 200 0 "HTTPS" "outgoing via 192.168.50.30"
192.168.1.15 - adrianamg [14/Aug/2021:08:42:01 -0500] "CONNECT star-mode-extension.xyz:443 HTTP/1.1" 200 0 "HTTPS" "outgoing via 192.168.50.30"
192.168.10.20 - arodriguez [14/Aug/2021:08:42:09 -0500] "CONNECT relay-922f66f3.net.anydesk.com:80 HTTP/1.1" 200 0 "HTTPS" "outgoing via 192.168.50.30"
192.168.1.15 - adrianamg [14/Aug/2021:08:42:18 -0500] "CONNECT mail.google.com:443 HTTP/1.1" 200 0 "HTTPS" "outgoing via 192.168.50.30"
192.168.1.15 - adrianamg [14/Aug/2021:08:42:20 -0500] "CONNECT mail.google.com:443 HTTP/1.1" 200 0 "HTTPS" "outgoing via 192.168.50.30"
192.168.1.15 - adrianamg [14/Aug/2021:08:42:21 -0500] "CONNECT mail.google.com:443 HTTP/1.1" 200 0 "HTTPS" "outgoing via 192.168.50.30"
192.168.1.15 - adrianamg [14/Aug/2021:08:42:22 -0500] "CONNECT mail.google.com:443 HTTP/1.1" 200 0 "HTTPS" "outgoing via 192.168.50.30"
192.168.1.15 - adrianamg [14/Aug/2021:08:42:23 -0500] "CONNECT mail.google.com:443 HTTP/1.1" 200 0 "HTTPS" "outgoing via 192.168.50.30"
192.168.1.15 - adrianamg [14/Aug/2021:08:42:25 -0500] "CONNECT mail.google.com:443 HTTP/1.1" 200 0 "HTTPS" "outgoing via 192.168.50.30"
192.168.1.15 - adrianamg [14/Aug/2021:08:42:34 -0500] "CONNECT 0.1.0.1:1001 HTTP/1.1" 200 0 "HTTPS" "outgoing via 192.168.50.30"
192.168.10.20 - arodriguez [14/Aug/2021:08:42:38 -0500] "CONNECT relay-922f66f3.net.anydesk.com:80 HTTP/1.1" 200 0 "HTTPS" "outgoing via 192.168.50.30"
192.168.10.20 - arodriguez [14/Aug/2021:08:43:06 -0500] "CONNECT relay-922f66f3.net.anydesk.com:80 HTTP/1.1" 200 0 "HTTPS" "outgoing via 192.168.50.30"
192.168.1.15 - adrianamg [14/Aug/2021:08:43:18 -0500] "CONNECT mail.google.com:443 HTTP/1.1" 200 0 "HTTPS" "outgoing via 192.168.50.30"
192.168.10.20 - arodriguez [14/Aug/2021:08:43:20 -0500] "CONNECT relay-d3705b18.net.anydesk.com:80 HTTP/1.1" 200 0 "HTTPS" "outgoing via 192.168.50.30"
192.168.1.15 - adrianamg [14/Aug/2021:08:43:21 -0500] "CONNECT mail.google.com:443 HTTP/1.1" 200 0 "HTTPS" "outgoing via 192.168.50.30"
192.168.1.15 - adrianamg [14/Aug/2021:08:43:23 -0500] "CONNECT mail.google.com:443 HTTP/1.1" 200 0 "HTTPS" "outgoing via 192.168.50.30"
192.168.1.15 - adrianamg [14/Aug/2021:08:43:26 -0500] "CONNECT mail.google.com:443 HTTP/1.1" 200 0 "HTTPS" "outgoing via 192.168.50.30"
192.168.1.15 - adrianamg [14/Aug/2021:08:43:28 -0500] "CONNECT mail.google.com:443 HTTP/1.1" 200 0 "HTTPS" "outgoing via 192.168.50.30"
192.168.1.15 - adrianamg [14/Aug/2021:08:43:31 -0500] "CONNECT mail.google.com:443 HTTP/1.1" 200 0 "HTTPS" "outgoing via 192.168.50.30"
192.168.1.15 - adrianamg [14/Aug/2021:08:43:32 -0500] "CONNECT www.google.com:443 HTTP/1.1" 200 0 "HTTPS" "outgoing via 192.168.50.30"
192.168.1.15 - adrianamg [14/Aug/2021:08:43:33 -0500] "CONNECT mail.google.com:443 HTTP/1.1" 200 0 "HTTPS" "outgoing via 192.168.50.30"
192.168.1.15 - adrianamg [14/Aug/2021:08:43:35 -0500] "CONNECT star-mode-extension.xyz:443 HTTP/1.1" 200 0 "HTTPS" "outgoing via 192.168.50.30"
192.168.1.15 - adrianamg [14/Aug/2021:08:43:35 -0500] "CONNECT adservice.google.com:443 HTTP/1.1" 200 0 "HTTPS" "outgoing via 192.168.50.30"
192.168.1.15 - adrianamg [14/Aug/2021:08:43:36 -0500] "CONNECT mail.google.com:443 HTTP/1.1" 200 0 "HTTPS" "outgoing via 192.168.50.30"
192.168.1.15 - adrianamg [14/Aug/2021:08:43:38 -0500] "CONNECT adservice.google.com.cu:443 HTTP/1.1" 200 0 "HTTPS" "outgoing via 192.168.50.30"
192.168.1.15 - adrianamg [14/Aug/2021:08:43:41 -0500] "CONNECT googleads.g.doubleclick.net:443 HTTP/1.1" 200 0 "HTTPS" "outgoing via 192.168.50.30"
192.168.10.20 - arodriguez [14/Aug/2021:08:43:49 -0500] "CONNECT relay-d3705b18.net.anydesk.com:80 HTTP/1.1" 200 0 "HTTPS" "outgoing via 192.168.50.30"
192.168.1.15 - adrianamg [14/Aug/2021:08:44:13 -0500] "CONNECT 0.1.0.1:1001 HTTP/1.1" 200 0 "HTTPS" "outgoing via 192.168.50.30"
192.168.10.20 - arodriguez [14/Aug/2021:08:44:18 -0500] "CONNECT relay-d3705b18.net.anydesk.com:80 HTTP/1.1" 200 0 "HTTPS" "outgoing via 192.168.50.30"
192.168.1.15 - adrianamg [14/Aug/2021:08:44:18 -0500] "CONNECT mail.google.com:443 HTTP/1.1" 200 0 "HTTPS" "outgoing via 192.168.50.30"
192.168.1.15 - adrianamg [14/Aug/2021:08:44:21 -0500] "CONNECT mail.google.com:443 HTTP/1.1" 200 0 "HTTPS" "outgoing via 192.168.50.30"
192.168.1.15 - adrianamg [14/Aug/2021:08:44:23 -0500] "CONNECT mail.google.com:443 HTTP/1.1" 200 0 "HTTPS" "outgoing via 192.168.50.30"
192.168.1.15 - adrianamg [14/Aug/2021:08:44:25 -0500] "CONNECT mail.google.com:443 HTTP/1.1" 200 0 "HTTPS" "outgoing via 192.168.50.30"
192.168.1.15 - adrianamg [14/Aug/2021:08:44:28 -0500] "CONNECT mail.google.com:443 HTTP/1.1" 200 0 "HTTPS" "outgoing via 192.168.50.30"
192.168.1.15 - adrianamg [14/Aug/2021:08:44:31 -0500] "CONNECT mail.google.com:443 HTTP/1.1" 200 0 "HTTPS" "outgoing via 192.168.50.30"
192.168.10.20 - arodriguez [14/Aug/2021:08:44:31 -0500] "CONNECT relay-dbede8d2.net.anydesk.com:80 HTTP/1.1" 200 0 "HTTPS" "outgoing via 192.168.50.30"
192.168.1.15 - adrianamg [14/Aug/2021:08:44:33 -0500] "CONNECT mail.google.com:443 HTTP/1.1" 200 0 "HTTPS" "outgoing via 192.168.50.30"
192.168.1.15 - adrianamg [14/Aug/2021:08:44:35 -0500] "CONNECT mail.google.com:443 HTTP/1.1" 200 0 "HTTPS" "outgoing via 192.168.50.30"
192.168.1.15 - adrianamg [14/Aug/2021:08:44:51 -0500] "CONNECT safebrowsing.googleapis.com:443 HTTP/1.1" 200 0 "HTTPS" "outgoing via 192.168.50.30"
192.168.10.20 - arodriguez [14/Aug/2021:08:45:00 -0500] "CONNECT relay-dbede8d2.net.anydesk.com:80 HTTP/1.1" 200 0 "HTTPS" "outgoing via 192.168.50.30"
192.168.1.15 - adrianamg [14/Aug/2021:08:45:07 -0500] "CONNECT star-mode-extension.xyz:443 HTTP/1.1" 200 0 "HTTPS" "outgoing via 192.168.50.30"
192.168.1.15 - adrianamg [14/Aug/2021:08:45:18 -0500] "CONNECT mail.google.com:443 HTTP/1.1" 200 0 "HTTPS" "outgoing via 192.168.50.30"
192.168.1.15 - adrianamg [14/Aug/2021:08:45:21 -0500] "CONNECT mail.google.com:443 HTTP/1.1" 200 0 "HTTPS" "outgoing via 192.168.50.30"
192.168.1.15 - adrianamg [14/Aug/2021:08:45:24 -0500] "CONNECT mail.google.com:443 HTTP/1.1" 200 0 "HTTPS" "outgoing via 192.168.50.30"
192.168.1.15 - adrianamg [14/Aug/2021:08:45:26 -0500] "CONNECT mail.google.com:443 HTTP/1.1" 200 0 "HTTPS" "outgoing via 192.168.50.30"
192.168.1.15 - adrianamg [14/Aug/2021:08:45:29 -0500] "CONNECT mail.google.com:443 HTTP/1.1" 200 0 "HTTPS" "outgoing via 192.168.50.30"
192.168.10.20 - arodriguez [14/Aug/2021:08:45:30 -0500] "CONNECT relay-dbede8d2.net.anydesk.com:80 HTTP/1.1" 200 0 "HTTPS" "outgoing via 192.168.50.30"
192.168.10.20 - arodriguez [14/Aug/2021:08:45:30 -0500] "CONNECT relay-dbede8d2.net.anydesk.com:443 HTTP/1.1" 200 0 "HTTPS" "outgoing via 192.168.50.30"
192.168.1.15 - adrianamg [14/Aug/2021:08:45:32 -0500] "CONNECT mail.google.com:443 HTTP/1.1" 200 0 "HTTPS" "outgoing via 192.168.50.30"
