192.168.10.20 - arodriguez [08/Aug/2021:01:27:51 -0500] "CONNECT relay-a54c6d92.net.anydesk.com:80 HTTP/1.1" 200 0 "HTTPS" "outgoing via 192.168.50.30"
192.168.6.34 - amorgado [08/Aug/2021:01:28:14 -0500] "CONNECT 149.154.175.50:443 HTTP/1.1" 200 0 "HTTPS" "outgoing via 192.168.50.30"
192.168.6.34 - amorgado [08/Aug/2021:01:28:14 -0500] "CONNECT 149.154.175.50:443 HTTP/1.1" 200 0 "HTTPS" "outgoing via 192.168.50.30"
192.168.6.34 - amorgado [08/Aug/2021:01:28:14 -0500] "CONNECT 45.142.38.130:9286 HTTP/1.1" 200 0 "HTTPS" "outgoing via 192.168.50.30"
192.168.6.34 - amorgado [08/Aug/2021:01:28:14 -0500] "CONNECT 45.142.38.130:9286 HTTP/1.1" 200 0 "HTTPS" "outgoing via 192.168.50.30"
192.168.10.20 - arodriguez [08/Aug/2021:01:28:20 -0500] "CONNECT relay-a54c6d92.net.anydesk.com:80 HTTP/1.1" 200 0 "HTTPS" "outgoing via 192.168.50.30"
192.168.6.34 - amorgado [08/Aug/2021:01:28:28 -0500] "CONNECT 149.154.175.50:443 HTTP/1.1" 200 0 "HTTPS" "outgoing via 192.168.50.30"
192.168.6.34 - amorgado [08/Aug/2021:01:28:28 -0500] "CONNECT 45.142.38.130:9286 HTTP/1.1" 200 0 "HTTPS" "outgoing via 192.168.50.30"
192.168.10.20 - arodriguez [08/Aug/2021:01:28:49 -0500] "CONNECT relay-a54c6d92.net.anydesk.com:80 HTTP/1.1" 200 0 "HTTPS" "outgoing via 192.168.50.30"
192.168.10.20 - arodriguez [08/Aug/2021:01:29:02 -0500] "CONNECT relay-5d364c18.net.anydesk.com:80 HTTP/1.1" 200 0 "HTTPS" "outgoing via 192.168.50.30"
192.168.10.20 - arodriguez [08/Aug/2021:01:29:32 -0500] "CONNECT relay-5d364c18.net.anydesk.com:80 HTTP/1.1" 200 0 "HTTPS" "outgoing via 192.168.50.30"
192.168.10.20 - arodriguez [08/Aug/2021:01:30:01 -0500] "CONNECT relay-5d364c18.net.anydesk.com:80 HTTP/1.1" 200 0 "HTTPS" "outgoing via 192.168.50.30"
192.168.10.20 - arodriguez [08/Aug/2021:01:30:14 -0500] "CONNECT relay-8897650c.net.anydesk.com:80 HTTP/1.1" 200 0 "HTTPS" "outgoing via 192.168.50.30"
192.168.10.20 - arodriguez [08/Aug/2021:01:30:43 -0500] "CONNECT relay-8897650c.net.anydesk.com:80 HTTP/1.1" 200 0 "HTTPS" "outgoing via 192.168.50.30"
192.168.10.20 - arodriguez [08/Aug/2021:01:31:12 -0500] "CONNECT relay-8897650c.net.anydesk.com:80 HTTP/1.1" 200 0 "HTTPS" "outgoing via 192.168.50.30"
192.168.10.20 - arodriguez [08/Aug/2021:01:31:41 -0500] "CONNECT relay-8897650c.net.anydesk.com:80 HTTP/1.1" 200 0 "HTTPS" "outgoing via 192.168.50.30"
192.168.10.20 - arodriguez [08/Aug/2021:01:31:54 -0500] "CONNECT relay-629d065f.net.anydesk.com:80 HTTP/1.1" 200 0 "HTTPS" "outgoing via 192.168.50.30"
192.168.10.20 - arodriguez [08/Aug/2021:01:32:23 -0500] "CONNECT relay-629d065f.net.anydesk.com:80 HTTP/1.1" 200 0 "HTTPS" "outgoing via 192.168.50.30"
192.168.10.20 - arodriguez [08/Aug/2021:01:32:52 -0500] "CONNECT relay-629d065f.net.anydesk.com:80 HTTP/1.1" 200 0 "HTTPS" "outgoing via 192.168.50.30"
192.168.6.34 - amorgado [08/Aug/2021:01:33:16 -0500] "CONNECT 149.154.175.50:443 HTTP/1.1" 200 0 "HTTPS" "outgoing via 192.168.50.30"
192.168.6.34 - amorgado [08/Aug/2021:01:33:16 -0500] "CONNECT 45.142.38.130:9286 HTTP/1.1" 200 0 "HTTPS" "outgoing via 192.168.50.30"
192.168.6.34 - amorgado [08/Aug/2021:01:33:17 -0500] "POST http://149.154.175.50:80/api HTTP/1.1" 200 412 "HTTP" ""
192.168.6.34 - amorgado [08/Aug/2021:01:33:18 -0500] "CONNECT 149.154.175.50:443 HTTP/1.1" 200 0 "HTTPS" "outgoing via 192.168.50.30"
192.168.6.34 - amorgado [08/Aug/2021:01:33:18 -0500] "CONNECT 45.142.38.130:9286 HTTP/1.1" 200 0 "HTTPS" "outgoing via 192.168.50.30"
192.168.10.20 - arodriguez [08/Aug/2021:01:33:21 -0500] "CONNECT relay-629d065f.net.anydesk.com:80 HTTP/1.1" 200 0 "HTTPS" "outgoing via 192.168.50.30"
192.168.6.34 - amorgado [08/Aug/2021:01:33:43 -0500] "POST http://149.154.175.50:80/api HTTP/1.1" 200 408 "HTTP" ""
192.168.10.20 - arodriguez [08/Aug/2021:01:33:50 -0500] "CONNECT relay-629d065f.net.anydesk.com:80 HTTP/1.1" 200 0 "HTTPS" "outgoing via 192.168.50.30"
192.168.6.34 - amorgado [08/Aug/2021:01:34:08 -0500] "POST http://149.154.175.50:80/api HTTP/1.1" 200 403 "HTTP" ""
192.168.6.34 - amorgado [08/Aug/2021:01:34:08 -0500] "CONNECT v10.events.data.microsoft.com:443 HTTP/1.1" 200 0 "HTTPS" "outgoing via 192.168.50.30"
192.168.10.20 - arodriguez [08/Aug/2021:01:34:19 -0500] "CONNECT relay-629d065f.net.anydesk.com:80 HTTP/1.1" 200 0 "HTTPS" "outgoing via 192.168.50.30"
192.168.6.34 - amorgado [08/Aug/2021:01:34:33 -0500] "POST http://149.154.175.50:80/api HTTP/1.1" 200 395 "HTTP" ""
192.168.10.20 - arodriguez [08/Aug/2021:01:34:48 -0500] "CONNECT relay-629d065f.net.anydesk.com:80 HTTP/1.1" 200 0 "HTTPS" "outgoing via 192.168.50.30"
192.168.6.34 - amorgado [08/Aug/2021:01:34:58 -0500] "POST http://149.154.175.50:80/api HTTP/1.1" 200 399 "HTTP" ""
192.168.10.20 - arodriguez [08/Aug/2021:01:35:17 -0500] "CONNECT relay-629d065f.net.anydesk.com:80 HTTP/1.1" 200 0 "HTTPS" "outgoing via 192.168.50.30"
192.168.6.34 - amorgado [08/Aug/2021:01:35:23 -0500] "POST http://149.154.175.50:80/api HTTP/1.1" 200 408 "HTTP" ""
192.168.6.34 - amorgado [08/Aug/2021:01:35:42 -0500] "POST http://149.154.175.50:80/api HTTP/1.1" 200 403 "HTTP" ""
192.168.10.20 - arodriguez [08/Aug/2021:01:35:46 -0500] "CONNECT relay-629d065f.net.anydesk.com:80 HTTP/1.1" 200 0 "HTTPS" "outgoing via 192.168.50.30"
192.168.6.34 - amorgado [08/Aug/2021:01:35:49 -0500] "POST http://149.154.175.50:80/api HTTP/1.1" 200 399 "HTTP" ""
192.168.10.20 - arodriguez [08/Aug/2021:01:36:00 -0500] "CONNECT relay-a54c6d92.net.anydesk.com:80 HTTP/1.1" 200 0 "HTTPS" "outgoing via 192.168.50.30"
192.168.6.34 - amorgado [08/Aug/2021:01:36:14 -0500] "POST http://149.154.175.50:80/api HTTP/1.1" 200 395 "HTTP" ""
192.168.10.20 - arodriguez [08/Aug/2021:01:36:29 -0500] "CONNECT relay-a54c6d92.net.anydesk.com:80 HTTP/1.1" 200 0 "HTTPS" "outgoing via 192.168.50.30"
192.168.6.34 - amorgado [08/Aug/2021:01:36:39 -0500] "POST http://149.154.175.50:80/api HTTP/1.1" 200 408 "HTTP" ""
192.168.10.20 - arodriguez [08/Aug/2021:01:36:58 -0500] "CONNECT relay-a54c6d92.net.anydesk.com:80 HTTP/1.1" 200 0 "HTTPS" "outgoing via 192.168.50.30"
192.168.6.34 - amorgado [08/Aug/2021:01:37:04 -0500] "POST http://149.154.175.50:80/api HTTP/1.1" 200 395 "HTTP" ""
192.168.10.20 - arodriguez [08/Aug/2021:01:37:27 -0500] "CONNECT relay-a54c6d92.net.anydesk.com:80 HTTP/1.1" 200 0 "HTTPS" "outgoing via 192.168.50.30"
192.168.5.107 - jpuñales [08/Aug/2021:01:37:28 -0500] "CONNECT push.services.mozilla.com:443 HTTP/1.1" 200 0 "HTTPS" "outgoing via 192.168.50.30"
192.168.6.34 - amorgado [08/Aug/2021:01:37:29 -0500] "POST http://149.154.175.50:80/api HTTP/1.1" 200 403 "HTTP" ""
192.168.6.34 - amorgado [08/Aug/2021:01:37:54 -0500] "POST http://149.154.175.50:80/api HTTP/1.1" 200 408 "HTTP" ""
192.168.10.20 - arodriguez [08/Aug/2021:01:37:56 -0500] "CONNECT relay-a54c6d92.net.anydesk.com:80 HTTP/1.1" 200 0 "HTTPS" "outgoing via 192.168.50.30"
192.168.6.34 - amorgado [08/Aug/2021:01:38:18 -0500] "CONNECT 149.154.175.50:443 HTTP/1.1" 200 0 "HTTPS" "outgoing via 192.168.50.30"
192.168.6.34 - amorgado [08/Aug/2021:01:38:19 -0500] "CONNECT 45.142.38.130:9286 HTTP/1.1" 200 0 "HTTPS" "outgoing via 192.168.50.30"
192.168.6.34 - amorgado [08/Aug/2021:01:38:20 -0500] "POST http://149.154.175.50:80/api HTTP/1.1" 200 395 "HTTP" ""
192.168.10.20 - arodriguez [08/Aug/2021:01:38:25 -0500] "CONNECT relay-a54c6d92.net.anydesk.com:80 HTTP/1.1" 200 0 "HTTPS" "outgoing via 192.168.50.30"
192.168.6.34 - amorgado [08/Aug/2021:01:38:45 -0500] "POST http://149.154.175.50:80/api HTTP/1.1" 200 399 "HTTP" ""
192.168.10.20 - arodriguez [08/Aug/2021:01:38:54 -0500] "CONNECT relay-a54c6d92.net.anydesk.com:80 HTTP/1.1" 200 0 "HTTPS" "outgoing via 192.168.50.30"
192.168.6.34 - amorgado [08/Aug/2021:01:39:10 -0500] "POST http://149.154.175.50:80/api HTTP/1.1" 200 408 "HTTP" ""
192.168.10.20 - arodriguez [08/Aug/2021:01:39:23 -0500] "CONNECT relay-a54c6d92.net.anydesk.com:80 HTTP/1.1" 200 0 "HTTPS" "outgoing via 192.168.50.30"
192.168.6.34 - amorgado [08/Aug/2021:01:39:35 -0500] "POST http://149.154.175.50:80/api HTTP/1.1" 200 399 "HTTP" ""
192.168.10.20 - arodriguez [08/Aug/2021:01:39:52 -0500] "CONNECT relay-a54c6d92.net.anydesk.com:80 HTTP/1.1" 200 0 "HTTPS" "outgoing via 192.168.50.30"
192.168.6.34 - amorgado [08/Aug/2021:01:40:00 -0500] "POST http://149.154.175.50:80/api HTTP/1.1" 200 395 "HTTP" ""
192.168.10.20 - arodriguez [08/Aug/2021:01:40:21 -0500] "CONNECT relay-a54c6d92.net.anydesk.com:80 HTTP/1.1" 200 0 "HTTPS" "outgoing via 192.168.50.30"
192.168.6.34 - amorgado [08/Aug/2021:01:40:25 -0500] "POST http://149.154.175.50:80/api HTTP/1.1" 200 395 "HTTP" ""
192.168.10.20 - arodriguez [08/Aug/2021:01:40:50 -0500] "CONNECT relay-a54c6d92.net.anydesk.com:80 HTTP/1.1" 200 0 "HTTPS" "outgoing via 192.168.50.30"
192.168.6.34 - amorgado [08/Aug/2021:01:40:51 -0500] "POST http://149.154.175.50:80/api HTTP/1.1" 200 408 "HTTP" ""
192.168.6.34 - amorgado [08/Aug/2021:01:41:16 -0500] "POST http://149.154.175.50:80/api HTTP/1.1" 200 399 "HTTP" ""
192.168.50.8 - arodriguez [08/Aug/2021:01:41:17 -0500] "HEAD http://update.eset.com/eset_eval/update.ver HTTP/1.1" 200 383 "HTTP" ""
192.168.10.20 - arodriguez [08/Aug/2021:01:41:20 -0500] "CONNECT relay-a54c6d92.net.anydesk.com:80 HTTP/1.1" 200 0 "HTTPS" "outgoing via 192.168.50.30"
192.168.6.34 - amorgado [08/Aug/2021:01:41:41 -0500] "POST http://149.154.175.50:80/api HTTP/1.1" 200 395 "HTTP" ""
192.168.10.20 - arodriguez [08/Aug/2021:01:41:49 -0500] "CONNECT relay-a54c6d92.net.anydesk.com:80 HTTP/1.1" 200 0 "HTTPS" "outgoing via 192.168.50.30"
192.168.10.20 - arodriguez [08/Aug/2021:01:42:02 -0500] "CONNECT relay-2057a8b4.net.anydesk.com:80 HTTP/1.1" 200 0 "HTTPS" "outgoing via 192.168.50.30"
192.168.6.34 - amorgado [08/Aug/2021:01:42:06 -0500] "POST http://149.154.175.50:80/api HTTP/1.1" 200 408 "HTTP" ""
192.168.10.20 - arodriguez [08/Aug/2021:01:42:31 -0500] "CONNECT relay-2057a8b4.net.anydesk.com:80 HTTP/1.1" 200 0 "HTTPS" "outgoing via 192.168.50.30"
192.168.6.34 - amorgado [08/Aug/2021:01:42:31 -0500] "POST http://149.154.175.50:80/api HTTP/1.1" 200 403 "HTTP" ""
192.168.6.34 - amorgado [08/Aug/2021:01:42:57 -0500] "POST http://149.154.175.50:80/api HTTP/1.1" 200 403 "HTTP" ""
192.168.10.20 - arodriguez [08/Aug/2021:01:43:00 -0500] "CONNECT relay-2057a8b4.net.anydesk.com:80 HTTP/1.1" 200 0 "HTTPS" "outgoing via 192.168.50.30"
192.168.50.220 - servidores [08/Aug/2021:01:43:09 -0500] "CONNECT mirrors.fedoraproject.org:443 HTTP/1.1" 200 0 "HTTPS" "outgoing via 192.168.50.30"
192.168.10.20 - arodriguez [08/Aug/2021:01:43:13 -0500] "CONNECT relay-a54c6d92.net.anydesk.com:80 HTTP/1.1" 200 0 "HTTPS" "outgoing via 192.168.50.30"
192.168.50.220 - servidores [08/Aug/2021:01:43:14 -0500] "CONNECT repo.ius.io:443 HTTP/1.1" 200 0 "HTTPS" "outgoing via 192.168.50.30"
192.168.50.220 - servidores [08/Aug/2021:01:43:15 -0500] "CONNECT download.postgresql.org:443 HTTP/1.1" 200 0 "HTTPS" "outgoing via 192.168.50.30"
192.168.6.34 - amorgado [08/Aug/2021:01:43:21 -0500] "CONNECT 149.154.175.50:443 HTTP/1.1" 200 0 "HTTPS" "outgoing via 192.168.50.30"
192.168.6.34 - amorgado [08/Aug/2021:01:43:21 -0500] "CONNECT 45.142.38.130:9286 HTTP/1.1" 200 0 "HTTPS" "outgoing via 192.168.50.30"
192.168.6.34 - amorgado [08/Aug/2021:01:43:22 -0500] "POST http://149.154.175.50:80/api HTTP/1.1" 200 408 "HTTP" ""
192.168.50.220 - servidores [08/Aug/2021:01:43:38 -0500] "CONNECT download.postgresql.org:443 HTTP/1.1" 200 0 "HTTPS" "outgoing via 192.168.50.30"
192.168.10.20 - arodriguez [08/Aug/2021:01:43:43 -0500] "CONNECT relay-a54c6d92.net.anydesk.com:80 HTTP/1.1" 200 0 "HTTPS" "outgoing via 192.168.50.30"
192.168.50.220 - servidores [08/Aug/2021:01:43:43 -0500] "GET http://mirror.bebout.net/remi/enterprise/7/remi/x86_64/repodata/repomd.xml HTTP/1.1" 200 3530 "HTTP" ""
192.168.50.220 - servidores [08/Aug/2021:01:43:43 -0500] "GET http://mirror.bebout.net/remi/enterprise/7/php72/x86_64/repodata/repomd.xml HTTP/1.1" 200 3517 "HTTP" ""
192.168.50.220 - servidores [08/Aug/2021:01:43:44 -0500] "CONNECT download.rethinkdb.com:443 HTTP/1.1" 200 0 "HTTPS" "outgoing via 192.168.50.30"
192.168.50.220 - servidores [08/Aug/2021:01:43:44 -0500] "GET http://mirror.uepg.br/centos/7.9.2009/extras/x86_64/repodata/repomd.xml HTTP/1.1" 200 3369 "HTTP" ""
192.168.6.34 - amorgado [08/Aug/2021:01:43:47 -0500] "POST http://149.154.175.50:80/api HTTP/1.1" 200 408 "HTTP" ""
192.168.10.20 - arodriguez [08/Aug/2021:01:44:12 -0500] "CONNECT relay-a54c6d92.net.anydesk.com:80 HTTP/1.1" 200 0 "HTTPS" "outgoing via 192.168.50.30"
192.168.6.34 - amorgado [08/Aug/2021:01:44:12 -0500] "POST http://149.154.175.50:80/api HTTP/1.1" 200 408 "HTTP" ""
192.168.6.34 - amorgado [08/Aug/2021:01:44:37 -0500] "POST http://149.154.175.50:80/api HTTP/1.1" 200 403 "HTTP" ""
192.168.10.20 - arodriguez [08/Aug/2021:01:44:41 -0500] "CONNECT relay-a54c6d92.net.anydesk.com:80 HTTP/1.1" 200 0 "HTTPS" "outgoing via 192.168.50.30"
192.168.6.34 - amorgado [08/Aug/2021:01:45:02 -0500] "POST http://149.154.175.50:80/api HTTP/1.1" 200 399 "HTTP" ""
192.168.10.20 - arodriguez [08/Aug/2021:01:45:10 -0500] "CONNECT relay-a54c6d92.net.anydesk.com:80 HTTP/1.1" 200 0 "HTTPS" "outgoing via 192.168.50.30"
192.168.6.34 - amorgado [08/Aug/2021:01:45:28 -0500] "POST http://149.154.175.50:80/api HTTP/1.1" 200 399 "HTTP" ""
192.168.10.20 - arodriguez [08/Aug/2021:01:45:39 -0500] "CONNECT relay-a54c6d92.net.anydesk.com:80 HTTP/1.1" 200 0 "HTTPS" "outgoing via 192.168.50.30"
192.168.6.34 - amorgado [08/Aug/2021:01:45:53 -0500] "POST http://149.154.175.50:80/api HTTP/1.1" 200 408 "HTTP" ""
192.168.10.20 - arodriguez [08/Aug/2021:01:46:08 -0500] "CONNECT relay-a54c6d92.net.anydesk.com:80 HTTP/1.1" 200 0 "HTTPS" "outgoing via 192.168.50.30"
192.168.6.34 - amorgado [08/Aug/2021:01:46:18 -0500] "POST http://149.154.175.50:80/api HTTP/1.1" 200 403 "HTTP" ""
192.168.10.20 - arodriguez [08/Aug/2021:01:46:21 -0500] "CONNECT relay-98c2705c.net.anydesk.com:80 HTTP/1.1" 200 0 "HTTPS" "outgoing via 192.168.50.30"
192.168.5.107 - jpuñales [08/Aug/2021:01:46:32 -0500] "CONNECT safebrowsing.googleapis.com:443 HTTP/1.1" 200 0 "HTTPS" "outgoing via 192.168.50.30"
192.168.6.34 - amorgado [08/Aug/2021:01:46:40 -0500] "CONNECT settings-win.data.microsoft.com:443 HTTP/1.1" 200 0 "HTTPS" "outgoing via 192.168.50.30"
192.168.6.34 - amorgado [08/Aug/2021:01:46:43 -0500] "POST http://149.154.175.50:80/api HTTP/1.1" 200 399 "HTTP" ""
192.168.10.20 - arodriguez [08/Aug/2021:01:46:50 -0500] "CONNECT relay-98c2705c.net.anydesk.com:80 HTTP/1.1" 200 0 "HTTPS" "outgoing via 192.168.50.30"
192.168.6.34 - amorgado [08/Aug/2021:01:47:08 -0500] "POST http://149.154.175.50:80/api HTTP/1.1" 200 395 "HTTP" ""
192.168.10.20 - arodriguez [08/Aug/2021:01:47:19 -0500] "CONNECT relay-98c2705c.net.anydesk.com:80 HTTP/1.1" 200 0 "HTTPS" "outgoing via 192.168.50.30"
192.168.10.20 - arodriguez [08/Aug/2021:01:47:33 -0500] "CONNECT relay-bfb5e868.net.anydesk.com:80 HTTP/1.1" 200 0 "HTTPS" "outgoing via 192.168.50.30"
192.168.6.34 - amorgado [08/Aug/2021:01:47:33 -0500] "POST http://149.154.175.50:80/api HTTP/1.1" 200 408 "HTTP" ""
192.168.5.107 - jpuñales [08/Aug/2021:01:47:35 -0500] "CONNECT push.services.mozilla.com:443 HTTP/1.1" 200 0 "HTTPS" "outgoing via 192.168.50.30"
192.168.6.34 - amorgado [08/Aug/2021:01:47:59 -0500] "POST http://149.154.175.50:80/api HTTP/1.1" 200 395 "HTTP" ""
192.168.10.20 - arodriguez [08/Aug/2021:01:48:01 -0500] "CONNECT relay-bfb5e868.net.anydesk.com:80 HTTP/1.1" 200 0 "HTTPS" "outgoing via 192.168.50.30"
192.168.6.34 - amorgado [08/Aug/2021:01:48:23 -0500] "CONNECT 149.154.175.50:443 HTTP/1.1" 200 0 "HTTPS" "outgoing via 192.168.50.30"
192.168.6.34 - amorgado [08/Aug/2021:01:48:23 -0500] "CONNECT 45.142.38.130:9286 HTTP/1.1" 200 0 "HTTPS" "outgoing via 192.168.50.30"
192.168.6.34 - amorgado [08/Aug/2021:01:48:24 -0500] "POST http://149.154.175.50:80/api HTTP/1.1" 200 395 "HTTP" ""
192.168.10.20 - arodriguez [08/Aug/2021:01:48:31 -0500] "CONNECT relay-bfb5e868.net.anydesk.com:80 HTTP/1.1" 200 0 "HTTPS" "outgoing via 192.168.50.30"
192.168.6.34 - amorgado [08/Aug/2021:01:48:49 -0500] "POST http://149.154.175.50:80/api HTTP/1.1" 200 399 "HTTP" ""
192.168.10.20 - arodriguez [08/Aug/2021:01:49:00 -0500] "CONNECT relay-bfb5e868.net.anydesk.com:80 HTTP/1.1" 200 0 "HTTPS" "outgoing via 192.168.50.30"
192.168.6.34 - amorgado [08/Aug/2021:01:49:14 -0500] "POST http://149.154.175.50:80/api HTTP/1.1" 200 408 "HTTP" ""
192.168.10.20 - arodriguez [08/Aug/2021:01:49:29 -0500] "CONNECT relay-bfb5e868.net.anydesk.com:80 HTTP/1.1" 200 0 "HTTPS" "outgoing via 192.168.50.30"
192.168.6.34 - amorgado [08/Aug/2021:01:49:39 -0500] "POST http://149.154.175.50:80/api HTTP/1.1" 200 408 "HTTP" ""
192.168.10.20 - arodriguez [08/Aug/2021:01:49:42 -0500] "CONNECT relay-5bec465c.net.anydesk.com:80 HTTP/1.1" 200 0 "HTTPS" "outgoing via 192.168.50.30"
192.168.6.34 - amorgado [08/Aug/2021:01:50:05 -0500] "POST http://149.154.175.50:80/api HTTP/1.1" 200 408 "HTTP" ""
192.168.10.20 - arodriguez [08/Aug/2021:01:50:11 -0500] "CONNECT relay-5bec465c.net.anydesk.com:80 HTTP/1.1" 200 0 "HTTPS" "outgoing via 192.168.50.30"
192.168.6.34 - amorgado [08/Aug/2021:01:50:30 -0500] "POST http://149.154.175.50:80/api HTTP/1.1" 200 395 "HTTP" ""
192.168.10.20 - arodriguez [08/Aug/2021:01:50:40 -0500] "CONNECT relay-5bec465c.net.anydesk.com:80 HTTP/1.1" 200 0 "HTTPS" "outgoing via 192.168.50.30"
192.168.10.20 - arodriguez [08/Aug/2021:01:50:54 -0500] "CONNECT relay-bfcb38ab.net.anydesk.com:80 HTTP/1.1" 200 0 "HTTPS" "outgoing via 192.168.50.30"
192.168.6.34 - amorgado [08/Aug/2021:01:50:55 -0500] "POST http://149.154.175.50:80/api HTTP/1.1" 200 395 "HTTP" ""
192.168.6.34 - amorgado [08/Aug/2021:01:51:20 -0500] "POST http://149.154.175.50:80/api HTTP/1.1" 200 408 "HTTP" ""
192.168.10.20 - arodriguez [08/Aug/2021:01:51:23 -0500] "CONNECT relay-bfcb38ab.net.anydesk.com:80 HTTP/1.1" 200 0 "HTTPS" "outgoing via 192.168.50.30"
192.168.6.34 - amorgado [08/Aug/2021:01:51:45 -0500] "POST http://149.154.175.50:80/api HTTP/1.1" 200 399 "HTTP" ""
192.168.10.20 - arodriguez [08/Aug/2021:01:51:52 -0500] "CONNECT relay-bfcb38ab.net.anydesk.com:80 HTTP/1.1" 200 0 "HTTPS" "outgoing via 192.168.50.30"
192.168.10.20 - arodriguez [08/Aug/2021:01:52:05 -0500] "CONNECT relay-0767eec0.net.anydesk.com:80 HTTP/1.1" 200 0 "HTTPS" "outgoing via 192.168.50.30"
192.168.6.34 - amorgado [08/Aug/2021:01:52:10 -0500] "POST http://149.154.175.50:80/api HTTP/1.1" 200 408 "HTTP" ""
192.168.10.20 - arodriguez [08/Aug/2021:01:52:34 -0500] "CONNECT relay-0767eec0.net.anydesk.com:80 HTTP/1.1" 200 0 "HTTPS" "outgoing via 192.168.50.30"
192.168.6.34 - amorgado [08/Aug/2021:01:52:36 -0500] "POST http://149.154.175.50:80/api HTTP/1.1" 200 395 "HTTP" ""
192.168.6.34 - amorgado [08/Aug/2021:01:53:01 -0500] "POST http://149.154.175.50:80/api HTTP/1.1" 200 408 "HTTP" ""
192.168.10.20 - arodriguez [08/Aug/2021:01:53:03 -0500] "CONNECT relay-0767eec0.net.anydesk.com:80 HTTP/1.1" 200 0 "HTTPS" "outgoing via 192.168.50.30"
192.168.6.34 - amorgado [08/Aug/2021:01:53:25 -0500] "CONNECT 149.154.175.50:443 HTTP/1.1" 200 0 "HTTPS" "outgoing via 192.168.50.30"
192.168.6.34 - amorgado [08/Aug/2021:01:53:25 -0500] "CONNECT 45.142.38.130:9286 HTTP/1.1" 200 0 "HTTPS" "outgoing via 192.168.50.30"
192.168.6.34 - amorgado [08/Aug/2021:01:53:26 -0500] "POST http://149.154.175.50:80/api HTTP/1.1" 200 403 "HTTP" ""
192.168.10.20 - arodriguez [08/Aug/2021:01:53:32 -0500] "CONNECT relay-0767eec0.net.anydesk.com:80 HTTP/1.1" 200 0 "HTTPS" "outgoing via 192.168.50.30"
192.168.10.20 - arodriguez [08/Aug/2021:01:53:46 -0500] "CONNECT relay-283e3f4a.net.anydesk.com:80 HTTP/1.1" 200 0 "HTTPS" "outgoing via 192.168.50.30"
192.168.6.34 - amorgado [08/Aug/2021:01:53:51 -0500] "POST http://149.154.175.50:80/api HTTP/1.1" 200 408 "HTTP" ""
192.168.10.20 - arodriguez [08/Aug/2021:01:54:15 -0500] "CONNECT relay-283e3f4a.net.anydesk.com:80 HTTP/1.1" 200 0 "HTTPS" "outgoing via 192.168.50.30"
192.168.6.34 - amorgado [08/Aug/2021:01:54:16 -0500] "POST http://149.154.175.50:80/api HTTP/1.1" 200 395 "HTTP" ""
192.168.6.34 - amorgado [08/Aug/2021:01:54:41 -0500] "POST http://149.154.175.50:80/api HTTP/1.1" 200 408 "HTTP" ""
192.168.10.20 - arodriguez [08/Aug/2021:01:54:44 -0500] "CONNECT relay-283e3f4a.net.anydesk.com:80 HTTP/1.1" 200 0 "HTTPS" "outgoing via 192.168.50.30"
192.168.6.34 - amorgado [08/Aug/2021:01:55:07 -0500] "POST http://149.154.175.50:80/api HTTP/1.1" 200 403 "HTTP" ""
192.168.10.20 - arodriguez [08/Aug/2021:01:55:13 -0500] "CONNECT relay-283e3f4a.net.anydesk.com:80 HTTP/1.1" 200 0 "HTTPS" "outgoing via 192.168.50.30"
192.168.10.20 - arodriguez [08/Aug/2021:01:55:26 -0500] "CONNECT relay-a54c6d92.net.anydesk.com:80 HTTP/1.1" 200 0 "HTTPS" "outgoing via 192.168.50.30"
192.168.6.34 - amorgado [08/Aug/2021:01:55:32 -0500] "POST http://149.154.175.50:80/api HTTP/1.1" 200 403 "HTTP" ""
192.168.10.20 - arodriguez [08/Aug/2021:01:55:55 -0500] "CONNECT relay-a54c6d92.net.anydesk.com:80 HTTP/1.1" 200 0 "HTTPS" "outgoing via 192.168.50.30"
192.168.6.34 - amorgado [08/Aug/2021:01:55:57 -0500] "POST http://149.154.175.50:80/api HTTP/1.1" 200 395 "HTTP" ""
192.168.6.34 - amorgado [08/Aug/2021:01:56:22 -0500] "POST http://149.154.175.50:80/api HTTP/1.1" 200 395 "HTTP" ""
192.168.10.20 - arodriguez [08/Aug/2021:01:56:24 -0500] "CONNECT relay-a54c6d92.net.anydesk.com:80 HTTP/1.1" 200 0 "HTTPS" "outgoing via 192.168.50.30"
192.168.6.34 - amorgado [08/Aug/2021:01:56:47 -0500] "POST http://149.154.175.50:80/api HTTP/1.1" 200 399 "HTTP" ""
192.168.10.20 - arodriguez [08/Aug/2021:01:56:53 -0500] "CONNECT relay-a54c6d92.net.anydesk.com:80 HTTP/1.1" 200 0 "HTTPS" "outgoing via 192.168.50.30"
192.168.10.20 - arodriguez [08/Aug/2021:01:57:07 -0500] "CONNECT relay-bd01ff02.net.anydesk.com:80 HTTP/1.1" 200 0 "HTTPS" "outgoing via 192.168.50.30"
192.168.6.34 - amorgado [08/Aug/2021:01:57:12 -0500] "POST http://149.154.175.50:80/api HTTP/1.1" 200 403 "HTTP" ""
192.168.10.20 - arodriguez [08/Aug/2021:01:57:36 -0500] "CONNECT relay-bd01ff02.net.anydesk.com:80 HTTP/1.1" 200 0 "HTTPS" "outgoing via 192.168.50.30"
192.168.6.34 - amorgado [08/Aug/2021:01:57:38 -0500] "POST http://149.154.175.50:80/api HTTP/1.1" 200 403 "HTTP" ""
192.168.5.107 - jpuñales [08/Aug/2021:01:57:42 -0500] "CONNECT push.services.mozilla.com:443 HTTP/1.1" 200 0 "HTTPS" "outgoing via 192.168.50.30"
192.168.6.34 - amorgado [08/Aug/2021:01:58:03 -0500] "POST http://149.154.175.50:80/api HTTP/1.1" 200 399 "HTTP" ""
192.168.10.20 - arodriguez [08/Aug/2021:01:58:05 -0500] "CONNECT relay-bd01ff02.net.anydesk.com:80 HTTP/1.1" 200 0 "HTTPS" "outgoing via 192.168.50.30"
192.168.6.34 - amorgado [08/Aug/2021:01:58:27 -0500] "CONNECT 149.154.175.50:443 HTTP/1.1" 200 0 "HTTPS" "outgoing via 192.168.50.30"
192.168.6.34 - amorgado [08/Aug/2021:01:58:28 -0500] "CONNECT 45.142.38.130:9286 HTTP/1.1" 200 0 "HTTPS" "outgoing via 192.168.50.30"
192.168.6.34 - amorgado [08/Aug/2021:01:58:28 -0500] "POST http://149.154.175.50:80/api HTTP/1.1" 200 399 "HTTP" ""
192.168.10.20 - arodriguez [08/Aug/2021:01:58:33 -0500] "CONNECT relay-bd01ff02.net.anydesk.com:80 HTTP/1.1" 200 0 "HTTPS" "outgoing via 192.168.50.30"
192.168.10.20 - arodriguez [08/Aug/2021:01:58:47 -0500] "CONNECT relay-283e3f4a.net.anydesk.com:80 HTTP/1.1" 200 0 "HTTPS" "outgoing via 192.168.50.30"
192.168.6.34 - amorgado [08/Aug/2021:01:58:53 -0500] "POST http://149.154.175.50:80/api HTTP/1.1" 200 399 "HTTP" ""
192.168.10.20 - arodriguez [08/Aug/2021:01:59:16 -0500] "CONNECT relay-283e3f4a.net.anydesk.com:80 HTTP/1.1" 200 0 "HTTPS" "outgoing via 192.168.50.30"
192.168.6.34 - amorgado [08/Aug/2021:01:59:18 -0500] "POST http://149.154.175.50:80/api HTTP/1.1" 200 395 "HTTP" ""
192.168.6.34 - amorgado [08/Aug/2021:01:59:44 -0500] "POST http://149.154.175.50:80/api HTTP/1.1" 200 399 "HTTP" ""
192.168.10.20 - arodriguez [08/Aug/2021:01:59:45 -0500] "CONNECT relay-283e3f4a.net.anydesk.com:80 HTTP/1.1" 200 0 "HTTPS" "outgoing via 192.168.50.30"
192.168.10.20 - arodriguez [08/Aug/2021:01:59:58 -0500] "CONNECT relay-629d065f.net.anydesk.com:80 HTTP/1.1" 200 0 "HTTPS" "outgoing via 192.168.50.30"
192.168.6.34 - amorgado [08/Aug/2021:02:00:09 -0500] "POST http://149.154.175.50:80/api HTTP/1.1" 200 408 "HTTP" ""
192.168.10.20 - arodriguez [08/Aug/2021:02:00:27 -0500] "CONNECT relay-629d065f.net.anydesk.com:80 HTTP/1.1" 200 0 "HTTPS" "outgoing via 192.168.50.30"
192.168.6.34 - amorgado [08/Aug/2021:02:00:34 -0500] "POST http://149.154.175.50:80/api HTTP/1.1" 200 408 "HTTP" ""
192.168.10.20 - arodriguez [08/Aug/2021:02:00:56 -0500] "CONNECT relay-629d065f.net.anydesk.com:80 HTTP/1.1" 200 0 "HTTPS" "outgoing via 192.168.50.30"
192.168.6.34 - amorgado [08/Aug/2021:02:00:59 -0500] "POST http://149.154.175.50:80/api HTTP/1.1" 200 403 "HTTP" ""
192.168.10.20 - arodriguez [08/Aug/2021:02:01:10 -0500] "CONNECT relay-8897650c.net.anydesk.com:80 HTTP/1.1" 200 0 "HTTPS" "outgoing via 192.168.50.30"
192.168.6.34 - amorgado [08/Aug/2021:02:01:24 -0500] "POST http://149.154.175.50:80/api HTTP/1.1" 200 403 "HTTP" ""
192.168.10.20 - arodriguez [08/Aug/2021:02:01:38 -0500] "CONNECT relay-8897650c.net.anydesk.com:80 HTTP/1.1" 200 0 "HTTPS" "outgoing via 192.168.50.30"
192.168.6.34 - amorgado [08/Aug/2021:02:01:49 -0500] "POST http://149.154.175.50:80/api HTTP/1.1" 200 403 "HTTP" ""
192.168.10.20 - arodriguez [08/Aug/2021:02:02:07 -0500] "CONNECT relay-8897650c.net.anydesk.com:80 HTTP/1.1" 200 0 "HTTPS" "outgoing via 192.168.50.30"
192.168.6.34 - amorgado [08/Aug/2021:02:02:15 -0500] "POST http://149.154.175.50:80/api HTTP/1.1" 200 399 "HTTP" ""
192.168.6.34 - amorgado [08/Aug/2021:02:02:16 -0500] "CONNECT settings-win.data.microsoft.com:443 HTTP/1.1" 200 0 "HTTPS" "outgoing via 192.168.50.30"
192.168.10.20 - arodriguez [08/Aug/2021:02:02:36 -0500] "CONNECT relay-8897650c.net.anydesk.com:80 HTTP/1.1" 200 0 "HTTPS" "outgoing via 192.168.50.30"
192.168.6.34 - amorgado [08/Aug/2021:02:02:40 -0500] "POST http://149.154.175.50:80/api HTTP/1.1" 200 408 "HTTP" ""
192.168.10.20 - arodriguez [08/Aug/2021:02:03:05 -0500] "CONNECT relay-8897650c.net.anydesk.com:80 HTTP/1.1" 200 0 "HTTPS" "outgoing via 192.168.50.30"
192.168.6.34 - amorgado [08/Aug/2021:02:03:05 -0500] "POST http://149.154.175.50:80/api HTTP/1.1" 200 408 "HTTP" ""
192.168.10.20 - arodriguez [08/Aug/2021:02:03:18 -0500] "CONNECT relay-1cb4b08e.net.anydesk.com:80 HTTP/1.1" 200 0 "HTTPS" "outgoing via 192.168.50.30"
192.168.6.34 - amorgado [08/Aug/2021:02:03:30 -0500] "CONNECT 149.154.175.50:443 HTTP/1.1" 200 0 "HTTPS" "outgoing via 192.168.50.30"
192.168.6.34 - amorgado [08/Aug/2021:02:03:30 -0500] "CONNECT 45.142.38.130:9286 HTTP/1.1" 200 0 "HTTPS" "outgoing via 192.168.50.30"
192.168.6.34 - amorgado [08/Aug/2021:02:03:30 -0500] "POST http://149.154.175.50:80/api HTTP/1.1" 200 395 "HTTP" ""
192.168.10.20 - arodriguez [08/Aug/2021:02:03:47 -0500] "CONNECT relay-1cb4b08e.net.anydesk.com:80 HTTP/1.1" 200 0 "HTTPS" "outgoing via 192.168.50.30"
192.168.6.34 - amorgado [08/Aug/2021:02:03:55 -0500] "POST http://149.154.175.50:80/api HTTP/1.1" 200 403 "HTTP" ""
192.168.6.34 - amorgado [08/Aug/2021:02:04:08 -0500] "CONNECT v10.events.data.microsoft.com:443 HTTP/1.1" 200 0 "HTTPS" "outgoing via 192.168.50.30"
192.168.10.20 - arodriguez [08/Aug/2021:02:04:16 -0500] "CONNECT relay-1cb4b08e.net.anydesk.com:80 HTTP/1.1" 200 0 "HTTPS" "outgoing via 192.168.50.30"
192.168.6.34 - amorgado [08/Aug/2021:02:04:20 -0500] "POST http://149.154.175.50:80/api HTTP/1.1" 200 395 "HTTP" ""
192.168.10.20 - arodriguez [08/Aug/2021:02:04:45 -0500] "CONNECT relay-1cb4b08e.net.anydesk.com:80 HTTP/1.1" 200 0 "HTTPS" "outgoing via 192.168.50.30"
192.168.6.34 - amorgado [08/Aug/2021:02:04:46 -0500] "POST http://149.154.175.50:80/api HTTP/1.1" 200 399 "HTTP" ""
192.168.6.34 - amorgado [08/Aug/2021:02:05:11 -0500] "POST http://149.154.175.50:80/api HTTP/1.1" 200 395 "HTTP" ""
192.168.10.20 - arodriguez [08/Aug/2021:02:05:14 -0500] "CONNECT relay-1cb4b08e.net.anydesk.com:80 HTTP/1.1" 200 0 "HTTPS" "outgoing via 192.168.50.30"
192.168.10.20 - arodriguez [08/Aug/2021:02:05:28 -0500] "CONNECT relay-49726057.net.anydesk.com:80 HTTP/1.1" 200 0 "HTTPS" "outgoing via 192.168.50.30"
192.168.6.34 - amorgado [08/Aug/2021:02:05:36 -0500] "POST http://149.154.175.50:80/api HTTP/1.1" 200 399 "HTTP" ""
192.168.10.20 - arodriguez [08/Aug/2021:02:05:57 -0500] "CONNECT relay-49726057.net.anydesk.com:80 HTTP/1.1" 200 0 "HTTPS" "outgoing via 192.168.50.30"
192.168.6.34 - amorgado [08/Aug/2021:02:06:01 -0500] "POST http://149.154.175.50:80/api HTTP/1.1" 200 399 "HTTP" ""
192.168.10.20 - arodriguez [08/Aug/2021:02:06:26 -0500] "CONNECT relay-49726057.net.anydesk.com:80 HTTP/1.1" 200 0 "HTTPS" "outgoing via 192.168.50.30"
192.168.6.34 - amorgado [08/Aug/2021:02:06:26 -0500] "POST http://149.154.175.50:80/api HTTP/1.1" 200 399 "HTTP" ""
192.168.10.20 - arodriguez [08/Aug/2021:02:06:39 -0500] "CONNECT relay-a54c6d92.net.anydesk.com:80 HTTP/1.1" 200 0 "HTTPS" "outgoing via 192.168.50.30"
192.168.6.34 - amorgado [08/Aug/2021:02:06:52 -0500] "POST http://149.154.175.50:80/api HTTP/1.1" 200 399 "HTTP" ""
192.168.10.20 - arodriguez [08/Aug/2021:02:07:08 -0500] "CONNECT relay-a54c6d92.net.anydesk.com:80 HTTP/1.1" 200 0 "HTTPS" "outgoing via 192.168.50.30"
192.168.6.34 - amorgado [08/Aug/2021:02:07:17 -0500] "POST http://149.154.175.50:80/api HTTP/1.1" 200 403 "HTTP" ""
192.168.10.20 - arodriguez [08/Aug/2021:02:07:37 -0500] "CONNECT relay-a54c6d92.net.anydesk.com:80 HTTP/1.1" 200 0 "HTTPS" "outgoing via 192.168.50.30"
192.168.6.34 - amorgado [08/Aug/2021:02:07:42 -0500] "POST http://149.154.175.50:80/api HTTP/1.1" 200 399 "HTTP" ""
192.168.10.20 - arodriguez [08/Aug/2021:02:08:06 -0500] "CONNECT relay-a54c6d92.net.anydesk.com:80 HTTP/1.1" 200 0 "HTTPS" "outgoing via 192.168.50.30"
192.168.6.34 - amorgado [08/Aug/2021:02:08:07 -0500] "POST http://149.154.175.50:80/api HTTP/1.1" 200 403 "HTTP" ""
192.168.10.20 - arodriguez [08/Aug/2021:02:08:19 -0500] "CONNECT relay-8b8e1425.net.anydesk.com:80 HTTP/1.1" 200 0 "HTTPS" "outgoing via 192.168.50.30"
192.168.10.20 - arodriguez [08/Aug/2021:02:08:21 -0500] "CONNECT relay-8b8e1425.net.anydesk.com:443 HTTP/1.1" 200 0 "HTTPS" "outgoing via 192.168.50.30"
192.168.6.34 - amorgado [08/Aug/2021:02:08:32 -0500] "CONNECT 149.154.175.50:443 HTTP/1.1" 200 0 "HTTPS" "outgoing via 192.168.50.30"
192.168.6.34 - amorgado [08/Aug/2021:02:08:32 -0500] "POST http://149.154.175.50:80/api HTTP/1.1" 200 399 "HTTP" ""
192.168.6.34 - amorgado [08/Aug/2021:02:08:32 -0500] "CONNECT 45.142.38.130:9286 HTTP/1.1" 200 0 "HTTPS" "outgoing via 192.168.50.30"
192.168.10.20 - arodriguez [08/Aug/2021:02:08:50 -0500] "CONNECT relay-8b8e1425.net.anydesk.com:80 HTTP/1.1" 200 0 "HTTPS" "outgoing via 192.168.50.30"
192.168.6.34 - amorgado [08/Aug/2021:02:08:57 -0500] "POST http://149.154.175.50:80/api HTTP/1.1" 200 408 "HTTP" ""
192.168.10.20 - arodriguez [08/Aug/2021:02:09:19 -0500] "CONNECT relay-8b8e1425.net.anydesk.com:80 HTTP/1.1" 200 0 "HTTPS" "outgoing via 192.168.50.30"
192.168.6.34 - amorgado [08/Aug/2021:02:09:23 -0500] "POST http://149.154.175.50:80/api HTTP/1.1" 200 408 "HTTP" ""
192.168.6.34 - amorgado [08/Aug/2021:02:09:48 -0500] "POST http://149.154.175.50:80/api HTTP/1.1" 200 403 "HTTP" ""
192.168.10.20 - arodriguez [08/Aug/2021:02:09:48 -0500] "CONNECT relay-8b8e1425.net.anydesk.com:80 HTTP/1.1" 200 0 "HTTPS" "outgoing via 192.168.50.30"
192.168.6.34 - amorgado [08/Aug/2021:02:10:13 -0500] "POST http://149.154.175.50:80/api HTTP/1.1" 200 395 "HTTP" ""
192.168.10.20 - arodriguez [08/Aug/2021:02:10:17 -0500] "CONNECT relay-8b8e1425.net.anydesk.com:80 HTTP/1.1" 200 0 "HTTPS" "outgoing via 192.168.50.30"
192.168.6.34 - amorgado [08/Aug/2021:02:10:38 -0500] "POST http://149.154.175.50:80/api HTTP/1.1" 200 408 "HTTP" ""
192.168.10.20 - arodriguez [08/Aug/2021:02:10:46 -0500] "CONNECT relay-8b8e1425.net.anydesk.com:80 HTTP/1.1" 200 0 "HTTPS" "outgoing via 192.168.50.30"
192.168.10.20 - arodriguez [08/Aug/2021:02:10:59 -0500] "CONNECT relay-5f045e20.net.anydesk.com:80 HTTP/1.1" 200 0 "HTTPS" "outgoing via 192.168.50.30"
192.168.6.34 - amorgado [08/Aug/2021:02:11:03 -0500] "POST http://149.154.175.50:80/api HTTP/1.1" 200 399 "HTTP" ""
192.168.10.20 - arodriguez [08/Aug/2021:02:11:28 -0500] "CONNECT relay-5f045e20.net.anydesk.com:80 HTTP/1.1" 200 0 "HTTPS" "outgoing via 192.168.50.30"
192.168.6.34 - amorgado [08/Aug/2021:02:11:28 -0500] "POST http://149.154.175.50:80/api HTTP/1.1" 200 408 "HTTP" ""
192.168.6.34 - amorgado [08/Aug/2021:02:11:54 -0500] "POST http://149.154.175.50:80/api HTTP/1.1" 200 395 "HTTP" ""
192.168.10.20 - arodriguez [08/Aug/2021:02:11:57 -0500] "CONNECT relay-5f045e20.net.anydesk.com:80 HTTP/1.1" 200 0 "HTTPS" "outgoing via 192.168.50.30"
192.168.10.20 - arodriguez [08/Aug/2021:02:12:11 -0500] "CONNECT relay-8897650c.net.anydesk.com:80 HTTP/1.1" 200 0 "HTTPS" "outgoing via 192.168.50.30"
192.168.6.34 - amorgado [08/Aug/2021:02:12:19 -0500] "POST http://149.154.175.50:80/api HTTP/1.1" 200 403 "HTTP" ""
192.168.50.50 - servidores [08/Aug/2021:02:12:19 -0500] "CONNECT mirrors.fedoraproject.org:443 HTTP/1.1" 200 0 "HTTPS" "outgoing via 192.168.50.30"
192.168.50.50 - servidores [08/Aug/2021:02:12:24 -0500] "CONNECT mirrors.ukfast.co.uk:443 HTTP/1.1" 200 0 "HTTPS" "outgoing via 192.168.50.30"
192.168.50.50 - servidores [08/Aug/2021:02:12:25 -0500] "GET http://mirror.uepg.br/centos/7.9.2009/os/x86_64/repodata/repomd.xml HTTP/1.1" 200 4249 "HTTP" ""
192.168.10.20 - arodriguez [08/Aug/2021:02:12:40 -0500] "CONNECT relay-8897650c.net.anydesk.com:80 HTTP/1.1" 200 0 "HTTPS" "outgoing via 192.168.50.30"
192.168.6.34 - amorgado [08/Aug/2021:02:12:44 -0500] "POST http://149.154.175.50:80/api HTTP/1.1" 200 403 "HTTP" ""
192.168.5.107 - jpuñales [08/Aug/2021:02:12:49 -0500] "CONNECT push.services.mozilla.com:443 HTTP/1.1" 200 0 "HTTPS" "outgoing via 192.168.50.30"
192.168.10.20 - arodriguez [08/Aug/2021:02:13:09 -0500] "CONNECT relay-8897650c.net.anydesk.com:80 HTTP/1.1" 200 0 "HTTPS" "outgoing via 192.168.50.30"
192.168.6.34 - amorgado [08/Aug/2021:02:13:09 -0500] "POST http://149.154.175.50:80/api HTTP/1.1" 200 403 "HTTP" ""
192.168.10.20 - arodriguez [08/Aug/2021:02:13:22 -0500] "CONNECT relay-283e3f4a.net.anydesk.com:80 HTTP/1.1" 200 0 "HTTPS" "outgoing via 192.168.50.30"
192.168.6.34 - amorgado [08/Aug/2021:02:13:34 -0500] "POST http://149.154.175.50:80/api HTTP/1.1" 200 395 "HTTP" ""
192.168.6.34 - amorgado [08/Aug/2021:02:13:34 -0500] "CONNECT 149.154.175.50:443 HTTP/1.1" 200 0 "HTTPS" "outgoing via 192.168.50.30"
192.168.6.34 - amorgado [08/Aug/2021:02:13:35 -0500] "CONNECT 45.142.38.130:9286 HTTP/1.1" 200 0 "HTTPS" "outgoing via 192.168.50.30"
192.168.10.20 - arodriguez [08/Aug/2021:02:13:51 -0500] "CONNECT relay-283e3f4a.net.anydesk.com:80 HTTP/1.1" 200 0 "HTTPS" "outgoing via 192.168.50.30"
192.168.6.34 - amorgado [08/Aug/2021:02:14:00 -0500] "POST http://149.154.175.50:80/api HTTP/1.1" 200 408 "HTTP" ""
192.168.10.20 - arodriguez [08/Aug/2021:02:14:20 -0500] "CONNECT relay-283e3f4a.net.anydesk.com:80 HTTP/1.1" 200 0 "HTTPS" "outgoing via 192.168.50.30"
192.168.6.34 - amorgado [08/Aug/2021:02:14:25 -0500] "POST http://149.154.175.50:80/api HTTP/1.1" 200 395 "HTTP" ""
192.168.10.20 - arodriguez [08/Aug/2021:02:14:34 -0500] "CONNECT relay-2da43234.net.anydesk.com:80 HTTP/1.1" 200 0 "HTTPS" "outgoing via 192.168.50.30"
192.168.50.220 - servidores [08/Aug/2021:02:14:39 -0500] "CONNECT mirrors.fedoraproject.org:443 HTTP/1.1" 200 0 "HTTPS" "outgoing via 192.168.50.30"
192.168.50.220 - servidores [08/Aug/2021:02:14:44 -0500] "CONNECT repo.ius.io:443 HTTP/1.1" 200 0 "HTTPS" "outgoing via 192.168.50.30"
192.168.50.220 - servidores [08/Aug/2021:02:14:46 -0500] "CONNECT download.postgresql.org:443 HTTP/1.1" 200 0 "HTTPS" "outgoing via 192.168.50.30"
192.168.6.34 - amorgado [08/Aug/2021:02:14:50 -0500] "POST http://149.154.175.50:80/api HTTP/1.1" 200 408 "HTTP" ""
192.168.10.20 - arodriguez [08/Aug/2021:02:15:03 -0500] "CONNECT relay-2da43234.net.anydesk.com:80 HTTP/1.1" 200 0 "HTTPS" "outgoing via 192.168.50.30"
192.168.50.220 - servidores [08/Aug/2021:02:15:04 -0500] "CONNECT download.postgresql.org:443 HTTP/1.1" 200 0 "HTTPS" "outgoing via 192.168.50.30"
192.168.50.220 - servidores [08/Aug/2021:02:15:07 -0500] "GET http://mirror.bebout.net/remi/enterprise/7/remi/x86_64/repodata/repomd.xml HTTP/1.1" 200 3530 "HTTP" ""
192.168.50.220 - servidores [08/Aug/2021:02:15:07 -0500] "GET http://mirror.bebout.net/remi/enterprise/7/php72/x86_64/repodata/repomd.xml HTTP/1.1" 200 3517 "HTTP" ""
192.168.50.220 - servidores [08/Aug/2021:02:15:08 -0500] "CONNECT download.rethinkdb.com:443 HTTP/1.1" 200 0 "HTTPS" "outgoing via 192.168.50.30"
192.168.50.220 - servidores [08/Aug/2021:02:15:09 -0500] "GET http://mirror.uepg.br/centos/7.9.2009/extras/x86_64/repodata/repomd.xml HTTP/1.1" 200 3369 "HTTP" ""
192.168.6.34 - amorgado [08/Aug/2021:02:15:15 -0500] "POST http://149.154.175.50:80/api HTTP/1.1" 200 403 "HTTP" ""
192.168.10.20 - arodriguez [08/Aug/2021:02:15:32 -0500] "CONNECT relay-2da43234.net.anydesk.com:80 HTTP/1.1" 200 0 "HTTPS" "outgoing via 192.168.50.30"
192.168.6.34 - amorgado [08/Aug/2021:02:15:40 -0500] "POST http://149.154.175.50:80/api HTTP/1.1" 200 403 "HTTP" ""
192.168.10.20 - arodriguez [08/Aug/2021:02:15:45 -0500] "CONNECT relay-89970c8c.net.anydesk.com:80 HTTP/1.1" 200 0 "HTTPS" "outgoing via 192.168.50.30"
192.168.6.34 - amorgado [08/Aug/2021:02:16:05 -0500] "POST http://149.154.175.50:80/api HTTP/1.1" 200 408 "HTTP" ""
192.168.10.20 - arodriguez [08/Aug/2021:02:16:14 -0500] "CONNECT relay-89970c8c.net.anydesk.com:80 HTTP/1.1" 200 0 "HTTPS" "outgoing via 192.168.50.30"
192.168.6.34 - amorgado [08/Aug/2021:02:16:31 -0500] "POST http://149.154.175.50:80/api HTTP/1.1" 200 395 "HTTP" ""
192.168.5.107 - jpuñales [08/Aug/2021:02:16:41 -0500] "CONNECT safebrowsing.googleapis.com:443 HTTP/1.1" 200 0 "HTTPS" "outgoing via 192.168.50.30"
192.168.10.20 - arodriguez [08/Aug/2021:02:16:43 -0500] "CONNECT relay-89970c8c.net.anydesk.com:80 HTTP/1.1" 200 0 "HTTPS" "outgoing via 192.168.50.30"
192.168.6.34 - amorgado [08/Aug/2021:02:16:56 -0500] "POST http://149.154.175.50:80/api HTTP/1.1" 200 408 "HTTP" ""
192.168.10.20 - arodriguez [08/Aug/2021:02:17:12 -0500] "CONNECT relay-89970c8c.net.anydesk.com:80 HTTP/1.1" 200 0 "HTTPS" "outgoing via 192.168.50.30"
192.168.6.34 - amorgado [08/Aug/2021:02:17:21 -0500] "POST http://149.154.175.50:80/api HTTP/1.1" 200 408 "HTTP" ""
192.168.10.20 - arodriguez [08/Aug/2021:02:17:25 -0500] "CONNECT relay-497b2e35.net.anydesk.com:80 HTTP/1.1" 200 0 "HTTPS" "outgoing via 192.168.50.30"
192.168.6.34 - amorgado [08/Aug/2021:02:17:46 -0500] "POST http://149.154.175.50:80/api HTTP/1.1" 200 395 "HTTP" ""
192.168.10.20 - arodriguez [08/Aug/2021:02:17:54 -0500] "CONNECT relay-497b2e35.net.anydesk.com:80 HTTP/1.1" 200 0 "HTTPS" "outgoing via 192.168.50.30"
192.168.6.34 - amorgado [08/Aug/2021:02:18:11 -0500] "POST http://149.154.175.50:80/api HTTP/1.1" 200 395 "HTTP" ""
192.168.10.20 - arodriguez [08/Aug/2021:02:18:23 -0500] "CONNECT relay-497b2e35.net.anydesk.com:80 HTTP/1.1" 200 0 "HTTPS" "outgoing via 192.168.50.30"
192.168.6.34 - amorgado [08/Aug/2021:02:18:36 -0500] "POST http://149.154.175.50:80/api HTTP/1.1" 200 408 "HTTP" ""
192.168.6.34 - amorgado [08/Aug/2021:02:18:37 -0500] "CONNECT 149.154.175.50:443 HTTP/1.1" 200 0 "HTTPS" "outgoing via 192.168.50.30"
192.168.6.34 - amorgado [08/Aug/2021:02:18:37 -0500] "CONNECT 45.142.38.130:9286 HTTP/1.1" 200 0 "HTTPS" "outgoing via 192.168.50.30"
192.168.10.20 - arodriguez [08/Aug/2021:02:18:52 -0500] "CONNECT relay-497b2e35.net.anydesk.com:80 HTTP/1.1" 200 0 "HTTPS" "outgoing via 192.168.50.30"
192.168.6.34 - amorgado [08/Aug/2021:02:19:02 -0500] "POST http://149.154.175.50:80/api HTTP/1.1" 200 403 "HTTP" ""
192.168.10.20 - arodriguez [08/Aug/2021:02:19:21 -0500] "CONNECT relay-497b2e35.net.anydesk.com:80 HTTP/1.1" 200 0 "HTTPS" "outgoing via 192.168.50.30"
192.168.6.34 - amorgado [08/Aug/2021:02:19:27 -0500] "POST http://149.154.175.50:80/api HTTP/1.1" 200 399 "HTTP" ""
192.168.50.100 - servidores [08/Aug/2021:02:19:50 -0500] "GET http://mirror.facom.ufms.br/centos/7.9.2009/os/x86_64/repodata/repomd.xml HTTP/1.1" 200 4137 "HTTP" ""
192.168.10.20 - arodriguez [08/Aug/2021:02:19:51 -0500] "CONNECT relay-497b2e35.net.anydesk.com:80 HTTP/1.1" 200 0 "HTTPS" "outgoing via 192.168.50.30"
192.168.6.34 - amorgado [08/Aug/2021:02:19:52 -0500] "POST http://149.154.175.50:80/api HTTP/1.1" 200 399 "HTTP" ""
192.168.10.20 - arodriguez [08/Aug/2021:02:20:04 -0500] "CONNECT relay-a54c6d92.net.anydesk.com:80 HTTP/1.1" 200 0 "HTTPS" "outgoing via 192.168.50.30"
192.168.6.34 - amorgado [08/Aug/2021:02:20:17 -0500] "POST http://149.154.175.50:80/api HTTP/1.1" 200 408 "HTTP" ""
192.168.10.20 - arodriguez [08/Aug/2021:02:20:33 -0500] "CONNECT relay-a54c6d92.net.anydesk.com:80 HTTP/1.1" 200 0 "HTTPS" "outgoing via 192.168.50.30"
192.168.6.34 - amorgado [08/Aug/2021:02:20:42 -0500] "POST http://149.154.175.50:80/api HTTP/1.1" 200 408 "HTTP" ""
192.168.10.20 - arodriguez [08/Aug/2021:02:21:02 -0500] "CONNECT relay-a54c6d92.net.anydesk.com:80 HTTP/1.1" 200 0 "HTTPS" "outgoing via 192.168.50.30"
192.168.6.34 - amorgado [08/Aug/2021:02:21:08 -0500] "POST http://149.154.175.50:80/api HTTP/1.1" 200 395 "HTTP" ""
192.168.10.20 - arodriguez [08/Aug/2021:02:21:31 -0500] "CONNECT relay-a54c6d92.net.anydesk.com:80 HTTP/1.1" 200 0 "HTTPS" "outgoing via 192.168.50.30"
192.168.6.34 - amorgado [08/Aug/2021:02:21:33 -0500] "POST http://149.154.175.50:80/api HTTP/1.1" 200 399 "HTTP" ""
192.168.6.34 - amorgado [08/Aug/2021:02:21:58 -0500] "POST http://149.154.175.50:80/api HTTP/1.1" 200 399 "HTTP" ""
192.168.10.20 - arodriguez [08/Aug/2021:02:22:00 -0500] "CONNECT relay-a54c6d92.net.anydesk.com:80 HTTP/1.1" 200 0 "HTTPS" "outgoing via 192.168.50.30"
192.168.6.34 - amorgado [08/Aug/2021:02:22:23 -0500] "POST http://149.154.175.50:80/api HTTP/1.1" 200 395 "HTTP" ""
192.168.10.20 - arodriguez [08/Aug/2021:02:22:29 -0500] "CONNECT relay-a54c6d92.net.anydesk.com:80 HTTP/1.1" 200 0 "HTTPS" "outgoing via 192.168.50.30"
192.168.6.34 - amorgado [08/Aug/2021:02:22:48 -0500] "POST http://149.154.175.50:80/api HTTP/1.1" 200 395 "HTTP" ""
192.168.5.107 - jpuñales [08/Aug/2021:02:22:55 -0500] "CONNECT push.services.mozilla.com:443 HTTP/1.1" 200 0 "HTTPS" "outgoing via 192.168.50.30"
192.168.10.20 - arodriguez [08/Aug/2021:02:22:57 -0500] "CONNECT relay-a54c6d92.net.anydesk.com:80 HTTP/1.1" 200 0 "HTTPS" "outgoing via 192.168.50.30"
192.168.6.34 - amorgado [08/Aug/2021:02:23:14 -0500] "POST http://149.154.175.50:80/api HTTP/1.1" 200 408 "HTTP" ""
192.168.10.20 - arodriguez [08/Aug/2021:02:23:27 -0500] "CONNECT relay-a54c6d92.net.anydesk.com:80 HTTP/1.1" 200 0 "HTTPS" "outgoing via 192.168.50.30"
192.168.6.34 - amorgado [08/Aug/2021:02:23:39 -0500] "POST http://149.154.175.50:80/api HTTP/1.1" 200 403 "HTTP" ""
192.168.6.34 - amorgado [08/Aug/2021:02:23:39 -0500] "CONNECT 149.154.175.50:443 HTTP/1.1" 200 0 "HTTPS" "outgoing via 192.168.50.30"
192.168.6.34 - amorgado [08/Aug/2021:02:23:39 -0500] "CONNECT 45.142.38.130:9286 HTTP/1.1" 200 0 "HTTPS" "outgoing via 192.168.50.30"
192.168.10.20 - arodriguez [08/Aug/2021:02:23:40 -0500] "CONNECT relay-922f66f3.net.anydesk.com:80 HTTP/1.1" 200 0 "HTTPS" "outgoing via 192.168.50.30"
192.168.6.34 - amorgado [08/Aug/2021:02:24:04 -0500] "POST http://149.154.175.50:80/api HTTP/1.1" 200 399 "HTTP" ""
192.168.10.20 - arodriguez [08/Aug/2021:02:24:09 -0500] "CONNECT relay-922f66f3.net.anydesk.com:80 HTTP/1.1" 200 0 "HTTPS" "outgoing via 192.168.50.30"
192.168.6.34 - amorgado [08/Aug/2021:02:24:29 -0500] "POST http://149.154.175.50:80/api HTTP/1.1" 200 395 "HTTP" ""
192.168.10.20 - arodriguez [08/Aug/2021:02:24:38 -0500] "CONNECT relay-922f66f3.net.anydesk.com:80 HTTP/1.1" 200 0 "HTTPS" "outgoing via 192.168.50.30"
192.168.6.34 - amorgado [08/Aug/2021:02:24:54 -0500] "POST http://149.154.175.50:80/api HTTP/1.1" 200 403 "HTTP" ""
192.168.10.20 - arodriguez [08/Aug/2021:02:25:07 -0500] "CONNECT relay-922f66f3.net.anydesk.com:80 HTTP/1.1" 200 0 "HTTPS" "outgoing via 192.168.50.30"
192.168.6.34 - amorgado [08/Aug/2021:02:25:19 -0500] "POST http://149.154.175.50:80/api HTTP/1.1" 200 403 "HTTP" ""
192.168.10.20 - arodriguez [08/Aug/2021:02:25:21 -0500] "CONNECT relay-8897650c.net.anydesk.com:80 HTTP/1.1" 200 0 "HTTPS" "outgoing via 192.168.50.30"
192.168.6.34 - amorgado [08/Aug/2021:02:25:45 -0500] "POST http://149.154.175.50:80/api HTTP/1.1" 200 399 "HTTP" ""
192.168.10.20 - arodriguez [08/Aug/2021:02:25:50 -0500] "CONNECT relay-8897650c.net.anydesk.com:80 HTTP/1.1" 200 0 "HTTPS" "outgoing via 192.168.50.30"
192.168.6.34 - amorgado [08/Aug/2021:02:26:10 -0500] "POST http://149.154.175.50:80/api HTTP/1.1" 200 403 "HTTP" ""
192.168.10.20 - arodriguez [08/Aug/2021:02:26:19 -0500] "CONNECT relay-8897650c.net.anydesk.com:80 HTTP/1.1" 200 0 "HTTPS" "outgoing via 192.168.50.30"
192.168.6.34 - amorgado [08/Aug/2021:02:26:35 -0500] "POST http://149.154.175.50:80/api HTTP/1.1" 200 395 "HTTP" ""
192.168.10.20 - arodriguez [08/Aug/2021:02:26:48 -0500] "CONNECT relay-8897650c.net.anydesk.com:80 HTTP/1.1" 200 0 "HTTPS" "outgoing via 192.168.50.30"
192.168.6.34 - amorgado [08/Aug/2021:02:27:00 -0500] "POST http://149.154.175.50:80/api HTTP/1.1" 200 403 "HTTP" ""
192.168.10.20 - arodriguez [08/Aug/2021:02:27:01 -0500] "CONNECT relay-9ec84ff7.net.anydesk.com:80 HTTP/1.1" 200 0 "HTTPS" "outgoing via 192.168.50.30"
192.168.6.34 - amorgado [08/Aug/2021:02:27:25 -0500] "POST http://149.154.175.50:80/api HTTP/1.1" 200 399 "HTTP" ""
192.168.10.20 - arodriguez [08/Aug/2021:02:27:31 -0500] "CONNECT relay-9ec84ff7.net.anydesk.com:80 HTTP/1.1" 200 0 "HTTPS" "outgoing via 192.168.50.30"
192.168.6.34 - amorgado [08/Aug/2021:02:27:51 -0500] "POST http://149.154.175.50:80/api HTTP/1.1" 200 399 "HTTP" ""
192.168.10.20 - arodriguez [08/Aug/2021:02:27:59 -0500] "CONNECT relay-9ec84ff7.net.anydesk.com:80 HTTP/1.1" 200 0 "HTTPS" "outgoing via 192.168.50.30"
192.168.6.34 - amorgado [08/Aug/2021:02:28:16 -0500] "POST http://149.154.175.50:80/api HTTP/1.1" 200 399 "HTTP" ""
192.168.10.20 - arodriguez [08/Aug/2021:02:28:28 -0500] "CONNECT relay-9ec84ff7.net.anydesk.com:80 HTTP/1.1" 200 0 "HTTPS" "outgoing via 192.168.50.30"
192.168.6.34 - amorgado [08/Aug/2021:02:28:41 -0500] "POST http://149.154.175.50:80/api HTTP/1.1" 200 399 "HTTP" ""
192.168.6.34 - amorgado [08/Aug/2021:02:28:41 -0500] "CONNECT 149.154.175.50:443 HTTP/1.1" 200 0 "HTTPS" "outgoing via 192.168.50.30"
192.168.6.34 - amorgado [08/Aug/2021:02:28:41 -0500] "CONNECT 45.142.38.130:9286 HTTP/1.1" 200 0 "HTTPS" "outgoing via 192.168.50.30"
192.168.10.20 - arodriguez [08/Aug/2021:02:28:42 -0500] "CONNECT relay-bfcb38ab.net.anydesk.com:80 HTTP/1.1" 200 0 "HTTPS" "outgoing via 192.168.50.30"
192.168.6.34 - amorgado [08/Aug/2021:02:29:06 -0500] "POST http://149.154.175.50:80/api HTTP/1.1" 200 403 "HTTP" ""
192.168.10.20 - arodriguez [08/Aug/2021:02:29:11 -0500] "CONNECT relay-bfcb38ab.net.anydesk.com:80 HTTP/1.1" 200 0 "HTTPS" "outgoing via 192.168.50.30"
192.168.6.34 - amorgado [08/Aug/2021:02:29:31 -0500] "POST http://149.154.175.50:80/api HTTP/1.1" 200 395 "HTTP" ""
192.168.10.20 - arodriguez [08/Aug/2021:02:29:39 -0500] "CONNECT relay-bfcb38ab.net.anydesk.com:80 HTTP/1.1" 200 0 "HTTPS" "outgoing via 192.168.50.30"
192.168.6.34 - amorgado [08/Aug/2021:02:29:56 -0500] "POST http://149.154.175.50:80/api HTTP/1.1" 200 408 "HTTP" ""
192.168.10.20 - arodriguez [08/Aug/2021:02:30:08 -0500] "CONNECT relay-bfcb38ab.net.anydesk.com:80 HTTP/1.1" 200 0 "HTTPS" "outgoing via 192.168.50.30"
192.168.6.34 - amorgado [08/Aug/2021:02:30:22 -0500] "POST http://149.154.175.50:80/api HTTP/1.1" 200 403 "HTTP" ""
192.168.6.34 - amorgado [08/Aug/2021:02:30:28 -0500] "CONNECT settings-win.data.microsoft.com:443 HTTP/1.1" 200 0 "HTTPS" "outgoing via 192.168.50.30"
192.168.10.20 - arodriguez [08/Aug/2021:02:30:37 -0500] "CONNECT relay-bfcb38ab.net.anydesk.com:80 HTTP/1.1" 200 0 "HTTPS" "outgoing via 192.168.50.30"
192.168.6.34 - amorgado [08/Aug/2021:02:30:47 -0500] "POST http://149.154.175.50:80/api HTTP/1.1" 200 399 "HTTP" ""
192.168.10.20 - arodriguez [08/Aug/2021:02:30:51 -0500] "CONNECT relay-f6106504.net.anydesk.com:80 HTTP/1.1" 200 0 "HTTPS" "outgoing via 192.168.50.30"
192.168.6.34 - amorgado [08/Aug/2021:02:31:12 -0500] "POST http://149.154.175.50:80/api HTTP/1.1" 200 408 "HTTP" ""
192.168.10.20 - arodriguez [08/Aug/2021:02:31:20 -0500] "CONNECT relay-f6106504.net.anydesk.com:80 HTTP/1.1" 200 0 "HTTPS" "outgoing via 192.168.50.30"
192.168.6.34 - amorgado [08/Aug/2021:02:31:37 -0500] "POST http://149.154.175.50:80/api HTTP/1.1" 200 403 "HTTP" ""
192.168.10.20 - arodriguez [08/Aug/2021:02:31:49 -0500] "CONNECT relay-f6106504.net.anydesk.com:80 HTTP/1.1" 200 0 "HTTPS" "outgoing via 192.168.50.30"
192.168.6.34 - amorgado [08/Aug/2021:02:32:02 -0500] "POST http://149.154.175.50:80/api HTTP/1.1" 200 395 "HTTP" ""
192.168.10.20 - arodriguez [08/Aug/2021:02:32:02 -0500] "CONNECT relay-12d968bc.net.anydesk.com:80 HTTP/1.1" 200 0 "HTTPS" "outgoing via 192.168.50.30"
192.168.6.34 - amorgado [08/Aug/2021:02:32:27 -0500] "POST http://149.154.175.50:80/api HTTP/1.1" 200 399 "HTTP" ""
192.168.10.20 - arodriguez [08/Aug/2021:02:32:31 -0500] "CONNECT relay-12d968bc.net.anydesk.com:80 HTTP/1.1" 200 0 "HTTPS" "outgoing via 192.168.50.30"
192.168.6.34 - amorgado [08/Aug/2021:02:32:53 -0500] "POST http://149.154.175.50:80/api HTTP/1.1" 200 395 "HTTP" ""
192.168.10.20 - arodriguez [08/Aug/2021:02:33:00 -0500] "CONNECT relay-12d968bc.net.anydesk.com:80 HTTP/1.1" 200 0 "HTTPS" "outgoing via 192.168.50.30"
192.168.5.107 - jpuñales [08/Aug/2021:02:33:02 -0500] "CONNECT push.services.mozilla.com:443 HTTP/1.1" 200 0 "HTTPS" "outgoing via 192.168.50.30"
192.168.10.20 - arodriguez [08/Aug/2021:02:33:14 -0500] "CONNECT relay-1c040ae6.net.anydesk.com:80 HTTP/1.1" 200 0 "HTTPS" "outgoing via 192.168.50.30"
192.168.6.34 - amorgado [08/Aug/2021:02:33:18 -0500] "POST http://149.154.175.50:80/api HTTP/1.1" 200 408 "HTTP" ""
