192.168.10.20 - arodriguez [01/Oct/2021:03:12:53 -0500] "CONNECT relay-0767eec0.net.anydesk.com:80 HTTP/1.1" 200 0 "HTTPS" "outgoing via 192.168.50.30"
192.168.5.44 - yperez [01/Oct/2021:03:13:17 -0500] "CONNECT shavar.services.mozilla.com:443 HTTP/1.1" 200 0 "HTTPS" "outgoing via 192.168.50.30"
192.168.10.20 - arodriguez [01/Oct/2021:03:13:22 -0500] "CONNECT relay-0767eec0.net.anydesk.com:80 HTTP/1.1" 200 0 "HTTPS" "outgoing via 192.168.50.30"
192.168.50.50 - servidores [01/Oct/2021:03:13:45 -0500] "CONNECT mirrors.fedoraproject.org:443 HTTP/1.1" 200 0 "HTTPS" "outgoing via 192.168.50.30"
192.168.50.50 - servidores [01/Oct/2021:03:13:46 -0500] "GET http://mirror.team-cymru.com/remi/enterprise/7/remi/x86_64/repodata/repomd.xml HTTP/1.1" 200 3481 "HTTP" ""
192.168.50.50 - servidores [01/Oct/2021:03:13:46 -0500] "GET http://mirror.team-cymru.com/remi/enterprise/7/php56/x86_64/repodata/repomd.xml HTTP/1.1" 200 3469 "HTTP" ""
192.168.50.50 - servidores [01/Oct/2021:03:13:46 -0500] "GET http://mirror.team-cymru.com/remi/enterprise/7/php73/x86_64/repodata/repomd.xml HTTP/1.1" 200 3468 "HTTP" ""
192.168.10.20 - arodriguez [01/Oct/2021:03:13:51 -0500] "CONNECT relay-0767eec0.net.anydesk.com:80 HTTP/1.1" 200 0 "HTTPS" "outgoing via 192.168.50.30"
192.168.10.20 - arodriguez [01/Oct/2021:03:14:04 -0500] "CONNECT relay-5225695d.net.anydesk.com:80 HTTP/1.1" 200 0 "HTTPS" "outgoing via 192.168.50.30"
192.168.50.220 - servidores [01/Oct/2021:03:14:28 -0500] "CONNECT mirrors.fedoraproject.org:443 HTTP/1.1" 200 0 "HTTPS" "outgoing via 192.168.50.30"
192.168.50.220 - servidores [01/Oct/2021:03:14:32 -0500] "GET http://mirror.unimagdalena.edu.co/centos/7.9.2009/os/x86_64/repodata/repomd.xml HTTP/1.1" 200 4254 "HTTP" ""
192.168.10.20 - arodriguez [01/Oct/2021:03:14:33 -0500] "CONNECT relay-5225695d.net.anydesk.com:80 HTTP/1.1" 200 0 "HTTPS" "outgoing via 192.168.50.30"
192.168.50.220 - servidores [01/Oct/2021:03:14:33 -0500] "CONNECT repo.ius.io:443 HTTP/1.1" 200 0 "HTTPS" "outgoing via 192.168.50.30"
192.168.50.220 - servidores [01/Oct/2021:03:14:35 -0500] "CONNECT download.postgresql.org:443 HTTP/1.1" 200 0 "HTTPS" "outgoing via 192.168.50.30"
192.168.50.220 - servidores [01/Oct/2021:03:14:47 -0500] "CONNECT download.postgresql.org:443 HTTP/1.1" 200 0 "HTTPS" "outgoing via 192.168.50.30"
192.168.50.220 - servidores [01/Oct/2021:03:14:50 -0500] "GET http://rpms.remirepo.net/enterprise/7/remi/x86_64/repodata/repomd.xml HTTP/1.1" 200 3501 "HTTP" ""
192.168.50.220 - servidores [01/Oct/2021:03:14:50 -0500] "GET http://rpms.remirepo.net/enterprise/7/php72/x86_64/repodata/repomd.xml HTTP/1.1" 200 3488 "HTTP" ""
192.168.50.220 - servidores [01/Oct/2021:03:14:52 -0500] "CONNECT download.rethinkdb.com:443 HTTP/1.1" 200 0 "HTTPS" "outgoing via 192.168.50.30"
192.168.50.220 - servidores [01/Oct/2021:03:14:52 -0500] "GET http://mirror.unimagdalena.edu.co/centos/7.9.2009/extras/x86_64/repodata/repomd.xml HTTP/1.1" 200 3474 "HTTP" ""
192.168.50.220 - servidores [01/Oct/2021:03:14:56 -0500] "GET http://rpms.remirepo.net/enterprise/7/php72/x86_64/repodata/7d88a4d12fbeb08e537cd968752884d53756e90a514daf866cacfaf343e5b9cf-filelists.sqlite.bz2 HTTP/1.1" 200 176284 "HTTP" ""
192.168.10.20 - arodriguez [01/Oct/2021:03:15:02 -0500] "CONNECT relay-5225695d.net.anydesk.com:80 HTTP/1.1" 200 0 "HTTPS" "outgoing via 192.168.50.30"
192.168.10.20 - arodriguez [01/Oct/2021:03:15:31 -0500] "CONNECT relay-5225695d.net.anydesk.com:80 HTTP/1.1" 200 0 "HTTPS" "outgoing via 192.168.50.30"
192.168.10.20 - arodriguez [01/Oct/2021:03:15:33 -0500] "CONNECT relay-5225695d.net.anydesk.com:443 HTTP/1.1" 200 0 "HTTPS" "outgoing via 192.168.50.30"
192.168.10.20 - arodriguez [01/Oct/2021:03:15:46 -0500] "CONNECT relay-300db5d9.net.anydesk.com:80 HTTP/1.1" 200 0 "HTTPS" "outgoing via 192.168.50.30"
192.168.10.20 - arodriguez [01/Oct/2021:03:16:16 -0500] "CONNECT relay-300db5d9.net.anydesk.com:80 HTTP/1.1" 200 0 "HTTPS" "outgoing via 192.168.50.30"
192.168.50.100 - servidores [01/Oct/2021:03:16:23 -0500] "GET http://mirror.uepg.br/centos/7.9.2009/os/x86_64/repodata/repomd.xml HTTP/1.1" 200 4150 "HTTP" ""
192.168.10.20 - arodriguez [01/Oct/2021:03:16:44 -0500] "CONNECT relay-300db5d9.net.anydesk.com:80 HTTP/1.1" 200 0 "HTTPS" "outgoing via 192.168.50.30"
192.168.10.20 - arodriguez [01/Oct/2021:03:17:14 -0500] "CONNECT relay-300db5d9.net.anydesk.com:80 HTTP/1.1" 200 0 "HTTPS" "outgoing via 192.168.50.30"
192.168.10.20 - arodriguez [01/Oct/2021:03:17:43 -0500] "CONNECT relay-300db5d9.net.anydesk.com:80 HTTP/1.1" 200 0 "HTTPS" "outgoing via 192.168.50.30"
192.168.10.20 - arodriguez [01/Oct/2021:03:18:12 -0500] "CONNECT relay-300db5d9.net.anydesk.com:80 HTTP/1.1" 200 0 "HTTPS" "outgoing via 192.168.50.30"
192.168.10.20 - arodriguez [01/Oct/2021:03:18:25 -0500] "CONNECT relay-5677ec2b.net.anydesk.com:80 HTTP/1.1" 200 0 "HTTPS" "outgoing via 192.168.50.30"
192.168.10.20 - arodriguez [01/Oct/2021:03:18:54 -0500] "CONNECT relay-5677ec2b.net.anydesk.com:80 HTTP/1.1" 200 0 "HTTPS" "outgoing via 192.168.50.30"
192.168.10.20 - arodriguez [01/Oct/2021:03:19:23 -0500] "CONNECT relay-5677ec2b.net.anydesk.com:80 HTTP/1.1" 200 0 "HTTPS" "outgoing via 192.168.50.30"
192.168.10.20 - arodriguez [01/Oct/2021:03:19:52 -0500] "CONNECT relay-5677ec2b.net.anydesk.com:80 HTTP/1.1" 200 0 "HTTPS" "outgoing via 192.168.50.30"
192.168.10.20 - arodriguez [01/Oct/2021:03:20:06 -0500] "CONNECT relay-68658715.net.anydesk.com:80 HTTP/1.1" 200 0 "HTTPS" "outgoing via 192.168.50.30"
192.168.5.44 - yperez [01/Oct/2021:03:20:32 -0500] "CONNECT safebrowsing.googleapis.com:443 HTTP/1.1" 200 0 "HTTPS" "outgoing via 192.168.50.30"
192.168.10.20 - arodriguez [01/Oct/2021:03:20:35 -0500] "CONNECT relay-68658715.net.anydesk.com:80 HTTP/1.1" 200 0 "HTTPS" "outgoing via 192.168.50.30"
192.168.10.20 - arodriguez [01/Oct/2021:03:21:04 -0500] "CONNECT relay-68658715.net.anydesk.com:80 HTTP/1.1" 200 0 "HTTPS" "outgoing via 192.168.50.30"
192.168.10.20 - arodriguez [01/Oct/2021:03:21:18 -0500] "CONNECT relay-30442951.net.anydesk.com:80 HTTP/1.1" 200 0 "HTTPS" "outgoing via 192.168.50.30"
192.168.10.20 - arodriguez [01/Oct/2021:03:21:47 -0500] "CONNECT relay-30442951.net.anydesk.com:80 HTTP/1.1" 200 0 "HTTPS" "outgoing via 192.168.50.30"
192.168.10.20 - arodriguez [01/Oct/2021:03:22:16 -0500] "CONNECT relay-30442951.net.anydesk.com:80 HTTP/1.1" 200 0 "HTTPS" "outgoing via 192.168.50.30"
192.168.10.20 - arodriguez [01/Oct/2021:03:22:29 -0500] "CONNECT relay-53f849aa.net.anydesk.com:80 HTTP/1.1" 200 0 "HTTPS" "outgoing via 192.168.50.30"
192.168.10.20 - arodriguez [01/Oct/2021:03:22:58 -0500] "CONNECT relay-53f849aa.net.anydesk.com:80 HTTP/1.1" 200 0 "HTTPS" "outgoing via 192.168.50.30"
192.168.10.20 - arodriguez [01/Oct/2021:03:23:27 -0500] "CONNECT relay-53f849aa.net.anydesk.com:80 HTTP/1.1" 200 0 "HTTPS" "outgoing via 192.168.50.30"
192.168.10.20 - arodriguez [01/Oct/2021:03:23:40 -0500] "CONNECT relay-e63e1528.net.anydesk.com:80 HTTP/1.1" 200 0 "HTTPS" "outgoing via 192.168.50.30"
192.168.10.20 - arodriguez [01/Oct/2021:03:24:10 -0500] "CONNECT relay-e63e1528.net.anydesk.com:80 HTTP/1.1" 200 0 "HTTPS" "outgoing via 192.168.50.30"
192.168.10.20 - arodriguez [01/Oct/2021:03:24:39 -0500] "CONNECT relay-e63e1528.net.anydesk.com:80 HTTP/1.1" 200 0 "HTTPS" "outgoing via 192.168.50.30"
192.168.5.44 - yperez [01/Oct/2021:03:24:44 -0500] "CONNECT normandy.cdn.mozilla.net:443 HTTP/1.1" 200 0 "HTTPS" "outgoing via 192.168.50.30"
192.168.5.44 - yperez [01/Oct/2021:03:24:45 -0500] "CONNECT classify-client.services.mozilla.com:443 HTTP/1.1" 200 0 "HTTPS" "outgoing via 192.168.50.30"
192.168.5.44 - yperez [01/Oct/2021:03:24:46 -0500] "CONNECT content-signature-2.cdn.mozilla.net:443 HTTP/1.1" 200 0 "HTTPS" "outgoing via 192.168.50.30"
192.168.10.20 - arodriguez [01/Oct/2021:03:24:52 -0500] "CONNECT relay-4e4116c1.net.anydesk.com:80 HTTP/1.1" 200 0 "HTTPS" "outgoing via 192.168.50.30"
192.168.10.20 - arodriguez [01/Oct/2021:03:25:21 -0500] "CONNECT relay-4e4116c1.net.anydesk.com:80 HTTP/1.1" 200 0 "HTTPS" "outgoing via 192.168.50.30"
192.168.10.20 - arodriguez [01/Oct/2021:03:25:50 -0500] "CONNECT relay-4e4116c1.net.anydesk.com:80 HTTP/1.1" 200 0 "HTTPS" "outgoing via 192.168.50.30"
192.168.10.20 - arodriguez [01/Oct/2021:03:25:52 -0500] "CONNECT relay-4e4116c1.net.anydesk.com:443 HTTP/1.1" 200 0 "HTTPS" "outgoing via 192.168.50.30"
192.168.5.44 - yperez [01/Oct/2021:03:27:31 -0500] "CONNECT contile.services.mozilla.com:443 HTTP/1.1" 200 0 "HTTPS" "outgoing via 192.168.50.30"
192.168.10.20 - arodriguez [01/Oct/2021:03:31:06 -0500] "CONNECT relay-4e4116c1.net.anydesk.com:80 HTTP/1.1" 200 0 "HTTPS" "outgoing via 192.168.50.30"
192.168.10.20 - arodriguez [01/Oct/2021:03:31:35 -0500] "CONNECT relay-4e4116c1.net.anydesk.com:80 HTTP/1.1" 200 0 "HTTPS" "outgoing via 192.168.50.30"
192.168.10.20 - arodriguez [01/Oct/2021:03:32:04 -0500] "CONNECT relay-4e4116c1.net.anydesk.com:80 HTTP/1.1" 200 0 "HTTPS" "outgoing via 192.168.50.30"
192.168.10.20 - arodriguez [01/Oct/2021:03:32:18 -0500] "CONNECT relay-5bec465c.net.anydesk.com:80 HTTP/1.1" 200 0 "HTTPS" "outgoing via 192.168.50.30"
192.168.10.20 - arodriguez [01/Oct/2021:03:32:47 -0500] "CONNECT relay-5bec465c.net.anydesk.com:80 HTTP/1.1" 200 0 "HTTPS" "outgoing via 192.168.50.30"
192.168.10.20 - arodriguez [01/Oct/2021:03:33:16 -0500] "CONNECT relay-5bec465c.net.anydesk.com:80 HTTP/1.1" 200 0 "HTTPS" "outgoing via 192.168.50.30"
192.168.10.20 - arodriguez [01/Oct/2021:03:33:29 -0500] "CONNECT relay-82fc4166.net.anydesk.com:80 HTTP/1.1" 200 0 "HTTPS" "outgoing via 192.168.50.30"
192.168.5.44 - yperez [01/Oct/2021:03:33:54 -0500] "CONNECT profile.accounts.firefox.com:443 HTTP/1.1" 200 0 "HTTPS" "outgoing via 192.168.50.30"
192.168.5.44 - yperez [01/Oct/2021:03:33:54 -0500] "CONNECT token.services.mozilla.com:443 HTTP/1.1" 200 0 "HTTPS" "outgoing via 192.168.50.30"
192.168.5.44 - yperez [01/Oct/2021:03:33:55 -0500] "CONNECT api.accounts.firefox.com:443 HTTP/1.1" 200 0 "HTTPS" "outgoing via 192.168.50.30"
192.168.5.44 - yperez [01/Oct/2021:03:33:55 -0500] "CONNECT api.accounts.firefox.com:443 HTTP/1.1" 200 0 "HTTPS" "outgoing via 192.168.50.30"
192.168.5.44 - yperez [01/Oct/2021:03:33:57 -0500] "CONNECT sync-1-us-west1-g.sync.services.mozilla.com:443 HTTP/1.1" 200 0 "HTTPS" "outgoing via 192.168.50.30"
192.168.10.20 - arodriguez [01/Oct/2021:03:33:58 -0500] "CONNECT relay-82fc4166.net.anydesk.com:80 HTTP/1.1" 200 0 "HTTPS" "outgoing via 192.168.50.30"
192.168.10.20 - arodriguez [01/Oct/2021:03:34:27 -0500] "CONNECT relay-82fc4166.net.anydesk.com:80 HTTP/1.1" 200 0 "HTTPS" "outgoing via 192.168.50.30"
192.168.10.20 - arodriguez [01/Oct/2021:03:34:41 -0500] "CONNECT relay-9731a10b.net.anydesk.com:80 HTTP/1.1" 200 0 "HTTPS" "outgoing via 192.168.50.30"
192.168.10.20 - arodriguez [01/Oct/2021:03:35:10 -0500] "CONNECT relay-9731a10b.net.anydesk.com:80 HTTP/1.1" 200 0 "HTTPS" "outgoing via 192.168.50.30"
192.168.10.20 - arodriguez [01/Oct/2021:03:35:39 -0500] "CONNECT relay-9731a10b.net.anydesk.com:80 HTTP/1.1" 200 0 "HTTPS" "outgoing via 192.168.50.30"
192.168.10.20 - arodriguez [01/Oct/2021:03:35:53 -0500] "CONNECT relay-30442951.net.anydesk.com:80 HTTP/1.1" 200 0 "HTTPS" "outgoing via 192.168.50.30"
192.168.10.20 - arodriguez [01/Oct/2021:03:36:21 -0500] "CONNECT relay-30442951.net.anydesk.com:80 HTTP/1.1" 200 0 "HTTPS" "outgoing via 192.168.50.30"
192.168.10.20 - arodriguez [01/Oct/2021:03:36:50 -0500] "CONNECT relay-30442951.net.anydesk.com:80 HTTP/1.1" 200 0 "HTTPS" "outgoing via 192.168.50.30"
192.168.10.20 - arodriguez [01/Oct/2021:03:37:04 -0500] "CONNECT relay-5677ec2b.net.anydesk.com:80 HTTP/1.1" 200 0 "HTTPS" "outgoing via 192.168.50.30"
192.168.10.20 - arodriguez [01/Oct/2021:03:37:33 -0500] "CONNECT relay-5677ec2b.net.anydesk.com:80 HTTP/1.1" 200 0 "HTTPS" "outgoing via 192.168.50.30"
192.168.10.20 - arodriguez [01/Oct/2021:03:38:02 -0500] "CONNECT relay-5677ec2b.net.anydesk.com:80 HTTP/1.1" 200 0 "HTTPS" "outgoing via 192.168.50.30"
192.168.10.20 - arodriguez [01/Oct/2021:03:38:31 -0500] "CONNECT relay-5677ec2b.net.anydesk.com:80 HTTP/1.1" 200 0 "HTTPS" "outgoing via 192.168.50.30"
192.168.10.20 - arodriguez [01/Oct/2021:03:38:44 -0500] "CONNECT relay-0836dbef.net.anydesk.com:80 HTTP/1.1" 200 0 "HTTPS" "outgoing via 192.168.50.30"
192.168.10.20 - arodriguez [01/Oct/2021:03:39:13 -0500] "CONNECT relay-0836dbef.net.anydesk.com:80 HTTP/1.1" 200 0 "HTTPS" "outgoing via 192.168.50.30"
192.168.10.20 - arodriguez [01/Oct/2021:03:39:42 -0500] "CONNECT relay-0836dbef.net.anydesk.com:80 HTTP/1.1" 200 0 "HTTPS" "outgoing via 192.168.50.30"
192.168.10.20 - arodriguez [01/Oct/2021:03:39:56 -0500] "CONNECT relay-bfb5e868.net.anydesk.com:80 HTTP/1.1" 200 0 "HTTPS" "outgoing via 192.168.50.30"
192.168.10.20 - arodriguez [01/Oct/2021:03:40:25 -0500] "CONNECT relay-bfb5e868.net.anydesk.com:80 HTTP/1.1" 200 0 "HTTPS" "outgoing via 192.168.50.30"
192.168.10.20 - arodriguez [01/Oct/2021:03:40:54 -0500] "CONNECT relay-bfb5e868.net.anydesk.com:80 HTTP/1.1" 200 0 "HTTPS" "outgoing via 192.168.50.30"
192.168.10.20 - arodriguez [01/Oct/2021:03:41:08 -0500] "CONNECT relay-4e4116c1.net.anydesk.com:80 HTTP/1.1" 200 0 "HTTPS" "outgoing via 192.168.50.30"
192.168.10.20 - arodriguez [01/Oct/2021:03:41:37 -0500] "CONNECT relay-4e4116c1.net.anydesk.com:80 HTTP/1.1" 200 0 "HTTPS" "outgoing via 192.168.50.30"
192.168.10.20 - arodriguez [01/Oct/2021:03:42:06 -0500] "CONNECT relay-4e4116c1.net.anydesk.com:80 HTTP/1.1" 200 0 "HTTPS" "outgoing via 192.168.50.30"
192.168.5.44 - yperez [01/Oct/2021:03:42:32 -0500] "CONNECT contile.services.mozilla.com:443 HTTP/1.1" 200 0 "HTTPS" "outgoing via 192.168.50.30"
192.168.10.20 - arodriguez [01/Oct/2021:03:42:35 -0500] "CONNECT relay-4e4116c1.net.anydesk.com:80 HTTP/1.1" 200 0 "HTTPS" "outgoing via 192.168.50.30"
192.168.10.20 - arodriguez [01/Oct/2021:03:43:05 -0500] "CONNECT relay-4e4116c1.net.anydesk.com:80 HTTP/1.1" 200 0 "HTTPS" "outgoing via 192.168.50.30"
192.168.10.20 - arodriguez [01/Oct/2021:03:43:34 -0500] "CONNECT relay-4e4116c1.net.anydesk.com:80 HTTP/1.1" 200 0 "HTTPS" "outgoing via 192.168.50.30"
192.168.10.20 - arodriguez [01/Oct/2021:03:43:47 -0500] "CONNECT relay-ce1fc904.net.anydesk.com:80 HTTP/1.1" 200 0 "HTTPS" "outgoing via 192.168.50.30"
192.168.10.20 - arodriguez [01/Oct/2021:03:44:16 -0500] "CONNECT relay-ce1fc904.net.anydesk.com:80 HTTP/1.1" 200 0 "HTTPS" "outgoing via 192.168.50.30"
192.168.10.20 - arodriguez [01/Oct/2021:03:44:45 -0500] "CONNECT relay-ce1fc904.net.anydesk.com:80 HTTP/1.1" 200 0 "HTTPS" "outgoing via 192.168.50.30"
192.168.10.20 - arodriguez [01/Oct/2021:03:45:14 -0500] "CONNECT relay-ce1fc904.net.anydesk.com:80 HTTP/1.1" 200 0 "HTTPS" "outgoing via 192.168.50.30"
192.168.10.20 - arodriguez [01/Oct/2021:03:45:43 -0500] "CONNECT relay-ce1fc904.net.anydesk.com:80 HTTP/1.1" 200 0 "HTTPS" "outgoing via 192.168.50.30"
192.168.10.20 - arodriguez [01/Oct/2021:03:45:57 -0500] "CONNECT relay-11a3886a.net.anydesk.com:80 HTTP/1.1" 200 0 "HTTPS" "outgoing via 192.168.50.30"
192.168.10.20 - arodriguez [01/Oct/2021:03:46:26 -0500] "CONNECT relay-11a3886a.net.anydesk.com:80 HTTP/1.1" 200 0 "HTTPS" "outgoing via 192.168.50.30"
192.168.10.20 - arodriguez [01/Oct/2021:03:46:55 -0500] "CONNECT relay-11a3886a.net.anydesk.com:80 HTTP/1.1" 200 0 "HTTPS" "outgoing via 192.168.50.30"
192.168.10.20 - arodriguez [01/Oct/2021:03:47:24 -0500] "CONNECT relay-11a3886a.net.anydesk.com:80 HTTP/1.1" 200 0 "HTTPS" "outgoing via 192.168.50.30"
192.168.10.20 - arodriguez [01/Oct/2021:03:47:53 -0500] "CONNECT relay-11a3886a.net.anydesk.com:80 HTTP/1.1" 200 0 "HTTPS" "outgoing via 192.168.50.30"
192.168.10.20 - arodriguez [01/Oct/2021:03:48:22 -0500] "CONNECT relay-11a3886a.net.anydesk.com:80 HTTP/1.1" 200 0 "HTTPS" "outgoing via 192.168.50.30"
192.168.10.20 - arodriguez [01/Oct/2021:03:48:51 -0500] "CONNECT relay-11a3886a.net.anydesk.com:80 HTTP/1.1" 200 0 "HTTPS" "outgoing via 192.168.50.30"
192.168.10.20 - arodriguez [01/Oct/2021:03:49:04 -0500] "CONNECT relay-9731a10b.net.anydesk.com:80 HTTP/1.1" 200 0 "HTTPS" "outgoing via 192.168.50.30"
192.168.10.20 - arodriguez [01/Oct/2021:03:49:33 -0500] "CONNECT relay-9731a10b.net.anydesk.com:80 HTTP/1.1" 200 0 "HTTPS" "outgoing via 192.168.50.30"
192.168.10.20 - arodriguez [01/Oct/2021:03:50:02 -0500] "CONNECT relay-9731a10b.net.anydesk.com:80 HTTP/1.1" 200 0 "HTTPS" "outgoing via 192.168.50.30"
192.168.5.44 - yperez [01/Oct/2021:03:50:14 -0500] "CONNECT safebrowsing.googleapis.com:443 HTTP/1.1" 200 0 "HTTPS" "outgoing via 192.168.50.30"
192.168.10.20 - arodriguez [01/Oct/2021:03:50:16 -0500] "CONNECT relay-283e3f4a.net.anydesk.com:80 HTTP/1.1" 200 0 "HTTPS" "outgoing via 192.168.50.30"
192.168.10.20 - arodriguez [01/Oct/2021:03:50:45 -0500] "CONNECT relay-283e3f4a.net.anydesk.com:80 HTTP/1.1" 200 0 "HTTPS" "outgoing via 192.168.50.30"
192.168.10.20 - arodriguez [01/Oct/2021:03:51:14 -0500] "CONNECT relay-283e3f4a.net.anydesk.com:80 HTTP/1.1" 200 0 "HTTPS" "outgoing via 192.168.50.30"
192.168.10.20 - arodriguez [01/Oct/2021:03:51:43 -0500] "CONNECT relay-283e3f4a.net.anydesk.com:80 HTTP/1.1" 200 0 "HTTPS" "outgoing via 192.168.50.30"
192.168.10.20 - arodriguez [01/Oct/2021:03:51:57 -0500] "CONNECT relay-4e4116c1.net.anydesk.com:80 HTTP/1.1" 200 0 "HTTPS" "outgoing via 192.168.50.30"
192.168.10.20 - arodriguez [01/Oct/2021:03:52:26 -0500] "CONNECT relay-4e4116c1.net.anydesk.com:80 HTTP/1.1" 200 0 "HTTPS" "outgoing via 192.168.50.30"
192.168.10.20 - arodriguez [01/Oct/2021:03:52:55 -0500] "CONNECT relay-4e4116c1.net.anydesk.com:80 HTTP/1.1" 200 0 "HTTPS" "outgoing via 192.168.50.30"
192.168.10.20 - arodriguez [01/Oct/2021:03:53:23 -0500] "CONNECT relay-4e4116c1.net.anydesk.com:80 HTTP/1.1" 200 0 "HTTPS" "outgoing via 192.168.50.30"
192.168.10.20 - arodriguez [01/Oct/2021:03:53:37 -0500] "CONNECT relay-ce1fc904.net.anydesk.com:80 HTTP/1.1" 200 0 "HTTPS" "outgoing via 192.168.50.30"
192.168.10.20 - arodriguez [01/Oct/2021:03:54:06 -0500] "CONNECT relay-ce1fc904.net.anydesk.com:80 HTTP/1.1" 200 0 "HTTPS" "outgoing via 192.168.50.30"
192.168.10.20 - arodriguez [01/Oct/2021:03:54:35 -0500] "CONNECT relay-ce1fc904.net.anydesk.com:80 HTTP/1.1" 200 0 "HTTPS" "outgoing via 192.168.50.30"
192.168.10.20 - arodriguez [01/Oct/2021:03:55:03 -0500] "CONNECT relay-ce1fc904.net.anydesk.com:80 HTTP/1.1" 200 0 "HTTPS" "outgoing via 192.168.50.30"
192.168.10.20 - arodriguez [01/Oct/2021:03:55:32 -0500] "CONNECT relay-ce1fc904.net.anydesk.com:80 HTTP/1.1" 200 0 "HTTPS" "outgoing via 192.168.50.30"
192.168.10.20 - arodriguez [01/Oct/2021:03:55:34 -0500] "CONNECT relay-ce1fc904.net.anydesk.com:443 HTTP/1.1" 200 0 "HTTPS" "outgoing via 192.168.50.30"
192.168.50.8 - arodriguez [01/Oct/2021:03:55:43 -0500] "HEAD http://update.eset.com/eset_eval/update.ver HTTP/1.1" 200 384 "HTTP" ""
192.168.10.20 - arodriguez [01/Oct/2021:03:55:48 -0500] "CONNECT relay-f9f6c937.net.anydesk.com:80 HTTP/1.1" 200 0 "HTTPS" "outgoing via 192.168.50.30"
192.168.50.8 - arodriguez [01/Oct/2021:03:55:54 -0500] "GET http://update.eset.com/eset_eval/update.ver HTTP/1.1" 200 118235 "HTTP" ""
192.168.50.8 - arodriguez [01/Oct/2021:03:55:54 -0500] "HEAD http://update.eset.com/v3-eval-sta/mod_002_engine_51011/em002_32_l2.nup HTTP/1.1" 200 377 "HTTP" ""
192.168.10.20 - arodriguez [01/Oct/2021:03:56:17 -0500] "CONNECT relay-f9f6c937.net.anydesk.com:80 HTTP/1.1" 200 0 "HTTPS" "outgoing via 192.168.50.30"
192.168.10.20 - arodriguez [01/Oct/2021:03:56:46 -0500] "CONNECT relay-f9f6c937.net.anydesk.com:80 HTTP/1.1" 200 0 "HTTPS" "outgoing via 192.168.50.30"
192.168.10.20 - arodriguez [01/Oct/2021:03:57:15 -0500] "CONNECT relay-f9f6c937.net.anydesk.com:80 HTTP/1.1" 200 0 "HTTPS" "outgoing via 192.168.50.30"
192.168.5.44 - yperez [01/Oct/2021:03:57:32 -0500] "CONNECT contile.services.mozilla.com:443 HTTP/1.1" 200 0 "HTTPS" "outgoing via 192.168.50.30"
192.168.10.20 - arodriguez [01/Oct/2021:03:57:44 -0500] "CONNECT relay-f9f6c937.net.anydesk.com:80 HTTP/1.1" 200 0 "HTTPS" "outgoing via 192.168.50.30"
192.168.10.20 - arodriguez [01/Oct/2021:03:58:13 -0500] "CONNECT relay-f9f6c937.net.anydesk.com:80 HTTP/1.1" 200 0 "HTTPS" "outgoing via 192.168.50.30"
192.168.10.20 - arodriguez [01/Oct/2021:03:58:42 -0500] "CONNECT relay-f9f6c937.net.anydesk.com:80 HTTP/1.1" 200 0 "HTTPS" "outgoing via 192.168.50.30"
192.168.10.20 - arodriguez [01/Oct/2021:03:59:11 -0500] "CONNECT relay-f9f6c937.net.anydesk.com:80 HTTP/1.1" 200 0 "HTTPS" "outgoing via 192.168.50.30"
192.168.10.20 - arodriguez [01/Oct/2021:03:59:40 -0500] "CONNECT relay-f9f6c937.net.anydesk.com:80 HTTP/1.1" 200 0 "HTTPS" "outgoing via 192.168.50.30"
192.168.10.20 - arodriguez [01/Oct/2021:03:59:53 -0500] "CONNECT relay-717265af.net.anydesk.com:80 HTTP/1.1" 200 0 "HTTPS" "outgoing via 192.168.50.30"
192.168.10.20 - arodriguez [01/Oct/2021:04:00:22 -0500] "CONNECT relay-717265af.net.anydesk.com:80 HTTP/1.1" 200 0 "HTTPS" "outgoing via 192.168.50.30"
192.168.10.20 - arodriguez [01/Oct/2021:04:00:51 -0500] "CONNECT relay-717265af.net.anydesk.com:80 HTTP/1.1" 200 0 "HTTPS" "outgoing via 192.168.50.30"
192.168.10.20 - arodriguez [01/Oct/2021:04:01:20 -0500] "CONNECT relay-717265af.net.anydesk.com:80 HTTP/1.1" 200 0 "HTTPS" "outgoing via 192.168.50.30"
192.168.10.20 - arodriguez [01/Oct/2021:04:01:34 -0500] "CONNECT relay-5677ec2b.net.anydesk.com:80 HTTP/1.1" 200 0 "HTTPS" "outgoing via 192.168.50.30"
192.168.10.20 - arodriguez [01/Oct/2021:04:02:03 -0500] "CONNECT relay-5677ec2b.net.anydesk.com:80 HTTP/1.1" 200 0 "HTTPS" "outgoing via 192.168.50.30"
192.168.10.20 - arodriguez [01/Oct/2021:04:02:32 -0500] "CONNECT relay-5677ec2b.net.anydesk.com:80 HTTP/1.1" 200 0 "HTTPS" "outgoing via 192.168.50.30"
192.168.10.20 - arodriguez [01/Oct/2021:04:02:45 -0500] "CONNECT relay-f9f6c937.net.anydesk.com:80 HTTP/1.1" 200 0 "HTTPS" "outgoing via 192.168.50.30"
192.168.10.20 - arodriguez [01/Oct/2021:04:03:14 -0500] "CONNECT relay-f9f6c937.net.anydesk.com:80 HTTP/1.1" 200 0 "HTTPS" "outgoing via 192.168.50.30"
192.168.10.20 - arodriguez [01/Oct/2021:04:03:43 -0500] "CONNECT relay-f9f6c937.net.anydesk.com:80 HTTP/1.1" 200 0 "HTTPS" "outgoing via 192.168.50.30"
192.168.10.20 - arodriguez [01/Oct/2021:04:04:12 -0500] "CONNECT relay-f9f6c937.net.anydesk.com:80 HTTP/1.1" 200 0 "HTTPS" "outgoing via 192.168.50.30"
192.168.10.20 - arodriguez [01/Oct/2021:04:04:41 -0500] "CONNECT relay-f9f6c937.net.anydesk.com:80 HTTP/1.1" 200 0 "HTTPS" "outgoing via 192.168.50.30"
192.168.10.20 - arodriguez [01/Oct/2021:04:05:10 -0500] "CONNECT relay-f9f6c937.net.anydesk.com:80 HTTP/1.1" 200 0 "HTTPS" "outgoing via 192.168.50.30"
192.168.10.20 - arodriguez [01/Oct/2021:04:05:39 -0500] "CONNECT relay-f9f6c937.net.anydesk.com:80 HTTP/1.1" 200 0 "HTTPS" "outgoing via 192.168.50.30"
192.168.10.20 - arodriguez [01/Oct/2021:04:05:52 -0500] "CONNECT relay-5677ec2b.net.anydesk.com:80 HTTP/1.1" 200 0 "HTTPS" "outgoing via 192.168.50.30"
192.168.10.20 - arodriguez [01/Oct/2021:04:06:21 -0500] "CONNECT relay-5677ec2b.net.anydesk.com:80 HTTP/1.1" 200 0 "HTTPS" "outgoing via 192.168.50.30"
192.168.10.20 - arodriguez [01/Oct/2021:04:06:50 -0500] "CONNECT relay-5677ec2b.net.anydesk.com:80 HTTP/1.1" 200 0 "HTTPS" "outgoing via 192.168.50.30"
192.168.10.20 - arodriguez [01/Oct/2021:04:07:19 -0500] "CONNECT relay-5677ec2b.net.anydesk.com:80 HTTP/1.1" 200 0 "HTTPS" "outgoing via 192.168.50.30"
192.168.10.20 - arodriguez [01/Oct/2021:04:07:48 -0500] "CONNECT relay-5677ec2b.net.anydesk.com:80 HTTP/1.1" 200 0 "HTTPS" "outgoing via 192.168.50.30"
192.168.10.20 - arodriguez [01/Oct/2021:04:08:02 -0500] "CONNECT relay-300db5d9.net.anydesk.com:80 HTTP/1.1" 200 0 "HTTPS" "outgoing via 192.168.50.30"
192.168.10.20 - arodriguez [01/Oct/2021:04:08:31 -0500] "CONNECT relay-300db5d9.net.anydesk.com:80 HTTP/1.1" 200 0 "HTTPS" "outgoing via 192.168.50.30"
192.168.10.20 - arodriguez [01/Oct/2021:04:09:00 -0500] "CONNECT relay-300db5d9.net.anydesk.com:80 HTTP/1.1" 200 0 "HTTPS" "outgoing via 192.168.50.30"
192.168.10.20 - arodriguez [01/Oct/2021:04:09:13 -0500] "CONNECT relay-0836dbef.net.anydesk.com:80 HTTP/1.1" 200 0 "HTTPS" "outgoing via 192.168.50.30"
192.168.10.20 - arodriguez [01/Oct/2021:04:09:42 -0500] "CONNECT relay-0836dbef.net.anydesk.com:80 HTTP/1.1" 200 0 "HTTPS" "outgoing via 192.168.50.30"
192.168.10.20 - arodriguez [01/Oct/2021:04:10:11 -0500] "CONNECT relay-0836dbef.net.anydesk.com:80 HTTP/1.1" 200 0 "HTTPS" "outgoing via 192.168.50.30"
192.168.10.20 - arodriguez [01/Oct/2021:04:10:25 -0500] "CONNECT relay-5225695d.net.anydesk.com:80 HTTP/1.1" 200 0 "HTTPS" "outgoing via 192.168.50.30"
192.168.10.20 - arodriguez [01/Oct/2021:04:10:54 -0500] "CONNECT relay-5225695d.net.anydesk.com:80 HTTP/1.1" 200 0 "HTTPS" "outgoing via 192.168.50.30"
192.168.10.20 - arodriguez [01/Oct/2021:04:11:23 -0500] "CONNECT relay-5225695d.net.anydesk.com:80 HTTP/1.1" 200 0 "HTTPS" "outgoing via 192.168.50.30"
192.168.10.20 - arodriguez [01/Oct/2021:04:11:36 -0500] "CONNECT relay-717265af.net.anydesk.com:80 HTTP/1.1" 200 0 "HTTPS" "outgoing via 192.168.50.30"
192.168.10.20 - arodriguez [01/Oct/2021:04:12:05 -0500] "CONNECT relay-717265af.net.anydesk.com:80 HTTP/1.1" 200 0 "HTTPS" "outgoing via 192.168.50.30"
192.168.5.44 - yperez [01/Oct/2021:04:12:32 -0500] "CONNECT contile.services.mozilla.com:443 HTTP/1.1" 200 0 "HTTPS" "outgoing via 192.168.50.30"
192.168.10.20 - arodriguez [01/Oct/2021:04:12:34 -0500] "CONNECT relay-717265af.net.anydesk.com:80 HTTP/1.1" 200 0 "HTTPS" "outgoing via 192.168.50.30"
192.168.10.20 - arodriguez [01/Oct/2021:04:12:47 -0500] "CONNECT relay-5225695d.net.anydesk.com:80 HTTP/1.1" 200 0 "HTTPS" "outgoing via 192.168.50.30"
192.168.10.20 - arodriguez [01/Oct/2021:04:13:16 -0500] "CONNECT relay-5225695d.net.anydesk.com:80 HTTP/1.1" 200 0 "HTTPS" "outgoing via 192.168.50.30"
192.168.10.20 - arodriguez [01/Oct/2021:04:13:45 -0500] "CONNECT relay-5225695d.net.anydesk.com:80 HTTP/1.1" 200 0 "HTTPS" "outgoing via 192.168.50.30"
192.168.10.20 - arodriguez [01/Oct/2021:04:13:59 -0500] "CONNECT relay-8897650c.net.anydesk.com:80 HTTP/1.1" 200 0 "HTTPS" "outgoing via 192.168.50.30"
192.168.10.20 - arodriguez [01/Oct/2021:04:14:28 -0500] "CONNECT relay-8897650c.net.anydesk.com:80 HTTP/1.1" 200 0 "HTTPS" "outgoing via 192.168.50.30"
192.168.10.20 - arodriguez [01/Oct/2021:04:14:57 -0500] "CONNECT relay-8897650c.net.anydesk.com:80 HTTP/1.1" 200 0 "HTTPS" "outgoing via 192.168.50.30"
192.168.10.20 - arodriguez [01/Oct/2021:04:15:10 -0500] "CONNECT relay-e63e1528.net.anydesk.com:80 HTTP/1.1" 200 0 "HTTPS" "outgoing via 192.168.50.30"
192.168.10.20 - arodriguez [01/Oct/2021:04:15:39 -0500] "CONNECT relay-e63e1528.net.anydesk.com:80 HTTP/1.1" 200 0 "HTTPS" "outgoing via 192.168.50.30"
192.168.50.220 - servidores [01/Oct/2021:04:16:07 -0500] "CONNECT mirrors.fedoraproject.org:443 HTTP/1.1" 200 0 "HTTPS" "outgoing via 192.168.50.30"
192.168.10.20 - arodriguez [01/Oct/2021:04:16:09 -0500] "CONNECT relay-e63e1528.net.anydesk.com:80 HTTP/1.1" 200 0 "HTTPS" "outgoing via 192.168.50.30"
192.168.50.220 - servidores [01/Oct/2021:04:16:11 -0500] "GET http://mirror.unimagdalena.edu.co/centos/7.9.2009/os/x86_64/repodata/repomd.xml HTTP/1.1" 200 4254 "HTTP" ""
192.168.50.100 - servidores [01/Oct/2021:04:16:12 -0500] "GET http://mirror.uepg.br/centos/7.9.2009/os/x86_64/repodata/repomd.xml HTTP/1.1" 200 4150 "HTTP" ""
192.168.50.220 - servidores [01/Oct/2021:04:16:16 -0500] "CONNECT repo.ius.io:443 HTTP/1.1" 200 0 "HTTPS" "outgoing via 192.168.50.30"
192.168.50.220 - servidores [01/Oct/2021:04:16:18 -0500] "CONNECT download.postgresql.org:443 HTTP/1.1" 200 0 "HTTPS" "outgoing via 192.168.50.30"
192.168.10.20 - arodriguez [01/Oct/2021:04:16:22 -0500] "CONNECT relay-0767eec0.net.anydesk.com:80 HTTP/1.1" 200 0 "HTTPS" "outgoing via 192.168.50.30"
192.168.50.220 - servidores [01/Oct/2021:04:16:38 -0500] "CONNECT download.postgresql.org:443 HTTP/1.1" 200 0 "HTTPS" "outgoing via 192.168.50.30"
192.168.50.220 - servidores [01/Oct/2021:04:16:41 -0500] "GET http://repo1.dal.innoscale.net/remi/enterprise/7/remi/x86_64/repodata/repomd.xml HTTP/1.1" 200 3487 "HTTP" ""
192.168.50.220 - servidores [01/Oct/2021:04:16:41 -0500] "GET http://repo1.dal.innoscale.net/remi/enterprise/7/php72/x86_64/repodata/repomd.xml HTTP/1.1" 200 3474 "HTTP" ""
192.168.50.220 - servidores [01/Oct/2021:04:16:43 -0500] "CONNECT download.rethinkdb.com:443 HTTP/1.1" 200 0 "HTTPS" "outgoing via 192.168.50.30"
192.168.50.220 - servidores [01/Oct/2021:04:16:43 -0500] "GET http://mirror.unimagdalena.edu.co/centos/7.9.2009/extras/x86_64/repodata/repomd.xml HTTP/1.1" 200 3474 "HTTP" ""
192.168.10.20 - arodriguez [01/Oct/2021:04:16:51 -0500] "CONNECT relay-0767eec0.net.anydesk.com:80 HTTP/1.1" 200 0 "HTTPS" "outgoing via 192.168.50.30"
192.168.10.20 - arodriguez [01/Oct/2021:04:17:21 -0500] "CONNECT relay-0767eec0.net.anydesk.com:80 HTTP/1.1" 200 0 "HTTPS" "outgoing via 192.168.50.30"
192.168.10.20 - arodriguez [01/Oct/2021:04:17:34 -0500] "CONNECT relay-fc02a442.net.anydesk.com:80 HTTP/1.1" 200 0 "HTTPS" "outgoing via 192.168.50.30"
192.168.10.20 - arodriguez [01/Oct/2021:04:18:03 -0500] "CONNECT relay-fc02a442.net.anydesk.com:80 HTTP/1.1" 200 0 "HTTPS" "outgoing via 192.168.50.30"
192.168.50.50 - servidores [01/Oct/2021:04:18:13 -0500] "CONNECT mirrors.fedoraproject.org:443 HTTP/1.1" 200 0 "HTTPS" "outgoing via 192.168.50.30"
192.168.50.50 - servidores [01/Oct/2021:04:18:14 -0500] "GET http://mirrorlist.centos.org/?release=7&arch=x86_64&repo=os&infra=stock HTTP/1.1" 200 970 "HTTP" ""
192.168.50.50 - servidores [01/Oct/2021:04:18:14 -0500] "GET http://rpms.remirepo.net/enterprise/7/remi/mirror HTTP/1.1" 200 4157 "HTTP" ""
192.168.50.50 - servidores [01/Oct/2021:04:18:18 -0500] "GET http://centos.itsbrasil.net/7.9.2009/os/x86_64/repodata/repomd.xml HTTP/1.1" 200 4077 "HTTP" ""
192.168.50.50 - servidores [01/Oct/2021:04:18:19 -0500] "GET http://mirror.team-cymru.com/remi/enterprise/7/remi/x86_64/repodata/repomd.xml HTTP/1.1" 200 3481 "HTTP" ""
192.168.50.50 - servidores [01/Oct/2021:04:18:19 -0500] "GET http://mirror.team-cymru.com/remi/enterprise/7/php56/x86_64/repodata/repomd.xml HTTP/1.1" 200 3469 "HTTP" ""
192.168.50.50 - servidores [01/Oct/2021:04:18:19 -0500] "GET http://mirror.team-cymru.com/remi/enterprise/7/php73/x86_64/repodata/repomd.xml HTTP/1.1" 200 3469 "HTTP" ""
192.168.10.20 - arodriguez [01/Oct/2021:04:18:32 -0500] "CONNECT relay-fc02a442.net.anydesk.com:80 HTTP/1.1" 200 0 "HTTPS" "outgoing via 192.168.50.30"
192.168.10.20 - arodriguez [01/Oct/2021:04:19:01 -0500] "CONNECT relay-fc02a442.net.anydesk.com:80 HTTP/1.1" 200 0 "HTTPS" "outgoing via 192.168.50.30"
192.168.10.20 - arodriguez [01/Oct/2021:04:19:30 -0500] "CONNECT relay-fc02a442.net.anydesk.com:80 HTTP/1.1" 200 0 "HTTPS" "outgoing via 192.168.50.30"
192.168.10.20 - arodriguez [01/Oct/2021:04:19:44 -0500] "CONNECT relay-9731a10b.net.anydesk.com:80 HTTP/1.1" 200 0 "HTTPS" "outgoing via 192.168.50.30"
192.168.5.44 - yperez [01/Oct/2021:04:20:04 -0500] "CONNECT safebrowsing.googleapis.com:443 HTTP/1.1" 200 0 "HTTPS" "outgoing via 192.168.50.30"
192.168.10.20 - arodriguez [01/Oct/2021:04:20:12 -0500] "CONNECT relay-9731a10b.net.anydesk.com:80 HTTP/1.1" 200 0 "HTTPS" "outgoing via 192.168.50.30"
192.168.10.20 - arodriguez [01/Oct/2021:04:20:41 -0500] "CONNECT relay-9731a10b.net.anydesk.com:80 HTTP/1.1" 200 0 "HTTPS" "outgoing via 192.168.50.30"
192.168.10.20 - arodriguez [01/Oct/2021:04:20:55 -0500] "CONNECT relay-cd090624.net.anydesk.com:80 HTTP/1.1" 200 0 "HTTPS" "outgoing via 192.168.50.30"
192.168.10.20 - arodriguez [01/Oct/2021:04:21:24 -0500] "CONNECT relay-cd090624.net.anydesk.com:80 HTTP/1.1" 200 0 "HTTPS" "outgoing via 192.168.50.30"
192.168.10.20 - arodriguez [01/Oct/2021:04:21:53 -0500] "CONNECT relay-cd090624.net.anydesk.com:80 HTTP/1.1" 200 0 "HTTPS" "outgoing via 192.168.50.30"
192.168.10.20 - arodriguez [01/Oct/2021:04:22:22 -0500] "CONNECT relay-cd090624.net.anydesk.com:80 HTTP/1.1" 200 0 "HTTPS" "outgoing via 192.168.50.30"
192.168.10.20 - arodriguez [01/Oct/2021:04:22:51 -0500] "CONNECT relay-cd090624.net.anydesk.com:80 HTTP/1.1" 200 0 "HTTPS" "outgoing via 192.168.50.30"
192.168.10.20 - arodriguez [01/Oct/2021:04:23:04 -0500] "CONNECT relay-d3705b18.net.anydesk.com:80 HTTP/1.1" 200 0 "HTTPS" "outgoing via 192.168.50.30"
192.168.10.20 - arodriguez [01/Oct/2021:04:23:34 -0500] "CONNECT relay-d3705b18.net.anydesk.com:80 HTTP/1.1" 200 0 "HTTPS" "outgoing via 192.168.50.30"
192.168.10.20 - arodriguez [01/Oct/2021:04:24:03 -0500] "CONNECT relay-d3705b18.net.anydesk.com:80 HTTP/1.1" 200 0 "HTTPS" "outgoing via 192.168.50.30"
192.168.10.20 - arodriguez [01/Oct/2021:04:24:32 -0500] "CONNECT relay-d3705b18.net.anydesk.com:80 HTTP/1.1" 200 0 "HTTPS" "outgoing via 192.168.50.30"
192.168.10.20 - arodriguez [01/Oct/2021:04:25:02 -0500] "CONNECT relay-d3705b18.net.anydesk.com:80 HTTP/1.1" 200 0 "HTTPS" "outgoing via 192.168.50.30"
192.168.10.20 - arodriguez [01/Oct/2021:04:25:15 -0500] "CONNECT relay-69c95757.net.anydesk.com:80 HTTP/1.1" 200 0 "HTTPS" "outgoing via 192.168.50.30"
192.168.10.20 - arodriguez [01/Oct/2021:04:25:44 -0500] "CONNECT relay-69c95757.net.anydesk.com:80 HTTP/1.1" 200 0 "HTTPS" "outgoing via 192.168.50.30"
192.168.10.20 - arodriguez [01/Oct/2021:04:26:13 -0500] "CONNECT relay-69c95757.net.anydesk.com:80 HTTP/1.1" 200 0 "HTTPS" "outgoing via 192.168.50.30"
192.168.10.20 - arodriguez [01/Oct/2021:04:26:42 -0500] "CONNECT relay-69c95757.net.anydesk.com:80 HTTP/1.1" 200 0 "HTTPS" "outgoing via 192.168.50.30"
192.168.10.20 - arodriguez [01/Oct/2021:04:26:56 -0500] "CONNECT relay-ce1fc904.net.anydesk.com:80 HTTP/1.1" 200 0 "HTTPS" "outgoing via 192.168.50.30"
192.168.10.20 - arodriguez [01/Oct/2021:04:27:25 -0500] "CONNECT relay-ce1fc904.net.anydesk.com:80 HTTP/1.1" 200 0 "HTTPS" "outgoing via 192.168.50.30"
192.168.5.44 - yperez [01/Oct/2021:04:27:32 -0500] "CONNECT contile.services.mozilla.com:443 HTTP/1.1" 200 0 "HTTPS" "outgoing via 192.168.50.30"
192.168.10.20 - arodriguez [01/Oct/2021:04:27:54 -0500] "CONNECT relay-ce1fc904.net.anydesk.com:80 HTTP/1.1" 200 0 "HTTPS" "outgoing via 192.168.50.30"
192.168.10.20 - arodriguez [01/Oct/2021:04:28:07 -0500] "CONNECT relay-1c040ae6.net.anydesk.com:80 HTTP/1.1" 200 0 "HTTPS" "outgoing via 192.168.50.30"
192.168.10.20 - arodriguez [01/Oct/2021:04:28:36 -0500] "CONNECT relay-1c040ae6.net.anydesk.com:80 HTTP/1.1" 200 0 "HTTPS" "outgoing via 192.168.50.30"
192.168.10.20 - arodriguez [01/Oct/2021:04:29:06 -0500] "CONNECT relay-1c040ae6.net.anydesk.com:80 HTTP/1.1" 200 0 "HTTPS" "outgoing via 192.168.50.30"
192.168.10.20 - arodriguez [01/Oct/2021:04:29:35 -0500] "CONNECT relay-1c040ae6.net.anydesk.com:80 HTTP/1.1" 200 0 "HTTPS" "outgoing via 192.168.50.30"
192.168.10.20 - arodriguez [01/Oct/2021:04:29:48 -0500] "CONNECT relay-4e4116c1.net.anydesk.com:80 HTTP/1.1" 200 0 "HTTPS" "outgoing via 192.168.50.30"
192.168.10.20 - arodriguez [01/Oct/2021:04:30:17 -0500] "CONNECT relay-4e4116c1.net.anydesk.com:80 HTTP/1.1" 200 0 "HTTPS" "outgoing via 192.168.50.30"
192.168.10.20 - arodriguez [01/Oct/2021:04:30:46 -0500] "CONNECT relay-4e4116c1.net.anydesk.com:80 HTTP/1.1" 200 0 "HTTPS" "outgoing via 192.168.50.30"
192.168.10.20 - arodriguez [01/Oct/2021:04:31:15 -0500] "CONNECT relay-4e4116c1.net.anydesk.com:80 HTTP/1.1" 200 0 "HTTPS" "outgoing via 192.168.50.30"
192.168.10.20 - arodriguez [01/Oct/2021:04:31:44 -0500] "CONNECT relay-4e4116c1.net.anydesk.com:80 HTTP/1.1" 200 0 "HTTPS" "outgoing via 192.168.50.30"
192.168.10.20 - arodriguez [01/Oct/2021:04:32:13 -0500] "CONNECT relay-4e4116c1.net.anydesk.com:80 HTTP/1.1" 200 0 "HTTPS" "outgoing via 192.168.50.30"
192.168.1.15 - jacome [01/Oct/2021:04:32:24 -0500] "CONNECT contile.services.mozilla.com:443 HTTP/1.1" 200 0 "HTTPS" "outgoing via 192.168.50.30"
192.168.1.15 - jacome [01/Oct/2021:04:32:24 -0500] "CONNECT firefox.settings.services.mozilla.com:443 HTTP/1.1" 200 0 "HTTPS" "outgoing via 192.168.50.30"
192.168.1.15 - jacome [01/Oct/2021:04:32:24 -0500] "CONNECT firefox.settings.services.mozilla.com:443 HTTP/1.1" 200 0 "HTTPS" "outgoing via 192.168.50.30"
192.168.1.15 - jacome [01/Oct/2021:04:32:24 -0500] "CONNECT push.services.mozilla.com:443 HTTP/1.1" 200 0 "HTTPS" "outgoing via 192.168.50.30"
192.168.1.15 - jacome [01/Oct/2021:04:32:25 -0500] "POST http://r3.o.lencr.org/ HTTP/1.1" 200 1013 "HTTP" ""
192.168.1.15 - jacome [01/Oct/2021:04:32:25 -0500] "CONNECT firefox.settings.services.mozilla.com:443 HTTP/1.1" 200 0 "HTTPS" "outgoing via 192.168.50.30"
192.168.1.15 - jacome [01/Oct/2021:04:32:25 -0500] "CONNECT incoming.telemetry.mozilla.org:443 HTTP/1.1" 200 0 "HTTPS" "outgoing via 192.168.50.30"
192.168.1.15 - jacome [01/Oct/2021:04:32:26 -0500] "POST http://ocsp.digicert.com/ HTTP/1.1" 200 887 "HTTP" ""
192.168.1.15 - jacome [01/Oct/2021:04:32:26 -0500] "CONNECT www.facebook.com:443 HTTP/1.1" 200 0 "HTTPS" "outgoing via 192.168.50.30"
192.168.1.15 - jacome [01/Oct/2021:04:32:26 -0500] "CONNECT incoming.telemetry.mozilla.org:443 HTTP/1.1" 200 0 "HTTPS" "outgoing via 192.168.50.30"
192.168.1.15 - jacome [01/Oct/2021:04:32:26 -0500] "CONNECT incoming.telemetry.mozilla.org:443 HTTP/1.1" 200 0 "HTTPS" "outgoing via 192.168.50.30"
192.168.1.15 - jacome [01/Oct/2021:04:32:26 -0500] "CONNECT safebrowsing.googleapis.com:443 HTTP/1.1" 200 0 "HTTPS" "outgoing via 192.168.50.30"
192.168.1.15 - jacome [01/Oct/2021:04:32:26 -0500] "CONNECT www.youtube.com:443 HTTP/1.1" 200 0 "HTTPS" "outgoing via 192.168.50.30"
192.168.1.15 - jacome [01/Oct/2021:04:32:26 -0500] "POST http://ocsp.digicert.com/ HTTP/1.1" 200 887 "HTTP" ""
192.168.1.15 - jacome [01/Oct/2021:04:32:26 -0500] "POST http://ocsp.digicert.com/ HTTP/1.1" 200 947 "HTTP" ""
192.168.1.15 - jacome [01/Oct/2021:04:32:26 -0500] "CONNECT www.addonsrv.net:443 HTTP/1.1" 200 0 "HTTPS" "outgoing via 192.168.50.30"
192.168.1.15 - jacome [01/Oct/2021:04:32:26 -0500] "POST http://ocsp.digicert.com/ HTTP/1.1" 200 947 "HTTP" ""
192.168.1.15 - jacome [01/Oct/2021:04:32:26 -0500] "CONNECT incoming.telemetry.mozilla.org:443 HTTP/1.1" 200 0 "HTTPS" "outgoing via 192.168.50.30"
192.168.1.15 - jacome [01/Oct/2021:04:32:27 -0500] "CONNECT incoming.telemetry.mozilla.org:443 HTTP/1.1" 200 0 "HTTPS" "outgoing via 192.168.50.30"
192.168.1.15 - jacome [01/Oct/2021:04:32:27 -0500] "CONNECT incoming.telemetry.mozilla.org:443 HTTP/1.1" 200 0 "HTTPS" "outgoing via 192.168.50.30"
192.168.1.15 - jacome [01/Oct/2021:04:32:27 -0500] "CONNECT www.facebook.com:443 HTTP/1.1" 200 0 "HTTPS" "outgoing via 192.168.50.30"
192.168.1.15 - jacome [01/Oct/2021:04:32:27 -0500] "POST http://r3.o.lencr.org/ HTTP/1.1" 200 1013 "HTTP" ""
192.168.1.15 - jacome [01/Oct/2021:04:32:27 -0500] "CONNECT content-signature-2.cdn.mozilla.net:443 HTTP/1.1" 200 0 "HTTPS" "outgoing via 192.168.50.30"
192.168.1.15 - jacome [01/Oct/2021:04:32:28 -0500] "CONNECT www.addonsrv.net:443 HTTP/1.1" 200 0 "HTTPS" "outgoing via 192.168.50.30"
192.168.1.15 - jacome [01/Oct/2021:04:32:30 -0500] "CONNECT static.xx.fbcdn.net:443 HTTP/1.1" 200 0 "HTTPS" "outgoing via 192.168.50.30"
192.168.1.15 - jacome [01/Oct/2021:04:32:30 -0500] "CONNECT static.xx.fbcdn.net:443 HTTP/1.1" 200 0 "HTTPS" "outgoing via 192.168.50.30"
192.168.1.15 - jacome [01/Oct/2021:04:32:30 -0500] "CONNECT static.xx.fbcdn.net:443 HTTP/1.1" 200 0 "HTTPS" "outgoing via 192.168.50.30"
192.168.1.15 - jacome [01/Oct/2021:04:32:30 -0500] "CONNECT static.xx.fbcdn.net:443 HTTP/1.1" 200 0 "HTTPS" "outgoing via 192.168.50.30"
192.168.1.15 - jacome [01/Oct/2021:04:32:30 -0500] "CONNECT static.xx.fbcdn.net:443 HTTP/1.1" 200 0 "HTTPS" "outgoing via 192.168.50.30"
192.168.1.15 - jacome [01/Oct/2021:04:32:30 -0500] "CONNECT static.xx.fbcdn.net:443 HTTP/1.1" 200 0 "HTTPS" "outgoing via 192.168.50.30"
192.168.1.15 - jacome [01/Oct/2021:04:32:30 -0500] "CONNECT shavar.services.mozilla.com:443 HTTP/1.1" 200 0 "HTTPS" "outgoing via 192.168.50.30"
192.168.1.15 - jacome [01/Oct/2021:04:32:30 -0500] "POST http://ocsp.pki.goog/gts1c3 HTTP/1.1" 200 850 "HTTP" ""
192.168.1.15 - jacome [01/Oct/2021:04:32:35 -0500] "CONNECT safebrowsing.googleapis.com:443 HTTP/1.1" 200 0 "HTTPS" "outgoing via 192.168.50.30"
192.168.1.15 - jacome [01/Oct/2021:04:32:36 -0500] "CONNECT tracking-protection.cdn.mozilla.net:443 HTTP/1.1" 200 0 "HTTPS" "outgoing via 192.168.50.30"
192.168.1.15 - jacome [01/Oct/2021:04:32:39 -0500] "CONNECT scontent-mia3-1.xx.fbcdn.net:443 HTTP/1.1" 200 0 "HTTPS" "outgoing via 192.168.50.30"
192.168.1.15 - jacome [01/Oct/2021:04:32:39 -0500] "CONNECT scontent-mia3-1.xx.fbcdn.net:443 HTTP/1.1" 200 0 "HTTPS" "outgoing via 192.168.50.30"
192.168.1.15 - jacome [01/Oct/2021:04:32:39 -0500] "CONNECT scontent-mia3-1.xx.fbcdn.net:443 HTTP/1.1" 200 0 "HTTPS" "outgoing via 192.168.50.30"
192.168.1.15 - jacome [01/Oct/2021:04:32:39 -0500] "CONNECT scontent-mia3-1.xx.fbcdn.net:443 HTTP/1.1" 200 0 "HTTPS" "outgoing via 192.168.50.30"
192.168.1.15 - jacome [01/Oct/2021:04:32:39 -0500] "CONNECT scontent-mia3-1.xx.fbcdn.net:443 HTTP/1.1" 200 0 "HTTPS" "outgoing via 192.168.50.30"
192.168.1.15 - jacome [01/Oct/2021:04:32:39 -0500] "CONNECT scontent-mia3-1.xx.fbcdn.net:443 HTTP/1.1" 200 0 "HTTPS" "outgoing via 192.168.50.30"
192.168.1.15 - jacome [01/Oct/2021:04:32:39 -0500] "CONNECT scontent-mia3-2.xx.fbcdn.net:443 HTTP/1.1" 200 0 "HTTPS" "outgoing via 192.168.50.30"
192.168.1.15 - jacome [01/Oct/2021:04:32:39 -0500] "CONNECT scontent-mia3-2.xx.fbcdn.net:443 HTTP/1.1" 200 0 "HTTPS" "outgoing via 192.168.50.30"
192.168.1.15 - jacome [01/Oct/2021:04:32:39 -0500] "CONNECT scontent-mia3-2.xx.fbcdn.net:443 HTTP/1.1" 200 0 "HTTPS" "outgoing via 192.168.50.30"
192.168.1.15 - jacome [01/Oct/2021:04:32:39 -0500] "CONNECT external-mia3-2.xx.fbcdn.net:443 HTTP/1.1" 200 0 "HTTPS" "outgoing via 192.168.50.30"
192.168.1.15 - jacome [01/Oct/2021:04:32:40 -0500] "CONNECT scontent-mia3-2.xx.fbcdn.net:443 HTTP/1.1" 200 0 "HTTPS" "outgoing via 192.168.50.30"
192.168.1.15 - jacome [01/Oct/2021:04:32:40 -0500] "CONNECT scontent-mia3-2.xx.fbcdn.net:443 HTTP/1.1" 200 0 "HTTPS" "outgoing via 192.168.50.30"
192.168.1.15 - jacome [01/Oct/2021:04:32:40 -0500] "CONNECT scontent-mia3-2.xx.fbcdn.net:443 HTTP/1.1" 200 0 "HTTPS" "outgoing via 192.168.50.30"
192.168.1.15 - jacome [01/Oct/2021:04:32:41 -0500] "POST http://ocsp.digicert.com/ HTTP/1.1" 200 947 "HTTP" ""
192.168.1.15 - jacome [01/Oct/2021:04:32:41 -0500] "POST http://ocsp.pki.goog/gts1c3 HTTP/1.1" 200 849 "HTTP" ""
192.168.10.20 - arodriguez [01/Oct/2021:04:32:42 -0500] "CONNECT relay-4e4116c1.net.anydesk.com:80 HTTP/1.1" 200 0 "HTTPS" "outgoing via 192.168.50.30"
192.168.1.15 - jacome [01/Oct/2021:04:32:44 -0500] "CONNECT scontent.xx.fbcdn.net:443 HTTP/1.1" 200 0 "HTTPS" "outgoing via 192.168.50.30"
192.168.1.15 - jacome [01/Oct/2021:04:32:44 -0500] "CONNECT tracking-protection.cdn.mozilla.net:443 HTTP/1.1" 200 0 "HTTPS" "outgoing via 192.168.50.30"
192.168.1.15 - jacome [01/Oct/2021:04:32:49 -0500] "CONNECT tracking-protection.cdn.mozilla.net:443 HTTP/1.1" 200 0 "HTTPS" "outgoing via 192.168.50.30"
192.168.1.15 - jacome [01/Oct/2021:04:32:50 -0500] "CONNECT edge-chat.facebook.com:443 HTTP/1.1" 200 0 "HTTPS" "outgoing via 192.168.50.30"
192.168.1.15 - jacome [01/Oct/2021:04:32:54 -0500] "CONNECT gateway.facebook.com:443 HTTP/1.1" 200 0 "HTTPS" "outgoing via 192.168.50.30"
192.168.10.20 - arodriguez [01/Oct/2021:04:32:55 -0500] "CONNECT relay-30442951.net.anydesk.com:80 HTTP/1.1" 200 0 "HTTPS" "outgoing via 192.168.50.30"
192.168.1.15 - jacome [01/Oct/2021:04:33:02 -0500] "CONNECT scontent.xx.fbcdn.net:443 HTTP/1.1" 200 0 "HTTPS" "outgoing via 192.168.50.30"
192.168.1.15 - jacome [01/Oct/2021:04:33:02 -0500] "CONNECT scontent.xx.fbcdn.net:443 HTTP/1.1" 200 0 "HTTPS" "outgoing via 192.168.50.30"
192.168.1.15 - jacome [01/Oct/2021:04:33:02 -0500] "CONNECT scontent.xx.fbcdn.net:443 HTTP/1.1" 200 0 "HTTPS" "outgoing via 192.168.50.30"
192.168.1.15 - jacome [01/Oct/2021:04:33:02 -0500] "CONNECT scontent.xx.fbcdn.net:443 HTTP/1.1" 200 0 "HTTPS" "outgoing via 192.168.50.30"
192.168.1.15 - jacome [01/Oct/2021:04:33:02 -0500] "CONNECT scontent.xx.fbcdn.net:443 HTTP/1.1" 200 0 "HTTPS" "outgoing via 192.168.50.30"
192.168.1.15 - jacome [01/Oct/2021:04:33:02 -0500] "CONNECT scontent.xx.fbcdn.net:443 HTTP/1.1" 200 0 "HTTPS" "outgoing via 192.168.50.30"
192.168.1.15 - jacome [01/Oct/2021:04:33:05 -0500] "GET http://www.downloadytb.com/initytb.html HTTP/1.1" 200 839 "HTTP" ""
192.168.1.15 - jacome [01/Oct/2021:04:33:06 -0500] "CONNECT googleads.g.doubleclick.net:443 HTTP/1.1" 200 0 "HTTPS" "outgoing via 192.168.50.30"
192.168.1.15 - jacome [01/Oct/2021:04:33:08 -0500] "GET http://detectportal.firefox.com/canonical.html HTTP/1.1" 200 444 "HTTP" ""
192.168.1.15 - jacome [01/Oct/2021:04:33:16 -0500] "GET http://detectportal.firefox.com/success.txt?ipv4 HTTP/1.1" 200 362 "HTTP" ""
192.168.10.20 - arodriguez [01/Oct/2021:04:33:24 -0500] "CONNECT relay-30442951.net.anydesk.com:80 HTTP/1.1" 200 0 "HTTPS" "outgoing via 192.168.50.30"
192.168.1.15 - jacome [01/Oct/2021:04:33:48 -0500] "CONNECT cdn.fbsbx.com:443 HTTP/1.1" 200 0 "HTTPS" "outgoing via 192.168.50.30"
192.168.10.20 - arodriguez [01/Oct/2021:04:33:53 -0500] "CONNECT relay-30442951.net.anydesk.com:80 HTTP/1.1" 200 0 "HTTPS" "outgoing via 192.168.50.30"
192.168.5.44 - yperez [01/Oct/2021:04:33:59 -0500] "CONNECT profile.accounts.firefox.com:443 HTTP/1.1" 200 0 "HTTPS" "outgoing via 192.168.50.30"
192.168.5.44 - yperez [01/Oct/2021:04:33:59 -0500] "CONNECT token.services.mozilla.com:443 HTTP/1.1" 200 0 "HTTPS" "outgoing via 192.168.50.30"
192.168.5.44 - yperez [01/Oct/2021:04:34:01 -0500] "CONNECT sync-1-us-west1-g.sync.services.mozilla.com:443 HTTP/1.1" 200 0 "HTTPS" "outgoing via 192.168.50.30"
192.168.5.44 - yperez [01/Oct/2021:04:34:03 -0500] "CONNECT api.accounts.firefox.com:443 HTTP/1.1" 200 0 "HTTPS" "outgoing via 192.168.50.30"
192.168.1.15 - jacome [01/Oct/2021:04:34:14 -0500] "CONNECT video-mia3-1.xx.fbcdn.net:443 HTTP/1.1" 200 0 "HTTPS" "outgoing via 192.168.50.30"
192.168.1.15 - jacome [01/Oct/2021:04:34:14 -0500] "CONNECT video-mia3-1.xx.fbcdn.net:443 HTTP/1.1" 200 0 "HTTPS" "outgoing via 192.168.50.30"
192.168.1.15 - jacome [01/Oct/2021:04:34:14 -0500] "CONNECT video-mia3-1.xx.fbcdn.net:443 HTTP/1.1" 200 0 "HTTPS" "outgoing via 192.168.50.30"
192.168.1.15 - jacome [01/Oct/2021:04:34:14 -0500] "CONNECT video-mia3-2.xx.fbcdn.net:443 HTTP/1.1" 200 0 "HTTPS" "outgoing via 192.168.50.30"
192.168.1.15 - jacome [01/Oct/2021:04:34:14 -0500] "CONNECT video-mia3-2.xx.fbcdn.net:443 HTTP/1.1" 200 0 "HTTPS" "outgoing via 192.168.50.30"
192.168.1.15 - jacome [01/Oct/2021:04:34:14 -0500] "CONNECT video-mia3-2.xx.fbcdn.net:443 HTTP/1.1" 200 0 "HTTPS" "outgoing via 192.168.50.30"
192.168.10.20 - arodriguez [01/Oct/2021:04:34:22 -0500] "CONNECT relay-30442951.net.anydesk.com:80 HTTP/1.1" 200 0 "HTTPS" "outgoing via 192.168.50.30"
192.168.1.15 - jacome [01/Oct/2021:04:34:30 -0500] "POST http://ocsp.digicert.com/ HTTP/1.1" 200 946 "HTTP" ""
192.168.1.15 - jacome [01/Oct/2021:04:34:41 -0500] "POST http://ocsp.digicert.com/ HTTP/1.1" 200 887 "HTTP" ""
192.168.1.15 - jacome [01/Oct/2021:04:34:41 -0500] "POST http://ocsp.digicert.com/ HTTP/1.1" 200 946 "HTTP" ""
192.168.1.15 - jacome [01/Oct/2021:04:34:41 -0500] "POST http://ocsp.digicert.com/ HTTP/1.1" 200 887 "HTTP" ""
192.168.1.15 - jacome [01/Oct/2021:04:34:42 -0500] "POST http://ocsp.digicert.com/ HTTP/1.1" 200 945 "HTTP" ""
192.168.1.15 - jacome [01/Oct/2021:04:34:42 -0500] "POST http://ocsp.digicert.com/ HTTP/1.1" 200 946 "HTTP" ""
192.168.1.15 - jacome [01/Oct/2021:04:34:49 -0500] "CONNECT normandy.cdn.mozilla.net:443 HTTP/1.1" 200 0 "HTTPS" "outgoing via 192.168.50.30"
192.168.10.20 - arodriguez [01/Oct/2021:04:34:51 -0500] "CONNECT relay-30442951.net.anydesk.com:80 HTTP/1.1" 200 0 "HTTPS" "outgoing via 192.168.50.30"
192.168.1.15 - jacome [01/Oct/2021:04:34:57 -0500] "CONNECT classify-client.services.mozilla.com:443 HTTP/1.1" 200 0 "HTTPS" "outgoing via 192.168.50.30"
192.168.1.15 - jacome [01/Oct/2021:04:35:05 -0500] "GET http://www.downloadytb.com/initytb.html HTTP/1.1" 200 839 "HTTP" ""
192.168.1.15 - jacome [01/Oct/2021:04:35:05 -0500] "GET http://www.downloadytb.com/initytb.html HTTP/1.1" 200 839 "HTTP" ""
192.168.10.20 - arodriguez [01/Oct/2021:04:35:20 -0500] "CONNECT relay-30442951.net.anydesk.com:80 HTTP/1.1" 200 0 "HTTPS" "outgoing via 192.168.50.30"
192.168.10.20 - arodriguez [01/Oct/2021:04:35:33 -0500] "CONNECT relay-18a5ffe0.net.anydesk.com:80 HTTP/1.1" 200 0 "HTTPS" "outgoing via 192.168.50.30"
192.168.10.20 - arodriguez [01/Oct/2021:04:36:02 -0500] "CONNECT relay-18a5ffe0.net.anydesk.com:80 HTTP/1.1" 200 0 "HTTPS" "outgoing via 192.168.50.30"
192.168.10.20 - arodriguez [01/Oct/2021:04:36:31 -0500] "CONNECT relay-18a5ffe0.net.anydesk.com:80 HTTP/1.1" 200 0 "HTTPS" "outgoing via 192.168.50.30"
192.168.10.20 - arodriguez [01/Oct/2021:04:36:44 -0500] "CONNECT relay-32e92e70.net.anydesk.com:80 HTTP/1.1" 200 0 "HTTPS" "outgoing via 192.168.50.30"
192.168.1.15 - jacome [01/Oct/2021:04:36:59 -0500] "POST http://ocsp.digicert.com/ HTTP/1.1" 200 946 "HTTP" ""
192.168.10.20 - arodriguez [01/Oct/2021:04:37:13 -0500] "CONNECT relay-32e92e70.net.anydesk.com:80 HTTP/1.1" 200 0 "HTTPS" "outgoing via 192.168.50.30"
192.168.1.15 - jacome [01/Oct/2021:04:37:23 -0500] "CONNECT contile.services.mozilla.com:443 HTTP/1.1" 200 0 "HTTPS" "outgoing via 192.168.50.30"
192.168.10.20 - arodriguez [01/Oct/2021:04:37:42 -0500] "CONNECT relay-32e92e70.net.anydesk.com:80 HTTP/1.1" 200 0 "HTTPS" "outgoing via 192.168.50.30"
192.168.10.20 - arodriguez [01/Oct/2021:04:38:12 -0500] "CONNECT relay-32e92e70.net.anydesk.com:80 HTTP/1.1" 200 0 "HTTPS" "outgoing via 192.168.50.30"
192.168.10.20 - arodriguez [01/Oct/2021:04:38:40 -0500] "CONNECT relay-32e92e70.net.anydesk.com:80 HTTP/1.1" 200 0 "HTTPS" "outgoing via 192.168.50.30"
192.168.10.20 - arodriguez [01/Oct/2021:04:39:09 -0500] "CONNECT relay-32e92e70.net.anydesk.com:80 HTTP/1.1" 200 0 "HTTPS" "outgoing via 192.168.50.30"
