192.168.6.15 - jcarrillo [30/May/2021:09:12:05 -0500] "CONNECT versioncheck-bg.addons.mozilla.org:443 HTTP/1.1" 200 0 "HTTPS" "outgoing via 192.168.50.30"
192.168.6.15 - jcarrillo [30/May/2021:09:12:05 -0500] "CONNECT versioncheck-bg.addons.mozilla.org:443 HTTP/1.1" 200 0 "HTTPS" "outgoing via 192.168.50.30"
192.168.6.15 - jcarrillo [30/May/2021:09:12:05 -0500] "CONNECT versioncheck-bg.addons.mozilla.org:443 HTTP/1.1" 200 0 "HTTPS" "outgoing via 192.168.50.30"
192.168.6.15 - jcarrillo [30/May/2021:09:12:05 -0500] "POST http://149.154.167.151:80/api HTTP/1.1" 200 24990 "HTTP" ""
192.168.6.15 - jcarrillo [30/May/2021:09:12:05 -0500] "POST http://149.154.167.151:80/api HTTP/1.1" 200 23198 "HTTP" ""
192.168.6.15 - jcarrillo [30/May/2021:09:12:05 -0500] "POST http://149.154.167.151:80/api HTTP/1.1" 200 50990 "HTTP" ""
192.168.6.15 - jcarrillo [30/May/2021:09:12:05 -0500] "POST http://149.154.167.151:80/api HTTP/1.1" 200 23614 "HTTP" ""
192.168.6.15 - jcarrillo [30/May/2021:09:12:06 -0500] "POST http://149.154.175.55:80/api HTTP/1.1" 200 412 "HTTP" ""
192.168.6.15 - jcarrillo [30/May/2021:09:12:06 -0500] "POST http://149.154.167.91:80/api HTTP/1.1" 200 391 "HTTP" ""
192.168.6.15 - jcarrillo [30/May/2021:09:12:06 -0500] "POST http://149.154.167.151:80/api HTTP/1.1" 200 23198 "HTTP" ""
192.168.6.15 - jcarrillo [30/May/2021:09:12:06 -0500] "CONNECT redirector.gvt1.com:443 HTTP/1.1" 200 0 "HTTPS" "outgoing via 192.168.50.30"
192.168.6.15 - jcarrillo [30/May/2021:09:12:06 -0500] "POST http://149.154.167.91:80/api HTTP/1.1" 200 399 "HTTP" ""
192.168.6.15 - jcarrillo [30/May/2021:09:12:07 -0500] "POST http://149.154.167.91:80/api HTTP/1.1" 200 960 "HTTP" ""
192.168.6.15 - jcarrillo [30/May/2021:09:12:07 -0500] "POST http://149.154.167.91:80/api HTTP/1.1" 200 379 "HTTP" ""
192.168.6.15 - jcarrillo [30/May/2021:09:12:07 -0500] "CONNECT r2---sn-xuxjn5-i58e.gvt1.com:443 HTTP/1.1" 200 0 "HTTPS" "outgoing via 192.168.50.30"
192.168.6.15 - jcarrillo [30/May/2021:09:12:07 -0500] "POST http://149.154.167.91:80/api HTTP/1.1" 200 508 "HTTP" ""
192.168.6.15 - jcarrillo [30/May/2021:09:12:07 -0500] "POST http://149.154.165.111:80/api HTTP/1.1" 200 391 "HTTP" ""
192.168.6.15 - jcarrillo [30/May/2021:09:12:08 -0500] "POST http://149.154.165.111:80/api HTTP/1.1" 200 391 "HTTP" ""
192.168.6.15 - jcarrillo [30/May/2021:09:12:08 -0500] "POST http://149.154.165.111:80/api HTTP/1.1" 200 399 "HTTP" ""
192.168.6.15 - jcarrillo [30/May/2021:09:12:08 -0500] "POST http://149.154.175.55:80/api HTTP/1.1" 200 379 "HTTP" ""
192.168.6.15 - jcarrillo [30/May/2021:09:12:08 -0500] "POST http://149.154.175.55:80/api HTTP/1.1" 200 6205 "HTTP" ""
192.168.6.15 - jcarrillo [30/May/2021:09:12:08 -0500] "CONNECT dl.google.com:443 HTTP/1.1" 200 0 "HTTPS" "outgoing via 192.168.50.30"
192.168.6.15 - jcarrillo [30/May/2021:09:12:09 -0500] "POST http://149.154.165.111:80/api HTTP/1.1" 200 960 "HTTP" ""
192.168.6.15 - jcarrillo [30/May/2021:09:12:09 -0500] "POST http://149.154.175.55:80/api HTTP/1.1" 200 412 "HTTP" ""
192.168.6.15 - jcarrillo [30/May/2021:09:12:09 -0500] "POST http://149.154.165.111:80/api HTTP/1.1" 200 379 "HTTP" ""
192.168.6.15 - jcarrillo [30/May/2021:09:12:09 -0500] "POST http://149.154.165.111:80/api HTTP/1.1" 200 508 "HTTP" ""
192.168.6.15 - jcarrillo [30/May/2021:09:12:09 -0500] "POST http://149.154.165.111:80/api HTTP/1.1" 200 391 "HTTP" ""
192.168.6.15 - jcarrillo [30/May/2021:09:12:10 -0500] "POST http://149.154.165.111:80/api HTTP/1.1" 200 412 "HTTP" ""
192.168.6.15 - jcarrillo [30/May/2021:09:12:10 -0500] "POST http://149.154.165.111:80/api HTTP/1.1" 200 12702 "HTTP" ""
192.168.6.15 - jcarrillo [30/May/2021:09:12:11 -0500] "POST http://149.154.165.111:80/api HTTP/1.1" 200 12702 "HTTP" ""
192.168.6.15 - jcarrillo [30/May/2021:09:12:13 -0500] "POST http://149.154.167.151:80/api HTTP/1.1" 200 572 "HTTP" ""
192.168.6.15 - jcarrillo [30/May/2021:09:12:13 -0500] "POST http://149.154.175.55:80/api HTTP/1.1" 200 412 "HTTP" ""
192.168.6.15 - jcarrillo [30/May/2021:09:12:14 -0500] "POST http://149.154.167.91:80/api HTTP/1.1" 200 391 "HTTP" ""
192.168.6.15 - jcarrillo [30/May/2021:09:12:14 -0500] "POST http://149.154.167.151:80/api HTTP/1.1" 200 48094 "HTTP" ""
192.168.6.15 - jcarrillo [30/May/2021:09:12:16 -0500] "POST http://149.154.175.55:80/api HTTP/1.1" 200 412 "HTTP" ""
192.168.6.15 - jcarrillo [30/May/2021:09:12:18 -0500] "POST http://149.154.175.55:80/api HTTP/1.1" 200 412 "HTTP" ""
192.168.6.15 - jcarrillo [30/May/2021:09:12:18 -0500] "POST http://149.154.175.55:80/api HTTP/1.1" 200 812 "HTTP" ""
192.168.6.15 - jcarrillo [30/May/2021:09:12:19 -0500] "POST http://149.154.167.91:80/api HTTP/1.1" 200 391 "HTTP" ""
192.168.6.15 - jcarrillo [30/May/2021:09:12:20 -0500] "POST http://149.154.165.111:80/api HTTP/1.1" 200 16798 "HTTP" ""
192.168.6.15 - jcarrillo [30/May/2021:09:12:22 -0500] "CONNECT settings-win.data.microsoft.com:443 HTTP/1.1" 200 0 "HTTPS" "outgoing via 192.168.50.30"
192.168.6.15 - jcarrillo [30/May/2021:09:12:23 -0500] "POST http://149.154.175.55:80/api HTTP/1.1" 200 412 "HTTP" ""
192.168.6.15 - jcarrillo [30/May/2021:09:12:24 -0500] "POST http://149.154.175.55:80/api HTTP/1.1" 200 412 "HTTP" ""
192.168.6.15 - jcarrillo [30/May/2021:09:12:27 -0500] "POST http://149.154.175.55:80/api HTTP/1.1" 200 812 "HTTP" ""
192.168.6.15 - jcarrillo [30/May/2021:09:12:27 -0500] "POST http://149.154.175.55:80/api HTTP/1.1" 200 828 "HTTP" ""
192.168.6.15 - jcarrillo [30/May/2021:09:12:28 -0500] "POST http://149.154.167.91:80/api HTTP/1.1" 200 391 "HTTP" ""
192.168.6.15 - jcarrillo [30/May/2021:09:12:30 -0500] "POST http://149.154.167.91:80/api HTTP/1.1" 200 399 "HTTP" ""
192.168.6.15 - jcarrillo [30/May/2021:09:12:30 -0500] "POST http://149.154.167.91:80/api HTTP/1.1" 200 960 "HTTP" ""
192.168.6.15 - jcarrillo [30/May/2021:09:12:31 -0500] "POST http://149.154.167.91:80/api HTTP/1.1" 200 379 "HTTP" ""
192.168.6.15 - jcarrillo [30/May/2021:09:12:31 -0500] "POST http://149.154.175.55:80/api HTTP/1.1" 200 412 "HTTP" ""
192.168.6.15 - jcarrillo [30/May/2021:09:12:36 -0500] "POST http://149.154.165.111:80/api HTTP/1.1" 200 395 "HTTP" ""
192.168.6.15 - jcarrillo [30/May/2021:09:12:44 -0500] "CONNECT push.services.mozilla.com:443 HTTP/1.1" 200 0 "HTTPS" "outgoing via 192.168.50.30"
192.168.6.15 - jcarrillo [30/May/2021:09:12:46 -0500] "CONNECT firefox.settings.services.mozilla.com:443 HTTP/1.1" 200 0 "HTTPS" "outgoing via 192.168.50.30"
192.168.6.15 - jcarrillo [30/May/2021:09:12:46 -0500] "POST http://149.154.165.111:80/api HTTP/1.1" 200 395 "HTTP" ""
192.168.6.15 - jcarrillo [30/May/2021:09:12:46 -0500] "POST http://149.154.175.55:80/api HTTP/1.1" 200 828 "HTTP" ""
192.168.6.15 - jcarrillo [30/May/2021:09:12:47 -0500] "POST http://149.154.175.55:80/api HTTP/1.1" 200 395 "HTTP" ""
192.168.6.15 - jcarrillo [30/May/2021:09:12:47 -0500] "CONNECT content-signature-2.cdn.mozilla.net:443 HTTP/1.1" 200 0 "HTTPS" "outgoing via 192.168.50.30"
192.168.6.15 - jcarrillo [30/May/2021:09:12:47 -0500] "POST http://149.154.175.55:80/api HTTP/1.1" 200 828 "HTTP" ""
192.168.6.15 - jcarrillo [30/May/2021:09:13:01 -0500] "POST http://149.154.165.111:80/api HTTP/1.1" 200 395 "HTTP" ""
192.168.6.15 - jcarrillo [30/May/2021:09:13:11 -0500] "POST http://149.154.165.111:80/api HTTP/1.1" 200 395 "HTTP" ""
192.168.6.15 - jcarrillo [30/May/2021:09:13:12 -0500] "POST http://149.154.175.55:80/api HTTP/1.1" 200 395 "HTTP" ""
192.168.6.15 - jcarrillo [30/May/2021:09:13:19 -0500] "POST http://149.154.175.55:80/api HTTP/1.1" 200 828 "HTTP" ""
192.168.6.15 - jcarrillo [30/May/2021:09:13:20 -0500] "POST http://149.154.175.55:80/api HTTP/1.1" 200 812 "HTTP" ""
192.168.6.15 - jcarrillo [30/May/2021:09:13:23 -0500] "CONNECT licensing.mp.microsoft.com:443 HTTP/1.1" 200 0 "HTTPS" "outgoing via 192.168.50.30"
192.168.6.15 - jcarrillo [30/May/2021:09:13:27 -0500] "POST http://149.154.165.111:80/api HTTP/1.1" 200 395 "HTTP" ""
192.168.6.15 - jcarrillo [30/May/2021:09:13:31 -0500] "POST http://149.154.175.55:80/api HTTP/1.1" 200 876 "HTTP" ""
192.168.6.15 - jcarrillo [30/May/2021:09:13:37 -0500] "POST http://149.154.165.111:80/api HTTP/1.1" 200 395 "HTTP" ""
192.168.6.15 - jcarrillo [30/May/2021:09:13:40 -0500] "POST http://149.154.175.55:80/api HTTP/1.1" 200 412 "HTTP" ""
192.168.6.15 - jcarrillo [30/May/2021:09:13:43 -0500] "POST http://149.154.175.55:80/api HTTP/1.1" 200 540 "HTTP" ""
192.168.6.15 - jcarrillo [30/May/2021:09:13:46 -0500] "POST http://149.154.175.55:80/api HTTP/1.1" 200 412 "HTTP" ""
192.168.6.15 - jcarrillo [30/May/2021:09:13:52 -0500] "POST http://149.154.165.111:80/api HTTP/1.1" 200 395 "HTTP" ""
192.168.6.15 - jcarrillo [30/May/2021:09:13:55 -0500] "POST http://149.154.175.55:80/api HTTP/1.1" 200 412 "HTTP" ""
192.168.6.15 - jcarrillo [30/May/2021:09:13:58 -0500] "POST http://149.154.175.55:80/api HTTP/1.1" 200 412 "HTTP" ""
192.168.6.15 - jcarrillo [30/May/2021:09:14:02 -0500] "POST http://149.154.165.111:80/api HTTP/1.1" 200 395 "HTTP" ""
192.168.6.15 - jcarrillo [30/May/2021:09:14:04 -0500] "POST http://149.154.175.55:80/api HTTP/1.1" 200 6829 "HTTP" ""
192.168.6.15 - jcarrillo [30/May/2021:09:14:04 -0500] "POST http://149.154.175.55:80/api HTTP/1.1" 200 6829 "HTTP" ""
192.168.6.15 - jcarrillo [30/May/2021:09:14:04 -0500] "POST http://149.154.175.55:80/api HTTP/1.1" 200 6829 "HTTP" ""
192.168.6.15 - jcarrillo [30/May/2021:09:14:04 -0500] "POST http://149.154.175.55:80/api HTTP/1.1" 200 6205 "HTTP" ""
192.168.6.15 - jcarrillo [30/May/2021:09:14:10 -0500] "POST http://149.154.165.111:80/api HTTP/1.1" 200 412 "HTTP" ""
192.168.6.15 - jcarrillo [30/May/2021:09:14:16 -0500] "POST http://149.154.175.55:80/api HTTP/1.1" 200 395 "HTTP" ""
192.168.6.15 - jcarrillo [30/May/2021:09:14:18 -0500] "POST http://149.154.165.111:80/api HTTP/1.1" 200 395 "HTTP" ""
192.168.6.15 - jcarrillo [30/May/2021:09:14:23 -0500] "POST http://149.154.175.55:80/api HTTP/1.1" 200 395 "HTTP" ""
192.168.6.15 - jcarrillo [30/May/2021:09:14:24 -0500] "POST http://149.154.175.55:80/api HTTP/1.1" 200 395 "HTTP" ""
192.168.6.15 - jcarrillo [30/May/2021:09:14:24 -0500] "POST http://149.154.175.55:80/api HTTP/1.1" 200 828 "HTTP" ""
192.168.6.15 - jcarrillo [30/May/2021:09:14:27 -0500] "POST http://149.154.165.111:80/api HTTP/1.1" 200 395 "HTTP" ""
192.168.6.15 - jcarrillo [30/May/2021:09:14:35 -0500] "POST http://149.154.165.111:80/api HTTP/1.1" 200 395 "HTTP" ""
192.168.6.15 - jcarrillo [30/May/2021:09:14:35 -0500] "POST http://149.154.165.111:80/api HTTP/1.1" 200 395 "HTTP" ""
192.168.6.15 - jcarrillo [30/May/2021:09:14:35 -0500] "POST http://149.154.165.111:80/api HTTP/1.1" 200 395 "HTTP" ""
192.168.6.15 - jcarrillo [30/May/2021:09:14:43 -0500] "POST http://149.154.165.111:80/api HTTP/1.1" 200 395 "HTTP" ""
192.168.6.15 - jcarrillo [30/May/2021:09:14:45 -0500] "POST http://149.154.175.55:80/api HTTP/1.1" 200 412 "HTTP" ""
192.168.6.15 - jcarrillo [30/May/2021:09:14:48 -0500] "POST http://149.154.175.55:80/api HTTP/1.1" 200 412 "HTTP" ""
192.168.6.15 - jcarrillo [30/May/2021:09:14:48 -0500] "POST http://149.154.175.55:80/api HTTP/1.1" 200 395 "HTTP" ""
192.168.6.15 - jcarrillo [30/May/2021:09:14:49 -0500] "POST http://149.154.175.55:80/api HTTP/1.1" 200 412 "HTTP" ""
192.168.6.15 - jcarrillo [30/May/2021:09:14:53 -0500] "POST http://149.154.165.111:80/api HTTP/1.1" 200 395 "HTTP" ""
192.168.6.15 - jcarrillo [30/May/2021:09:14:56 -0500] "POST http://149.154.175.55:80/api HTTP/1.1" 200 524 "HTTP" ""
192.168.6.15 - jcarrillo [30/May/2021:09:14:58 -0500] "POST http://149.154.175.55:80/api HTTP/1.1" 200 412 "HTTP" ""
192.168.6.15 - jcarrillo [30/May/2021:09:15:04 -0500] "POST http://149.154.175.55:80/api HTTP/1.1" 200 412 "HTTP" ""
192.168.6.15 - jcarrillo [30/May/2021:09:15:05 -0500] "POST http://149.154.175.55:80/api HTTP/1.1" 200 412 "HTTP" ""
192.168.6.15 - jcarrillo [30/May/2021:09:15:09 -0500] "POST http://149.154.165.111:80/api HTTP/1.1" 200 395 "HTTP" ""
192.168.6.15 - jcarrillo [30/May/2021:09:15:19 -0500] "POST http://149.154.165.111:80/api HTTP/1.1" 200 395 "HTTP" ""
192.168.6.13 - faselis [30/May/2021:09:15:22 -0500] "CONNECT safebrowsing.googleapis.com:443 HTTP/1.1" 200 0 "HTTPS" "outgoing via 192.168.50.30"
192.168.6.13 - faselis [30/May/2021:09:15:24 -0500] "CONNECT firefox.settings.services.mozilla.com:443 HTTP/1.1" 200 0 "HTTPS" "outgoing via 192.168.50.30"
192.168.6.15 - jcarrillo [30/May/2021:09:15:25 -0500] "POST http://149.154.175.55:80/api HTTP/1.1" 200 412 "HTTP" ""
192.168.6.15 - jcarrillo [30/May/2021:09:15:25 -0500] "POST http://149.154.175.55:80/api HTTP/1.1" 200 395 "HTTP" ""
192.168.6.15 - jcarrillo [30/May/2021:09:15:29 -0500] "POST http://149.154.175.55:80/api HTTP/1.1" 200 828 "HTTP" ""
192.168.6.15 - jcarrillo [30/May/2021:09:15:29 -0500] "POST http://149.154.175.55:80/api HTTP/1.1" 200 828 "HTTP" ""
192.168.6.15 - jcarrillo [30/May/2021:09:15:29 -0500] "POST http://149.154.167.91:80/api HTTP/1.1" 200 391 "HTTP" ""
192.168.6.15 - jcarrillo [30/May/2021:09:15:30 -0500] "POST http://149.154.167.91:80/api HTTP/1.1" 200 460 "HTTP" ""
192.168.6.15 - jcarrillo [30/May/2021:09:15:30 -0500] "POST http://149.154.167.91:80/api HTTP/1.1" 200 508 "HTTP" ""
192.168.6.15 - jcarrillo [30/May/2021:09:15:31 -0500] "POST http://149.154.165.111:80/api HTTP/1.1" 200 391 "HTTP" ""
192.168.6.15 - jcarrillo [30/May/2021:09:15:32 -0500] "POST http://149.154.165.111:80/api HTTP/1.1" 200 391 "HTTP" ""
192.168.6.15 - jcarrillo [30/May/2021:09:15:32 -0500] "POST http://149.154.165.111:80/api HTTP/1.1" 200 412 "HTTP" ""
192.168.6.15 - jcarrillo [30/May/2021:09:15:33 -0500] "POST http://149.154.165.111:80/api HTTP/1.1" 200 12782 "HTTP" ""
192.168.6.15 - jcarrillo [30/May/2021:09:15:34 -0500] "POST http://149.154.165.111:80/api HTTP/1.1" 200 395 "HTTP" ""
192.168.6.15 - jcarrillo [30/May/2021:09:15:37 -0500] "POST http://149.154.175.55:80/api HTTP/1.1" 200 412 "HTTP" ""
192.168.6.15 - jcarrillo [30/May/2021:09:15:45 -0500] "POST http://149.154.165.111:80/api HTTP/1.1" 200 395 "HTTP" ""
192.168.6.15 - jcarrillo [30/May/2021:09:15:49 -0500] "POST http://149.154.175.55:80/api HTTP/1.1" 200 2013 "HTTP" ""
192.168.6.15 - jcarrillo [30/May/2021:09:15:52 -0500] "POST http://149.154.175.55:80/api HTTP/1.1" 200 412 "HTTP" ""
192.168.6.15 - jcarrillo [30/May/2021:09:15:55 -0500] "POST http://149.154.175.55:80/api HTTP/1.1" 200 412 "HTTP" ""
192.168.6.15 - jcarrillo [30/May/2021:09:16:06 -0500] "POST http://149.154.175.55:80/api HTTP/1.1" 200 412 "HTTP" ""
192.168.6.15 - jcarrillo [30/May/2021:09:16:06 -0500] "POST http://149.154.175.55:80/api HTTP/1.1" 200 395 "HTTP" ""
192.168.6.15 - jcarrillo [30/May/2021:09:16:31 -0500] "POST http://149.154.175.55:80/api HTTP/1.1" 200 1244 "HTTP" ""
192.168.6.15 - jcarrillo [30/May/2021:09:16:51 -0500] "POST http://149.154.175.55:80/api HTTP/1.1" 200 828 "HTTP" ""
192.168.6.15 - jcarrillo [30/May/2021:09:16:51 -0500] "POST http://149.154.175.55:80/api HTTP/1.1" 200 412 "HTTP" ""
192.168.50.220 - servidores [30/May/2021:09:16:56 -0500] "CONNECT mirrors.fedoraproject.org:443 HTTP/1.1" 200 0 "HTTPS" "outgoing via 192.168.50.30"
192.168.50.220 - servidores [30/May/2021:09:16:59 -0500] "GET http://mirror.ueb.edu.ec/centos/7.9.2009/os/x86_64/repodata/repomd.xml HTTP/1.1" 200 4142 "HTTP" ""
192.168.50.220 - servidores [30/May/2021:09:17:01 -0500] "CONNECT repo.ius.io:443 HTTP/1.1" 200 0 "HTTPS" "outgoing via 192.168.50.30"
192.168.50.220 - servidores [30/May/2021:09:17:02 -0500] "CONNECT download.postgresql.org:443 HTTP/1.1" 200 0 "HTTPS" "outgoing via 192.168.50.30"
192.168.6.15 - jcarrillo [30/May/2021:09:17:16 -0500] "POST http://149.154.175.55:80/api HTTP/1.1" 200 395 "HTTP" ""
192.168.50.220 - servidores [30/May/2021:09:17:18 -0500] "CONNECT download.postgresql.org:443 HTTP/1.1" 200 0 "HTTPS" "outgoing via 192.168.50.30"
192.168.50.220 - servidores [30/May/2021:09:17:21 -0500] "CONNECT mirrors.chroot.ro:443 HTTP/1.1" 200 0 "HTTPS" "outgoing via 192.168.50.30"
192.168.6.15 - jcarrillo [30/May/2021:09:17:23 -0500] "POST http://149.154.175.55:80/api HTTP/1.1" 200 412 "HTTP" ""
192.168.50.220 - servidores [30/May/2021:09:17:23 -0500] "CONNECT download.rethinkdb.com:443 HTTP/1.1" 200 0 "HTTPS" "outgoing via 192.168.50.30"
192.168.6.15 - jcarrillo [30/May/2021:09:17:23 -0500] "POST http://149.154.175.55:80/api HTTP/1.1" 200 395 "HTTP" ""
192.168.50.220 - servidores [30/May/2021:09:17:23 -0500] "GET http://mirror.ueb.edu.ec/centos/7.9.2009/extras/x86_64/repodata/repomd.xml HTTP/1.1" 200 3461 "HTTP" ""
192.168.6.13 - faselis [30/May/2021:09:17:25 -0500] "CONNECT normandy.cdn.mozilla.net:443 HTTP/1.1" 200 0 "HTTPS" "outgoing via 192.168.50.30"
192.168.6.13 - faselis [30/May/2021:09:17:27 -0500] "CONNECT classify-client.services.mozilla.com:443 HTTP/1.1" 200 0 "HTTPS" "outgoing via 192.168.50.30"
192.168.6.13 - faselis [30/May/2021:09:17:28 -0500] "CONNECT content-signature-2.cdn.mozilla.net:443 HTTP/1.1" 200 0 "HTTPS" "outgoing via 192.168.50.30"
192.168.6.15 - jcarrillo [30/May/2021:09:17:34 -0500] "POST http://149.154.175.55:80/api HTTP/1.1" 200 17134 "HTTP" ""
192.168.1.29 - rquintanilla [30/May/2021:09:17:44 -0500] "CONNECT firefox.settings.services.mozilla.com:443 HTTP/1.1" 200 0 "HTTPS" "outgoing via 192.168.50.30"
192.168.1.29 - rquintanilla [30/May/2021:09:17:44 -0500] "CONNECT mail.google.com:443 HTTP/1.1" 200 0 "HTTPS" "outgoing via 192.168.50.30"
192.168.1.29 - rquintanilla [30/May/2021:09:17:44 -0500] "CONNECT www.alexa.com:443 HTTP/1.1" 200 0 "HTTPS" "outgoing via 192.168.50.30"
192.168.1.29 - rquintanilla [30/May/2021:09:17:44 -0500] "CONNECT tinyurl.com:443 HTTP/1.1" 200 0 "HTTPS" "outgoing via 192.168.50.30"
192.168.1.29 - rquintanilla [30/May/2021:09:17:44 -0500] "CONNECT shepherd.ff.avast.com:443 HTTP/1.1" 200 0 "HTTPS" "outgoing via 192.168.50.30"
192.168.1.29 - rquintanilla [30/May/2021:09:17:45 -0500] "CONNECT incoming.telemetry.mozilla.org:443 HTTP/1.1" 200 0 "HTTPS" "outgoing via 192.168.50.30"
192.168.1.29 - rquintanilla [30/May/2021:09:17:45 -0500] "CONNECT content-signature-2.cdn.mozilla.net:443 HTTP/1.1" 200 0 "HTTPS" "outgoing via 192.168.50.30"
192.168.1.29 - rquintanilla [30/May/2021:09:17:45 -0500] "CONNECT safebrowsing.googleapis.com:443 HTTP/1.1" 200 0 "HTTPS" "outgoing via 192.168.50.30"
192.168.1.29 - rquintanilla [30/May/2021:09:17:45 -0500] "CONNECT push.services.mozilla.com:443 HTTP/1.1" 200 0 "HTTPS" "outgoing via 192.168.50.30"
192.168.1.29 - rquintanilla [30/May/2021:09:17:45 -0500] "CONNECT mail.google.com:443 HTTP/1.1" 200 0 "HTTPS" "outgoing via 192.168.50.30"
192.168.1.29 - rquintanilla [30/May/2021:09:17:45 -0500] "CONNECT cursad.jovenclub.cu:443 HTTP/1.1" 200 0 "HTTPS" "outgoing via 192.168.50.30"
192.168.1.29 - rquintanilla [30/May/2021:09:17:45 -0500] "CONNECT token.services.mozilla.com:443 HTTP/1.1" 200 0 "HTTPS" "outgoing via 192.168.50.30"
192.168.1.29 - rquintanilla [30/May/2021:09:17:45 -0500] "CONNECT 0.1.0.1:1001 HTTP/1.1" 200 0 "HTTPS" "outgoing via 192.168.50.30"
192.168.1.29 - rquintanilla [30/May/2021:09:17:45 -0500] "POST http://ocsp.pki.goog/gts1c3 HTTP/1.1" 200 849 "HTTP" ""
192.168.1.29 - rquintanilla [30/May/2021:09:17:45 -0500] "POST http://ocsp.pki.goog/gts1c3 HTTP/1.1" 200 849 "HTTP" ""
192.168.1.29 - rquintanilla [30/May/2021:09:17:46 -0500] "CONNECT profile.accounts.firefox.com:443 HTTP/1.1" 200 0 "HTTPS" "outgoing via 192.168.50.30"
192.168.1.29 - rquintanilla [30/May/2021:09:17:46 -0500] "CONNECT api.accounts.firefox.com:443 HTTP/1.1" 200 0 "HTTPS" "outgoing via 192.168.50.30"
192.168.1.29 - rquintanilla [30/May/2021:09:17:46 -0500] "CONNECT profile.accounts.firefox.com:443 HTTP/1.1" 200 0 "HTTPS" "outgoing via 192.168.50.30"
192.168.1.29 - rquintanilla [30/May/2021:09:17:46 -0500] "CONNECT snippets.cdn.mozilla.net:443 HTTP/1.1" 200 0 "HTTPS" "outgoing via 192.168.50.30"
192.168.1.29 - rquintanilla [30/May/2021:09:17:47 -0500] "POST http://ocsp.digicert.com/ HTTP/1.1" 200 947 "HTTP" ""
192.168.1.29 - rquintanilla [30/May/2021:09:17:47 -0500] "POST http://ocsp.digicert.com/ HTTP/1.1" 200 947 "HTTP" ""
192.168.1.29 - rquintanilla [30/May/2021:09:17:48 -0500] "CONNECT snippets.cdn.mozilla.net:443 HTTP/1.1" 200 0 "HTTPS" "outgoing via 192.168.50.30"
192.168.1.29 - rquintanilla [30/May/2021:09:17:49 -0500] "CONNECT api.accounts.firefox.com:443 HTTP/1.1" 200 0 "HTTPS" "outgoing via 192.168.50.30"
192.168.1.29 - rquintanilla [30/May/2021:09:17:49 -0500] "CONNECT api.accounts.firefox.com:443 HTTP/1.1" 200 0 "HTTPS" "outgoing via 192.168.50.30"
192.168.1.29 - rquintanilla [30/May/2021:09:17:49 -0500] "CONNECT api.accounts.firefox.com:443 HTTP/1.1" 200 0 "HTTPS" "outgoing via 192.168.50.30"
192.168.1.29 - rquintanilla [30/May/2021:09:17:49 -0500] "CONNECT api.accounts.firefox.com:443 HTTP/1.1" 200 0 "HTTPS" "outgoing via 192.168.50.30"
192.168.1.29 - rquintanilla [30/May/2021:09:17:49 -0500] "CONNECT normandy.cdn.mozilla.net:443 HTTP/1.1" 200 0 "HTTPS" "outgoing via 192.168.50.30"
192.168.1.29 - rquintanilla [30/May/2021:09:17:49 -0500] "CONNECT cursad.jovenclub.cu:443 HTTP/1.1" 200 0 "HTTPS" "outgoing via 192.168.50.30"
192.168.1.29 - rquintanilla [30/May/2021:09:17:49 -0500] "CONNECT cursad.jovenclub.cu:443 HTTP/1.1" 200 0 "HTTPS" "outgoing via 192.168.50.30"
192.168.1.29 - rquintanilla [30/May/2021:09:17:49 -0500] "CONNECT cursad.jovenclub.cu:443 HTTP/1.1" 200 0 "HTTPS" "outgoing via 192.168.50.30"
192.168.1.29 - rquintanilla [30/May/2021:09:17:49 -0500] "CONNECT cursad.jovenclub.cu:443 HTTP/1.1" 200 0 "HTTPS" "outgoing via 192.168.50.30"
192.168.1.29 - rquintanilla [30/May/2021:09:17:49 -0500] "CONNECT cursad.jovenclub.cu:443 HTTP/1.1" 200 0 "HTTPS" "outgoing via 192.168.50.30"
192.168.1.29 - rquintanilla [30/May/2021:09:17:51 -0500] "CONNECT shavar.services.mozilla.com:443 HTTP/1.1" 200 0 "HTTPS" "outgoing via 192.168.50.30"
192.168.1.29 - rquintanilla [30/May/2021:09:17:52 -0500] "CONNECT push.services.mozilla.com:443 HTTP/1.1" 200 0 "HTTPS" "outgoing via 192.168.50.30"
192.168.1.29 - rquintanilla [30/May/2021:09:17:53 -0500] "CONNECT 0.1.0.1:1001 HTTP/1.1" 200 0 "HTTPS" "outgoing via 192.168.50.30"
192.168.1.29 - rquintanilla [30/May/2021:09:17:54 -0500] "CONNECT classify-client.services.mozilla.com:443 HTTP/1.1" 200 0 "HTTPS" "outgoing via 192.168.50.30"
192.168.1.29 - rquintanilla [30/May/2021:09:17:54 -0500] "POST http://ocsp.pki.goog/gts1o1core HTTP/1.1" 200 850 "HTTP" ""
192.168.1.29 - rquintanilla [30/May/2021:09:17:55 -0500] "CONNECT sync-1-us-west1-g.sync.services.mozilla.com:443 HTTP/1.1" 200 0 "HTTPS" "outgoing via 192.168.50.30"
192.168.1.29 - rquintanilla [30/May/2021:09:17:55 -0500] "CONNECT stats.cubava.cu:443 HTTP/1.1" 200 0 "HTTPS" "outgoing via 192.168.50.30"
192.168.1.29 - rquintanilla [30/May/2021:09:17:57 -0500] "POST http://r3.o.lencr.org/ HTTP/1.1" 200 1012 "HTTP" ""
192.168.1.29 - rquintanilla [30/May/2021:09:17:59 -0500] "CONNECT content-signature-2.cdn.mozilla.net:443 HTTP/1.1" 200 0 "HTTPS" "outgoing via 192.168.50.30"
192.168.1.29 - rquintanilla [30/May/2021:09:17:59 -0500] "CONNECT tracking-protection.cdn.mozilla.net:443 HTTP/1.1" 200 0 "HTTPS" "outgoing via 192.168.50.30"
192.168.1.29 - rquintanilla [30/May/2021:09:17:59 -0500] "CONNECT www.rbth.com:443 HTTP/1.1" 200 0 "HTTPS" "outgoing via 192.168.50.30"
192.168.1.29 - rquintanilla [30/May/2021:09:17:59 -0500] "CONNECT stats.truepush.com:443 HTTP/1.1" 200 0 "HTTPS" "outgoing via 192.168.50.30"
192.168.1.29 - rquintanilla [30/May/2021:09:17:59 -0500] "CONNECT stats.truepush.com:443 HTTP/1.1" 200 0 "HTTPS" "outgoing via 192.168.50.30"
192.168.1.29 - rquintanilla [30/May/2021:09:17:59 -0500] "CONNECT stats.truepush.com:443 HTTP/1.1" 200 0 "HTTPS" "outgoing via 192.168.50.30"
192.168.1.29 - rquintanilla [30/May/2021:09:17:59 -0500] "CONNECT stats.truepush.com:443 HTTP/1.1" 200 0 "HTTPS" "outgoing via 192.168.50.30"
192.168.1.29 - rquintanilla [30/May/2021:09:17:59 -0500] "CONNECT stats.truepush.com:443 HTTP/1.1" 200 0 "HTTPS" "outgoing via 192.168.50.30"
192.168.1.29 - rquintanilla [30/May/2021:09:17:59 -0500] "CONNECT stats.truepush.com:443 HTTP/1.1" 200 0 "HTTPS" "outgoing via 192.168.50.30"
192.168.6.15 - jcarrillo [30/May/2021:09:18:00 -0500] "POST http://149.154.175.55:80/api HTTP/1.1" 200 395 "HTTP" ""
192.168.1.29 - rquintanilla [30/May/2021:09:18:00 -0500] "CONNECT sdki.truepush.com:443 HTTP/1.1" 200 0 "HTTPS" "outgoing via 192.168.50.30"
192.168.1.29 - rquintanilla [30/May/2021:09:18:00 -0500] "CONNECT www.cubacute.com:443 HTTP/1.1" 200 0 "HTTPS" "outgoing via 192.168.50.30"
192.168.6.15 - jcarrillo [30/May/2021:09:18:00 -0500] "POST http://149.154.175.55:80/api HTTP/1.1" 200 395 "HTTP" ""
192.168.1.29 - rquintanilla [30/May/2021:09:18:00 -0500] "CONNECT es.rbth.com:443 HTTP/1.1" 200 0 "HTTPS" "outgoing via 192.168.50.30"
192.168.1.29 - rquintanilla [30/May/2021:09:18:04 -0500] "POST http://ocsp.digicert.com/ HTTP/1.1" 200 947 "HTTP" ""
192.168.1.29 - rquintanilla [30/May/2021:09:18:04 -0500] "POST http://ocsp.digicert.com/ HTTP/1.1" 200 946 "HTTP" ""
192.168.1.29 - rquintanilla [30/May/2021:09:18:04 -0500] "POST http://ocsp.digicert.com/ HTTP/1.1" 200 946 "HTTP" ""
192.168.1.29 - rquintanilla [30/May/2021:09:18:04 -0500] "POST http://ocsp.digicert.com/ HTTP/1.1" 200 946 "HTTP" ""
192.168.1.29 - rquintanilla [30/May/2021:09:18:06 -0500] "CONNECT 0.1.0.1:1001 HTTP/1.1" 200 0 "HTTPS" "outgoing via 192.168.50.30"
192.168.1.29 - rquintanilla [30/May/2021:09:18:08 -0500] "CONNECT tracking-protection.cdn.mozilla.net:443 HTTP/1.1" 200 0 "HTTPS" "outgoing via 192.168.50.30"
192.168.1.29 - rquintanilla [30/May/2021:09:18:10 -0500] "CONNECT tracking-protection.cdn.mozilla.net:443 HTTP/1.1" 200 0 "HTTPS" "outgoing via 192.168.50.30"
192.168.1.29 - rquintanilla [30/May/2021:09:18:13 -0500] "CONNECT tracking-protection.cdn.mozilla.net:443 HTTP/1.1" 200 0 "HTTPS" "outgoing via 192.168.50.30"
192.168.1.29 - rquintanilla [30/May/2021:09:18:15 -0500] "CONNECT tracking-protection.cdn.mozilla.net:443 HTTP/1.1" 200 0 "HTTPS" "outgoing via 192.168.50.30"
192.168.1.29 - rquintanilla [30/May/2021:09:18:17 -0500] "CONNECT tracking-protection.cdn.mozilla.net:443 HTTP/1.1" 200 0 "HTTPS" "outgoing via 192.168.50.30"
192.168.1.29 - rquintanilla [30/May/2021:09:18:19 -0500] "CONNECT incoming.telemetry.mozilla.org:443 HTTP/1.1" 200 0 "HTTPS" "outgoing via 192.168.50.30"
192.168.1.29 - rquintanilla [30/May/2021:09:18:24 -0500] "CONNECT 0.1.0.1:1001 HTTP/1.1" 200 0 "HTTPS" "outgoing via 192.168.50.30"
192.168.1.29 - rquintanilla [30/May/2021:09:18:25 -0500] "CONNECT stats.cubava.cu:443 HTTP/1.1" 200 0 "HTTPS" "outgoing via 192.168.50.30"
192.168.6.15 - jcarrillo [30/May/2021:09:18:25 -0500] "POST http://149.154.175.55:80/api HTTP/1.1" 200 1405 "HTTP" ""
192.168.1.29 - rquintanilla [30/May/2021:09:18:38 -0500] "CONNECT tracking-protection.cdn.mozilla.net:443 HTTP/1.1" 200 0 "HTTPS" "outgoing via 192.168.50.30"
192.168.50.8 - arodriguez [30/May/2021:09:18:39 -0500] "HEAD http://update.eset.com/eset_eval/update.ver HTTP/1.1" 200 383 "HTTP" ""
192.168.1.29 - rquintanilla [30/May/2021:09:18:42 -0500] "CONNECT tracking-protection.cdn.mozilla.net:443 HTTP/1.1" 200 0 "HTTPS" "outgoing via 192.168.50.30"
192.168.1.29 - rquintanilla [30/May/2021:09:18:43 -0500] "CONNECT tracking-protection.cdn.mozilla.net:443 HTTP/1.1" 200 0 "HTTPS" "outgoing via 192.168.50.30"
192.168.1.29 - rquintanilla [30/May/2021:09:18:44 -0500] "GET http://detectportal.firefox.com/success.txt HTTP/1.1" 200 362 "HTTP" ""
192.168.1.29 - rquintanilla [30/May/2021:09:18:44 -0500] "GET http://detectportal.firefox.com/success.txt?ipv4 HTTP/1.1" 200 362 "HTTP" ""
192.168.6.15 - jcarrillo [30/May/2021:09:18:45 -0500] "POST http://149.154.175.55:80/api HTTP/1.1" 200 395 "HTTP" ""
192.168.1.29 - rquintanilla [30/May/2021:09:18:45 -0500] "CONNECT tracking-protection.cdn.mozilla.net:443 HTTP/1.1" 200 0 "HTTPS" "outgoing via 192.168.50.30"
192.168.1.29 - rquintanilla [30/May/2021:09:18:46 -0500] "CONNECT tracking-protection.cdn.mozilla.net:443 HTTP/1.1" 200 0 "HTTPS" "outgoing via 192.168.50.30"
192.168.1.29 - rquintanilla [30/May/2021:09:18:47 -0500] "CONNECT 0.1.0.1:1001 HTTP/1.1" 200 0 "HTTPS" "outgoing via 192.168.50.30"
192.168.50.8 - arodriguez [30/May/2021:09:18:47 -0500] "GET http://update.eset.com/eset_eval/update.ver HTTP/1.1" 200 119802 "HTTP" ""
192.168.50.8 - arodriguez [30/May/2021:09:18:47 -0500] "HEAD http://update.eset.com/v3-eval-sta/mod_002_engine_49634/em002_32_l2.nup HTTP/1.1" 200 377 "HTTP" ""
192.168.6.15 - jcarrillo [30/May/2021:09:18:50 -0500] "POST http://149.154.175.55:80/api HTTP/1.1" 200 492 "HTTP" ""
192.168.6.15 - jcarrillo [30/May/2021:09:18:55 -0500] "POST http://149.154.175.55:80/api HTTP/1.1" 200 412 "HTTP" ""
192.168.6.15 - jcarrillo [30/May/2021:09:18:57 -0500] "POST http://149.154.175.55:80/api HTTP/1.1" 200 412 "HTTP" ""
192.168.6.15 - jcarrillo [30/May/2021:09:19:03 -0500] "POST http://149.154.175.55:80/api HTTP/1.1" 200 412 "HTTP" ""
192.168.6.15 - jcarrillo [30/May/2021:09:19:03 -0500] "POST http://149.154.175.55:80/api HTTP/1.1" 200 412 "HTTP" ""
192.168.6.15 - jcarrillo [30/May/2021:09:19:04 -0500] "POST http://149.154.175.55:80/api HTTP/1.1" 200 412 "HTTP" ""
192.168.1.29 - rquintanilla [30/May/2021:09:19:05 -0500] "CONNECT cursad.jovenclub.cu:443 HTTP/1.1" 200 0 "HTTPS" "outgoing via 192.168.50.30"
192.168.1.29 - rquintanilla [30/May/2021:09:19:06 -0500] "CONNECT cursad.jovenclub.cu:443 HTTP/1.1" 200 0 "HTTPS" "outgoing via 192.168.50.30"
192.168.1.29 - rquintanilla [30/May/2021:09:19:06 -0500] "CONNECT cursad.jovenclub.cu:443 HTTP/1.1" 200 0 "HTTPS" "outgoing via 192.168.50.30"
192.168.1.29 - rquintanilla [30/May/2021:09:19:06 -0500] "CONNECT cursad.jovenclub.cu:443 HTTP/1.1" 200 0 "HTTPS" "outgoing via 192.168.50.30"
192.168.1.29 - rquintanilla [30/May/2021:09:19:06 -0500] "CONNECT cursad.jovenclub.cu:443 HTTP/1.1" 200 0 "HTTPS" "outgoing via 192.168.50.30"
192.168.1.29 - rquintanilla [30/May/2021:09:19:06 -0500] "CONNECT cursad.jovenclub.cu:443 HTTP/1.1" 200 0 "HTTPS" "outgoing via 192.168.50.30"
192.168.6.15 - jcarrillo [30/May/2021:09:19:07 -0500] "POST http://149.154.175.55:80/api HTTP/1.1" 200 412 "HTTP" ""
192.168.6.15 - jcarrillo [30/May/2021:09:19:09 -0500] "POST http://149.154.175.55:80/api HTTP/1.1" 200 412 "HTTP" ""
192.168.1.29 - rquintanilla [30/May/2021:09:19:10 -0500] "CONNECT stats.cubava.cu:443 HTTP/1.1" 200 0 "HTTPS" "outgoing via 192.168.50.30"
192.168.1.29 - rquintanilla [30/May/2021:09:19:14 -0500] "CONNECT 0.1.0.1:1001 HTTP/1.1" 200 0 "HTTPS" "outgoing via 192.168.50.30"
192.168.6.15 - jcarrillo [30/May/2021:09:19:19 -0500] "POST http://149.154.175.55:80/api HTTP/1.1" 200 540 "HTTP" ""
192.168.6.15 - jcarrillo [30/May/2021:09:19:19 -0500] "POST http://149.154.175.55:80/api HTTP/1.1" 200 395 "HTTP" ""
192.168.6.13 - faselis [30/May/2021:09:19:25 -0500] "CONNECT services.addons.mozilla.org:443 HTTP/1.1" 200 0 "HTTPS" "outgoing via 192.168.50.30"
192.168.6.13 - faselis [30/May/2021:09:19:25 -0500] "CONNECT services.addons.mozilla.org:443 HTTP/1.1" 200 0 "HTTPS" "outgoing via 192.168.50.30"
192.168.6.13 - faselis [30/May/2021:09:19:27 -0500] "CONNECT aus5.mozilla.org:443 HTTP/1.1" 200 0 "HTTPS" "outgoing via 192.168.50.30"
192.168.6.13 - faselis [30/May/2021:09:19:28 -0500] "CONNECT redirector.gvt1.com:443 HTTP/1.1" 200 0 "HTTPS" "outgoing via 192.168.50.30"
192.168.6.13 - faselis [30/May/2021:09:19:30 -0500] "CONNECT r2---sn-xuxjn5-i58e.gvt1.com:443 HTTP/1.1" 200 0 "HTTPS" "outgoing via 192.168.50.30"
192.168.6.13 - faselis [30/May/2021:09:19:31 -0500] "CONNECT dl.google.com:443 HTTP/1.1" 200 0 "HTTPS" "outgoing via 192.168.50.30"
192.168.6.15 - jcarrillo [30/May/2021:09:19:44 -0500] "POST http://149.154.175.55:80/api HTTP/1.1" 200 395 "HTTP" ""
192.168.1.29 - rquintanilla [30/May/2021:09:19:47 -0500] "CONNECT 0.1.0.1:1001 HTTP/1.1" 200 0 "HTTPS" "outgoing via 192.168.50.30"
192.168.1.29 - rquintanilla [30/May/2021:09:19:54 -0500] "POST http://ocsp.digicert.com/ HTTP/1.1" 200 947 "HTTP" ""
192.168.1.29 - rquintanilla [30/May/2021:09:19:57 -0500] "POST http://ocsp.digicert.com/ HTTP/1.1" 200 947 "HTTP" ""
192.168.6.15 - jcarrillo [30/May/2021:09:19:59 -0500] "POST http://149.154.175.55:80/api HTTP/1.1" 200 412 "HTTP" ""
192.168.6.15 - jcarrillo [30/May/2021:09:19:59 -0500] "POST http://149.154.175.55:80/api HTTP/1.1" 200 395 "HTTP" ""
192.168.6.15 - jcarrillo [30/May/2021:09:20:08 -0500] "POST http://149.154.175.55:80/api HTTP/1.1" 200 524 "HTTP" ""
192.168.1.29 - rquintanilla [30/May/2021:09:20:09 -0500] "CONNECT cursad.jovenclub.cu:443 HTTP/1.1" 200 0 "HTTPS" "outgoing via 192.168.50.30"
192.168.1.29 - rquintanilla [30/May/2021:09:20:10 -0500] "CONNECT stats.cubava.cu:443 HTTP/1.1" 200 0 "HTTPS" "outgoing via 192.168.50.30"
192.168.6.15 - jcarrillo [30/May/2021:09:20:20 -0500] "POST http://149.154.175.55:80/api HTTP/1.1" 200 412 "HTTP" ""
192.168.6.15 - jcarrillo [30/May/2021:09:20:22 -0500] "POST http://149.154.175.55:80/api HTTP/1.1" 200 412 "HTTP" ""
192.168.6.15 - jcarrillo [30/May/2021:09:20:24 -0500] "POST http://149.154.175.55:80/api HTTP/1.1" 200 412 "HTTP" ""
192.168.1.29 - rquintanilla [30/May/2021:09:20:24 -0500] "CONNECT 0.1.0.1:1001 HTTP/1.1" 200 0 "HTTPS" "outgoing via 192.168.50.30"
192.168.6.15 - jcarrillo [30/May/2021:09:20:26 -0500] "POST http://149.154.175.55:80/api HTTP/1.1" 200 412 "HTTP" ""
192.168.1.29 - rquintanilla [30/May/2021:09:20:40 -0500] "CONNECT stats.cubava.cu:443 HTTP/1.1" 200 0 "HTTPS" "outgoing via 192.168.50.30"
192.168.6.15 - jcarrillo [30/May/2021:09:20:44 -0500] "POST http://149.154.175.55:80/api HTTP/1.1" 200 556 "HTTP" ""
192.168.6.15 - jcarrillo [30/May/2021:09:20:51 -0500] "POST http://149.154.175.55:80/api HTTP/1.1" 200 395 "HTTP" ""
192.168.6.15 - jcarrillo [30/May/2021:09:20:58 -0500] "POST http://149.154.175.55:80/api HTTP/1.1" 200 412 "HTTP" ""
192.168.1.29 - rquintanilla [30/May/2021:09:21:07 -0500] "CONNECT 0.1.0.1:1001 HTTP/1.1" 200 0 "HTTPS" "outgoing via 192.168.50.30"
192.168.1.29 - rquintanilla [30/May/2021:09:21:09 -0500] "CONNECT normandy.cdn.mozilla.net:443 HTTP/1.1" 200 0 "HTTPS" "outgoing via 192.168.50.30"
192.168.1.29 - rquintanilla [30/May/2021:09:21:11 -0500] "CONNECT classify-client.services.mozilla.com:443 HTTP/1.1" 200 0 "HTTPS" "outgoing via 192.168.50.30"
192.168.6.15 - jcarrillo [30/May/2021:09:21:23 -0500] "POST http://149.154.175.55:80/api HTTP/1.1" 200 460 "HTTP" ""
192.168.6.15 - jcarrillo [30/May/2021:09:21:23 -0500] "POST http://149.154.175.55:80/api HTTP/1.1" 200 395 "HTTP" ""
192.168.6.15 - jcarrillo [30/May/2021:09:21:24 -0500] "POST http://149.154.175.55:80/api HTTP/1.1" 200 460 "HTTP" ""
192.168.1.29 - rquintanilla [30/May/2021:09:21:28 -0500] "CONNECT cursad.jovenclub.cu:443 HTTP/1.1" 200 0 "HTTPS" "outgoing via 192.168.50.30"
192.168.1.29 - rquintanilla [30/May/2021:09:21:30 -0500] "CONNECT cursad.jovenclub.cu:443 HTTP/1.1" 200 0 "HTTPS" "outgoing via 192.168.50.30"
192.168.1.29 - rquintanilla [30/May/2021:09:21:31 -0500] "CONNECT stats.cubava.cu:443 HTTP/1.1" 200 0 "HTTPS" "outgoing via 192.168.50.30"
192.168.6.15 - jcarrillo [30/May/2021:09:21:35 -0500] "POST http://149.154.175.55:80/api HTTP/1.1" 200 412 "HTTP" ""
192.168.1.29 - rquintanilla [30/May/2021:09:21:40 -0500] "CONNECT stats.cubava.cu:443 HTTP/1.1" 200 0 "HTTPS" "outgoing via 192.168.50.30"
192.168.6.15 - jcarrillo [30/May/2021:09:21:41 -0500] "POST http://149.154.175.55:80/api HTTP/1.1" 200 1309 "HTTP" ""
192.168.6.15 - jcarrillo [30/May/2021:09:21:43 -0500] "POST http://149.154.175.55:80/api HTTP/1.1" 200 412 "HTTP" ""
192.168.1.29 - rquintanilla [30/May/2021:09:21:54 -0500] "CONNECT 0.1.0.1:1001 HTTP/1.1" 200 0 "HTTPS" "outgoing via 192.168.50.30"
192.168.6.15 - jcarrillo [30/May/2021:09:22:00 -0500] "POST http://149.154.175.55:80/api HTTP/1.1" 200 395 "HTTP" ""
192.168.6.15 - jcarrillo [30/May/2021:09:22:00 -0500] "POST http://149.154.175.55:80/api HTTP/1.1" 200 1292 "HTTP" ""
192.168.6.15 - jcarrillo [30/May/2021:09:22:08 -0500] "POST http://149.154.175.55:80/api HTTP/1.1" 200 395 "HTTP" ""
192.168.1.29 - rquintanilla [30/May/2021:09:22:10 -0500] "CONNECT stats.cubava.cu:443 HTTP/1.1" 200 0 "HTTPS" "outgoing via 192.168.50.30"
192.168.6.15 - jcarrillo [30/May/2021:09:22:17 -0500] "POST http://149.154.175.55:80/api HTTP/1.1" 200 732 "HTTP" ""
192.168.6.15 - jcarrillo [30/May/2021:09:22:17 -0500] "POST http://149.154.175.55:80/api HTTP/1.1" 200 732 "HTTP" ""
192.168.6.15 - jcarrillo [30/May/2021:09:22:17 -0500] "POST http://149.154.175.55:80/api HTTP/1.1" 200 732 "HTTP" ""
192.168.6.15 - jcarrillo [30/May/2021:09:22:17 -0500] "POST http://149.154.175.55:80/api HTTP/1.1" 200 732 "HTTP" ""
192.168.6.15 - jcarrillo [30/May/2021:09:22:17 -0500] "POST http://149.154.175.55:80/api HTTP/1.1" 200 732 "HTTP" ""
192.168.6.15 - jcarrillo [30/May/2021:09:22:17 -0500] "POST http://149.154.175.55:80/api HTTP/1.1" 200 732 "HTTP" ""
192.168.6.15 - jcarrillo [30/May/2021:09:22:33 -0500] "POST http://149.154.175.55:80/api HTTP/1.1" 200 876 "HTTP" ""
192.168.6.15 - jcarrillo [30/May/2021:09:22:33 -0500] "POST http://149.154.175.55:80/api HTTP/1.1" 200 876 "HTTP" ""
192.168.6.15 - jcarrillo [30/May/2021:09:22:33 -0500] "POST http://149.154.175.55:80/api HTTP/1.1" 200 876 "HTTP" ""
192.168.6.15 - jcarrillo [30/May/2021:09:22:33 -0500] "POST http://149.154.175.55:80/api HTTP/1.1" 200 876 "HTTP" ""
192.168.6.15 - jcarrillo [30/May/2021:09:22:33 -0500] "POST http://149.154.175.55:80/api HTTP/1.1" 200 876 "HTTP" ""
192.168.6.15 - jcarrillo [30/May/2021:09:22:33 -0500] "POST http://149.154.175.55:80/api HTTP/1.1" 200 876 "HTTP" ""
192.168.50.50 - servidores [30/May/2021:09:22:44 -0500] "CONNECT mirrors.fedoraproject.org:443 HTTP/1.1" 200 0 "HTTPS" "outgoing via 192.168.50.30"
192.168.1.29 - rquintanilla [30/May/2021:09:22:46 -0500] "CONNECT 0.1.0.1:1001 HTTP/1.1" 200 0 "HTTPS" "outgoing via 192.168.50.30"
192.168.50.50 - servidores [30/May/2021:09:22:48 -0500] "GET http://mirror.cedia.org.ec/remi/enterprise/7/remi/x86_64/repodata/repomd.xml HTTP/1.1" 200 3490 "HTTP" ""
192.168.50.50 - servidores [30/May/2021:09:22:48 -0500] "GET http://mirror.cedia.org.ec/remi/enterprise/7/php56/x86_64/repodata/repomd.xml HTTP/1.1" 200 3477 "HTTP" ""
192.168.50.50 - servidores [30/May/2021:09:22:48 -0500] "GET http://mirror.cedia.org.ec/remi/enterprise/7/php73/x86_64/repodata/repomd.xml HTTP/1.1" 200 3477 "HTTP" ""
192.168.6.15 - jcarrillo [30/May/2021:09:22:58 -0500] "POST http://149.154.175.55:80/api HTTP/1.1" 200 540 "HTTP" ""
192.168.6.15 - jcarrillo [30/May/2021:09:22:58 -0500] "POST http://149.154.175.55:80/api HTTP/1.1" 200 540 "HTTP" ""
192.168.6.15 - jcarrillo [30/May/2021:09:22:58 -0500] "POST http://149.154.175.55:80/api HTTP/1.1" 200 540 "HTTP" ""
192.168.6.15 - jcarrillo [30/May/2021:09:22:58 -0500] "POST http://149.154.175.55:80/api HTTP/1.1" 200 540 "HTTP" ""
192.168.6.15 - jcarrillo [30/May/2021:09:22:58 -0500] "POST http://149.154.175.55:80/api HTTP/1.1" 200 540 "HTTP" ""
192.168.6.15 - jcarrillo [30/May/2021:09:23:08 -0500] "POST http://149.154.175.55:80/api HTTP/1.1" 200 540 "HTTP" ""
192.168.6.15 - jcarrillo [30/May/2021:09:23:19 -0500] "POST http://149.154.175.55:80/api HTTP/1.1" 200 395 "HTTP" ""
192.168.6.13 - faselis [30/May/2021:09:23:25 -0500] "CONNECT blocklists.settings.services.mozilla.com:443 HTTP/1.1" 200 0 "HTTPS" "outgoing via 192.168.50.30"
192.168.6.13 - faselis [30/May/2021:09:23:27 -0500] "CONNECT blocklists.settings.services.mozilla.com:443 HTTP/1.1" 200 0 "HTTPS" "outgoing via 192.168.50.30"
192.168.1.29 - rquintanilla [30/May/2021:09:23:30 -0500] "CONNECT cursad.jovenclub.cu:443 HTTP/1.1" 200 0 "HTTPS" "outgoing via 192.168.50.30"
192.168.1.29 - rquintanilla [30/May/2021:09:23:32 -0500] "CONNECT stats.cubava.cu:443 HTTP/1.1" 200 0 "HTTPS" "outgoing via 192.168.50.30"
192.168.6.15 - jcarrillo [30/May/2021:09:23:33 -0500] "POST http://149.154.175.55:80/api HTTP/1.1" 200 395 "HTTP" ""
192.168.1.29 - rquintanilla [30/May/2021:09:23:33 -0500] "CONNECT cursad.jovenclub.cu:443 HTTP/1.1" 200 0 "HTTPS" "outgoing via 192.168.50.30"
192.168.1.29 - rquintanilla [30/May/2021:09:23:43 -0500] "CONNECT 0.1.0.1:1001 HTTP/1.1" 200 0 "HTTPS" "outgoing via 192.168.50.30"
192.168.6.15 - jcarrillo [30/May/2021:09:23:45 -0500] "POST http://149.154.175.55:80/api HTTP/1.1" 200 395 "HTTP" ""
192.168.1.29 - rquintanilla [30/May/2021:09:23:49 -0500] "CONNECT firefox.settings.services.mozilla.com:443 HTTP/1.1" 200 0 "HTTPS" "outgoing via 192.168.50.30"
192.168.1.29 - rquintanilla [30/May/2021:09:24:02 -0500] "CONNECT stats.cubava.cu:443 HTTP/1.1" 200 0 "HTTPS" "outgoing via 192.168.50.30"
192.168.6.15 - jcarrillo [30/May/2021:09:24:10 -0500] "POST http://149.154.175.55:80/api HTTP/1.1" 200 460 "HTTP" ""
192.168.6.15 - jcarrillo [30/May/2021:09:24:10 -0500] "POST http://149.154.175.55:80/api HTTP/1.1" 200 395 "HTTP" ""
192.168.1.29 - rquintanilla [30/May/2021:09:24:13 -0500] "CONNECT stats.cubava.cu:443 HTTP/1.1" 200 0 "HTTPS" "outgoing via 192.168.50.30"
192.168.6.15 - jcarrillo [30/May/2021:09:24:16 -0500] "POST http://149.154.175.55:80/api HTTP/1.1" 200 412 "HTTP" ""
192.168.6.15 - jcarrillo [30/May/2021:09:24:24 -0500] "POST http://149.154.175.55:80/api HTTP/1.1" 200 395 "HTTP" ""
192.168.6.15 - jcarrillo [30/May/2021:09:24:27 -0500] "POST http://149.154.175.55:80/api HTTP/1.1" 200 428 "HTTP" ""
192.168.1.29 - rquintanilla [30/May/2021:09:24:34 -0500] "CONNECT stats.cubava.cu:443 HTTP/1.1" 200 0 "HTTPS" "outgoing via 192.168.50.30"
192.168.1.29 - rquintanilla [30/May/2021:09:24:43 -0500] "CONNECT incoming.telemetry.mozilla.org:443 HTTP/1.1" 200 0 "HTTPS" "outgoing via 192.168.50.30"
192.168.1.29 - rquintanilla [30/May/2021:09:24:45 -0500] "CONNECT 0.1.0.1:1001 HTTP/1.1" 200 0 "HTTPS" "outgoing via 192.168.50.30"
192.168.6.15 - jcarrillo [30/May/2021:09:24:49 -0500] "CONNECT v10.events.data.microsoft.com:443 HTTP/1.1" 200 0 "HTTPS" "outgoing via 192.168.50.30"
192.168.1.29 - rquintanilla [30/May/2021:09:24:52 -0500] "CONNECT stats.cubava.cu:443 HTTP/1.1" 200 0 "HTTPS" "outgoing via 192.168.50.30"
192.168.6.15 - jcarrillo [30/May/2021:09:24:52 -0500] "CONNECT v20.events.data.microsoft.com:443 HTTP/1.1" 200 0 "HTTPS" "outgoing via 192.168.50.30"
192.168.6.15 - jcarrillo [30/May/2021:09:24:52 -0500] "POST http://149.154.175.55:80/api HTTP/1.1" 200 476 "HTTP" ""
192.168.6.15 - jcarrillo [30/May/2021:09:24:53 -0500] "POST http://149.154.175.55:80/api HTTP/1.1" 200 395 "HTTP" ""
192.168.1.29 - rquintanilla [30/May/2021:09:24:57 -0500] "CONNECT stats.cubava.cu:443 HTTP/1.1" 200 0 "HTTPS" "outgoing via 192.168.50.30"
192.168.1.29 - rquintanilla [30/May/2021:09:24:58 -0500] "CONNECT cursad.jovenclub.cu:443 HTTP/1.1" 200 0 "HTTPS" "outgoing via 192.168.50.30"
192.168.6.15 - jcarrillo [30/May/2021:09:24:58 -0500] "POST http://149.154.175.55:80/api HTTP/1.1" 200 395 "HTTP" ""
192.168.1.29 - rquintanilla [30/May/2021:09:24:58 -0500] "CONNECT cursad.jovenclub.cu:443 HTTP/1.1" 200 0 "HTTPS" "outgoing via 192.168.50.30"
192.168.1.29 - rquintanilla [30/May/2021:09:25:02 -0500] "CONNECT cdnjs.cloudflare.com:443 HTTP/1.1" 200 0 "HTTPS" "outgoing via 192.168.50.30"
192.168.1.29 - rquintanilla [30/May/2021:09:25:04 -0500] "CONNECT stats.cubava.cu:443 HTTP/1.1" 200 0 "HTTPS" "outgoing via 192.168.50.30"
192.168.6.15 - jcarrillo [30/May/2021:09:25:18 -0500] "POST http://149.154.175.55:80/api HTTP/1.1" 200 588 "HTTP" ""
192.168.6.15 - jcarrillo [30/May/2021:09:25:23 -0500] "POST http://149.154.175.55:80/api HTTP/1.1" 200 395 "HTTP" ""
192.168.6.15 - jcarrillo [30/May/2021:09:25:23 -0500] "POST http://149.154.175.55:80/api HTTP/1.1" 200 395 "HTTP" ""
192.168.1.29 - rquintanilla [30/May/2021:09:25:23 -0500] "CONNECT stats.cubava.cu:443 HTTP/1.1" 200 0 "HTTPS" "outgoing via 192.168.50.30"
192.168.1.29 - rquintanilla [30/May/2021:09:25:24 -0500] "CONNECT cursad.jovenclub.cu:443 HTTP/1.1" 200 0 "HTTPS" "outgoing via 192.168.50.30"
192.168.1.29 - rquintanilla [30/May/2021:09:25:24 -0500] "CONNECT cursad.jovenclub.cu:443 HTTP/1.1" 200 0 "HTTPS" "outgoing via 192.168.50.30"
192.168.6.15 - jcarrillo [30/May/2021:09:25:29 -0500] "POST http://149.154.175.55:80/api HTTP/1.1" 200 428 "HTTP" ""
192.168.6.15 - jcarrillo [30/May/2021:09:25:29 -0500] "POST http://149.154.175.55:80/api HTTP/1.1" 200 412 "HTTP" ""
192.168.6.15 - jcarrillo [30/May/2021:09:25:32 -0500] "CONNECT v10.events.data.microsoft.com:443 HTTP/1.1" 200 0 "HTTPS" "outgoing via 192.168.50.30"
192.168.6.15 - jcarrillo [30/May/2021:09:25:42 -0500] "POST http://149.154.175.55:80/api HTTP/1.1" 200 412 "HTTP" ""
192.168.6.15 - jcarrillo [30/May/2021:09:25:44 -0500] "POST http://149.154.175.55:80/api HTTP/1.1" 200 395 "HTTP" ""
192.168.6.15 - jcarrillo [30/May/2021:09:25:44 -0500] "POST http://149.154.175.55:80/api HTTP/1.1" 200 412 "HTTP" ""
192.168.1.29 - rquintanilla [30/May/2021:09:25:49 -0500] "CONNECT services.addons.mozilla.org:443 HTTP/1.1" 200 0 "HTTPS" "outgoing via 192.168.50.30"
192.168.1.29 - rquintanilla [30/May/2021:09:25:52 -0500] "CONNECT 0.1.0.1:1001 HTTP/1.1" 200 0 "HTTPS" "outgoing via 192.168.50.30"
192.168.1.29 - rquintanilla [30/May/2021:09:25:52 -0500] "CONNECT aus5.mozilla.org:443 HTTP/1.1" 200 0 "HTTPS" "outgoing via 192.168.50.30"
192.168.1.29 - rquintanilla [30/May/2021:09:25:52 -0500] "CONNECT aus5.mozilla.org:443 HTTP/1.1" 200 0 "HTTPS" "outgoing via 192.168.50.30"
192.168.1.29 - rquintanilla [30/May/2021:09:25:52 -0500] "POST http://ocsp.digicert.com/ HTTP/1.1" 200 947 "HTTP" ""
192.168.1.29 - rquintanilla [30/May/2021:09:25:53 -0500] "CONNECT versioncheck-bg.addons.mozilla.org:443 HTTP/1.1" 200 0 "HTTPS" "outgoing via 192.168.50.30"
192.168.1.29 - rquintanilla [30/May/2021:09:25:53 -0500] "CONNECT versioncheck-bg.addons.mozilla.org:443 HTTP/1.1" 200 0 "HTTPS" "outgoing via 192.168.50.30"
192.168.1.29 - rquintanilla [30/May/2021:09:25:53 -0500] "CONNECT versioncheck-bg.addons.mozilla.org:443 HTTP/1.1" 200 0 "HTTPS" "outgoing via 192.168.50.30"
192.168.1.29 - rquintanilla [30/May/2021:09:25:53 -0500] "CONNECT versioncheck-bg.addons.mozilla.org:443 HTTP/1.1" 200 0 "HTTPS" "outgoing via 192.168.50.30"
192.168.1.29 - rquintanilla [30/May/2021:09:25:53 -0500] "CONNECT versioncheck-bg.addons.mozilla.org:443 HTTP/1.1" 200 0 "HTTPS" "outgoing via 192.168.50.30"
192.168.1.29 - rquintanilla [30/May/2021:09:25:53 -0500] "CONNECT versioncheck-bg.addons.mozilla.org:443 HTTP/1.1" 200 0 "HTTPS" "outgoing via 192.168.50.30"
192.168.1.29 - rquintanilla [30/May/2021:09:25:53 -0500] "CONNECT stats.cubava.cu:443 HTTP/1.1" 200 0 "HTTPS" "outgoing via 192.168.50.30"
192.168.1.29 - rquintanilla [30/May/2021:09:25:54 -0500] "CONNECT redirector.gvt1.com:443 HTTP/1.1" 200 0 "HTTPS" "outgoing via 192.168.50.30"
192.168.1.29 - rquintanilla [30/May/2021:09:25:54 -0500] "POST http://ocsp.digicert.com/ HTTP/1.1" 200 947 "HTTP" ""
192.168.1.29 - rquintanilla [30/May/2021:09:25:54 -0500] "CONNECT addons.cdn.mozilla.net:443 HTTP/1.1" 200 0 "HTTPS" "outgoing via 192.168.50.30"
192.168.1.29 - rquintanilla [30/May/2021:09:25:55 -0500] "CONNECT addons.cdn.mozilla.net:443 HTTP/1.1" 200 0 "HTTPS" "outgoing via 192.168.50.30"
192.168.1.29 - rquintanilla [30/May/2021:09:25:55 -0500] "CONNECT r2---sn-xuxjn5-i58e.gvt1.com:443 HTTP/1.1" 200 0 "HTTPS" "outgoing via 192.168.50.30"
192.168.1.29 - rquintanilla [30/May/2021:09:25:56 -0500] "CONNECT addons.cdn.mozilla.net:443 HTTP/1.1" 200 0 "HTTPS" "outgoing via 192.168.50.30"
192.168.1.29 - rquintanilla [30/May/2021:09:25:57 -0500] "POST http://ocsp.pki.goog/gts1o1core HTTP/1.1" 200 850 "HTTP" ""
192.168.1.29 - rquintanilla [30/May/2021:09:25:58 -0500] "CONNECT stats.cubava.cu:443 HTTP/1.1" 200 0 "HTTPS" "outgoing via 192.168.50.30"
192.168.1.29 - rquintanilla [30/May/2021:09:26:01 -0500] "CONNECT dl.google.com:443 HTTP/1.1" 200 0 "HTTPS" "outgoing via 192.168.50.30"
192.168.1.29 - rquintanilla [30/May/2021:09:26:03 -0500] "CONNECT stats.cubava.cu:443 HTTP/1.1" 200 0 "HTTPS" "outgoing via 192.168.50.30"
192.168.1.29 - rquintanilla [30/May/2021:09:26:07 -0500] "CONNECT incoming.telemetry.mozilla.org:443 HTTP/1.1" 200 0 "HTTPS" "outgoing via 192.168.50.30"
192.168.1.29 - rquintanilla [30/May/2021:09:26:07 -0500] "CONNECT add0n.com:443 HTTP/1.1" 200 0 "HTTPS" "outgoing via 192.168.50.30"
192.168.6.15 - jcarrillo [30/May/2021:09:26:09 -0500] "POST http://149.154.175.55:80/api HTTP/1.1" 200 395 "HTTP" ""
192.168.1.29 - rquintanilla [30/May/2021:09:26:09 -0500] "CONNECT www.youtube.com:443 HTTP/1.1" 200 0 "HTTPS" "outgoing via 192.168.50.30"
192.168.1.29 - rquintanilla [30/May/2021:09:26:09 -0500] "CONNECT cdn.add0n.com:443 HTTP/1.1" 200 0 "HTTPS" "outgoing via 192.168.50.30"
192.168.1.29 - rquintanilla [30/May/2021:09:26:09 -0500] "CONNECT cdn.add0n.com:443 HTTP/1.1" 200 0 "HTTPS" "outgoing via 192.168.50.30"
192.168.1.29 - rquintanilla [30/May/2021:09:26:09 -0500] "CONNECT cdn.add0n.com:443 HTTP/1.1" 200 0 "HTTPS" "outgoing via 192.168.50.30"
192.168.1.29 - rquintanilla [30/May/2021:09:26:09 -0500] "CONNECT utils.add0n.com:443 HTTP/1.1" 200 0 "HTTPS" "outgoing via 192.168.50.30"
192.168.1.29 - rquintanilla [30/May/2021:09:26:09 -0500] "CONNECT cdn.add0n.com:443 HTTP/1.1" 200 0 "HTTPS" "outgoing via 192.168.50.30"
192.168.1.29 - rquintanilla [30/May/2021:09:26:09 -0500] "CONNECT www.googletagmanager.com:443 HTTP/1.1" 200 0 "HTTPS" "outgoing via 192.168.50.30"
192.168.6.15 - jcarrillo [30/May/2021:09:26:09 -0500] "POST http://149.154.175.55:80/api HTTP/1.1" 200 395 "HTTP" ""
192.168.1.29 - rquintanilla [30/May/2021:09:26:09 -0500] "POST http://ocsp.pki.goog/gts1o1 HTTP/1.1" 200 850 "HTTP" ""
192.168.1.29 - rquintanilla [30/May/2021:09:26:09 -0500] "POST http://ocsp.digicert.com/ HTTP/1.1" 200 947 "HTTP" ""
192.168.1.29 - rquintanilla [30/May/2021:09:26:10 -0500] "CONNECT pagead2.googlesyndication.com:443 HTTP/1.1" 200 0 "HTTPS" "outgoing via 192.168.50.30"
192.168.1.29 - rquintanilla [30/May/2021:09:26:10 -0500] "CONNECT cdn.add0n.com:443 HTTP/1.1" 200 0 "HTTPS" "outgoing via 192.168.50.30"
192.168.50.100 - servidores [30/May/2021:09:26:10 -0500] "GET http://mirror.ueb.edu.ec/centos/7.9.2009/os/x86_64/repodata/repomd.xml HTTP/1.1" 200 4142 "HTTP" ""
